[2024-11-19 18:23:30]
MemTotal:        1858332 kB
MemFree:           61716 kB
Buffers:             436 kB
Cached:           208264 kB
SwapCached:        12772 kB
Active:           969000 kB
Inactive:         360316 kB
Active(anon):     914572 kB
Inactive(anon):   305856 kB
Active(file):      54428 kB
Inactive(file):    54460 kB
Unevictable:       99496 kB
Mlocked:           94212 kB
SwapTotal:        520908 kB
SwapFree:         372980 kB
Dirty:                 0 kB
Writeback:             0 kB
AnonPages:       1218900 kB
Mapped:           134416 kB
Shmem:               564 kB
Slab:              77524 kB
SReclaimable:      24876 kB
SUnreclaim:        52648 kB
KernelStack:       14752 kB
PageTables:        15692 kB
NFS_Unstable:          0 kB
Bounce:                0 kB
WritebackTmp:          0 kB
CommitLimit:     1450072 kB
Committed_AS:   22059424 kB
VmallocTotal:   251658176 kB
VmallocUsed:       94264 kB
VmallocChunk:   251482716 kB


[2024-11-19 18:23:30]
MemTotal:        1858332 kB
MemFree:           64076 kB
Buffers:             436 kB
Cached:           212680 kB
SwapCached:        12796 kB
Active:           963164 kB
Inactive:         364360 kB
Active(anon):     908736 kB
Inactive(anon):   305640 kB
Active(file):      54428 kB
Inactive(file):    58720 kB
Unevictable:       99496 kB
Mlocked:           94212 kB
SwapTotal:        520908 kB
SwapFree:         372988 kB
Dirty:                 0 kB
Writeback:             0 kB
AnonPages:       1213108 kB
Mapped:           134116 kB
Shmem:               564 kB
Slab:              77468 kB
SReclaimable:      24876 kB
SUnreclaim:        52592 kB
KernelStack:       14832 kB
PageTables:        15708 kB
NFS_Unstable:          0 kB
Bounce:                0 kB
WritebackTmp:          0 kB
CommitLimit:     1450072 kB
Committed_AS:   22059476 kB
VmallocTotal:   251658176 kB
VmallocUsed:       94264 kB
VmallocChunk:   251482716 kB


[2024-11-19 18:23:30]
MemTotal:        1858332 kB
MemFree:           63972 kB
Buffers:             436 kB
Cached:           213180 kB
SwapCached:        12796 kB
Active:           963388 kB
Inactive:         364860 kB
Active(anon):     908960 kB
Inactive(anon):   305496 kB
Active(file):      54428 kB
Inactive(file):    59364 kB
Unevictable:       99496 kB
Mlocked:           94212 kB
SwapTotal:        520908 kB
SwapFree:         373000 kB
Dirty:                 0 kB
Writeback:             0 kB
AnonPages:       1212852 kB
Mapped:           134236 kB
Shmem:               564 kB
Slab:              77476 kB
SReclaimable:      24876 kB
SUnreclaim:        52600 kB
KernelStack:       14800 kB
PageTables:        15696 kB
NFS_Unstable:          0 kB
Bounce:                0 kB
WritebackTmp:          0 kB
CommitLimit:     1450072 kB
Committed_AS:   22059588 kB
VmallocTotal:   251658176 kB
VmallocUsed:       94264 kB
VmallocChunk:   251482716 kB


[2024-11-19 18:23:30]
MemTotal:        1858332 kB
MemFree:           55180 kB
Buffers:             440 kB
Cached:           200388 kB
SwapCached:        12792 kB
Active:           969520 kB
Inactive:         358880 kB
Active(anon):     920528 kB
Inactive(anon):   306852 kB
Active(file):      48992 kB
Inactive(file):    52028 kB
Unevictable:       99496 kB
Mlocked:           94212 kB
SwapTotal:        520908 kB
SwapFree:         372400 kB
Dirty:                80 kB
Writeback:             0 kB
AnonPages:       1225992 kB
Mapped:           141692 kB
Shmem:               568 kB
Slab:              77416 kB
SReclaimable:      24876 kB
SUnreclaim:        52540 kB
KernelStack:       15168 kB
PageTables:        16560 kB
NFS_Unstable:          0 kB
Bounce:                0 kB
WritebackTmp:          0 kB
CommitLimit:     1450072 kB
Committed_AS:   23981296 kB
VmallocTotal:   251658176 kB
VmallocUsed:       96504 kB
VmallocChunk:   251482716 kB


[2024-11-19 18:23:30]
MemTotal:        1858332 kB
MemFree:           53240 kB
Buffers:             440 kB
Cached:           201724 kB
SwapCached:        12792 kB
Active:           969800 kB
Inactive:         360192 kB
Active(anon):     920808 kB
Inactive(anon):   306860 kB
Active(file):      48992 kB
Inactive(file):    53332 kB
Unevictable:       99496 kB
Mlocked:           94212 kB
SwapTotal:        520908 kB
SwapFree:         372520 kB
Dirty:                80 kB
Writeback:             0 kB
AnonPages:       1226016 kB
Mapped:           141904 kB
Shmem:               568 kB
Slab:              77416 kB
SReclaimable:      24876 kB
SUnreclaim:        52540 kB
KernelStack:       15120 kB
PageTables:        16616 kB
NFS_Unstable:          0 kB
Bounce:                0 kB
WritebackTmp:          0 kB
CommitLimit:     1450072 kB
Committed_AS:   23981216 kB
VmallocTotal:   251658176 kB
VmallocUsed:       96504 kB
VmallocChunk:   251482716 kB


[2024-11-19 18:23:30]
MemTotal:        1858332 kB
MemFree:           52936 kB
Buffers:             448 kB
Cached:           201716 kB
SwapCached:        12792 kB
Active:           969900 kB
Inactive:         360192 kB
Active(anon):     920908 kB
Inactive(anon):   306860 kB
Active(file):      48992 kB
Inactive(file):    53332 kB
Unevictable:       99496 kB
Mlocked:           94212 kB
SwapTotal:        520908 kB
SwapFree:         372524 kB
Dirty:                 0 kB
Writeback:            68 kB
AnonPages:       1226280 kB
Mapped:           141912 kB
Shmem:               568 kB
Slab:              77416 kB
SReclaimable:      24876 kB
SUnreclaim:        52540 kB
KernelStack:       15120 kB
PageTables:        16588 kB
NFS_Unstable:          0 kB
Bounce:                0 kB
WritebackTmp:          0 kB
CommitLimit:     1450072 kB
Committed_AS:   23981412 kB
VmallocTotal:   251658176 kB
VmallocUsed:       96504 kB
VmallocChunk:   251482716 kB


[2024-11-19 18:23:30]
MemTotal:        1858332 kB
MemFree:           52632 kB
Buffers:             448 kB
Cached:           201724 kB
SwapCached:        12792 kB
Active:           970112 kB
Inactive:         360236 kB
Active(anon):     921120 kB
Inactive(anon):   306864 kB
Active(file):      48992 kB
Inactive(file):    53372 kB
Unevictable:       99496 kB
Mlocked:           94212 kB
SwapTotal:        520908 kB
SwapFree:         372524 kB
Dirty:                24 kB
Writeback:             0 kB
AnonPages:       1226412 kB
Mapped:           141912 kB
Shmem:               568 kB
Slab:              77416 kB
SReclaimable:      24876 kB
SUnreclaim:        52540 kB
KernelStack:       15120 kB
PageTables:        16620 kB
NFS_Unstable:          0 kB
Bounce:                0 kB
WritebackTmp:          0 kB
CommitLimit:     1450072 kB
Committed_AS:   23981320 kB
VmallocTotal:   251658176 kB
VmallocUsed:       96504 kB
VmallocChunk:   251482716 kB


[2024-11-19 18:23:30]
MemTotal:        1858332 kB
MemFree:           53852 kB
Buffers:             448 kB
Cached:           201724 kB
SwapCached:        12792 kB
Active:           968936 kB
Inactive:         360236 kB
Active(anon):     919940 kB
Inactive(anon):   306868 kB
Active(file):      48996 kB
Inactive(file):    53368 kB
Unevictable:       99496 kB
Mlocked:           94212 kB
SwapTotal:        520908 kB
SwapFree:         372528 kB
Dirty:                24 kB
Writeback:             0 kB
AnonPages:       1225536 kB
Mapped:           141792 kB
Shmem:               568 kB
Slab:              77416 kB
SReclaimable:      24876 kB
SUnreclaim:        52540 kB
KernelStack:       15120 kB
PageTables:        16604 kB
NFS_Unstable:          0 kB
Bounce:                0 kB
WritebackTmp:          0 kB
CommitLimit:     1450072 kB
Committed_AS:   23981268 kB
VmallocTotal:   251658176 kB
VmallocUsed:       96504 kB
VmallocChunk:   251482716 kB


[2024-11-19 18:23:30]
MemTotal:        1858332 kB
MemFree:           53492 kB
Buffers:             448 kB
Cached:           201724 kB
SwapCached:        12792 kB
Active:           968924 kB
Inactive:         360236 kB
Active(anon):     919928 kB
Inactive(anon):   306868 kB
Active(file):      48996 kB
Inactive(file):    53368 kB
Unevictable:       99496 kB
Mlocked:           94212 kB
SwapTotal:        520908 kB
SwapFree:         372528 kB
Dirty:                 0 kB
Writeback:             0 kB
AnonPages:       1225452 kB
Mapped:           141800 kB
Shmem:               568 kB
Slab:              77416 kB
SReclaimable:      24876 kB
SUnreclaim:        52540 kB
KernelStack:       15120 kB
PageTables:        16604 kB
NFS_Unstable:          0 kB
Bounce:                0 kB
WritebackTmp:          0 kB
CommitLimit:     1450072 kB
Committed_AS:   23981344 kB
VmallocTotal:   251658176 kB
VmallocUsed:       96504 kB
VmallocChunk:   251482716 kB


[2024-11-19 18:23:30]
MemTotal:        1858332 kB
MemFree:           52956 kB
Buffers:             448 kB
Cached:           202332 kB
SwapCached:        12800 kB
Active:           969276 kB
Inactive:         360532 kB
Active(anon):     920280 kB
Inactive(anon):   306552 kB
Active(file):      48996 kB
Inactive(file):    53980 kB
Unevictable:       99496 kB
Mlocked:           94212 kB
SwapTotal:        520908 kB
SwapFree:         372580 kB
Dirty:                 0 kB
Writeback:             0 kB
AnonPages:       1225400 kB
Mapped:           141640 kB
Shmem:               568 kB
Slab:              77416 kB
SReclaimable:      24876 kB
SUnreclaim:        52540 kB
KernelStack:       15136 kB
PageTables:        16592 kB
NFS_Unstable:          0 kB
Bounce:                0 kB
WritebackTmp:          0 kB
CommitLimit:     1450072 kB
Committed_AS:   23981456 kB
VmallocTotal:   251658176 kB
VmallocUsed:       96504 kB
VmallocChunk:   251482716 kB


[2024-11-19 18:23:30]
MemTotal:        1858332 kB
MemFree:           50836 kB
Buffers:             484 kB
Cached:           204088 kB
SwapCached:        12856 kB
Active:           969580 kB
Inactive:         361876 kB
Active(anon):     920488 kB
Inactive(anon):   306924 kB
Active(file):      49092 kB
Inactive(file):    54952 kB
Unevictable:       99496 kB
Mlocked:           94212 kB
SwapTotal:        520908 kB
SwapFree:         372620 kB
Dirty:                 0 kB
Writeback:             0 kB
AnonPages:       1225928 kB
Mapped:           142912 kB
Shmem:               568 kB
Slab:              77416 kB
SReclaimable:      24876 kB
SUnreclaim:        52540 kB
KernelStack:       15168 kB
PageTables:        16584 kB
NFS_Unstable:          0 kB
Bounce:                0 kB
WritebackTmp:          0 kB
CommitLimit:     1450072 kB
Committed_AS:   23983628 kB
VmallocTotal:   251658176 kB
VmallocUsed:       96504 kB
VmallocChunk:   251482716 kB


[2024-11-19 18:23:32]
MemTotal:        1858332 kB
MemFree:           46496 kB
Buffers:             456 kB
Cached:           202356 kB
SwapCached:        12764 kB
Active:           983500 kB
Inactive:         354076 kB
Active(anon):     926552 kB
Inactive(anon):   308076 kB
Active(file):      56948 kB
Inactive(file):    46000 kB
Unevictable:       99496 kB
Mlocked:           94212 kB
SwapTotal:        520908 kB
SwapFree:         372708 kB
Dirty:                 0 kB
Writeback:             0 kB
AnonPages:       1233104 kB
Mapped:           147308 kB
Shmem:               568 kB
Slab:              77424 kB
SReclaimable:      24860 kB
SUnreclaim:        52564 kB
KernelStack:       15328 kB
PageTables:        16756 kB
NFS_Unstable:          0 kB
Bounce:                0 kB
WritebackTmp:          0 kB
CommitLimit:     1450072 kB
Committed_AS:   24094404 kB
VmallocTotal:   251658176 kB
VmallocUsed:       96504 kB
VmallocChunk:   251482716 kB


[2024-11-19 18:23:34]
MemTotal:        1858332 kB
MemFree:           49968 kB
Buffers:             456 kB
Cached:           197860 kB
SwapCached:        12716 kB
Active:           977360 kB
Inactive:         355152 kB
Active(anon):     925320 kB
Inactive(anon):   308632 kB
Active(file):      52040 kB
Inactive(file):    46520 kB
Unevictable:       99496 kB
Mlocked:           94212 kB
SwapTotal:        520908 kB
SwapFree:         372156 kB
Dirty:                 0 kB
Writeback:             0 kB
AnonPages:       1232484 kB
Mapped:           147324 kB
Shmem:               568 kB
Slab:              77424 kB
SReclaimable:      24860 kB
SUnreclaim:        52564 kB
KernelStack:       15328 kB
PageTables:        16756 kB
NFS_Unstable:          0 kB
Bounce:                0 kB
WritebackTmp:          0 kB
CommitLimit:     1450072 kB
Committed_AS:   24102676 kB
VmallocTotal:   251658176 kB
VmallocUsed:       96504 kB
VmallocChunk:   251482716 kB


[2024-11-19 18:23:37]
MemTotal:        1858332 kB
MemFree:           48056 kB
Buffers:             456 kB
Cached:           199076 kB
SwapCached:        12728 kB
Active:           978516 kB
Inactive:         356092 kB
Active(anon):     926208 kB
Inactive(anon):   308672 kB
Active(file):      52308 kB
Inactive(file):    47420 kB
Unevictable:       99496 kB
Mlocked:           94212 kB
SwapTotal:        520908 kB
SwapFree:         372220 kB
Dirty:                 0 kB
Writeback:             0 kB
AnonPages:       1233496 kB
Mapped:           147808 kB
Shmem:               564 kB
Slab:              77432 kB
SReclaimable:      24844 kB
SUnreclaim:        52588 kB
KernelStack:       15328 kB
PageTables:        16756 kB
NFS_Unstable:          0 kB
Bounce:                0 kB
WritebackTmp:          0 kB
CommitLimit:     1450072 kB
Committed_AS:   24102592 kB
VmallocTotal:   251658176 kB
VmallocUsed:       96504 kB
VmallocChunk:   251482716 kB


[2024-11-19 18:23:39]
MemTotal:        1858332 kB
MemFree:           47192 kB
Buffers:             456 kB
Cached:           199528 kB
SwapCached:        12740 kB
Active:           978920 kB
Inactive:         356500 kB
Active(anon):     926556 kB
Inactive(anon):   308684 kB
Active(file):      52364 kB
Inactive(file):    47816 kB
Unevictable:       99496 kB
Mlocked:           94212 kB
SwapTotal:        520908 kB
SwapFree:         372220 kB
Dirty:                 0 kB
Writeback:             0 kB
AnonPages:       1233780 kB
Mapped:           147832 kB
Shmem:               564 kB
Slab:              77440 kB
SReclaimable:      24844 kB
SUnreclaim:        52596 kB
KernelStack:       15328 kB
PageTables:        16764 kB
NFS_Unstable:          0 kB
Bounce:                0 kB
WritebackTmp:          0 kB
CommitLimit:     1450072 kB
Committed_AS:   24094556 kB
VmallocTotal:   251658176 kB
VmallocUsed:       96504 kB
VmallocChunk:   251482716 kB


[2024-11-19 18:23:41]
MemTotal:        1858332 kB
MemFree:           46724 kB
Buffers:             456 kB
Cached:           199528 kB
SwapCached:        12740 kB
Active:           979116 kB
Inactive:         356480 kB
Active(anon):     926752 kB
Inactive(anon):   308664 kB
Active(file):      52364 kB
Inactive(file):    47816 kB
Unevictable:       99496 kB
Mlocked:           94212 kB
SwapTotal:        520908 kB
SwapFree:         372220 kB
Dirty:                 0 kB
Writeback:             0 kB
AnonPages:       1233948 kB
Mapped:           147832 kB
Shmem:               564 kB
Slab:              77440 kB
SReclaimable:      24844 kB
SUnreclaim:        52596 kB
KernelStack:       15328 kB
PageTables:        16764 kB
NFS_Unstable:          0 kB
Bounce:                0 kB
WritebackTmp:          0 kB
CommitLimit:     1450072 kB
Committed_AS:   24102668 kB
VmallocTotal:   251658176 kB
VmallocUsed:       96504 kB
VmallocChunk:   251482716 kB


[2024-11-19 18:23:43]
MemTotal:        1858332 kB
MemFree:           46552 kB
Buffers:             456 kB
Cached:           199728 kB
SwapCached:        12732 kB
Active:           979440 kB
Inactive:         356672 kB
Active(anon):     927076 kB
Inactive(anon):   308656 kB
Active(file):      52364 kB
Inactive(file):    48016 kB
Unevictable:       99496 kB
Mlocked:           94212 kB
SwapTotal:        520908 kB
SwapFree:         372228 kB
Dirty:                 0 kB
Writeback:             0 kB
AnonPages:       1234392 kB
Mapped:           147664 kB
Shmem:               564 kB
Slab:              77440 kB
SReclaimable:      24844 kB
SUnreclaim:        52596 kB
KernelStack:       15328 kB
PageTables:        16764 kB
NFS_Unstable:          0 kB
Bounce:                0 kB
WritebackTmp:          0 kB
CommitLimit:     1450072 kB
Committed_AS:   24094576 kB
VmallocTotal:   251658176 kB
VmallocUsed:       96504 kB
VmallocChunk:   251482716 kB


[2024-11-19 18:23:45]
MemTotal:        1858332 kB
MemFree:           46524 kB
Buffers:             456 kB
Cached:           199936 kB
SwapCached:        12752 kB
Active:           979516 kB
Inactive:         356944 kB
Active(anon):     927152 kB
Inactive(anon):   308720 kB
Active(file):      52364 kB
Inactive(file):    48224 kB
Unevictable:       99496 kB
Mlocked:           94212 kB
SwapTotal:        520908 kB
SwapFree:         372272 kB
Dirty:                 0 kB
Writeback:             0 kB
AnonPages:       1234360 kB
Mapped:           147872 kB
Shmem:               564 kB
Slab:              77440 kB
SReclaimable:      24844 kB
SUnreclaim:        52596 kB
KernelStack:       15328 kB
PageTables:        16764 kB
NFS_Unstable:          0 kB
Bounce:                0 kB
WritebackTmp:          0 kB
CommitLimit:     1450072 kB
Committed_AS:   24102548 kB
VmallocTotal:   251658176 kB
VmallocUsed:       96504 kB
VmallocChunk:   251482716 kB


[2024-11-19 18:23:48]
MemTotal:        1858332 kB
MemFree:           46068 kB
Buffers:             456 kB
Cached:           199936 kB
SwapCached:        12752 kB
Active:           979748 kB
Inactive:         356944 kB
Active(anon):     927384 kB
Inactive(anon):   308720 kB
Active(file):      52364 kB
Inactive(file):    48224 kB
Unevictable:       99496 kB
Mlocked:           94212 kB
SwapTotal:        520908 kB
SwapFree:         372272 kB
Dirty:                 0 kB
Writeback:             0 kB
AnonPages:       1234712 kB
Mapped:           147688 kB
Shmem:               564 kB
Slab:              77440 kB
SReclaimable:      24844 kB
SUnreclaim:        52596 kB
KernelStack:       15328 kB
PageTables:        16764 kB
NFS_Unstable:          0 kB
Bounce:                0 kB
WritebackTmp:          0 kB
CommitLimit:     1450072 kB
Committed_AS:   24102468 kB
VmallocTotal:   251658176 kB
VmallocUsed:       96504 kB
VmallocChunk:   251482716 kB


[2024-11-19 18:23:50]
MemTotal:        1858332 kB
MemFree:           45772 kB
Buffers:             456 kB
Cached:           200644 kB
SwapCached:        12752 kB
Active:           979540 kB
Inactive:         357576 kB
Active(anon):     927176 kB
Inactive(anon):   308700 kB
Active(file):      52364 kB
Inactive(file):    48876 kB
Unevictable:       99496 kB
Mlocked:           94212 kB
SwapTotal:        520908 kB
SwapFree:         372272 kB
Dirty:                 0 kB
Writeback:             0 kB
AnonPages:       1234360 kB
Mapped:           147880 kB
Shmem:               564 kB
Slab:              77440 kB
SReclaimable:      24844 kB
SUnreclaim:        52596 kB
KernelStack:       15328 kB
PageTables:        16764 kB
NFS_Unstable:          0 kB
Bounce:                0 kB
WritebackTmp:          0 kB
CommitLimit:     1450072 kB
Committed_AS:   24102656 kB
VmallocTotal:   251658176 kB
VmallocUsed:       96504 kB
VmallocChunk:   251482716 kB


[2024-11-19 18:23:52]
MemTotal:        1858332 kB
MemFree:           47504 kB
Buffers:             444 kB
Cached:           198296 kB
SwapCached:        12720 kB
Active:           978804 kB
Inactive:         356064 kB
Active(anon):     927024 kB
Inactive(anon):   309008 kB
Active(file):      51780 kB
Inactive(file):    47056 kB
Unevictable:       99496 kB
Mlocked:           94212 kB
SwapTotal:        520908 kB
SwapFree:         372132 kB
Dirty:                 0 kB
Writeback:             0 kB
AnonPages:       1234636 kB
Mapped:           147880 kB
Shmem:               564 kB
Slab:              77440 kB
SReclaimable:      24844 kB
SUnreclaim:        52596 kB
KernelStack:       15328 kB
PageTables:        16764 kB
NFS_Unstable:          0 kB
Bounce:                0 kB
WritebackTmp:          0 kB
CommitLimit:     1450072 kB
Committed_AS:   24102528 kB
VmallocTotal:   251658176 kB
VmallocUsed:       96504 kB
VmallocChunk:   251482716 kB


[2024-11-19 18:23:54]
MemTotal:        1858332 kB
MemFree:           47632 kB
Buffers:             444 kB
Cached:           198192 kB
SwapCached:        12720 kB
Active:           978700 kB
Inactive:         356208 kB
Active(anon):     927016 kB
Inactive(anon):   309060 kB
Active(file):      51684 kB
Inactive(file):    47148 kB
Unevictable:       99496 kB
Mlocked:           94212 kB
SwapTotal:        520908 kB
SwapFree:         372132 kB
Dirty:                 0 kB
Writeback:             0 kB
AnonPages:       1234612 kB
Mapped:           147880 kB
Shmem:               564 kB
Slab:              77440 kB
SReclaimable:      24844 kB
SUnreclaim:        52596 kB
KernelStack:       15328 kB
PageTables:        16764 kB
NFS_Unstable:          0 kB
Bounce:                0 kB
WritebackTmp:          0 kB
CommitLimit:     1450072 kB
Committed_AS:   24102636 kB
VmallocTotal:   251658176 kB
VmallocUsed:       96504 kB
VmallocChunk:   251482716 kB


[2024-11-19 18:23:56]
MemTotal:        1858332 kB
MemFree:           47856 kB
Buffers:             444 kB
Cached:           198192 kB
SwapCached:        12720 kB
Active:           978684 kB
Inactive:         356076 kB
Active(anon):     926992 kB
Inactive(anon):   308936 kB
Active(file):      51692 kB
Inactive(file):    47140 kB
Unevictable:       99496 kB
Mlocked:           94212 kB
SwapTotal:        520908 kB
SwapFree:         372132 kB
Dirty:                 0 kB
Writeback:             0 kB
AnonPages:       1234236 kB
Mapped:           147880 kB
Shmem:               564 kB
Slab:              77440 kB
SReclaimable:      24844 kB
SUnreclaim:        52596 kB
KernelStack:       15328 kB
PageTables:        16764 kB
NFS_Unstable:          0 kB
Bounce:                0 kB
WritebackTmp:          0 kB
CommitLimit:     1450072 kB
Committed_AS:   24102464 kB
VmallocTotal:   251658176 kB
VmallocUsed:       96504 kB
VmallocChunk:   251482716 kB


[2024-11-19 18:23:59]
MemTotal:        1858332 kB
MemFree:           48164 kB
Buffers:             444 kB
Cached:           198308 kB
SwapCached:        12720 kB
Active:           979208 kB
Inactive:         356096 kB
Active(anon):     927516 kB
Inactive(anon):   308840 kB
Active(file):      51692 kB
Inactive(file):    47256 kB
Unevictable:       99496 kB
Mlocked:           94212 kB
SwapTotal:        520908 kB
SwapFree:         372132 kB
Dirty:                 0 kB
Writeback:             0 kB
AnonPages:       1234976 kB
Mapped:           147932 kB
Shmem:               564 kB
Slab:              77320 kB
SReclaimable:      24732 kB
SUnreclaim:        52588 kB
KernelStack:       15328 kB
PageTables:        16768 kB
NFS_Unstable:          0 kB
Bounce:                0 kB
WritebackTmp:          0 kB
CommitLimit:     1450072 kB
Committed_AS:   24102396 kB
VmallocTotal:   251658176 kB
VmallocUsed:       96504 kB
VmallocChunk:   251482716 kB


[2024-11-19 18:24:01]
MemTotal:        1858332 kB
MemFree:           48200 kB
Buffers:             444 kB
Cached:           198308 kB
SwapCached:        12720 kB
Active:           979316 kB
Inactive:         356096 kB
Active(anon):     927624 kB
Inactive(anon):   308840 kB
Active(file):      51692 kB
Inactive(file):    47256 kB
Unevictable:       99496 kB
Mlocked:           94212 kB
SwapTotal:        520908 kB
SwapFree:         372132 kB
Dirty:                 0 kB
Writeback:             0 kB
AnonPages:       1235232 kB
Mapped:           147888 kB
Shmem:               564 kB
Slab:              77320 kB
SReclaimable:      24732 kB
SUnreclaim:        52588 kB
KernelStack:       15328 kB
PageTables:        16764 kB
NFS_Unstable:          0 kB
Bounce:                0 kB
WritebackTmp:          0 kB
CommitLimit:     1450072 kB
Committed_AS:   24102448 kB
VmallocTotal:   251658176 kB
VmallocUsed:       96504 kB
VmallocChunk:   251482716 kB


[2024-11-19 18:24:04]
MemTotal:        1858332 kB
MemFree:           47956 kB
Buffers:             444 kB
Cached:           198308 kB
SwapCached:        12720 kB
Active:           979364 kB
Inactive:         356096 kB
Active(anon):     927672 kB
Inactive(anon):   308840 kB
Active(file):      51692 kB
Inactive(file):    47256 kB
Unevictable:       99496 kB
Mlocked:           94212 kB
SwapTotal:        520908 kB
SwapFree:         372132 kB
Dirty:                 0 kB
Writeback:             0 kB
AnonPages:       1235024 kB
Mapped:           147872 kB
Shmem:               564 kB
Slab:              77320 kB
SReclaimable:      24732 kB
SUnreclaim:        52588 kB
KernelStack:       15360 kB
PageTables:        16788 kB
NFS_Unstable:          0 kB
Bounce:                0 kB
WritebackTmp:          0 kB
CommitLimit:     1450072 kB
Committed_AS:   24102440 kB
VmallocTotal:   251658176 kB
VmallocUsed:       96504 kB
VmallocChunk:   251482716 kB


[2024-11-19 18:24:07]
MemTotal:        1858332 kB
MemFree:           47348 kB
Buffers:             444 kB
Cached:           198308 kB
SwapCached:        12720 kB
Active:           979572 kB
Inactive:         356096 kB
Active(anon):     927880 kB
Inactive(anon):   308840 kB
Active(file):      51692 kB
Inactive(file):    47256 kB
Unevictable:       99496 kB
Mlocked:           94212 kB
SwapTotal:        520908 kB
SwapFree:         372132 kB
Dirty:                 0 kB
Writeback:             0 kB
AnonPages:       1235420 kB
Mapped:           147888 kB
Shmem:               564 kB
Slab:              77320 kB
SReclaimable:      24732 kB
SUnreclaim:        52588 kB
KernelStack:       15328 kB
PageTables:        16764 kB
NFS_Unstable:          0 kB
Bounce:                0 kB
WritebackTmp:          0 kB
CommitLimit:     1450072 kB
Committed_AS:   24102328 kB
VmallocTotal:   251658176 kB
VmallocUsed:       96504 kB
VmallocChunk:   251482716 kB


[2024-11-19 18:24:09]
MemTotal:        1858332 kB
MemFree:           47112 kB
Buffers:             444 kB
Cached:           198308 kB
SwapCached:        12720 kB
Active:           979684 kB
Inactive:         356096 kB
Active(anon):     927992 kB
Inactive(anon):   308840 kB
Active(file):      51692 kB
Inactive(file):    47256 kB
Unevictable:       99496 kB
Mlocked:           94212 kB
SwapTotal:        520908 kB
SwapFree:         372132 kB
Dirty:                 0 kB
Writeback:             0 kB
AnonPages:       1235464 kB
Mapped:           147892 kB
Shmem:               564 kB
Slab:              77320 kB
SReclaimable:      24732 kB
SUnreclaim:        52588 kB
KernelStack:       15360 kB
PageTables:        16800 kB
NFS_Unstable:          0 kB
Bounce:                0 kB
WritebackTmp:          0 kB
CommitLimit:     1450072 kB
Committed_AS:   24102496 kB
VmallocTotal:   251658176 kB
VmallocUsed:       96504 kB
VmallocChunk:   251482716 kB


[2024-11-19 18:24:12]
MemTotal:        1858332 kB
MemFree:           47116 kB
Buffers:             444 kB
Cached:           198308 kB
SwapCached:        12720 kB
Active:           980068 kB
Inactive:         356096 kB
Active(anon):     928376 kB
Inactive(anon):   308840 kB
Active(file):      51692 kB
Inactive(file):    47256 kB
Unevictable:       99496 kB
Mlocked:           94212 kB
SwapTotal:        520908 kB
SwapFree:         372132 kB
Dirty:                 0 kB
Writeback:             0 kB
AnonPages:       1235564 kB
Mapped:           147888 kB
Shmem:               564 kB
Slab:              77320 kB
SReclaimable:      24732 kB
SUnreclaim:        52588 kB
KernelStack:       15328 kB
PageTables:        16764 kB
NFS_Unstable:          0 kB
Bounce:                0 kB
WritebackTmp:          0 kB
CommitLimit:     1450072 kB
Committed_AS:   24102464 kB
VmallocTotal:   251658176 kB
VmallocUsed:       96504 kB
VmallocChunk:   251482716 kB


[2024-11-19 18:24:14]
MemTotal:        1858332 kB
MemFree:           47068 kB
Buffers:             444 kB
Cached:           198308 kB
SwapCached:        12720 kB
Active:           980168 kB
Inactive:         356096 kB
Active(anon):     928476 kB
Inactive(anon):   308840 kB
Active(file):      51692 kB
Inactive(file):    47256 kB
Unevictable:       99496 kB
Mlocked:           94212 kB
SwapTotal:        520908 kB
SwapFree:         372132 kB
Dirty:                 0 kB
Writeback:             0 kB
AnonPages:       1235992 kB
Mapped:           147908 kB
Shmem:               564 kB
Slab:              77320 kB
SReclaimable:      24732 kB
SUnreclaim:        52588 kB
KernelStack:       15360 kB
PageTables:        16796 kB
NFS_Unstable:          0 kB
Bounce:                0 kB
WritebackTmp:          0 kB
CommitLimit:     1450072 kB
Committed_AS:   24102448 kB
VmallocTotal:   251658176 kB
VmallocUsed:       96504 kB
VmallocChunk:   251482716 kB


[2024-11-19 18:24:17]
MemTotal:        1858332 kB
MemFree:           46940 kB
Buffers:             444 kB
Cached:           198340 kB
SwapCached:        12720 kB
Active:           980444 kB
Inactive:         355848 kB
Active(anon):     928752 kB
Inactive(anon):   308592 kB
Active(file):      51692 kB
Inactive(file):    47256 kB
Unevictable:       99496 kB
Mlocked:           94212 kB
SwapTotal:        520908 kB
SwapFree:         372164 kB
Dirty:                 0 kB
Writeback:             0 kB
AnonPages:       1235992 kB
Mapped:           147704 kB
Shmem:               564 kB
Slab:              77320 kB
SReclaimable:      24732 kB
SUnreclaim:        52588 kB
KernelStack:       15328 kB
PageTables:        16764 kB
NFS_Unstable:          0 kB
Bounce:                0 kB
WritebackTmp:          0 kB
CommitLimit:     1450072 kB
Committed_AS:   24102532 kB
VmallocTotal:   251658176 kB
VmallocUsed:       96504 kB
VmallocChunk:   251482716 kB


[2024-11-19 18:24:19]
MemTotal:        1858332 kB
MemFree:           46956 kB
Buffers:             444 kB
Cached:           198340 kB
SwapCached:        12720 kB
Active:           980260 kB
Inactive:         355812 kB
Active(anon):     928568 kB
Inactive(anon):   308524 kB
Active(file):      51692 kB
Inactive(file):    47288 kB
Unevictable:       99496 kB
Mlocked:           94212 kB
SwapTotal:        520908 kB
SwapFree:         372164 kB
Dirty:                 0 kB
Writeback:             0 kB
AnonPages:       1235620 kB
Mapped:           147724 kB
Shmem:               564 kB
Slab:              77320 kB
SReclaimable:      24732 kB
SUnreclaim:        52588 kB
KernelStack:       15328 kB
PageTables:        16784 kB
NFS_Unstable:          0 kB
Bounce:                0 kB
WritebackTmp:          0 kB
CommitLimit:     1450072 kB
Committed_AS:   24102580 kB
VmallocTotal:   251658176 kB
VmallocUsed:       96504 kB
VmallocChunk:   251482716 kB


[2024-11-19 18:24:22]
MemTotal:        1858332 kB
MemFree:           47352 kB
Buffers:             444 kB
Cached:           198340 kB
SwapCached:        12720 kB
Active:           980632 kB
Inactive:         355812 kB
Active(anon):     928940 kB
Inactive(anon):   308524 kB
Active(file):      51692 kB
Inactive(file):    47288 kB
Unevictable:       99496 kB
Mlocked:           94212 kB
SwapTotal:        520908 kB
SwapFree:         372164 kB
Dirty:                 0 kB
Writeback:             0 kB
AnonPages:       1235988 kB
Mapped:           147892 kB
Shmem:               564 kB
Slab:              77320 kB
SReclaimable:      24732 kB
SUnreclaim:        52588 kB
KernelStack:       15328 kB
PageTables:        16788 kB
NFS_Unstable:          0 kB
Bounce:                0 kB
WritebackTmp:          0 kB
CommitLimit:     1450072 kB
Committed_AS:   24102488 kB
VmallocTotal:   251658176 kB
VmallocUsed:       96504 kB
VmallocChunk:   251482716 kB


[2024-11-19 18:24:25]
MemTotal:        1858332 kB
MemFree:           47324 kB
Buffers:             444 kB
Cached:           198340 kB
SwapCached:        12720 kB
Active:           980520 kB
Inactive:         355812 kB
Active(anon):     928828 kB
Inactive(anon):   308524 kB
Active(file):      51692 kB
Inactive(file):    47288 kB
Unevictable:       99496 kB
Mlocked:           94212 kB
SwapTotal:        520908 kB
SwapFree:         372164 kB
Dirty:                 0 kB
Writeback:             0 kB
AnonPages:       1236128 kB
Mapped:           147888 kB
Shmem:               564 kB
Slab:              77320 kB
SReclaimable:      24732 kB
SUnreclaim:        52588 kB
KernelStack:       15296 kB
PageTables:        16764 kB
NFS_Unstable:          0 kB
Bounce:                0 kB
WritebackTmp:          0 kB
CommitLimit:     1450072 kB
Committed_AS:   24102476 kB
VmallocTotal:   251658176 kB
VmallocUsed:       96504 kB
VmallocChunk:   251482716 kB


[2024-11-19 18:24:27]
MemTotal:        1858332 kB
MemFree:           46288 kB
Buffers:             444 kB
Cached:           198340 kB
SwapCached:        12720 kB
Active:           980896 kB
Inactive:         355816 kB
Active(anon):     929204 kB
Inactive(anon):   308528 kB
Active(file):      51692 kB
Inactive(file):    47288 kB
Unevictable:       99496 kB
Mlocked:           94212 kB
SwapTotal:        520908 kB
SwapFree:         372168 kB
Dirty:                 0 kB
Writeback:             0 kB
AnonPages:       1236212 kB
Mapped:           147888 kB
Shmem:               564 kB
Slab:              77320 kB
SReclaimable:      24732 kB
SUnreclaim:        52588 kB
KernelStack:       15296 kB
PageTables:        16764 kB
NFS_Unstable:          0 kB
Bounce:                0 kB
WritebackTmp:          0 kB
CommitLimit:     1450072 kB
Committed_AS:   24102632 kB
VmallocTotal:   251658176 kB
VmallocUsed:       96504 kB
VmallocChunk:   251482716 kB


[2024-11-19 18:24:29]
MemTotal:        1858332 kB
MemFree:           45072 kB
Buffers:             444 kB
Cached:           198340 kB
SwapCached:        12720 kB
Active:           981184 kB
Inactive:         355816 kB
Active(anon):     929492 kB
Inactive(anon):   308528 kB
Active(file):      51692 kB
Inactive(file):    47288 kB
Unevictable:       99496 kB
Mlocked:           94212 kB
SwapTotal:        520908 kB
SwapFree:         372168 kB
Dirty:                 0 kB
Writeback:             0 kB
AnonPages:       1236656 kB
Mapped:           147888 kB
Shmem:               564 kB
Slab:              77320 kB
SReclaimable:      24732 kB
SUnreclaim:        52588 kB
KernelStack:       15296 kB
PageTables:        16764 kB
NFS_Unstable:          0 kB
Bounce:                0 kB
WritebackTmp:          0 kB
CommitLimit:     1450072 kB
Committed_AS:   24102532 kB
VmallocTotal:   251658176 kB
VmallocUsed:       96504 kB
VmallocChunk:   251482716 kB


[2024-11-19 18:24:31]
MemTotal:        1858332 kB
MemFree:           45492 kB
Buffers:             444 kB
Cached:           198340 kB
SwapCached:        12720 kB
Active:           981264 kB
Inactive:         355816 kB
Active(anon):     929572 kB
Inactive(anon):   308528 kB
Active(file):      51692 kB
Inactive(file):    47288 kB
Unevictable:       99496 kB
Mlocked:           94212 kB
SwapTotal:        520908 kB
SwapFree:         372168 kB
Dirty:                 0 kB
Writeback:             0 kB
AnonPages:       1236780 kB
Mapped:           147888 kB
Shmem:               564 kB
Slab:              77320 kB
SReclaimable:      24732 kB
SUnreclaim:        52588 kB
KernelStack:       15296 kB
PageTables:        16764 kB
NFS_Unstable:          0 kB
Bounce:                0 kB
WritebackTmp:          0 kB
CommitLimit:     1450072 kB
Committed_AS:   24094356 kB
VmallocTotal:   251658176 kB
VmallocUsed:       96504 kB
VmallocChunk:   251482716 kB


[2024-11-19 18:24:33]
MemTotal:        1858332 kB
MemFree:           45080 kB
Buffers:             444 kB
Cached:           198340 kB
SwapCached:        12720 kB
Active:           981524 kB
Inactive:         355816 kB
Active(anon):     929832 kB
Inactive(anon):   308528 kB
Active(file):      51692 kB
Inactive(file):    47288 kB
Unevictable:       99496 kB
Mlocked:           94212 kB
SwapTotal:        520908 kB
SwapFree:         372168 kB
Dirty:                 0 kB
Writeback:             0 kB
AnonPages:       1237012 kB
Mapped:           147888 kB
Shmem:               564 kB
Slab:              77320 kB
SReclaimable:      24732 kB
SUnreclaim:        52588 kB
KernelStack:       15296 kB
PageTables:        16764 kB
NFS_Unstable:          0 kB
Bounce:                0 kB
WritebackTmp:          0 kB
CommitLimit:     1450072 kB
Committed_AS:   24102572 kB
VmallocTotal:   251658176 kB
VmallocUsed:       96504 kB
VmallocChunk:   251482716 kB


[2024-11-19 18:24:35]
MemTotal:        1858332 kB
MemFree:           44616 kB
Buffers:             444 kB
Cached:           198340 kB
SwapCached:        12720 kB
Active:           981648 kB
Inactive:         355816 kB
Active(anon):     929956 kB
Inactive(anon):   308528 kB
Active(file):      51692 kB
Inactive(file):    47288 kB
Unevictable:       99496 kB
Mlocked:           94212 kB
SwapTotal:        520908 kB
SwapFree:         372168 kB
Dirty:                 0 kB
Writeback:             0 kB
AnonPages:       1237024 kB
Mapped:           147888 kB
Shmem:               564 kB
Slab:              77320 kB
SReclaimable:      24732 kB
SUnreclaim:        52588 kB
KernelStack:       15296 kB
PageTables:        16764 kB
NFS_Unstable:          0 kB
Bounce:                0 kB
WritebackTmp:          0 kB
CommitLimit:     1450072 kB
Committed_AS:   24102560 kB
VmallocTotal:   251658176 kB
VmallocUsed:       96504 kB
VmallocChunk:   251482716 kB


[2024-11-19 18:24:37]
MemTotal:        1858332 kB
MemFree:           44464 kB
Buffers:             444 kB
Cached:           198340 kB
SwapCached:        12720 kB
Active:           981784 kB
Inactive:         355816 kB
Active(anon):     930092 kB
Inactive(anon):   308528 kB
Active(file):      51692 kB
Inactive(file):    47288 kB
Unevictable:       99496 kB
Mlocked:           94212 kB
SwapTotal:        520908 kB
SwapFree:         372168 kB
Dirty:                 0 kB
Writeback:             0 kB
AnonPages:       1237224 kB
Mapped:           147888 kB
Shmem:               564 kB
Slab:              77320 kB
SReclaimable:      24732 kB
SUnreclaim:        52588 kB
KernelStack:       15280 kB
PageTables:        16764 kB
NFS_Unstable:          0 kB
Bounce:                0 kB
WritebackTmp:          0 kB
CommitLimit:     1450072 kB
Committed_AS:   24102648 kB
VmallocTotal:   251658176 kB
VmallocUsed:       96504 kB
VmallocChunk:   251482716 kB


[2024-11-19 18:24:39]
MemTotal:        1858332 kB
MemFree:           44236 kB
Buffers:             444 kB
Cached:           198340 kB
SwapCached:        12720 kB
Active:           981920 kB
Inactive:         355816 kB
Active(anon):     930228 kB
Inactive(anon):   308528 kB
Active(file):      51692 kB
Inactive(file):    47288 kB
Unevictable:       99496 kB
Mlocked:           94212 kB
SwapTotal:        520908 kB
SwapFree:         372168 kB
Dirty:                 0 kB
Writeback:             0 kB
AnonPages:       1237288 kB
Mapped:           147888 kB
Shmem:               564 kB
Slab:              77320 kB
SReclaimable:      24732 kB
SUnreclaim:        52588 kB
KernelStack:       15280 kB
PageTables:        16764 kB
NFS_Unstable:          0 kB
Bounce:                0 kB
WritebackTmp:          0 kB
CommitLimit:     1450072 kB
Committed_AS:   24102636 kB
VmallocTotal:   251658176 kB
VmallocUsed:       96504 kB
VmallocChunk:   251482716 kB


[2024-11-19 18:24:41]
MemTotal:        1858332 kB
MemFree:           50092 kB
Buffers:             444 kB
Cached:           198340 kB
SwapCached:        12720 kB
Active:           975800 kB
Inactive:         355800 kB
Active(anon):     924108 kB
Inactive(anon):   308512 kB
Active(file):      51692 kB
Inactive(file):    47288 kB
Unevictable:       99496 kB
Mlocked:           94212 kB
SwapTotal:        520908 kB
SwapFree:         372180 kB
Dirty:                 0 kB
Writeback:             0 kB
AnonPages:       1231324 kB
Mapped:           147888 kB
Shmem:               564 kB
Slab:              77320 kB
SReclaimable:      24732 kB
SUnreclaim:        52588 kB
KernelStack:       15280 kB
PageTables:        16764 kB
NFS_Unstable:          0 kB
Bounce:                0 kB
WritebackTmp:          0 kB
CommitLimit:     1450072 kB
Committed_AS:   24102520 kB
VmallocTotal:   251658176 kB
VmallocUsed:       96504 kB
VmallocChunk:   251482716 kB


[2024-11-19 18:24:43]
MemTotal:        1858332 kB
MemFree:           50320 kB
Buffers:             444 kB
Cached:           198340 kB
SwapCached:        12720 kB
Active:           975828 kB
Inactive:         355800 kB
Active(anon):     924136 kB
Inactive(anon):   308512 kB
Active(file):      51692 kB
Inactive(file):    47288 kB
Unevictable:       99496 kB
Mlocked:           94212 kB
SwapTotal:        520908 kB
SwapFree:         372180 kB
Dirty:                 0 kB
Writeback:             0 kB
AnonPages:       1231120 kB
Mapped:           147888 kB
Shmem:               564 kB
Slab:              77320 kB
SReclaimable:      24732 kB
SUnreclaim:        52588 kB
KernelStack:       15280 kB
PageTables:        16764 kB
NFS_Unstable:          0 kB
Bounce:                0 kB
WritebackTmp:          0 kB
CommitLimit:     1450072 kB
Committed_AS:   24102664 kB
VmallocTotal:   251658176 kB
VmallocUsed:       96504 kB
VmallocChunk:   251482716 kB


[2024-11-19 18:24:45]
MemTotal:        1858332 kB
MemFree:           49964 kB
Buffers:             444 kB
Cached:           198340 kB
SwapCached:        12720 kB
Active:           975948 kB
Inactive:         355804 kB
Active(anon):     924256 kB
Inactive(anon):   308516 kB
Active(file):      51692 kB
Inactive(file):    47288 kB
Unevictable:       99496 kB
Mlocked:           94212 kB
SwapTotal:        520908 kB
SwapFree:         372184 kB
Dirty:                 0 kB
Writeback:             0 kB
AnonPages:       1231212 kB
Mapped:           147888 kB
Shmem:               564 kB
Slab:              77320 kB
SReclaimable:      24732 kB
SUnreclaim:        52588 kB
KernelStack:       15280 kB
PageTables:        16764 kB
NFS_Unstable:          0 kB
Bounce:                0 kB
WritebackTmp:          0 kB
CommitLimit:     1450072 kB
Committed_AS:   24102612 kB
VmallocTotal:   251658176 kB
VmallocUsed:       96504 kB
VmallocChunk:   251482716 kB


[2024-11-19 18:24:48]
MemTotal:        1858332 kB
MemFree:           49620 kB
Buffers:             444 kB
Cached:           198340 kB
SwapCached:        12720 kB
Active:           976296 kB
Inactive:         355804 kB
Active(anon):     924604 kB
Inactive(anon):   308516 kB
Active(file):      51692 kB
Inactive(file):    47288 kB
Unevictable:       99496 kB
Mlocked:           94212 kB
SwapTotal:        520908 kB
SwapFree:         372184 kB
Dirty:                 0 kB
Writeback:             0 kB
AnonPages:       1231688 kB
Mapped:           147888 kB
Shmem:               564 kB
Slab:              77320 kB
SReclaimable:      24732 kB
SUnreclaim:        52588 kB
KernelStack:       15280 kB
PageTables:        16764 kB
NFS_Unstable:          0 kB
Bounce:                0 kB
WritebackTmp:          0 kB
CommitLimit:     1450072 kB
Committed_AS:   24102680 kB
VmallocTotal:   251658176 kB
VmallocUsed:       96504 kB
VmallocChunk:   251482716 kB


[2024-11-19 18:24:50]
MemTotal:        1858332 kB
MemFree:           50788 kB
Buffers:             444 kB
Cached:           198340 kB
SwapCached:        12720 kB
Active:           976400 kB
Inactive:         355804 kB
Active(anon):     924708 kB
Inactive(anon):   308516 kB
Active(file):      51692 kB
Inactive(file):    47288 kB
Unevictable:       99496 kB
Mlocked:           94212 kB
SwapTotal:        520908 kB
SwapFree:         372184 kB
Dirty:                 0 kB
Writeback:             0 kB
AnonPages:       1231812 kB
Mapped:           147788 kB
Shmem:               564 kB
Slab:              77304 kB
SReclaimable:      24716 kB
SUnreclaim:        52588 kB
KernelStack:       15312 kB
PageTables:        16784 kB
NFS_Unstable:          0 kB
Bounce:                0 kB
WritebackTmp:          0 kB
CommitLimit:     1450072 kB
Committed_AS:   24102568 kB
VmallocTotal:   251658176 kB
VmallocUsed:       96504 kB
VmallocChunk:   251482716 kB


[2024-11-19 18:24:53]
MemTotal:        1858332 kB
MemFree:           50608 kB
Buffers:             444 kB
Cached:           198340 kB
SwapCached:        12720 kB
Active:           976560 kB
Inactive:         355804 kB
Active(anon):     924868 kB
Inactive(anon):   308516 kB
Active(file):      51692 kB
Inactive(file):    47288 kB
Unevictable:       99496 kB
Mlocked:           94212 kB
SwapTotal:        520908 kB
SwapFree:         372184 kB
Dirty:                 0 kB
Writeback:             0 kB
AnonPages:       1232044 kB
Mapped:           147704 kB
Shmem:               564 kB
Slab:              77304 kB
SReclaimable:      24716 kB
SUnreclaim:        52588 kB
KernelStack:       15280 kB
PageTables:        16764 kB
NFS_Unstable:          0 kB
Bounce:                0 kB
WritebackTmp:          0 kB
CommitLimit:     1450072 kB
Committed_AS:   24102600 kB
VmallocTotal:   251658176 kB
VmallocUsed:       96504 kB
VmallocChunk:   251482716 kB


[2024-11-19 18:24:55]
MemTotal:        1858332 kB
MemFree:           50840 kB
Buffers:             444 kB
Cached:           198340 kB
SwapCached:        12720 kB
Active:           976596 kB
Inactive:         355804 kB
Active(anon):     924904 kB
Inactive(anon):   308516 kB
Active(file):      51692 kB
Inactive(file):    47288 kB
Unevictable:       99496 kB
Mlocked:           94212 kB
SwapTotal:        520908 kB
SwapFree:         372184 kB
Dirty:                 0 kB
Writeback:             0 kB
AnonPages:       1231896 kB
Mapped:           147888 kB
Shmem:               564 kB
Slab:              77304 kB
SReclaimable:      24716 kB
SUnreclaim:        52588 kB
KernelStack:       15312 kB
PageTables:        16796 kB
NFS_Unstable:          0 kB
Bounce:                0 kB
WritebackTmp:          0 kB
CommitLimit:     1450072 kB
Committed_AS:   24102564 kB
VmallocTotal:   251658176 kB
VmallocUsed:       96504 kB
VmallocChunk:   251482716 kB


[2024-11-19 18:24:58]
MemTotal:        1858332 kB
MemFree:           50808 kB
Buffers:             444 kB
Cached:           198340 kB
SwapCached:        12720 kB
Active:           976864 kB
Inactive:         355804 kB
Active(anon):     925172 kB
Inactive(anon):   308516 kB
Active(file):      51692 kB
Inactive(file):    47288 kB
Unevictable:       99496 kB
Mlocked:           94212 kB
SwapTotal:        520908 kB
SwapFree:         372184 kB
Dirty:                 0 kB
Writeback:             0 kB
AnonPages:       1231988 kB
Mapped:           147708 kB
Shmem:               564 kB
Slab:              77304 kB
SReclaimable:      24716 kB
SUnreclaim:        52588 kB
KernelStack:       15280 kB
PageTables:        16764 kB
NFS_Unstable:          0 kB
Bounce:                0 kB
WritebackTmp:          0 kB
CommitLimit:     1450072 kB
Committed_AS:   24102524 kB
VmallocTotal:   251658176 kB
VmallocUsed:       96504 kB
VmallocChunk:   251482716 kB


[2024-11-19 18:25:00]
MemTotal:        1858332 kB
MemFree:           50340 kB
Buffers:             444 kB
Cached:           198340 kB
SwapCached:        12720 kB
Active:           976804 kB
Inactive:         355804 kB
Active(anon):     925112 kB
Inactive(anon):   308516 kB
Active(file):      51692 kB
Inactive(file):    47288 kB
Unevictable:       99496 kB
Mlocked:           94212 kB
SwapTotal:        520908 kB
SwapFree:         372184 kB
Dirty:                 0 kB
Writeback:             0 kB
AnonPages:       1232180 kB
Mapped:           147912 kB
Shmem:               564 kB
Slab:              77304 kB
SReclaimable:      24716 kB
SUnreclaim:        52588 kB
KernelStack:       15312 kB
PageTables:        16800 kB
NFS_Unstable:          0 kB
Bounce:                0 kB
WritebackTmp:          0 kB
CommitLimit:     1450072 kB
Committed_AS:   24102600 kB
VmallocTotal:   251658176 kB
VmallocUsed:       96504 kB
VmallocChunk:   251482716 kB


[2024-11-19 18:25:03]
MemTotal:        1858332 kB
MemFree:           50080 kB
Buffers:             444 kB
Cached:           198340 kB
SwapCached:        12720 kB
Active:           977308 kB
Inactive:         355804 kB
Active(anon):     925616 kB
Inactive(anon):   308516 kB
Active(file):      51692 kB
Inactive(file):    47288 kB
Unevictable:       99496 kB
Mlocked:           94212 kB
SwapTotal:        520908 kB
SwapFree:         372184 kB
Dirty:                 0 kB
Writeback:             0 kB
AnonPages:       1232644 kB
Mapped:           147884 kB
Shmem:               564 kB
Slab:              77304 kB
SReclaimable:      24716 kB
SUnreclaim:        52588 kB
KernelStack:       15312 kB
PageTables:        16788 kB
NFS_Unstable:          0 kB
Bounce:                0 kB
WritebackTmp:          0 kB
CommitLimit:     1450072 kB
Committed_AS:   24102396 kB
VmallocTotal:   251658176 kB
VmallocUsed:       96504 kB
VmallocChunk:   251482716 kB


[2024-11-19 18:25:06]
MemTotal:        1858332 kB
MemFree:           49648 kB
Buffers:             444 kB
Cached:           198340 kB
SwapCached:        12720 kB
Active:           977508 kB
Inactive:         355804 kB
Active(anon):     925816 kB
Inactive(anon):   308516 kB
Active(file):      51692 kB
Inactive(file):    47288 kB
Unevictable:       99496 kB
Mlocked:           94212 kB
SwapTotal:        520908 kB
SwapFree:         372184 kB
Dirty:                 0 kB
Writeback:             0 kB
AnonPages:       1233216 kB
Mapped:           147896 kB
Shmem:               564 kB
Slab:              77304 kB
SReclaimable:      24716 kB
SUnreclaim:        52588 kB
KernelStack:       15280 kB
PageTables:        16764 kB
NFS_Unstable:          0 kB
Bounce:                0 kB
WritebackTmp:          0 kB
CommitLimit:     1450072 kB
Committed_AS:   24102344 kB
VmallocTotal:   251658176 kB
VmallocUsed:       96504 kB
VmallocChunk:   251482716 kB


[2024-11-19 18:25:08]
MemTotal:        1858332 kB
MemFree:           49448 kB
Buffers:             444 kB
Cached:           198340 kB
SwapCached:        12720 kB
Active:           977800 kB
Inactive:         355804 kB
Active(anon):     926108 kB
Inactive(anon):   308516 kB
Active(file):      51692 kB
Inactive(file):    47288 kB
Unevictable:       99496 kB
Mlocked:           94212 kB
SwapTotal:        520908 kB
SwapFree:         372184 kB
Dirty:                 0 kB
Writeback:             0 kB
AnonPages:       1233004 kB
Mapped:           147940 kB
Shmem:               564 kB
Slab:              77304 kB
SReclaimable:      24716 kB
SUnreclaim:        52588 kB
KernelStack:       15312 kB
PageTables:        16796 kB
NFS_Unstable:          0 kB
Bounce:                0 kB
WritebackTmp:          0 kB
CommitLimit:     1450072 kB
Committed_AS:   24102504 kB
VmallocTotal:   251658176 kB
VmallocUsed:       96504 kB
VmallocChunk:   251482716 kB


[2024-11-19 18:25:11]
MemTotal:        1858332 kB
MemFree:           49432 kB
Buffers:             444 kB
Cached:           198340 kB
SwapCached:        12720 kB
Active:           977556 kB
Inactive:         355804 kB
Active(anon):     925864 kB
Inactive(anon):   308516 kB
Active(file):      51692 kB
Inactive(file):    47288 kB
Unevictable:       99496 kB
Mlocked:           94212 kB
SwapTotal:        520908 kB
SwapFree:         372184 kB
Dirty:                 0 kB
Writeback:             0 kB
AnonPages:       1232960 kB
Mapped:           147896 kB
Shmem:               564 kB
Slab:              77304 kB
SReclaimable:      24716 kB
SUnreclaim:        52588 kB
KernelStack:       15280 kB
PageTables:        16764 kB
NFS_Unstable:          0 kB
Bounce:                0 kB
WritebackTmp:          0 kB
CommitLimit:     1450072 kB
Committed_AS:   24102628 kB
VmallocTotal:   251658176 kB
VmallocUsed:       96504 kB
VmallocChunk:   251482716 kB


[2024-11-19 18:25:13]
MemTotal:        1858332 kB
MemFree:           49348 kB
Buffers:             444 kB
Cached:           198416 kB
SwapCached:        12720 kB
Active:           977996 kB
Inactive:         355880 kB
Active(anon):     926304 kB
Inactive(anon):   308516 kB
Active(file):      51692 kB
Inactive(file):    47364 kB
Unevictable:       99496 kB
Mlocked:           94212 kB
SwapTotal:        520908 kB
SwapFree:         372184 kB
Dirty:                 0 kB
Writeback:             0 kB
AnonPages:       1233224 kB
Mapped:           147736 kB
Shmem:               564 kB
Slab:              77304 kB
SReclaimable:      24716 kB
SUnreclaim:        52588 kB
KernelStack:       15312 kB
PageTables:        16792 kB
NFS_Unstable:          0 kB
Bounce:                0 kB
WritebackTmp:          0 kB
CommitLimit:     1450072 kB
Committed_AS:   24102568 kB
VmallocTotal:   251658176 kB
VmallocUsed:       96504 kB
VmallocChunk:   251482716 kB


[2024-11-19 18:25:16]
MemTotal:        1858332 kB
MemFree:           48948 kB
Buffers:             444 kB
Cached:           198416 kB
SwapCached:        12720 kB
Active:           978312 kB
Inactive:         355880 kB
Active(anon):     926620 kB
Inactive(anon):   308516 kB
Active(file):      51692 kB
Inactive(file):    47364 kB
Unevictable:       99496 kB
Mlocked:           94212 kB
SwapTotal:        520908 kB
SwapFree:         372184 kB
Dirty:                 0 kB
Writeback:             0 kB
AnonPages:       1233600 kB
Mapped:           147900 kB
Shmem:               564 kB
Slab:              77304 kB
SReclaimable:      24716 kB
SUnreclaim:        52588 kB
KernelStack:       15280 kB
PageTables:        16764 kB
NFS_Unstable:          0 kB
Bounce:                0 kB
WritebackTmp:          0 kB
CommitLimit:     1450072 kB
Committed_AS:   24102340 kB
VmallocTotal:   251658176 kB
VmallocUsed:       96504 kB
VmallocChunk:   251482716 kB


[2024-11-19 18:25:18]
MemTotal:        1858332 kB
MemFree:           49112 kB
Buffers:             444 kB
Cached:           198416 kB
SwapCached:        12720 kB
Active:           978244 kB
Inactive:         355872 kB
Active(anon):     926544 kB
Inactive(anon):   308516 kB
Active(file):      51700 kB
Inactive(file):    47356 kB
Unevictable:       99496 kB
Mlocked:           94212 kB
SwapTotal:        520908 kB
SwapFree:         372184 kB
Dirty:                 0 kB
Writeback:             0 kB
AnonPages:       1233764 kB
Mapped:           147824 kB
Shmem:               564 kB
Slab:              77304 kB
SReclaimable:      24716 kB
SUnreclaim:        52588 kB
KernelStack:       15312 kB
PageTables:        16784 kB
NFS_Unstable:          0 kB
Bounce:                0 kB
WritebackTmp:          0 kB
CommitLimit:     1450072 kB
Committed_AS:   24102512 kB
VmallocTotal:   251658176 kB
VmallocUsed:       96504 kB
VmallocChunk:   251482716 kB


[2024-11-19 18:25:20]
MemTotal:        1858332 kB
MemFree:           48520 kB
Buffers:             444 kB
Cached:           198416 kB
SwapCached:        12720 kB
Active:           978508 kB
Inactive:         355872 kB
Active(anon):     926808 kB
Inactive(anon):   308516 kB
Active(file):      51700 kB
Inactive(file):    47356 kB
Unevictable:       99496 kB
Mlocked:           94212 kB
SwapTotal:        520908 kB
SwapFree:         372184 kB
Dirty:                 0 kB
Writeback:             0 kB
AnonPages:       1233964 kB
Mapped:           147900 kB
Shmem:               564 kB
Slab:              77304 kB
SReclaimable:      24716 kB
SUnreclaim:        52588 kB
KernelStack:       15280 kB
PageTables:        16764 kB
NFS_Unstable:          0 kB
Bounce:                0 kB
WritebackTmp:          0 kB
CommitLimit:     1450072 kB
Committed_AS:   24102492 kB
VmallocTotal:   251658176 kB
VmallocUsed:       96504 kB
VmallocChunk:   251482716 kB


[2024-11-19 18:25:23]
MemTotal:        1858332 kB
MemFree:           48488 kB
Buffers:             444 kB
Cached:           198416 kB
SwapCached:        12720 kB
Active:           978884 kB
Inactive:         355872 kB
Active(anon):     927184 kB
Inactive(anon):   308516 kB
Active(file):      51700 kB
Inactive(file):    47356 kB
Unevictable:       99496 kB
Mlocked:           94212 kB
SwapTotal:        520908 kB
SwapFree:         372184 kB
Dirty:                 0 kB
Writeback:             0 kB
AnonPages:       1234240 kB
Mapped:           147848 kB
Shmem:               564 kB
Slab:              77304 kB
SReclaimable:      24716 kB
SUnreclaim:        52588 kB
KernelStack:       15280 kB
PageTables:        16760 kB
NFS_Unstable:          0 kB
Bounce:                0 kB
WritebackTmp:          0 kB
CommitLimit:     1450072 kB
Committed_AS:   24102516 kB
VmallocTotal:   251658176 kB
VmallocUsed:       96504 kB
VmallocChunk:   251482716 kB


[2024-11-19 18:25:25]
MemTotal:        1858332 kB
MemFree:           48860 kB
Buffers:             444 kB
Cached:           198416 kB
SwapCached:        12720 kB
Active:           978748 kB
Inactive:         355872 kB
Active(anon):     927048 kB
Inactive(anon):   308516 kB
Active(file):      51700 kB
Inactive(file):    47356 kB
Unevictable:       99496 kB
Mlocked:           94212 kB
SwapTotal:        520908 kB
SwapFree:         372184 kB
Dirty:                 0 kB
Writeback:             0 kB
AnonPages:       1234208 kB
Mapped:           148084 kB
Shmem:               564 kB
Slab:              77304 kB
SReclaimable:      24716 kB
SUnreclaim:        52588 kB
KernelStack:       15280 kB
PageTables:        16764 kB
NFS_Unstable:          0 kB
Bounce:                0 kB
WritebackTmp:          0 kB
CommitLimit:     1450072 kB
Committed_AS:   24102432 kB
VmallocTotal:   251658176 kB
VmallocUsed:       96504 kB
VmallocChunk:   251482716 kB


[2024-11-19 18:25:28]
MemTotal:        1858332 kB
MemFree:           48620 kB
Buffers:             444 kB
Cached:           198416 kB
SwapCached:        12720 kB
Active:           979044 kB
Inactive:         355872 kB
Active(anon):     927344 kB
Inactive(anon):   308516 kB
Active(file):      51700 kB
Inactive(file):    47356 kB
Unevictable:       99496 kB
Mlocked:           94212 kB
SwapTotal:        520908 kB
SwapFree:         372184 kB
Dirty:                 0 kB
Writeback:             0 kB
AnonPages:       1234440 kB
Mapped:           147904 kB
Shmem:               564 kB
Slab:              77304 kB
SReclaimable:      24716 kB
SUnreclaim:        52588 kB
KernelStack:       15312 kB
PageTables:        16784 kB
NFS_Unstable:          0 kB
Bounce:                0 kB
WritebackTmp:          0 kB
CommitLimit:     1450072 kB
Committed_AS:   24102508 kB
VmallocTotal:   251658176 kB
VmallocUsed:       96504 kB
VmallocChunk:   251482716 kB


[2024-11-19 18:25:30]
MemTotal:        1858332 kB
MemFree:           48468 kB
Buffers:             444 kB
Cached:           198416 kB
SwapCached:        12720 kB
Active:           979016 kB
Inactive:         355872 kB
Active(anon):     927316 kB
Inactive(anon):   308516 kB
Active(file):      51700 kB
Inactive(file):    47356 kB
Unevictable:       99496 kB
Mlocked:           94212 kB
SwapTotal:        520908 kB
SwapFree:         372184 kB
Dirty:                 0 kB
Writeback:             0 kB
AnonPages:       1234472 kB
Mapped:           147900 kB
Shmem:               564 kB
Slab:              77304 kB
SReclaimable:      24716 kB
SUnreclaim:        52588 kB
KernelStack:       15280 kB
PageTables:        16764 kB
NFS_Unstable:          0 kB
Bounce:                0 kB
WritebackTmp:          0 kB
CommitLimit:     1450072 kB
Committed_AS:   24102508 kB
VmallocTotal:   251658176 kB
VmallocUsed:       96504 kB
VmallocChunk:   251482716 kB


[2024-11-19 18:25:32]
MemTotal:        1858332 kB
MemFree:           47380 kB
Buffers:             444 kB
Cached:           198648 kB
SwapCached:        12720 kB
Active:           979332 kB
Inactive:         356012 kB
Active(anon):     927632 kB
Inactive(anon):   308424 kB
Active(file):      51700 kB
Inactive(file):    47588 kB
Unevictable:       99496 kB
Mlocked:           94212 kB
SwapTotal:        520908 kB
SwapFree:         372188 kB
Dirty:                 0 kB
Writeback:             0 kB
AnonPages:       1234524 kB
Mapped:           147940 kB
Shmem:               564 kB
Slab:              77304 kB
SReclaimable:      24716 kB
SUnreclaim:        52588 kB
KernelStack:       15264 kB
PageTables:        16764 kB
NFS_Unstable:          0 kB
Bounce:                0 kB
WritebackTmp:          0 kB
CommitLimit:     1450072 kB
Committed_AS:   24102524 kB
VmallocTotal:   251658176 kB
VmallocUsed:       96504 kB
VmallocChunk:   251482716 kB


[2024-11-19 18:25:35]
MemTotal:        1858332 kB
MemFree:           47052 kB
Buffers:             444 kB
Cached:           198648 kB
SwapCached:        12720 kB
Active:           979332 kB
Inactive:         356012 kB
Active(anon):     927632 kB
Inactive(anon):   308424 kB
Active(file):      51700 kB
Inactive(file):    47588 kB
Unevictable:       99496 kB
Mlocked:           94212 kB
SwapTotal:        520908 kB
SwapFree:         372188 kB
Dirty:                 0 kB
Writeback:             0 kB
AnonPages:       1234712 kB
Mapped:           147940 kB
Shmem:               564 kB
Slab:              77304 kB
SReclaimable:      24716 kB
SUnreclaim:        52588 kB
KernelStack:       15280 kB
PageTables:        16764 kB
NFS_Unstable:          0 kB
Bounce:                0 kB
WritebackTmp:          0 kB
CommitLimit:     1450072 kB
Committed_AS:   24102632 kB
VmallocTotal:   251658176 kB
VmallocUsed:       96504 kB
VmallocChunk:   251482716 kB


[2024-11-19 18:25:37]
MemTotal:        1858332 kB
MemFree:           46768 kB
Buffers:             444 kB
Cached:           198648 kB
SwapCached:        12720 kB
Active:           979720 kB
Inactive:         356012 kB
Active(anon):     928020 kB
Inactive(anon):   308424 kB
Active(file):      51700 kB
Inactive(file):    47588 kB
Unevictable:       99496 kB
Mlocked:           94212 kB
SwapTotal:        520908 kB
SwapFree:         372188 kB
Dirty:                 0 kB
Writeback:             0 kB
AnonPages:       1234908 kB
Mapped:           147940 kB
Shmem:               564 kB
Slab:              77304 kB
SReclaimable:      24716 kB
SUnreclaim:        52588 kB
KernelStack:       15280 kB
PageTables:        16764 kB
NFS_Unstable:          0 kB
Bounce:                0 kB
WritebackTmp:          0 kB
CommitLimit:     1450072 kB
Committed_AS:   24102528 kB
VmallocTotal:   251658176 kB
VmallocUsed:       96504 kB
VmallocChunk:   251482716 kB


[2024-11-19 18:25:39]
MemTotal:        1858332 kB
MemFree:           46848 kB
Buffers:             444 kB
Cached:           198648 kB
SwapCached:        12720 kB
Active:           979836 kB
Inactive:         356012 kB
Active(anon):     928136 kB
Inactive(anon):   308424 kB
Active(file):      51700 kB
Inactive(file):    47588 kB
Unevictable:       99496 kB
Mlocked:           94212 kB
SwapTotal:        520908 kB
SwapFree:         372188 kB
Dirty:                 0 kB
Writeback:             0 kB
AnonPages:       1235212 kB
Mapped:           147940 kB
Shmem:               564 kB
Slab:              77304 kB
SReclaimable:      24716 kB
SUnreclaim:        52588 kB
KernelStack:       15280 kB
PageTables:        16764 kB
NFS_Unstable:          0 kB
Bounce:                0 kB
WritebackTmp:          0 kB
CommitLimit:     1450072 kB
Committed_AS:   24102568 kB
VmallocTotal:   251658176 kB
VmallocUsed:       96504 kB
VmallocChunk:   251482716 kB


[2024-11-19 18:25:41]
MemTotal:        1858332 kB
MemFree:           46416 kB
Buffers:             444 kB
Cached:           198648 kB
SwapCached:        12720 kB
Active:           980184 kB
Inactive:         356012 kB
Active(anon):     928484 kB
Inactive(anon):   308424 kB
Active(file):      51700 kB
Inactive(file):    47588 kB
Unevictable:       99496 kB
Mlocked:           94212 kB
SwapTotal:        520908 kB
SwapFree:         372188 kB
Dirty:                 0 kB
Writeback:             0 kB
AnonPages:       1235472 kB
Mapped:           147940 kB
Shmem:               564 kB
Slab:              77304 kB
SReclaimable:      24716 kB
SUnreclaim:        52588 kB
KernelStack:       15296 kB
PageTables:        16764 kB
NFS_Unstable:          0 kB
Bounce:                0 kB
WritebackTmp:          0 kB
CommitLimit:     1450072 kB
Committed_AS:   24102584 kB
VmallocTotal:   251658176 kB
VmallocUsed:       96504 kB
VmallocChunk:   251482716 kB


[2024-11-19 18:25:43]
MemTotal:        1858332 kB
MemFree:           46112 kB
Buffers:             444 kB
Cached:           198648 kB
SwapCached:        12720 kB
Active:           979948 kB
Inactive:         356012 kB
Active(anon):     928248 kB
Inactive(anon):   308424 kB
Active(file):      51700 kB
Inactive(file):    47588 kB
Unevictable:       99496 kB
Mlocked:           94212 kB
SwapTotal:        520908 kB
SwapFree:         372188 kB
Dirty:                 0 kB
Writeback:             0 kB
AnonPages:       1235288 kB
Mapped:           147940 kB
Shmem:               564 kB
Slab:              77304 kB
SReclaimable:      24716 kB
SUnreclaim:        52588 kB
KernelStack:       15280 kB
PageTables:        16764 kB
NFS_Unstable:          0 kB
Bounce:                0 kB
WritebackTmp:          0 kB
CommitLimit:     1450072 kB
Committed_AS:   24102536 kB
VmallocTotal:   251658176 kB
VmallocUsed:       96504 kB
VmallocChunk:   251482716 kB


[2024-11-19 18:25:45]
MemTotal:        1858332 kB
MemFree:           46424 kB
Buffers:             444 kB
Cached:           198648 kB
SwapCached:        12720 kB
Active:           980168 kB
Inactive:         356012 kB
Active(anon):     928468 kB
Inactive(anon):   308424 kB
Active(file):      51700 kB
Inactive(file):    47588 kB
Unevictable:       99496 kB
Mlocked:           94212 kB
SwapTotal:        520908 kB
SwapFree:         372188 kB
Dirty:                 0 kB
Writeback:             0 kB
AnonPages:       1235424 kB
Mapped:           147940 kB
Shmem:               564 kB
Slab:              77304 kB
SReclaimable:      24716 kB
SUnreclaim:        52588 kB
KernelStack:       15280 kB
PageTables:        16764 kB
NFS_Unstable:          0 kB
Bounce:                0 kB
WritebackTmp:          0 kB
CommitLimit:     1450072 kB
Committed_AS:   24102516 kB
VmallocTotal:   251658176 kB
VmallocUsed:       96504 kB
VmallocChunk:   251482716 kB


[2024-11-19 18:25:47]
MemTotal:        1858332 kB
MemFree:           46156 kB
Buffers:             444 kB
Cached:           198648 kB
SwapCached:        12720 kB
Active:           980300 kB
Inactive:         356012 kB
Active(anon):     928600 kB
Inactive(anon):   308424 kB
Active(file):      51700 kB
Inactive(file):    47588 kB
Unevictable:       99496 kB
Mlocked:           94212 kB
SwapTotal:        520908 kB
SwapFree:         372188 kB
Dirty:                 0 kB
Writeback:             0 kB
AnonPages:       1235524 kB
Mapped:           147940 kB
Shmem:               564 kB
Slab:              77304 kB
SReclaimable:      24716 kB
SUnreclaim:        52588 kB
KernelStack:       15280 kB
PageTables:        16764 kB
NFS_Unstable:          0 kB
Bounce:                0 kB
WritebackTmp:          0 kB
CommitLimit:     1450072 kB
Committed_AS:   24102612 kB
VmallocTotal:   251658176 kB
VmallocUsed:       96504 kB
VmallocChunk:   251482716 kB


[2024-11-19 18:25:49]
MemTotal:        1858332 kB
MemFree:           46792 kB
Buffers:             444 kB
Cached:           198648 kB
SwapCached:        12720 kB
Active:           980260 kB
Inactive:         356012 kB
Active(anon):     928560 kB
Inactive(anon):   308424 kB
Active(file):      51700 kB
Inactive(file):    47588 kB
Unevictable:       99496 kB
Mlocked:           94212 kB
SwapTotal:        520908 kB
SwapFree:         372188 kB
Dirty:                 0 kB
Writeback:             0 kB
AnonPages:       1235776 kB
Mapped:           147940 kB
Shmem:               564 kB
Slab:              77304 kB
SReclaimable:      24716 kB
SUnreclaim:        52588 kB
KernelStack:       15280 kB
PageTables:        16764 kB
NFS_Unstable:          0 kB
Bounce:                0 kB
WritebackTmp:          0 kB
CommitLimit:     1450072 kB
Committed_AS:   24102560 kB
VmallocTotal:   251658176 kB
VmallocUsed:       96504 kB
VmallocChunk:   251482716 kB


[2024-11-19 18:25:52]
MemTotal:        1858332 kB
MemFree:           46584 kB
Buffers:             444 kB
Cached:           198648 kB
SwapCached:        12720 kB
Active:           980536 kB
Inactive:         356012 kB
Active(anon):     928836 kB
Inactive(anon):   308424 kB
Active(file):      51700 kB
Inactive(file):    47588 kB
Unevictable:       99496 kB
Mlocked:           94212 kB
SwapTotal:        520908 kB
SwapFree:         372192 kB
Dirty:                 0 kB
Writeback:             0 kB
AnonPages:       1235968 kB
Mapped:           147756 kB
Shmem:               564 kB
Slab:              77272 kB
SReclaimable:      24684 kB
SUnreclaim:        52588 kB
KernelStack:       15280 kB
PageTables:        16764 kB
NFS_Unstable:          0 kB
Bounce:                0 kB
WritebackTmp:          0 kB
CommitLimit:     1450072 kB
Committed_AS:   24102480 kB
VmallocTotal:   251658176 kB
VmallocUsed:       96504 kB
VmallocChunk:   251482716 kB


[2024-11-19 18:25:54]
MemTotal:        1858332 kB
MemFree:           46640 kB
Buffers:             444 kB
Cached:           198648 kB
SwapCached:        12720 kB
Active:           980556 kB
Inactive:         356012 kB
Active(anon):     928856 kB
Inactive(anon):   308424 kB
Active(file):      51700 kB
Inactive(file):    47588 kB
Unevictable:       99496 kB
Mlocked:           94212 kB
SwapTotal:        520908 kB
SwapFree:         372192 kB
Dirty:                 0 kB
Writeback:             0 kB
AnonPages:       1235860 kB
Mapped:           147940 kB
Shmem:               564 kB
Slab:              77272 kB
SReclaimable:      24684 kB
SUnreclaim:        52588 kB
KernelStack:       15280 kB
PageTables:        16764 kB
NFS_Unstable:          0 kB
Bounce:                0 kB
WritebackTmp:          0 kB
CommitLimit:     1450072 kB
Committed_AS:   24102480 kB
VmallocTotal:   251658176 kB
VmallocUsed:       96504 kB
VmallocChunk:   251482716 kB


[2024-11-19 18:25:57]
MemTotal:        1858332 kB
MemFree:           46552 kB
Buffers:             444 kB
Cached:           198648 kB
SwapCached:        12720 kB
Active:           980984 kB
Inactive:         356012 kB
Active(anon):     929284 kB
Inactive(anon):   308424 kB
Active(file):      51700 kB
Inactive(file):    47588 kB
Unevictable:       99496 kB
Mlocked:           94212 kB
SwapTotal:        520908 kB
SwapFree:         372196 kB
Dirty:                 0 kB
Writeback:             0 kB
AnonPages:       1236516 kB
Mapped:           147940 kB
Shmem:               564 kB
Slab:              77272 kB
SReclaimable:      24684 kB
SUnreclaim:        52588 kB
KernelStack:       15280 kB
PageTables:        16764 kB
NFS_Unstable:          0 kB
Bounce:                0 kB
WritebackTmp:          0 kB
CommitLimit:     1450072 kB
Committed_AS:   24102380 kB
VmallocTotal:   251658176 kB
VmallocUsed:       96504 kB
VmallocChunk:   251482716 kB


[2024-11-19 18:25:59]
MemTotal:        1858332 kB
MemFree:           46324 kB
Buffers:             444 kB
Cached:           198648 kB
SwapCached:        12720 kB
Active:           980992 kB
Inactive:         356016 kB
Active(anon):     929292 kB
Inactive(anon):   308428 kB
Active(file):      51700 kB
Inactive(file):    47588 kB
Unevictable:       99496 kB
Mlocked:           94212 kB
SwapTotal:        520908 kB
SwapFree:         372196 kB
Dirty:                 0 kB
Writeback:             0 kB
AnonPages:       1236428 kB
Mapped:           147940 kB
Shmem:               564 kB
Slab:              77272 kB
SReclaimable:      24684 kB
SUnreclaim:        52588 kB
KernelStack:       15312 kB
PageTables:        16776 kB
NFS_Unstable:          0 kB
Bounce:                0 kB
WritebackTmp:          0 kB
CommitLimit:     1450072 kB
Committed_AS:   24102532 kB
VmallocTotal:   251658176 kB
VmallocUsed:       96504 kB
VmallocChunk:   251482716 kB


[2024-11-19 18:26:02]
MemTotal:        1858332 kB
MemFree:           45764 kB
Buffers:             444 kB
Cached:           198648 kB
SwapCached:        12720 kB
Active:           981440 kB
Inactive:         356016 kB
Active(anon):     929740 kB
Inactive(anon):   308428 kB
Active(file):      51700 kB
Inactive(file):    47588 kB
Unevictable:       99496 kB
Mlocked:           94212 kB
SwapTotal:        520908 kB
SwapFree:         372196 kB
Dirty:                 0 kB
Writeback:             0 kB
AnonPages:       1236576 kB
Mapped:           147756 kB
Shmem:               564 kB
Slab:              77272 kB
SReclaimable:      24684 kB
SUnreclaim:        52588 kB
KernelStack:       15264 kB
PageTables:        16764 kB
NFS_Unstable:          0 kB
Bounce:                0 kB
WritebackTmp:          0 kB
CommitLimit:     1450072 kB
Committed_AS:   24102516 kB
VmallocTotal:   251658176 kB
VmallocUsed:       96504 kB
VmallocChunk:   251482716 kB


[2024-11-19 18:26:04]
MemTotal:        1858332 kB
MemFree:           45684 kB
Buffers:             444 kB
Cached:           198648 kB
SwapCached:        12720 kB
Active:           981248 kB
Inactive:         356016 kB
Active(anon):     929548 kB
Inactive(anon):   308428 kB
Active(file):      51700 kB
Inactive(file):    47588 kB
Unevictable:       99496 kB
Mlocked:           94212 kB
SwapTotal:        520908 kB
SwapFree:         372196 kB
Dirty:                 0 kB
Writeback:             0 kB
AnonPages:       1236684 kB
Mapped:           147940 kB
Shmem:               564 kB
Slab:              77272 kB
SReclaimable:      24684 kB
SUnreclaim:        52588 kB
KernelStack:       15296 kB
PageTables:        16776 kB
NFS_Unstable:          0 kB
Bounce:                0 kB
WritebackTmp:          0 kB
CommitLimit:     1450072 kB
Committed_AS:   24102444 kB
VmallocTotal:   251658176 kB
VmallocUsed:       96504 kB
VmallocChunk:   251482716 kB


[2024-11-19 18:26:07]
MemTotal:        1858332 kB
MemFree:           45984 kB
Buffers:             444 kB
Cached:           198648 kB
SwapCached:        12720 kB
Active:           981664 kB
Inactive:         356016 kB
Active(anon):     929964 kB
Inactive(anon):   308428 kB
Active(file):      51700 kB
Inactive(file):    47588 kB
Unevictable:       99496 kB
Mlocked:           94212 kB
SwapTotal:        520908 kB
SwapFree:         372196 kB
Dirty:                 0 kB
Writeback:             0 kB
AnonPages:       1237100 kB
Mapped:           148000 kB
Shmem:               564 kB
Slab:              77272 kB
SReclaimable:      24684 kB
SUnreclaim:        52588 kB
KernelStack:       15296 kB
PageTables:        16780 kB
NFS_Unstable:          0 kB
Bounce:                0 kB
WritebackTmp:          0 kB
CommitLimit:     1450072 kB
Committed_AS:   24102620 kB
VmallocTotal:   251658176 kB
VmallocUsed:       96504 kB
VmallocChunk:   251482716 kB


[2024-11-19 18:26:10]
MemTotal:        1858332 kB
MemFree:           45608 kB
Buffers:             444 kB
Cached:           198648 kB
SwapCached:        12720 kB
Active:           981728 kB
Inactive:         356016 kB
Active(anon):     930028 kB
Inactive(anon):   308428 kB
Active(file):      51700 kB
Inactive(file):    47588 kB
Unevictable:       99496 kB
Mlocked:           94212 kB
SwapTotal:        520908 kB
SwapFree:         372196 kB
Dirty:                 0 kB
Writeback:             0 kB
AnonPages:       1236916 kB
Mapped:           147940 kB
Shmem:               564 kB
Slab:              77272 kB
SReclaimable:      24684 kB
SUnreclaim:        52588 kB
KernelStack:       15264 kB
PageTables:        16764 kB
NFS_Unstable:          0 kB
Bounce:                0 kB
WritebackTmp:          0 kB
CommitLimit:     1450072 kB
Committed_AS:   24102488 kB
VmallocTotal:   251658176 kB
VmallocUsed:       96504 kB
VmallocChunk:   251482716 kB


[2024-11-19 18:26:12]
MemTotal:        1858332 kB
MemFree:           45016 kB
Buffers:             444 kB
Cached:           198648 kB
SwapCached:        12720 kB
Active:           982528 kB
Inactive:         356016 kB
Active(anon):     930828 kB
Inactive(anon):   308428 kB
Active(file):      51700 kB
Inactive(file):    47588 kB
Unevictable:       99496 kB
Mlocked:           94212 kB
SwapTotal:        520908 kB
SwapFree:         372196 kB
Dirty:                 0 kB
Writeback:             0 kB
AnonPages:       1237888 kB
Mapped:           147944 kB
Shmem:               564 kB
Slab:              77272 kB
SReclaimable:      24684 kB
SUnreclaim:        52588 kB
KernelStack:       15264 kB
PageTables:        16764 kB
NFS_Unstable:          0 kB
Bounce:                0 kB
WritebackTmp:          0 kB
CommitLimit:     1450072 kB
Committed_AS:   24102492 kB
VmallocTotal:   251658176 kB
VmallocUsed:       96504 kB
VmallocChunk:   251482716 kB


[2024-11-19 18:26:15]
MemTotal:        1858332 kB
MemFree:           50736 kB
Buffers:             444 kB
Cached:           198648 kB
SwapCached:        12720 kB
Active:           976048 kB
Inactive:         356020 kB
Active(anon):     924348 kB
Inactive(anon):   308432 kB
Active(file):      51700 kB
Inactive(file):    47588 kB
Unevictable:       99496 kB
Mlocked:           94212 kB
SwapTotal:        520908 kB
SwapFree:         372296 kB
Dirty:                 0 kB
Writeback:             0 kB
AnonPages:       1231312 kB
Mapped:           148028 kB
Shmem:               564 kB
Slab:              77272 kB
SReclaimable:      24684 kB
SUnreclaim:        52588 kB
KernelStack:       15296 kB
PageTables:        16780 kB
NFS_Unstable:          0 kB
Bounce:                0 kB
WritebackTmp:          0 kB
CommitLimit:     1450072 kB
Committed_AS:   24102588 kB
VmallocTotal:   251658176 kB
VmallocUsed:       96504 kB
VmallocChunk:   251482716 kB


[2024-11-19 18:26:18]
MemTotal:        1858332 kB
MemFree:           50248 kB
Buffers:             444 kB
Cached:           198648 kB
SwapCached:        12720 kB
Active:           976744 kB
Inactive:         356020 kB
Active(anon):     925044 kB
Inactive(anon):   308432 kB
Active(file):      51700 kB
Inactive(file):    47588 kB
Unevictable:       99496 kB
Mlocked:           94212 kB
SwapTotal:        520908 kB
SwapFree:         372296 kB
Dirty:                 0 kB
Writeback:             0 kB
AnonPages:       1231864 kB
Mapped:           147760 kB
Shmem:               564 kB
Slab:              77272 kB
SReclaimable:      24684 kB
SUnreclaim:        52588 kB
KernelStack:       15248 kB
PageTables:        16764 kB
NFS_Unstable:          0 kB
Bounce:                0 kB
WritebackTmp:          0 kB
CommitLimit:     1450072 kB
Committed_AS:   24102368 kB
VmallocTotal:   251658176 kB
VmallocUsed:       96504 kB
VmallocChunk:   251482716 kB


[2024-11-19 18:26:20]
MemTotal:        1858332 kB
MemFree:           48528 kB
Buffers:             436 kB
Cached:           199184 kB
SwapCached:        12720 kB
Active:           976580 kB
Inactive:         357716 kB
Active(anon):     925684 kB
Inactive(anon):   308604 kB
Active(file):      50896 kB
Inactive(file):    49112 kB
Unevictable:       99496 kB
Mlocked:           94212 kB
SwapTotal:        520908 kB
SwapFree:         372292 kB
Dirty:                 0 kB
Writeback:             0 kB
AnonPages:       1232924 kB
Mapped:           147852 kB
Shmem:               564 kB
Slab:              77272 kB
SReclaimable:      24684 kB
SUnreclaim:        52588 kB
KernelStack:       15280 kB
PageTables:        16800 kB
NFS_Unstable:          0 kB
Bounce:                0 kB
WritebackTmp:          0 kB
CommitLimit:     1450072 kB
Committed_AS:   24102476 kB
VmallocTotal:   251658176 kB
VmallocUsed:       96504 kB
VmallocChunk:   251482716 kB


[2024-11-19 18:26:23]
MemTotal:        1858332 kB
MemFree:           48668 kB
Buffers:             436 kB
Cached:           199100 kB
SwapCached:        12720 kB
Active:           976620 kB
Inactive:         357720 kB
Active(anon):     925908 kB
Inactive(anon):   308700 kB
Active(file):      50712 kB
Inactive(file):    49020 kB
Unevictable:       99496 kB
Mlocked:           94212 kB
SwapTotal:        520908 kB
SwapFree:         372292 kB
Dirty:                 0 kB
Writeback:             0 kB
AnonPages:       1233332 kB
Mapped:           147992 kB
Shmem:               564 kB
Slab:              77272 kB
SReclaimable:      24684 kB
SUnreclaim:        52588 kB
KernelStack:       15248 kB
PageTables:        16764 kB
NFS_Unstable:          0 kB
Bounce:                0 kB
WritebackTmp:          0 kB
CommitLimit:     1450072 kB
Committed_AS:   24102544 kB
VmallocTotal:   251658176 kB
VmallocUsed:       96504 kB
VmallocChunk:   251482716 kB


[2024-11-19 18:26:25]
MemTotal:        1858332 kB
MemFree:           48728 kB
Buffers:             436 kB
Cached:           199100 kB
SwapCached:        12720 kB
Active:           976624 kB
Inactive:         357720 kB
Active(anon):     925912 kB
Inactive(anon):   308700 kB
Active(file):      50712 kB
Inactive(file):    49020 kB
Unevictable:       99496 kB
Mlocked:           94212 kB
SwapTotal:        520908 kB
SwapFree:         372292 kB
Dirty:                 0 kB
Writeback:             0 kB
AnonPages:       1233188 kB
Mapped:           147996 kB
Shmem:               564 kB
Slab:              77272 kB
SReclaimable:      24684 kB
SUnreclaim:        52588 kB
KernelStack:       15280 kB
PageTables:        16792 kB
NFS_Unstable:          0 kB
Bounce:                0 kB
WritebackTmp:          0 kB
CommitLimit:     1450072 kB
Committed_AS:   24102444 kB
VmallocTotal:   251658176 kB
VmallocUsed:       96504 kB
VmallocChunk:   251482716 kB


[2024-11-19 18:26:28]
MemTotal:        1858332 kB
MemFree:           48628 kB
Buffers:             436 kB
Cached:           199100 kB
SwapCached:        12720 kB
Active:           976620 kB
Inactive:         357720 kB
Active(anon):     925908 kB
Inactive(anon):   308700 kB
Active(file):      50712 kB
Inactive(file):    49020 kB
Unevictable:       99496 kB
Mlocked:           94212 kB
SwapTotal:        520908 kB
SwapFree:         372292 kB
Dirty:                 0 kB
Writeback:             0 kB
AnonPages:       1233028 kB
Mapped:           147992 kB
Shmem:               564 kB
Slab:              77272 kB
SReclaimable:      24684 kB
SUnreclaim:        52588 kB
KernelStack:       15248 kB
PageTables:        16764 kB
NFS_Unstable:          0 kB
Bounce:                0 kB
WritebackTmp:          0 kB
CommitLimit:     1450072 kB
Committed_AS:   24102484 kB
VmallocTotal:   251658176 kB
VmallocUsed:       96504 kB
VmallocChunk:   251482716 kB


[2024-11-19 18:26:30]
MemTotal:        1858332 kB
MemFree:           48844 kB
Buffers:             436 kB
Cached:           199100 kB
SwapCached:        12720 kB
Active:           976736 kB
Inactive:         357720 kB
Active(anon):     926024 kB
Inactive(anon):   308700 kB
Active(file):      50712 kB
Inactive(file):    49020 kB
Unevictable:       99496 kB
Mlocked:           94212 kB
SwapTotal:        520908 kB
SwapFree:         372292 kB
Dirty:                 0 kB
Writeback:             0 kB
AnonPages:       1233292 kB
Mapped:           147840 kB
Shmem:               564 kB
Slab:              77272 kB
SReclaimable:      24684 kB
SUnreclaim:        52588 kB
KernelStack:       15296 kB
PageTables:        16792 kB
NFS_Unstable:          0 kB
Bounce:                0 kB
WritebackTmp:          0 kB
CommitLimit:     1450072 kB
Committed_AS:   24102304 kB
VmallocTotal:   251658176 kB
VmallocUsed:       96504 kB
VmallocChunk:   251482716 kB


[2024-11-19 18:26:33]
MemTotal:        1858332 kB
MemFree:           48364 kB
Buffers:             436 kB
Cached:           199100 kB
SwapCached:        12720 kB
Active:           977012 kB
Inactive:         357720 kB
Active(anon):     926300 kB
Inactive(anon):   308700 kB
Active(file):      50712 kB
Inactive(file):    49020 kB
Unevictable:       99496 kB
Mlocked:           94212 kB
SwapTotal:        520908 kB
SwapFree:         372292 kB
Dirty:                 0 kB
Writeback:             0 kB
AnonPages:       1233660 kB
Mapped:           147992 kB
Shmem:               564 kB
Slab:              77272 kB
SReclaimable:      24684 kB
SUnreclaim:        52588 kB
KernelStack:       15264 kB
PageTables:        16764 kB
NFS_Unstable:          0 kB
Bounce:                0 kB
WritebackTmp:          0 kB
CommitLimit:     1450072 kB
Committed_AS:   24102548 kB
VmallocTotal:   251658176 kB
VmallocUsed:       96504 kB
VmallocChunk:   251482716 kB


[2024-11-19 18:26:35]
MemTotal:        1858332 kB
MemFree:           48428 kB
Buffers:             436 kB
Cached:           199100 kB
SwapCached:        12720 kB
Active:           976956 kB
Inactive:         357720 kB
Active(anon):     926244 kB
Inactive(anon):   308700 kB
Active(file):      50712 kB
Inactive(file):    49020 kB
Unevictable:       99496 kB
Mlocked:           94212 kB
SwapTotal:        520908 kB
SwapFree:         372292 kB
Dirty:                 0 kB
Writeback:             0 kB
AnonPages:       1233528 kB
Mapped:           147992 kB
Shmem:               564 kB
Slab:              77272 kB
SReclaimable:      24684 kB
SUnreclaim:        52588 kB
KernelStack:       15296 kB
PageTables:        16776 kB
NFS_Unstable:          0 kB
Bounce:                0 kB
WritebackTmp:          0 kB
CommitLimit:     1450072 kB
Committed_AS:   24102488 kB
VmallocTotal:   251658176 kB
VmallocUsed:       96504 kB
VmallocChunk:   251482716 kB


[2024-11-19 18:26:38]
MemTotal:        1858332 kB
MemFree:           47784 kB
Buffers:             436 kB
Cached:           199100 kB
SwapCached:        12720 kB
Active:           977528 kB
Inactive:         357720 kB
Active(anon):     926816 kB
Inactive(anon):   308700 kB
Active(file):      50712 kB
Inactive(file):    49020 kB
Unevictable:       99496 kB
Mlocked:           94212 kB
SwapTotal:        520908 kB
SwapFree:         372292 kB
Dirty:                 0 kB
Writeback:             0 kB
AnonPages:       1234188 kB
Mapped:           147812 kB
Shmem:               564 kB
Slab:              77272 kB
SReclaimable:      24684 kB
SUnreclaim:        52588 kB
KernelStack:       15264 kB
PageTables:        16764 kB
NFS_Unstable:          0 kB
Bounce:                0 kB
WritebackTmp:          0 kB
CommitLimit:     1450072 kB
Committed_AS:   24102460 kB
VmallocTotal:   251658176 kB
VmallocUsed:       96504 kB
VmallocChunk:   251482716 kB


[2024-11-19 18:26:40]
MemTotal:        1858332 kB
MemFree:           47740 kB
Buffers:             436 kB
Cached:           199100 kB
SwapCached:        12720 kB
Active:           977392 kB
Inactive:         357720 kB
Active(anon):     926680 kB
Inactive(anon):   308700 kB
Active(file):      50712 kB
Inactive(file):    49020 kB
Unevictable:       99496 kB
Mlocked:           94212 kB
SwapTotal:        520908 kB
SwapFree:         372292 kB
Dirty:                 0 kB
Writeback:             0 kB
AnonPages:       1234064 kB
Mapped:           147864 kB
Shmem:               564 kB
Slab:              77272 kB
SReclaimable:      24684 kB
SUnreclaim:        52588 kB
KernelStack:       15296 kB
PageTables:        16784 kB
NFS_Unstable:          0 kB
Bounce:                0 kB
WritebackTmp:          0 kB
CommitLimit:     1450072 kB
Committed_AS:   24102504 kB
VmallocTotal:   251658176 kB
VmallocUsed:       96504 kB
VmallocChunk:   251482716 kB


[2024-11-19 18:26:43]
MemTotal:        1858332 kB
MemFree:           47592 kB
Buffers:             436 kB
Cached:           199100 kB
SwapCached:        12720 kB
Active:           977664 kB
Inactive:         357720 kB
Active(anon):     926952 kB
Inactive(anon):   308700 kB
Active(file):      50712 kB
Inactive(file):    49020 kB
Unevictable:       99496 kB
Mlocked:           94212 kB
SwapTotal:        520908 kB
SwapFree:         372292 kB
Dirty:                 0 kB
Writeback:             0 kB
AnonPages:       1234456 kB
Mapped:           147996 kB
Shmem:               564 kB
Slab:              77272 kB
SReclaimable:      24684 kB
SUnreclaim:        52588 kB
KernelStack:       15264 kB
PageTables:        16764 kB
NFS_Unstable:          0 kB
Bounce:                0 kB
WritebackTmp:          0 kB
CommitLimit:     1450072 kB
Committed_AS:   24102464 kB
VmallocTotal:   251658176 kB
VmallocUsed:       96504 kB
VmallocChunk:   251482716 kB


[2024-11-19 18:26:45]
MemTotal:        1858332 kB
MemFree:           47432 kB
Buffers:             436 kB
Cached:           199100 kB
SwapCached:        12720 kB
Active:           978076 kB
Inactive:         357720 kB
Active(anon):     927364 kB
Inactive(anon):   308700 kB
Active(file):      50712 kB
Inactive(file):    49020 kB
Unevictable:       99496 kB
Mlocked:           94212 kB
SwapTotal:        520908 kB
SwapFree:         372292 kB
Dirty:                 0 kB
Writeback:             0 kB
AnonPages:       1234660 kB
Mapped:           147832 kB
Shmem:               564 kB
Slab:              77272 kB
SReclaimable:      24684 kB
SUnreclaim:        52588 kB
KernelStack:       15280 kB
PageTables:        16764 kB
NFS_Unstable:          0 kB
Bounce:                0 kB
WritebackTmp:          0 kB
CommitLimit:     1450072 kB
Committed_AS:   24102388 kB
VmallocTotal:   251658176 kB
VmallocUsed:       96504 kB
VmallocChunk:   251482716 kB


[2024-11-19 18:26:48]
MemTotal:        1858332 kB
MemFree:           46988 kB
Buffers:             436 kB
Cached:           199100 kB
SwapCached:        12720 kB
Active:           978028 kB
Inactive:         357720 kB
Active(anon):     927316 kB
Inactive(anon):   308700 kB
Active(file):      50712 kB
Inactive(file):    49020 kB
Unevictable:       99496 kB
Mlocked:           94212 kB
SwapTotal:        520908 kB
SwapFree:         372292 kB
Dirty:                 0 kB
Writeback:             0 kB
AnonPages:       1234540 kB
Mapped:           147820 kB
Shmem:               564 kB
Slab:              77272 kB
SReclaimable:      24684 kB
SUnreclaim:        52588 kB
KernelStack:       15312 kB
PageTables:        16780 kB
NFS_Unstable:          0 kB
Bounce:                0 kB
WritebackTmp:          0 kB
CommitLimit:     1450072 kB
Committed_AS:   24102316 kB
VmallocTotal:   251658176 kB
VmallocUsed:       96504 kB
VmallocChunk:   251482716 kB


[2024-11-19 18:26:51]
MemTotal:        1858332 kB
MemFree:           46836 kB
Buffers:             436 kB
Cached:           199100 kB
SwapCached:        12720 kB
Active:           978352 kB
Inactive:         357720 kB
Active(anon):     927640 kB
Inactive(anon):   308700 kB
Active(file):      50712 kB
Inactive(file):    49020 kB
Unevictable:       99496 kB
Mlocked:           94212 kB
SwapTotal:        520908 kB
SwapFree:         372292 kB
Dirty:                 0 kB
Writeback:             0 kB
AnonPages:       1234916 kB
Mapped:           147996 kB
Shmem:               564 kB
Slab:              77272 kB
SReclaimable:      24684 kB
SUnreclaim:        52588 kB
KernelStack:       15280 kB
PageTables:        16764 kB
NFS_Unstable:          0 kB
Bounce:                0 kB
WritebackTmp:          0 kB
CommitLimit:     1450072 kB
Committed_AS:   24102528 kB
VmallocTotal:   251658176 kB
VmallocUsed:       96504 kB
VmallocChunk:   251482716 kB


[2024-11-19 18:26:53]
MemTotal:        1858332 kB
MemFree:           46516 kB
Buffers:             436 kB
Cached:           199100 kB
SwapCached:        12720 kB
Active:           978752 kB
Inactive:         357720 kB
Active(anon):     928040 kB
Inactive(anon):   308700 kB
Active(file):      50712 kB
Inactive(file):    49020 kB
Unevictable:       99496 kB
Mlocked:           94212 kB
SwapTotal:        520908 kB
SwapFree:         372292 kB
Dirty:                 0 kB
Writeback:             0 kB
AnonPages:       1235200 kB
Mapped:           148016 kB
Shmem:               564 kB
Slab:              77272 kB
SReclaimable:      24684 kB
SUnreclaim:        52588 kB
KernelStack:       15312 kB
PageTables:        16792 kB
NFS_Unstable:          0 kB
Bounce:                0 kB
WritebackTmp:          0 kB
CommitLimit:     1450072 kB
Committed_AS:   24102632 kB
VmallocTotal:   251658176 kB
VmallocUsed:       96504 kB
VmallocChunk:   251482716 kB


[2024-11-19 18:26:56]
MemTotal:        1858332 kB
MemFree:           46848 kB
Buffers:             436 kB
Cached:           199100 kB
SwapCached:        12720 kB
Active:           978460 kB
Inactive:         357720 kB
Active(anon):     927748 kB
Inactive(anon):   308700 kB
Active(file):      50712 kB
Inactive(file):    49020 kB
Unevictable:       99496 kB
Mlocked:           94212 kB
SwapTotal:        520908 kB
SwapFree:         372292 kB
Dirty:                 0 kB
Writeback:             0 kB
AnonPages:       1235212 kB
Mapped:           147996 kB
Shmem:               564 kB
Slab:              77272 kB
SReclaimable:      24684 kB
SUnreclaim:        52588 kB
KernelStack:       15280 kB
PageTables:        16764 kB
NFS_Unstable:          0 kB
Bounce:                0 kB
WritebackTmp:          0 kB
CommitLimit:     1450072 kB
Committed_AS:   24102480 kB
VmallocTotal:   251658176 kB
VmallocUsed:       96504 kB
VmallocChunk:   251482716 kB


[2024-11-19 18:26:58]
MemTotal:        1858332 kB
MemFree:           46832 kB
Buffers:             436 kB
Cached:           199100 kB
SwapCached:        12720 kB
Active:           978768 kB
Inactive:         357728 kB
Active(anon):     928056 kB
Inactive(anon):   308708 kB
Active(file):      50712 kB
Inactive(file):    49020 kB
Unevictable:       99496 kB
Mlocked:           94212 kB
SwapTotal:        520908 kB
SwapFree:         372300 kB
Dirty:                 0 kB
Writeback:             0 kB
AnonPages:       1235388 kB
Mapped:           147996 kB
Shmem:               564 kB
Slab:              77272 kB
SReclaimable:      24684 kB
SUnreclaim:        52588 kB
KernelStack:       15280 kB
PageTables:        16764 kB
NFS_Unstable:          0 kB
Bounce:                0 kB
WritebackTmp:          0 kB
CommitLimit:     1450072 kB
Committed_AS:   24102340 kB
VmallocTotal:   251658176 kB
VmallocUsed:       96504 kB
VmallocChunk:   251482716 kB


[2024-11-19 18:27:01]
MemTotal:        1858332 kB
MemFree:           46292 kB
Buffers:             436 kB
Cached:           199100 kB
SwapCached:        12720 kB
Active:           978980 kB
Inactive:         357728 kB
Active(anon):     928268 kB
Inactive(anon):   308708 kB
Active(file):      50712 kB
Inactive(file):    49020 kB
Unevictable:       99496 kB
Mlocked:           94212 kB
SwapTotal:        520908 kB
SwapFree:         372300 kB
Dirty:                 0 kB
Writeback:             0 kB
AnonPages:       1235508 kB
Mapped:           147900 kB
Shmem:               564 kB
Slab:              77272 kB
SReclaimable:      24684 kB
SUnreclaim:        52588 kB
KernelStack:       15312 kB
PageTables:        16788 kB
NFS_Unstable:          0 kB
Bounce:                0 kB
WritebackTmp:          0 kB
CommitLimit:     1450072 kB
Committed_AS:   24102576 kB
VmallocTotal:   251658176 kB
VmallocUsed:       96504 kB
VmallocChunk:   251482716 kB


[2024-11-19 18:27:04]
MemTotal:        1858332 kB
MemFree:           46148 kB
Buffers:             436 kB
Cached:           199100 kB
SwapCached:        12720 kB
Active:           979048 kB
Inactive:         357728 kB
Active(anon):     928336 kB
Inactive(anon):   308708 kB
Active(file):      50712 kB
Inactive(file):    49020 kB
Unevictable:       99496 kB
Mlocked:           94212 kB
SwapTotal:        520908 kB
SwapFree:         372304 kB
Dirty:                 0 kB
Writeback:             0 kB
AnonPages:       1235636 kB
Mapped:           147996 kB
Shmem:               564 kB
Slab:              77272 kB
SReclaimable:      24684 kB
SUnreclaim:        52588 kB
KernelStack:       15280 kB
PageTables:        16764 kB
NFS_Unstable:          0 kB
Bounce:                0 kB
WritebackTmp:          0 kB
CommitLimit:     1450072 kB
Committed_AS:   24102416 kB
VmallocTotal:   251658176 kB
VmallocUsed:       96504 kB
VmallocChunk:   251482716 kB


[2024-11-19 18:27:06]
MemTotal:        1858332 kB
MemFree:           46032 kB
Buffers:             436 kB
Cached:           199100 kB
SwapCached:        12720 kB
Active:           979384 kB
Inactive:         357732 kB
Active(anon):     928672 kB
Inactive(anon):   308712 kB
Active(file):      50712 kB
Inactive(file):    49020 kB
Unevictable:       99496 kB
Mlocked:           94212 kB
SwapTotal:        520908 kB
SwapFree:         372304 kB
Dirty:                 0 kB
Writeback:             0 kB
AnonPages:       1236068 kB
Mapped:           147864 kB
Shmem:               564 kB
Slab:              77272 kB
SReclaimable:      24684 kB
SUnreclaim:        52588 kB
KernelStack:       15312 kB
PageTables:        16784 kB
NFS_Unstable:          0 kB
Bounce:                0 kB
WritebackTmp:          0 kB
CommitLimit:     1450072 kB
Committed_AS:   24102356 kB
VmallocTotal:   251658176 kB
VmallocUsed:       96504 kB
VmallocChunk:   251482716 kB


[2024-11-19 18:27:08]
MemTotal:        1858332 kB
MemFree:           45340 kB
Buffers:             436 kB
Cached:           198912 kB
SwapCached:        12724 kB
Active:           978348 kB
Inactive:         358416 kB
Active(anon):     927916 kB
Inactive(anon):   309396 kB
Active(file):      50432 kB
Inactive(file):    49020 kB
Unevictable:       99496 kB
Mlocked:           94212 kB
SwapTotal:        520908 kB
SwapFree:         372260 kB
Dirty:                 0 kB
Writeback:             0 kB
AnonPages:       1235916 kB
Mapped:           147996 kB
Shmem:               564 kB
Slab:              77272 kB
SReclaimable:      24684 kB
SUnreclaim:        52588 kB
KernelStack:       15280 kB
PageTables:        16764 kB
NFS_Unstable:          0 kB
Bounce:                0 kB
WritebackTmp:          0 kB
CommitLimit:     1450072 kB
Committed_AS:   24102528 kB
VmallocTotal:   251658176 kB
VmallocUsed:       96504 kB
VmallocChunk:   251482716 kB


[2024-11-19 18:27:10]
MemTotal:        1858332 kB
MemFree:           47900 kB
Buffers:             416 kB
Cached:           196620 kB
SwapCached:        12720 kB
Active:           977456 kB
Inactive:         356568 kB
Active(anon):     927792 kB
Inactive(anon):   309000 kB
Active(file):      49664 kB
Inactive(file):    47568 kB
Unevictable:       99496 kB
Mlocked:           94212 kB
SwapTotal:        520908 kB
SwapFree:         371284 kB
Dirty:                 0 kB
Writeback:             0 kB
AnonPages:       1235456 kB
Mapped:           147796 kB
Shmem:               564 kB
Slab:              77272 kB
SReclaimable:      24684 kB
SUnreclaim:        52588 kB
KernelStack:       15280 kB
PageTables:        16764 kB
NFS_Unstable:          0 kB
Bounce:                0 kB
WritebackTmp:          0 kB
CommitLimit:     1450072 kB
Committed_AS:   24102580 kB
VmallocTotal:   251658176 kB
VmallocUsed:       96504 kB
VmallocChunk:   251482716 kB


[2024-11-19 18:27:12]
MemTotal:        1858332 kB
MemFree:           47924 kB
Buffers:             416 kB
Cached:           196620 kB
SwapCached:        12720 kB
Active:           977580 kB
Inactive:         356568 kB
Active(anon):     927916 kB
Inactive(anon):   309000 kB
Active(file):      49664 kB
Inactive(file):    47568 kB
Unevictable:       99496 kB
Mlocked:           94212 kB
SwapTotal:        520908 kB
SwapFree:         371284 kB
Dirty:                 0 kB
Writeback:             0 kB
AnonPages:       1235388 kB
Mapped:           147796 kB
Shmem:               564 kB
Slab:              77272 kB
SReclaimable:      24684 kB
SUnreclaim:        52588 kB
KernelStack:       15280 kB
PageTables:        16764 kB
NFS_Unstable:          0 kB
Bounce:                0 kB
WritebackTmp:          0 kB
CommitLimit:     1450072 kB
Committed_AS:   24102492 kB
VmallocTotal:   251658176 kB
VmallocUsed:       96504 kB
VmallocChunk:   251482716 kB


[2024-11-19 18:27:14]
MemTotal:        1858332 kB
MemFree:           48044 kB
Buffers:             416 kB
Cached:           196620 kB
SwapCached:        12720 kB
Active:           977676 kB
Inactive:         356556 kB
Active(anon):     928012 kB
Inactive(anon):   308988 kB
Active(file):      49664 kB
Inactive(file):    47568 kB
Unevictable:       99496 kB
Mlocked:           94212 kB
SwapTotal:        520908 kB
SwapFree:         371288 kB
Dirty:                 0 kB
Writeback:             0 kB
AnonPages:       1235532 kB
Mapped:           147980 kB
Shmem:               564 kB
Slab:              77272 kB
SReclaimable:      24684 kB
SUnreclaim:        52588 kB
KernelStack:       15280 kB
PageTables:        16764 kB
NFS_Unstable:          0 kB
Bounce:                0 kB
WritebackTmp:          0 kB
CommitLimit:     1450072 kB
Committed_AS:   24102572 kB
VmallocTotal:   251658176 kB
VmallocUsed:       96504 kB
VmallocChunk:   251482716 kB


[2024-11-19 18:27:17]
MemTotal:        1858332 kB
MemFree:           47352 kB
Buffers:             416 kB
Cached:           196620 kB
SwapCached:        12720 kB
Active:           977896 kB
Inactive:         356560 kB
Active(anon):     928232 kB
