[2024-11-19 18:03:07]
MemTotal:        1858332 kB
MemFree:           39072 kB
Buffers:             244 kB
Cached:           205484 kB
SwapCached:        12292 kB
Active:           982168 kB
Inactive:         359304 kB
Active(anon):     928924 kB
Inactive(anon):   306684 kB
Active(file):      53244 kB
Inactive(file):    52620 kB
Unevictable:       99496 kB
Mlocked:           94212 kB
SwapTotal:        520908 kB
SwapFree:         371188 kB
Dirty:                 0 kB
Writeback:             0 kB
AnonPages:       1235136 kB
Mapped:           126548 kB
Shmem:               624 kB
Slab:              77704 kB
SReclaimable:      24772 kB
SUnreclaim:        52932 kB
KernelStack:       15152 kB
PageTables:        16668 kB
NFS_Unstable:          0 kB
Bounce:                0 kB
WritebackTmp:          0 kB
CommitLimit:     1450072 kB
Committed_AS:   24000716 kB
VmallocTotal:   251658176 kB
VmallocUsed:       96584 kB
VmallocChunk:   251482716 kB


[2024-11-19 18:03:07]
MemTotal:        1858332 kB
MemFree:           39260 kB
Buffers:             244 kB
Cached:           205484 kB
SwapCached:        12292 kB
Active:           982276 kB
Inactive:         359304 kB
Active(anon):     929032 kB
Inactive(anon):   306684 kB
Active(file):      53244 kB
Inactive(file):    52620 kB
Unevictable:       99496 kB
Mlocked:           94212 kB
SwapTotal:        520908 kB
SwapFree:         371188 kB
Dirty:                 0 kB
Writeback:             0 kB
AnonPages:       1235236 kB
Mapped:           126548 kB
Shmem:               624 kB
Slab:              77704 kB
SReclaimable:      24772 kB
SUnreclaim:        52932 kB
KernelStack:       15152 kB
PageTables:        16608 kB
NFS_Unstable:          0 kB
Bounce:                0 kB
WritebackTmp:          0 kB
CommitLimit:     1450072 kB
Committed_AS:   24000820 kB
VmallocTotal:   251658176 kB
VmallocUsed:       96584 kB
VmallocChunk:   251482716 kB


[2024-11-19 18:03:07]
MemTotal:        1858332 kB
MemFree:           39224 kB
Buffers:             244 kB
Cached:           205484 kB
SwapCached:        12292 kB
Active:           982420 kB
Inactive:         359304 kB
Active(anon):     929176 kB
Inactive(anon):   306684 kB
Active(file):      53244 kB
Inactive(file):    52620 kB
Unevictable:       99496 kB
Mlocked:           94212 kB
SwapTotal:        520908 kB
SwapFree:         371188 kB
Dirty:                 0 kB
Writeback:             0 kB
AnonPages:       1235432 kB
Mapped:           126548 kB
Shmem:               624 kB
Slab:              77704 kB
SReclaimable:      24772 kB
SUnreclaim:        52932 kB
KernelStack:       15136 kB
PageTables:        16636 kB
NFS_Unstable:          0 kB
Bounce:                0 kB
WritebackTmp:          0 kB
CommitLimit:     1450072 kB
Committed_AS:   24000804 kB
VmallocTotal:   251658176 kB
VmallocUsed:       96584 kB
VmallocChunk:   251482716 kB


[2024-11-19 18:03:07]
MemTotal:        1858332 kB
MemFree:           39264 kB
Buffers:             244 kB
Cached:           205484 kB
SwapCached:        12292 kB
Active:           982424 kB
Inactive:         359308 kB
Active(anon):     929180 kB
Inactive(anon):   306688 kB
Active(file):      53244 kB
Inactive(file):    52620 kB
Unevictable:       99496 kB
Mlocked:           94212 kB
SwapTotal:        520908 kB
SwapFree:         371192 kB
Dirty:                 0 kB
Writeback:             0 kB
AnonPages:       1235348 kB
Mapped:           126548 kB
Shmem:               624 kB
Slab:              77704 kB
SReclaimable:      24772 kB
SUnreclaim:        52932 kB
KernelStack:       15152 kB
PageTables:        16636 kB
NFS_Unstable:          0 kB
Bounce:                0 kB
WritebackTmp:          0 kB
CommitLimit:     1450072 kB
Committed_AS:   24000776 kB
VmallocTotal:   251658176 kB
VmallocUsed:       96584 kB
VmallocChunk:   251482716 kB


[2024-11-19 18:03:07]
MemTotal:        1858332 kB
MemFree:           44724 kB
Buffers:             244 kB
Cached:           205484 kB
SwapCached:        12292 kB
Active:           976468 kB
Inactive:         359308 kB
Active(anon):     923224 kB
Inactive(anon):   306688 kB
Active(file):      53244 kB
Inactive(file):    52620 kB
Unevictable:       99496 kB
Mlocked:           94212 kB
SwapTotal:        520908 kB
SwapFree:         371192 kB
Dirty:                 0 kB
Writeback:             0 kB
AnonPages:       1229484 kB
Mapped:           126564 kB
Shmem:               624 kB
Slab:              77704 kB
SReclaimable:      24772 kB
SUnreclaim:        52932 kB
KernelStack:       15120 kB
PageTables:        16636 kB
NFS_Unstable:          0 kB
Bounce:                0 kB
WritebackTmp:          0 kB
CommitLimit:     1450072 kB
Committed_AS:   24000636 kB
VmallocTotal:   251658176 kB
VmallocUsed:       96584 kB
VmallocChunk:   251482716 kB


[2024-11-19 18:03:07]
MemTotal:        1858332 kB
MemFree:           44468 kB
Buffers:             244 kB
Cached:           205484 kB
SwapCached:        12292 kB
Active:           976512 kB
Inactive:         359308 kB
Active(anon):     923268 kB
Inactive(anon):   306688 kB
Active(file):      53244 kB
Inactive(file):    52620 kB
Unevictable:       99496 kB
Mlocked:           94212 kB
SwapTotal:        520908 kB
SwapFree:         371192 kB
Dirty:                 0 kB
Writeback:             0 kB
AnonPages:       1229560 kB
Mapped:           126548 kB
Shmem:               624 kB
Slab:              77704 kB
SReclaimable:      24772 kB
SUnreclaim:        52932 kB
KernelStack:       15120 kB
PageTables:        16636 kB
NFS_Unstable:          0 kB
Bounce:                0 kB
WritebackTmp:          0 kB
CommitLimit:     1450072 kB
Committed_AS:   24000720 kB
VmallocTotal:   251658176 kB
VmallocUsed:       96584 kB
VmallocChunk:   251482716 kB


[2024-11-19 18:03:07]
MemTotal:        1858332 kB
MemFree:           44620 kB
Buffers:             244 kB
Cached:           205484 kB
SwapCached:        12292 kB
Active:           976544 kB
Inactive:         359308 kB
Active(anon):     923300 kB
Inactive(anon):   306688 kB
Active(file):      53244 kB
Inactive(file):    52620 kB
Unevictable:       99496 kB
Mlocked:           94212 kB
SwapTotal:        520908 kB
SwapFree:         371192 kB
Dirty:                 0 kB
Writeback:             0 kB
AnonPages:       1229528 kB
Mapped:           126548 kB
Shmem:               624 kB
Slab:              77704 kB
SReclaimable:      24772 kB
SUnreclaim:        52932 kB
KernelStack:       15120 kB
PageTables:        16636 kB
NFS_Unstable:          0 kB
Bounce:                0 kB
WritebackTmp:          0 kB
CommitLimit:     1450072 kB
Committed_AS:   24000680 kB
VmallocTotal:   251658176 kB
VmallocUsed:       96584 kB
VmallocChunk:   251482716 kB


[2024-11-19 18:03:07]
MemTotal:        1858332 kB
MemFree:           44588 kB
Buffers:             244 kB
Cached:           205484 kB
SwapCached:        12292 kB
Active:           976668 kB
Inactive:         359308 kB
Active(anon):     923424 kB
Inactive(anon):   306688 kB
Active(file):      53244 kB
Inactive(file):    52620 kB
Unevictable:       99496 kB
Mlocked:           94212 kB
SwapTotal:        520908 kB
SwapFree:         371192 kB
Dirty:                 0 kB
Writeback:             0 kB
AnonPages:       1229704 kB
Mapped:           126548 kB
Shmem:               624 kB
Slab:              77704 kB
SReclaimable:      24772 kB
SUnreclaim:        52932 kB
KernelStack:       15120 kB
PageTables:        16636 kB
NFS_Unstable:          0 kB
Bounce:                0 kB
WritebackTmp:          0 kB
CommitLimit:     1450072 kB
Committed_AS:   24000544 kB
VmallocTotal:   251658176 kB
VmallocUsed:       96584 kB
VmallocChunk:   251482716 kB


[2024-11-19 18:03:07]
MemTotal:        1858332 kB
MemFree:           44832 kB
Buffers:             244 kB
Cached:           205484 kB
SwapCached:        12292 kB
Active:           976720 kB
Inactive:         359308 kB
Active(anon):     923476 kB
Inactive(anon):   306688 kB
Active(file):      53244 kB
Inactive(file):    52620 kB
Unevictable:       99496 kB
Mlocked:           94212 kB
SwapTotal:        520908 kB
SwapFree:         371192 kB
Dirty:                 0 kB
Writeback:             0 kB
AnonPages:       1229588 kB
Mapped:           126548 kB
Shmem:               624 kB
Slab:              77704 kB
SReclaimable:      24772 kB
SUnreclaim:        52932 kB
KernelStack:       15120 kB
PageTables:        16636 kB
NFS_Unstable:          0 kB
Bounce:                0 kB
WritebackTmp:          0 kB
CommitLimit:     1450072 kB
Committed_AS:   24000520 kB
VmallocTotal:   251658176 kB
VmallocUsed:       96584 kB
VmallocChunk:   251482716 kB


[2024-11-19 18:03:07]
MemTotal:        1858332 kB
MemFree:           43228 kB
Buffers:             244 kB
Cached:           205484 kB
SwapCached:        12292 kB
Active:           977920 kB
Inactive:         359308 kB
Active(anon):     924676 kB
Inactive(anon):   306688 kB
Active(file):      53244 kB
Inactive(file):    52620 kB
Unevictable:       99496 kB
Mlocked:           94212 kB
SwapTotal:        520908 kB
SwapFree:         371204 kB
Dirty:                 0 kB
Writeback:             0 kB
AnonPages:       1231212 kB
Mapped:           129124 kB
Shmem:               624 kB
Slab:              77704 kB
SReclaimable:      24772 kB
SUnreclaim:        52932 kB
KernelStack:       15104 kB
PageTables:        16636 kB
NFS_Unstable:          0 kB
Bounce:                0 kB
WritebackTmp:          0 kB
CommitLimit:     1450072 kB
Committed_AS:   24002332 kB
VmallocTotal:   251658176 kB
VmallocUsed:       96584 kB
VmallocChunk:   251482716 kB


[2024-11-19 18:03:07]
MemTotal:        1858332 kB
MemFree:           36460 kB
Buffers:             244 kB
Cached:           205668 kB
SwapCached:        12292 kB
Active:           984480 kB
Inactive:         358980 kB
Active(anon):     931196 kB
Inactive(anon):   306244 kB
Active(file):      53284 kB
Inactive(file):    52736 kB
Unevictable:       99496 kB
Mlocked:           94212 kB
SwapTotal:        520908 kB
SwapFree:         371208 kB
Dirty:                 0 kB
Writeback:             0 kB
AnonPages:       1236864 kB
Mapped:           129720 kB
Shmem:               624 kB
Slab:              77704 kB
SReclaimable:      24772 kB
SUnreclaim:        52932 kB
KernelStack:       15360 kB
PageTables:        16844 kB
NFS_Unstable:          0 kB
Bounce:                0 kB
WritebackTmp:          0 kB
CommitLimit:     1450072 kB
Committed_AS:   24138628 kB
VmallocTotal:   251658176 kB
VmallocUsed:       96584 kB
VmallocChunk:   251482716 kB


[2024-11-19 18:03:09]
MemTotal:        1858332 kB
MemFree:           35876 kB
Buffers:             244 kB
Cached:           205668 kB
SwapCached:        12292 kB
Active:           984508 kB
Inactive:         359004 kB
Active(anon):     931224 kB
Inactive(anon):   306240 kB
Active(file):      53284 kB
Inactive(file):    52764 kB
Unevictable:       99496 kB
Mlocked:           94212 kB
SwapTotal:        520908 kB
SwapFree:         371208 kB
Dirty:                 0 kB
Writeback:             0 kB
AnonPages:       1236856 kB
Mapped:           129720 kB
Shmem:               624 kB
Slab:              77704 kB
SReclaimable:      24772 kB
SUnreclaim:        52932 kB
KernelStack:       15360 kB
PageTables:        16844 kB
NFS_Unstable:          0 kB
Bounce:                0 kB
WritebackTmp:          0 kB
CommitLimit:     1450072 kB
Committed_AS:   24138660 kB
VmallocTotal:   251658176 kB
VmallocUsed:       96584 kB
VmallocChunk:   251482716 kB


[2024-11-19 18:03:11]
MemTotal:        1858332 kB
MemFree:           35752 kB
Buffers:             244 kB
Cached:           205668 kB
SwapCached:        12292 kB
Active:           984620 kB
Inactive:         359004 kB
Active(anon):     931336 kB
Inactive(anon):   306240 kB
Active(file):      53284 kB
Inactive(file):    52764 kB
Unevictable:       99496 kB
Mlocked:           94212 kB
SwapTotal:        520908 kB
SwapFree:         371208 kB
Dirty:                 0 kB
Writeback:             0 kB
AnonPages:       1237108 kB
Mapped:           129552 kB
Shmem:               624 kB
Slab:              77704 kB
SReclaimable:      24772 kB
SUnreclaim:        52932 kB
KernelStack:       15360 kB
PageTables:        16844 kB
NFS_Unstable:          0 kB
Bounce:                0 kB
WritebackTmp:          0 kB
CommitLimit:     1450072 kB
Committed_AS:   24138560 kB
VmallocTotal:   251658176 kB
VmallocUsed:       96584 kB
VmallocChunk:   251482716 kB


[2024-11-19 18:03:13]
MemTotal:        1858332 kB
MemFree:           35912 kB
Buffers:             244 kB
Cached:           205668 kB
SwapCached:        12292 kB
Active:           984644 kB
Inactive:         359004 kB
Active(anon):     931360 kB
Inactive(anon):   306240 kB
Active(file):      53284 kB
Inactive(file):    52764 kB
Unevictable:       99496 kB
Mlocked:           94212 kB
SwapTotal:        520908 kB
SwapFree:         371208 kB
Dirty:                 0 kB
Writeback:             0 kB
AnonPages:       1236956 kB
Mapped:           129548 kB
Shmem:               624 kB
Slab:              77704 kB
SReclaimable:      24772 kB
SUnreclaim:        52932 kB
KernelStack:       15360 kB
PageTables:        16844 kB
NFS_Unstable:          0 kB
Bounce:                0 kB
WritebackTmp:          0 kB
CommitLimit:     1450072 kB
Committed_AS:   24130396 kB
VmallocTotal:   251658176 kB
VmallocUsed:       96584 kB
VmallocChunk:   251482716 kB


[2024-11-19 18:03:16]
MemTotal:        1858332 kB
MemFree:           35696 kB
Buffers:             244 kB
Cached:           205668 kB
SwapCached:        12292 kB
Active:           984796 kB
Inactive:         359004 kB
Active(anon):     931512 kB
Inactive(anon):   306240 kB
Active(file):      53284 kB
Inactive(file):    52764 kB
Unevictable:       99496 kB
Mlocked:           94212 kB
SwapTotal:        520908 kB
SwapFree:         371208 kB
Dirty:                 0 kB
Writeback:             0 kB
AnonPages:       1237240 kB
Mapped:           129732 kB
Shmem:               624 kB
Slab:              77704 kB
SReclaimable:      24772 kB
SUnreclaim:        52932 kB
KernelStack:       15360 kB
PageTables:        16844 kB
NFS_Unstable:          0 kB
Bounce:                0 kB
WritebackTmp:          0 kB
CommitLimit:     1450072 kB
Committed_AS:   24130488 kB
VmallocTotal:   251658176 kB
VmallocUsed:       96584 kB
VmallocChunk:   251482716 kB


[2024-11-19 18:03:18]
MemTotal:        1858332 kB
MemFree:           36036 kB
Buffers:             244 kB
Cached:           205668 kB
SwapCached:        12292 kB
Active:           984980 kB
Inactive:         359004 kB
Active(anon):     931696 kB
Inactive(anon):   306240 kB
Active(file):      53284 kB
Inactive(file):    52764 kB
Unevictable:       99496 kB
Mlocked:           94212 kB
SwapTotal:        520908 kB
SwapFree:         371208 kB
Dirty:                 0 kB
Writeback:             0 kB
AnonPages:       1237548 kB
Mapped:           129784 kB
Shmem:               624 kB
Slab:              77704 kB
SReclaimable:      24772 kB
SUnreclaim:        52932 kB
KernelStack:       15392 kB
PageTables:        16868 kB
NFS_Unstable:          0 kB
Bounce:                0 kB
WritebackTmp:          0 kB
CommitLimit:     1450072 kB
Committed_AS:   24138568 kB
VmallocTotal:   251658176 kB
VmallocUsed:       96584 kB
VmallocChunk:   251482716 kB


[2024-11-19 18:03:20]
MemTotal:        1858332 kB
MemFree:           35164 kB
Buffers:             244 kB
Cached:           205668 kB
SwapCached:        12292 kB
Active:           985244 kB
Inactive:         359004 kB
Active(anon):     931960 kB
Inactive(anon):   306240 kB
Active(file):      53284 kB
Inactive(file):    52764 kB
Unevictable:       99496 kB
Mlocked:           94212 kB
SwapTotal:        520908 kB
SwapFree:         371208 kB
Dirty:                 0 kB
Writeback:             0 kB
AnonPages:       1237736 kB
Mapped:           129732 kB
Shmem:               624 kB
Slab:              77704 kB
SReclaimable:      24772 kB
SUnreclaim:        52932 kB
KernelStack:       15360 kB
PageTables:        16844 kB
NFS_Unstable:          0 kB
Bounce:                0 kB
WritebackTmp:          0 kB
CommitLimit:     1450072 kB
Committed_AS:   24138764 kB
VmallocTotal:   251658176 kB
VmallocUsed:       96584 kB
VmallocChunk:   251482716 kB


[2024-11-19 18:03:22]
MemTotal:        1858332 kB
MemFree:           35368 kB
Buffers:             244 kB
Cached:           205668 kB
SwapCached:        12292 kB
Active:           985368 kB
Inactive:         359004 kB
Active(anon):     932084 kB
Inactive(anon):   306240 kB
Active(file):      53284 kB
Inactive(file):    52764 kB
Unevictable:       99496 kB
Mlocked:           94212 kB
SwapTotal:        520908 kB
SwapFree:         371208 kB
Dirty:                 0 kB
Writeback:             0 kB
AnonPages:       1237976 kB
Mapped:           129548 kB
Shmem:               624 kB
Slab:              77704 kB
SReclaimable:      24772 kB
SUnreclaim:        52932 kB
KernelStack:       15360 kB
PageTables:        16844 kB
NFS_Unstable:          0 kB
Bounce:                0 kB
WritebackTmp:          0 kB
CommitLimit:     1450072 kB
Committed_AS:   24138644 kB
VmallocTotal:   251658176 kB
VmallocUsed:       96584 kB
VmallocChunk:   251482716 kB


[2024-11-19 18:03:25]
MemTotal:        1858332 kB
MemFree:           35060 kB
Buffers:             244 kB
Cached:           205668 kB
SwapCached:        12292 kB
Active:           985628 kB
Inactive:         359004 kB
Active(anon):     932344 kB
Inactive(anon):   306240 kB
Active(file):      53284 kB
Inactive(file):    52764 kB
Unevictable:       99496 kB
Mlocked:           94212 kB
SwapTotal:        520908 kB
SwapFree:         371208 kB
Dirty:                 0 kB
Writeback:             0 kB
AnonPages:       1238152 kB
Mapped:           129732 kB
Shmem:               624 kB
Slab:              77704 kB
SReclaimable:      24772 kB
SUnreclaim:        52932 kB
KernelStack:       15360 kB
PageTables:        16844 kB
NFS_Unstable:          0 kB
Bounce:                0 kB
WritebackTmp:          0 kB
CommitLimit:     1450072 kB
Committed_AS:   24130604 kB
VmallocTotal:   251658176 kB
VmallocUsed:       96584 kB
VmallocChunk:   251482716 kB


[2024-11-19 18:03:27]
MemTotal:        1858332 kB
MemFree:           34612 kB
Buffers:             244 kB
Cached:           205668 kB
SwapCached:        12292 kB
Active:           985620 kB
Inactive:         359004 kB
Active(anon):     932336 kB
Inactive(anon):   306240 kB
Active(file):      53284 kB
Inactive(file):    52764 kB
Unevictable:       99496 kB
Mlocked:           94212 kB
SwapTotal:        520908 kB
SwapFree:         371208 kB
Dirty:                 0 kB
Writeback:             0 kB
AnonPages:       1238272 kB
Mapped:           129776 kB
Shmem:               624 kB
Slab:              77704 kB
SReclaimable:      24772 kB
SUnreclaim:        52932 kB
KernelStack:       15392 kB
PageTables:        16872 kB
NFS_Unstable:          0 kB
Bounce:                0 kB
WritebackTmp:          0 kB
CommitLimit:     1450072 kB
Committed_AS:   24138708 kB
VmallocTotal:   251658176 kB
VmallocUsed:       96584 kB
VmallocChunk:   251482716 kB


[2024-11-19 18:03:29]
MemTotal:        1858332 kB
MemFree:           34580 kB
Buffers:             244 kB
Cached:           205668 kB
SwapCached:        12292 kB
Active:           985720 kB
Inactive:         359004 kB
Active(anon):     932436 kB
Inactive(anon):   306240 kB
Active(file):      53284 kB
Inactive(file):    52764 kB
Unevictable:       99496 kB
Mlocked:           94212 kB
SwapTotal:        520908 kB
SwapFree:         371208 kB
Dirty:                 0 kB
Writeback:             0 kB
AnonPages:       1238208 kB
Mapped:           129732 kB
Shmem:               624 kB
Slab:              77704 kB
SReclaimable:      24772 kB
SUnreclaim:        52932 kB
KernelStack:       15328 kB
PageTables:        16844 kB
NFS_Unstable:          0 kB
Bounce:                0 kB
WritebackTmp:          0 kB
CommitLimit:     1450072 kB
Committed_AS:   24138612 kB
VmallocTotal:   251658176 kB
VmallocUsed:       96584 kB
VmallocChunk:   251482716 kB


[2024-11-19 18:03:31]
MemTotal:        1858332 kB
MemFree:           35576 kB
Buffers:             244 kB
Cached:           204300 kB
SwapCached:        12292 kB
Active:           981656 kB
Inactive:         361988 kB
Active(anon):     929424 kB
Inactive(anon):   309540 kB
Active(file):      52232 kB
Inactive(file):    52448 kB
Unevictable:       99496 kB
Mlocked:           94212 kB
SwapTotal:        520908 kB
SwapFree:         371220 kB
Dirty:                 0 kB
Writeback:             0 kB
AnonPages:       1238484 kB
Mapped:           129840 kB
Shmem:               624 kB
Slab:              77704 kB
SReclaimable:      24772 kB
SUnreclaim:        52932 kB
KernelStack:       15360 kB
PageTables:        16844 kB
NFS_Unstable:          0 kB
Bounce:                0 kB
WritebackTmp:          0 kB
CommitLimit:     1450072 kB
Committed_AS:   24138680 kB
VmallocTotal:   251658176 kB
VmallocUsed:       96584 kB
VmallocChunk:   251482716 kB


[2024-11-19 18:03:33]
MemTotal:        1858332 kB
MemFree:           35764 kB
Buffers:             244 kB
Cached:           204300 kB
SwapCached:        12292 kB
Active:           981536 kB
Inactive:         361988 kB
Active(anon):     929304 kB
Inactive(anon):   309540 kB
Active(file):      52232 kB
Inactive(file):    52448 kB
Unevictable:       99496 kB
Mlocked:           94212 kB
SwapTotal:        520908 kB
SwapFree:         371220 kB
Dirty:                 0 kB
Writeback:             0 kB
AnonPages:       1238300 kB
Mapped:           129840 kB
Shmem:               624 kB
Slab:              77704 kB
SReclaimable:      24772 kB
SUnreclaim:        52932 kB
KernelStack:       15360 kB
PageTables:        16844 kB
NFS_Unstable:          0 kB
Bounce:                0 kB
WritebackTmp:          0 kB
CommitLimit:     1450072 kB
Committed_AS:   24138652 kB
VmallocTotal:   251658176 kB
VmallocUsed:       96584 kB
VmallocChunk:   251482716 kB


[2024-11-19 18:03:35]
MemTotal:        1858332 kB
MemFree:           35608 kB
Buffers:             244 kB
Cached:           204300 kB
SwapCached:        12292 kB
Active:           981792 kB
Inactive:         361988 kB
Active(anon):     929560 kB
Inactive(anon):   309540 kB
Active(file):      52232 kB
Inactive(file):    52448 kB
Unevictable:       99496 kB
Mlocked:           94212 kB
SwapTotal:        520908 kB
SwapFree:         371220 kB
Dirty:                 0 kB
Writeback:             0 kB
AnonPages:       1238748 kB
Mapped:           129840 kB
Shmem:               624 kB
Slab:              77704 kB
SReclaimable:      24772 kB
SUnreclaim:        52932 kB
KernelStack:       15344 kB
PageTables:        16844 kB
NFS_Unstable:          0 kB
Bounce:                0 kB
WritebackTmp:          0 kB
CommitLimit:     1450072 kB
Committed_AS:   24138664 kB
VmallocTotal:   251658176 kB
VmallocUsed:       96584 kB
VmallocChunk:   251482716 kB


[2024-11-19 18:03:37]
MemTotal:        1858332 kB
MemFree:           35516 kB
Buffers:             244 kB
Cached:           204300 kB
SwapCached:        12292 kB
Active:           981936 kB
Inactive:         361988 kB
Active(anon):     929704 kB
Inactive(anon):   309540 kB
Active(file):      52232 kB
Inactive(file):    52448 kB
Unevictable:       99496 kB
Mlocked:           94212 kB
SwapTotal:        520908 kB
SwapFree:         371220 kB
Dirty:                 0 kB
Writeback:             0 kB
AnonPages:       1238776 kB
Mapped:           129840 kB
Shmem:               624 kB
Slab:              77704 kB
SReclaimable:      24772 kB
SUnreclaim:        52932 kB
KernelStack:       15344 kB
PageTables:        16844 kB
NFS_Unstable:          0 kB
Bounce:                0 kB
WritebackTmp:          0 kB
CommitLimit:     1450072 kB
Committed_AS:   24138672 kB
VmallocTotal:   251658176 kB
VmallocUsed:       96584 kB
VmallocChunk:   251482716 kB


[2024-11-19 18:03:40]
MemTotal:        1858332 kB
MemFree:           35200 kB
Buffers:             244 kB
Cached:           204300 kB
SwapCached:        12292 kB
Active:           982308 kB
Inactive:         361988 kB
Active(anon):     930076 kB
Inactive(anon):   309540 kB
Active(file):      52232 kB
Inactive(file):    52448 kB
Unevictable:       99496 kB
Mlocked:           94212 kB
SwapTotal:        520908 kB
SwapFree:         371220 kB
Dirty:                 0 kB
Writeback:             0 kB
AnonPages:       1239128 kB
Mapped:           129840 kB
Shmem:               624 kB
Slab:              77704 kB
SReclaimable:      24772 kB
SUnreclaim:        52932 kB
KernelStack:       15360 kB
PageTables:        16844 kB
NFS_Unstable:          0 kB
Bounce:                0 kB
WritebackTmp:          0 kB
CommitLimit:     1450072 kB
Committed_AS:   24138556 kB
VmallocTotal:   251658176 kB
VmallocUsed:       96584 kB
VmallocChunk:   251482716 kB


[2024-11-19 18:03:42]
MemTotal:        1858332 kB
MemFree:           34840 kB
Buffers:             244 kB
Cached:           204300 kB
SwapCached:        12292 kB
Active:           982320 kB
Inactive:         361988 kB
Active(anon):     930088 kB
Inactive(anon):   309540 kB
Active(file):      52232 kB
Inactive(file):    52448 kB
Unevictable:       99496 kB
Mlocked:           94212 kB
SwapTotal:        520908 kB
SwapFree:         371220 kB
Dirty:                 0 kB
Writeback:             0 kB
AnonPages:       1239276 kB
Mapped:           129840 kB
Shmem:               624 kB
Slab:              77704 kB
SReclaimable:      24772 kB
SUnreclaim:        52932 kB
KernelStack:       15360 kB
PageTables:        16844 kB
NFS_Unstable:          0 kB
Bounce:                0 kB
WritebackTmp:          0 kB
CommitLimit:     1450072 kB
Committed_AS:   24138612 kB
VmallocTotal:   251658176 kB
VmallocUsed:       96584 kB
VmallocChunk:   251482716 kB


[2024-11-19 18:03:44]
MemTotal:        1858332 kB
MemFree:           34536 kB
Buffers:             244 kB
Cached:           204300 kB
SwapCached:        12292 kB
Active:           982608 kB
Inactive:         361988 kB
Active(anon):     930376 kB
Inactive(anon):   309540 kB
Active(file):      52232 kB
Inactive(file):    52448 kB
Unevictable:       99496 kB
Mlocked:           94212 kB
SwapTotal:        520908 kB
SwapFree:         371220 kB
Dirty:                 0 kB
Writeback:             0 kB
AnonPages:       1239368 kB
Mapped:           129656 kB
Shmem:               624 kB
Slab:              77704 kB
SReclaimable:      24772 kB
SUnreclaim:        52932 kB
KernelStack:       15376 kB
PageTables:        16876 kB
NFS_Unstable:          0 kB
Bounce:                0 kB
WritebackTmp:          0 kB
CommitLimit:     1450072 kB
Committed_AS:   24138692 kB
VmallocTotal:   251658176 kB
VmallocUsed:       96584 kB
VmallocChunk:   251482716 kB


[2024-11-19 18:03:46]
MemTotal:        1858332 kB
MemFree:           34548 kB
Buffers:             244 kB
Cached:           204300 kB
SwapCached:        12292 kB
Active:           982672 kB
Inactive:         361988 kB
Active(anon):     930440 kB
Inactive(anon):   309540 kB
Active(file):      52232 kB
Inactive(file):    52448 kB
Unevictable:       99496 kB
Mlocked:           94212 kB
SwapTotal:        520908 kB
SwapFree:         371220 kB
Dirty:                 0 kB
Writeback:             0 kB
AnonPages:       1239492 kB
Mapped:           129840 kB
Shmem:               624 kB
Slab:              77704 kB
SReclaimable:      24772 kB
SUnreclaim:        52932 kB
KernelStack:       15328 kB
PageTables:        16844 kB
NFS_Unstable:          0 kB
Bounce:                0 kB
WritebackTmp:          0 kB
CommitLimit:     1450072 kB
Committed_AS:   24130404 kB
VmallocTotal:   251658176 kB
VmallocUsed:       96584 kB
VmallocChunk:   251482716 kB


[2024-11-19 18:03:48]
MemTotal:        1858332 kB
MemFree:           34516 kB
Buffers:             244 kB
Cached:           204300 kB
SwapCached:        12292 kB
Active:           982532 kB
Inactive:         361920 kB
Active(anon):     930300 kB
Inactive(anon):   309472 kB
Active(file):      52232 kB
Inactive(file):    52448 kB
Unevictable:       99496 kB
Mlocked:           94212 kB
SwapTotal:        520908 kB
SwapFree:         371236 kB
Dirty:                 0 kB
Writeback:             0 kB
AnonPages:       1239448 kB
Mapped:           129840 kB
Shmem:               624 kB
Slab:              77704 kB
SReclaimable:      24772 kB
SUnreclaim:        52932 kB
KernelStack:       15360 kB
PageTables:        16844 kB
NFS_Unstable:          0 kB
Bounce:                0 kB
WritebackTmp:          0 kB
CommitLimit:     1450072 kB
Committed_AS:   24130400 kB
VmallocTotal:   251658176 kB
VmallocUsed:       96584 kB
VmallocChunk:   251482716 kB


[2024-11-19 18:03:50]
MemTotal:        1858332 kB
MemFree:           40740 kB
Buffers:             244 kB
Cached:           204300 kB
SwapCached:        12292 kB
Active:           977012 kB
Inactive:         361792 kB
Active(anon):     924656 kB
Inactive(anon):   309468 kB
Active(file):      52356 kB
Inactive(file):    52324 kB
Unevictable:       99496 kB
Mlocked:           94212 kB
SwapTotal:        520908 kB
SwapFree:         371236 kB
Dirty:                 0 kB
Writeback:             0 kB
AnonPages:       1234032 kB
Mapped:           128920 kB
Shmem:               624 kB
Slab:              77704 kB
SReclaimable:      24772 kB
SUnreclaim:        52932 kB
KernelStack:       15360 kB
PageTables:        16660 kB
NFS_Unstable:          0 kB
Bounce:                0 kB
WritebackTmp:          0 kB
CommitLimit:     1450072 kB
Committed_AS:   24002240 kB
VmallocTotal:   251658176 kB
VmallocUsed:       96584 kB
VmallocChunk:   251482716 kB


[2024-11-19 18:03:53]
MemTotal:        1858332 kB
MemFree:           42052 kB
Buffers:             244 kB
Cached:           204300 kB
SwapCached:        12292 kB
Active:           976492 kB
Inactive:         361720 kB
Active(anon):     924064 kB
Inactive(anon):   309468 kB
Active(file):      52428 kB
Inactive(file):    52252 kB
Unevictable:       99496 kB
Mlocked:           94212 kB
SwapTotal:        520908 kB
SwapFree:         371236 kB
Dirty:                 0 kB
Writeback:             0 kB
AnonPages:       1233076 kB
Mapped:           126740 kB
Shmem:               624 kB
Slab:              77704 kB
SReclaimable:      24772 kB
SUnreclaim:        52932 kB
KernelStack:       15168 kB
PageTables:        16656 kB
NFS_Unstable:          0 kB
Bounce:                0 kB
WritebackTmp:          0 kB
CommitLimit:     1450072 kB
Committed_AS:   24000676 kB
VmallocTotal:   251658176 kB
VmallocUsed:       96584 kB
VmallocChunk:   251482716 kB


[2024-11-19 18:03:55]
MemTotal:        1858332 kB
MemFree:           39512 kB
Buffers:             244 kB
Cached:           206488 kB
SwapCached:        12292 kB
Active:           976608 kB
Inactive:         363992 kB
Active(anon):     924180 kB
Inactive(anon):   309468 kB
Active(file):      52428 kB
Inactive(file):    54524 kB
Unevictable:       99496 kB
Mlocked:           94212 kB
SwapTotal:        520908 kB
SwapFree:         371236 kB
Dirty:                 0 kB
Writeback:             0 kB
AnonPages:       1233316 kB
Mapped:           126732 kB
Shmem:               624 kB
Slab:              77704 kB
SReclaimable:      24772 kB
SUnreclaim:        52932 kB
KernelStack:       15168 kB
PageTables:        16656 kB
NFS_Unstable:          0 kB
Bounce:                0 kB
WritebackTmp:          0 kB
CommitLimit:     1450072 kB
Committed_AS:   24000744 kB
VmallocTotal:   251658176 kB
VmallocUsed:       96584 kB
VmallocChunk:   251482716 kB


[2024-11-19 18:03:57]
MemTotal:        1858332 kB
MemFree:           39372 kB
Buffers:             244 kB
Cached:           206604 kB
SwapCached:        12292 kB
Active:           977076 kB
Inactive:         364024 kB
Active(anon):     924648 kB
Inactive(anon):   309468 kB
Active(file):      52428 kB
Inactive(file):    54556 kB
Unevictable:       99496 kB
Mlocked:           94212 kB
SwapTotal:        520908 kB
SwapFree:         371236 kB
Dirty:                 0 kB
Writeback:             0 kB
AnonPages:       1233564 kB
Mapped:           126820 kB
Shmem:               624 kB
Slab:              77792 kB
SReclaimable:      24772 kB
SUnreclaim:        53020 kB
KernelStack:       15168 kB
PageTables:        16656 kB
NFS_Unstable:          0 kB
Bounce:                0 kB
WritebackTmp:          0 kB
CommitLimit:     1450072 kB
Committed_AS:   24000608 kB
VmallocTotal:   251658176 kB
VmallocUsed:       96584 kB
VmallocChunk:   251482716 kB


[2024-11-19 18:03:59]
MemTotal:        1858332 kB
MemFree:           39416 kB
Buffers:             244 kB
Cached:           206604 kB
SwapCached:        12292 kB
Active:           977252 kB
Inactive:         364024 kB
Active(anon):     924824 kB
Inactive(anon):   309468 kB
Active(file):      52428 kB
Inactive(file):    54556 kB
Unevictable:       99496 kB
Mlocked:           94212 kB
SwapTotal:        520908 kB
SwapFree:         371236 kB
Dirty:                 0 kB
Writeback:             0 kB
AnonPages:       1233824 kB
Mapped:           126848 kB
Shmem:               624 kB
Slab:              77792 kB
SReclaimable:      24772 kB
SUnreclaim:        53020 kB
KernelStack:       15200 kB
PageTables:        16672 kB
NFS_Unstable:          0 kB
Bounce:                0 kB
WritebackTmp:          0 kB
CommitLimit:     1450072 kB
Committed_AS:   24000692 kB
VmallocTotal:   251658176 kB
VmallocUsed:       96584 kB
VmallocChunk:   251482716 kB


[2024-11-19 18:04:01]
MemTotal:        1858332 kB
MemFree:           39152 kB
Buffers:             244 kB
Cached:           206604 kB
SwapCached:        12292 kB
Active:           977200 kB
Inactive:         364024 kB
Active(anon):     924772 kB
Inactive(anon):   309468 kB
Active(file):      52428 kB
Inactive(file):    54556 kB
Unevictable:       99496 kB
Mlocked:           94212 kB
SwapTotal:        520908 kB
SwapFree:         371236 kB
Dirty:                 0 kB
Writeback:             0 kB
AnonPages:       1233752 kB
Mapped:           126712 kB
Shmem:               624 kB
Slab:              77792 kB
SReclaimable:      24772 kB
SUnreclaim:        53020 kB
KernelStack:       15088 kB
PageTables:        16616 kB
NFS_Unstable:          0 kB
Bounce:                0 kB
WritebackTmp:          0 kB
CommitLimit:     1450072 kB
Committed_AS:   24000672 kB
VmallocTotal:   251658176 kB
VmallocUsed:       96584 kB
VmallocChunk:   251482716 kB


[2024-11-19 18:04:03]
MemTotal:        1858332 kB
MemFree:           38956 kB
Buffers:             244 kB
Cached:           206604 kB
SwapCached:        12292 kB
Active:           977392 kB
Inactive:         364024 kB
Active(anon):     924964 kB
Inactive(anon):   309468 kB
Active(file):      52428 kB
Inactive(file):    54556 kB
Unevictable:       99496 kB
Mlocked:           94212 kB
SwapTotal:        520908 kB
SwapFree:         371236 kB
Dirty:                 0 kB
Writeback:             0 kB
AnonPages:       1233932 kB
Mapped:           126712 kB
Shmem:               624 kB
Slab:              77792 kB
SReclaimable:      24772 kB
SUnreclaim:        53020 kB
KernelStack:       15120 kB
PageTables:        16672 kB
NFS_Unstable:          0 kB
Bounce:                0 kB
WritebackTmp:          0 kB
CommitLimit:     1450072 kB
Committed_AS:   24000744 kB
VmallocTotal:   251658176 kB
VmallocUsed:       96584 kB
VmallocChunk:   251482716 kB


[2024-11-19 18:04:05]
MemTotal:        1858332 kB
MemFree:           38812 kB
Buffers:             244 kB
Cached:           206604 kB
SwapCached:        12292 kB
Active:           977500 kB
Inactive:         364024 kB
Active(anon):     925072 kB
Inactive(anon):   309468 kB
Active(file):      52428 kB
Inactive(file):    54556 kB
Unevictable:       99496 kB
Mlocked:           94212 kB
SwapTotal:        520908 kB
SwapFree:         371236 kB
Dirty:                 0 kB
Writeback:             0 kB
AnonPages:       1234048 kB
Mapped:           126728 kB
Shmem:               624 kB
Slab:              77792 kB
SReclaimable:      24772 kB
SUnreclaim:        53020 kB
KernelStack:       15104 kB
PageTables:        16636 kB
NFS_Unstable:          0 kB
Bounce:                0 kB
WritebackTmp:          0 kB
CommitLimit:     1450072 kB
Committed_AS:   24000668 kB
VmallocTotal:   251658176 kB
VmallocUsed:       96584 kB
VmallocChunk:   251482716 kB


[2024-11-19 18:04:07]
MemTotal:        1858332 kB
MemFree:           38176 kB
Buffers:             244 kB
Cached:           206604 kB
SwapCached:        12292 kB
Active:           977876 kB
Inactive:         364024 kB
Active(anon):     925448 kB
Inactive(anon):   309468 kB
Active(file):      52428 kB
Inactive(file):    54556 kB
Unevictable:       99496 kB
Mlocked:           94212 kB
SwapTotal:        520908 kB
SwapFree:         371236 kB
Dirty:                 0 kB
Writeback:             0 kB
AnonPages:       1234308 kB
Mapped:           126712 kB
Shmem:               624 kB
Slab:              77792 kB
SReclaimable:      24772 kB
SUnreclaim:        53020 kB
KernelStack:       15104 kB
PageTables:        16636 kB
NFS_Unstable:          0 kB
Bounce:                0 kB
WritebackTmp:          0 kB
CommitLimit:     1450072 kB
Committed_AS:   24000656 kB
VmallocTotal:   251658176 kB
VmallocUsed:       96584 kB
VmallocChunk:   251482716 kB


[2024-11-19 18:04:09]
MemTotal:        1858332 kB
MemFree:           38524 kB
Buffers:             244 kB
Cached:           206604 kB
SwapCached:        12292 kB
Active:           977956 kB
Inactive:         364024 kB
Active(anon):     925528 kB
Inactive(anon):   309468 kB
Active(file):      52428 kB
Inactive(file):    54556 kB
Unevictable:       99496 kB
Mlocked:           94212 kB
SwapTotal:        520908 kB
SwapFree:         371236 kB
Dirty:                 0 kB
Writeback:             0 kB
AnonPages:       1234516 kB
Mapped:           126712 kB
Shmem:               624 kB
Slab:              77792 kB
SReclaimable:      24772 kB
SUnreclaim:        53020 kB
KernelStack:       15088 kB
PageTables:        16616 kB
NFS_Unstable:          0 kB
Bounce:                0 kB
WritebackTmp:          0 kB
CommitLimit:     1450072 kB
Committed_AS:   24000712 kB
VmallocTotal:   251658176 kB
VmallocUsed:       96584 kB
VmallocChunk:   251482716 kB


[2024-11-19 18:04:11]
MemTotal:        1858332 kB
MemFree:           38268 kB
Buffers:             244 kB
Cached:           206604 kB
SwapCached:        12292 kB
Active:           978164 kB
Inactive:         364024 kB
Active(anon):     925736 kB
Inactive(anon):   309468 kB
Active(file):      52428 kB
Inactive(file):    54556 kB
Unevictable:       99496 kB
Mlocked:           94212 kB
SwapTotal:        520908 kB
SwapFree:         371236 kB
Dirty:                 0 kB
Writeback:             0 kB
AnonPages:       1234908 kB
Mapped:           126704 kB
Shmem:               624 kB
Slab:              77792 kB
SReclaimable:      24772 kB
SUnreclaim:        53020 kB
KernelStack:       15088 kB
PageTables:        16636 kB
NFS_Unstable:          0 kB
Bounce:                0 kB
WritebackTmp:          0 kB
CommitLimit:     1450072 kB
Committed_AS:   24000692 kB
VmallocTotal:   251658176 kB
VmallocUsed:       96584 kB
VmallocChunk:   251482716 kB


[2024-11-19 18:04:14]
MemTotal:        1858332 kB
MemFree:           38296 kB
Buffers:             244 kB
Cached:           206604 kB
SwapCached:        12292 kB
Active:           978132 kB
Inactive:         364024 kB
Active(anon):     925704 kB
Inactive(anon):   309468 kB
Active(file):      52428 kB
Inactive(file):    54556 kB
Unevictable:       99496 kB
Mlocked:           94212 kB
SwapTotal:        520908 kB
SwapFree:         371236 kB
Dirty:                 0 kB
Writeback:             0 kB
AnonPages:       1234620 kB
Mapped:           126712 kB
Shmem:               624 kB
Slab:              77792 kB
SReclaimable:      24772 kB
SUnreclaim:        53020 kB
KernelStack:       15088 kB
PageTables:        16636 kB
NFS_Unstable:          0 kB
Bounce:                0 kB
WritebackTmp:          0 kB
CommitLimit:     1450072 kB
Committed_AS:   24000672 kB
VmallocTotal:   251658176 kB
VmallocUsed:       96584 kB
VmallocChunk:   251482716 kB


