[2024-11-20 08:24:24]
MemTotal:        1858332 kB
MemFree:          115296 kB
Buffers:             752 kB
Cached:          1190536 kB
SwapCached:        19116 kB
Active:           674164 kB
Inactive:         588636 kB
Active(anon):     128580 kB
Inactive(anon):    42904 kB
Active(file):     545584 kB
Inactive(file):   545732 kB
Unevictable:       99496 kB
Mlocked:           94212 kB
SwapTotal:        520908 kB
SwapFree:         372432 kB
Dirty:             31676 kB
Writeback:           184 kB
AnonPages:        170192 kB
Mapped:           312860 kB
Shmem:               668 kB
Slab:              88860 kB
SReclaimable:      35216 kB
SUnreclaim:        53644 kB
KernelStack:       15616 kB
PageTables:        15020 kB
NFS_Unstable:          0 kB
Bounce:                0 kB
WritebackTmp:          0 kB
CommitLimit:     1450072 kB
Committed_AS:   27944364 kB
VmallocTotal:   251658176 kB
VmallocUsed:      101692 kB
VmallocChunk:   251482716 kB


[2024-11-20 08:24:24]
MemTotal:        1858332 kB
MemFree:          113180 kB
Buffers:             764 kB
Cached:          1195400 kB
SwapCached:        19116 kB
Active:           676936 kB
Inactive:         591160 kB
Active(anon):     129088 kB
Inactive(anon):    43076 kB
Active(file):     547848 kB
Inactive(file):   548084 kB
Unevictable:       99496 kB
Mlocked:           94212 kB
SwapTotal:        520908 kB
SwapFree:         372432 kB
Dirty:             23332 kB
Writeback:             0 kB
AnonPages:        170768 kB
Mapped:           343572 kB
Shmem:               668 kB
Slab:              88320 kB
SReclaimable:      34644 kB
SUnreclaim:        53676 kB
KernelStack:       15616 kB
PageTables:        15080 kB
NFS_Unstable:          0 kB
Bounce:                0 kB
WritebackTmp:          0 kB
CommitLimit:     1450072 kB
Committed_AS:   27944260 kB
VmallocTotal:   251658176 kB
VmallocUsed:      101692 kB
VmallocChunk:   251482716 kB


[2024-11-20 08:24:24]
MemTotal:        1858332 kB
MemFree:          113444 kB
Buffers:             756 kB
Cached:          1199000 kB
SwapCached:        19116 kB
Active:           678460 kB
Inactive:         593472 kB
Active(anon):     128968 kB
Inactive(anon):    43052 kB
Active(file):     549492 kB
Inactive(file):   550420 kB
Unevictable:       99496 kB
Mlocked:           94212 kB
SwapTotal:        520908 kB
SwapFree:         372432 kB
Dirty:             52468 kB
Writeback:             0 kB
AnonPages:        170400 kB
Mapped:           380728 kB
Shmem:               668 kB
Slab:              87532 kB
SReclaimable:      33888 kB
SUnreclaim:        53644 kB
KernelStack:       15616 kB
PageTables:        15128 kB
NFS_Unstable:          0 kB
Bounce:                0 kB
WritebackTmp:          0 kB
CommitLimit:     1450072 kB
Committed_AS:   27944416 kB
VmallocTotal:   251658176 kB
VmallocUsed:      101692 kB
VmallocChunk:   251482716 kB


[2024-11-20 08:24:24]
MemTotal:        1858332 kB
MemFree:          113248 kB
Buffers:             764 kB
Cached:          1200716 kB
SwapCached:        19116 kB
Active:           679508 kB
Inactive:         594144 kB
Active(anon):     129028 kB
Inactive(anon):    43104 kB
Active(file):     550480 kB
Inactive(file):   551040 kB
Unevictable:       99496 kB
Mlocked:           94212 kB
SwapTotal:        520908 kB
SwapFree:         372432 kB
Dirty:             39272 kB
Writeback:           184 kB
AnonPages:        170412 kB
Mapped:           405888 kB
Shmem:               668 kB
Slab:              87044 kB
SReclaimable:      33368 kB
SUnreclaim:        53676 kB
KernelStack:       15616 kB
PageTables:        15204 kB
NFS_Unstable:          0 kB
Bounce:                0 kB
WritebackTmp:          0 kB
CommitLimit:     1450072 kB
Committed_AS:   27944528 kB
VmallocTotal:   251658176 kB
VmallocUsed:      101692 kB
VmallocChunk:   251482716 kB


[2024-11-20 08:24:24]
MemTotal:        1858332 kB
MemFree:          112892 kB
Buffers:             760 kB
Cached:          1201880 kB
SwapCached:        19116 kB
Active:           679704 kB
Inactive:         594892 kB
Active(anon):     129172 kB
Inactive(anon):    42944 kB
Active(file):     550532 kB
Inactive(file):   551948 kB
Unevictable:       99496 kB
Mlocked:           94212 kB
SwapTotal:        520908 kB
SwapFree:         372432 kB
Dirty:              3112 kB
Writeback:             0 kB
AnonPages:        170440 kB
Mapped:           432264 kB
Shmem:               668 kB
Slab:              86664 kB
SReclaimable:      32924 kB
SUnreclaim:        53740 kB
KernelStack:       15616 kB
PageTables:        15260 kB
NFS_Unstable:          0 kB
Bounce:                0 kB
WritebackTmp:          0 kB
CommitLimit:     1450072 kB
Committed_AS:   27944412 kB
VmallocTotal:   251658176 kB
VmallocUsed:      101692 kB
VmallocChunk:   251482716 kB


[2024-11-20 08:24:24]
MemTotal:        1858332 kB
MemFree:          111884 kB
Buffers:             764 kB
Cached:          1203240 kB
SwapCached:        19116 kB
Active:           680432 kB
Inactive:         596160 kB
Active(anon):     129500 kB
Inactive(anon):    43108 kB
Active(file):     550932 kB
Inactive(file):   553052 kB
Unevictable:       99496 kB
Mlocked:           94212 kB
SwapTotal:        520908 kB
SwapFree:         372432 kB
Dirty:             58580 kB
Writeback:             0 kB
AnonPages:        171136 kB
Mapped:           473948 kB
Shmem:               668 kB
Slab:              86884 kB
SReclaimable:      33208 kB
SUnreclaim:        53676 kB
KernelStack:       15616 kB
PageTables:        15348 kB
NFS_Unstable:          0 kB
Bounce:                0 kB
WritebackTmp:          0 kB
CommitLimit:     1450072 kB
Committed_AS:   27944392 kB
VmallocTotal:   251658176 kB
VmallocUsed:      101692 kB
VmallocChunk:   251482716 kB


[2024-11-20 08:24:24]
MemTotal:        1858332 kB
MemFree:          114256 kB
Buffers:             764 kB
Cached:          1201360 kB
SwapCached:        19116 kB
Active:           680376 kB
Inactive:         594368 kB
Active(anon):     129464 kB
Inactive(anon):    43232 kB
Active(file):     550912 kB
Inactive(file):   551136 kB
Unevictable:       99496 kB
Mlocked:           94212 kB
SwapTotal:        520908 kB
SwapFree:         372432 kB
Dirty:             57164 kB
Writeback:          2208 kB
AnonPages:        170992 kB
Mapped:           508320 kB
Shmem:               668 kB
Slab:              86720 kB
SReclaimable:      33032 kB
SUnreclaim:        53688 kB
KernelStack:       15632 kB
PageTables:        15408 kB
NFS_Unstable:          0 kB
Bounce:                0 kB
WritebackTmp:          0 kB
CommitLimit:     1450072 kB
Committed_AS:   27944360 kB
VmallocTotal:   251658176 kB
VmallocUsed:      101692 kB
VmallocChunk:   251482716 kB


[2024-11-20 08:24:24]
MemTotal:        1858332 kB
MemFree:          113656 kB
Buffers:             760 kB
Cached:          1202156 kB
SwapCached:        19116 kB
Active:           680316 kB
Inactive:         595076 kB
Active(anon):     129252 kB
Inactive(anon):    43352 kB
Active(file):     551064 kB
Inactive(file):   551724 kB
Unevictable:       99496 kB
Mlocked:           94212 kB
SwapTotal:        520908 kB
SwapFree:         372432 kB
Dirty:             22012 kB
Writeback:           112 kB
AnonPages:        170992 kB
Mapped:           534988 kB
Shmem:               668 kB
Slab:              87124 kB
SReclaimable:      33476 kB
SUnreclaim:        53648 kB
KernelStack:       15664 kB
PageTables:        15472 kB
NFS_Unstable:          0 kB
Bounce:                0 kB
WritebackTmp:          0 kB
CommitLimit:     1450072 kB
Committed_AS:   27944500 kB
VmallocTotal:   251658176 kB
VmallocUsed:      101692 kB
VmallocChunk:   251482716 kB


[2024-11-20 08:24:24]
MemTotal:        1858332 kB
MemFree:          111752 kB
Buffers:             772 kB
Cached:          1203764 kB
SwapCached:        19116 kB
Active:           680924 kB
Inactive:         596612 kB
Active(anon):     129840 kB
Inactive(anon):    43456 kB
Active(file):     551084 kB
Inactive(file):   553156 kB
Unevictable:       99496 kB
Mlocked:           94212 kB
SwapTotal:        520908 kB
SwapFree:         372432 kB
Dirty:             25212 kB
Writeback:             0 kB
AnonPages:        171840 kB
Mapped:           569852 kB
Shmem:               668 kB
Slab:              87184 kB
SReclaimable:      33556 kB
SUnreclaim:        53628 kB
KernelStack:       15648 kB
PageTables:        15552 kB
NFS_Unstable:          0 kB
Bounce:                0 kB
WritebackTmp:          0 kB
CommitLimit:     1450072 kB
Committed_AS:   27944628 kB
VmallocTotal:   251658176 kB
VmallocUsed:      101692 kB
VmallocChunk:   251482716 kB


[2024-11-20 08:24:24]
MemTotal:        1858332 kB
MemFree:          113988 kB
Buffers:             752 kB
Cached:          1201556 kB
SwapCached:        19116 kB
Active:           680780 kB
Inactive:         594544 kB
Active(anon):     129748 kB
Inactive(anon):    43252 kB
Active(file):     551032 kB
Inactive(file):   551292 kB
Unevictable:       99496 kB
Mlocked:           94212 kB
SwapTotal:        520908 kB
SwapFree:         372432 kB
Dirty:             20136 kB
Writeback:          2944 kB
AnonPages:        171468 kB
Mapped:           599840 kB
Shmem:               668 kB
Slab:              87040 kB
SReclaimable:      33432 kB
SUnreclaim:        53608 kB
KernelStack:       15616 kB
PageTables:        15604 kB
NFS_Unstable:          0 kB
Bounce:                0 kB
WritebackTmp:          0 kB
CommitLimit:     1450072 kB
Committed_AS:   27944580 kB
VmallocTotal:   251658176 kB
VmallocUsed:      101692 kB
VmallocChunk:   251482716 kB


[2024-11-20 08:24:24]
MemTotal:        1858332 kB
MemFree:          112708 kB
Buffers:             772 kB
Cached:          1202344 kB
SwapCached:        19116 kB
Active:           681416 kB
Inactive:         594884 kB
Active(anon):     130180 kB
Inactive(anon):    43576 kB
Active(file):     551236 kB
Inactive(file):   551308 kB
Unevictable:       99496 kB
Mlocked:           94212 kB
SwapTotal:        520908 kB
SwapFree:         372436 kB
Dirty:             42992 kB
Writeback:           104 kB
AnonPages:        172276 kB
Mapped:           635024 kB
Shmem:               668 kB
Slab:              87024 kB
SReclaimable:      33380 kB
SUnreclaim:        53644 kB
KernelStack:       15680 kB
PageTables:        15708 kB
NFS_Unstable:          0 kB
Bounce:                0 kB
WritebackTmp:          0 kB
CommitLimit:     1450072 kB
Committed_AS:   27947360 kB
VmallocTotal:   251658176 kB
VmallocUsed:      101692 kB
VmallocChunk:   251482716 kB


[2024-11-20 08:24:26]
MemTotal:        1858332 kB
MemFree:          108128 kB
Buffers:             752 kB
Cached:          1201452 kB
SwapCached:        19116 kB
Active:           684772 kB
Inactive:         596840 kB
Active(anon):     134580 kB
Inactive(anon):    45044 kB
Active(file):     550192 kB
Inactive(file):   551796 kB
Unevictable:       99496 kB
Mlocked:           94212 kB
SwapTotal:        520908 kB
SwapFree:         372440 kB
Dirty:             35280 kB
Writeback:             0 kB
AnonPages:        177956 kB
Mapped:           664908 kB
Shmem:               668 kB
Slab:              87064 kB
SReclaimable:      33224 kB
SUnreclaim:        53840 kB
KernelStack:       15760 kB
PageTables:        15928 kB
NFS_Unstable:          0 kB
Bounce:                0 kB
WritebackTmp:          0 kB
CommitLimit:     1450072 kB
Committed_AS:   28049432 kB
VmallocTotal:   251658176 kB
VmallocUsed:      101692 kB
VmallocChunk:   251482716 kB


[2024-11-20 08:24:28]
MemTotal:        1858332 kB
MemFree:          107084 kB
Buffers:             764 kB
Cached:          1201672 kB
SwapCached:        19116 kB
Active:           685448 kB
Inactive:         596696 kB
Active(anon):     134764 kB
Inactive(anon):    45084 kB
Active(file):     550684 kB
Inactive(file):   551612 kB
Unevictable:       99496 kB
Mlocked:           94212 kB
SwapTotal:        520908 kB
SwapFree:         372440 kB
Dirty:              3216 kB
Writeback:           104 kB
AnonPages:        178436 kB
Mapped:           693140 kB
Shmem:               668 kB
Slab:              87056 kB
SReclaimable:      33268 kB
SUnreclaim:        53788 kB
KernelStack:       15776 kB
PageTables:        16012 kB
NFS_Unstable:          0 kB
Bounce:                0 kB
WritebackTmp:          0 kB
CommitLimit:     1450072 kB
Committed_AS:   28049392 kB
VmallocTotal:   251658176 kB
VmallocUsed:      101692 kB
VmallocChunk:   251482716 kB


[2024-11-20 08:24:31]
MemTotal:        1858332 kB
MemFree:          107456 kB
Buffers:             764 kB
Cached:          1201776 kB
SwapCached:        19116 kB
Active:           684856 kB
Inactive:         597132 kB
Active(anon):     134620 kB
Inactive(anon):    44952 kB
Active(file):     550236 kB
Inactive(file):   552180 kB
Unevictable:       99496 kB
Mlocked:           94212 kB
SwapTotal:        520908 kB
SwapFree:         372440 kB
Dirty:             56680 kB
Writeback:             0 kB
AnonPages:        178032 kB
Mapped:           731872 kB
Shmem:               668 kB
Slab:              86848 kB
SReclaimable:      33156 kB
SUnreclaim:        53692 kB
KernelStack:       15760 kB
PageTables:        16068 kB
NFS_Unstable:          0 kB
Bounce:                0 kB
WritebackTmp:          0 kB
CommitLimit:     1450072 kB
Committed_AS:   28049444 kB
VmallocTotal:   251658176 kB
VmallocUsed:      101692 kB
VmallocChunk:   251482716 kB


[2024-11-20 08:24:33]
MemTotal:        1858332 kB
MemFree:          108676 kB
Buffers:             744 kB
Cached:          1199912 kB
SwapCached:        19116 kB
Active:           685196 kB
Inactive:         595396 kB
Active(anon):     134984 kB
Inactive(anon):    45036 kB
Active(file):     550212 kB
Inactive(file):   550360 kB
Unevictable:       99496 kB
Mlocked:           94212 kB
SwapTotal:        520908 kB
SwapFree:         372440 kB
Dirty:             48560 kB
Writeback:             0 kB
AnonPages:        178480 kB
Mapped:           760296 kB
Shmem:               668 kB
Slab:              87208 kB
SReclaimable:      33416 kB
SUnreclaim:        53792 kB
KernelStack:       15776 kB
PageTables:        16120 kB
NFS_Unstable:          0 kB
Bounce:                0 kB
WritebackTmp:          0 kB
CommitLimit:     1450072 kB
Committed_AS:   28049440 kB
VmallocTotal:   251658176 kB
VmallocUsed:      101692 kB
VmallocChunk:   251482716 kB


[2024-11-20 08:24:35]
MemTotal:        1858332 kB
MemFree:          108616 kB
Buffers:             752 kB
Cached:          1200684 kB
SwapCached:        19116 kB
Active:           686152 kB
Inactive:         596124 kB
Active(anon):     135512 kB
Inactive(anon):    45352 kB
Active(file):     550640 kB
Inactive(file):   550772 kB
Unevictable:       99496 kB
Mlocked:           94212 kB
SwapTotal:        520908 kB
SwapFree:         372440 kB
Dirty:             22528 kB
Writeback:             0 kB
AnonPages:        179404 kB
Mapped:           791364 kB
Shmem:               668 kB
Slab:              86988 kB
SReclaimable:      33252 kB
SUnreclaim:        53736 kB
KernelStack:       15760 kB
PageTables:        16184 kB
NFS_Unstable:          0 kB
Bounce:                0 kB
WritebackTmp:          0 kB
CommitLimit:     1450072 kB
Committed_AS:   28049584 kB
VmallocTotal:   251658176 kB
VmallocUsed:      101692 kB
VmallocChunk:   251482716 kB


[2024-11-20 08:24:37]
MemTotal:        1858332 kB
MemFree:          106776 kB
Buffers:             772 kB
Cached:          1201988 kB
SwapCached:        19116 kB
Active:           686280 kB
Inactive:         597776 kB
Active(anon):     135792 kB
Inactive(anon):    45272 kB
Active(file):     550488 kB
Inactive(file):   552504 kB
Unevictable:       99496 kB
Mlocked:           94212 kB
SwapTotal:        520908 kB
SwapFree:         372440 kB
Dirty:             48824 kB
Writeback:             0 kB
AnonPages:        179416 kB
Mapped:           829032 kB
Shmem:               668 kB
Slab:              86980 kB
SReclaimable:      33288 kB
SUnreclaim:        53692 kB
KernelStack:       15760 kB
PageTables:        16244 kB
NFS_Unstable:          0 kB
Bounce:                0 kB
WritebackTmp:          0 kB
CommitLimit:     1450072 kB
Committed_AS:   28049512 kB
VmallocTotal:   251658176 kB
VmallocUsed:      101692 kB
VmallocChunk:   251482716 kB


[2024-11-20 08:24:39]
MemTotal:        1858332 kB
MemFree:          108988 kB
Buffers:             664 kB
Cached:          1206080 kB
SwapCached:        19116 kB
Active:           681844 kB
Inactive:         599828 kB
Active(anon):     130144 kB
Inactive(anon):    45188 kB
Active(file):     551700 kB
Inactive(file):   554640 kB
Unevictable:       99496 kB
Mlocked:           94212 kB
SwapTotal:        520908 kB
SwapFree:         372564 kB
Dirty:             38296 kB
Writeback:            24 kB
AnonPages:        173476 kB
Mapped:           858688 kB
Shmem:               668 kB
Slab:              87168 kB
SReclaimable:      33348 kB
SUnreclaim:        53820 kB
KernelStack:       15776 kB
PageTables:        16300 kB
NFS_Unstable:          0 kB
Bounce:                0 kB
WritebackTmp:          0 kB
CommitLimit:     1450072 kB
Committed_AS:   28049580 kB
VmallocTotal:   251658176 kB
VmallocUsed:      101692 kB
VmallocChunk:   251482716 kB


[2024-11-20 08:24:41]
MemTotal:        1858332 kB
MemFree:          112288 kB
Buffers:             616 kB
Cached:          1202216 kB
SwapCached:        19116 kB
Active:           681380 kB
Inactive:         596132 kB
Active(anon):     130128 kB
Inactive(anon):    44792 kB
Active(file):     551252 kB
Inactive(file):   551340 kB
Unevictable:       99496 kB
Mlocked:           94212 kB
SwapTotal:        520908 kB
SwapFree:         372564 kB
Dirty:             49620 kB
Writeback:             0 kB
AnonPages:        173432 kB
Mapped:           891788 kB
Shmem:               668 kB
Slab:              87012 kB
SReclaimable:      33240 kB
SUnreclaim:        53772 kB
KernelStack:       15776 kB
PageTables:        16364 kB
NFS_Unstable:          0 kB
Bounce:                0 kB
WritebackTmp:          0 kB
CommitLimit:     1450072 kB
Committed_AS:   28049516 kB
VmallocTotal:   251658176 kB
VmallocUsed:      101692 kB
VmallocChunk:   251482716 kB


[2024-11-20 08:24:44]
MemTotal:        1858332 kB
MemFree:          109500 kB
Buffers:             196 kB
Cached:          1205868 kB
SwapCached:        19116 kB
Active:           682264 kB
Inactive:         598684 kB
Active(anon):     130496 kB
Inactive(anon):    44472 kB
Active(file):     551768 kB
Inactive(file):   554212 kB
Unevictable:       99496 kB
Mlocked:           94212 kB
SwapTotal:        520908 kB
SwapFree:         372564 kB
Dirty:               128 kB
Writeback:         31136 kB
AnonPages:        173624 kB
Mapped:           899532 kB
Shmem:               668 kB
Slab:              86980 kB
SReclaimable:      33268 kB
SUnreclaim:        53712 kB
KernelStack:       15792 kB
PageTables:        16468 kB
NFS_Unstable:          0 kB
Bounce:                0 kB
WritebackTmp:          0 kB
CommitLimit:     1450072 kB
Committed_AS:   28049644 kB
VmallocTotal:   251658176 kB
VmallocUsed:      101692 kB
VmallocChunk:   251482716 kB


[2024-11-20 08:24:46]
MemTotal:        1858332 kB
MemFree:          111052 kB
Buffers:             168 kB
Cached:          1204892 kB
SwapCached:        19116 kB
Active:           682952 kB
Inactive:         597232 kB
Active(anon):     130828 kB
Inactive(anon):    44256 kB
Active(file):     552124 kB
Inactive(file):   552976 kB
Unevictable:       99496 kB
Mlocked:           94212 kB
SwapTotal:        520908 kB
SwapFree:         372564 kB
Dirty:             31848 kB
Writeback:             8 kB
AnonPages:        173660 kB
Mapped:           897660 kB
Shmem:               668 kB
Slab:              86836 kB
SReclaimable:      33164 kB
SUnreclaim:        53672 kB
KernelStack:       15792 kB
PageTables:        16500 kB
NFS_Unstable:          0 kB
Bounce:                0 kB
WritebackTmp:          0 kB
CommitLimit:     1450072 kB
Committed_AS:   28049540 kB
VmallocTotal:   251658176 kB
VmallocUsed:      101692 kB
VmallocChunk:   251482716 kB


[2024-11-20 08:24:48]
MemTotal:        1858332 kB
MemFree:          108312 kB
Buffers:             176 kB
Cached:          1206460 kB
SwapCached:        19116 kB
Active:           684296 kB
Inactive:         597968 kB
Active(anon):     131564 kB
Inactive(anon):    44208 kB
Active(file):     552732 kB
Inactive(file):   553760 kB
Unevictable:       99496 kB
Mlocked:           94212 kB
SwapTotal:        520908 kB
SwapFree:         372564 kB
Dirty:             31080 kB
Writeback:             0 kB
AnonPages:        174220 kB
Mapped:           894992 kB
Shmem:               668 kB
Slab:              86908 kB
SReclaimable:      33232 kB
SUnreclaim:        53676 kB
KernelStack:       15776 kB
PageTables:        16524 kB
NFS_Unstable:          0 kB
Bounce:                0 kB
WritebackTmp:          0 kB
CommitLimit:     1450072 kB
Committed_AS:   28049516 kB
VmallocTotal:   251658176 kB
VmallocUsed:      101692 kB
VmallocChunk:   251482716 kB


[2024-11-20 08:24:50]
MemTotal:        1858332 kB
MemFree:          109928 kB
Buffers:             180 kB
Cached:          1204692 kB
SwapCached:        19116 kB
Active:           685264 kB
Inactive:         595636 kB
Active(anon):     131900 kB
Inactive(anon):    44148 kB
Active(file):     553364 kB
Inactive(file):   551488 kB
Unevictable:       99496 kB
Mlocked:           94212 kB
SwapTotal:        520908 kB
SwapFree:         372564 kB
Dirty:             26796 kB
Writeback:         27600 kB
AnonPages:        174368 kB
Mapped:           897524 kB
Shmem:               668 kB
Slab:              86720 kB
SReclaimable:      33096 kB
SUnreclaim:        53624 kB
KernelStack:       15776 kB
PageTables:        16544 kB
NFS_Unstable:          0 kB
Bounce:                0 kB
WritebackTmp:          0 kB
CommitLimit:     1450072 kB
Committed_AS:   28049440 kB
VmallocTotal:   251658176 kB
VmallocUsed:      101692 kB
VmallocChunk:   251482716 kB


[2024-11-20 08:24:52]
MemTotal:        1858332 kB
MemFree:          110156 kB
Buffers:             188 kB
Cached:          1203840 kB
SwapCached:        19116 kB
Active:           683988 kB
Inactive:         596164 kB
Active(anon):     132136 kB
Inactive(anon):    44048 kB
Active(file):     551852 kB
Inactive(file):   552116 kB
Unevictable:       99496 kB
Mlocked:           94212 kB
SwapTotal:        520908 kB
SwapFree:         372564 kB
Dirty:             24584 kB
Writeback:             0 kB
AnonPages:        174628 kB
Mapped:           896384 kB
Shmem:               668 kB
Slab:              86600 kB
SReclaimable:      32992 kB
SUnreclaim:        53608 kB
KernelStack:       15776 kB
PageTables:        16560 kB
NFS_Unstable:          0 kB
Bounce:                0 kB
WritebackTmp:          0 kB
CommitLimit:     1450072 kB
Committed_AS:   28049412 kB
VmallocTotal:   251658176 kB
VmallocUsed:      101692 kB
VmallocChunk:   251482716 kB


[2024-11-20 08:24:54]
MemTotal:        1858332 kB
MemFree:          108964 kB
Buffers:             188 kB
Cached:          1205888 kB
SwapCached:        19116 kB
Active:           684296 kB
Inactive:         598088 kB
Active(anon):     132224 kB
Inactive(anon):    44036 kB
Active(file):     552072 kB
Inactive(file):   554052 kB
Unevictable:       99496 kB
Mlocked:           94212 kB
SwapTotal:        520908 kB
SwapFree:         372564 kB
Dirty:             55640 kB
Writeback:             0 kB
AnonPages:        174644 kB
Mapped:           897788 kB
Shmem:               668 kB
Slab:              86608 kB
SReclaimable:      33000 kB
SUnreclaim:        53608 kB
KernelStack:       15776 kB
PageTables:        16584 kB
NFS_Unstable:          0 kB
Bounce:                0 kB
WritebackTmp:          0 kB
CommitLimit:     1450072 kB
Committed_AS:   28049644 kB
VmallocTotal:   251658176 kB
VmallocUsed:      101692 kB
VmallocChunk:   251482716 kB


[2024-11-20 08:24:56]
MemTotal:        1858332 kB
MemFree:          109784 kB
Buffers:             196 kB
Cached:          1204728 kB
SwapCached:        19116 kB
Active:           684648 kB
Inactive:         596404 kB
Active(anon):     132380 kB
Inactive(anon):    44004 kB
Active(file):     552268 kB
Inactive(file):   552400 kB
Unevictable:       99496 kB
Mlocked:           94212 kB
SwapTotal:        520908 kB
SwapFree:         372568 kB
Dirty:              1372 kB
Writeback:             0 kB
AnonPages:        174708 kB
Mapped:           896068 kB
Shmem:               668 kB
Slab:              86584 kB
SReclaimable:      32984 kB
SUnreclaim:        53600 kB
KernelStack:       15776 kB
PageTables:        16608 kB
NFS_Unstable:          0 kB
Bounce:                0 kB
WritebackTmp:          0 kB
CommitLimit:     1450072 kB
Committed_AS:   28049568 kB
VmallocTotal:   251658176 kB
VmallocUsed:      101692 kB
VmallocChunk:   251482716 kB


[2024-11-20 08:24:58]
MemTotal:        1858332 kB
MemFree:          110456 kB
Buffers:             204 kB
Cached:          1204260 kB
SwapCached:        19116 kB
Active:           684324 kB
Inactive:         596476 kB
Active(anon):     132264 kB
Inactive(anon):    44164 kB
Active(file):     552060 kB
Inactive(file):   552312 kB
Unevictable:       99496 kB
Mlocked:           94212 kB
SwapTotal:        520908 kB
SwapFree:         372568 kB
Dirty:             37360 kB
Writeback:             0 kB
AnonPages:        174964 kB
Mapped:           894724 kB
Shmem:               668 kB
Slab:              86656 kB
SReclaimable:      33072 kB
SUnreclaim:        53584 kB
KernelStack:       15808 kB
PageTables:        16644 kB
NFS_Unstable:          0 kB
Bounce:                0 kB
WritebackTmp:          0 kB
CommitLimit:     1450072 kB
Committed_AS:   28049444 kB
VmallocTotal:   251658176 kB
VmallocUsed:      101692 kB
VmallocChunk:   251482716 kB


[2024-11-20 08:25:00]
MemTotal:        1858332 kB
MemFree:          109964 kB
Buffers:             196 kB
Cached:          1203456 kB
SwapCached:        19116 kB
Active:           684208 kB
Inactive:         596328 kB
Active(anon):     132592 kB
Inactive(anon):    44268 kB
Active(file):     551616 kB
Inactive(file):   552060 kB
Unevictable:       99496 kB
Mlocked:           94212 kB
SwapTotal:        520908 kB
SwapFree:         372568 kB
Dirty:             46648 kB
Writeback:             0 kB
AnonPages:        175428 kB
Mapped:           894024 kB
Shmem:               668 kB
Slab:              86564 kB
SReclaimable:      33012 kB
SUnreclaim:        53552 kB
KernelStack:       15776 kB
PageTables:        16660 kB
NFS_Unstable:          0 kB
Bounce:                0 kB
WritebackTmp:          0 kB
CommitLimit:     1450072 kB
Committed_AS:   28049520 kB
VmallocTotal:   251658176 kB
VmallocUsed:      101692 kB
VmallocChunk:   251482716 kB


[2024-11-20 08:25:03]
MemTotal:        1858332 kB
MemFree:          109612 kB
Buffers:             568 kB
Cached:          1203576 kB
SwapCached:        19116 kB
Active:           684192 kB
Inactive:         596704 kB
Active(anon):     132416 kB
Inactive(anon):    44312 kB
Active(file):     551776 kB
Inactive(file):   552392 kB
Unevictable:       99496 kB
Mlocked:           94212 kB
SwapTotal:        520908 kB
SwapFree:         372568 kB
Dirty:              5476 kB
Writeback:             0 kB
AnonPages:        175116 kB
Mapped:           893700 kB
Shmem:               668 kB
Slab:              86608 kB
SReclaimable:      33092 kB
SUnreclaim:        53516 kB
KernelStack:       15776 kB
PageTables:        16676 kB
NFS_Unstable:          0 kB
Bounce:                0 kB
WritebackTmp:          0 kB
CommitLimit:     1450072 kB
Committed_AS:   28049472 kB
VmallocTotal:   251658176 kB
VmallocUsed:      101692 kB
VmallocChunk:   251482716 kB


[2024-11-20 08:25:05]
MemTotal:        1858332 kB
MemFree:           84736 kB
Buffers:             656 kB
Cached:          1202640 kB
SwapCached:        19116 kB
Active:           709676 kB
Inactive:         596804 kB
Active(anon):     158432 kB
Inactive(anon):    44860 kB
Active(file):     551244 kB
Inactive(file):   551944 kB
Unevictable:       99496 kB
Mlocked:           94212 kB
SwapTotal:        520908 kB
SwapFree:         372568 kB
Dirty:              5696 kB
Writeback:             0 kB
AnonPages:        202120 kB
Mapped:           890144 kB
Shmem:               668 kB
Slab:              86328 kB
SReclaimable:      32812 kB
SUnreclaim:        53516 kB
KernelStack:       15936 kB
PageTables:        16812 kB
NFS_Unstable:          0 kB
Bounce:                0 kB
WritebackTmp:          0 kB
CommitLimit:     1450072 kB
Committed_AS:   28149008 kB
VmallocTotal:   251658176 kB
VmallocUsed:      101692 kB
VmallocChunk:   251482716 kB


[2024-11-20 08:25:07]
MemTotal:        1858332 kB
MemFree:           59200 kB
Buffers:             656 kB
Cached:          1202752 kB
SwapCached:        19116 kB
Active:           734848 kB
Inactive:         597124 kB
Active(anon):     183600 kB
Inactive(anon):    44864 kB
Active(file):     551248 kB
Inactive(file):   552260 kB
Unevictable:       99496 kB
Mlocked:           94212 kB
SwapTotal:        520908 kB
SwapFree:         372572 kB
Dirty:              5696 kB
Writeback:             0 kB
AnonPages:        226984 kB
Mapped:           890220 kB
Shmem:               668 kB
Slab:              86328 kB
SReclaimable:      32812 kB
SUnreclaim:        53516 kB
KernelStack:       15936 kB
PageTables:        16864 kB
NFS_Unstable:          0 kB
Bounce:                0 kB
WritebackTmp:          0 kB
CommitLimit:     1450072 kB
Committed_AS:   28173824 kB
VmallocTotal:   251658176 kB
VmallocUsed:      101692 kB
VmallocChunk:   251482716 kB


[2024-11-20 08:25:09]
MemTotal:        1858332 kB
MemFree:           34772 kB
Buffers:             220 kB
Cached:           952828 kB
SwapCached:        19064 kB
Active:           834172 kB
Inactive:         527484 kB
Active(anon):     387416 kB
Inactive(anon):   121292 kB
Active(file):     446756 kB
Inactive(file):   406192 kB
Unevictable:       99496 kB
Mlocked:           94212 kB
SwapTotal:        520908 kB
SwapFree:         372572 kB
Dirty:                 0 kB
Writeback:             0 kB
AnonPages:        507556 kB
Mapped:           731916 kB
Shmem:               668 kB
Slab:              79712 kB
SReclaimable:      26184 kB
SUnreclaim:        53528 kB
KernelStack:       15920 kB
PageTables:        17344 kB
NFS_Unstable:          0 kB
Bounce:                0 kB
WritebackTmp:          0 kB
CommitLimit:     1450072 kB
Committed_AS:   28968384 kB
VmallocTotal:   251658176 kB
VmallocUsed:      101692 kB
VmallocChunk:   251482716 kB


[2024-11-20 08:25:11]
MemTotal:        1858332 kB
MemFree:           32456 kB
Buffers:             108 kB
Cached:           454644 kB
SwapCached:        18956 kB
Active:           933804 kB
Inactive:         429928 kB
Active(anon):     757096 kB
Inactive(anon):   252076 kB
Active(file):     176708 kB
Inactive(file):   177852 kB
Unevictable:       99496 kB
Mlocked:           94212 kB
SwapTotal:        520908 kB
SwapFree:         372280 kB
Dirty:                 0 kB
Writeback:             0 kB
AnonPages:       1008008 kB
Mapped:           123172 kB
Shmem:               628 kB
Slab:              79108 kB
SReclaimable:      25568 kB
SUnreclaim:        53540 kB
KernelStack:       15920 kB
PageTables:        18308 kB
NFS_Unstable:          0 kB
Bounce:                0 kB
WritebackTmp:          0 kB
CommitLimit:     1450072 kB
Committed_AS:   28968528 kB
VmallocTotal:   251658176 kB
VmallocUsed:      101692 kB
VmallocChunk:   251482716 kB


[2024-11-20 08:25:13]
MemTotal:        1858332 kB
MemFree:           39180 kB
Buffers:             212 kB
Cached:           216740 kB
SwapCached:        18932 kB
Active:          1023384 kB
Inactive:         337964 kB
Active(anon):     966508 kB
Inactive(anon):   277800 kB
Active(file):      56876 kB
Inactive(file):    60164 kB
Unevictable:       99496 kB
Mlocked:           94212 kB
SwapTotal:        520908 kB
SwapFree:         371964 kB
Dirty:                 8 kB
Writeback:             0 kB
AnonPages:       1242820 kB
Mapped:           113852 kB
Shmem:               620 kB
Slab:              78552 kB
SReclaimable:      25240 kB
SUnreclaim:        53312 kB
KernelStack:       15072 kB
PageTables:        16240 kB
NFS_Unstable:          0 kB
Bounce:                0 kB
WritebackTmp:          0 kB
CommitLimit:     1450072 kB
Committed_AS:   22190500 kB
VmallocTotal:   251658176 kB
VmallocUsed:       95572 kB
VmallocChunk:   251482716 kB


[2024-11-20 08:25:16]
MemTotal:        1858332 kB
MemFree:           38920 kB
Buffers:             212 kB
Cached:           216048 kB
SwapCached:        18932 kB
Active:          1017952 kB
Inactive:         343248 kB
Active(anon):     960924 kB
Inactive(anon):   283964 kB
Active(file):      57028 kB
Inactive(file):    59284 kB
Unevictable:       99496 kB
Mlocked:           94212 kB
SwapTotal:        520908 kB
SwapFree:         371956 kB
Dirty:                64 kB
Writeback:             0 kB
AnonPages:       1243288 kB
Mapped:           114000 kB
Shmem:               620 kB
Slab:              78600 kB
SReclaimable:      25224 kB
SUnreclaim:        53376 kB
KernelStack:       15072 kB
PageTables:        16244 kB
NFS_Unstable:          0 kB
Bounce:                0 kB
WritebackTmp:          0 kB
CommitLimit:     1450072 kB
Committed_AS:   22190324 kB
VmallocTotal:   251658176 kB
VmallocUsed:       95572 kB
VmallocChunk:   251482716 kB


[2024-11-20 08:25:18]
MemTotal:        1858332 kB
MemFree:           38204 kB
Buffers:             224 kB
Cached:           218200 kB
SwapCached:        18932 kB
Active:          1013692 kB
Inactive:         348364 kB
Active(anon):     956180 kB
Inactive(anon):   287404 kB
Active(file):      57512 kB
Inactive(file):    60960 kB
Unevictable:       99496 kB
Mlocked:           94212 kB
SwapTotal:        520908 kB
SwapFree:         371964 kB
Dirty:                 8 kB
Writeback:             0 kB
AnonPages:       1242184 kB
Mapped:           117044 kB
Shmem:               620 kB
Slab:              78584 kB
SReclaimable:      25208 kB
SUnreclaim:        53376 kB
KernelStack:       15056 kB
PageTables:        16244 kB
NFS_Unstable:          0 kB
Bounce:                0 kB
WritebackTmp:          0 kB
CommitLimit:     1450072 kB
Committed_AS:   22183660 kB
VmallocTotal:   251658176 kB
VmallocUsed:       95572 kB
VmallocChunk:   251482716 kB


[2024-11-20 08:25:20]
MemTotal:        1858332 kB
MemFree:           38496 kB
Buffers:             224 kB
Cached:           216912 kB
SwapCached:        18932 kB
Active:          1011764 kB
Inactive:         349288 kB
Active(anon):     954252 kB
Inactive(anon):   289688 kB
Active(file):      57512 kB
Inactive(file):    59600 kB
Unevictable:       99496 kB
Mlocked:           94212 kB
SwapTotal:        520908 kB
SwapFree:         371964 kB
Dirty:                 8 kB
Writeback:             0 kB
AnonPages:       1242260 kB
Mapped:           117228 kB
Shmem:               620 kB
Slab:              78576 kB
SReclaimable:      25208 kB
SUnreclaim:        53368 kB
KernelStack:       15056 kB
PageTables:        16244 kB
NFS_Unstable:          0 kB
Bounce:                0 kB
WritebackTmp:          0 kB
CommitLimit:     1450072 kB
Committed_AS:   22191708 kB
VmallocTotal:   251658176 kB
VmallocUsed:       95572 kB
VmallocChunk:   251482716 kB


[2024-11-20 08:25:22]
MemTotal:        1858332 kB
MemFree:           37640 kB
Buffers:             200 kB
Cached:           218372 kB
SwapCached:        18872 kB
Active:          1001136 kB
Inactive:         360432 kB
Active(anon):     943248 kB
Inactive(anon):   299836 kB
Active(file):      57888 kB
Inactive(file):    60596 kB
Unevictable:       99496 kB
Mlocked:           94212 kB
SwapTotal:        520908 kB
SwapFree:         371696 kB
Dirty:                 8 kB
Writeback:             0 kB
AnonPages:       1241728 kB
Mapped:           118500 kB
Shmem:               620 kB
Slab:              78576 kB
SReclaimable:      25208 kB
SUnreclaim:        53368 kB
KernelStack:       15056 kB
PageTables:        16244 kB
NFS_Unstable:          0 kB
Bounce:                0 kB
WritebackTmp:          0 kB
CommitLimit:     1450072 kB
Committed_AS:   22191848 kB
VmallocTotal:   251658176 kB
VmallocUsed:       95572 kB
VmallocChunk:   251482716 kB


[2024-11-20 08:25:24]
MemTotal:        1858332 kB
MemFree:           37648 kB
Buffers:             200 kB
Cached:           218484 kB
SwapCached:        18872 kB
Active:          1001640 kB
Inactive:         360452 kB
Active(anon):     943676 kB
Inactive(anon):   299592 kB
Active(file):      57964 kB
Inactive(file):    60860 kB
Unevictable:       99496 kB
Mlocked:           94212 kB
SwapTotal:        520908 kB
SwapFree:         371696 kB
Dirty:                28 kB
Writeback:             0 kB
AnonPages:       1241656 kB
Mapped:           118532 kB
Shmem:               620 kB
Slab:              78576 kB
SReclaimable:      25192 kB
SUnreclaim:        53384 kB
KernelStack:       15056 kB
PageTables:        16244 kB
NFS_Unstable:          0 kB
Bounce:                0 kB
WritebackTmp:          0 kB
CommitLimit:     1450072 kB
Committed_AS:   22191832 kB
VmallocTotal:   251658176 kB
VmallocUsed:       95572 kB
VmallocChunk:   251482716 kB


[2024-11-20 08:25:27]
MemTotal:        1858332 kB
MemFree:           39760 kB
Buffers:             196 kB
Cached:           217152 kB
SwapCached:        18688 kB
Active:           999200 kB
Inactive:         360860 kB
Active(anon):     940988 kB
Inactive(anon):   301780 kB
Active(file):      58212 kB
Inactive(file):    59080 kB
Unevictable:       99496 kB
Mlocked:           94212 kB
SwapTotal:        520908 kB
SwapFree:         371636 kB
Dirty:                28 kB
Writeback:             0 kB
AnonPages:       1241296 kB
Mapped:           118596 kB
Shmem:               620 kB
Slab:              78576 kB
SReclaimable:      25192 kB
SUnreclaim:        53384 kB
KernelStack:       15056 kB
PageTables:        16244 kB
NFS_Unstable:          0 kB
Bounce:                0 kB
WritebackTmp:          0 kB
CommitLimit:     1450072 kB
Committed_AS:   22183528 kB
VmallocTotal:   251658176 kB
VmallocUsed:       95572 kB
VmallocChunk:   251482716 kB


[2024-11-20 08:25:29]
MemTotal:        1858332 kB
MemFree:           39920 kB
Buffers:             204 kB
Cached:           217004 kB
SwapCached:        18688 kB
Active:           999320 kB
Inactive:         360776 kB
Active(anon):     941044 kB
Inactive(anon):   301704 kB
Active(file):      58276 kB
Inactive(file):    59072 kB
Unevictable:       99496 kB
Mlocked:           94212 kB
SwapTotal:        520908 kB
SwapFree:         371636 kB
Dirty:                12 kB
Writeback:             0 kB
AnonPages:       1241368 kB
Mapped:           118500 kB
Shmem:               620 kB
Slab:              78572 kB
SReclaimable:      25192 kB
SUnreclaim:        53380 kB
KernelStack:       15056 kB
PageTables:        16244 kB
NFS_Unstable:          0 kB
Bounce:                0 kB
WritebackTmp:          0 kB
CommitLimit:     1450072 kB
Committed_AS:   22191896 kB
VmallocTotal:   251658176 kB
VmallocUsed:       95572 kB
VmallocChunk:   251482716 kB


[2024-11-20 08:25:31]
MemTotal:        1858332 kB
MemFree:           43608 kB
Buffers:             156 kB
Cached:           215080 kB
SwapCached:        17468 kB
Active:           987264 kB
Inactive:         368796 kB
Active(anon):     930680 kB
Inactive(anon):   310108 kB
Active(file):      56584 kB
Inactive(file):    58688 kB
Unevictable:       99496 kB
Mlocked:           94212 kB
SwapTotal:        520908 kB
SwapFree:         370172 kB
Dirty:                12 kB
Writeback:             0 kB
AnonPages:       1239292 kB
Mapped:           121688 kB
Shmem:               620 kB
Slab:              78396 kB
SReclaimable:      25048 kB
SUnreclaim:        53348 kB
KernelStack:       15056 kB
PageTables:        16244 kB
NFS_Unstable:          0 kB
Bounce:                0 kB
WritebackTmp:          0 kB
CommitLimit:     1450072 kB
Committed_AS:   22191904 kB
VmallocTotal:   251658176 kB
VmallocUsed:       95572 kB
VmallocChunk:   251482716 kB


[2024-11-20 08:25:34]
MemTotal:        1858332 kB
MemFree:           43432 kB
Buffers:             156 kB
Cached:           215040 kB
SwapCached:        17468 kB
Active:           987400 kB
Inactive:         368788 kB
Active(anon):     930816 kB
Inactive(anon):   310036 kB
Active(file):      56584 kB
Inactive(file):    58752 kB
Unevictable:       99496 kB
Mlocked:           94212 kB
SwapTotal:        520908 kB
SwapFree:         370172 kB
Dirty:                 0 kB
Writeback:             0 kB
AnonPages:       1239248 kB
Mapped:           121700 kB
Shmem:               620 kB
Slab:              78396 kB
SReclaimable:      25048 kB
SUnreclaim:        53348 kB
KernelStack:       15024 kB
PageTables:        16244 kB
NFS_Unstable:          0 kB
Bounce:                0 kB
WritebackTmp:          0 kB
CommitLimit:     1450072 kB
Committed_AS:   22191984 kB
VmallocTotal:   251658176 kB
VmallocUsed:       95572 kB
VmallocChunk:   251482716 kB


[2024-11-20 08:25:36]
MemTotal:        1858332 kB
MemFree:           42828 kB
Buffers:             156 kB
Cached:           216228 kB
SwapCached:        17468 kB
Active:           987376 kB
Inactive:         369884 kB
Active(anon):     930792 kB
Inactive(anon):   309944 kB
Active(file):      56584 kB
Inactive(file):    59940 kB
Unevictable:       99496 kB
Mlocked:           94212 kB
SwapTotal:        520908 kB
SwapFree:         370172 kB
Dirty:                 0 kB
Writeback:             0 kB
AnonPages:       1239232 kB
Mapped:           121748 kB
Shmem:               620 kB
Slab:              78396 kB
SReclaimable:      25048 kB
SUnreclaim:        53348 kB
KernelStack:       15040 kB
PageTables:        16244 kB
NFS_Unstable:          0 kB
Bounce:                0 kB
WritebackTmp:          0 kB
CommitLimit:     1450072 kB
Committed_AS:   22191884 kB
VmallocTotal:   251658176 kB
VmallocUsed:       95572 kB
VmallocChunk:   251482716 kB


[2024-11-20 08:25:38]
MemTotal:        1858332 kB
MemFree:           42632 kB
Buffers:             156 kB
Cached:           216228 kB
SwapCached:        17468 kB
Active:           987660 kB
Inactive:         369864 kB
Active(anon):     931076 kB
Inactive(anon):   309924 kB
Active(file):      56584 kB
Inactive(file):    59940 kB
Unevictable:       99496 kB
Mlocked:           94212 kB
SwapTotal:        520908 kB
SwapFree:         370172 kB
Dirty:                 0 kB
Writeback:             0 kB
AnonPages:       1239500 kB
Mapped:           121748 kB
Shmem:               620 kB
Slab:              78396 kB
SReclaimable:      25048 kB
SUnreclaim:        53348 kB
KernelStack:       15040 kB
PageTables:        16244 kB
NFS_Unstable:          0 kB
Bounce:                0 kB
WritebackTmp:          0 kB
CommitLimit:     1450072 kB
Committed_AS:   22191940 kB
VmallocTotal:   251658176 kB
VmallocUsed:       95572 kB
VmallocChunk:   251482716 kB


[2024-11-20 08:25:40]
MemTotal:        1858332 kB
MemFree:           44224 kB
Buffers:             256 kB
Cached:           220240 kB
SwapCached:        17288 kB
Active:           983588 kB
Inactive:         371676 kB
Active(anon):     926244 kB
Inactive(anon):   308584 kB
Active(file):      57344 kB
Inactive(file):    63092 kB
Unevictable:       99496 kB
Mlocked:           94212 kB
SwapTotal:        520908 kB
SwapFree:         369840 kB
Dirty:                 0 kB
Writeback:             0 kB
AnonPages:       1233596 kB
Mapped:           124392 kB
Shmem:               620 kB
Slab:              78380 kB
SReclaimable:      25048 kB
SUnreclaim:        53332 kB
KernelStack:       14800 kB
PageTables:        16060 kB
NFS_Unstable:          0 kB
Bounce:                0 kB
WritebackTmp:          0 kB
CommitLimit:     1450072 kB
Committed_AS:   22064128 kB
VmallocTotal:   251658176 kB
VmallocUsed:       95572 kB
VmallocChunk:   251482716 kB


[2024-11-20 08:25:42]
MemTotal:        1858332 kB
MemFree:           45456 kB
Buffers:             256 kB
Cached:           224304 kB
SwapCached:        17404 kB
Active:           982128 kB
Inactive:         372712 kB
Active(anon):     924520 kB
Inactive(anon):   305688 kB
Active(file):      57608 kB
Inactive(file):    67024 kB
Unevictable:       99496 kB
Mlocked:           94212 kB
SwapTotal:        520908 kB
SwapFree:         369824 kB
Dirty:                 0 kB
Writeback:             0 kB
AnonPages:       1228584 kB
Mapped:           122080 kB
Shmem:               620 kB
Slab:              78444 kB
SReclaimable:      25048 kB
SUnreclaim:        53396 kB
KernelStack:       14800 kB
PageTables:        16028 kB
NFS_Unstable:          0 kB
Bounce:                0 kB
WritebackTmp:          0 kB
CommitLimit:     1450072 kB
Committed_AS:   22061684 kB
VmallocTotal:   251658176 kB
VmallocUsed:       95572 kB
VmallocChunk:   251482716 kB


[2024-11-20 08:25:44]
MemTotal:        1858332 kB
MemFree:           45468 kB
Buffers:             248 kB
Cached:           224472 kB
SwapCached:        17244 kB
Active:           981316 kB
Inactive:         373768 kB
Active(anon):     923000 kB
Inactive(anon):   307272 kB
Active(file):      58316 kB
Inactive(file):    66496 kB
Unevictable:       99496 kB
Mlocked:           94212 kB
SwapTotal:        520908 kB
SwapFree:         369404 kB
Dirty:                 0 kB
Writeback:             0 kB
AnonPages:       1228688 kB
Mapped:           122916 kB
Shmem:               620 kB
Slab:              78428 kB
SReclaimable:      25048 kB
SUnreclaim:        53380 kB
KernelStack:       14800 kB
PageTables:        16024 kB
NFS_Unstable:          0 kB
Bounce:                0 kB
WritebackTmp:          0 kB
CommitLimit:     1450072 kB
Committed_AS:   22061764 kB
VmallocTotal:   251658176 kB
VmallocUsed:       95572 kB
VmallocChunk:   251482716 kB


[2024-11-20 08:25:46]
MemTotal:        1858332 kB
MemFree:           47168 kB
Buffers:             256 kB
Cached:           222112 kB
SwapCached:        17204 kB
Active:           981724 kB
Inactive:         370820 kB
Active(anon):     923328 kB
Inactive(anon):   306712 kB
Active(file):      58396 kB
Inactive(file):    64108 kB
Unevictable:       99496 kB
Mlocked:           94212 kB
SwapTotal:        520908 kB
SwapFree:         369380 kB
Dirty:                 0 kB
Writeback:             0 kB
AnonPages:       1228444 kB
Mapped:           123008 kB
Shmem:               620 kB
Slab:              78428 kB
SReclaimable:      25048 kB
SUnreclaim:        53380 kB
KernelStack:       14800 kB
PageTables:        16024 kB
NFS_Unstable:          0 kB
Bounce:                0 kB
WritebackTmp:          0 kB
CommitLimit:     1450072 kB
Committed_AS:   22061764 kB
VmallocTotal:   251658176 kB
VmallocUsed:       95572 kB
VmallocChunk:   251482716 kB


[2024-11-20 08:25:48]
MemTotal:        1858332 kB
MemFree:           47332 kB
Buffers:             256 kB
Cached:           222116 kB
SwapCached:        17204 kB
Active:           981772 kB
Inactive:         370824 kB
Active(anon):     923376 kB
Inactive(anon):   306704 kB
Active(file):      58396 kB
Inactive(file):    64120 kB
Unevictable:       99496 kB
Mlocked:           94212 kB
SwapTotal:        520908 kB
SwapFree:         369380 kB
Dirty:                 0 kB
Writeback:             0 kB
AnonPages:       1228460 kB
Mapped:           123020 kB
Shmem:               620 kB
Slab:              78428 kB
SReclaimable:      25048 kB
SUnreclaim:        53380 kB
KernelStack:       14784 kB
PageTables:        15992 kB
NFS_Unstable:          0 kB
Bounce:                0 kB
WritebackTmp:          0 kB
CommitLimit:     1450072 kB
Committed_AS:   22061712 kB
VmallocTotal:   251658176 kB
VmallocUsed:       95572 kB
VmallocChunk:   251482716 kB


[2024-11-20 08:25:50]
MemTotal:        1858332 kB
MemFree:           47080 kB
Buffers:             256 kB
Cached:           222116 kB
SwapCached:        17204 kB
Active:           981960 kB
Inactive:         370824 kB
Active(anon):     923564 kB
Inactive(anon):   306704 kB
Active(file):      58396 kB
Inactive(file):    64120 kB
Unevictable:       99496 kB
Mlocked:           94212 kB
SwapTotal:        520908 kB
SwapFree:         369380 kB
Dirty:                 0 kB
Writeback:             0 kB
AnonPages:       1228716 kB
Mapped:           123020 kB
Shmem:               620 kB
Slab:              78428 kB
SReclaimable:      25048 kB
SUnreclaim:        53380 kB
KernelStack:       14800 kB
PageTables:        16028 kB
NFS_Unstable:          0 kB
Bounce:                0 kB
WritebackTmp:          0 kB
CommitLimit:     1450072 kB
Committed_AS:   22061728 kB
VmallocTotal:   251658176 kB
VmallocUsed:       95572 kB
VmallocChunk:   251482716 kB


[2024-11-20 08:25:53]
MemTotal:        1858332 kB
MemFree:           46832 kB
Buffers:             256 kB
Cached:           222116 kB
SwapCached:        17204 kB
Active:           982308 kB
Inactive:         370796 kB
Active(anon):     923912 kB
Inactive(anon):   306676 kB
Active(file):      58396 kB
Inactive(file):    64120 kB
Unevictable:       99496 kB
Mlocked:           94212 kB
SwapTotal:        520908 kB
SwapFree:         369380 kB
Dirty:                 0 kB
Writeback:             0 kB
AnonPages:       1229008 kB
Mapped:           123024 kB
Shmem:               620 kB
Slab:              78428 kB
SReclaimable:      25048 kB
SUnreclaim:        53380 kB
KernelStack:       14816 kB
PageTables:        16028 kB
NFS_Unstable:          0 kB
Bounce:                0 kB
WritebackTmp:          0 kB
CommitLimit:     1450072 kB
Committed_AS:   22061732 kB
VmallocTotal:   251658176 kB
VmallocUsed:       95572 kB
VmallocChunk:   251482716 kB


[2024-11-20 08:25:55]
MemTotal:        1858332 kB
MemFree:           47044 kB
Buffers:             256 kB
Cached:           222116 kB
SwapCached:        17204 kB
Active:           982356 kB
Inactive:         370796 kB
Active(anon):     923960 kB
Inactive(anon):   306676 kB
Active(file):      58396 kB
Inactive(file):    64120 kB
Unevictable:       99496 kB
Mlocked:           94212 kB
SwapTotal:        520908 kB
SwapFree:         369380 kB
Dirty:                 0 kB
Writeback:             0 kB
AnonPages:       1229016 kB
Mapped:           123020 kB
Shmem:               620 kB
Slab:              78428 kB
SReclaimable:      25048 kB
SUnreclaim:        53380 kB
KernelStack:       14800 kB
PageTables:        16028 kB
NFS_Unstable:          0 kB
Bounce:                0 kB
WritebackTmp:          0 kB
CommitLimit:     1450072 kB
Committed_AS:   22061700 kB
VmallocTotal:   251658176 kB
VmallocUsed:       95572 kB
VmallocChunk:   251482716 kB


[2024-11-20 08:25:57]
MemTotal:        1858332 kB
MemFree:           46552 kB
Buffers:             256 kB
Cached:           222344 kB
SwapCached:        17112 kB
Active:           982028 kB
Inactive:         371564 kB
Active(anon):     923292 kB
Inactive(anon):   307640 kB
Active(file):      58736 kB
Inactive(file):    63924 kB
Unevictable:       99496 kB
Mlocked:           94212 kB
SwapTotal:        520908 kB
SwapFree:         369368 kB
Dirty:                 0 kB
Writeback:             0 kB
AnonPages:       1229328 kB
Mapped:           123236 kB
Shmem:               620 kB
Slab:              78356 kB
SReclaimable:      25048 kB
SUnreclaim:        53308 kB
KernelStack:       14816 kB
PageTables:        16064 kB
NFS_Unstable:          0 kB
Bounce:                0 kB
WritebackTmp:          0 kB
CommitLimit:     1450072 kB
Committed_AS:   22061556 kB
VmallocTotal:   251658176 kB
VmallocUsed:       95572 kB
VmallocChunk:   251482716 kB


[2024-11-20 08:25:59]
MemTotal:        1858332 kB
MemFree:           46744 kB
Buffers:             256 kB
Cached:           222472 kB
SwapCached:        17112 kB
Active:           982372 kB
Inactive:         371584 kB
Active(anon):     923584 kB
Inactive(anon):   307600 kB
Active(file):      58788 kB
Inactive(file):    63984 kB
Unevictable:       99496 kB
Mlocked:           94212 kB
SwapTotal:        520908 kB
SwapFree:         369368 kB
Dirty:                 0 kB
Writeback:             0 kB
AnonPages:       1229512 kB
Mapped:           123264 kB
Shmem:               620 kB
Slab:              78356 kB
SReclaimable:      25048 kB
SUnreclaim:        53308 kB
KernelStack:       14800 kB
PageTables:        16028 kB
NFS_Unstable:          0 kB
Bounce:                0 kB
WritebackTmp:          0 kB
CommitLimit:     1450072 kB
Committed_AS:   22061644 kB
VmallocTotal:   251658176 kB
VmallocUsed:       95572 kB
VmallocChunk:   251482716 kB


[2024-11-20 08:26:01]
MemTotal:        1858332 kB
MemFree:           45512 kB
Buffers:             212 kB
Cached:           226836 kB
SwapCached:        17088 kB
Active:           983304 kB
Inactive:         374308 kB
Active(anon):     923096 kB
Inactive(anon):   307580 kB
Active(file):      60208 kB
Inactive(file):    66728 kB
Unevictable:       99496 kB
Mlocked:           94212 kB
SwapTotal:        520908 kB
SwapFree:         369220 kB
Dirty:                 0 kB
Writeback:             4 kB
AnonPages:       1228968 kB
Mapped:           126056 kB
Shmem:               620 kB
Slab:              78340 kB
SReclaimable:      25048 kB
SUnreclaim:        53292 kB
KernelStack:       14816 kB
PageTables:        15932 kB
NFS_Unstable:          0 kB
Bounce:                0 kB
WritebackTmp:          0 kB
CommitLimit:     1450072 kB
Committed_AS:   22061544 kB
VmallocTotal:   251658176 kB
VmallocUsed:       95468 kB
VmallocChunk:   251482716 kB


[2024-11-20 08:26:03]
MemTotal:        1858332 kB
MemFree:           44844 kB
Buffers:             212 kB
Cached:           226896 kB
SwapCached:        17088 kB
Active:           983448 kB
Inactive:         374516 kB
Active(anon):     923240 kB
Inactive(anon):   307576 kB
Active(file):      60208 kB
Inactive(file):    66940 kB
Unevictable:       99496 kB
Mlocked:           94212 kB
SwapTotal:        520908 kB
SwapFree:         369220 kB
Dirty:                 0 kB
Writeback:             4 kB
AnonPages:       1229240 kB
Mapped:           125872 kB
Shmem:               620 kB
Slab:              78332 kB
SReclaimable:      25048 kB
SUnreclaim:        53284 kB
KernelStack:       14800 kB
PageTables:        15928 kB
NFS_Unstable:          0 kB
Bounce:                0 kB
WritebackTmp:          0 kB
CommitLimit:     1450072 kB
Committed_AS:   22061536 kB
VmallocTotal:   251658176 kB
VmallocUsed:       95468 kB
VmallocChunk:   251482716 kB


