
[2024-11-19 18:47:56]
MemTotal:        1858332 kB
MemFree:           55544 kB
Buffers:             524 kB
Cached:           205300 kB
SwapCached:        13252 kB
Active:           969680 kB
Inactive:         358588 kB
Active(anon):     915448 kB
Inactive(anon):   306808 kB
Active(file):      54232 kB
Inactive(file):    51780 kB
Unevictable:       99496 kB
Mlocked:           94212 kB
SwapTotal:        520908 kB
SwapFree:         362260 kB
Dirty:                 0 kB
Writeback:             0 kB
AnonPages:       1220716 kB
Mapped:           150216 kB
Shmem:               572 kB
Slab:              76820 kB
SReclaimable:      24248 kB
SUnreclaim:        52572 kB
KernelStack:       15296 kB
PageTables:        16772 kB
NFS_Unstable:          0 kB
Bounce:                0 kB
WritebackTmp:          0 kB
CommitLimit:     1450072 kB
Committed_AS:   24103452 kB
VmallocTotal:   251658176 kB
VmallocUsed:       96504 kB
VmallocChunk:   251482716 kB


[2024-11-19 18:47:58]
MemTotal:        1858332 kB
MemFree:           55348 kB
Buffers:             524 kB
Cached:           205300 kB
SwapCached:        13252 kB
Active:           969760 kB
Inactive:         358588 kB
Active(anon):     915528 kB
Inactive(anon):   306808 kB
Active(file):      54232 kB
Inactive(file):    51780 kB
Unevictable:       99496 kB
Mlocked:           94212 kB
SwapTotal:        520908 kB
SwapFree:         362260 kB
Dirty:                 0 kB
Writeback:             0 kB
AnonPages:       1220904 kB
Mapped:           150088 kB
Shmem:               572 kB
Slab:              76820 kB
SReclaimable:      24248 kB
SUnreclaim:        52572 kB
KernelStack:       15328 kB
PageTables:        16796 kB
NFS_Unstable:          0 kB
Bounce:                0 kB
WritebackTmp:          0 kB
CommitLimit:     1450072 kB
Committed_AS:   24103500 kB
VmallocTotal:   251658176 kB
VmallocUsed:       96504 kB
VmallocChunk:   251482716 kB


[2024-11-19 18:48:01]
MemTotal:        1858332 kB
MemFree:           55128 kB
Buffers:             524 kB
Cached:           205300 kB
SwapCached:        13252 kB
Active:           969960 kB
Inactive:         358588 kB
Active(anon):     915728 kB
Inactive(anon):   306808 kB
Active(file):      54232 kB
Inactive(file):    51780 kB
Unevictable:       99496 kB
Mlocked:           94212 kB
SwapTotal:        520908 kB
SwapFree:         362260 kB
Dirty:                 0 kB
Writeback:             0 kB
AnonPages:       1221032 kB
Mapped:           150220 kB
Shmem:               572 kB
Slab:              76820 kB
SReclaimable:      24248 kB
SUnreclaim:        52572 kB
KernelStack:       15296 kB
PageTables:        16772 kB
NFS_Unstable:          0 kB
Bounce:                0 kB
WritebackTmp:          0 kB
CommitLimit:     1450072 kB
Committed_AS:   24103384 kB
VmallocTotal:   251658176 kB
VmallocUsed:       96504 kB
VmallocChunk:   251482716 kB


[2024-11-19 18:48:03]
MemTotal:        1858332 kB
MemFree:           54812 kB
Buffers:             524 kB
Cached:           205300 kB
SwapCached:        13252 kB
Active:           970080 kB
Inactive:         358588 kB
Active(anon):     915848 kB
Inactive(anon):   306808 kB
Active(file):      54232 kB
Inactive(file):    51780 kB
Unevictable:       99496 kB
Mlocked:           94212 kB
SwapTotal:        520908 kB
SwapFree:         362260 kB
Dirty:                 0 kB
Writeback:             0 kB
AnonPages:       1221124 kB
Mapped:           150220 kB
Shmem:               572 kB
Slab:              76820 kB
SReclaimable:      24248 kB
SUnreclaim:        52572 kB
KernelStack:       15296 kB
PageTables:        16772 kB
NFS_Unstable:          0 kB
Bounce:                0 kB
WritebackTmp:          0 kB
CommitLimit:     1450072 kB
Committed_AS:   24103484 kB
VmallocTotal:   251658176 kB
VmallocUsed:       96504 kB
VmallocChunk:   251482716 kB


[2024-11-19 18:48:06]
MemTotal:        1858332 kB
MemFree:           54824 kB
Buffers:             524 kB
Cached:           205300 kB
SwapCached:        13252 kB
Active:           970348 kB
Inactive:         358588 kB
Active(anon):     916116 kB
Inactive(anon):   306808 kB
Active(file):      54232 kB
Inactive(file):    51780 kB
Unevictable:       99496 kB
Mlocked:           94212 kB
SwapTotal:        520908 kB
SwapFree:         362260 kB
Dirty:                 0 kB
Writeback:             0 kB
AnonPages:       1221652 kB
Mapped:           150224 kB
Shmem:               572 kB
Slab:              76820 kB
SReclaimable:      24248 kB
SUnreclaim:        52572 kB
KernelStack:       15328 kB
PageTables:        16808 kB
NFS_Unstable:          0 kB
Bounce:                0 kB
WritebackTmp:          0 kB
CommitLimit:     1450072 kB
Committed_AS:   24103296 kB
VmallocTotal:   251658176 kB
VmallocUsed:       96504 kB
VmallocChunk:   251482716 kB


[2024-11-19 18:48:09]
MemTotal:        1858332 kB
MemFree:           54568 kB
Buffers:             524 kB
Cached:           205300 kB
SwapCached:        13252 kB
Active:           970472 kB
Inactive:         358588 kB
Active(anon):     916240 kB
Inactive(anon):   306808 kB
Active(file):      54232 kB
Inactive(file):    51780 kB
Unevictable:       99496 kB
Mlocked:           94212 kB
SwapTotal:        520908 kB
SwapFree:         362260 kB
Dirty:                 0 kB
Writeback:             0 kB
AnonPages:       1221456 kB
Mapped:           150220 kB
Shmem:               572 kB
Slab:              76820 kB
SReclaimable:      24248 kB
SUnreclaim:        52572 kB
KernelStack:       15296 kB
PageTables:        16772 kB
NFS_Unstable:          0 kB
Bounce:                0 kB
WritebackTmp:          0 kB
CommitLimit:     1450072 kB
Committed_AS:   24103452 kB
VmallocTotal:   251658176 kB
VmallocUsed:       96504 kB
VmallocChunk:   251482716 kB


[2024-11-19 18:48:11]
MemTotal:        1858332 kB
MemFree:           54004 kB
Buffers:             524 kB
Cached:           205300 kB
SwapCached:        13252 kB
Active:           970712 kB
Inactive:         358588 kB
Active(anon):     916480 kB
Inactive(anon):   306808 kB
Active(file):      54232 kB
Inactive(file):    51780 kB
Unevictable:       99496 kB
Mlocked:           94212 kB
SwapTotal:        520908 kB
SwapFree:         362260 kB
Dirty:                 0 kB
Writeback:             0 kB
AnonPages:       1222140 kB
Mapped:           150272 kB
Shmem:               572 kB
Slab:              76820 kB
SReclaimable:      24248 kB
SUnreclaim:        52572 kB
KernelStack:       15328 kB
PageTables:        16792 kB
NFS_Unstable:          0 kB
Bounce:                0 kB
WritebackTmp:          0 kB
CommitLimit:     1450072 kB
Committed_AS:   24103468 kB
VmallocTotal:   251658176 kB
VmallocUsed:       96504 kB
VmallocChunk:   251482716 kB


[2024-11-19 18:48:14]
MemTotal:        1858332 kB
MemFree:           53892 kB
Buffers:             524 kB
Cached:           205300 kB
SwapCached:        13252 kB
Active:           971224 kB
Inactive:         358588 kB
Active(anon):     916992 kB
Inactive(anon):   306808 kB
Active(file):      54232 kB
Inactive(file):    51780 kB
Unevictable:       99496 kB
Mlocked:           94212 kB
SwapTotal:        520908 kB
SwapFree:         362260 kB
Dirty:                 0 kB
Writeback:             0 kB
AnonPages:       1222376 kB
Mapped:           150224 kB
Shmem:               572 kB
Slab:              76820 kB
SReclaimable:      24248 kB
SUnreclaim:        52572 kB
KernelStack:       15328 kB
PageTables:        16800 kB
NFS_Unstable:          0 kB
Bounce:                0 kB
WritebackTmp:          0 kB
CommitLimit:     1450072 kB
Committed_AS:   24103424 kB
VmallocTotal:   251658176 kB
VmallocUsed:       96504 kB
VmallocChunk:   251482716 kB


[2024-11-19 18:48:16]
MemTotal:        1858332 kB
MemFree:           53492 kB
Buffers:             524 kB
Cached:           205300 kB
SwapCached:        13252 kB
Active:           971612 kB
Inactive:         358588 kB
Active(anon):     917380 kB
Inactive(anon):   306808 kB
Active(file):      54232 kB
Inactive(file):    51780 kB
Unevictable:       99496 kB
Mlocked:           94212 kB
SwapTotal:        520908 kB
SwapFree:         362260 kB
Dirty:                 0 kB
Writeback:             0 kB
AnonPages:       1222684 kB
Mapped:           150220 kB
Shmem:               572 kB
Slab:              76820 kB
SReclaimable:      24248 kB
SUnreclaim:        52572 kB
KernelStack:       15296 kB
PageTables:        16772 kB
NFS_Unstable:          0 kB
Bounce:                0 kB
WritebackTmp:          0 kB
CommitLimit:     1450072 kB
Committed_AS:   24103540 kB
VmallocTotal:   251658176 kB
VmallocUsed:       96504 kB
VmallocChunk:   251482716 kB


[2024-11-19 18:48:19]
MemTotal:        1858332 kB
MemFree:           52976 kB
Buffers:             524 kB
Cached:           205300 kB
SwapCached:        13252 kB
Active:           972308 kB
Inactive:         358588 kB
Active(anon):     918076 kB
Inactive(anon):   306808 kB
Active(file):      54232 kB
Inactive(file):    51780 kB
Unevictable:       99496 kB
Mlocked:           94212 kB
SwapTotal:        520908 kB
SwapFree:         362260 kB
Dirty:                 0 kB
Writeback:             0 kB
AnonPages:       1223432 kB
Mapped:           150228 kB
Shmem:               572 kB
Slab:              76820 kB
SReclaimable:      24248 kB
SUnreclaim:        52572 kB
KernelStack:       15328 kB
PageTables:        16796 kB
NFS_Unstable:          0 kB
Bounce:                0 kB
WritebackTmp:          0 kB
CommitLimit:     1450072 kB
Committed_AS:   24103484 kB
VmallocTotal:   251658176 kB
VmallocUsed:       96504 kB
VmallocChunk:   251482716 kB


[2024-11-19 18:48:21]
MemTotal:        1858332 kB
MemFree:           52328 kB
Buffers:             524 kB
Cached:           205300 kB
SwapCached:        13252 kB
Active:           973040 kB
Inactive:         358592 kB
Active(anon):     918808 kB
Inactive(anon):   306812 kB
Active(file):      54232 kB
Inactive(file):    51780 kB
Unevictable:       99496 kB
Mlocked:           94212 kB
SwapTotal:        520908 kB
SwapFree:         362264 kB
Dirty:                 0 kB
Writeback:             0 kB
AnonPages:       1224080 kB
Mapped:           150224 kB
Shmem:               572 kB
Slab:              76820 kB
SReclaimable:      24248 kB
SUnreclaim:        52572 kB
KernelStack:       15296 kB
PageTables:        16772 kB
NFS_Unstable:          0 kB
Bounce:                0 kB
WritebackTmp:          0 kB
CommitLimit:     1450072 kB
Committed_AS:   24103360 kB
VmallocTotal:   251658176 kB
VmallocUsed:       96504 kB
VmallocChunk:   251482716 kB


[2024-11-19 18:48:24]
MemTotal:        1858332 kB
MemFree:           52148 kB
Buffers:             524 kB
Cached:           205300 kB
SwapCached:        13252 kB
Active:           973188 kB
Inactive:         358592 kB
Active(anon):     918956 kB
Inactive(anon):   306812 kB
Active(file):      54232 kB
Inactive(file):    51780 kB
Unevictable:       99496 kB
Mlocked:           94212 kB
SwapTotal:        520908 kB
SwapFree:         362264 kB
Dirty:                 0 kB
Writeback:             0 kB
AnonPages:       1224268 kB
Mapped:           150224 kB
Shmem:               572 kB
Slab:              76820 kB
SReclaimable:      24248 kB
SUnreclaim:        52572 kB
KernelStack:       15296 kB
PageTables:        16772 kB
NFS_Unstable:          0 kB
Bounce:                0 kB
WritebackTmp:          0 kB
CommitLimit:     1450072 kB
Committed_AS:   24103304 kB
VmallocTotal:   251658176 kB
VmallocUsed:       96504 kB
VmallocChunk:   251482716 kB


[2024-11-19 18:48:26]
MemTotal:        1858332 kB
MemFree:           51964 kB
Buffers:             524 kB
Cached:           205300 kB
SwapCached:        13252 kB
Active:           973276 kB
Inactive:         358592 kB
Active(anon):     919044 kB
Inactive(anon):   306812 kB
Active(file):      54232 kB
Inactive(file):    51780 kB
Unevictable:       99496 kB
Mlocked:           94212 kB
SwapTotal:        520908 kB
SwapFree:         362264 kB
Dirty:                 0 kB
Writeback:             0 kB
AnonPages:       1224408 kB
Mapped:           150276 kB
Shmem:               572 kB
Slab:              76820 kB
SReclaimable:      24248 kB
SUnreclaim:        52572 kB
KernelStack:       15328 kB
PageTables:        16796 kB
NFS_Unstable:          0 kB
Bounce:                0 kB
WritebackTmp:          0 kB
CommitLimit:     1450072 kB
Committed_AS:   24103332 kB
VmallocTotal:   251658176 kB
VmallocUsed:       96504 kB
VmallocChunk:   251482716 kB


[2024-11-19 18:48:28]
MemTotal:        1858332 kB
MemFree:           51680 kB
Buffers:             524 kB
Cached:           205300 kB
SwapCached:        13252 kB
Active:           973336 kB
Inactive:         358592 kB
Active(anon):     919104 kB
Inactive(anon):   306812 kB
Active(file):      54232 kB
Inactive(file):    51780 kB
Unevictable:       99496 kB
Mlocked:           94212 kB
SwapTotal:        520908 kB
SwapFree:         362264 kB
Dirty:                 0 kB
Writeback:             0 kB
AnonPages:       1224536 kB
Mapped:           150040 kB
Shmem:               572 kB
Slab:              76820 kB
SReclaimable:      24248 kB
SUnreclaim:        52572 kB
KernelStack:       15312 kB
PageTables:        16772 kB
NFS_Unstable:          0 kB
Bounce:                0 kB
WritebackTmp:          0 kB
CommitLimit:     1450072 kB
Committed_AS:   24103424 kB
VmallocTotal:   251658176 kB
VmallocUsed:       96504 kB
VmallocChunk:   251482716 kB


[2024-11-19 18:48:30]
MemTotal:        1858332 kB
MemFree:           50748 kB
Buffers:             524 kB
Cached:           205300 kB
SwapCached:        13252 kB
Active:           973440 kB
Inactive:         358592 kB
Active(anon):     919208 kB
Inactive(anon):   306812 kB
Active(file):      54232 kB
Inactive(file):    51780 kB
Unevictable:       99496 kB
Mlocked:           94212 kB
SwapTotal:        520908 kB
SwapFree:         362264 kB
Dirty:                 0 kB
Writeback:             0 kB
AnonPages:       1224620 kB
Mapped:           150224 kB
Shmem:               572 kB
Slab:              76820 kB
SReclaimable:      24248 kB
SUnreclaim:        52572 kB
KernelStack:       15312 kB
PageTables:        16772 kB
NFS_Unstable:          0 kB
Bounce:                0 kB
WritebackTmp:          0 kB
CommitLimit:     1450072 kB
Committed_AS:   24103300 kB
VmallocTotal:   251658176 kB
VmallocUsed:       96504 kB
VmallocChunk:   251482716 kB


[2024-11-19 18:48:33]
MemTotal:        1858332 kB
MemFree:           50060 kB
Buffers:             524 kB
Cached:           205300 kB
SwapCached:        13252 kB
Active:           973808 kB
Inactive:         358592 kB
Active(anon):     919576 kB
Inactive(anon):   306812 kB
Active(file):      54232 kB
Inactive(file):    51780 kB
Unevictable:       99496 kB
Mlocked:           94212 kB
SwapTotal:        520908 kB
SwapFree:         362264 kB
Dirty:                 0 kB
Writeback:             0 kB
AnonPages:       1225044 kB
Mapped:           150224 kB
Shmem:               572 kB
Slab:              76820 kB
SReclaimable:      24248 kB
SUnreclaim:        52572 kB
KernelStack:       15312 kB
PageTables:        16772 kB
NFS_Unstable:          0 kB
Bounce:                0 kB
WritebackTmp:          0 kB
CommitLimit:     1450072 kB
Committed_AS:   24103316 kB
VmallocTotal:   251658176 kB
VmallocUsed:       96504 kB
VmallocChunk:   251482716 kB


[2024-11-19 18:48:35]
MemTotal:        1858332 kB
MemFree:           50252 kB
Buffers:             524 kB
Cached:           205300 kB
SwapCached:        13252 kB
Active:           974076 kB
Inactive:         358592 kB
Active(anon):     919844 kB
Inactive(anon):   306812 kB
Active(file):      54232 kB
Inactive(file):    51780 kB
Unevictable:       99496 kB
Mlocked:           94212 kB
SwapTotal:        520908 kB
SwapFree:         362264 kB
Dirty:                 0 kB
Writeback:             0 kB
AnonPages:       1225232 kB
Mapped:           150224 kB
Shmem:               572 kB
Slab:              76820 kB
SReclaimable:      24248 kB
SUnreclaim:        52572 kB
KernelStack:       15312 kB
PageTables:        16772 kB
NFS_Unstable:          0 kB
Bounce:                0 kB
WritebackTmp:          0 kB
CommitLimit:     1450072 kB
Committed_AS:   24103416 kB
VmallocTotal:   251658176 kB
VmallocUsed:       96504 kB
VmallocChunk:   251482716 kB


[2024-11-19 18:48:37]
MemTotal:        1858332 kB
MemFree:           56656 kB
Buffers:             524 kB
Cached:           205300 kB
SwapCached:        13252 kB
Active:           968300 kB
Inactive:         358592 kB
Active(anon):     914068 kB
Inactive(anon):   306812 kB
Active(file):      54232 kB
Inactive(file):    51780 kB
Unevictable:       99496 kB
Mlocked:           94212 kB
SwapTotal:        520908 kB
SwapFree:         362264 kB
Dirty:                 0 kB
Writeback:             0 kB
AnonPages:       1219328 kB
Mapped:           148936 kB
Shmem:               572 kB
Slab:              76820 kB
SReclaimable:      24248 kB
SUnreclaim:        52572 kB
KernelStack:       15296 kB
PageTables:        16588 kB
NFS_Unstable:          0 kB
Bounce:                0 kB
WritebackTmp:          0 kB
CommitLimit:     1450072 kB
Committed_AS:   23983360 kB
VmallocTotal:   251658176 kB
VmallocUsed:       96504 kB
VmallocChunk:   251482716 kB


[2024-11-19 18:48:39]
MemTotal:        1858332 kB
MemFree:           57480 kB
Buffers:             524 kB
Cached:           205300 kB
SwapCached:        13252 kB
Active:           967472 kB
Inactive:         358592 kB
Active(anon):     913240 kB
Inactive(anon):   306812 kB
Active(file):      54232 kB
Inactive(file):    51780 kB
Unevictable:       99496 kB
Mlocked:           94212 kB
SwapTotal:        520908 kB
SwapFree:         362264 kB
Dirty:                 0 kB
Writeback:             0 kB
AnonPages:       1218624 kB
Mapped:           146168 kB
Shmem:               572 kB
Slab:              76820 kB
SReclaimable:      24248 kB
SUnreclaim:        52572 kB
KernelStack:       15072 kB
PageTables:        16576 kB
NFS_Unstable:          0 kB
Bounce:                0 kB
WritebackTmp:          0 kB
CommitLimit:     1450072 kB
Committed_AS:   23981768 kB
VmallocTotal:   251658176 kB
VmallocUsed:       96504 kB
VmallocChunk:   251482716 kB


[2024-11-19 18:48:41]
MemTotal:        1858332 kB
MemFree:           57464 kB
Buffers:             524 kB
Cached:           205300 kB
SwapCached:        13252 kB
Active:           967464 kB
Inactive:         358592 kB
Active(anon):     913232 kB
Inactive(anon):   306812 kB
Active(file):      54232 kB
Inactive(file):    51780 kB
Unevictable:       99496 kB
Mlocked:           94212 kB
SwapTotal:        520908 kB
SwapFree:         362264 kB
Dirty:                 0 kB
Writeback:             0 kB
AnonPages:       1218504 kB
Mapped:           146148 kB
Shmem:               572 kB
Slab:              76820 kB
SReclaimable:      24248 kB
SUnreclaim:        52572 kB
KernelStack:       15072 kB
PageTables:        16576 kB
NFS_Unstable:          0 kB
Bounce:                0 kB
WritebackTmp:          0 kB
CommitLimit:     1450072 kB
Committed_AS:   23981728 kB
VmallocTotal:   251658176 kB
VmallocUsed:       96504 kB
VmallocChunk:   251482716 kB


[2024-11-19 18:48:43]
MemTotal:        1858332 kB
MemFree:           57372 kB
Buffers:             524 kB
Cached:           205300 kB
SwapCached:        13252 kB
Active:           967480 kB
Inactive:         358592 kB
Active(anon):     913248 kB
Inactive(anon):   306812 kB
Active(file):      54232 kB
Inactive(file):    51780 kB
Unevictable:       99496 kB
Mlocked:           94212 kB
SwapTotal:        520908 kB
SwapFree:         362264 kB
Dirty:                 0 kB
Writeback:             0 kB
AnonPages:       1218660 kB
Mapped:           146148 kB
Shmem:               572 kB
Slab:              76820 kB
SReclaimable:      24248 kB
SUnreclaim:        52572 kB
KernelStack:       15072 kB
PageTables:        16580 kB
NFS_Unstable:          0 kB
Bounce:                0 kB
WritebackTmp:          0 kB
CommitLimit:     1450072 kB
Committed_AS:   23981820 kB
VmallocTotal:   251658176 kB
VmallocUsed:       96504 kB
VmallocChunk:   251482716 kB


[2024-11-19 18:48:45]
MemTotal:        1858332 kB
MemFree:           57036 kB
Buffers:             524 kB
Cached:           205300 kB
SwapCached:        13252 kB
Active:           967980 kB
Inactive:         358592 kB
Active(anon):     913748 kB
Inactive(anon):   306812 kB
Active(file):      54232 kB
Inactive(file):    51780 kB
Unevictable:       99496 kB
Mlocked:           94212 kB
SwapTotal:        520908 kB
SwapFree:         362264 kB
Dirty:                 0 kB
Writeback:             0 kB
AnonPages:       1218952 kB
Mapped:           146184 kB
Shmem:               572 kB
Slab:              76820 kB
SReclaimable:      24248 kB
SUnreclaim:        52572 kB
KernelStack:       15072 kB
PageTables:        16560 kB
NFS_Unstable:          0 kB
Bounce:                0 kB
WritebackTmp:          0 kB
CommitLimit:     1450072 kB
Committed_AS:   23981724 kB
VmallocTotal:   251658176 kB
VmallocUsed:       96504 kB
VmallocChunk:   251482716 kB


[2024-11-19 18:48:47]
MemTotal:        1858332 kB
MemFree:           56880 kB
Buffers:             524 kB
Cached:           205300 kB
SwapCached:        13252 kB
Active:           967980 kB
Inactive:         358592 kB
Active(anon):     913748 kB
Inactive(anon):   306812 kB
Active(file):      54232 kB
Inactive(file):    51780 kB
Unevictable:       99496 kB
Mlocked:           94212 kB
SwapTotal:        520908 kB
SwapFree:         362264 kB
Dirty:                 0 kB
Writeback:             0 kB
AnonPages:       1219004 kB
Mapped:           146148 kB
Shmem:               572 kB
Slab:              76820 kB
SReclaimable:      24248 kB
SUnreclaim:        52572 kB
KernelStack:       15072 kB
PageTables:        16576 kB
NFS_Unstable:          0 kB
Bounce:                0 kB
WritebackTmp:          0 kB
CommitLimit:     1450072 kB
Committed_AS:   23981692 kB
VmallocTotal:   251658176 kB
VmallocUsed:       96504 kB
VmallocChunk:   251482716 kB


[2024-11-19 18:48:49]
MemTotal:        1858332 kB
MemFree:           64132 kB
Buffers:             524 kB
Cached:           205300 kB
SwapCached:        13252 kB
Active:           961708 kB
Inactive:         358592 kB
Active(anon):     907476 kB
Inactive(anon):   306812 kB
Active(file):      54232 kB
Inactive(file):    51780 kB
Unevictable:       99496 kB
Mlocked:           94212 kB
SwapTotal:        520908 kB
SwapFree:         362264 kB
Dirty:                 0 kB
Writeback:             0 kB
AnonPages:       1212688 kB
Mapped:           146120 kB
Shmem:               572 kB
Slab:              76820 kB
SReclaimable:      24248 kB
SUnreclaim:        52572 kB
KernelStack:       15104 kB
PageTables:        16448 kB
NFS_Unstable:          0 kB
Bounce:                0 kB
WritebackTmp:          0 kB
CommitLimit:     1450072 kB
Committed_AS:   23981752 kB
VmallocTotal:   251658176 kB
VmallocUsed:       96476 kB
VmallocChunk:   251482716 kB


[2024-11-19 18:48:51]
MemTotal:        1858332 kB
MemFree:           63900 kB
Buffers:             524 kB
Cached:           205300 kB
SwapCached:        13252 kB
Active:           962004 kB
Inactive:         358592 kB
Active(anon):     907772 kB
Inactive(anon):   306812 kB
Active(file):      54232 kB
Inactive(file):    51780 kB
Unevictable:       99496 kB
Mlocked:           94212 kB
SwapTotal:        520908 kB
SwapFree:         362264 kB
Dirty:                 0 kB
Writeback:             0 kB
AnonPages:       1213072 kB
Mapped:           146112 kB
Shmem:               572 kB
Slab:              76820 kB
SReclaimable:      24248 kB
SUnreclaim:        52572 kB
KernelStack:       15088 kB
PageTables:        16440 kB
NFS_Unstable:          0 kB
Bounce:                0 kB
WritebackTmp:          0 kB
CommitLimit:     1450072 kB
Committed_AS:   23981600 kB
VmallocTotal:   251658176 kB
VmallocUsed:       96476 kB
VmallocChunk:   251482716 kB


[2024-11-19 18:48:53]
MemTotal:        1858332 kB
MemFree:           63956 kB
Buffers:             524 kB
Cached:           205300 kB
SwapCached:        13252 kB
Active:           962284 kB
Inactive:         358592 kB
Active(anon):     908052 kB
Inactive(anon):   306812 kB
Active(file):      54232 kB
Inactive(file):    51780 kB
Unevictable:       99496 kB
Mlocked:           94212 kB
SwapTotal:        520908 kB
SwapFree:         362264 kB
Dirty:                 0 kB
Writeback:             0 kB
AnonPages:       1213420 kB
Mapped:           146112 kB
Shmem:               572 kB
Slab:              76820 kB
SReclaimable:      24248 kB
SUnreclaim:        52572 kB
KernelStack:       15072 kB
PageTables:        16440 kB
NFS_Unstable:          0 kB
Bounce:                0 kB
WritebackTmp:          0 kB
CommitLimit:     1450072 kB
Committed_AS:   23981824 kB
VmallocTotal:   251658176 kB
VmallocUsed:       96476 kB
VmallocChunk:   251482716 kB


[2024-11-19 18:48:56]
MemTotal:        1858332 kB
MemFree:           63920 kB
Buffers:             524 kB
Cached:           205300 kB
SwapCached:        13252 kB
Active:           962212 kB
Inactive:         358592 kB
Active(anon):     907980 kB
Inactive(anon):   306812 kB
Active(file):      54232 kB
Inactive(file):    51780 kB
Unevictable:       99496 kB
Mlocked:           94212 kB
SwapTotal:        520908 kB
SwapFree:         362264 kB
Dirty:                 0 kB
Writeback:             0 kB
AnonPages:       1213416 kB
Mapped:           146112 kB
Shmem:               572 kB
Slab:              76820 kB
SReclaimable:      24248 kB
SUnreclaim:        52572 kB
KernelStack:       15072 kB
PageTables:        16440 kB
NFS_Unstable:          0 kB
Bounce:                0 kB
WritebackTmp:          0 kB
CommitLimit:     1450072 kB
Committed_AS:   23981704 kB
VmallocTotal:   251658176 kB
VmallocUsed:       96476 kB
VmallocChunk:   251482716 kB


[2024-11-19 18:48:58]
MemTotal:        1858332 kB
MemFree:           63584 kB
Buffers:             524 kB
Cached:           205300 kB
SwapCached:        13252 kB
Active:           962296 kB
Inactive:         358592 kB
Active(anon):     908064 kB
Inactive(anon):   306812 kB
Active(file):      54232 kB
Inactive(file):    51780 kB
Unevictable:       99496 kB
Mlocked:           94212 kB
SwapTotal:        520908 kB
SwapFree:         362264 kB
Dirty:                 0 kB
Writeback:             0 kB
AnonPages:       1213480 kB
Mapped:           146116 kB
Shmem:               572 kB
Slab:              76820 kB
SReclaimable:      24248 kB
SUnreclaim:        52572 kB
KernelStack:       15072 kB
PageTables:        16440 kB
NFS_Unstable:          0 kB
Bounce:                0 kB
WritebackTmp:          0 kB
CommitLimit:     1450072 kB
Committed_AS:   23981800 kB
VmallocTotal:   251658176 kB
VmallocUsed:       96476 kB
VmallocChunk:   251482716 kB


[2024-11-19 18:49:00]
MemTotal:        1858332 kB
MemFree:           62944 kB
Buffers:             524 kB
Cached:           205300 kB
SwapCached:        13252 kB
Active:           962456 kB
Inactive:         358592 kB
Active(anon):     908224 kB
Inactive(anon):   306812 kB
Active(file):      54232 kB
Inactive(file):    51780 kB
Unevictable:       99496 kB
Mlocked:           94212 kB
SwapTotal:        520908 kB
SwapFree:         362264 kB
Dirty:                 0 kB
Writeback:             0 kB
AnonPages:       1213500 kB
Mapped:           146100 kB
Shmem:               572 kB
Slab:              76820 kB
SReclaimable:      24248 kB
SUnreclaim:        52572 kB
KernelStack:       15072 kB
PageTables:        16440 kB
NFS_Unstable:          0 kB
Bounce:                0 kB
WritebackTmp:          0 kB
CommitLimit:     1450072 kB
Committed_AS:   23981800 kB
VmallocTotal:   251658176 kB
VmallocUsed:       96476 kB
VmallocChunk:   251482716 kB


