[2024-11-19 18:33:04]
MemTotal:        1858332 kB
MemFree:           53284 kB
Buffers:             600 kB
Cached:           204196 kB
SwapCached:        12824 kB
Active:           973060 kB
Inactive:         357680 kB
Active(anon):     917664 kB
Inactive(anon):   308092 kB
Active(file):      55396 kB
Inactive(file):    49588 kB
Unevictable:       99496 kB
Mlocked:           94212 kB
SwapTotal:        520908 kB
SwapFree:         369020 kB
Dirty:                 0 kB
Writeback:             0 kB
AnonPages:       1224220 kB
Mapped:           144388 kB
Shmem:               572 kB
Slab:              77084 kB
SReclaimable:      24524 kB
SUnreclaim:        52560 kB
KernelStack:       15104 kB
PageTables:        16528 kB
NFS_Unstable:          0 kB
Bounce:                0 kB
WritebackTmp:          0 kB
CommitLimit:     1450072 kB
Committed_AS:   23981188 kB
VmallocTotal:   251658176 kB
VmallocUsed:       96504 kB
VmallocChunk:   251482716 kB


[2024-11-19 18:33:04]
MemTotal:        1858332 kB
MemFree:           53260 kB
Buffers:             600 kB
Cached:           204196 kB
SwapCached:        12824 kB
Active:           973396 kB
Inactive:         357680 kB
Active(anon):     918000 kB
Inactive(anon):   308092 kB
Active(file):      55396 kB
Inactive(file):    49588 kB
Unevictable:       99496 kB
Mlocked:           94212 kB
SwapTotal:        520908 kB
SwapFree:         369020 kB
Dirty:                 0 kB
Writeback:             0 kB
AnonPages:       1224468 kB
Mapped:           144388 kB
Shmem:               572 kB
Slab:              77084 kB
SReclaimable:      24524 kB
SUnreclaim:        52560 kB
KernelStack:       15088 kB
PageTables:        16508 kB
NFS_Unstable:          0 kB
Bounce:                0 kB
WritebackTmp:          0 kB
CommitLimit:     1450072 kB
Committed_AS:   23981176 kB
VmallocTotal:   251658176 kB
VmallocUsed:       96504 kB
VmallocChunk:   251482716 kB


[2024-11-19 18:33:04]
MemTotal:        1858332 kB
MemFree:           53096 kB
Buffers:             600 kB
Cached:           204196 kB
SwapCached:        12824 kB
Active:           973316 kB
Inactive:         357680 kB
Active(anon):     917920 kB
Inactive(anon):   308092 kB
Active(file):      55396 kB
Inactive(file):    49588 kB
Unevictable:       99496 kB
Mlocked:           94212 kB
SwapTotal:        520908 kB
SwapFree:         369020 kB
Dirty:                 0 kB
Writeback:             0 kB
AnonPages:       1224472 kB
Mapped:           144388 kB
Shmem:               572 kB
Slab:              77084 kB
SReclaimable:      24524 kB
SUnreclaim:        52560 kB
KernelStack:       15088 kB
PageTables:        16524 kB
NFS_Unstable:          0 kB
Bounce:                0 kB
WritebackTmp:          0 kB
CommitLimit:     1450072 kB
Committed_AS:   23981160 kB
VmallocTotal:   251658176 kB
VmallocUsed:       96504 kB
VmallocChunk:   251482716 kB


[2024-11-19 18:33:04]
MemTotal:        1858332 kB
MemFree:           52656 kB
Buffers:             600 kB
Cached:           204196 kB
SwapCached:        12824 kB
Active:           973400 kB
Inactive:         357680 kB
Active(anon):     918004 kB
Inactive(anon):   308092 kB
Active(file):      55396 kB
Inactive(file):    49588 kB
Unevictable:       99496 kB
Mlocked:           94212 kB
SwapTotal:        520908 kB
SwapFree:         369020 kB
Dirty:                 0 kB
Writeback:             0 kB
AnonPages:       1224620 kB
Mapped:           144388 kB
Shmem:               572 kB
Slab:              77084 kB
SReclaimable:      24524 kB
SUnreclaim:        52560 kB
KernelStack:       15088 kB
PageTables:        16504 kB
NFS_Unstable:          0 kB
Bounce:                0 kB
WritebackTmp:          0 kB
CommitLimit:     1450072 kB
Committed_AS:   23981292 kB
VmallocTotal:   251658176 kB
VmallocUsed:       96504 kB
VmallocChunk:   251482716 kB


[2024-11-19 18:33:04]
MemTotal:        1858332 kB
MemFree:           58668 kB
Buffers:             600 kB
Cached:           204196 kB
SwapCached:        12824 kB
Active:           967140 kB
Inactive:         357692 kB
Active(anon):     911744 kB
Inactive(anon):   308104 kB
Active(file):      55396 kB
Inactive(file):    49588 kB
Unevictable:       99496 kB
Mlocked:           94212 kB
SwapTotal:        520908 kB
SwapFree:         369032 kB
Dirty:                 0 kB
Writeback:             0 kB
AnonPages:       1218368 kB
Mapped:           144388 kB
Shmem:               572 kB
Slab:              77084 kB
SReclaimable:      24524 kB
SUnreclaim:        52560 kB
KernelStack:       15056 kB
PageTables:        16516 kB
NFS_Unstable:          0 kB
Bounce:                0 kB
WritebackTmp:          0 kB
CommitLimit:     1450072 kB
Committed_AS:   23981148 kB
VmallocTotal:   251658176 kB
VmallocUsed:       96504 kB
VmallocChunk:   251482716 kB


[2024-11-19 18:33:04]
MemTotal:        1858332 kB
MemFree:           57792 kB
Buffers:             600 kB
Cached:           204196 kB
SwapCached:        12824 kB
Active:           967492 kB
Inactive:         357692 kB
Active(anon):     912096 kB
Inactive(anon):   308104 kB
Active(file):      55396 kB
Inactive(file):    49588 kB
Unevictable:       99496 kB
Mlocked:           94212 kB
SwapTotal:        520908 kB
SwapFree:         369032 kB
Dirty:                 0 kB
Writeback:             0 kB
AnonPages:       1218892 kB
Mapped:           144408 kB
Shmem:               572 kB
Slab:              77084 kB
SReclaimable:      24524 kB
SUnreclaim:        52560 kB
KernelStack:       15056 kB
PageTables:        16520 kB
NFS_Unstable:          0 kB
Bounce:                0 kB
WritebackTmp:          0 kB
CommitLimit:     1450072 kB
Committed_AS:   23981272 kB
VmallocTotal:   251658176 kB
VmallocUsed:       96504 kB
VmallocChunk:   251482716 kB


[2024-11-19 18:33:04]
MemTotal:        1858332 kB
MemFree:           57560 kB
Buffers:             600 kB
Cached:           204196 kB
SwapCached:        12824 kB
Active:           967624 kB
Inactive:         357692 kB
Active(anon):     912228 kB
Inactive(anon):   308104 kB
Active(file):      55396 kB
Inactive(file):    49588 kB
Unevictable:       99496 kB
Mlocked:           94212 kB
SwapTotal:        520908 kB
SwapFree:         369032 kB
Dirty:                 0 kB
Writeback:             0 kB
AnonPages:       1218868 kB
Mapped:           144408 kB
Shmem:               572 kB
Slab:              77084 kB
SReclaimable:      24524 kB
SUnreclaim:        52560 kB
KernelStack:       15056 kB
PageTables:        16536 kB
NFS_Unstable:          0 kB
Bounce:                0 kB
WritebackTmp:          0 kB
CommitLimit:     1450072 kB
Committed_AS:   23981328 kB
VmallocTotal:   251658176 kB
VmallocUsed:       96504 kB
VmallocChunk:   251482716 kB


[2024-11-19 18:33:04]
MemTotal:        1858332 kB
MemFree:           57376 kB
Buffers:             600 kB
Cached:           204196 kB
SwapCached:        12824 kB
Active:           967696 kB
Inactive:         357696 kB
Active(anon):     912300 kB
Inactive(anon):   308108 kB
Active(file):      55396 kB
Inactive(file):    49588 kB
Unevictable:       99496 kB
Mlocked:           94212 kB
SwapTotal:        520908 kB
SwapFree:         369052 kB
Dirty:                 0 kB
Writeback:             0 kB
AnonPages:       1218900 kB
Mapped:           144408 kB
Shmem:               572 kB
Slab:              77084 kB
SReclaimable:      24524 kB
SUnreclaim:        52560 kB
KernelStack:       15056 kB
PageTables:        16520 kB
NFS_Unstable:          0 kB
Bounce:                0 kB
WritebackTmp:          0 kB
CommitLimit:     1450072 kB
Committed_AS:   23981192 kB
VmallocTotal:   251658176 kB
VmallocUsed:       96504 kB
VmallocChunk:   251482716 kB


[2024-11-19 18:33:04]
MemTotal:        1858332 kB
MemFree:           57120 kB
Buffers:             600 kB
Cached:           204196 kB
SwapCached:        12824 kB
Active:           967952 kB
Inactive:         357696 kB
Active(anon):     912556 kB
Inactive(anon):   308108 kB
Active(file):      55396 kB
Inactive(file):    49588 kB
Unevictable:       99496 kB
Mlocked:           94212 kB
SwapTotal:        520908 kB
SwapFree:         369052 kB
Dirty:                 0 kB
Writeback:             0 kB
AnonPages:       1219216 kB
Mapped:           144404 kB
Shmem:               572 kB
Slab:              77084 kB
SReclaimable:      24524 kB
SUnreclaim:        52560 kB
KernelStack:       15072 kB
PageTables:        16552 kB
NFS_Unstable:          0 kB
Bounce:                0 kB
WritebackTmp:          0 kB
CommitLimit:     1450072 kB
Committed_AS:   23981276 kB
VmallocTotal:   251658176 kB
VmallocUsed:       96504 kB
VmallocChunk:   251482716 kB


[2024-11-19 18:33:04]
MemTotal:        1858332 kB
MemFree:           56188 kB
Buffers:             600 kB
Cached:           204236 kB
SwapCached:        12968 kB
Active:           968800 kB
Inactive:         357812 kB
Active(anon):     913404 kB
Inactive(anon):   308224 kB
Active(file):      55396 kB
Inactive(file):    49588 kB
Unevictable:       99496 kB
Mlocked:           94212 kB
SwapTotal:        520908 kB
SwapFree:         369080 kB
Dirty:                 0 kB
Writeback:             0 kB
AnonPages:       1220412 kB
Mapped:           146244 kB
Shmem:               572 kB
Slab:              77084 kB
SReclaimable:      24524 kB
SUnreclaim:        52560 kB
KernelStack:       15056 kB
PageTables:        16536 kB
NFS_Unstable:          0 kB
Bounce:                0 kB
WritebackTmp:          0 kB
CommitLimit:     1450072 kB
Committed_AS:   23982916 kB
VmallocTotal:   251658176 kB
VmallocUsed:       96504 kB
VmallocChunk:   251482716 kB


[2024-11-19 18:33:04]
MemTotal:        1858332 kB
MemFree:           48936 kB
Buffers:             600 kB
Cached:           204792 kB
SwapCached:        12968 kB
Active:           976244 kB
Inactive:         358452 kB
Active(anon):     920848 kB
Inactive(anon):   308268 kB
Active(file):      55396 kB
Inactive(file):    50184 kB
Unevictable:       99496 kB
Mlocked:           94212 kB
SwapTotal:        520908 kB
SwapFree:         369084 kB
Dirty:                 0 kB
Writeback:             0 kB
AnonPages:       1227864 kB
Mapped:           148492 kB
Shmem:               572 kB
Slab:              77084 kB
SReclaimable:      24524 kB
SUnreclaim:        52560 kB
KernelStack:       15280 kB
PageTables:        16776 kB
NFS_Unstable:          0 kB
Bounce:                0 kB
WritebackTmp:          0 kB
CommitLimit:     1450072 kB
Committed_AS:   24094708 kB
VmallocTotal:   251658176 kB
VmallocUsed:       96504 kB
VmallocChunk:   251482716 kB


[2024-11-19 18:33:06]
MemTotal:        1858332 kB
MemFree:           48388 kB
Buffers:             600 kB
Cached:           204792 kB
SwapCached:        12968 kB
Active:           976464 kB
Inactive:         358452 kB
Active(anon):     921068 kB
Inactive(anon):   308268 kB
Active(file):      55396 kB
Inactive(file):    50184 kB
Unevictable:       99496 kB
Mlocked:           94212 kB
SwapTotal:        520908 kB
SwapFree:         369084 kB
Dirty:                 0 kB
Writeback:             0 kB
AnonPages:       1227868 kB
Mapped:           148492 kB
Shmem:               572 kB
Slab:              77084 kB
SReclaimable:      24524 kB
SUnreclaim:        52560 kB
KernelStack:       15280 kB
PageTables:        16776 kB
NFS_Unstable:          0 kB
Bounce:                0 kB
WritebackTmp:          0 kB
CommitLimit:     1450072 kB
Committed_AS:   24102944 kB
VmallocTotal:   251658176 kB
VmallocUsed:       96504 kB
VmallocChunk:   251482716 kB


[2024-11-19 18:33:09]
MemTotal:        1858332 kB
MemFree:           51792 kB
Buffers:             600 kB
Cached:           202400 kB
SwapCached:        12968 kB
Active:           973876 kB
Inactive:         357240 kB
Active(anon):     921084 kB
Inactive(anon):   306844 kB
Active(file):      52792 kB
Inactive(file):    50396 kB
Unevictable:       99496 kB
Mlocked:           94212 kB
SwapTotal:        520908 kB
SwapFree:         367424 kB
Dirty:                 0 kB
Writeback:             0 kB
AnonPages:       1226416 kB
Mapped:           148448 kB
Shmem:               572 kB
Slab:              77084 kB
SReclaimable:      24524 kB
SUnreclaim:        52560 kB
KernelStack:       15280 kB
PageTables:        16776 kB
NFS_Unstable:          0 kB
Bounce:                0 kB
WritebackTmp:          0 kB
CommitLimit:     1450072 kB
Committed_AS:   24102944 kB
VmallocTotal:   251658176 kB
VmallocUsed:       96504 kB
VmallocChunk:   251482716 kB


[2024-11-19 18:33:11]
MemTotal:        1858332 kB
MemFree:           51640 kB
Buffers:             600 kB
Cached:           202400 kB
SwapCached:        12968 kB
Active:           973768 kB
Inactive:         357240 kB
Active(anon):     920976 kB
Inactive(anon):   306844 kB
Active(file):      52792 kB
Inactive(file):    50396 kB
Unevictable:       99496 kB
Mlocked:           94212 kB
SwapTotal:        520908 kB
SwapFree:         367424 kB
Dirty:                 0 kB
Writeback:             0 kB
AnonPages:       1226488 kB
Mapped:           148448 kB
Shmem:               572 kB
Slab:              77084 kB
SReclaimable:      24524 kB
SUnreclaim:        52560 kB
KernelStack:       15264 kB
PageTables:        16776 kB
NFS_Unstable:          0 kB
Bounce:                0 kB
WritebackTmp:          0 kB
CommitLimit:     1450072 kB
Committed_AS:   24102876 kB
VmallocTotal:   251658176 kB
VmallocUsed:       96504 kB
VmallocChunk:   251482716 kB


[2024-11-19 18:33:13]
MemTotal:        1858332 kB
MemFree:           51276 kB
Buffers:             600 kB
Cached:           202400 kB
SwapCached:        12968 kB
Active:           974296 kB
Inactive:         357240 kB
Active(anon):     921504 kB
Inactive(anon):   306844 kB
Active(file):      52792 kB
Inactive(file):    50396 kB
Unevictable:       99496 kB
Mlocked:           94212 kB
SwapTotal:        520908 kB
SwapFree:         367424 kB
Dirty:                 0 kB
Writeback:             0 kB
AnonPages:       1226692 kB
Mapped:           148448 kB
Shmem:               572 kB
Slab:              77084 kB
SReclaimable:      24524 kB
SUnreclaim:        52560 kB
KernelStack:       15264 kB
PageTables:        16776 kB
NFS_Unstable:          0 kB
Bounce:                0 kB
WritebackTmp:          0 kB
CommitLimit:     1450072 kB
Committed_AS:   24094700 kB
VmallocTotal:   251658176 kB
VmallocUsed:       96504 kB
VmallocChunk:   251482716 kB


[2024-11-19 18:33:15]
MemTotal:        1858332 kB
MemFree:           51228 kB
Buffers:             600 kB
Cached:           202400 kB
SwapCached:        12968 kB
Active:           974136 kB
Inactive:         357240 kB
Active(anon):     921344 kB
Inactive(anon):   306844 kB
Active(file):      52792 kB
Inactive(file):    50396 kB
Unevictable:       99496 kB
Mlocked:           94212 kB
SwapTotal:        520908 kB
SwapFree:         367424 kB
Dirty:                 0 kB
Writeback:             0 kB
AnonPages:       1226860 kB
Mapped:           148448 kB
Shmem:               572 kB
Slab:              77084 kB
SReclaimable:      24524 kB
SUnreclaim:        52560 kB
KernelStack:       15264 kB
PageTables:        16776 kB
NFS_Unstable:          0 kB
Bounce:                0 kB
WritebackTmp:          0 kB
CommitLimit:     1450072 kB
Committed_AS:   24102836 kB
VmallocTotal:   251658176 kB
VmallocUsed:       96504 kB
VmallocChunk:   251482716 kB


[2024-11-19 18:33:18]
MemTotal:        1858332 kB
MemFree:           50564 kB
Buffers:             600 kB
Cached:           202400 kB
SwapCached:        12968 kB
Active:           974548 kB
Inactive:         357244 kB
Active(anon):     921756 kB
Inactive(anon):   306848 kB
Active(file):      52792 kB
Inactive(file):    50396 kB
Unevictable:       99496 kB
Mlocked:           94212 kB
SwapTotal:        520908 kB
SwapFree:         367428 kB
Dirty:                 0 kB
Writeback:             0 kB
AnonPages:       1227192 kB
Mapped:           148452 kB
Shmem:               572 kB
Slab:              77084 kB
SReclaimable:      24524 kB
SUnreclaim:        52560 kB
KernelStack:       15264 kB
PageTables:        16776 kB
NFS_Unstable:          0 kB
Bounce:                0 kB
WritebackTmp:          0 kB
CommitLimit:     1450072 kB
Committed_AS:   24102924 kB
VmallocTotal:   251658176 kB
VmallocUsed:       96504 kB
VmallocChunk:   251482716 kB


[2024-11-19 18:33:20]
MemTotal:        1858332 kB
MemFree:           50312 kB
Buffers:             600 kB
Cached:           202400 kB
SwapCached:        12968 kB
Active:           974584 kB
Inactive:         357244 kB
Active(anon):     921792 kB
Inactive(anon):   306848 kB
Active(file):      52792 kB
Inactive(file):    50396 kB
Unevictable:       99496 kB
Mlocked:           94212 kB
SwapTotal:        520908 kB
SwapFree:         367428 kB
Dirty:                 0 kB
Writeback:             0 kB
AnonPages:       1227280 kB
Mapped:           148504 kB
Shmem:               572 kB
Slab:              77084 kB
SReclaimable:      24524 kB
SUnreclaim:        52560 kB
KernelStack:       15328 kB
PageTables:        16796 kB
NFS_Unstable:          0 kB
Bounce:                0 kB
WritebackTmp:          0 kB
CommitLimit:     1450072 kB
Committed_AS:   24094740 kB
VmallocTotal:   251658176 kB
VmallocUsed:       96504 kB
VmallocChunk:   251482716 kB


[2024-11-19 18:33:22]
MemTotal:        1858332 kB
MemFree:           51068 kB
Buffers:             600 kB
Cached:           202400 kB
SwapCached:        12968 kB
Active:           974484 kB
Inactive:         357244 kB
Active(anon):     921692 kB
Inactive(anon):   306848 kB
Active(file):      52792 kB
Inactive(file):    50396 kB
Unevictable:       99496 kB
Mlocked:           94212 kB
SwapTotal:        520908 kB
SwapFree:         367428 kB
Dirty:                 0 kB
Writeback:             0 kB
AnonPages:       1227040 kB
Mapped:           148452 kB
Shmem:               572 kB
Slab:              77084 kB
SReclaimable:      24524 kB
SUnreclaim:        52560 kB
KernelStack:       15264 kB
PageTables:        16776 kB
NFS_Unstable:          0 kB
Bounce:                0 kB
WritebackTmp:          0 kB
CommitLimit:     1450072 kB
Committed_AS:   24102792 kB
VmallocTotal:   251658176 kB
VmallocUsed:       96504 kB
VmallocChunk:   251482716 kB


[2024-11-19 18:33:24]
MemTotal:        1858332 kB
MemFree:           50140 kB
Buffers:             600 kB
Cached:           202400 kB
SwapCached:        12968 kB
Active:           974772 kB
Inactive:         357244 kB
Active(anon):     921980 kB
Inactive(anon):   306848 kB
Active(file):      52792 kB
Inactive(file):    50396 kB
Unevictable:       99496 kB
Mlocked:           94212 kB
SwapTotal:        520908 kB
SwapFree:         367428 kB
Dirty:                 0 kB
Writeback:             0 kB
AnonPages:       1227320 kB
Mapped:           148452 kB
Shmem:               572 kB
Slab:              77084 kB
SReclaimable:      24524 kB
SUnreclaim:        52560 kB
KernelStack:       15264 kB
PageTables:        16776 kB
NFS_Unstable:          0 kB
Bounce:                0 kB
WritebackTmp:          0 kB
CommitLimit:     1450072 kB
Committed_AS:   24102792 kB
VmallocTotal:   251658176 kB
VmallocUsed:       96504 kB
VmallocChunk:   251482716 kB


[2024-11-19 18:33:26]
MemTotal:        1858332 kB
MemFree:           49912 kB
Buffers:             600 kB
Cached:           202400 kB
SwapCached:        12968 kB
Active:           974880 kB
Inactive:         357244 kB
Active(anon):     922088 kB
Inactive(anon):   306848 kB
Active(file):      52792 kB
Inactive(file):    50396 kB
Unevictable:       99496 kB
Mlocked:           94212 kB
SwapTotal:        520908 kB
SwapFree:         367428 kB
Dirty:                 0 kB
Writeback:             0 kB
AnonPages:       1227476 kB
Mapped:           148452 kB
Shmem:               572 kB
Slab:              77084 kB
SReclaimable:      24524 kB
SUnreclaim:        52560 kB
KernelStack:       15296 kB
PageTables:        16776 kB
NFS_Unstable:          0 kB
Bounce:                0 kB
WritebackTmp:          0 kB
CommitLimit:     1450072 kB
Committed_AS:   24102832 kB
VmallocTotal:   251658176 kB
VmallocUsed:       96504 kB
VmallocChunk:   251482716 kB


[2024-11-19 18:33:29]
MemTotal:        1858332 kB
MemFree:           49780 kB
Buffers:             600 kB
Cached:           202400 kB
SwapCached:        12968 kB
Active:           975240 kB
Inactive:         357244 kB
Active(anon):     922448 kB
Inactive(anon):   306848 kB
Active(file):      52792 kB
Inactive(file):    50396 kB
Unevictable:       99496 kB
Mlocked:           94212 kB
SwapTotal:        520908 kB
SwapFree:         367428 kB
Dirty:                 0 kB
Writeback:             0 kB
AnonPages:       1227940 kB
Mapped:           148268 kB
Shmem:               572 kB
Slab:              77084 kB
SReclaimable:      24524 kB
SUnreclaim:        52560 kB
KernelStack:       15264 kB
PageTables:        16776 kB
NFS_Unstable:          0 kB
Bounce:                0 kB
WritebackTmp:          0 kB
CommitLimit:     1450072 kB
Committed_AS:   24102732 kB
VmallocTotal:   251658176 kB
VmallocUsed:       96504 kB
VmallocChunk:   251482716 kB


[2024-11-19 18:33:31]
MemTotal:        1858332 kB
MemFree:           49608 kB
Buffers:             600 kB
Cached:           202400 kB
SwapCached:        12968 kB
Active:           975380 kB
Inactive:         357244 kB
Active(anon):     922588 kB
Inactive(anon):   306848 kB
Active(file):      52792 kB
Inactive(file):    50396 kB
Unevictable:       99496 kB
Mlocked:           94212 kB
SwapTotal:        520908 kB
SwapFree:         367428 kB
Dirty:                 0 kB
Writeback:             0 kB
AnonPages:       1227960 kB
Mapped:           148452 kB
Shmem:               572 kB
Slab:              77084 kB
SReclaimable:      24524 kB
SUnreclaim:        52560 kB
KernelStack:       15264 kB
PageTables:        16776 kB
NFS_Unstable:          0 kB
Bounce:                0 kB
WritebackTmp:          0 kB
CommitLimit:     1450072 kB
Committed_AS:   24102836 kB
VmallocTotal:   251658176 kB
VmallocUsed:       96504 kB
VmallocChunk:   251482716 kB


[2024-11-19 18:33:33]
MemTotal:        1858332 kB
MemFree:           49936 kB
Buffers:             600 kB
Cached:           202400 kB
SwapCached:        12968 kB
Active:           975264 kB
Inactive:         357244 kB
Active(anon):     922472 kB
Inactive(anon):   306848 kB
Active(file):      52792 kB
Inactive(file):    50396 kB
Unevictable:       99496 kB
Mlocked:           94212 kB
SwapTotal:        520908 kB
SwapFree:         367428 kB
Dirty:                 0 kB
Writeback:             0 kB
AnonPages:       1227972 kB
Mapped:           148268 kB
Shmem:               572 kB
Slab:              77084 kB
SReclaimable:      24524 kB
SUnreclaim:        52560 kB
KernelStack:       15264 kB
PageTables:        16776 kB
NFS_Unstable:          0 kB
Bounce:                0 kB
WritebackTmp:          0 kB
CommitLimit:     1450072 kB
Committed_AS:   24102720 kB
VmallocTotal:   251658176 kB
VmallocUsed:       96504 kB
VmallocChunk:   251482716 kB


[2024-11-19 18:33:35]
MemTotal:        1858332 kB
MemFree:           49800 kB
Buffers:             600 kB
Cached:           202400 kB
SwapCached:        12968 kB
Active:           975624 kB
Inactive:         357244 kB
Active(anon):     922832 kB
Inactive(anon):   306848 kB
Active(file):      52792 kB
Inactive(file):    50396 kB
Unevictable:       99496 kB
Mlocked:           94212 kB
SwapTotal:        520908 kB
SwapFree:         367428 kB
Dirty:                 0 kB
Writeback:             0 kB
AnonPages:       1228200 kB
Mapped:           148452 kB
Shmem:               572 kB
Slab:              77084 kB
SReclaimable:      24524 kB
SUnreclaim:        52560 kB
KernelStack:       15264 kB
PageTables:        16776 kB
NFS_Unstable:          0 kB
Bounce:                0 kB
WritebackTmp:          0 kB
CommitLimit:     1450072 kB
Committed_AS:   24102868 kB
VmallocTotal:   251658176 kB
VmallocUsed:       96504 kB
VmallocChunk:   251482716 kB


[2024-11-19 18:33:38]
MemTotal:        1858332 kB
MemFree:           50320 kB
Buffers:             600 kB
Cached:           202400 kB
SwapCached:        12968 kB
Active:           975596 kB
Inactive:         357244 kB
Active(anon):     922804 kB
Inactive(anon):   306848 kB
Active(file):      52792 kB
Inactive(file):    50396 kB
Unevictable:       99496 kB
Mlocked:           94212 kB
SwapTotal:        520908 kB
SwapFree:         367428 kB
Dirty:                 0 kB
Writeback:             0 kB
AnonPages:       1228248 kB
Mapped:           148268 kB
Shmem:               572 kB
Slab:              77084 kB
SReclaimable:      24524 kB
SUnreclaim:        52560 kB
KernelStack:       15264 kB
PageTables:        16776 kB
NFS_Unstable:          0 kB
Bounce:                0 kB
WritebackTmp:          0 kB
CommitLimit:     1450072 kB
Committed_AS:   24102672 kB
VmallocTotal:   251658176 kB
VmallocUsed:       96504 kB
VmallocChunk:   251482716 kB


[2024-11-19 18:33:40]
MemTotal:        1858332 kB
MemFree:           50624 kB
Buffers:             600 kB
Cached:           202400 kB
SwapCached:        12968 kB
Active:           975612 kB
Inactive:         357244 kB
Active(anon):     922820 kB
Inactive(anon):   306848 kB
Active(file):      52792 kB
Inactive(file):    50396 kB
Unevictable:       99496 kB
Mlocked:           94212 kB
SwapTotal:        520908 kB
SwapFree:         367428 kB
Dirty:                 0 kB
Writeback:             0 kB
AnonPages:       1228500 kB
Mapped:           148504 kB
Shmem:               572 kB
Slab:              77084 kB
SReclaimable:      24524 kB
SUnreclaim:        52560 kB
KernelStack:       15296 kB
PageTables:        16796 kB
NFS_Unstable:          0 kB
Bounce:                0 kB
WritebackTmp:          0 kB
CommitLimit:     1450072 kB
Committed_AS:   24102728 kB
VmallocTotal:   251658176 kB
VmallocUsed:       96504 kB
VmallocChunk:   251482716 kB


[2024-11-19 18:33:43]
MemTotal:        1858332 kB
MemFree:           50188 kB
Buffers:             600 kB
Cached:           202400 kB
SwapCached:        12968 kB
Active:           976124 kB
Inactive:         357244 kB
Active(anon):     923332 kB
Inactive(anon):   306848 kB
Active(file):      52792 kB
Inactive(file):    50396 kB
Unevictable:       99496 kB
Mlocked:           94212 kB
SwapTotal:        520908 kB
SwapFree:         367428 kB
Dirty:                 0 kB
Writeback:             0 kB
AnonPages:       1228684 kB
Mapped:           148416 kB
Shmem:               572 kB
Slab:              77084 kB
SReclaimable:      24524 kB
SUnreclaim:        52560 kB
KernelStack:       15264 kB
PageTables:        16768 kB
NFS_Unstable:          0 kB
Bounce:                0 kB
WritebackTmp:          0 kB
CommitLimit:     1450072 kB
Committed_AS:   24102780 kB
VmallocTotal:   251658176 kB
VmallocUsed:       96504 kB
VmallocChunk:   251482716 kB


[2024-11-19 18:33:45]
MemTotal:        1858332 kB
MemFree:           50176 kB
Buffers:             600 kB
Cached:           202400 kB
SwapCached:        12968 kB
Active:           975896 kB
Inactive:         357244 kB
Active(anon):     923104 kB
Inactive(anon):   306848 kB
Active(file):      52792 kB
Inactive(file):    50396 kB
Unevictable:       99496 kB
Mlocked:           94212 kB
SwapTotal:        520908 kB
SwapFree:         367428 kB
Dirty:                 0 kB
Writeback:             0 kB
AnonPages:       1228520 kB
Mapped:           148452 kB
Shmem:               572 kB
Slab:              77084 kB
SReclaimable:      24524 kB
SUnreclaim:        52560 kB
KernelStack:       15264 kB
PageTables:        16776 kB
NFS_Unstable:          0 kB
Bounce:                0 kB
WritebackTmp:          0 kB
CommitLimit:     1450072 kB
Committed_AS:   24102644 kB
VmallocTotal:   251658176 kB
VmallocUsed:       96504 kB
VmallocChunk:   251482716 kB


[2024-11-19 18:33:48]
MemTotal:        1858332 kB
MemFree:           50272 kB
Buffers:             600 kB
Cached:           202400 kB
SwapCached:        12968 kB
Active:           976344 kB
Inactive:         357244 kB
Active(anon):     923552 kB
Inactive(anon):   306848 kB
Active(file):      52792 kB
Inactive(file):    50396 kB
Unevictable:       99496 kB
Mlocked:           94212 kB
SwapTotal:        520908 kB
SwapFree:         367428 kB
Dirty:                 0 kB
Writeback:             0 kB
AnonPages:       1228980 kB
Mapped:           148456 kB
Shmem:               572 kB
Slab:              77084 kB
SReclaimable:      24524 kB
SUnreclaim:        52560 kB
KernelStack:       15296 kB
PageTables:        16804 kB
NFS_Unstable:          0 kB
Bounce:                0 kB
WritebackTmp:          0 kB
CommitLimit:     1450072 kB
Committed_AS:   24102672 kB
VmallocTotal:   251658176 kB
VmallocUsed:       96504 kB
VmallocChunk:   251482716 kB


[2024-11-19 18:33:50]
MemTotal:        1858332 kB
MemFree:           49908 kB
Buffers:             600 kB
Cached:           202400 kB
SwapCached:        12968 kB
Active:           976516 kB
Inactive:         357244 kB
Active(anon):     923724 kB
Inactive(anon):   306848 kB
Active(file):      52792 kB
Inactive(file):    50396 kB
Unevictable:       99496 kB
Mlocked:           94212 kB
SwapTotal:        520908 kB
SwapFree:         367428 kB
Dirty:                 0 kB
Writeback:             0 kB
AnonPages:       1229012 kB
Mapped:           148268 kB
Shmem:               572 kB
Slab:              77084 kB
SReclaimable:      24524 kB
SUnreclaim:        52560 kB
KernelStack:       15264 kB
PageTables:        16776 kB
NFS_Unstable:          0 kB
Bounce:                0 kB
WritebackTmp:          0 kB
CommitLimit:     1450072 kB
Committed_AS:   24102840 kB
VmallocTotal:   251658176 kB
VmallocUsed:       96504 kB
VmallocChunk:   251482716 kB


[2024-11-19 18:33:53]
MemTotal:        1858332 kB
MemFree:           49540 kB
Buffers:             600 kB
Cached:           202400 kB
SwapCached:        12968 kB
Active:           976912 kB
Inactive:         357244 kB
Active(anon):     924120 kB
Inactive(anon):   306848 kB
Active(file):      52792 kB
Inactive(file):    50396 kB
Unevictable:       99496 kB
Mlocked:           94212 kB
SwapTotal:        520908 kB
SwapFree:         367428 kB
Dirty:                 0 kB
Writeback:             0 kB
AnonPages:       1229472 kB
Mapped:           148428 kB
Shmem:               572 kB
Slab:              77084 kB
SReclaimable:      24524 kB
SUnreclaim:        52560 kB
KernelStack:       15296 kB
PageTables:        16812 kB
NFS_Unstable:          0 kB
Bounce:                0 kB
WritebackTmp:          0 kB
CommitLimit:     1450072 kB
Committed_AS:   24102656 kB
VmallocTotal:   251658176 kB
VmallocUsed:       96504 kB
VmallocChunk:   251482716 kB


[2024-11-19 18:33:55]
MemTotal:        1858332 kB
MemFree:           49760 kB
Buffers:             600 kB
Cached:           202400 kB
SwapCached:        12968 kB
Active:           976660 kB
Inactive:         357248 kB
Active(anon):     923868 kB
Inactive(anon):   306852 kB
Active(file):      52792 kB
Inactive(file):    50396 kB
Unevictable:       99496 kB
Mlocked:           94212 kB
SwapTotal:        520908 kB
SwapFree:         367432 kB
Dirty:                 0 kB
Writeback:             0 kB
AnonPages:       1229472 kB
Mapped:           148452 kB
Shmem:               572 kB
Slab:              77084 kB
SReclaimable:      24524 kB
SUnreclaim:        52560 kB
KernelStack:       15264 kB
PageTables:        16776 kB
NFS_Unstable:          0 kB
Bounce:                0 kB
WritebackTmp:          0 kB
CommitLimit:     1450072 kB
Committed_AS:   24102684 kB
VmallocTotal:   251658176 kB
VmallocUsed:       96504 kB
VmallocChunk:   251482716 kB


[2024-11-19 18:33:58]
MemTotal:        1858332 kB
MemFree:           49696 kB
Buffers:             600 kB
Cached:           202400 kB
SwapCached:        12968 kB
Active:           976932 kB
Inactive:         357248 kB
Active(anon):     924140 kB
Inactive(anon):   306852 kB
Active(file):      52792 kB
Inactive(file):    50396 kB
Unevictable:       99496 kB
Mlocked:           94212 kB
SwapTotal:        520908 kB
SwapFree:         367432 kB
Dirty:                 0 kB
Writeback:             0 kB
AnonPages:       1229540 kB
Mapped:           148452 kB
Shmem:               572 kB
Slab:              77084 kB
SReclaimable:      24524 kB
SUnreclaim:        52560 kB
KernelStack:       15296 kB
PageTables:        16804 kB
NFS_Unstable:          0 kB
Bounce:                0 kB
WritebackTmp:          0 kB
CommitLimit:     1450072 kB
Committed_AS:   24102740 kB
VmallocTotal:   251658176 kB
VmallocUsed:       96504 kB
VmallocChunk:   251482716 kB


[2024-11-19 18:34:00]
MemTotal:        1858332 kB
MemFree:           48528 kB
Buffers:             600 kB
Cached:           202400 kB
SwapCached:        12968 kB
Active:           977064 kB
Inactive:         357248 kB
Active(anon):     924272 kB
Inactive(anon):   306852 kB
Active(file):      52792 kB
Inactive(file):    50396 kB
Unevictable:       99496 kB
Mlocked:           94212 kB
SwapTotal:        520908 kB
SwapFree:         367432 kB
Dirty:                 0 kB
Writeback:             0 kB
AnonPages:       1229564 kB
Mapped:           148452 kB
Shmem:               572 kB
Slab:              77084 kB
SReclaimable:      24524 kB
SUnreclaim:        52560 kB
KernelStack:       15264 kB
PageTables:        16776 kB
NFS_Unstable:          0 kB
Bounce:                0 kB
WritebackTmp:          0 kB
CommitLimit:     1450072 kB
Committed_AS:   24102768 kB
VmallocTotal:   251658176 kB
VmallocUsed:       96504 kB
VmallocChunk:   251482716 kB


[2024-11-19 18:34:02]
MemTotal:        1858332 kB
MemFree:           48572 kB
Buffers:             600 kB
Cached:           202400 kB
SwapCached:        12972 kB
Active:           977624 kB
Inactive:         357252 kB
Active(anon):     924832 kB
Inactive(anon):   306856 kB
Active(file):      52792 kB
Inactive(file):    50396 kB
Unevictable:       99496 kB
Mlocked:           94212 kB
SwapTotal:        520908 kB
SwapFree:         367432 kB
Dirty:                 0 kB
Writeback:             0 kB
AnonPages:       1230232 kB
Mapped:           148452 kB
Shmem:               572 kB
Slab:              77084 kB
SReclaimable:      24524 kB
SUnreclaim:        52560 kB
KernelStack:       15248 kB
PageTables:        16776 kB
NFS_Unstable:          0 kB
Bounce:                0 kB
WritebackTmp:          0 kB
CommitLimit:     1450072 kB
Committed_AS:   24102892 kB
VmallocTotal:   251658176 kB
VmallocUsed:       96504 kB
VmallocChunk:   251482716 kB


[2024-11-19 18:34:04]
MemTotal:        1858332 kB
MemFree:           48292 kB
Buffers:             600 kB
Cached:           202400 kB
SwapCached:        12972 kB
Active:           977688 kB
Inactive:         357252 kB
Active(anon):     924896 kB
Inactive(anon):   306856 kB
Active(file):      52792 kB
Inactive(file):    50396 kB
Unevictable:       99496 kB
Mlocked:           94212 kB
SwapTotal:        520908 kB
SwapFree:         367432 kB
Dirty:                 0 kB
Writeback:             0 kB
AnonPages:       1230272 kB
Mapped:           148452 kB
Shmem:               572 kB
Slab:              77084 kB
SReclaimable:      24524 kB
SUnreclaim:        52560 kB
KernelStack:       15248 kB
PageTables:        16776 kB
NFS_Unstable:          0 kB
Bounce:                0 kB
WritebackTmp:          0 kB
CommitLimit:     1450072 kB
Committed_AS:   24102776 kB
VmallocTotal:   251658176 kB
VmallocUsed:       96504 kB
VmallocChunk:   251482716 kB


[2024-11-19 18:34:07]
MemTotal:        1858332 kB
MemFree:           48420 kB
Buffers:             600 kB
Cached:           202400 kB
SwapCached:        12972 kB
Active:           977552 kB
Inactive:         357252 kB
Active(anon):     924760 kB
Inactive(anon):   306856 kB
Active(file):      52792 kB
Inactive(file):    50396 kB
Unevictable:       99496 kB
Mlocked:           94212 kB
SwapTotal:        520908 kB
SwapFree:         367432 kB
Dirty:                 0 kB
Writeback:             0 kB
AnonPages:       1230252 kB
Mapped:           148268 kB
Shmem:               572 kB
Slab:              77084 kB
SReclaimable:      24524 kB
SUnreclaim:        52560 kB
KernelStack:       15248 kB
PageTables:        16776 kB
NFS_Unstable:          0 kB
Bounce:                0 kB
WritebackTmp:          0 kB
CommitLimit:     1450072 kB
Committed_AS:   24102788 kB
VmallocTotal:   251658176 kB
VmallocUsed:       96504 kB
VmallocChunk:   251482716 kB


[2024-11-19 18:34:09]
MemTotal:        1858332 kB
MemFree:           47660 kB
Buffers:             600 kB
Cached:           202400 kB
SwapCached:        12972 kB
Active:           977772 kB
Inactive:         357252 kB
Active(anon):     924980 kB
Inactive(anon):   306856 kB
Active(file):      52792 kB
Inactive(file):    50396 kB
Unevictable:       99496 kB
Mlocked:           94212 kB
SwapTotal:        520908 kB
SwapFree:         367432 kB
Dirty:                 0 kB
Writeback:             0 kB
AnonPages:       1230352 kB
Mapped:           148452 kB
Shmem:               572 kB
Slab:              77084 kB
SReclaimable:      24524 kB
SUnreclaim:        52560 kB
KernelStack:       15248 kB
PageTables:        16776 kB
NFS_Unstable:          0 kB
Bounce:                0 kB
WritebackTmp:          0 kB
CommitLimit:     1450072 kB
Committed_AS:   24102868 kB
VmallocTotal:   251658176 kB
VmallocUsed:       96504 kB
VmallocChunk:   251482716 kB


[2024-11-19 18:34:11]
MemTotal:        1858332 kB
MemFree:           47652 kB
Buffers:             600 kB
Cached:           202400 kB
SwapCached:        12972 kB
Active:           977944 kB
Inactive:         357252 kB
Active(anon):     925152 kB
Inactive(anon):   306856 kB
Active(file):      52792 kB
Inactive(file):    50396 kB
Unevictable:       99496 kB
Mlocked:           94212 kB
SwapTotal:        520908 kB
SwapFree:         367432 kB
Dirty:                 0 kB
Writeback:             0 kB
AnonPages:       1230516 kB
Mapped:           148452 kB
Shmem:               572 kB
Slab:              77084 kB
SReclaimable:      24524 kB
SUnreclaim:        52560 kB
KernelStack:       15248 kB
PageTables:        16776 kB
NFS_Unstable:          0 kB
Bounce:                0 kB
WritebackTmp:          0 kB
CommitLimit:     1450072 kB
Committed_AS:   24102932 kB
VmallocTotal:   251658176 kB
VmallocUsed:       96504 kB
VmallocChunk:   251482716 kB


[2024-11-19 18:34:13]
MemTotal:        1858332 kB
MemFree:           47780 kB
Buffers:             600 kB
Cached:           202400 kB
SwapCached:        12972 kB
Active:           977944 kB
Inactive:         357252 kB
Active(anon):     925152 kB
Inactive(anon):   306856 kB
Active(file):      52792 kB
Inactive(file):    50396 kB
Unevictable:       99496 kB
Mlocked:           94212 kB
SwapTotal:        520908 kB
SwapFree:         367432 kB
Dirty:                 0 kB
Writeback:             0 kB
AnonPages:       1230524 kB
Mapped:           148452 kB
Shmem:               572 kB
Slab:              77084 kB
SReclaimable:      24524 kB
SUnreclaim:        52560 kB
KernelStack:       15248 kB
PageTables:        16776 kB
NFS_Unstable:          0 kB
Bounce:                0 kB
WritebackTmp:          0 kB
CommitLimit:     1450072 kB
Committed_AS:   24102900 kB
VmallocTotal:   251658176 kB
VmallocUsed:       96504 kB
VmallocChunk:   251482716 kB


[2024-11-19 18:34:15]
MemTotal:        1858332 kB
MemFree:           47208 kB
Buffers:             600 kB
Cached:           202400 kB
SwapCached:        12972 kB
Active:           978532 kB
Inactive:         357256 kB
Active(anon):     925740 kB
Inactive(anon):   306860 kB
Active(file):      52792 kB
Inactive(file):    50396 kB
Unevictable:       99496 kB
Mlocked:           94212 kB
SwapTotal:        520908 kB
SwapFree:         367436 kB
Dirty:                 0 kB
Writeback:             0 kB
AnonPages:       1231236 kB
Mapped:           148320 kB
Shmem:               572 kB
Slab:              77084 kB
SReclaimable:      24524 kB
SUnreclaim:        52560 kB
KernelStack:       15264 kB
PageTables:        16796 kB
NFS_Unstable:          0 kB
Bounce:                0 kB
WritebackTmp:          0 kB
CommitLimit:     1450072 kB
Committed_AS:   24102804 kB
VmallocTotal:   251658176 kB
VmallocUsed:       96504 kB
VmallocChunk:   251482716 kB


[2024-11-19 18:34:17]
MemTotal:        1858332 kB
MemFree:           53064 kB
Buffers:             600 kB
Cached:           202400 kB
SwapCached:        12972 kB
Active:           972632 kB
Inactive:         357256 kB
Active(anon):     919840 kB
Inactive(anon):   306860 kB
Active(file):      52792 kB
Inactive(file):    50396 kB
Unevictable:       99496 kB
Mlocked:           94212 kB
SwapTotal:        520908 kB
SwapFree:         367436 kB
Dirty:                 0 kB
Writeback:             0 kB
AnonPages:       1225336 kB
Mapped:           148452 kB
Shmem:               572 kB
Slab:              77084 kB
SReclaimable:      24524 kB
SUnreclaim:        52560 kB
KernelStack:       15248 kB
PageTables:        16776 kB
NFS_Unstable:          0 kB
Bounce:                0 kB
WritebackTmp:          0 kB
CommitLimit:     1450072 kB
Committed_AS:   24102808 kB
VmallocTotal:   251658176 kB
VmallocUsed:       96504 kB
VmallocChunk:   251482716 kB


[2024-11-19 18:34:19]
MemTotal:        1858332 kB
MemFree:           53404 kB
Buffers:             600 kB
Cached:           202400 kB
SwapCached:        12972 kB
Active:           972928 kB
Inactive:         357256 kB
Active(anon):     920136 kB
Inactive(anon):   306860 kB
Active(file):      52792 kB
Inactive(file):    50396 kB
Unevictable:       99496 kB
Mlocked:           94212 kB
SwapTotal:        520908 kB
SwapFree:         367436 kB
Dirty:                 0 kB
Writeback:             0 kB
AnonPages:       1225516 kB
Mapped:           148376 kB
Shmem:               572 kB
Slab:              77084 kB
SReclaimable:      24524 kB
SUnreclaim:        52560 kB
KernelStack:       15280 kB
PageTables:        16800 kB
NFS_Unstable:          0 kB
Bounce:                0 kB
WritebackTmp:          0 kB
CommitLimit:     1450072 kB
Committed_AS:   24102892 kB
VmallocTotal:   251658176 kB
VmallocUsed:       96504 kB
VmallocChunk:   251482716 kB


[2024-11-19 18:34:22]
MemTotal:        1858332 kB
MemFree:           53124 kB
Buffers:             600 kB
Cached:           202400 kB
SwapCached:        12972 kB
Active:           973372 kB
Inactive:         357260 kB
Active(anon):     920580 kB
Inactive(anon):   306864 kB
Active(file):      52792 kB
Inactive(file):    50396 kB
Unevictable:       99496 kB
Mlocked:           94212 kB
SwapTotal:        520908 kB
SwapFree:         367440 kB
Dirty:                 0 kB
Writeback:             0 kB
AnonPages:       1226024 kB
Mapped:           148452 kB
Shmem:               572 kB
Slab:              77068 kB
SReclaimable:      24508 kB
SUnreclaim:        52560 kB
KernelStack:       15248 kB
PageTables:        16776 kB
NFS_Unstable:          0 kB
Bounce:                0 kB
WritebackTmp:          0 kB
CommitLimit:     1450072 kB
Committed_AS:   24102800 kB
VmallocTotal:   251658176 kB
VmallocUsed:       96504 kB
VmallocChunk:   251482716 kB


[2024-11-19 18:34:24]
MemTotal:        1858332 kB
MemFree:           52852 kB
Buffers:             600 kB
Cached:           202400 kB
SwapCached:        12972 kB
Active:           973552 kB
Inactive:         357260 kB
Active(anon):     920760 kB
Inactive(anon):   306864 kB
Active(file):      52792 kB
Inactive(file):    50396 kB
Unevictable:       99496 kB
Mlocked:           94212 kB
SwapTotal:        520908 kB
SwapFree:         367440 kB
Dirty:                 0 kB
Writeback:             0 kB
AnonPages:       1226312 kB
Mapped:           148272 kB
Shmem:               572 kB
Slab:              77068 kB
SReclaimable:      24508 kB
SUnreclaim:        52560 kB
KernelStack:       15280 kB
PageTables:        16792 kB
NFS_Unstable:          0 kB
Bounce:                0 kB
WritebackTmp:          0 kB
CommitLimit:     1450072 kB
Committed_AS:   24102916 kB
VmallocTotal:   251658176 kB
VmallocUsed:       96504 kB
VmallocChunk:   251482716 kB


[2024-11-19 18:34:27]
MemTotal:        1858332 kB
MemFree:           52544 kB
Buffers:             600 kB
Cached:           202400 kB
SwapCached:        12972 kB
Active:           973884 kB
Inactive:         357260 kB
Active(anon):     921092 kB
Inactive(anon):   306864 kB
Active(file):      52792 kB
Inactive(file):    50396 kB
Unevictable:       99496 kB
Mlocked:           94212 kB
SwapTotal:        520908 kB
SwapFree:         367440 kB
Dirty:                 0 kB
Writeback:             0 kB
AnonPages:       1226452 kB
Mapped:           148456 kB
Shmem:               572 kB
Slab:              77068 kB
SReclaimable:      24508 kB
SUnreclaim:        52560 kB
KernelStack:       15296 kB
PageTables:        16804 kB
NFS_Unstable:          0 kB
Bounce:                0 kB
WritebackTmp:          0 kB
CommitLimit:     1450072 kB
Committed_AS:   24102888 kB
VmallocTotal:   251658176 kB
VmallocUsed:       96504 kB
VmallocChunk:   251482716 kB


[2024-11-19 18:34:30]
MemTotal:        1858332 kB
MemFree:           52424 kB
Buffers:             600 kB
Cached:           202400 kB
SwapCached:        12972 kB
Active:           974144 kB
Inactive:         357260 kB
Active(anon):     921352 kB
Inactive(anon):   306864 kB
Active(file):      52792 kB
Inactive(file):    50396 kB
Unevictable:       99496 kB
Mlocked:           94212 kB
SwapTotal:        520908 kB
SwapFree:         367440 kB
Dirty:                 0 kB
Writeback:             0 kB
AnonPages:       1226864 kB
Mapped:           148268 kB
Shmem:               572 kB
Slab:              77068 kB
SReclaimable:      24508 kB
SUnreclaim:        52560 kB
KernelStack:       15264 kB
PageTables:        16776 kB
NFS_Unstable:          0 kB
Bounce:                0 kB
WritebackTmp:          0 kB
CommitLimit:     1450072 kB
Committed_AS:   24102852 kB
VmallocTotal:   251658176 kB
VmallocUsed:       96504 kB
VmallocChunk:   251482716 kB


[2024-11-19 18:34:32]
MemTotal:        1858332 kB
MemFree:           51952 kB
Buffers:             600 kB
Cached:           202400 kB
SwapCached:        12972 kB
Active:           974336 kB
Inactive:         357260 kB
Active(anon):     921544 kB
Inactive(anon):   306864 kB
Active(file):      52792 kB
Inactive(file):    50396 kB
Unevictable:       99496 kB
Mlocked:           94212 kB
SwapTotal:        520908 kB
SwapFree:         367440 kB
Dirty:                 0 kB
Writeback:             0 kB
AnonPages:       1226900 kB
Mapped:           148536 kB
Shmem:               572 kB
Slab:              77068 kB
SReclaimable:      24508 kB
SUnreclaim:        52560 kB
KernelStack:       15296 kB
PageTables:        16792 kB
NFS_Unstable:          0 kB
Bounce:                0 kB
WritebackTmp:          0 kB
CommitLimit:     1450072 kB
Committed_AS:   24102888 kB
VmallocTotal:   251658176 kB
VmallocUsed:       96504 kB
VmallocChunk:   251482716 kB


[2024-11-19 18:34:35]
MemTotal:        1858332 kB
MemFree:           51968 kB
Buffers:             600 kB
Cached:           202400 kB
SwapCached:        12972 kB
Active:           974424 kB
Inactive:         357260 kB
Active(anon):     921632 kB
Inactive(anon):   306864 kB
Active(file):      52792 kB
Inactive(file):    50396 kB
Unevictable:       99496 kB
Mlocked:           94212 kB
SwapTotal:        520908 kB
SwapFree:         367440 kB
Dirty:                 0 kB
Writeback:             0 kB
AnonPages:       1227136 kB
Mapped:           148268 kB
Shmem:               572 kB
Slab:              77068 kB
SReclaimable:      24508 kB
SUnreclaim:        52560 kB
KernelStack:       15264 kB
PageTables:        16776 kB
NFS_Unstable:          0 kB
Bounce:                0 kB
WritebackTmp:          0 kB
CommitLimit:     1450072 kB
Committed_AS:   24102868 kB
VmallocTotal:   251658176 kB
VmallocUsed:       96504 kB
VmallocChunk:   251482716 kB


[2024-11-19 18:34:37]
MemTotal:        1858332 kB
MemFree:           52224 kB
Buffers:             600 kB
Cached:           202400 kB
SwapCached:        12972 kB
Active:           974280 kB
Inactive:         357260 kB
Active(anon):     921488 kB
Inactive(anon):   306864 kB
Active(file):      52792 kB
Inactive(file):    50396 kB
Unevictable:       99496 kB
Mlocked:           94212 kB
SwapTotal:        520908 kB
SwapFree:         367440 kB
Dirty:                 0 kB
Writeback:             0 kB
AnonPages:       1226776 kB
Mapped:           148636 kB
Shmem:               572 kB
Slab:              77068 kB
SReclaimable:      24508 kB
SUnreclaim:        52560 kB
KernelStack:       15296 kB
PageTables:        16792 kB
NFS_Unstable:          0 kB
Bounce:                0 kB
WritebackTmp:          0 kB
CommitLimit:     1450072 kB
Committed_AS:   24102736 kB
VmallocTotal:   251658176 kB
VmallocUsed:       96504 kB
VmallocChunk:   251482716 kB


[2024-11-19 18:34:40]
MemTotal:        1858332 kB
MemFree:           49568 kB
Buffers:             600 kB
Cached:           203852 kB
SwapCached:        13064 kB
Active:           975116 kB
Inactive:         358844 kB
Active(anon):     922324 kB
Inactive(anon):   306996 kB
Active(file):      52792 kB
Inactive(file):    51848 kB
Unevictable:       99496 kB
Mlocked:           94212 kB
SwapTotal:        520908 kB
SwapFree:         367480 kB
Dirty:                 0 kB
Writeback:             0 kB
AnonPages:       1227920 kB
Mapped:           148808 kB
Shmem:               572 kB
Slab:              77068 kB
SReclaimable:      24508 kB
SUnreclaim:        52560 kB
KernelStack:       15296 kB
PageTables:        16808 kB
NFS_Unstable:          0 kB
Bounce:                0 kB
WritebackTmp:          0 kB
CommitLimit:     1450072 kB
Committed_AS:   24102688 kB
VmallocTotal:   251658176 kB
VmallocUsed:       96504 kB
VmallocChunk:   251482716 kB


[2024-11-19 18:34:43]
MemTotal:        1858332 kB
MemFree:           49644 kB
Buffers:             600 kB
Cached:           203852 kB
SwapCached:        13064 kB
Active:           975148 kB
Inactive:         358844 kB
Active(anon):     922356 kB
Inactive(anon):   306996 kB
Active(file):      52792 kB
Inactive(file):    51848 kB
Unevictable:       99496 kB
Mlocked:           94212 kB
SwapTotal:        520908 kB
SwapFree:         367480 kB
Dirty:                 0 kB
Writeback:             0 kB
AnonPages:       1228024 kB
Mapped:           148664 kB
Shmem:               572 kB
Slab:              77068 kB
SReclaimable:      24508 kB
SUnreclaim:        52560 kB
KernelStack:       15264 kB
PageTables:        16776 kB
NFS_Unstable:          0 kB
Bounce:                0 kB
WritebackTmp:          0 kB
CommitLimit:     1450072 kB
Committed_AS:   24102756 kB
VmallocTotal:   251658176 kB
VmallocUsed:       96504 kB
VmallocChunk:   251482716 kB


[2024-11-19 18:34:45]
MemTotal:        1858332 kB
MemFree:           49440 kB
Buffers:             600 kB
Cached:           203852 kB
SwapCached:        13064 kB
Active:           975448 kB
Inactive:         358844 kB
Active(anon):     922656 kB
Inactive(anon):   306996 kB
Active(file):      52792 kB
Inactive(file):    51848 kB
Unevictable:       99496 kB
Mlocked:           94212 kB
SwapTotal:        520908 kB
SwapFree:         367480 kB
Dirty:                 0 kB
Writeback:             0 kB
AnonPages:       1228240 kB
Mapped:           148848 kB
Shmem:               572 kB
Slab:              77068 kB
SReclaimable:      24508 kB
SUnreclaim:        52560 kB
KernelStack:       15296 kB
PageTables:        16792 kB
NFS_Unstable:          0 kB
Bounce:                0 kB
WritebackTmp:          0 kB
CommitLimit:     1450072 kB
Committed_AS:   24102780 kB
VmallocTotal:   251658176 kB
VmallocUsed:       96504 kB
VmallocChunk:   251482716 kB


[2024-11-19 18:34:47]
MemTotal:        1858332 kB
MemFree:           48436 kB
Buffers:             600 kB
Cached:           203852 kB
SwapCached:        13064 kB
Active:           975436 kB
Inactive:         358844 kB
Active(anon):     922644 kB
Inactive(anon):   306996 kB
Active(file):      52792 kB
Inactive(file):    51848 kB
Unevictable:       99496 kB
Mlocked:           94212 kB
SwapTotal:        520908 kB
SwapFree:         367480 kB
Dirty:                 0 kB
Writeback:             0 kB
AnonPages:       1228300 kB
Mapped:           148848 kB
Shmem:               572 kB
Slab:              77068 kB
SReclaimable:      24508 kB
SUnreclaim:        52560 kB
KernelStack:       15264 kB
PageTables:        16776 kB
NFS_Unstable:          0 kB
Bounce:                0 kB
WritebackTmp:          0 kB
CommitLimit:     1450072 kB
Committed_AS:   24102860 kB
VmallocTotal:   251658176 kB
VmallocUsed:       96504 kB
VmallocChunk:   251482716 kB


[2024-11-19 18:34:49]
MemTotal:        1858332 kB
MemFree:           48192 kB
Buffers:             600 kB
Cached:           203852 kB
SwapCached:        13064 kB
Active:           975496 kB
Inactive:         358844 kB
Active(anon):     922704 kB
Inactive(anon):   306996 kB
Active(file):      52792 kB
Inactive(file):    51848 kB
Unevictable:       99496 kB
Mlocked:           94212 kB
SwapTotal:        520908 kB
SwapFree:         367480 kB
Dirty:                 0 kB
Writeback:             0 kB
AnonPages:       1228192 kB
Mapped:           148848 kB
Shmem:               572 kB
Slab:              77068 kB
SReclaimable:      24508 kB
SUnreclaim:        52560 kB
KernelStack:       15264 kB
PageTables:        16776 kB
NFS_Unstable:          0 kB
Bounce:                0 kB
WritebackTmp:          0 kB
CommitLimit:     1450072 kB
Committed_AS:   24102840 kB
VmallocTotal:   251658176 kB
VmallocUsed:       96504 kB
VmallocChunk:   251482716 kB


[2024-11-19 18:34:51]
MemTotal:        1858332 kB
MemFree:           50032 kB
Buffers:             600 kB
Cached:           201732 kB
SwapCached:        13064 kB
Active:           973436 kB
Inactive:         358672 kB
Active(anon):     922248 kB
Inactive(anon):   307400 kB
Active(file):      51188 kB
Inactive(file):    51272 kB
Unevictable:       99496 kB
Mlocked:           94212 kB
SwapTotal:        520908 kB
SwapFree:         366928 kB
Dirty:                 0 kB
Writeback:             0 kB
AnonPages:       1228084 kB
Mapped:           148852 kB
Shmem:               572 kB
Slab:              77068 kB
SReclaimable:      24508 kB
SUnreclaim:        52560 kB
KernelStack:       15264 kB
PageTables:        16776 kB
NFS_Unstable:          0 kB
Bounce:                0 kB
WritebackTmp:          0 kB
CommitLimit:     1450072 kB
Committed_AS:   24102808 kB
VmallocTotal:   251658176 kB
VmallocUsed:       96504 kB
VmallocChunk:   251482716 kB


[2024-11-19 18:34:54]
MemTotal:        1858332 kB
MemFree:           50068 kB
Buffers:             600 kB
Cached:           201740 kB
SwapCached:        13064 kB
Active:           973624 kB
Inactive:         358528 kB
Active(anon):     922340 kB
Inactive(anon):   307284 kB
Active(file):      51284 kB
Inactive(file):    51244 kB
Unevictable:       99496 kB
Mlocked:           94212 kB
SwapTotal:        520908 kB
SwapFree:         366932 kB
Dirty:                 0 kB
Writeback:             0 kB
AnonPages:       1228136 kB
Mapped:           148852 kB
Shmem:               572 kB
Slab:              77068 kB
SReclaimable:      24508 kB
SUnreclaim:        52560 kB
KernelStack:       15264 kB
PageTables:        16776 kB
NFS_Unstable:          0 kB
Bounce:                0 kB
WritebackTmp:          0 kB
CommitLimit:     1450072 kB
Committed_AS:   24102772 kB
VmallocTotal:   251658176 kB
VmallocUsed:       96504 kB
VmallocChunk:   251482716 kB


[2024-11-19 18:34:56]
MemTotal:        1858332 kB
MemFree:           49976 kB
Buffers:             600 kB
Cached:           201740 kB
SwapCached:        13064 kB
Active:           973768 kB
Inactive:         358528 kB
Active(anon):     922484 kB
Inactive(anon):   307284 kB
Active(file):      51284 kB
Inactive(file):    51244 kB
Unevictable:       99496 kB
Mlocked:           94212 kB
SwapTotal:        520908 kB
SwapFree:         366932 kB
Dirty:                 0 kB
Writeback:             0 kB
AnonPages:       1228156 kB
Mapped:           148852 kB
Shmem:               572 kB
Slab:              77068 kB
SReclaimable:      24508 kB
SUnreclaim:        52560 kB
KernelStack:       15264 kB
PageTables:        16776 kB
NFS_Unstable:          0 kB
Bounce:                0 kB
WritebackTmp:          0 kB
CommitLimit:     1450072 kB
Committed_AS:   24102856 kB
VmallocTotal:   251658176 kB
VmallocUsed:       96504 kB
VmallocChunk:   251482716 kB


[2024-11-19 18:34:58]
MemTotal:        1858332 kB
MemFree:           49512 kB
Buffers:             600 kB
Cached:           201740 kB
SwapCached:        13064 kB
Active:           973992 kB
Inactive:         358532 kB
Active(anon):     922708 kB
Inactive(anon):   307288 kB
Active(file):      51284 kB
Inactive(file):    51244 kB
Unevictable:       99496 kB
Mlocked:           94212 kB
SwapTotal:        520908 kB
SwapFree:         366936 kB
Dirty:                 0 kB
Writeback:             0 kB
AnonPages:       1228412 kB
Mapped:           148852 kB
Shmem:               572 kB
Slab:              77068 kB
SReclaimable:      24508 kB
SUnreclaim:        52560 kB
KernelStack:       15264 kB
PageTables:        16776 kB
NFS_Unstable:          0 kB
Bounce:                0 kB
WritebackTmp:          0 kB
CommitLimit:     1450072 kB
Committed_AS:   24094552 kB
VmallocTotal:   251658176 kB
VmallocUsed:       96504 kB
VmallocChunk:   251482716 kB


[2024-11-19 18:35:00]
MemTotal:        1858332 kB
MemFree:           49768 kB
Buffers:             600 kB
Cached:           201740 kB
SwapCached:        13064 kB
Active:           974220 kB
Inactive:         358532 kB
Active(anon):     922936 kB
Inactive(anon):   307288 kB
Active(file):      51284 kB
Inactive(file):    51244 kB
Unevictable:       99496 kB
Mlocked:           94212 kB
SwapTotal:        520908 kB
SwapFree:         366936 kB
Dirty:                 0 kB
Writeback:             0 kB
AnonPages:       1228836 kB
Mapped:           148852 kB
Shmem:               572 kB
Slab:              77068 kB
SReclaimable:      24508 kB
SUnreclaim:        52560 kB
KernelStack:       15264 kB
PageTables:        16776 kB
NFS_Unstable:          0 kB
Bounce:                0 kB
WritebackTmp:          0 kB
CommitLimit:     1450072 kB
Committed_AS:   24102888 kB
VmallocTotal:   251658176 kB
VmallocUsed:       96504 kB
VmallocChunk:   251482716 kB


[2024-11-19 18:35:02]
MemTotal:        1858332 kB
MemFree:           49300 kB
Buffers:             600 kB
Cached:           201740 kB
SwapCached:        13064 kB
Active:           974360 kB
Inactive:         358532 kB
Active(anon):     923076 kB
Inactive(anon):   307288 kB
Active(file):      51284 kB
Inactive(file):    51244 kB
Unevictable:       99496 kB
Mlocked:           94212 kB
SwapTotal:        520908 kB
SwapFree:         366936 kB
Dirty:                 0 kB
Writeback:             0 kB
AnonPages:       1228904 kB
Mapped:           148852 kB
Shmem:               572 kB
Slab:              77068 kB
SReclaimable:      24508 kB
SUnreclaim:        52560 kB
KernelStack:       15264 kB
PageTables:        16776 kB
NFS_Unstable:          0 kB
Bounce:                0 kB
WritebackTmp:          0 kB
CommitLimit:     1450072 kB
Committed_AS:   24102848 kB
VmallocTotal:   251658176 kB
VmallocUsed:       96504 kB
VmallocChunk:   251482716 kB


[2024-11-19 18:35:04]
MemTotal:        1858332 kB
MemFree:           49520 kB
Buffers:             600 kB
Cached:           201960 kB
SwapCached:        13064 kB
Active:           974680 kB
Inactive:         358584 kB
Active(anon):     923396 kB
Inactive(anon):   307176 kB
Active(file):      51284 kB
Inactive(file):    51408 kB
Unevictable:       99496 kB
Mlocked:           94212 kB
SwapTotal:        520908 kB
SwapFree:         366936 kB
Dirty:                 0 kB
Writeback:             0 kB
AnonPages:       1229220 kB
Mapped:           148892 kB
Shmem:               572 kB
Slab:              77068 kB
SReclaimable:      24508 kB
SUnreclaim:        52560 kB
KernelStack:       15296 kB
PageTables:        16792 kB
NFS_Unstable:          0 kB
Bounce:                0 kB
WritebackTmp:          0 kB
CommitLimit:     1450072 kB
Committed_AS:   24119264 kB
VmallocTotal:   251658176 kB
VmallocUsed:       96504 kB
VmallocChunk:   251482716 kB


[2024-11-19 18:35:06]
MemTotal:        1858332 kB
MemFree:           50028 kB
Buffers:             600 kB
Cached:           201960 kB
SwapCached:        13064 kB
Active:           973720 kB
Inactive:         358552 kB
Active(anon):     922436 kB
Inactive(anon):   307088 kB
Active(file):      51284 kB
Inactive(file):    51464 kB
Unevictable:       99496 kB
Mlocked:           94212 kB
SwapTotal:        520908 kB
SwapFree:         366936 kB
Dirty:                 0 kB
Writeback:             0 kB
AnonPages:       1227992 kB
Mapped:           148892 kB
Shmem:               572 kB
Slab:              77072 kB
SReclaimable:      24508 kB
SUnreclaim:        52564 kB
KernelStack:       15296 kB
PageTables:        16792 kB
NFS_Unstable:          0 kB
Bounce:                0 kB
WritebackTmp:          0 kB
CommitLimit:     1450072 kB
Committed_AS:   24119276 kB
VmallocTotal:   251658176 kB
VmallocUsed:       96504 kB
VmallocChunk:   251482716 kB


[2024-11-19 18:35:09]
MemTotal:        1858332 kB
MemFree:           51312 kB
Buffers:             600 kB
Cached:           201960 kB
SwapCached:        13064 kB
Active:           973720 kB
Inactive:         358552 kB
Active(anon):     922436 kB
Inactive(anon):   307088 kB
Active(file):      51284 kB
Inactive(file):    51464 kB
Unevictable:       99496 kB
Mlocked:           94212 kB
SwapTotal:        520908 kB
SwapFree:         366936 kB
Dirty:                 0 kB
Writeback:             0 kB
AnonPages:       1228164 kB
Mapped:           148892 kB
Shmem:               572 kB
Slab:              77072 kB
SReclaimable:      24508 kB
SUnreclaim:        52564 kB
KernelStack:       15280 kB
PageTables:        16796 kB
NFS_Unstable:          0 kB
Bounce:                0 kB
WritebackTmp:          0 kB
CommitLimit:     1450072 kB
Committed_AS:   24119172 kB
VmallocTotal:   251658176 kB
VmallocUsed:       96504 kB
VmallocChunk:   251482716 kB


[2024-11-19 18:35:11]
MemTotal:        1858332 kB
MemFree:           50884 kB
Buffers:             600 kB
Cached:           201960 kB
SwapCached:        13064 kB
Active:           973852 kB
Inactive:         358552 kB
Active(anon):     922568 kB
Inactive(anon):   307088 kB
Active(file):      51284 kB
Inactive(file):    51464 kB
Unevictable:       99496 kB
Mlocked:           94212 kB
SwapTotal:        520908 kB
SwapFree:         366936 kB
Dirty:                 0 kB
Writeback:             0 kB
AnonPages:       1228484 kB
Mapped:           148924 kB
Shmem:               572 kB
Slab:              77056 kB
SReclaimable:      24492 kB
SUnreclaim:        52564 kB
KernelStack:       15328 kB
PageTables:        16820 kB
NFS_Unstable:          0 kB
Bounce:                0 kB
WritebackTmp:          0 kB
CommitLimit:     1450072 kB
Committed_AS:   24119060 kB
VmallocTotal:   251658176 kB
VmallocUsed:       96504 kB
VmallocChunk:   251482716 kB


[2024-11-19 18:35:14]
MemTotal:        1858332 kB
MemFree:           50528 kB
Buffers:             600 kB
Cached:           201960 kB
SwapCached:        13064 kB
Active:           974192 kB
Inactive:         358556 kB
Active(anon):     922908 kB
Inactive(anon):   307092 kB
Active(file):      51284 kB
Inactive(file):    51464 kB
Unevictable:       99496 kB
Mlocked:           94212 kB
SwapTotal:        520908 kB
SwapFree:         366940 kB
Dirty:                 0 kB
Writeback:             0 kB
AnonPages:       1228648 kB
Mapped:           148708 kB
Shmem:               572 kB
Slab:              77056 kB
SReclaimable:      24492 kB
SUnreclaim:        52564 kB
KernelStack:       15296 kB
PageTables:        16792 kB
NFS_Unstable:          0 kB
Bounce:                0 kB
WritebackTmp:          0 kB
CommitLimit:     1450072 kB
Committed_AS:   24118948 kB
VmallocTotal:   251658176 kB
VmallocUsed:       96504 kB
VmallocChunk:   251482716 kB


[2024-11-19 18:35:16]
MemTotal:        1858332 kB
MemFree:           50448 kB
Buffers:             600 kB
Cached:           201960 kB
SwapCached:        13064 kB
Active:           974436 kB
Inactive:         358560 kB
Active(anon):     923152 kB
Inactive(anon):   307096 kB
Active(file):      51284 kB
Inactive(file):    51464 kB
Unevictable:       99496 kB
Mlocked:           94212 kB
SwapTotal:        520908 kB
SwapFree:         366944 kB
Dirty:                 0 kB
Writeback:             0 kB
AnonPages:       1228752 kB
Mapped:           148920 kB
Shmem:               572 kB
Slab:              77056 kB
SReclaimable:      24492 kB
SUnreclaim:        52564 kB
KernelStack:       15344 kB
PageTables:        16820 kB
NFS_Unstable:          0 kB
Bounce:                0 kB
WritebackTmp:          0 kB
CommitLimit:     1450072 kB
Committed_AS:   24119216 kB
VmallocTotal:   251658176 kB
VmallocUsed:       96504 kB
VmallocChunk:   251482716 kB


[2024-11-19 18:35:19]
MemTotal:        1858332 kB
MemFree:           50312 kB
Buffers:             600 kB
Cached:           201960 kB
SwapCached:        13064 kB
Active:           974340 kB
Inactive:         358560 kB
Active(anon):     923056 kB
Inactive(anon):   307096 kB
Active(file):      51284 kB
Inactive(file):    51464 kB
Unevictable:       99496 kB
Mlocked:           94212 kB
SwapTotal:        520908 kB
SwapFree:         366944 kB
Dirty:                 0 kB
Writeback:             0 kB
AnonPages:       1228752 kB
Mapped:           148892 kB
Shmem:               572 kB
Slab:              77056 kB
SReclaimable:      24492 kB
SUnreclaim:        52564 kB
KernelStack:       15280 kB
PageTables:        16792 kB
NFS_Unstable:          0 kB
Bounce:                0 kB
WritebackTmp:          0 kB
CommitLimit:     1450072 kB
Committed_AS:   24119072 kB
VmallocTotal:   251658176 kB
VmallocUsed:       96504 kB
VmallocChunk:   251482716 kB


[2024-11-19 18:35:21]
MemTotal:        1858332 kB
MemFree:           50092 kB
Buffers:             600 kB
Cached:           201960 kB
SwapCached:        13064 kB
Active:           974884 kB
Inactive:         358560 kB
Active(anon):     923600 kB
Inactive(anon):   307096 kB
Active(file):      51284 kB
Inactive(file):    51464 kB
Unevictable:       99496 kB
Mlocked:           94212 kB
SwapTotal:        520908 kB
SwapFree:         366944 kB
Dirty:                 0 kB
Writeback:             0 kB
AnonPages:       1229240 kB
Mapped:           148924 kB
Shmem:               572 kB
Slab:              77056 kB
SReclaimable:      24492 kB
SUnreclaim:        52564 kB
KernelStack:       15312 kB
PageTables:        16824 kB
NFS_Unstable:          0 kB
Bounce:                0 kB
WritebackTmp:          0 kB
CommitLimit:     1450072 kB
Committed_AS:   24119164 kB
VmallocTotal:   251658176 kB
VmallocUsed:       96504 kB
VmallocChunk:   251482716 kB


[2024-11-19 18:35:24]
MemTotal:        1858332 kB
MemFree:           50016 kB
Buffers:             600 kB
Cached:           201960 kB
SwapCached:        13064 kB
Active:           974628 kB
Inactive:         358560 kB
Active(anon):     923344 kB
Inactive(anon):   307096 kB
Active(file):      51284 kB
Inactive(file):    51464 kB
Unevictable:       99496 kB
Mlocked:           94212 kB
SwapTotal:        520908 kB
SwapFree:         366944 kB
Dirty:                 0 kB
Writeback:             0 kB
AnonPages:       1229024 kB
Mapped:           148892 kB
Shmem:               572 kB
Slab:              77056 kB
SReclaimable:      24492 kB
SUnreclaim:        52564 kB
KernelStack:       15280 kB
PageTables:        16792 kB
NFS_Unstable:          0 kB
Bounce:                0 kB
WritebackTmp:          0 kB
CommitLimit:     1450072 kB
Committed_AS:   24119164 kB
VmallocTotal:   251658176 kB
VmallocUsed:       96504 kB
VmallocChunk:   251482716 kB


[2024-11-19 18:35:26]
MemTotal:        1858332 kB
MemFree:           49940 kB
Buffers:             600 kB
Cached:           201960 kB
SwapCached:        13064 kB
Active:           974988 kB
Inactive:         358560 kB
Active(anon):     923704 kB
Inactive(anon):   307096 kB
Active(file):      51284 kB
Inactive(file):    51464 kB
Unevictable:       99496 kB
Mlocked:           94212 kB
SwapTotal:        520908 kB
SwapFree:         366944 kB
Dirty:                 0 kB
Writeback:             0 kB
AnonPages:       1229340 kB
Mapped:           148944 kB
Shmem:               572 kB
Slab:              77056 kB
SReclaimable:      24492 kB
SUnreclaim:        52564 kB
KernelStack:       15328 kB
PageTables:        16816 kB
NFS_Unstable:          0 kB
Bounce:                0 kB
WritebackTmp:          0 kB
CommitLimit:     1450072 kB
Committed_AS:   24119032 kB
VmallocTotal:   251658176 kB
VmallocUsed:       96504 kB
VmallocChunk:   251482716 kB


[2024-11-19 18:35:29]
MemTotal:        1858332 kB
MemFree:           49296 kB
Buffers:             600 kB
Cached:           201960 kB
SwapCached:        13064 kB
Active:           975396 kB
Inactive:         358560 kB
Active(anon):     924112 kB
Inactive(anon):   307096 kB
Active(file):      51284 kB
Inactive(file):    51464 kB
Unevictable:       99496 kB
Mlocked:           94212 kB
SwapTotal:        520908 kB
SwapFree:         366944 kB
Dirty:                 0 kB
Writeback:             0 kB
AnonPages:       1229848 kB
Mapped:           148708 kB
Shmem:               572 kB
Slab:              77056 kB
SReclaimable:      24492 kB
SUnreclaim:        52564 kB
KernelStack:       15296 kB
PageTables:        16792 kB
NFS_Unstable:          0 kB
Bounce:                0 kB
WritebackTmp:          0 kB
CommitLimit:     1450072 kB
Committed_AS:   24119212 kB
VmallocTotal:   251658176 kB
VmallocUsed:       96504 kB
VmallocChunk:   251482716 kB


[2024-11-19 18:35:31]
MemTotal:        1858332 kB
MemFree:           49396 kB
Buffers:             600 kB
Cached:           201960 kB
SwapCached:        13064 kB
Active:           975400 kB
Inactive:         358564 kB
Active(anon):     924116 kB
Inactive(anon):   307100 kB
Active(file):      51284 kB
Inactive(file):    51464 kB
Unevictable:       99496 kB
Mlocked:           94212 kB
SwapTotal:        520908 kB
SwapFree:         366948 kB
Dirty:                 0 kB
Writeback:             0 kB
AnonPages:       1229968 kB
Mapped:           148892 kB
Shmem:               572 kB
Slab:              77056 kB
SReclaimable:      24492 kB
SUnreclaim:        52564 kB
KernelStack:       15296 kB
PageTables:        16792 kB
NFS_Unstable:          0 kB
Bounce:                0 kB
WritebackTmp:          0 kB
CommitLimit:     1450072 kB
Committed_AS:   24119108 kB
VmallocTotal:   251658176 kB
VmallocUsed:       96504 kB
VmallocChunk:   251482716 kB


[2024-11-19 18:35:34]
MemTotal:        1858332 kB
MemFree:           49316 kB
Buffers:             600 kB
Cached:           201960 kB
SwapCached:        13064 kB
Active:           975764 kB
Inactive:         358564 kB
Active(anon):     924480 kB
Inactive(anon):   307100 kB
Active(file):      51284 kB
Inactive(file):    51464 kB
Unevictable:       99496 kB
Mlocked:           94212 kB
SwapTotal:        520908 kB
SwapFree:         366948 kB
Dirty:                 0 kB
Writeback:             0 kB
AnonPages:       1229980 kB
Mapped:           148892 kB
Shmem:               572 kB
Slab:              77056 kB
SReclaimable:      24492 kB
SUnreclaim:        52564 kB
KernelStack:       15280 kB
PageTables:        16792 kB
NFS_Unstable:          0 kB
Bounce:                0 kB
WritebackTmp:          0 kB
CommitLimit:     1450072 kB
Committed_AS:   24119228 kB
VmallocTotal:   251658176 kB
VmallocUsed:       96504 kB
VmallocChunk:   251482716 kB


[2024-11-19 18:35:36]
MemTotal:        1858332 kB
MemFree:           48940 kB
Buffers:             600 kB
Cached:           201960 kB
SwapCached:        13064 kB
Active:           975816 kB
Inactive:         358564 kB
Active(anon):     924532 kB
Inactive(anon):   307100 kB
Active(file):      51284 kB
Inactive(file):    51464 kB
Unevictable:       99496 kB
Mlocked:           94212 kB
SwapTotal:        520908 kB
SwapFree:         366948 kB
Dirty:                 0 kB
Writeback:             0 kB
AnonPages:       1230036 kB
Mapped:           148724 kB
Shmem:               572 kB
Slab:              77056 kB
SReclaimable:      24492 kB
SUnreclaim:        52564 kB
KernelStack:       15296 kB
PageTables:        16808 kB
NFS_Unstable:          0 kB
Bounce:                0 kB
WritebackTmp:          0 kB
CommitLimit:     1450072 kB
Committed_AS:   24118988 kB
VmallocTotal:   251658176 kB
VmallocUsed:       96504 kB
VmallocChunk:   251482716 kB


[2024-11-19 18:35:39]
MemTotal:        1858332 kB
MemFree:           48540 kB
Buffers:             600 kB
Cached:           201960 kB
SwapCached:        13064 kB
Active:           975724 kB
Inactive:         358564 kB
Active(anon):     924440 kB
Inactive(anon):   307100 kB
Active(file):      51284 kB
Inactive(file):    51464 kB
Unevictable:       99496 kB
Mlocked:           94212 kB
SwapTotal:        520908 kB
SwapFree:         366948 kB
Dirty:                 0 kB
Writeback:             0 kB
AnonPages:       1230052 kB
Mapped:           148732 kB
Shmem:               572 kB
Slab:              77056 kB
SReclaimable:      24492 kB
SUnreclaim:        52564 kB
KernelStack:       15312 kB
PageTables:        16812 kB
NFS_Unstable:          0 kB
Bounce:                0 kB
WritebackTmp:          0 kB
CommitLimit:     1450072 kB
Committed_AS:   24119276 kB
VmallocTotal:   251658176 kB
VmallocUsed:       96504 kB
VmallocChunk:   251482716 kB


[2024-11-19 18:35:42]
MemTotal:        1858332 kB
MemFree:           48372 kB
Buffers:             600 kB
Cached:           201960 kB
SwapCached:        13064 kB
Active:           976380 kB
Inactive:         358564 kB
Active(anon):     925096 kB
Inactive(anon):   307100 kB
Active(file):      51284 kB
Inactive(file):    51464 kB
Unevictable:       99496 kB
Mlocked:           94212 kB
SwapTotal:        520908 kB
SwapFree:         366948 kB
Dirty:                 0 kB
Writeback:             0 kB
AnonPages:       1230876 kB
Mapped:           148892 kB
Shmem:               572 kB
Slab:              77056 kB
SReclaimable:      24492 kB
SUnreclaim:        52564 kB
KernelStack:       15280 kB
PageTables:        16792 kB
NFS_Unstable:          0 kB
Bounce:                0 kB
WritebackTmp:          0 kB
CommitLimit:     1450072 kB
Committed_AS:   24119096 kB
VmallocTotal:   251658176 kB
VmallocUsed:       96504 kB
VmallocChunk:   251482716 kB


[2024-11-19 18:35:44]
MemTotal:        1858332 kB
MemFree:           54656 kB
Buffers:             600 kB
Cached:           201960 kB
SwapCached:        13064 kB
Active:           969656 kB
Inactive:         358552 kB
Active(anon):     918372 kB
Inactive(anon):   307088 kB
Active(file):      51284 kB
Inactive(file):    51464 kB
Unevictable:       99496 kB
Mlocked:           94212 kB
SwapTotal:        520908 kB
SwapFree:         366952 kB
Dirty:                 0 kB
Writeback:             0 kB
AnonPages:       1224012 kB
Mapped:           148576 kB
Shmem:               572 kB
Slab:              77056 kB
SReclaimable:      24492 kB
SUnreclaim:        52564 kB
KernelStack:       15312 kB
PageTables:        16812 kB
NFS_Unstable:          0 kB
Bounce:                0 kB
WritebackTmp:          0 kB
CommitLimit:     1450072 kB
Committed_AS:   24119060 kB
VmallocTotal:   251658176 kB
VmallocUsed:       96504 kB
VmallocChunk:   251482716 kB


[2024-11-19 18:35:47]
MemTotal:        1858332 kB
MemFree:           54708 kB
Buffers:             600 kB
Cached:           201960 kB
SwapCached:        13064 kB
Active:           969788 kB
Inactive:         358552 kB
Active(anon):     918504 kB
Inactive(anon):   307088 kB
Active(file):      51284 kB
Inactive(file):    51464 kB
Unevictable:       99496 kB
Mlocked:           94212 kB
SwapTotal:        520908 kB
SwapFree:         366952 kB
Dirty:                 0 kB
Writeback:             0 kB
AnonPages:       1224016 kB
Mapped:           148900 kB
Shmem:               572 kB
Slab:              77056 kB
SReclaimable:      24492 kB
SUnreclaim:        52564 kB
KernelStack:       15312 kB
PageTables:        16816 kB
NFS_Unstable:          0 kB
Bounce:                0 kB
WritebackTmp:          0 kB
CommitLimit:     1450072 kB
Committed_AS:   24119160 kB
VmallocTotal:   251658176 kB
VmallocUsed:       96504 kB
VmallocChunk:   251482716 kB


[2024-11-19 18:35:50]
MemTotal:        1858332 kB
MemFree:           54824 kB
Buffers:             600 kB
Cached:           201960 kB
SwapCached:        13064 kB
Active:           969844 kB
Inactive:         358552 kB
Active(anon):     918560 kB
Inactive(anon):   307088 kB
Active(file):      51284 kB
Inactive(file):    51464 kB
Unevictable:       99496 kB
Mlocked:           94212 kB
SwapTotal:        520908 kB
SwapFree:         366956 kB
Dirty:                 0 kB
Writeback:             0 kB
AnonPages:       1224240 kB
Mapped:           149076 kB
Shmem:               572 kB
Slab:              77056 kB
SReclaimable:      24492 kB
SUnreclaim:        52564 kB
KernelStack:       15280 kB
PageTables:        16792 kB
NFS_Unstable:          0 kB
Bounce:                0 kB
WritebackTmp:          0 kB
CommitLimit:     1450072 kB
Committed_AS:   24119148 kB
VmallocTotal:   251658176 kB
VmallocUsed:       96504 kB
VmallocChunk:   251482716 kB


[2024-11-19 18:35:52]
MemTotal:        1858332 kB
MemFree:           55048 kB
Buffers:             600 kB
Cached:           201960 kB
SwapCached:        13064 kB
Active:           969788 kB
Inactive:         358556 kB
Active(anon):     918504 kB
Inactive(anon):   307092 kB
Active(file):      51284 kB
Inactive(file):    51464 kB
Unevictable:       99496 kB
Mlocked:           94212 kB
SwapTotal:        520908 kB
SwapFree:         366956 kB
Dirty:                 0 kB
Writeback:             0 kB
AnonPages:       1224208 kB
Mapped:           148736 kB
Shmem:               572 kB
Slab:              77056 kB
SReclaimable:      24492 kB
SUnreclaim:        52564 kB
KernelStack:       15312 kB
PageTables:        16824 kB
NFS_Unstable:          0 kB
Bounce:                0 kB
WritebackTmp:          0 kB
CommitLimit:     1450072 kB
Committed_AS:   24119244 kB
VmallocTotal:   251658176 kB
VmallocUsed:       96504 kB
VmallocChunk:   251482716 kB


[2024-11-19 18:35:55]
MemTotal:        1858332 kB
MemFree:           54680 kB
Buffers:             600 kB
Cached:           201960 kB
SwapCached:        13064 kB
Active:           970140 kB
Inactive:         358556 kB
Active(anon):     918856 kB
Inactive(anon):   307092 kB
Active(file):      51284 kB
Inactive(file):    51464 kB
Unevictable:       99496 kB
Mlocked:           94212 kB
SwapTotal:        520908 kB
SwapFree:         366956 kB
Dirty:                 0 kB
Writeback:             0 kB
AnonPages:       1224600 kB
Mapped:           148892 kB
Shmem:               572 kB
Slab:              77056 kB
SReclaimable:      24492 kB
SUnreclaim:        52564 kB
KernelStack:       15280 kB
PageTables:        16792 kB
NFS_Unstable:          0 kB
Bounce:                0 kB
WritebackTmp:          0 kB
CommitLimit:     1450072 kB
Committed_AS:   24119160 kB
VmallocTotal:   251658176 kB
VmallocUsed:       96504 kB
VmallocChunk:   251482716 kB


[2024-11-19 18:35:57]
MemTotal:        1858332 kB
MemFree:           54692 kB
Buffers:             600 kB
Cached:           201960 kB
SwapCached:        13064 kB
Active:           970416 kB
Inactive:         358560 kB
Active(anon):     919132 kB
Inactive(anon):   307096 kB
Active(file):      51284 kB
Inactive(file):    51464 kB
Unevictable:       99496 kB
Mlocked:           94212 kB
SwapTotal:        520908 kB
SwapFree:         366960 kB
Dirty:                 0 kB
Writeback:             0 kB
AnonPages:       1224752 kB
Mapped:           148892 kB
Shmem:               572 kB
Slab:              77056 kB
SReclaimable:      24492 kB
SUnreclaim:        52564 kB
KernelStack:       15264 kB
PageTables:        16808 kB
NFS_Unstable:          0 kB
Bounce:                0 kB
WritebackTmp:          0 kB
CommitLimit:     1450072 kB
Committed_AS:   24119064 kB
VmallocTotal:   251658176 kB
VmallocUsed:       96504 kB
VmallocChunk:   251482716 kB


[2024-11-19 18:35:59]
MemTotal:        1858332 kB
MemFree:           53352 kB
Buffers:             600 kB
Cached:           201960 kB
SwapCached:        13064 kB
Active:           970456 kB
Inactive:         358560 kB
Active(anon):     919172 kB
Inactive(anon):   307096 kB
Active(file):      51284 kB
Inactive(file):    51464 kB
Unevictable:       99496 kB
Mlocked:           94212 kB
SwapTotal:        520908 kB
SwapFree:         366960 kB
Dirty:                 0 kB
Writeback:             0 kB
AnonPages:       1224800 kB
Mapped:           148708 kB
Shmem:               572 kB
Slab:              77056 kB
SReclaimable:      24492 kB
SUnreclaim:        52564 kB
KernelStack:       15232 kB
PageTables:        16792 kB
NFS_Unstable:          0 kB
Bounce:                0 kB
WritebackTmp:          0 kB
CommitLimit:     1450072 kB
Committed_AS:   24119284 kB
VmallocTotal:   251658176 kB
VmallocUsed:       96504 kB
VmallocChunk:   251482716 kB


[2024-11-19 18:36:01]
MemTotal:        1858332 kB
MemFree:           52688 kB
Buffers:             600 kB
Cached:           201960 kB
SwapCached:        13064 kB
Active:           970840 kB
Inactive:         358560 kB
Active(anon):     919556 kB
Inactive(anon):   307096 kB
Active(file):      51284 kB
Inactive(file):    51464 kB
Unevictable:       99496 kB
Mlocked:           94212 kB
SwapTotal:        520908 kB
SwapFree:         366960 kB
Dirty:                 0 kB
Writeback:             0 kB
AnonPages:       1225296 kB
Mapped:           148708 kB
Shmem:               572 kB
Slab:              77056 kB
SReclaimable:      24492 kB
SUnreclaim:        52564 kB
KernelStack:       15232 kB
PageTables:        16792 kB
NFS_Unstable:          0 kB
Bounce:                0 kB
WritebackTmp:          0 kB
CommitLimit:     1450072 kB
Committed_AS:   24119272 kB
VmallocTotal:   251658176 kB
VmallocUsed:       96504 kB
VmallocChunk:   251482716 kB


[2024-11-19 18:36:03]
MemTotal:        1858332 kB
MemFree:           52428 kB
Buffers:             600 kB
Cached:           201960 kB
SwapCached:        13064 kB
Active:           970976 kB
Inactive:         358560 kB
Active(anon):     919692 kB
Inactive(anon):   307096 kB
Active(file):      51284 kB
Inactive(file):    51464 kB
Unevictable:       99496 kB
Mlocked:           94212 kB
SwapTotal:        520908 kB
SwapFree:         366960 kB
Dirty:                 0 kB
Writeback:             0 kB
AnonPages:       1225300 kB
Mapped:           148892 kB
Shmem:               572 kB
Slab:              77056 kB
SReclaimable:      24492 kB
SUnreclaim:        52564 kB
KernelStack:       15232 kB
PageTables:        16792 kB
NFS_Unstable:          0 kB
Bounce:                0 kB
WritebackTmp:          0 kB
CommitLimit:     1450072 kB
Committed_AS:   24119296 kB
VmallocTotal:   251658176 kB
VmallocUsed:       96504 kB
VmallocChunk:   251482716 kB


[2024-11-19 18:36:06]
MemTotal:        1858332 kB
MemFree:           52528 kB
Buffers:             600 kB
Cached:           201960 kB
SwapCached:        13064 kB
Active:           971100 kB
Inactive:         358560 kB
Active(anon):     919816 kB
Inactive(anon):   307096 kB
Active(file):      51284 kB
Inactive(file):    51464 kB
Unevictable:       99496 kB
Mlocked:           94212 kB
SwapTotal:        520908 kB
SwapFree:         366960 kB
Dirty:                 0 kB
Writeback:             0 kB
AnonPages:       1225480 kB
Mapped:           148892 kB
Shmem:               572 kB
Slab:              77056 kB
SReclaimable:      24492 kB
SUnreclaim:        52564 kB
KernelStack:       15232 kB
PageTables:        16792 kB
NFS_Unstable:          0 kB
Bounce:                0 kB
WritebackTmp:          0 kB
CommitLimit:     1450072 kB
Committed_AS:   24119172 kB
VmallocTotal:   251658176 kB
VmallocUsed:       96504 kB
VmallocChunk:   251482716 kB


[2024-11-19 18:36:08]
MemTotal:        1858332 kB
MemFree:           52504 kB
Buffers:             600 kB
Cached:           201960 kB
SwapCached:        13064 kB
Active:           971100 kB
Inactive:         358560 kB
Active(anon):     919816 kB
Inactive(anon):   307096 kB
Active(file):      51284 kB
Inactive(file):    51464 kB
Unevictable:       99496 kB
Mlocked:           94212 kB
SwapTotal:        520908 kB
SwapFree:         366960 kB
Dirty:                 0 kB
Writeback:             0 kB
AnonPages:       1225384 kB
Mapped:           148892 kB
Shmem:               572 kB
Slab:              77056 kB
SReclaimable:      24492 kB
SUnreclaim:        52564 kB
KernelStack:       15248 kB
PageTables:        16792 kB
NFS_Unstable:          0 kB
Bounce:                0 kB
WritebackTmp:          0 kB
CommitLimit:     1450072 kB
Committed_AS:   24119272 kB
VmallocTotal:   251658176 kB
VmallocUsed:       96504 kB
VmallocChunk:   251482716 kB


[2024-11-19 18:36:10]
MemTotal:        1858332 kB
MemFree:           52512 kB
Buffers:             600 kB
Cached:           201960 kB
SwapCached:        13064 kB
Active:           971312 kB
Inactive:         358560 kB
Active(anon):     920028 kB
Inactive(anon):   307096 kB
Active(file):      51284 kB
Inactive(file):    51464 kB
Unevictable:       99496 kB
Mlocked:           94212 kB
SwapTotal:        520908 kB
SwapFree:         366960 kB
Dirty:                 0 kB
Writeback:             0 kB
AnonPages:       1225608 kB
Mapped:           148892 kB
Shmem:               572 kB
Slab:              77056 kB
SReclaimable:      24492 kB
SUnreclaim:        52564 kB
KernelStack:       15216 kB
PageTables:        16792 kB
NFS_Unstable:          0 kB
Bounce:                0 kB
WritebackTmp:          0 kB
CommitLimit:     1450072 kB
Committed_AS:   24119160 kB
VmallocTotal:   251658176 kB
VmallocUsed:       96504 kB
VmallocChunk:   251482716 kB


[2024-11-19 18:36:12]
MemTotal:        1858332 kB
MemFree:           51972 kB
Buffers:             600 kB
Cached:           201960 kB
SwapCached:        13064 kB
Active:           971456 kB
Inactive:         358560 kB
Active(anon):     920172 kB
Inactive(anon):   307096 kB
Active(file):      51284 kB
Inactive(file):    51464 kB
Unevictable:       99496 kB
Mlocked:           94212 kB
SwapTotal:        520908 kB
SwapFree:         366960 kB
Dirty:                 0 kB
Writeback:             0 kB
AnonPages:       1225804 kB
Mapped:           148892 kB
Shmem:               572 kB
Slab:              77056 kB
SReclaimable:      24492 kB
SUnreclaim:        52564 kB
KernelStack:       15216 kB
PageTables:        16792 kB
NFS_Unstable:          0 kB
Bounce:                0 kB
WritebackTmp:          0 kB
CommitLimit:     1450072 kB
Committed_AS:   24119256 kB
VmallocTotal:   251658176 kB
VmallocUsed:       96504 kB
VmallocChunk:   251482716 kB


[2024-11-19 18:36:14]
MemTotal:        1858332 kB
MemFree:           52200 kB
Buffers:             600 kB
Cached:           201960 kB
SwapCached:        13064 kB
Active:           971404 kB
Inactive:         358564 kB
Active(anon):     920120 kB
Inactive(anon):   307100 kB
Active(file):      51284 kB
Inactive(file):    51464 kB
Unevictable:       99496 kB
Mlocked:           94212 kB
SwapTotal:        520908 kB
SwapFree:         366964 kB
Dirty:                 0 kB
Writeback:             0 kB
AnonPages:       1225688 kB
Mapped:           148892 kB
Shmem:               572 kB
Slab:              77056 kB
SReclaimable:      24492 kB
SUnreclaim:        52564 kB
KernelStack:       15232 kB
PageTables:        16824 kB
NFS_Unstable:          0 kB
Bounce:                0 kB
WritebackTmp:          0 kB
CommitLimit:     1450072 kB
Committed_AS:   24119168 kB
VmallocTotal:   251658176 kB
VmallocUsed:       96504 kB
VmallocChunk:   251482716 kB


[2024-11-19 18:36:16]
MemTotal:        1858332 kB
MemFree:           52312 kB
Buffers:             600 kB
Cached:           201960 kB
SwapCached:        13064 kB
Active:           971876 kB
Inactive:         358564 kB
Active(anon):     920592 kB
Inactive(anon):   307100 kB
Active(file):      51284 kB
Inactive(file):    51464 kB
Unevictable:       99496 kB
Mlocked:           94212 kB
SwapTotal:        520908 kB
SwapFree:         366964 kB
Dirty:                 0 kB
Writeback:             0 kB
AnonPages:       1226340 kB
Mapped:           148892 kB
Shmem:               572 kB
Slab:              77056 kB
SReclaimable:      24492 kB
SUnreclaim:        52564 kB
KernelStack:       15232 kB
PageTables:        16792 kB
NFS_Unstable:          0 kB
Bounce:                0 kB
WritebackTmp:          0 kB
CommitLimit:     1450072 kB
Committed_AS:   24119264 kB
VmallocTotal:   251658176 kB
VmallocUsed:       96504 kB
VmallocChunk:   251482716 kB


[2024-11-19 18:36:18]
MemTotal:        1858332 kB
MemFree:           52472 kB
Buffers:             600 kB
Cached:           201960 kB
SwapCached:        13064 kB
Active:           971812 kB
Inactive:         358564 kB
Active(anon):     920528 kB
Inactive(anon):   307100 kB
Active(file):      51284 kB
Inactive(file):    51464 kB
Unevictable:       99496 kB
Mlocked:           94212 kB
SwapTotal:        520908 kB
SwapFree:         366964 kB
Dirty:                 0 kB
Writeback:             0 kB
AnonPages:       1226424 kB
Mapped:           148712 kB
Shmem:               572 kB
Slab:              77056 kB
SReclaimable:      24492 kB
SUnreclaim:        52564 kB
KernelStack:       15248 kB
PageTables:        16792 kB
NFS_Unstable:          0 kB
Bounce:                0 kB
WritebackTmp:          0 kB
CommitLimit:     1450072 kB
Committed_AS:   24119072 kB
VmallocTotal:   251658176 kB
VmallocUsed:       96504 kB
VmallocChunk:   251482716 kB


[2024-11-19 18:36:20]
MemTotal:        1858332 kB
MemFree:           52092 kB
Buffers:             600 kB
Cached:           201960 kB
SwapCached:        13064 kB
Active:           972296 kB
Inactive:         358564 kB
Active(anon):     921012 kB
Inactive(anon):   307100 kB
Active(file):      51284 kB
Inactive(file):    51464 kB
Unevictable:       99496 kB
Mlocked:           94212 kB
SwapTotal:        520908 kB
SwapFree:         366964 kB
Dirty:                 0 kB
Writeback:             0 kB
AnonPages:       1226636 kB
Mapped:           148896 kB
Shmem:               572 kB
Slab:              77056 kB
SReclaimable:      24492 kB
SUnreclaim:        52564 kB
KernelStack:       15248 kB
PageTables:        16792 kB
NFS_Unstable:          0 kB
Bounce:                0 kB
WritebackTmp:          0 kB
CommitLimit:     1450072 kB
Committed_AS:   24119104 kB
VmallocTotal:   251658176 kB
VmallocUsed:       96504 kB
VmallocChunk:   251482716 kB


[2024-11-19 18:36:23]
MemTotal:        1858332 kB
MemFree:           52316 kB
Buffers:             600 kB
Cached:           201960 kB
SwapCached:        13064 kB
Active:           972188 kB
Inactive:         358564 kB
Active(anon):     920904 kB
Inactive(anon):   307100 kB
Active(file):      51284 kB
Inactive(file):    51464 kB
Unevictable:       99496 kB
Mlocked:           94212 kB
SwapTotal:        520908 kB
SwapFree:         366964 kB
Dirty:                 0 kB
Writeback:             0 kB
AnonPages:       1226636 kB
Mapped:           148896 kB
Shmem:               572 kB
Slab:              77056 kB
SReclaimable:      24492 kB
SUnreclaim:        52564 kB
KernelStack:       15264 kB
PageTables:        16792 kB
NFS_Unstable:          0 kB
Bounce:                0 kB
WritebackTmp:          0 kB
CommitLimit:     1450072 kB
Committed_AS:   24118996 kB
VmallocTotal:   251658176 kB
VmallocUsed:       96504 kB
VmallocChunk:   251482716 kB


[2024-11-19 18:36:25]
MemTotal:        1858332 kB
MemFree:           52024 kB
Buffers:             600 kB
Cached:           201960 kB
SwapCached:        13064 kB
Active:           972556 kB
Inactive:         358564 kB
Active(anon):     921272 kB
Inactive(anon):   307100 kB
Active(file):      51284 kB
Inactive(file):    51464 kB
Unevictable:       99496 kB
Mlocked:           94212 kB
SwapTotal:        520908 kB
SwapFree:         366964 kB
Dirty:                 0 kB
Writeback:             0 kB
AnonPages:       1226908 kB
Mapped:           148900 kB
Shmem:               572 kB
Slab:              77056 kB
SReclaimable:      24492 kB
SUnreclaim:        52564 kB
KernelStack:       15296 kB
PageTables:        16820 kB
NFS_Unstable:          0 kB
Bounce:                0 kB
WritebackTmp:          0 kB
CommitLimit:     1450072 kB
Committed_AS:   24118956 kB
VmallocTotal:   251658176 kB
VmallocUsed:       96504 kB
VmallocChunk:   251482716 kB


[2024-11-19 18:36:27]
MemTotal:        1858332 kB
MemFree:           52180 kB
Buffers:             600 kB
Cached:           201960 kB
SwapCached:        13064 kB
Active:           972460 kB
Inactive:         358564 kB
Active(anon):     921176 kB
Inactive(anon):   307100 kB
Active(file):      51284 kB
Inactive(file):    51464 kB
Unevictable:       99496 kB
Mlocked:           94212 kB
SwapTotal:        520908 kB
SwapFree:         366964 kB
Dirty:                 0 kB
Writeback:             0 kB
AnonPages:       1226904 kB
Mapped:           148896 kB
Shmem:               572 kB
Slab:              77056 kB
SReclaimable:      24492 kB
SUnreclaim:        52564 kB
KernelStack:       15264 kB
PageTables:        16792 kB
NFS_Unstable:          0 kB
Bounce:                0 kB
WritebackTmp:          0 kB
CommitLimit:     1450072 kB
Committed_AS:   24119132 kB
VmallocTotal:   251658176 kB
VmallocUsed:       96504 kB
VmallocChunk:   251482716 kB


[2024-11-19 18:36:30]
MemTotal:        1858332 kB
MemFree:           52096 kB
Buffers:             600 kB
Cached:           201960 kB
SwapCached:        13064 kB
Active:           972588 kB
Inactive:         358564 kB
Active(anon):     921304 kB
Inactive(anon):   307100 kB
Active(file):      51284 kB
Inactive(file):    51464 kB
Unevictable:       99496 kB
Mlocked:           94212 kB
SwapTotal:        520908 kB
SwapFree:         366964 kB
Dirty:                 0 kB
Writeback:             0 kB
AnonPages:       1226904 kB
Mapped:           148712 kB
Shmem:               572 kB
Slab:              77056 kB
SReclaimable:      24492 kB
SUnreclaim:        52564 kB
KernelStack:       15264 kB
PageTables:        16792 kB
NFS_Unstable:          0 kB
Bounce:                0 kB
WritebackTmp:          0 kB
CommitLimit:     1450072 kB
Committed_AS:   24119152 kB
VmallocTotal:   251658176 kB
VmallocUsed:       96504 kB
VmallocChunk:   251482716 kB


[2024-11-19 18:36:32]
MemTotal:        1858332 kB
MemFree:           52028 kB
Buffers:             600 kB
Cached:           201960 kB
SwapCached:        13064 kB
Active:           972684 kB
Inactive:         358568 kB
Active(anon):     921400 kB
Inactive(anon):   307104 kB
Active(file):      51284 kB
Inactive(file):    51464 kB
Unevictable:       99496 kB
Mlocked:           94212 kB
SwapTotal:        520908 kB
SwapFree:         366968 kB
Dirty:                 0 kB
Writeback:             0 kB
AnonPages:       1226884 kB
Mapped:           148764 kB
Shmem:               572 kB
Slab:              77056 kB
SReclaimable:      24492 kB
SUnreclaim:        52564 kB
KernelStack:       15296 kB
PageTables:        16812 kB
NFS_Unstable:          0 kB
Bounce:                0 kB
WritebackTmp:          0 kB
CommitLimit:     1450072 kB
Committed_AS:   24110996 kB
VmallocTotal:   251658176 kB
VmallocUsed:       96504 kB
VmallocChunk:   251482716 kB


[2024-11-19 18:36:35]
MemTotal:        1858332 kB
MemFree:           51428 kB
Buffers:             600 kB
Cached:           201960 kB
SwapCached:        13064 kB
Active:           973176 kB
Inactive:         358568 kB
Active(anon):     921892 kB
Inactive(anon):   307104 kB
Active(file):      51284 kB
Inactive(file):    51464 kB
Unevictable:       99496 kB
Mlocked:           94212 kB
SwapTotal:        520908 kB
SwapFree:         366968 kB
Dirty:                 0 kB
Writeback:             0 kB
AnonPages:       1227464 kB
Mapped:           148896 kB
Shmem:               572 kB
Slab:              77056 kB
SReclaimable:      24492 kB
SUnreclaim:        52564 kB
KernelStack:       15264 kB
PageTables:        16792 kB
NFS_Unstable:          0 kB
Bounce:                0 kB
WritebackTmp:          0 kB
CommitLimit:     1450072 kB
Committed_AS:   24119096 kB
VmallocTotal:   251658176 kB
VmallocUsed:       96504 kB
VmallocChunk:   251482716 kB


[2024-11-19 18:36:37]
MemTotal:        1858332 kB
MemFree:           51548 kB
Buffers:             600 kB
Cached:           201960 kB
SwapCached:        13064 kB
Active:           973092 kB
Inactive:         358568 kB
Active(anon):     921808 kB
Inactive(anon):   307104 kB
Active(file):      51284 kB
Inactive(file):    51464 kB
Unevictable:       99496 kB
Mlocked:           94212 kB
SwapTotal:        520908 kB
SwapFree:         366968 kB
Dirty:                 0 kB
Writeback:             0 kB
AnonPages:       1227408 kB
Mapped:           148896 kB
Shmem:               572 kB
Slab:              77056 kB
SReclaimable:      24492 kB
SUnreclaim:        52564 kB
KernelStack:       15280 kB
PageTables:        16808 kB
NFS_Unstable:          0 kB
Bounce:                0 kB
WritebackTmp:          0 kB
CommitLimit:     1450072 kB
Committed_AS:   24119024 kB
VmallocTotal:   251658176 kB
VmallocUsed:       96504 kB
VmallocChunk:   251482716 kB


[2024-11-19 18:36:40]
MemTotal:        1858332 kB
MemFree:           51268 kB
Buffers:             600 kB
Cached:           201960 kB
SwapCached:        13064 kB
Active:           973448 kB
Inactive:         358568 kB
Active(anon):     922164 kB
Inactive(anon):   307104 kB
Active(file):      51284 kB
Inactive(file):    51464 kB
Unevictable:       99496 kB
Mlocked:           94212 kB
SwapTotal:        520908 kB
SwapFree:         366968 kB
Dirty:                 0 kB
Writeback:             0 kB
AnonPages:       1227844 kB
Mapped:           148896 kB
Shmem:               572 kB
Slab:              77056 kB
SReclaimable:      24492 kB
SUnreclaim:        52564 kB
KernelStack:       15264 kB
PageTables:        16792 kB
NFS_Unstable:          0 kB
Bounce:                0 kB
WritebackTmp:          0 kB
CommitLimit:     1450072 kB
Committed_AS:   24119144 kB
VmallocTotal:   251658176 kB
VmallocUsed:       96504 kB
VmallocChunk:   251482716 kB


[2024-11-19 18:36:42]
MemTotal:        1858332 kB
MemFree:           51360 kB
Buffers:             600 kB
Cached:           201960 kB
SwapCached:        13064 kB
Active:           973396 kB
Inactive:         358568 kB
Active(anon):     922112 kB
Inactive(anon):   307104 kB
Active(file):      51284 kB
Inactive(file):    51464 kB
Unevictable:       99496 kB
Mlocked:           94212 kB
SwapTotal:        520908 kB
SwapFree:         366972 kB
Dirty:                 0 kB
Writeback:             0 kB
AnonPages:       1227784 kB
Mapped:           148896 kB
Shmem:               572 kB
Slab:              77056 kB
SReclaimable:      24492 kB
SUnreclaim:        52564 kB
KernelStack:       15280 kB
PageTables:        16824 kB
NFS_Unstable:          0 kB
Bounce:                0 kB
WritebackTmp:          0 kB
CommitLimit:     1450072 kB
Committed_AS:   24119016 kB
VmallocTotal:   251658176 kB
VmallocUsed:       96504 kB
VmallocChunk:   251482716 kB


[2024-11-19 18:36:45]
MemTotal:        1858332 kB
MemFree:           50900 kB
Buffers:             600 kB
Cached:           201960 kB
SwapCached:        13064 kB
Active:           973816 kB
Inactive:         358572 kB
Active(anon):     922532 kB
Inactive(anon):   307108 kB
Active(file):      51284 kB
Inactive(file):    51464 kB
Unevictable:       99496 kB
Mlocked:           94212 kB
SwapTotal:        520908 kB
SwapFree:         366972 kB
Dirty:                 0 kB
Writeback:             0 kB
AnonPages:       1228220 kB
Mapped:           148904 kB
Shmem:               572 kB
Slab:              77056 kB
SReclaimable:      24492 kB
SUnreclaim:        52564 kB
KernelStack:       15296 kB
PageTables:        16820 kB
NFS_Unstable:          0 kB
Bounce:                0 kB
WritebackTmp:          0 kB
CommitLimit:     1450072 kB
Committed_AS:   24119120 kB
VmallocTotal:   251658176 kB
VmallocUsed:       96504 kB
VmallocChunk:   251482716 kB


[2024-11-19 18:36:47]
MemTotal:        1858332 kB
MemFree:           51104 kB
Buffers:             600 kB
Cached:           201960 kB
SwapCached:        13064 kB
Active:           973936 kB
Inactive:         358572 kB
Active(anon):     922652 kB
