[2024-11-19 20:09:09]
MemTotal:        1858332 kB
MemFree:          225796 kB
Buffers:            2512 kB
Cached:          1081124 kB
SwapCached:        16508 kB
Active:           122932 kB
Inactive:         991916 kB
Active(anon):      70256 kB
Inactive(anon):    61076 kB
Active(file):      52676 kB
Inactive(file):   930840 kB
Unevictable:       99496 kB
Mlocked:           94212 kB
SwapTotal:        520908 kB
SwapFree:         369256 kB
Dirty:             53288 kB
Writeback:             0 kB
AnonPages:        129832 kB
Mapped:           392808 kB
Shmem:               616 kB
Slab:              92720 kB
SReclaimable:      39740 kB
SUnreclaim:        52980 kB
KernelStack:       15184 kB
PageTables:        13672 kB
NFS_Unstable:          0 kB
Bounce:                0 kB
WritebackTmp:          0 kB
CommitLimit:     1450072 kB
Committed_AS:   24096476 kB
VmallocTotal:   251658176 kB
VmallocUsed:       97576 kB
VmallocChunk:   251482716 kB


[2024-11-19 20:09:09]
MemTotal:        1858332 kB
MemFree:          139068 kB
Buffers:            2500 kB
Cached:          1185416 kB
SwapCached:        16508 kB
Active:           125316 kB
Inactive:        1093696 kB
Active(anon):      70160 kB
Inactive(anon):    61076 kB
Active(file):      55156 kB
Inactive(file):  1032620 kB
Unevictable:       99496 kB
Mlocked:           94212 kB
SwapTotal:        520908 kB
SwapFree:         369256 kB
Dirty:             51592 kB
Writeback:          8096 kB
AnonPages:        129640 kB
Mapped:           428464 kB
Shmem:               616 kB
Slab:              94816 kB
SReclaimable:      41892 kB
SUnreclaim:        52924 kB
KernelStack:       15184 kB
PageTables:        13736 kB
NFS_Unstable:          0 kB
Bounce:                0 kB
WritebackTmp:          0 kB
CommitLimit:     1450072 kB
Committed_AS:   24096608 kB
VmallocTotal:   251658176 kB
VmallocUsed:       97576 kB
VmallocChunk:   251482716 kB


[2024-11-19 20:09:09]
MemTotal:        1858332 kB
MemFree:          137464 kB
Buffers:             868 kB
Cached:          1199752 kB
SwapCached:        16508 kB
Active:           136416 kB
Inactive:        1095092 kB
Active(anon):      70232 kB
Inactive(anon):    61076 kB
Active(file):      66184 kB
Inactive(file):  1034016 kB
Unevictable:       99496 kB
Mlocked:           94212 kB
SwapTotal:        520908 kB
SwapFree:         369256 kB
Dirty:             40052 kB
Writeback:            48 kB
AnonPages:        129780 kB
Mapped:           459552 kB
Shmem:               616 kB
Slab:              96800 kB
SReclaimable:      43724 kB
SUnreclaim:        53076 kB
KernelStack:       15184 kB
PageTables:        13792 kB
NFS_Unstable:          0 kB
Bounce:                0 kB
WritebackTmp:          0 kB
CommitLimit:     1450072 kB
Committed_AS:   24096536 kB
VmallocTotal:   251658176 kB
VmallocUsed:       97576 kB
VmallocChunk:   251482716 kB


[2024-11-19 20:09:09]
MemTotal:        1858332 kB
MemFree:          138256 kB
Buffers:             856 kB
Cached:          1200556 kB
SwapCached:        16508 kB
Active:           187004 kB
Inactive:        1045520 kB
Active(anon):      70304 kB
Inactive(anon):    61028 kB
Active(file):     116700 kB
Inactive(file):   984492 kB
Unevictable:       99496 kB
Mlocked:           94212 kB
SwapTotal:        520908 kB
SwapFree:         369260 kB
Dirty:             55872 kB
Writeback:            24 kB
AnonPages:        129708 kB
Mapped:           498468 kB
Shmem:               616 kB
Slab:              96076 kB
SReclaimable:      43096 kB
SUnreclaim:        52980 kB
KernelStack:       15184 kB
PageTables:        13872 kB
NFS_Unstable:          0 kB
Bounce:                0 kB
WritebackTmp:          0 kB
CommitLimit:     1450072 kB
Committed_AS:   24096684 kB
VmallocTotal:   251658176 kB
VmallocUsed:       97576 kB
VmallocChunk:   251482716 kB


[2024-11-19 20:09:09]
MemTotal:        1858332 kB
MemFree:          138352 kB
Buffers:             864 kB
Cached:          1201260 kB
SwapCached:        16508 kB
Active:           233052 kB
Inactive:         999920 kB
Active(anon):      70764 kB
Inactive(anon):    60792 kB
Active(file):     162288 kB
Inactive(file):   939128 kB
Unevictable:       99496 kB
Mlocked:           94212 kB
SwapTotal:        520908 kB
SwapFree:         369260 kB
Dirty:              1100 kB
Writeback:         28888 kB
AnonPages:        129988 kB
Mapped:           531204 kB
Shmem:               616 kB
Slab:              95380 kB
SReclaimable:      42240 kB
SUnreclaim:        53140 kB
KernelStack:       15184 kB
PageTables:        13940 kB
NFS_Unstable:          0 kB
Bounce:                0 kB
WritebackTmp:          0 kB
CommitLimit:     1450072 kB
Committed_AS:   24096656 kB
VmallocTotal:   251658176 kB
VmallocUsed:       97576 kB
VmallocChunk:   251482716 kB


[2024-11-19 20:09:09]
MemTotal:        1858332 kB
MemFree:          138132 kB
Buffers:             856 kB
Cached:          1201208 kB
SwapCached:        16508 kB
Active:           282244 kB
Inactive:         952060 kB
Active(anon):      71732 kB
Inactive(anon):    60564 kB
Active(file):     210512 kB
Inactive(file):   891496 kB
Unevictable:       99496 kB
Mlocked:           94212 kB
SwapTotal:        520908 kB
SwapFree:         369260 kB
Dirty:             53900 kB
Writeback:          5520 kB
AnonPages:        130516 kB
Mapped:           566828 kB
Shmem:               616 kB
Slab:              94712 kB
SReclaimable:      41660 kB
SUnreclaim:        53052 kB
KernelStack:       15184 kB
PageTables:        14044 kB
NFS_Unstable:          0 kB
Bounce:                0 kB
WritebackTmp:          0 kB
CommitLimit:     1450072 kB
Committed_AS:   24096612 kB
VmallocTotal:   251658176 kB
VmallocUsed:       97576 kB
VmallocChunk:   251482716 kB


[2024-11-19 20:09:09]
MemTotal:        1858332 kB
MemFree:          138792 kB
Buffers:             848 kB
Cached:          1202828 kB
SwapCached:        16508 kB
Active:           331236 kB
Inactive:         904084 kB
Active(anon):      71828 kB
Inactive(anon):    60080 kB
Active(file):     259408 kB
Inactive(file):   844004 kB
Unevictable:       99496 kB
Mlocked:           94212 kB
SwapTotal:        520908 kB
SwapFree:         369260 kB
Dirty:             56928 kB
Writeback:             0 kB
AnonPages:        130240 kB
Mapped:           601968 kB
Shmem:               616 kB
Slab:              93644 kB
SReclaimable:      40680 kB
SUnreclaim:        52964 kB
KernelStack:       15184 kB
PageTables:        14100 kB
NFS_Unstable:          0 kB
Bounce:                0 kB
WritebackTmp:          0 kB
CommitLimit:     1450072 kB
Committed_AS:   24096568 kB
VmallocTotal:   251658176 kB
VmallocUsed:       97576 kB
VmallocChunk:   251482716 kB


[2024-11-19 20:09:09]
MemTotal:        1858332 kB
MemFree:          137444 kB
Buffers:             856 kB
Cached:          1205272 kB
SwapCached:        16508 kB
Active:           373608 kB
Inactive:         864380 kB
Active(anon):      72240 kB
Inactive(anon):    59792 kB
Active(file):     301368 kB
Inactive(file):   804588 kB
Unevictable:       99496 kB
Mlocked:           94212 kB
SwapTotal:        520908 kB
SwapFree:         369252 kB
Dirty:             44400 kB
Writeback:             0 kB
AnonPages:        130480 kB
Mapped:           632076 kB
Shmem:               616 kB
Slab:              92960 kB
SReclaimable:      39896 kB
SUnreclaim:        53064 kB
KernelStack:       15200 kB
PageTables:        14156 kB
NFS_Unstable:          0 kB
Bounce:                0 kB
WritebackTmp:          0 kB
CommitLimit:     1450072 kB
Committed_AS:   24096636 kB
VmallocTotal:   251658176 kB
VmallocUsed:       97576 kB
VmallocChunk:   251482716 kB


[2024-11-19 20:09:09]
MemTotal:        1858332 kB
MemFree:          137468 kB
Buffers:             848 kB
Cached:          1205296 kB
SwapCached:        16508 kB
Active:           426436 kB
Inactive:         812088 kB
Active(anon):      73064 kB
Inactive(anon):    59412 kB
Active(file):     353372 kB
Inactive(file):   752676 kB
Unevictable:       99496 kB
Mlocked:           94212 kB
SwapTotal:        520908 kB
SwapFree:         369248 kB
Dirty:             56184 kB
Writeback:             0 kB
AnonPages:        130892 kB
Mapped:           664060 kB
Shmem:               616 kB
Slab:              91860 kB
SReclaimable:      38924 kB
SUnreclaim:        52936 kB
KernelStack:       15184 kB
PageTables:        14228 kB
NFS_Unstable:          0 kB
Bounce:                0 kB
WritebackTmp:          0 kB
CommitLimit:     1450072 kB
Committed_AS:   24096548 kB
VmallocTotal:   251658176 kB
VmallocUsed:       97576 kB
VmallocChunk:   251482716 kB


[2024-11-19 20:09:09]
MemTotal:        1858332 kB
MemFree:          138176 kB
Buffers:             860 kB
Cached:          1206052 kB
SwapCached:        16508 kB
Active:           471228 kB
Inactive:         767748 kB
Active(anon):      73284 kB
Inactive(anon):    58996 kB
Active(file):     397944 kB
Inactive(file):   708752 kB
Unevictable:       99496 kB
Mlocked:           94212 kB
SwapTotal:        520908 kB
SwapFree:         369236 kB
Dirty:              2712 kB
Writeback:             0 kB
AnonPages:        130768 kB
Mapped:           693428 kB
Shmem:               616 kB
Slab:              91524 kB
SReclaimable:      38408 kB
SUnreclaim:        53116 kB
KernelStack:       15184 kB
PageTables:        14296 kB
NFS_Unstable:          0 kB
Bounce:                0 kB
WritebackTmp:          0 kB
CommitLimit:     1450072 kB
Committed_AS:   24096432 kB
VmallocTotal:   251658176 kB
VmallocUsed:       97576 kB
VmallocChunk:   251482716 kB


[2024-11-19 20:09:09]
MemTotal:        1858332 kB
MemFree:          136656 kB
Buffers:            1064 kB
Cached:          1207844 kB
SwapCached:        16496 kB
Active:           533828 kB
Inactive:         707384 kB
Active(anon):      74488 kB
Inactive(anon):    58428 kB
Active(file):     459340 kB
Inactive(file):   648956 kB
Unevictable:       99496 kB
Mlocked:           94212 kB
SwapTotal:        520908 kB
SwapFree:         369196 kB
Dirty:             55008 kB
Writeback:             0 kB
AnonPages:        131444 kB
Mapped:           735480 kB
Shmem:               616 kB
Slab:              90360 kB
SReclaimable:      37356 kB
SUnreclaim:        53004 kB
KernelStack:       15184 kB
PageTables:        14432 kB
NFS_Unstable:          0 kB
Bounce:                0 kB
WritebackTmp:          0 kB
CommitLimit:     1450072 kB
Committed_AS:   24145648 kB
VmallocTotal:   251658176 kB
VmallocUsed:       97576 kB
VmallocChunk:   251482716 kB


[2024-11-19 20:09:11]
MemTotal:        1858332 kB
MemFree:          137388 kB
Buffers:            1072 kB
Cached:          1207452 kB
SwapCached:        16496 kB
Active:           588552 kB
Inactive:         653120 kB
Active(anon):      75408 kB
Inactive(anon):    57740 kB
Active(file):     513144 kB
Inactive(file):   595380 kB
Unevictable:       99496 kB
Mlocked:           94212 kB
SwapTotal:        520908 kB
SwapFree:         369152 kB
Dirty:             54280 kB
Writeback:          6624 kB
AnonPages:        131400 kB
Mapped:           772296 kB
Shmem:               616 kB
Slab:              89296 kB
SReclaimable:      36312 kB
SUnreclaim:        52984 kB
KernelStack:       15264 kB
PageTables:        14608 kB
NFS_Unstable:          0 kB
Bounce:                0 kB
WritebackTmp:          0 kB
CommitLimit:     1450072 kB
Committed_AS:   24209152 kB
VmallocTotal:   251658176 kB
VmallocUsed:       97576 kB
VmallocChunk:   251482716 kB


[2024-11-19 20:09:13]
MemTotal:        1858332 kB
MemFree:          138244 kB
Buffers:            1072 kB
Cached:          1207236 kB
SwapCached:        16492 kB
Active:           635384 kB
Inactive:         606236 kB
Active(anon):      76520 kB
Inactive(anon):    57032 kB
Active(file):     558864 kB
Inactive(file):   549204 kB
Unevictable:       99496 kB
Mlocked:           94212 kB
SwapTotal:        520908 kB
SwapFree:         369084 kB
Dirty:             57880 kB
Writeback:             0 kB
AnonPages:        131832 kB
Mapped:           807076 kB
Shmem:               616 kB
Slab:              88328 kB
SReclaimable:      35308 kB
SUnreclaim:        53020 kB
KernelStack:       15264 kB
PageTables:        14672 kB
NFS_Unstable:          0 kB
Bounce:                0 kB
WritebackTmp:          0 kB
CommitLimit:     1450072 kB
Committed_AS:   24209068 kB
VmallocTotal:   251658176 kB
VmallocUsed:       97576 kB
VmallocChunk:   251482716 kB


[2024-11-19 20:09:16]
MemTotal:        1858332 kB
MemFree:          138480 kB
Buffers:            1064 kB
Cached:          1208540 kB
SwapCached:        16484 kB
Active:           631728 kB
Inactive:         610540 kB
Active(anon):      77152 kB
Inactive(anon):    55688 kB
Active(file):     554576 kB
Inactive(file):   554852 kB
Unevictable:       99496 kB
Mlocked:           94212 kB
SwapTotal:        520908 kB
SwapFree:         368864 kB
Dirty:             60368 kB
Writeback:             0 kB
AnonPages:        131452 kB
Mapped:           842748 kB
Shmem:               616 kB
Slab:              87388 kB
SReclaimable:      34432 kB
SUnreclaim:        52956 kB
KernelStack:       15264 kB
PageTables:        14744 kB
NFS_Unstable:          0 kB
Bounce:                0 kB
WritebackTmp:          0 kB
CommitLimit:     1450072 kB
Committed_AS:   24209296 kB
VmallocTotal:   251658176 kB
VmallocUsed:       97576 kB
VmallocChunk:   251482716 kB


[2024-11-19 20:09:18]
MemTotal:        1858332 kB
MemFree:          137268 kB
Buffers:             888 kB
Cached:          1210596 kB
SwapCached:        16480 kB
Active:           632428 kB
Inactive:         611980 kB
Active(anon):      77776 kB
Inactive(anon):    55212 kB
Active(file):     554652 kB
Inactive(file):   556768 kB
Unevictable:       99496 kB
Mlocked:           94212 kB
SwapTotal:        520908 kB
SwapFree:         368748 kB
Dirty:              6064 kB
Writeback:             0 kB
AnonPages:        131256 kB
Mapped:           869888 kB
Shmem:               616 kB
Slab:              87004 kB
SReclaimable:      34048 kB
SUnreclaim:        52956 kB
KernelStack:       15264 kB
PageTables:        14808 kB
NFS_Unstable:          0 kB
Bounce:                0 kB
WritebackTmp:          0 kB
CommitLimit:     1450072 kB
Committed_AS:   24209296 kB
VmallocTotal:   251658176 kB
VmallocUsed:       97576 kB
VmallocChunk:   251482716 kB


[2024-11-19 20:09:20]
MemTotal:        1858332 kB
MemFree:          138300 kB
Buffers:             880 kB
Cached:          1209932 kB
SwapCached:        16480 kB
Active:           633364 kB
Inactive:         610156 kB
Active(anon):      78380 kB
Inactive(anon):    54492 kB
Active(file):     554984 kB
Inactive(file):   555664 kB
Unevictable:       99496 kB
Mlocked:           94212 kB
SwapTotal:        520908 kB
SwapFree:         368668 kB
Dirty:             59184 kB
Writeback:             0 kB
AnonPages:        131412 kB
Mapped:           909092 kB
Shmem:               616 kB
Slab:              86092 kB
SReclaimable:      33096 kB
SUnreclaim:        52996 kB
KernelStack:       15264 kB
PageTables:        14872 kB
NFS_Unstable:          0 kB
Bounce:                0 kB
WritebackTmp:          0 kB
CommitLimit:     1450072 kB
Committed_AS:   24209240 kB
VmallocTotal:   251658176 kB
VmallocUsed:       97576 kB
VmallocChunk:   251482716 kB


[2024-11-19 20:09:22]
MemTotal:        1858332 kB
MemFree:          138188 kB
Buffers:             148 kB
Cached:          1210428 kB
SwapCached:        16480 kB
Active:           633992 kB
Inactive:         609416 kB
Active(anon):      79192 kB
Inactive(anon):    53880 kB
Active(file):     554800 kB
Inactive(file):   555536 kB
Unevictable:       99496 kB
Mlocked:           94212 kB
SwapTotal:        520908 kB
SwapFree:         368596 kB
Dirty:             54620 kB
Writeback:          6608 kB
AnonPages:        131592 kB
Mapped:           922716 kB
Shmem:               616 kB
Slab:              85748 kB
SReclaimable:      32816 kB
SUnreclaim:        52932 kB
KernelStack:       15264 kB
PageTables:        14932 kB
NFS_Unstable:          0 kB
Bounce:                0 kB
WritebackTmp:          0 kB
CommitLimit:     1450072 kB
Committed_AS:   24209204 kB
VmallocTotal:   251658176 kB
VmallocUsed:       97576 kB
VmallocChunk:   251482716 kB


[2024-11-19 20:09:24]
MemTotal:        1858332 kB
MemFree:          138744 kB
Buffers:             148 kB
Cached:          1210428 kB
SwapCached:        16476 kB
Active:           634900 kB
Inactive:         608888 kB
Active(anon):      79768 kB
Inactive(anon):    53556 kB
Active(file):     555132 kB
Inactive(file):   555332 kB
Unevictable:       99496 kB
Mlocked:           94212 kB
SwapTotal:        520908 kB
SwapFree:         368584 kB
Dirty:             27672 kB
Writeback:             0 kB
AnonPages:        131768 kB
Mapped:           916748 kB
Shmem:               616 kB
Slab:              85752 kB
SReclaimable:      32760 kB
SUnreclaim:        52992 kB
KernelStack:       15296 kB
PageTables:        15036 kB
NFS_Unstable:          0 kB
Bounce:                0 kB
WritebackTmp:          0 kB
CommitLimit:     1450072 kB
Committed_AS:   24209092 kB
VmallocTotal:   251658176 kB
VmallocUsed:       97576 kB
VmallocChunk:   251482716 kB


[2024-11-19 20:09:26]
MemTotal:        1858332 kB
MemFree:          138316 kB
Buffers:             140 kB
Cached:          1211316 kB
SwapCached:        16448 kB
Active:           634684 kB
Inactive:         609580 kB
Active(anon):      79528 kB
Inactive(anon):    53364 kB
Active(file):     555156 kB
Inactive(file):   556216 kB
Unevictable:       99496 kB
Mlocked:           94212 kB
SwapTotal:        520908 kB
SwapFree:         368520 kB
Dirty:             59560 kB
Writeback:             0 kB
AnonPages:        131132 kB
Mapped:           913748 kB
Shmem:               616 kB
Slab:              85892 kB
SReclaimable:      32908 kB
SUnreclaim:        52984 kB
KernelStack:       15264 kB
PageTables:        15004 kB
NFS_Unstable:          0 kB
Bounce:                0 kB
WritebackTmp:          0 kB
CommitLimit:     1450072 kB
Committed_AS:   24208960 kB
VmallocTotal:   251658176 kB
VmallocUsed:       97576 kB
VmallocChunk:   251482716 kB


[2024-11-19 20:09:28]
MemTotal:        1858332 kB
MemFree:          137972 kB
Buffers:             152 kB
Cached:          1210420 kB
SwapCached:        16448 kB
Active:           634892 kB
Inactive:         609028 kB
Active(anon):      80000 kB
Inactive(anon):    53260 kB
Active(file):     554892 kB
Inactive(file):   555768 kB
Unevictable:       99496 kB
Mlocked:           94212 kB
SwapTotal:        520908 kB
SwapFree:         368524 kB
Dirty:              3472 kB
Writeback:             0 kB
AnonPages:        131696 kB
Mapped:           911456 kB
Shmem:               616 kB
Slab:              85872 kB
SReclaimable:      32968 kB
SUnreclaim:        52904 kB
KernelStack:       15264 kB
PageTables:        15040 kB
NFS_Unstable:          0 kB
Bounce:                0 kB
WritebackTmp:          0 kB
CommitLimit:     1450072 kB
Committed_AS:   24209044 kB
VmallocTotal:   251658176 kB
VmallocUsed:       97576 kB
VmallocChunk:   251482716 kB


[2024-11-19 20:09:30]
MemTotal:        1858332 kB
MemFree:          136504 kB
Buffers:             152 kB
Cached:          1211784 kB
SwapCached:        16448 kB
Active:           636140 kB
Inactive:         609516 kB
Active(anon):      80864 kB
Inactive(anon):    53112 kB
Active(file):     555276 kB
Inactive(file):   556404 kB
Unevictable:       99496 kB
Mlocked:           94212 kB
SwapTotal:        520908 kB
SwapFree:         368492 kB
Dirty:             33712 kB
Writeback:             0 kB
AnonPages:        132236 kB
Mapped:           907948 kB
Shmem:               616 kB
Slab:              85940 kB
SReclaimable:      32996 kB
SUnreclaim:        52944 kB
KernelStack:       15264 kB
PageTables:        15064 kB
NFS_Unstable:          0 kB
Bounce:                0 kB
WritebackTmp:          0 kB
CommitLimit:     1450072 kB
Committed_AS:   24209136 kB
VmallocTotal:   251658176 kB
VmallocUsed:       97576 kB
VmallocChunk:   251482716 kB


[2024-11-19 20:09:32]
MemTotal:        1858332 kB
MemFree:          137944 kB
Buffers:             160 kB
Cached:          1210640 kB
SwapCached:        16448 kB
Active:           635924 kB
Inactive:         608772 kB
Active(anon):      80900 kB
Inactive(anon):    52984 kB
Active(file):     555024 kB
Inactive(file):   555788 kB
Unevictable:       99496 kB
Mlocked:           94212 kB
SwapTotal:        520908 kB
SwapFree:         368380 kB
Dirty:             57180 kB
Writeback:             0 kB
AnonPages:        132148 kB
Mapped:           906088 kB
Shmem:               616 kB
Slab:              86052 kB
SReclaimable:      33108 kB
SUnreclaim:        52944 kB
KernelStack:       15264 kB
PageTables:        15084 kB
NFS_Unstable:          0 kB
Bounce:                0 kB
WritebackTmp:          0 kB
CommitLimit:     1450072 kB
Committed_AS:   24209088 kB
VmallocTotal:   251658176 kB
VmallocUsed:       97576 kB
VmallocChunk:   251482716 kB


[2024-11-19 20:09:34]
MemTotal:        1858332 kB
MemFree:          139992 kB
Buffers:             160 kB
Cached:          1208416 kB
SwapCached:        16444 kB
Active:           634328 kB
Inactive:         607860 kB
Active(anon):      80700 kB
Inactive(anon):    52888 kB
Active(file):     553628 kB
Inactive(file):   554972 kB
Unevictable:       99496 kB
Mlocked:           94212 kB
SwapTotal:        520908 kB
SwapFree:         368360 kB
Dirty:             20672 kB
Writeback:             0 kB
AnonPages:        131980 kB
Mapped:           902132 kB
Shmem:               616 kB
Slab:              86112 kB
SReclaimable:      33108 kB
SUnreclaim:        53004 kB
KernelStack:       15264 kB
PageTables:        15104 kB
NFS_Unstable:          0 kB
Bounce:                0 kB
WritebackTmp:          0 kB
CommitLimit:     1450072 kB
Committed_AS:   24209112 kB
VmallocTotal:   251658176 kB
VmallocUsed:       97576 kB
VmallocChunk:   251482716 kB


[2024-11-19 20:09:36]
MemTotal:        1858332 kB
MemFree:          137296 kB
Buffers:             168 kB
Cached:          1210428 kB
SwapCached:        16444 kB
Active:           636472 kB
Inactive:         608260 kB
Active(anon):      81540 kB
Inactive(anon):    52708 kB
Active(file):     554932 kB
Inactive(file):   555552 kB
Unevictable:       99496 kB
Mlocked:           94212 kB
SwapTotal:        520908 kB
SwapFree:         368336 kB
Dirty:             55352 kB
Writeback:             0 kB
AnonPages:        132480 kB
Mapped:           898684 kB
Shmem:               616 kB
Slab:              86168 kB
SReclaimable:      33164 kB
SUnreclaim:        53004 kB
KernelStack:       15264 kB
PageTables:        15128 kB
NFS_Unstable:          0 kB
Bounce:                0 kB
WritebackTmp:          0 kB
CommitLimit:     1450072 kB
Committed_AS:   24209024 kB
VmallocTotal:   251658176 kB
VmallocUsed:       97576 kB
VmallocChunk:   251482716 kB


[2024-11-19 20:09:38]
MemTotal:        1858332 kB
MemFree:          136796 kB
Buffers:             172 kB
Cached:          1211044 kB
SwapCached:        16444 kB
Active:           636192 kB
Inactive:         609012 kB
Active(anon):      81452 kB
Inactive(anon):    52588 kB
Active(file):     554740 kB
Inactive(file):   556424 kB
Unevictable:       99496 kB
Mlocked:           94212 kB
SwapTotal:        520908 kB
SwapFree:         368316 kB
Dirty:              5760 kB
Writeback:           112 kB
AnonPages:        132292 kB
Mapped:           896364 kB
Shmem:               616 kB
Slab:              86248 kB
SReclaimable:      33220 kB
SUnreclaim:        53028 kB
KernelStack:       15264 kB
PageTables:        15148 kB
NFS_Unstable:          0 kB
Bounce:                0 kB
WritebackTmp:          0 kB
CommitLimit:     1450072 kB
Committed_AS:   24208976 kB
VmallocTotal:   251658176 kB
VmallocUsed:       97576 kB
VmallocChunk:   251482716 kB


[2024-11-19 20:09:41]
MemTotal:        1858332 kB
MemFree:          137036 kB
Buffers:             644 kB
Cached:          1208256 kB
SwapCached:        16444 kB
Active:           640616 kB
Inactive:         603968 kB
Active(anon):      83332 kB
Inactive(anon):    52432 kB
Active(file):     557284 kB
Inactive(file):   551536 kB
Unevictable:       99496 kB
Mlocked:           94212 kB
SwapTotal:        520908 kB
SwapFree:         368236 kB
Dirty:             18236 kB
Writeback:             0 kB
AnonPages:        134168 kB
Mapped:           890756 kB
Shmem:               616 kB
Slab:              86068 kB
SReclaimable:      33064 kB
SUnreclaim:        53004 kB
KernelStack:       15280 kB
PageTables:        15164 kB
NFS_Unstable:          0 kB
Bounce:                0 kB
WritebackTmp:          0 kB
CommitLimit:     1450072 kB
Committed_AS:   24219028 kB
VmallocTotal:   251658176 kB
VmallocUsed:       97588 kB
VmallocChunk:   251482716 kB


[2024-11-19 20:09:43]
MemTotal:        1858332 kB
MemFree:           99704 kB
Buffers:             652 kB
Cached:          1208120 kB
SwapCached:        16444 kB
Active:           675560 kB
Inactive:         606748 kB
Active(anon):     121204 kB
Inactive(anon):    52404 kB
Active(file):     554356 kB
Inactive(file):   554344 kB
Unevictable:       99496 kB
Mlocked:           94212 kB
SwapTotal:        520908 kB
SwapFree:         368228 kB
Dirty:             18236 kB
Writeback:             0 kB
AnonPages:        172412 kB
Mapped:           890936 kB
Shmem:               616 kB
Slab:              85952 kB
SReclaimable:      32948 kB
SUnreclaim:        53004 kB
KernelStack:       15408 kB
PageTables:        15292 kB
NFS_Unstable:          0 kB
Bounce:                0 kB
WritebackTmp:          0 kB
CommitLimit:     1450072 kB
Committed_AS:   24313240 kB
VmallocTotal:   251658176 kB
VmallocUsed:       97588 kB
VmallocChunk:   251482716 kB


[2024-11-19 20:09:45]
MemTotal:        1858332 kB
MemFree:           54488 kB
Buffers:             644 kB
Cached:          1197816 kB
SwapCached:        16444 kB
Active:           720224 kB
Inactive:         606816 kB
Active(anon):     171728 kB
Inactive(anon):    56600 kB
Active(file):     548496 kB
Inactive(file):   550216 kB
Unevictable:       99496 kB
Mlocked:           94212 kB
SwapTotal:        520908 kB
SwapFree:         368144 kB
Dirty:                20 kB
Writeback:             0 kB
AnonPages:        227156 kB
Mapped:           882160 kB
Shmem:               616 kB
Slab:              85672 kB
SReclaimable:      32700 kB
SUnreclaim:        52972 kB
KernelStack:       15408 kB
PageTables:        15360 kB
NFS_Unstable:          0 kB
Bounce:                0 kB
WritebackTmp:          0 kB
CommitLimit:     1450072 kB
Committed_AS:   25119912 kB
VmallocTotal:   251658176 kB
VmallocUsed:       97588 kB
VmallocChunk:   251482716 kB


[2024-11-19 20:09:47]
MemTotal:        1858332 kB
MemFree:           35204 kB
Buffers:             176 kB
Cached:           682316 kB
SwapCached:        16068 kB
Active:           868028 kB
Inactive:         483612 kB
Active(anon):     576892 kB
Inactive(anon):   192312 kB
Active(file):     291136 kB
Inactive(file):   291300 kB
Unevictable:       99496 kB
Mlocked:           94212 kB
SwapTotal:        520908 kB
SwapFree:         366504 kB
Dirty:                20 kB
Writeback:             0 kB
AnonPages:        767824 kB
Mapped:           319352 kB
Shmem:               616 kB
Slab:              78820 kB
SReclaimable:      25844 kB
SUnreclaim:        52976 kB
KernelStack:       15408 kB
PageTables:        16360 kB
NFS_Unstable:          0 kB
Bounce:                0 kB
WritebackTmp:          0 kB
CommitLimit:     1450072 kB
Committed_AS:   25119800 kB
VmallocTotal:   251658176 kB
VmallocUsed:       97588 kB
VmallocChunk:   251482716 kB


[2024-11-19 20:09:49]
MemTotal:        1858332 kB
MemFree:           34124 kB
Buffers:             108 kB
Cached:           226072 kB
SwapCached:        16064 kB
Active:           999172 kB
Inactive:         354800 kB
Active(anon):     936564 kB
Inactive(anon):   291428 kB
Active(file):      62608 kB
Inactive(file):    63372 kB
Unevictable:       99496 kB
Mlocked:           94212 kB
SwapTotal:        520908 kB
SwapFree:         366204 kB
Dirty:                16 kB
Writeback:             0 kB
AnonPages:       1226388 kB
Mapped:           108776 kB
Shmem:               564 kB
Slab:              77836 kB
SReclaimable:      24976 kB
SUnreclaim:        52860 kB
KernelStack:       15312 kB
PageTables:        16800 kB
NFS_Unstable:          0 kB
Bounce:                0 kB
WritebackTmp:          0 kB
CommitLimit:     1450072 kB
Committed_AS:   24106300 kB
VmallocTotal:   251658176 kB
VmallocUsed:       96568 kB
VmallocChunk:   251482716 kB


[2024-11-19 20:09:51]
MemTotal:        1858332 kB
MemFree:           33196 kB
Buffers:             108 kB
Cached:           209092 kB
SwapCached:        16064 kB
Active:           991148 kB
Inactive:         364040 kB
Active(anon):     936540 kB
Inactive(anon):   309360 kB
Active(file):      54608 kB
Inactive(file):    54680 kB
Unevictable:       99496 kB
Mlocked:           94212 kB
SwapTotal:        520908 kB
SwapFree:         366176 kB
Dirty:                16 kB
Writeback:             0 kB
AnonPages:       1244480 kB
Mapped:           110580 kB
Shmem:               564 kB
Slab:              77772 kB
SReclaimable:      24912 kB
SUnreclaim:        52860 kB
KernelStack:       15312 kB
PageTables:        16844 kB
NFS_Unstable:          0 kB
Bounce:                0 kB
WritebackTmp:          0 kB
CommitLimit:     1450072 kB
Committed_AS:   24107900 kB
VmallocTotal:   251658176 kB
VmallocUsed:       96568 kB
VmallocChunk:   251482716 kB


[2024-11-19 20:09:53]
MemTotal:        1858332 kB
MemFree:           32156 kB
Buffers:             148 kB
Cached:           211448 kB
SwapCached:        16168 kB
Active:           987356 kB
Inactive:         368672 kB
Active(anon):     933528 kB
Inactive(anon):   310992 kB
Active(file):      53828 kB
Inactive(file):    57680 kB
Unevictable:       99496 kB
Mlocked:           94212 kB
SwapTotal:        520908 kB
SwapFree:         366228 kB
Dirty:                16 kB
Writeback:             0 kB
AnonPages:       1242708 kB
Mapped:           111428 kB
Shmem:               564 kB
Slab:              77772 kB
SReclaimable:      24912 kB
SUnreclaim:        52860 kB
KernelStack:       15312 kB
PageTables:        16844 kB
NFS_Unstable:          0 kB
Bounce:                0 kB
WritebackTmp:          0 kB
CommitLimit:     1450072 kB
Committed_AS:   24107704 kB
VmallocTotal:   251658176 kB
VmallocUsed:       95548 kB
VmallocChunk:   251482716 kB


[2024-11-19 20:09:56]
MemTotal:        1858332 kB
MemFree:           34688 kB
Buffers:             144 kB
Cached:           211972 kB
SwapCached:        16164 kB
Active:           985456 kB
Inactive:         369016 kB
Active(anon):     931952 kB
Inactive(anon):   310392 kB
Active(file):      53504 kB
Inactive(file):    58624 kB
Unevictable:       99496 kB
Mlocked:           94212 kB
SwapTotal:        520908 kB
SwapFree:         366200 kB
Dirty:                 0 kB
Writeback:             0 kB
AnonPages:       1240668 kB
Mapped:           113940 kB
Shmem:               612 kB
Slab:              77812 kB
SReclaimable:      24912 kB
SUnreclaim:        52900 kB
KernelStack:       15312 kB
PageTables:        16844 kB
NFS_Unstable:          0 kB
Bounce:                0 kB
WritebackTmp:          0 kB
CommitLimit:     1450072 kB
Committed_AS:   24107776 kB
VmallocTotal:   251658176 kB
VmallocUsed:       96568 kB
VmallocChunk:   251482716 kB


[2024-11-19 20:09:58]
MemTotal:        1858332 kB
MemFree:           34444 kB
Buffers:             116 kB
Cached:           212272 kB
SwapCached:        16172 kB
Active:           986976 kB
Inactive:         367372 kB
Active(anon):     931768 kB
Inactive(anon):   310320 kB
Active(file):      55208 kB
Inactive(file):    57052 kB
Unevictable:       99496 kB
Mlocked:           94212 kB
SwapTotal:        520908 kB
SwapFree:         365556 kB
Dirty:                 0 kB
Writeback:             0 kB
AnonPages:       1240444 kB
Mapped:           116180 kB
Shmem:               612 kB
Slab:              77816 kB
SReclaimable:      24912 kB
SUnreclaim:        52904 kB
KernelStack:       15312 kB
PageTables:        16844 kB
NFS_Unstable:          0 kB
Bounce:                0 kB
WritebackTmp:          0 kB
CommitLimit:     1450072 kB
Committed_AS:   24107804 kB
VmallocTotal:   251658176 kB
VmallocUsed:       96568 kB
VmallocChunk:   251482716 kB


[2024-11-19 20:10:00]
MemTotal:        1858332 kB
MemFree:           35176 kB
Buffers:             116 kB
Cached:           211148 kB
SwapCached:        16172 kB
Active:           986888 kB
Inactive:         366356 kB
Active(anon):     931588 kB
Inactive(anon):   310320 kB
Active(file):      55300 kB
Inactive(file):    56036 kB
Unevictable:       99496 kB
Mlocked:           94212 kB
SwapTotal:        520908 kB
SwapFree:         365556 kB
Dirty:                 0 kB
Writeback:             0 kB
AnonPages:       1240324 kB
Mapped:           116268 kB
Shmem:               612 kB
Slab:              77816 kB
SReclaimable:      24912 kB
SUnreclaim:        52904 kB
KernelStack:       15312 kB
PageTables:        16844 kB
NFS_Unstable:          0 kB
Bounce:                0 kB
WritebackTmp:          0 kB
CommitLimit:     1450072 kB
Committed_AS:   24107956 kB
VmallocTotal:   251658176 kB
VmallocUsed:       96568 kB
VmallocChunk:   251482716 kB


[2024-11-19 20:10:03]
MemTotal:        1858332 kB
MemFree:           34100 kB
Buffers:              88 kB
Cached:           212376 kB
SwapCached:        16176 kB
Active:           986660 kB
Inactive:         367868 kB
Active(anon):     931872 kB
Inactive(anon):   310124 kB
Active(file):      54788 kB
Inactive(file):    57744 kB
Unevictable:       99496 kB
Mlocked:           94212 kB
SwapTotal:        520908 kB
SwapFree:         365656 kB
Dirty:                 0 kB
Writeback:             0 kB
AnonPages:       1240340 kB
Mapped:           116516 kB
Shmem:               612 kB
Slab:              77752 kB
SReclaimable:      24880 kB
SUnreclaim:        52872 kB
KernelStack:       15312 kB
PageTables:        16844 kB
NFS_Unstable:          0 kB
Bounce:                0 kB
WritebackTmp:          0 kB
CommitLimit:     1450072 kB
Committed_AS:   24107916 kB
VmallocTotal:   251658176 kB
VmallocUsed:       96568 kB
VmallocChunk:   251482716 kB


[2024-11-19 20:10:05]
MemTotal:        1858332 kB
MemFree:           35568 kB
Buffers:              88 kB
Cached:           210576 kB
SwapCached:        16176 kB
Active:           986952 kB
Inactive:         366000 kB
Active(anon):     931784 kB
Inactive(anon):   310380 kB
Active(file):      55168 kB
Inactive(file):    55620 kB
Unevictable:       99496 kB
Mlocked:           94212 kB
SwapTotal:        520908 kB
SwapFree:         365656 kB
Dirty:                 0 kB
Writeback:             0 kB
AnonPages:       1240508 kB
Mapped:           116628 kB
Shmem:               612 kB
Slab:              77752 kB
SReclaimable:      24880 kB
SUnreclaim:        52872 kB
KernelStack:       15312 kB
PageTables:        16848 kB
NFS_Unstable:          0 kB
Bounce:                0 kB
WritebackTmp:          0 kB
CommitLimit:     1450072 kB
Committed_AS:   24107884 kB
VmallocTotal:   251658176 kB
VmallocUsed:       96568 kB
VmallocChunk:   251482716 kB


[2024-11-19 20:10:07]
MemTotal:        1858332 kB
MemFree:           35844 kB
Buffers:              88 kB
Cached:           210484 kB
SwapCached:        16180 kB
Active:           987252 kB
Inactive:         365924 kB
Active(anon):     932032 kB
Inactive(anon):   310524 kB
Active(file):      55220 kB
Inactive(file):    55400 kB
Unevictable:       99496 kB
Mlocked:           94212 kB
SwapTotal:        520908 kB
SwapFree:         365684 kB
Dirty:                 0 kB
Writeback:             0 kB
AnonPages:       1240724 kB
Mapped:           116676 kB
Shmem:               612 kB
Slab:              77808 kB
SReclaimable:      24880 kB
SUnreclaim:        52928 kB
KernelStack:       15312 kB
PageTables:        16848 kB
NFS_Unstable:          0 kB
Bounce:                0 kB
WritebackTmp:          0 kB
CommitLimit:     1450072 kB
Committed_AS:   24107852 kB
VmallocTotal:   251658176 kB
VmallocUsed:       96568 kB
VmallocChunk:   251482716 kB


[2024-11-19 20:10:10]
MemTotal:        1858332 kB
MemFree:           35032 kB
Buffers:              88 kB
Cached:           210420 kB
SwapCached:        16180 kB
Active:           987572 kB
Inactive:         365892 kB
Active(anon):     932348 kB
Inactive(anon):   310460 kB
Active(file):      55224 kB
Inactive(file):    55432 kB
Unevictable:       99496 kB
Mlocked:           94212 kB
SwapTotal:        520908 kB
SwapFree:         365684 kB
Dirty:                 0 kB
Writeback:             0 kB
AnonPages:       1240992 kB
Mapped:           116684 kB
Shmem:               612 kB
Slab:              77808 kB
SReclaimable:      24880 kB
SUnreclaim:        52928 kB
KernelStack:       15312 kB
PageTables:        16848 kB
NFS_Unstable:          0 kB
Bounce:                0 kB
WritebackTmp:          0 kB
CommitLimit:     1450072 kB
Committed_AS:   24107976 kB
VmallocTotal:   251658176 kB
VmallocUsed:       96568 kB
VmallocChunk:   251482716 kB


[2024-11-19 20:10:12]
MemTotal:        1858332 kB
MemFree:           34268 kB
Buffers:              88 kB
Cached:           211524 kB
SwapCached:        16180 kB
Active:           987540 kB
Inactive:         366884 kB
Active(anon):     932316 kB
Inactive(anon):   310460 kB
Active(file):      55224 kB
Inactive(file):    56424 kB
Unevictable:       99496 kB
Mlocked:           94212 kB
SwapTotal:        520908 kB
SwapFree:         365704 kB
Dirty:                 0 kB
Writeback:             0 kB
AnonPages:       1241076 kB
Mapped:           116708 kB
Shmem:               612 kB
Slab:              77808 kB
SReclaimable:      24880 kB
SUnreclaim:        52928 kB
KernelStack:       15344 kB
PageTables:        16872 kB
NFS_Unstable:          0 kB
Bounce:                0 kB
WritebackTmp:          0 kB
CommitLimit:     1450072 kB
Committed_AS:   24107980 kB
VmallocTotal:   251658176 kB
VmallocUsed:       96568 kB
VmallocChunk:   251482716 kB


[2024-11-19 20:10:14]
MemTotal:        1858332 kB
MemFree:           33460 kB
Buffers:              88 kB
Cached:           211808 kB
SwapCached:        16180 kB
Active:           987796 kB
Inactive:         367184 kB
Active(anon):     932572 kB
Inactive(anon):   310408 kB
Active(file):      55224 kB
Inactive(file):    56776 kB
Unevictable:       99496 kB
Mlocked:           94212 kB
SwapTotal:        520908 kB
SwapFree:         365704 kB
Dirty:                 0 kB
Writeback:             0 kB
AnonPages:       1241324 kB
Mapped:           116720 kB
Shmem:               612 kB
Slab:              77808 kB
SReclaimable:      24880 kB
SUnreclaim:        52928 kB
KernelStack:       15280 kB
PageTables:        16848 kB
NFS_Unstable:          0 kB
Bounce:                0 kB
WritebackTmp:          0 kB
CommitLimit:     1450072 kB
Committed_AS:   24107908 kB
VmallocTotal:   251658176 kB
VmallocUsed:       96568 kB
VmallocChunk:   251482716 kB


[2024-11-19 20:10:16]
MemTotal:        1858332 kB
MemFree:           32168 kB
Buffers:              88 kB
Cached:           209780 kB
SwapCached:        16180 kB
Active:           987916 kB
Inactive:         368852 kB
Active(anon):     934960 kB
Inactive(anon):   311912 kB
Active(file):      52956 kB
Inactive(file):    56940 kB
Unevictable:       99496 kB
Mlocked:           94212 kB
SwapTotal:        520908 kB
SwapFree:         365700 kB
Dirty:                 0 kB
Writeback:             0 kB
AnonPages:       1245348 kB
Mapped:           117100 kB
Shmem:               612 kB
Slab:              77808 kB
SReclaimable:      24880 kB
SUnreclaim:        52928 kB
KernelStack:       15280 kB
PageTables:        16860 kB
NFS_Unstable:          0 kB
Bounce:                0 kB
WritebackTmp:          0 kB
CommitLimit:     1450072 kB
Committed_AS:   24109468 kB
VmallocTotal:   251658176 kB
VmallocUsed:       96568 kB
VmallocChunk:   251482716 kB


[2024-11-19 20:10:18]
MemTotal:        1858332 kB
MemFree:           33000 kB
Buffers:              96 kB
Cached:           208052 kB
SwapCached:        16176 kB
Active:           989196 kB
Inactive:         366424 kB
Active(anon):     935572 kB
Inactive(anon):   311752 kB
Active(file):      53624 kB
Inactive(file):    54672 kB
Unevictable:       99496 kB
Mlocked:           94212 kB
SwapTotal:        520908 kB
SwapFree:         365692 kB
Dirty:                 0 kB
Writeback:             0 kB
AnonPages:       1245528 kB
Mapped:           118340 kB
Shmem:               612 kB
Slab:              77724 kB
SReclaimable:      24880 kB
SUnreclaim:        52844 kB
KernelStack:       15280 kB
PageTables:        16860 kB
NFS_Unstable:          0 kB
Bounce:                0 kB
WritebackTmp:          0 kB
CommitLimit:     1450072 kB
Committed_AS:   24109408 kB
VmallocTotal:   251658176 kB
VmallocUsed:       96568 kB
VmallocChunk:   251482716 kB


[2024-11-19 20:10:20]
MemTotal:        1858332 kB
MemFree:           33076 kB
Buffers:              96 kB
Cached:           208148 kB
SwapCached:        16176 kB
Active:           989136 kB
Inactive:         366520 kB
Active(anon):     935512 kB
Inactive(anon):   311752 kB
Active(file):      53624 kB
Inactive(file):    54768 kB
Unevictable:       99496 kB
Mlocked:           94212 kB
SwapTotal:        520908 kB
SwapFree:         365692 kB
Dirty:                 0 kB
Writeback:             0 kB
AnonPages:       1245580 kB
Mapped:           118356 kB
Shmem:               612 kB
Slab:              77724 kB
SReclaimable:      24880 kB
SUnreclaim:        52844 kB
KernelStack:       15280 kB
PageTables:        16860 kB
NFS_Unstable:          0 kB
Bounce:                0 kB
WritebackTmp:          0 kB
CommitLimit:     1450072 kB
Committed_AS:   24109524 kB
VmallocTotal:   251658176 kB
VmallocUsed:       96568 kB
VmallocChunk:   251482716 kB


[2024-11-19 20:10:23]
MemTotal:        1858332 kB
MemFree:           33408 kB
Buffers:              96 kB
Cached:           208484 kB
SwapCached:        16176 kB
Active:           989812 kB
Inactive:         365580 kB
Active(anon):     936188 kB
Inactive(anon):   310476 kB
Active(file):      53624 kB
Inactive(file):    55104 kB
Unevictable:       99496 kB
Mlocked:           94212 kB
SwapTotal:        520908 kB
SwapFree:         365708 kB
Dirty:                 0 kB
Writeback:             0 kB
AnonPages:       1245096 kB
Mapped:           118432 kB
Shmem:               612 kB
Slab:              77724 kB
SReclaimable:      24880 kB
SUnreclaim:        52844 kB
KernelStack:       15280 kB
PageTables:        16860 kB
NFS_Unstable:          0 kB
Bounce:                0 kB
WritebackTmp:          0 kB
CommitLimit:     1450072 kB
Committed_AS:   24109512 kB
VmallocTotal:   251658176 kB
VmallocUsed:       96568 kB
VmallocChunk:   251482716 kB


[2024-11-19 20:10:25]
MemTotal:        1858332 kB
MemFree:           33620 kB
Buffers:              96 kB
Cached:           209132 kB
SwapCached:        16192 kB
Active:           989872 kB
Inactive:         366252 kB
Active(anon):     936248 kB
Inactive(anon):   310500 kB
Active(file):      53624 kB
Inactive(file):    55752 kB
Unevictable:       99496 kB
Mlocked:           94212 kB
SwapTotal:        520908 kB
SwapFree:         365720 kB
Dirty:                 0 kB
Writeback:             0 kB
AnonPages:       1245212 kB
Mapped:           118360 kB
Shmem:               612 kB
Slab:              77544 kB
SReclaimable:      24748 kB
SUnreclaim:        52796 kB
KernelStack:       15312 kB
PageTables:        16892 kB
NFS_Unstable:          0 kB
Bounce:                0 kB
WritebackTmp:          0 kB
CommitLimit:     1450072 kB
Committed_AS:   24109316 kB
VmallocTotal:   251658176 kB
VmallocUsed:       96568 kB
VmallocChunk:   251482716 kB


[2024-11-19 20:10:28]
MemTotal:        1858332 kB
MemFree:           37232 kB
Buffers:              96 kB
Cached:           205356 kB
SwapCached:        16192 kB
Active:           987516 kB
Inactive:         364524 kB
Active(anon):     934888 kB
Inactive(anon):   311592 kB
Active(file):      52628 kB
Inactive(file):    52932 kB
Unevictable:       99496 kB
Mlocked:           94212 kB
SwapTotal:        520908 kB
SwapFree:         365716 kB
Dirty:                 0 kB
Writeback:             0 kB
AnonPages:       1244752 kB
Mapped:           118584 kB
Shmem:               612 kB
Slab:              77544 kB
SReclaimable:      24748 kB
SUnreclaim:        52796 kB
KernelStack:       15312 kB
PageTables:        16876 kB
NFS_Unstable:          0 kB
Bounce:                0 kB
WritebackTmp:          0 kB
CommitLimit:     1450072 kB
Committed_AS:   24109372 kB
VmallocTotal:   251658176 kB
VmallocUsed:       96568 kB
VmallocChunk:   251482716 kB


[2024-11-19 20:10:30]
MemTotal:        1858332 kB
MemFree:           35616 kB
Buffers:              96 kB
Cached:           207140 kB
SwapCached:        16192 kB
Active:           987696 kB
Inactive:         366292 kB
Active(anon):     935148 kB
Inactive(anon):   311592 kB
Active(file):      52548 kB
Inactive(file):    54700 kB
Unevictable:       99496 kB
Mlocked:           94212 kB
SwapTotal:        520908 kB
SwapFree:         365720 kB
Dirty:                 0 kB
Writeback:             0 kB
AnonPages:       1244976 kB
Mapped:           118804 kB
Shmem:               612 kB
Slab:              77544 kB
SReclaimable:      24748 kB
SUnreclaim:        52796 kB
KernelStack:       15280 kB
PageTables:        16860 kB
NFS_Unstable:          0 kB
Bounce:                0 kB
WritebackTmp:          0 kB
CommitLimit:     1450072 kB
Committed_AS:   24109296 kB
VmallocTotal:   251658176 kB
VmallocUsed:       96568 kB
VmallocChunk:   251482716 kB


[2024-11-19 20:10:33]
MemTotal:        1858332 kB
MemFree:           35240 kB
Buffers:              96 kB
Cached:           207116 kB
SwapCached:        16192 kB
Active:           988104 kB
Inactive:         366404 kB
Active(anon):     935556 kB
Inactive(anon):   311592 kB
Active(file):      52548 kB
Inactive(file):    54812 kB
Unevictable:       99496 kB
Mlocked:           94212 kB
SwapTotal:        520908 kB
SwapFree:         365720 kB
Dirty:                 0 kB
Writeback:             0 kB
AnonPages:       1245440 kB
Mapped:           118824 kB
Shmem:               612 kB
Slab:              77544 kB
SReclaimable:      24748 kB
SUnreclaim:        52796 kB
KernelStack:       15312 kB
PageTables:        16868 kB
NFS_Unstable:          0 kB
Bounce:                0 kB
WritebackTmp:          0 kB
CommitLimit:     1450072 kB
Committed_AS:   24109536 kB
VmallocTotal:   251658176 kB
VmallocUsed:       96568 kB
VmallocChunk:   251482716 kB


[2024-11-19 20:10:35]
MemTotal:        1858332 kB
MemFree:           35356 kB
Buffers:              96 kB
Cached:           207116 kB
SwapCached:        16192 kB
Active:           988024 kB
Inactive:         366312 kB
Active(anon):     935476 kB
Inactive(anon):   311500 kB
Active(file):      52548 kB
Inactive(file):    54812 kB
Unevictable:       99496 kB
Mlocked:           94212 kB
SwapTotal:        520908 kB
SwapFree:         365720 kB
Dirty:                 0 kB
Writeback:             0 kB
AnonPages:       1245312 kB
Mapped:           118804 kB
Shmem:               612 kB
Slab:              77528 kB
SReclaimable:      24748 kB
SUnreclaim:        52780 kB
KernelStack:       15280 kB
PageTables:        16860 kB
NFS_Unstable:          0 kB
Bounce:                0 kB
WritebackTmp:          0 kB
CommitLimit:     1450072 kB
Committed_AS:   24109360 kB
VmallocTotal:   251658176 kB
VmallocUsed:       96568 kB
VmallocChunk:   251482716 kB


[2024-11-19 20:10:38]
MemTotal:        1858332 kB
MemFree:           35184 kB
Buffers:              96 kB
Cached:           207116 kB
SwapCached:        16192 kB
Active:           988300 kB
Inactive:         366312 kB
Active(anon):     935752 kB
Inactive(anon):   311500 kB
Active(file):      52548 kB
Inactive(file):    54812 kB
Unevictable:       99496 kB
Mlocked:           94212 kB
SwapTotal:        520908 kB
SwapFree:         365720 kB
Dirty:                 0 kB
Writeback:             0 kB
AnonPages:       1245544 kB
Mapped:           118828 kB
Shmem:               612 kB
Slab:              77528 kB
SReclaimable:      24748 kB
SUnreclaim:        52780 kB
KernelStack:       15312 kB
PageTables:        16888 kB
NFS_Unstable:          0 kB
Bounce:                0 kB
WritebackTmp:          0 kB
CommitLimit:     1450072 kB
Committed_AS:   24109436 kB
VmallocTotal:   251658176 kB
VmallocUsed:       96568 kB
VmallocChunk:   251482716 kB


[2024-11-19 20:10:41]
MemTotal:        1858332 kB
MemFree:           35648 kB
Buffers:              96 kB
Cached:           207116 kB
SwapCached:        16192 kB
Active:           988148 kB
Inactive:         366312 kB
Active(anon):     935600 kB
Inactive(anon):   311500 kB
Active(file):      52548 kB
Inactive(file):    54812 kB
Unevictable:       99496 kB
Mlocked:           94212 kB
SwapTotal:        520908 kB
SwapFree:         365720 kB
Dirty:                 0 kB
Writeback:             0 kB
AnonPages:       1245408 kB
Mapped:           118804 kB
Shmem:               612 kB
Slab:              77528 kB
SReclaimable:      24748 kB
SUnreclaim:        52780 kB
KernelStack:       15280 kB
PageTables:        16860 kB
NFS_Unstable:          0 kB
Bounce:                0 kB
WritebackTmp:          0 kB
CommitLimit:     1450072 kB
Committed_AS:   24109400 kB
VmallocTotal:   251658176 kB
VmallocUsed:       96568 kB
VmallocChunk:   251482716 kB


[2024-11-19 20:10:43]
MemTotal:        1858332 kB
MemFree:           35072 kB
Buffers:              96 kB
Cached:           207116 kB
SwapCached:        16192 kB
Active:           988536 kB
Inactive:         366312 kB
Active(anon):     935988 kB
Inactive(anon):   311500 kB
Active(file):      52548 kB
Inactive(file):    54812 kB
Unevictable:       99496 kB
Mlocked:           94212 kB
SwapTotal:        520908 kB
SwapFree:         365720 kB
Dirty:                 0 kB
Writeback:             0 kB
AnonPages:       1245792 kB
Mapped:           118804 kB
Shmem:               612 kB
Slab:              77528 kB
SReclaimable:      24748 kB
SUnreclaim:        52780 kB
KernelStack:       15312 kB
PageTables:        16876 kB
NFS_Unstable:          0 kB
Bounce:                0 kB
WritebackTmp:          0 kB
CommitLimit:     1450072 kB
Committed_AS:   24109400 kB
VmallocTotal:   251658176 kB
VmallocUsed:       96568 kB
VmallocChunk:   251482716 kB


[2024-11-19 20:10:45]
MemTotal:        1858332 kB
MemFree:           33904 kB
Buffers:              96 kB
Cached:           207180 kB
SwapCached:        16192 kB
Active:           988708 kB
Inactive:         366364 kB
Active(anon):     936160 kB
Inactive(anon):   311484 kB
Active(file):      52548 kB
Inactive(file):    54880 kB
Unevictable:       99496 kB
Mlocked:           94212 kB
SwapTotal:        520908 kB
SwapFree:         365768 kB
Dirty:                 0 kB
Writeback:             0 kB
AnonPages:       1246004 kB
Mapped:           118812 kB
Shmem:               612 kB
Slab:              77528 kB
SReclaimable:      24748 kB
SUnreclaim:        52780 kB
KernelStack:       15280 kB
PageTables:        16860 kB
NFS_Unstable:          0 kB
Bounce:                0 kB
WritebackTmp:          0 kB
CommitLimit:     1450072 kB
Committed_AS:   24109400 kB
VmallocTotal:   251658176 kB
VmallocUsed:       96568 kB
VmallocChunk:   251482716 kB


[2024-11-19 20:10:47]
MemTotal:        1858332 kB
MemFree:           33888 kB
Buffers:              96 kB
Cached:           207184 kB
SwapCached:        16192 kB
Active:           989008 kB
Inactive:         366380 kB
Active(anon):     936460 kB
Inactive(anon):   311500 kB
Active(file):      52548 kB
Inactive(file):    54880 kB
Unevictable:       99496 kB
Mlocked:           94212 kB
SwapTotal:        520908 kB
SwapFree:         365768 kB
Dirty:                 0 kB
Writeback:             0 kB
AnonPages:       1246344 kB
Mapped:           118812 kB
Shmem:               612 kB
Slab:              77528 kB
SReclaimable:      24748 kB
SUnreclaim:        52780 kB
KernelStack:       15280 kB
PageTables:        16860 kB
NFS_Unstable:          0 kB
Bounce:                0 kB
WritebackTmp:          0 kB
CommitLimit:     1450072 kB
Committed_AS:   24109532 kB
VmallocTotal:   251658176 kB
VmallocUsed:       96568 kB
VmallocChunk:   251482716 kB


[2024-11-19 20:10:49]
MemTotal:        1858332 kB
MemFree:           33220 kB
Buffers:              96 kB
Cached:           207184 kB
SwapCached:        16192 kB
Active:           989196 kB
Inactive:         366376 kB
Active(anon):     936648 kB
Inactive(anon):   311496 kB
Active(file):      52548 kB
Inactive(file):    54880 kB
Unevictable:       99496 kB
Mlocked:           94212 kB
SwapTotal:        520908 kB
SwapFree:         365768 kB
Dirty:                 0 kB
Writeback:             0 kB
AnonPages:       1246368 kB
Mapped:           118812 kB
Shmem:               612 kB
Slab:              77528 kB
SReclaimable:      24748 kB
SUnreclaim:        52780 kB
KernelStack:       15280 kB
PageTables:        16860 kB
NFS_Unstable:          0 kB
Bounce:                0 kB
WritebackTmp:          0 kB
CommitLimit:     1450072 kB
Committed_AS:   24109592 kB
VmallocTotal:   251658176 kB
VmallocUsed:       96568 kB
VmallocChunk:   251482716 kB


[2024-11-19 20:10:51]
MemTotal:        1858332 kB
MemFree:           33328 kB
Buffers:              96 kB
Cached:           207184 kB
SwapCached:        16192 kB
Active:           989088 kB
Inactive:         366356 kB
Active(anon):     936540 kB
Inactive(anon):   311476 kB
Active(file):      52548 kB
Inactive(file):    54880 kB
Unevictable:       99496 kB
Mlocked:           94212 kB
SwapTotal:        520908 kB
SwapFree:         365768 kB
Dirty:                 0 kB
Writeback:             0 kB
AnonPages:       1246172 kB
Mapped:           118812 kB
Shmem:               612 kB
Slab:              77528 kB
SReclaimable:      24748 kB
SUnreclaim:        52780 kB
KernelStack:       15280 kB
PageTables:        16860 kB
NFS_Unstable:          0 kB
Bounce:                0 kB
WritebackTmp:          0 kB
CommitLimit:     1450072 kB
Committed_AS:   24109540 kB
VmallocTotal:   251658176 kB
VmallocUsed:       96568 kB
VmallocChunk:   251482716 kB


[2024-11-19 20:10:53]
MemTotal:        1858332 kB
MemFree:           33364 kB
Buffers:              96 kB
Cached:           207184 kB
SwapCached:        16192 kB
Active:           989296 kB
Inactive:         366356 kB
Active(anon):     936748 kB
Inactive(anon):   311476 kB
Active(file):      52548 kB
Inactive(file):    54880 kB
Unevictable:       99496 kB
Mlocked:           94212 kB
SwapTotal:        520908 kB
SwapFree:         365768 kB
Dirty:                 0 kB
Writeback:             0 kB
AnonPages:       1246608 kB
Mapped:           118812 kB
Shmem:               612 kB
Slab:              77528 kB
SReclaimable:      24748 kB
SUnreclaim:        52780 kB
KernelStack:       15280 kB
PageTables:        16860 kB
NFS_Unstable:          0 kB
Bounce:                0 kB
WritebackTmp:          0 kB
CommitLimit:     1450072 kB
Committed_AS:   24109496 kB
VmallocTotal:   251658176 kB
VmallocUsed:       96568 kB
VmallocChunk:   251482716 kB


[2024-11-19 20:10:55]
MemTotal:        1858332 kB
MemFree:           33300 kB
Buffers:              96 kB
Cached:           207184 kB
SwapCached:        16192 kB
Active:           989452 kB
Inactive:         366356 kB
Active(anon):     936904 kB
Inactive(anon):   311476 kB
Active(file):      52548 kB
Inactive(file):    54880 kB
Unevictable:       99496 kB
Mlocked:           94212 kB
SwapTotal:        520908 kB
SwapFree:         365768 kB
Dirty:                 0 kB
Writeback:             0 kB
AnonPages:       1246632 kB
Mapped:           118812 kB
Shmem:               612 kB
Slab:              77528 kB
SReclaimable:      24748 kB
SUnreclaim:        52780 kB
KernelStack:       15280 kB
PageTables:        16860 kB
NFS_Unstable:          0 kB
Bounce:                0 kB
WritebackTmp:          0 kB
CommitLimit:     1450072 kB
Committed_AS:   24109428 kB
VmallocTotal:   251658176 kB
VmallocUsed:       96568 kB
VmallocChunk:   251482716 kB


[2024-11-19 20:10:57]
MemTotal:        1858332 kB
MemFree:           32524 kB
Buffers:              96 kB
Cached:           207328 kB
SwapCached:        16192 kB
Active:           989816 kB
Inactive:         366504 kB
Active(anon):     937268 kB
Inactive(anon):   311480 kB
Active(file):      52548 kB
Inactive(file):    55024 kB
Unevictable:       99496 kB
Mlocked:           94212 kB
SwapTotal:        520908 kB
SwapFree:         365772 kB
Dirty:                 0 kB
Writeback:             0 kB
AnonPages:       1246988 kB
Mapped:           118828 kB
Shmem:               612 kB
Slab:              77528 kB
SReclaimable:      24748 kB
SUnreclaim:        52780 kB
KernelStack:       15280 kB
PageTables:        16860 kB
NFS_Unstable:          0 kB
Bounce:                0 kB
WritebackTmp:          0 kB
CommitLimit:     1450072 kB
Committed_AS:   24109580 kB
VmallocTotal:   251658176 kB
VmallocUsed:       96568 kB
VmallocChunk:   251482716 kB


[2024-11-19 20:11:00]
MemTotal:        1858332 kB
MemFree:           32324 kB
Buffers:              96 kB
Cached:           207328 kB
SwapCached:        16192 kB
Active:           989952 kB
Inactive:         366484 kB
Active(anon):     937404 kB
Inactive(anon):   311460 kB
Active(file):      52548 kB
Inactive(file):    55024 kB
Unevictable:       99496 kB
Mlocked:           94212 kB
SwapTotal:        520908 kB
SwapFree:         365772 kB
Dirty:                 0 kB
Writeback:             0 kB
AnonPages:       1247152 kB
Mapped:           118828 kB
Shmem:               612 kB
Slab:              77528 kB
SReclaimable:      24748 kB
SUnreclaim:        52780 kB
KernelStack:       15280 kB
PageTables:        16860 kB
NFS_Unstable:          0 kB
Bounce:                0 kB
WritebackTmp:          0 kB
CommitLimit:     1450072 kB
Committed_AS:   24109560 kB
VmallocTotal:   251658176 kB
VmallocUsed:       96568 kB
VmallocChunk:   251482716 kB


[2024-11-19 20:11:02]
MemTotal:        1858332 kB
MemFree:           32168 kB
Buffers:              96 kB
Cached:           207328 kB
SwapCached:        16192 kB
Active:           989940 kB
Inactive:         366484 kB
Active(anon):     937392 kB
Inactive(anon):   311460 kB
Active(file):      52548 kB
Inactive(file):    55024 kB
Unevictable:       99496 kB
Mlocked:           94212 kB
SwapTotal:        520908 kB
SwapFree:         365772 kB
Dirty:                 0 kB
Writeback:             0 kB
AnonPages:       1247200 kB
Mapped:           118828 kB
Shmem:               612 kB
Slab:              77528 kB
SReclaimable:      24748 kB
SUnreclaim:        52780 kB
KernelStack:       15280 kB
PageTables:        16860 kB
NFS_Unstable:          0 kB
Bounce:                0 kB
WritebackTmp:          0 kB
CommitLimit:     1450072 kB
Committed_AS:   24109424 kB
VmallocTotal:   251658176 kB
VmallocUsed:       96568 kB
VmallocChunk:   251482716 kB


[2024-11-19 20:11:04]
MemTotal:        1858332 kB
MemFree:           34280 kB
Buffers:              96 kB
Cached:           204568 kB
SwapCached:        16192 kB
Active:           989344 kB
Inactive:         364716 kB
Active(anon):     936904 kB
Inactive(anon):   312228 kB
Active(file):      52440 kB
Inactive(file):    52488 kB
Unevictable:       99496 kB
Mlocked:           94212 kB
SwapTotal:        520908 kB
SwapFree:         365772 kB
Dirty:                 0 kB
Writeback:             0 kB
AnonPages:       1247132 kB
Mapped:           118828 kB
Shmem:               612 kB
Slab:              77528 kB
SReclaimable:      24748 kB
SUnreclaim:        52780 kB
KernelStack:       15280 kB
PageTables:        16860 kB
NFS_Unstable:          0 kB
Bounce:                0 kB
WritebackTmp:          0 kB
CommitLimit:     1450072 kB
Committed_AS:   24101240 kB
VmallocTotal:   251658176 kB
VmallocUsed:       96568 kB
VmallocChunk:   251482716 kB


[2024-11-19 20:11:06]
MemTotal:        1858332 kB
MemFree:           34304 kB
Buffers:              96 kB
Cached:           204524 kB
SwapCached:        16192 kB
Active:           989628 kB
Inactive:         364524 kB
Active(anon):     937252 kB
Inactive(anon):   312132 kB
Active(file):      52376 kB
Inactive(file):    52392 kB
Unevictable:       99496 kB
Mlocked:           94212 kB
SwapTotal:        520908 kB
SwapFree:         365772 kB
Dirty:                 0 kB
Writeback:             0 kB
AnonPages:       1247656 kB
Mapped:           118784 kB
Shmem:               612 kB
Slab:              77512 kB
SReclaimable:      24732 kB
SUnreclaim:        52780 kB
KernelStack:       15296 kB
PageTables:        16860 kB
NFS_Unstable:          0 kB
Bounce:                0 kB
WritebackTmp:          0 kB
CommitLimit:     1450072 kB
Committed_AS:   24109332 kB
VmallocTotal:   251658176 kB
VmallocUsed:       96568 kB
VmallocChunk:   251482716 kB


[2024-11-19 20:11:08]
MemTotal:        1858332 kB
MemFree:           36128 kB
Buffers:             152 kB
Cached:           209688 kB
SwapCached:        16192 kB
Active:           986420 kB
Inactive:         366520 kB
Active(anon):     933696 kB
Inactive(anon):   309492 kB
Active(file):      52724 kB
Inactive(file):    57028 kB
Unevictable:       99496 kB
Mlocked:           94212 kB
SwapTotal:        520908 kB
SwapFree:         365772 kB
Dirty:                 0 kB
Writeback:             0 kB
AnonPages:       1241288 kB
Mapped:           121232 kB
Shmem:               612 kB
Slab:              77508 kB
SReclaimable:      24732 kB
SUnreclaim:        52776 kB
KernelStack:       15232 kB
PageTables:        16692 kB
NFS_Unstable:          0 kB
Bounce:                0 kB
WritebackTmp:          0 kB
CommitLimit:     1450072 kB
Committed_AS:   23980952 kB
VmallocTotal:   251658176 kB
VmallocUsed:       96568 kB
VmallocChunk:   251482716 kB


[2024-11-19 20:11:10]
MemTotal:        1858332 kB
MemFree:           38300 kB
Buffers:             200 kB
Cached:           208868 kB
SwapCached:        16192 kB
Active:           985272 kB
Inactive:         366656 kB
Active(anon):     932136 kB
Inactive(anon):   310584 kB
Active(file):      53136 kB
Inactive(file):    56072 kB
Unevictable:       99496 kB
Mlocked:           94212 kB
SwapTotal:        520908 kB
SwapFree:         365776 kB
Dirty:                 0 kB
Writeback:             0 kB
AnonPages:       1240996 kB
Mapped:           119584 kB
Shmem:               612 kB
Slab:              77508 kB
SReclaimable:      24732 kB
SUnreclaim:        52776 kB
KernelStack:       15040 kB
PageTables:        16696 kB
NFS_Unstable:          0 kB
Bounce:                0 kB
WritebackTmp:          0 kB
CommitLimit:     1450072 kB
Committed_AS:   23979676 kB
VmallocTotal:   251658176 kB
VmallocUsed:       96568 kB
VmallocChunk:   251482716 kB


[2024-11-19 20:11:12]
MemTotal:        1858332 kB
MemFree:           37092 kB
Buffers:             200 kB
Cached:           209420 kB
SwapCached:        16192 kB
Active:           985436 kB
Inactive:         367152 kB
Active(anon):     932300 kB
Inactive(anon):   310584 kB
Active(file):      53136 kB
Inactive(file):    56568 kB
Unevictable:       99496 kB
Mlocked:           94212 kB
SwapTotal:        520908 kB
SwapFree:         365776 kB
Dirty:                 0 kB
Writeback:             0 kB
AnonPages:       1241136 kB
Mapped:           119584 kB
Shmem:               612 kB
Slab:              77764 kB
SReclaimable:      24988 kB
SUnreclaim:        52776 kB
KernelStack:       15024 kB
PageTables:        16664 kB
NFS_Unstable:          0 kB
Bounce:                0 kB
WritebackTmp:          0 kB
CommitLimit:     1450072 kB
Committed_AS:   23979760 kB
VmallocTotal:   251658176 kB
VmallocUsed:       96568 kB
VmallocChunk:   251482716 kB


[2024-11-19 20:11:14]
MemTotal:        1858332 kB
MemFree:           37952 kB
Buffers:             288 kB
Cached:           208416 kB
SwapCached:        16188 kB
Active:           986484 kB
Inactive:         365756 kB
Active(anon):     933108 kB
Inactive(anon):   310560 kB
Active(file):      53376 kB
Inactive(file):    55196 kB
Unevictable:       99496 kB
Mlocked:           94212 kB
SwapTotal:        520908 kB
SwapFree:         365796 kB
Dirty:                24 kB
Writeback:            44 kB
AnonPages:       1241908 kB
Mapped:           121052 kB
Shmem:               612 kB
Slab:              77644 kB
SReclaimable:      24812 kB
SUnreclaim:        52832 kB
KernelStack:       15024 kB
PageTables:        16668 kB
NFS_Unstable:          0 kB
Bounce:                0 kB
WritebackTmp:          0 kB
CommitLimit:     1450072 kB
Committed_AS:   23979716 kB
VmallocTotal:   251658176 kB
VmallocUsed:       96568 kB
VmallocChunk:   251482716 kB


[2024-11-19 20:11:16]
MemTotal:        1858332 kB
MemFree:           37252 kB
Buffers:             288 kB
Cached:           208468 kB
SwapCached:        16188 kB
Active:           986736 kB
Inactive:         365916 kB
Active(anon):     933360 kB
Inactive(anon):   310560 kB
Active(file):      53376 kB
Inactive(file):    55356 kB
Unevictable:       99496 kB
Mlocked:           94212 kB
SwapTotal:        520908 kB
SwapFree:         365796 kB
Dirty:                24 kB
Writeback:            44 kB
AnonPages:       1242196 kB
Mapped:           121060 kB
Shmem:               612 kB
Slab:              77644 kB
SReclaimable:      24812 kB
SUnreclaim:        52832 kB
KernelStack:       15008 kB
PageTables:        16664 kB
NFS_Unstable:          0 kB
Bounce:                0 kB
WritebackTmp:          0 kB
CommitLimit:     1450072 kB
Committed_AS:   23979816 kB
VmallocTotal:   251658176 kB
VmallocUsed:       96568 kB
VmallocChunk:   251482716 kB


[2024-11-19 20:11:18]
MemTotal:        1858332 kB
MemFree:           41596 kB
Buffers:             296 kB
Cached:           209380 kB
SwapCached:        16188 kB
Active:           980812 kB
Inactive:         366688 kB
Active(anon):     927324 kB
Inactive(anon):   310316 kB
Active(file):      53488 kB
Inactive(file):    56372 kB
Unevictable:       99496 kB
Mlocked:           94212 kB
SwapTotal:        520908 kB
SwapFree:         365804 kB
Dirty:                 0 kB
Writeback:             0 kB
AnonPages:       1235668 kB
Mapped:           121248 kB
Shmem:               612 kB
Slab:              77644 kB
SReclaimable:      24812 kB
SUnreclaim:        52832 kB
KernelStack:       15024 kB
PageTables:        16664 kB
NFS_Unstable:          0 kB
Bounce:                0 kB
WritebackTmp:          0 kB
CommitLimit:     1450072 kB
Committed_AS:   23979684 kB
VmallocTotal:   251658176 kB
VmallocUsed:       96568 kB
VmallocChunk:   251482716 kB


[2024-11-19 20:11:20]
MemTotal:        1858332 kB
MemFree:           41328 kB
Buffers:             296 kB
Cached:           209380 kB
SwapCached:        16188 kB
Active:           980840 kB
Inactive:         366608 kB
Active(anon):     927352 kB
Inactive(anon):   310208 kB
Active(file):      53488 kB
Inactive(file):    56400 kB
Unevictable:       99496 kB
Mlocked:           94212 kB
SwapTotal:        520908 kB
SwapFree:         365804 kB
Dirty:                32 kB
Writeback:             0 kB
AnonPages:       1235708 kB
Mapped:           121264 kB
Shmem:               612 kB
Slab:              77644 kB
SReclaimable:      24812 kB
SUnreclaim:        52832 kB
KernelStack:       15024 kB
PageTables:        16696 kB
NFS_Unstable:          0 kB
Bounce:                0 kB
WritebackTmp:          0 kB
CommitLimit:     1450072 kB
Committed_AS:   23979728 kB
VmallocTotal:   251658176 kB
VmallocUsed:       96568 kB
VmallocChunk:   251482716 kB


[2024-11-19 20:11:22]
MemTotal:        1858332 kB
MemFree:           41428 kB
Buffers:             296 kB
Cached:           209452 kB
SwapCached:        16188 kB
Active:           980788 kB
Inactive:         366612 kB
Active(anon):     927300 kB
Inactive(anon):   310204 kB
Active(file):      53488 kB
Inactive(file):    56408 kB
Unevictable:       99496 kB
Mlocked:           94212 kB
SwapTotal:        520908 kB
SwapFree:         365804 kB
Dirty:                32 kB
Writeback:             0 kB
AnonPages:       1235656 kB
Mapped:           121272 kB
Shmem:               612 kB
Slab:              77644 kB
SReclaimable:      24812 kB
SUnreclaim:        52832 kB
KernelStack:       15024 kB
PageTables:        16664 kB
NFS_Unstable:          0 kB
Bounce:                0 kB
WritebackTmp:          0 kB
CommitLimit:     1450072 kB
Committed_AS:   23979816 kB
VmallocTotal:   251658176 kB
VmallocUsed:       96568 kB
VmallocChunk:   251482716 kB


[2024-11-19 20:11:25]
MemTotal:        1858332 kB
MemFree:           41412 kB
Buffers:             296 kB
Cached:           209812 kB
SwapCached:        16188 kB
Active:           980860 kB
Inactive:         366972 kB
Active(anon):     927372 kB
Inactive(anon):   310204 kB
Active(file):      53488 kB
Inactive(file):    56768 kB
Unevictable:       99496 kB
Mlocked:           94212 kB
SwapTotal:        520908 kB
SwapFree:         365804 kB
Dirty:                 0 kB
Writeback:             0 kB
AnonPages:       1235804 kB
Mapped:           121336 kB
Shmem:               612 kB
Slab:              77644 kB
SReclaimable:      24812 kB
SUnreclaim:        52832 kB
KernelStack:       15024 kB
PageTables:        16696 kB
NFS_Unstable:          0 kB
Bounce:                0 kB
WritebackTmp:          0 kB
CommitLimit:     1450072 kB
Committed_AS:   23979680 kB
VmallocTotal:   251658176 kB
VmallocUsed:       96568 kB
VmallocChunk:   251482716 kB


[2024-11-19 20:11:27]
MemTotal:        1858332 kB
MemFree:           41444 kB
Buffers:             296 kB
Cached:           209812 kB
SwapCached:        16188 kB
Active:           980948 kB
Inactive:         366972 kB
Active(anon):     927460 kB
Inactive(anon):   310204 kB
Active(file):      53488 kB
Inactive(file):    56768 kB
Unevictable:       99496 kB
Mlocked:           94212 kB
SwapTotal:        520908 kB
SwapFree:         365804 kB
Dirty:                 0 kB
Writeback:             0 kB
AnonPages:       1235828 kB
Mapped:           121316 kB
Shmem:               612 kB
Slab:              77644 kB
SReclaimable:      24812 kB
SUnreclaim:        52832 kB
KernelStack:       15024 kB
PageTables:        16664 kB
NFS_Unstable:          0 kB
Bounce:                0 kB
WritebackTmp:          0 kB
CommitLimit:     1450072 kB
Committed_AS:   23979764 kB
VmallocTotal:   251658176 kB
VmallocUsed:       96568 kB
VmallocChunk:   251482716 kB


[2024-11-19 20:11:29]
MemTotal:        1858332 kB
MemFree:           41276 kB
Buffers:             296 kB
Cached:           209812 kB
SwapCached:        16188 kB
Active:           981168 kB
Inactive:         366972 kB
Active(anon):     927680 kB
Inactive(anon):   310204 kB
Active(file):      53488 kB
Inactive(file):    56768 kB
Unevictable:       99496 kB
Mlocked:           94212 kB
SwapTotal:        520908 kB
SwapFree:         365808 kB
Dirty:                 0 kB
Writeback:             0 kB
AnonPages:       1236128 kB
Mapped:           121300 kB
Shmem:               612 kB
Slab:              77644 kB
SReclaimable:      24812 kB
SUnreclaim:        52832 kB
KernelStack:       15040 kB
PageTables:        16696 kB
NFS_Unstable:          0 kB
Bounce:                0 kB
WritebackTmp:          0 kB
CommitLimit:     1450072 kB
Committed_AS:   23979744 kB
VmallocTotal:   251658176 kB
VmallocUsed:       96568 kB
VmallocChunk:   251482716 kB


[2024-11-19 20:11:31]
MemTotal:        1858332 kB
MemFree:           40876 kB
Buffers:             296 kB
Cached:           209812 kB
SwapCached:        16188 kB
Active:           981428 kB
Inactive:         366976 kB
Active(anon):     927940 kB
Inactive(anon):   310208 kB
Active(file):      53488 kB
Inactive(file):    56768 kB
Unevictable:       99496 kB
Mlocked:           94212 kB
SwapTotal:        520908 kB
SwapFree:         365808 kB
Dirty:                 0 kB
Writeback:             0 kB
AnonPages:       1236332 kB
Mapped:           121316 kB
Shmem:               612 kB
Slab:              77644 kB
SReclaimable:      24812 kB
SUnreclaim:        52832 kB
KernelStack:       15024 kB
PageTables:        16664 kB
NFS_Unstable:          0 kB
Bounce:                0 kB
WritebackTmp:          0 kB
CommitLimit:     1450072 kB
Committed_AS:   23979636 kB
VmallocTotal:   251658176 kB
VmallocUsed:       96568 kB
VmallocChunk:   251482716 kB


