[2024-11-19 19:06:28]
MemTotal:        1858332 kB
MemFree:          130088 kB
Buffers:            1072 kB
Cached:          1188580 kB
SwapCached:        15824 kB
Active:           259252 kB
Inactive:         973448 kB
Active(anon):     107404 kB
Inactive(anon):    35792 kB
Active(file):     151848 kB
Inactive(file):   937656 kB
Unevictable:       99496 kB
Mlocked:           94212 kB
SwapTotal:        520908 kB
SwapFree:         367924 kB
Dirty:             52232 kB
Writeback:          4048 kB
AnonPages:        141856 kB
Mapped:           517888 kB
Shmem:               580 kB
Slab:              95292 kB
SReclaimable:      42304 kB
SUnreclaim:        52988 kB
KernelStack:       15488 kB
PageTables:        14668 kB
NFS_Unstable:          0 kB
Bounce:                0 kB
WritebackTmp:          0 kB
CommitLimit:     1450072 kB
Committed_AS:   26036184 kB
VmallocTotal:   251658176 kB
VmallocUsed:       99628 kB
VmallocChunk:   251482716 kB


[2024-11-19 19:06:28]
MemTotal:        1858332 kB
MemFree:          129456 kB
Buffers:            1064 kB
Cached:          1189508 kB
SwapCached:        15824 kB
Active:           299124 kB
Inactive:         935548 kB
Active(anon):     108012 kB
Inactive(anon):    35844 kB
Active(file):     191112 kB
Inactive(file):   899704 kB
Unevictable:       99496 kB
Mlocked:           94212 kB
SwapTotal:        520908 kB
SwapFree:         367928 kB
Dirty:             56528 kB
Writeback:             0 kB
AnonPages:        142460 kB
Mapped:           547288 kB
Shmem:               580 kB
Slab:              94760 kB
SReclaimable:      41680 kB
SUnreclaim:        53080 kB
KernelStack:       15488 kB
PageTables:        14732 kB
NFS_Unstable:          0 kB
Bounce:                0 kB
WritebackTmp:          0 kB
CommitLimit:     1450072 kB
Committed_AS:   26036172 kB
VmallocTotal:   251658176 kB
VmallocUsed:       99628 kB
VmallocChunk:   251482716 kB


[2024-11-19 19:06:28]
MemTotal:        1858332 kB
MemFree:          129304 kB
Buffers:            1072 kB
Cached:          1192540 kB
SwapCached:        15824 kB
Active:           340904 kB
Inactive:         895792 kB
Active(anon):     107656 kB
Inactive(anon):    35868 kB
Active(file):     233248 kB
Inactive(file):   859924 kB
Unevictable:       99496 kB
Mlocked:           94212 kB
SwapTotal:        520908 kB
SwapFree:         367928 kB
Dirty:             51692 kB
Writeback:          5752 kB
AnonPages:        142064 kB
Mapped:           579692 kB
Shmem:               580 kB
Slab:              94084 kB
SReclaimable:      41068 kB
SUnreclaim:        53016 kB
KernelStack:       15488 kB
PageTables:        14792 kB
NFS_Unstable:          0 kB
Bounce:                0 kB
WritebackTmp:          0 kB
CommitLimit:     1450072 kB
Committed_AS:   26036224 kB
VmallocTotal:   251658176 kB
VmallocUsed:       99628 kB
VmallocChunk:   251482716 kB


[2024-11-19 19:06:28]
MemTotal:        1858332 kB
MemFree:          130300 kB
Buffers:            1068 kB
Cached:          1191524 kB
SwapCached:        15824 kB
Active:           376876 kB
Inactive:         859440 kB
Active(anon):     107684 kB
Inactive(anon):    35920 kB
Active(file):     269192 kB
Inactive(file):   823520 kB
Unevictable:       99496 kB
Mlocked:           94212 kB
SwapTotal:        520908 kB
SwapFree:         367928 kB
Dirty:             10848 kB
Writeback:            80 kB
AnonPages:        142108 kB
Mapped:           604968 kB
Shmem:               580 kB
Slab:              93424 kB
SReclaimable:      40312 kB
SUnreclaim:        53112 kB
KernelStack:       15488 kB
PageTables:        14844 kB
NFS_Unstable:          0 kB
Bounce:                0 kB
WritebackTmp:          0 kB
CommitLimit:     1450072 kB
Committed_AS:   26036204 kB
VmallocTotal:   251658176 kB
VmallocUsed:       99628 kB
VmallocChunk:   251482716 kB


[2024-11-19 19:06:28]
MemTotal:        1858332 kB
MemFree:          129680 kB
Buffers:            1068 kB
Cached:          1193340 kB
SwapCached:        15824 kB
Active:           430836 kB
Inactive:         807484 kB
Active(anon):     107788 kB
Inactive(anon):    35976 kB
Active(file):     323048 kB
Inactive(file):   771508 kB
Unevictable:       99496 kB
Mlocked:           94212 kB
SwapTotal:        520908 kB
SwapFree:         367924 kB
Dirty:             56228 kB
Writeback:             0 kB
AnonPages:        142256 kB
Mapped:           642596 kB
Shmem:               580 kB
Slab:              92392 kB
SReclaimable:      39396 kB
SUnreclaim:        52996 kB
KernelStack:       15488 kB
PageTables:        14908 kB
NFS_Unstable:          0 kB
Bounce:                0 kB
WritebackTmp:          0 kB
CommitLimit:     1450072 kB
Committed_AS:   26036196 kB
VmallocTotal:   251658176 kB
VmallocUsed:       99628 kB
VmallocChunk:   251482716 kB


[2024-11-19 19:06:28]
MemTotal:        1858332 kB
MemFree:          129020 kB
Buffers:            1072 kB
Cached:          1194840 kB
SwapCached:        15812 kB
Active:           479452 kB
Inactive:         760360 kB
Active(anon):     108136 kB
Inactive(anon):    35920 kB
Active(file):     371316 kB
Inactive(file):   724440 kB
Unevictable:       99496 kB
Mlocked:           94212 kB
SwapTotal:        520908 kB
SwapFree:         367984 kB
Dirty:             53984 kB
Writeback:             0 kB
AnonPages:        142720 kB
Mapped:           671016 kB
Shmem:               580 kB
Slab:              91636 kB
SReclaimable:      38628 kB
SUnreclaim:        53008 kB
KernelStack:       15488 kB
PageTables:        14968 kB
NFS_Unstable:          0 kB
Bounce:                0 kB
WritebackTmp:          0 kB
CommitLimit:     1450072 kB
Committed_AS:   26036152 kB
VmallocTotal:   251658176 kB
VmallocUsed:       99628 kB
VmallocChunk:   251482716 kB


[2024-11-19 19:06:28]
MemTotal:        1858332 kB
MemFree:          130836 kB
Buffers:            1068 kB
Cached:          1193152 kB
SwapCached:        15812 kB
Active:           525548 kB
Inactive:         712852 kB
Active(anon):     108316 kB
Inactive(anon):    36132 kB
Active(file):     417232 kB
Inactive(file):   676720 kB
Unevictable:       99496 kB
Mlocked:           94212 kB
SwapTotal:        520908 kB
SwapFree:         367984 kB
Dirty:             59000 kB
Writeback:             0 kB
AnonPages:        142864 kB
Mapped:           701588 kB
Shmem:               580 kB
Slab:              90912 kB
SReclaimable:      37840 kB
SUnreclaim:        53072 kB
KernelStack:       15488 kB
PageTables:        15028 kB
NFS_Unstable:          0 kB
Bounce:                0 kB
WritebackTmp:          0 kB
CommitLimit:     1450072 kB
Committed_AS:   26036172 kB
VmallocTotal:   251658176 kB
VmallocUsed:       99628 kB
VmallocChunk:   251482716 kB


[2024-11-19 19:06:28]
MemTotal:        1858332 kB
MemFree:          129892 kB
Buffers:            1076 kB
Cached:          1194332 kB
SwapCached:        15764 kB
Active:           568624 kB
Inactive:         671600 kB
Active(anon):     108612 kB
Inactive(anon):    36140 kB
Active(file):     460012 kB
Inactive(file):   635460 kB
Unevictable:       99496 kB
Mlocked:           94212 kB
SwapTotal:        520908 kB
SwapFree:         367984 kB
Dirty:             53096 kB
Writeback:          6072 kB
AnonPages:        143112 kB
Mapped:           732340 kB
Shmem:               580 kB
Slab:              90108 kB
SReclaimable:      37068 kB
SUnreclaim:        53040 kB
KernelStack:       15424 kB
PageTables:        15084 kB
NFS_Unstable:          0 kB
Bounce:                0 kB
WritebackTmp:          0 kB
CommitLimit:     1450072 kB
Committed_AS:   26035916 kB
VmallocTotal:   251658176 kB
VmallocUsed:       99628 kB
VmallocChunk:   251482716 kB


[2024-11-19 19:06:28]
MemTotal:        1858332 kB
MemFree:          130312 kB
Buffers:            1072 kB
Cached:          1195404 kB
SwapCached:        15612 kB
Active:           606484 kB
Inactive:         634572 kB
Active(anon):     108380 kB
Inactive(anon):    36212 kB
Active(file):     498104 kB
Inactive(file):   598360 kB
Unevictable:       99496 kB
Mlocked:           94212 kB
SwapTotal:        520908 kB
SwapFree:         367984 kB
Dirty:             22632 kB
Writeback:            64 kB
AnonPages:        143148 kB
Mapped:           758912 kB
Shmem:               580 kB
Slab:              89604 kB
SReclaimable:      36356 kB
SUnreclaim:        53248 kB
KernelStack:       15424 kB
PageTables:        15140 kB
NFS_Unstable:          0 kB
Bounce:                0 kB
WritebackTmp:          0 kB
CommitLimit:     1450072 kB
Committed_AS:   26035944 kB
VmallocTotal:   251658176 kB
VmallocUsed:       99628 kB
VmallocChunk:   251482716 kB


[2024-11-19 19:06:28]
MemTotal:        1858332 kB
MemFree:          128692 kB
Buffers:            1336 kB
Cached:          1197024 kB
SwapCached:        15224 kB
Active:           659508 kB
Inactive:         584740 kB
Active(anon):     109340 kB
Inactive(anon):    36372 kB
Active(file):     550168 kB
Inactive(file):   548368 kB
Unevictable:       99496 kB
Mlocked:           94212 kB
SwapTotal:        520908 kB
SwapFree:         367988 kB
Dirty:             52904 kB
Writeback:             0 kB
AnonPages:        144488 kB
Mapped:           801016 kB
Shmem:               580 kB
Slab:              88316 kB
SReclaimable:      35260 kB
SUnreclaim:        53056 kB
KernelStack:       15520 kB
PageTables:        15240 kB
NFS_Unstable:          0 kB
Bounce:                0 kB
WritebackTmp:          0 kB
CommitLimit:     1450072 kB
Committed_AS:   26037940 kB
VmallocTotal:   251658176 kB
VmallocUsed:       99628 kB
VmallocChunk:   251482716 kB


[2024-11-19 19:06:28]
MemTotal:        1858332 kB
MemFree:          126368 kB
Buffers:            1340 kB
Cached:          1195840 kB
SwapCached:        14948 kB
Active:           660792 kB
Inactive:         586400 kB
Active(anon):     112424 kB
Inactive(anon):    37688 kB
Active(file):     548368 kB
Inactive(file):   548712 kB
Unevictable:       99496 kB
Mlocked:           94212 kB
SwapTotal:        520908 kB
SwapFree:         367992 kB
Dirty:              2936 kB
Writeback:           168 kB
AnonPages:        149444 kB
Mapped:           834584 kB
Shmem:               580 kB
Slab:              87496 kB
SReclaimable:      34400 kB
SUnreclaim:        53096 kB
KernelStack:       15568 kB
PageTables:        15484 kB
NFS_Unstable:          0 kB
Bounce:                0 kB
WritebackTmp:          0 kB
CommitLimit:     1450072 kB
Committed_AS:   26140256 kB
VmallocTotal:   251658176 kB
VmallocUsed:       99628 kB
VmallocChunk:   251482716 kB


[2024-11-19 19:06:30]
MemTotal:        1858332 kB
MemFree:          126352 kB
Buffers:            1332 kB
Cached:          1196668 kB
SwapCached:        14812 kB
Active:           661324 kB
Inactive:         586700 kB
Active(anon):     112512 kB
Inactive(anon):    37672 kB
Active(file):     548812 kB
Inactive(file):   549028 kB
Unevictable:       99496 kB
Mlocked:           94212 kB
SwapTotal:        520908 kB
SwapFree:         367992 kB
Dirty:             52376 kB
Writeback:             0 kB
AnonPages:        149600 kB
Mapped:           872488 kB
Shmem:               580 kB
Slab:              86512 kB
SReclaimable:      33480 kB
SUnreclaim:        53032 kB
KernelStack:       15552 kB
PageTables:        15540 kB
NFS_Unstable:          0 kB
Bounce:                0 kB
WritebackTmp:          0 kB
CommitLimit:     1450072 kB
Committed_AS:   26140360 kB
VmallocTotal:   251658176 kB
VmallocUsed:       99628 kB
VmallocChunk:   251482716 kB


[2024-11-19 19:06:32]
MemTotal:        1858332 kB
MemFree:          123992 kB
Buffers:            1116 kB
Cached:          1200260 kB
SwapCached:        14812 kB
Active:           661700 kB
Inactive:         589468 kB
Active(anon):     112232 kB
Inactive(anon):    37508 kB
Active(file):     549468 kB
Inactive(file):   551960 kB
Unevictable:       99496 kB
Mlocked:           94212 kB
SwapTotal:        520908 kB
SwapFree:         367992 kB
Dirty:             53984 kB
Writeback:           184 kB
AnonPages:        149316 kB
Mapped:           907736 kB
Shmem:               580 kB
Slab:              85800 kB
SReclaimable:      32804 kB
SUnreclaim:        52996 kB
KernelStack:       15552 kB
PageTables:        15600 kB
NFS_Unstable:          0 kB
Bounce:                0 kB
WritebackTmp:          0 kB
CommitLimit:     1450072 kB
Committed_AS:   26140356 kB
VmallocTotal:   251658176 kB
VmallocUsed:       99628 kB
VmallocChunk:   251482716 kB


[2024-11-19 19:06:34]
MemTotal:        1858332 kB
MemFree:          124412 kB
Buffers:             164 kB
Cached:          1200804 kB
SwapCached:        14812 kB
Active:           661580 kB
Inactive:         588832 kB
Active(anon):     112116 kB
Inactive(anon):    37624 kB
Active(file):     549464 kB
Inactive(file):   551208 kB
Unevictable:       99496 kB
Mlocked:           94212 kB
SwapTotal:        520908 kB
SwapFree:         367992 kB
Dirty:             58520 kB
Writeback:             0 kB
AnonPages:        149272 kB
Mapped:           912640 kB
Shmem:               580 kB
Slab:              85996 kB
SReclaimable:      32896 kB
SUnreclaim:        53100 kB
KernelStack:       15552 kB
PageTables:        15644 kB
NFS_Unstable:          0 kB
Bounce:                0 kB
WritebackTmp:          0 kB
CommitLimit:     1450072 kB
Committed_AS:   26140364 kB
VmallocTotal:   251658176 kB
VmallocUsed:       99628 kB
VmallocChunk:   251482716 kB


[2024-11-19 19:06:37]
MemTotal:        1858332 kB
MemFree:          129524 kB
Buffers:             172 kB
Cached:          1208952 kB
SwapCached:        14816 kB
Active:           660980 kB
Inactive:         592276 kB
Active(anon):     106848 kB
Inactive(anon):    37440 kB
Active(file):     554132 kB
Inactive(file):   554836 kB
Unevictable:       99496 kB
Mlocked:           94212 kB
SwapTotal:        520908 kB
SwapFree:         368016 kB
Dirty:             56704 kB
Writeback:             0 kB
AnonPages:        143780 kB
Mapped:           904960 kB
Shmem:               580 kB
Slab:              85872 kB
SReclaimable:      32836 kB
SUnreclaim:        53036 kB
KernelStack:       15552 kB
PageTables:        15696 kB
NFS_Unstable:          0 kB
Bounce:                0 kB
WritebackTmp:          0 kB
CommitLimit:     1450072 kB
Committed_AS:   26140220 kB
VmallocTotal:   251658176 kB
VmallocUsed:       99628 kB
VmallocChunk:   251482716 kB


[2024-11-19 19:06:39]
MemTotal:        1858332 kB
MemFree:          127560 kB
Buffers:             172 kB
Cached:          1211916 kB
SwapCached:        14816 kB
Active:           661500 kB
Inactive:         594808 kB
Active(anon):     106748 kB
Inactive(anon):    37400 kB
Active(file):     554752 kB
Inactive(file):   557408 kB
Unevictable:       99496 kB
Mlocked:           94212 kB
SwapTotal:        520908 kB
SwapFree:         368016 kB
Dirty:              1884 kB
Writeback:             0 kB
AnonPages:        143744 kB
Mapped:           903120 kB
Shmem:               580 kB
Slab:              85868 kB
SReclaimable:      32876 kB
SUnreclaim:        52992 kB
KernelStack:       15552 kB
PageTables:        15720 kB
NFS_Unstable:          0 kB
Bounce:                0 kB
WritebackTmp:          0 kB
CommitLimit:     1450072 kB
Committed_AS:   26140256 kB
VmallocTotal:   251658176 kB
VmallocUsed:       99628 kB
VmallocChunk:   251482716 kB


[2024-11-19 19:06:41]
MemTotal:        1858332 kB
MemFree:          128388 kB
Buffers:             168 kB
Cached:          1211400 kB
SwapCached:        14812 kB
Active:           662216 kB
Inactive:         593480 kB
Active(anon):     106960 kB
Inactive(anon):    37376 kB
Active(file):     555256 kB
Inactive(file):   556104 kB
Unevictable:       99496 kB
Mlocked:           94212 kB
SwapTotal:        520908 kB
SwapFree:         368016 kB
Dirty:             33808 kB
Writeback:             0 kB
AnonPages:        143720 kB
Mapped:           899180 kB
Shmem:               580 kB
Slab:              86000 kB
SReclaimable:      32960 kB
SUnreclaim:        53040 kB
KernelStack:       15552 kB
PageTables:        15740 kB
NFS_Unstable:          0 kB
Bounce:                0 kB
WritebackTmp:          0 kB
CommitLimit:     1450072 kB
Committed_AS:   26140144 kB
VmallocTotal:   251658176 kB
VmallocUsed:       99628 kB
VmallocChunk:   251482716 kB


[2024-11-19 19:06:43]
MemTotal:        1858332 kB
MemFree:          128776 kB
Buffers:             176 kB
Cached:          1210888 kB
SwapCached:        14812 kB
Active:           662100 kB
Inactive:         593088 kB
Active(anon):     106960 kB
Inactive(anon):    37336 kB
Active(file):     555140 kB
Inactive(file):   555752 kB
Unevictable:       99496 kB
Mlocked:           94212 kB
SwapTotal:        520908 kB
SwapFree:         368016 kB
Dirty:             58316 kB
Writeback:             0 kB
AnonPages:        143868 kB
Mapped:           896452 kB
Shmem:               580 kB
Slab:              86152 kB
SReclaimable:      33112 kB
SUnreclaim:        53040 kB
KernelStack:       15568 kB
PageTables:        15784 kB
NFS_Unstable:          0 kB
Bounce:                0 kB
WritebackTmp:          0 kB
CommitLimit:     1450072 kB
Committed_AS:   26139992 kB
VmallocTotal:   251658176 kB
VmallocUsed:       99628 kB
VmallocChunk:   251482716 kB


[2024-11-19 19:06:45]
MemTotal:        1858332 kB
MemFree:          127900 kB
Buffers:             180 kB
Cached:          1211564 kB
SwapCached:        14812 kB
Active:           662552 kB
Inactive:         593536 kB
Active(anon):     107308 kB
Inactive(anon):    37292 kB
Active(file):     555244 kB
Inactive(file):   556244 kB
Unevictable:       99496 kB
Mlocked:           94212 kB
SwapTotal:        520908 kB
SwapFree:         368016 kB
Dirty:             16024 kB
Writeback:             0 kB
AnonPages:        144244 kB
Mapped:           894320 kB
Shmem:               580 kB
Slab:              86300 kB
SReclaimable:      33164 kB
SUnreclaim:        53136 kB
KernelStack:       15568 kB
PageTables:        15792 kB
NFS_Unstable:          0 kB
Bounce:                0 kB
WritebackTmp:          0 kB
CommitLimit:     1450072 kB
Committed_AS:   26140248 kB
VmallocTotal:   251658176 kB
VmallocUsed:       99628 kB
VmallocChunk:   251482716 kB


[2024-11-19 19:06:47]
MemTotal:        1858332 kB
MemFree:          128988 kB
Buffers:             180 kB
Cached:          1210224 kB
SwapCached:        14812 kB
Active:           662344 kB
Inactive:         592796 kB
Active(anon):     107468 kB
Inactive(anon):    37264 kB
Active(file):     554876 kB
Inactive(file):   555532 kB
Unevictable:       99496 kB
Mlocked:           94212 kB
SwapTotal:        520908 kB
SwapFree:         368016 kB
Dirty:             44504 kB
Writeback:             0 kB
AnonPages:        144072 kB
Mapped:           890912 kB
Shmem:               580 kB
Slab:              86328 kB
SReclaimable:      33192 kB
SUnreclaim:        53136 kB
KernelStack:       15552 kB
PageTables:        15800 kB
NFS_Unstable:          0 kB
Bounce:                0 kB
WritebackTmp:          0 kB
CommitLimit:     1450072 kB
Committed_AS:   26140468 kB
VmallocTotal:   251658176 kB
VmallocUsed:       99628 kB
VmallocChunk:   251482716 kB


[2024-11-19 19:06:49]
MemTotal:        1858332 kB
MemFree:          128180 kB
Buffers:             184 kB
Cached:          1210708 kB
SwapCached:        14812 kB
Active:           662144 kB
Inactive:         593492 kB
Active(anon):     107556 kB
Inactive(anon):    37240 kB
Active(file):     554588 kB
Inactive(file):   556252 kB
Unevictable:       99496 kB
Mlocked:           94212 kB
SwapTotal:        520908 kB
SwapFree:         368016 kB
Dirty:              1096 kB
Writeback:             0 kB
AnonPages:        144460 kB
Mapped:           889140 kB
Shmem:               580 kB
Slab:              86504 kB
SReclaimable:      33280 kB
SUnreclaim:        53224 kB
KernelStack:       15552 kB
PageTables:        15832 kB
NFS_Unstable:          0 kB
Bounce:                0 kB
WritebackTmp:          0 kB
CommitLimit:     1450072 kB
Committed_AS:   26140448 kB
VmallocTotal:   251658176 kB
VmallocUsed:       99628 kB
VmallocChunk:   251482716 kB


[2024-11-19 19:06:51]
MemTotal:        1858332 kB
MemFree:          129440 kB
Buffers:             192 kB
Cached:          1209876 kB
SwapCached:        14812 kB
Active:           662608 kB
Inactive:         592280 kB
Active(anon):     107752 kB
Inactive(anon):    37208 kB
Active(file):     554856 kB
Inactive(file):   555072 kB
Unevictable:       99496 kB
Mlocked:           94212 kB
SwapTotal:        520908 kB
SwapFree:         368016 kB
Dirty:             31928 kB
Writeback:             0 kB
AnonPages:        144564 kB
Mapped:           888076 kB
Shmem:               580 kB
Slab:              86376 kB
SReclaimable:      33216 kB
SUnreclaim:        53160 kB
KernelStack:       15552 kB
PageTables:        15852 kB
NFS_Unstable:          0 kB
Bounce:                0 kB
WritebackTmp:          0 kB
CommitLimit:     1450072 kB
Committed_AS:   26140416 kB
VmallocTotal:   251658176 kB
VmallocUsed:       99628 kB
VmallocChunk:   251482716 kB


[2024-11-19 19:06:53]
MemTotal:        1858332 kB
MemFree:          128320 kB
Buffers:             192 kB
Cached:          1210384 kB
SwapCached:        14812 kB
Active:           663140 kB
Inactive:         592572 kB
Active(anon):     108128 kB
Inactive(anon):    37176 kB
Active(file):     555012 kB
Inactive(file):   555396 kB
Unevictable:       99496 kB
Mlocked:           94212 kB
SwapTotal:        520908 kB
SwapFree:         368016 kB
Dirty:             56356 kB
Writeback:             0 kB
AnonPages:        144780 kB
Mapped:           888732 kB
Shmem:               580 kB
Slab:              86404 kB
SReclaimable:      33244 kB
SUnreclaim:        53160 kB
KernelStack:       15552 kB
PageTables:        15876 kB
NFS_Unstable:          0 kB
Bounce:                0 kB
WritebackTmp:          0 kB
CommitLimit:     1450072 kB
Committed_AS:   26140396 kB
VmallocTotal:   251658176 kB
VmallocUsed:       99628 kB
VmallocChunk:   251482716 kB


[2024-11-19 19:06:55]
MemTotal:        1858332 kB
MemFree:          106184 kB
Buffers:             744 kB
Cached:          1208788 kB
SwapCached:        14812 kB
Active:           686156 kB
Inactive:         592656 kB
Active(anon):     131440 kB
Inactive(anon):    37764 kB
Active(file):     554716 kB
Inactive(file):   554892 kB
Unevictable:       99496 kB
Mlocked:           94212 kB
SwapTotal:        520908 kB
SwapFree:         368032 kB
Dirty:             56572 kB
Writeback:             0 kB
AnonPages:        168684 kB
Mapped:           885136 kB
Shmem:               580 kB
Slab:              86132 kB
SReclaimable:      32960 kB
SUnreclaim:        53172 kB
KernelStack:       15696 kB
PageTables:        15980 kB
NFS_Unstable:          0 kB
Bounce:                0 kB
WritebackTmp:          0 kB
CommitLimit:     1450072 kB
Committed_AS:   26229508 kB
VmallocTotal:   251658176 kB
VmallocUsed:       99640 kB
VmallocChunk:   251482716 kB


[2024-11-19 19:06:57]
MemTotal:        1858332 kB
MemFree:           84852 kB
Buffers:             752 kB
Cached:          1203812 kB
SwapCached:        14812 kB
Active:           704844 kB
Inactive:         594648 kB
Active(anon):     152828 kB
Inactive(anon):    42012 kB
Active(file):     552016 kB
Inactive(file):   552636 kB
Unevictable:       99496 kB
Mlocked:           94212 kB
SwapTotal:        520908 kB
SwapFree:         368040 kB
Dirty:             56588 kB
Writeback:             0 kB
AnonPages:        194764 kB
Mapped:           882512 kB
Shmem:               580 kB
Slab:              85948 kB
SReclaimable:      32776 kB
SUnreclaim:        53172 kB
KernelStack:       15696 kB
PageTables:        16044 kB
NFS_Unstable:          0 kB
Bounce:                0 kB
WritebackTmp:          0 kB
CommitLimit:     1450072 kB
Committed_AS:   26255048 kB
VmallocTotal:   251658176 kB
VmallocUsed:       99640 kB
VmallocChunk:   251482716 kB


[2024-11-19 19:06:59]
MemTotal:        1858332 kB
MemFree:           33452 kB
Buffers:             732 kB
Cached:          1104640 kB
SwapCached:        14812 kB
Active:           763924 kB
Inactive:         589892 kB
Active(anon):     261176 kB
Inactive(anon):    87128 kB
Active(file):     502748 kB
Inactive(file):   502764 kB
Unevictable:       99496 kB
Mlocked:           94212 kB
SwapTotal:        520908 kB
SwapFree:         368220 kB
Dirty:                16 kB
Writeback:             0 kB
AnonPages:        347836 kB
Mapped:           827860 kB
Shmem:               580 kB
Slab:              82208 kB
SReclaimable:      28988 kB
SUnreclaim:        53220 kB
KernelStack:       15696 kB
PageTables:        16300 kB
NFS_Unstable:          0 kB
Bounce:                0 kB
WritebackTmp:          0 kB
CommitLimit:     1450072 kB
Committed_AS:   27051416 kB
VmallocTotal:   251658176 kB
VmallocUsed:       99640 kB
VmallocChunk:   251482716 kB


[2024-11-19 19:07:02]
MemTotal:        1858332 kB
MemFree:           33024 kB
Buffers:             120 kB
Cached:           571308 kB
SwapCached:        14732 kB
Active:           899220 kB
Inactive:         457020 kB
Active(anon):     663696 kB
Inactive(anon):   221180 kB
Active(file):     235524 kB
Inactive(file):   235840 kB
Unevictable:       99496 kB
Mlocked:           94212 kB
SwapTotal:        520908 kB
SwapFree:         367976 kB
Dirty:                16 kB
Writeback:             0 kB
AnonPages:        884644 kB
Mapped:           201400 kB
Shmem:               580 kB
Slab:              78904 kB
SReclaimable:      25684 kB
SUnreclaim:        53220 kB
KernelStack:       15696 kB
PageTables:        17304 kB
NFS_Unstable:          0 kB
Bounce:                0 kB
WritebackTmp:          0 kB
CommitLimit:     1450072 kB
Committed_AS:   27051364 kB
VmallocTotal:   251658176 kB
VmallocUsed:       99640 kB
VmallocChunk:   251482716 kB


[2024-11-19 19:07:04]
MemTotal:        1858332 kB
MemFree:           33416 kB
Buffers:             196 kB
Cached:           218016 kB
SwapCached:        14708 kB
Active:          1004856 kB
Inactive:         353624 kB
Active(anon):     946432 kB
Inactive(anon):   293836 kB
Active(file):      58424 kB
Inactive(file):    59788 kB
Unevictable:       99496 kB
Mlocked:           94212 kB
SwapTotal:        520908 kB
SwapFree:         368136 kB
Dirty:                 4 kB
Writeback:             0 kB
AnonPages:       1239816 kB
Mapped:           111296 kB
Shmem:               576 kB
Slab:              77836 kB
SReclaimable:      24740 kB
SUnreclaim:        53096 kB
KernelStack:       15328 kB
PageTables:        16824 kB
NFS_Unstable:          0 kB
Bounce:                0 kB
WritebackTmp:          0 kB
CommitLimit:     1450072 kB
Committed_AS:   24116308 kB
VmallocTotal:   251658176 kB
VmallocUsed:       96580 kB
VmallocChunk:   251482716 kB


[2024-11-19 19:07:06]
MemTotal:        1858332 kB
MemFree:           32948 kB
Buffers:             196 kB
Cached:           210240 kB
SwapCached:        14708 kB
Active:           997692 kB
Inactive:         361240 kB
Active(anon):     942364 kB
Inactive(anon):   306056 kB
Active(file):      55328 kB
Inactive(file):    55184 kB
Unevictable:       99496 kB
Mlocked:           94212 kB
SwapTotal:        520908 kB
SwapFree:         368140 kB
Dirty:                32 kB
Writeback:             0 kB
AnonPages:       1247952 kB
Mapped:           111432 kB
Shmem:               576 kB
Slab:              77836 kB
SReclaimable:      24740 kB
SUnreclaim:        53096 kB
KernelStack:       15296 kB
PageTables:        16820 kB
NFS_Unstable:          0 kB
Bounce:                0 kB
WritebackTmp:          0 kB
CommitLimit:     1450072 kB
Committed_AS:   24116272 kB
VmallocTotal:   251658176 kB
VmallocUsed:       96580 kB
VmallocChunk:   251482716 kB


[2024-11-19 19:07:08]
MemTotal:        1858332 kB
MemFree:           33696 kB
Buffers:             164 kB
Cached:           209020 kB
SwapCached:        14708 kB
Active:           990844 kB
Inactive:         367260 kB
Active(anon):     936660 kB
Inactive(anon):   312072 kB
Active(file):      54184 kB
Inactive(file):    55188 kB
Unevictable:       99496 kB
Mlocked:           94212 kB
SwapTotal:        520908 kB
SwapFree:         368140 kB
Dirty:                32 kB
Writeback:             0 kB
AnonPages:       1248208 kB
Mapped:           113292 kB
Shmem:               576 kB
Slab:              77732 kB
SReclaimable:      24740 kB
SUnreclaim:        52992 kB
KernelStack:       15296 kB
PageTables:        16820 kB
NFS_Unstable:          0 kB
Bounce:                0 kB
WritebackTmp:          0 kB
CommitLimit:     1450072 kB
Committed_AS:   24116380 kB
VmallocTotal:   251658176 kB
VmallocUsed:       96580 kB
VmallocChunk:   251482716 kB


[2024-11-19 19:07:11]
MemTotal:        1858332 kB
MemFree:           34404 kB
Buffers:             148 kB
Cached:           210732 kB
SwapCached:        14688 kB
Active:           989276 kB
Inactive:         368164 kB
Active(anon):     934672 kB
Inactive(anon):   311740 kB
Active(file):      54604 kB
Inactive(file):    56424 kB
Unevictable:       99496 kB
Mlocked:           94212 kB
SwapTotal:        520908 kB
SwapFree:         368152 kB
Dirty:                 0 kB
Writeback:             0 kB
AnonPages:       1245964 kB
Mapped:           113936 kB
Shmem:               576 kB
Slab:              77732 kB
SReclaimable:      24740 kB
SUnreclaim:        52992 kB
KernelStack:       15296 kB
PageTables:        16820 kB
NFS_Unstable:          0 kB
Bounce:                0 kB
WritebackTmp:          0 kB
CommitLimit:     1450072 kB
Committed_AS:   24116308 kB
VmallocTotal:   251658176 kB
VmallocUsed:       96580 kB
VmallocChunk:   251482716 kB


[2024-11-19 19:07:13]
MemTotal:        1858332 kB
MemFree:           34256 kB
Buffers:             148 kB
Cached:           210832 kB
SwapCached:        14676 kB
Active:           989548 kB
Inactive:         367788 kB
Active(anon):     934728 kB
Inactive(anon):   311488 kB
Active(file):      54820 kB
Inactive(file):    56300 kB
Unevictable:       99496 kB
Mlocked:           94212 kB
SwapTotal:        520908 kB
SwapFree:         368492 kB
Dirty:                 0 kB
Writeback:             0 kB
AnonPages:       1245676 kB
Mapped:           114460 kB
Shmem:               576 kB
Slab:              77732 kB
SReclaimable:      24740 kB
SUnreclaim:        52992 kB
KernelStack:       15296 kB
PageTables:        16820 kB
NFS_Unstable:          0 kB
Bounce:                0 kB
WritebackTmp:          0 kB
CommitLimit:     1450072 kB
Committed_AS:   24116300 kB
VmallocTotal:   251658176 kB
VmallocUsed:       96580 kB
VmallocChunk:   251482716 kB


[2024-11-19 19:07:15]
MemTotal:        1858332 kB
MemFree:           34524 kB
Buffers:             156 kB
Cached:           210540 kB
SwapCached:        14676 kB
Active:           990156 kB
Inactive:         367076 kB
Active(anon):     934804 kB
Inactive(anon):   311600 kB
Active(file):      55352 kB
Inactive(file):    55476 kB
Unevictable:       99496 kB
Mlocked:           94212 kB
SwapTotal:        520908 kB
SwapFree:         368492 kB
Dirty:                12 kB
Writeback:             0 kB
AnonPages:       1245980 kB
Mapped:           114580 kB
Shmem:               576 kB
Slab:              77796 kB
SReclaimable:      24740 kB
SUnreclaim:        53056 kB
KernelStack:       15296 kB
PageTables:        16820 kB
NFS_Unstable:          0 kB
Bounce:                0 kB
WritebackTmp:          0 kB
CommitLimit:     1450072 kB
Committed_AS:   24116300 kB
VmallocTotal:   251658176 kB
VmallocUsed:       96580 kB
VmallocChunk:   251482716 kB


[2024-11-19 19:07:17]
MemTotal:        1858332 kB
MemFree:           34720 kB
Buffers:             112 kB
Cached:           211312 kB
SwapCached:        14228 kB
Active:           989200 kB
Inactive:         367744 kB
Active(anon):     934152 kB
Inactive(anon):   311232 kB
Active(file):      55048 kB
Inactive(file):    56512 kB
Unevictable:       99496 kB
Mlocked:           94212 kB
SwapTotal:        520908 kB
SwapFree:         367584 kB
Dirty:                12 kB
Writeback:             0 kB
AnonPages:       1244784 kB
Mapped:           117184 kB
Shmem:               572 kB
Slab:              77764 kB
SReclaimable:      24740 kB
SUnreclaim:        53024 kB
KernelStack:       15296 kB
PageTables:        16820 kB
NFS_Unstable:          0 kB
Bounce:                0 kB
WritebackTmp:          0 kB
CommitLimit:     1450072 kB
Committed_AS:   24116264 kB
VmallocTotal:   251658176 kB
VmallocUsed:       96580 kB
VmallocChunk:   251482716 kB


[2024-11-19 19:07:20]
MemTotal:        1858332 kB
MemFree:           34240 kB
Buffers:             112 kB
Cached:           211804 kB
SwapCached:        14228 kB
Active:           989468 kB
Inactive:         368184 kB
Active(anon):     934344 kB
Inactive(anon):   311220 kB
Active(file):      55124 kB
Inactive(file):    56964 kB
Unevictable:       99496 kB
Mlocked:           94212 kB
SwapTotal:        520908 kB
SwapFree:         367612 kB
Dirty:                 0 kB
Writeback:             0 kB
AnonPages:       1245072 kB
Mapped:           117412 kB
Shmem:               572 kB
Slab:              77764 kB
SReclaimable:      24740 kB
SUnreclaim:        53024 kB
KernelStack:       15328 kB
PageTables:        16848 kB
NFS_Unstable:          0 kB
Bounce:                0 kB
WritebackTmp:          0 kB
CommitLimit:     1450072 kB
Committed_AS:   24116304 kB
VmallocTotal:   251658176 kB
VmallocUsed:       96580 kB
VmallocChunk:   251482716 kB


[2024-11-19 19:07:22]
MemTotal:        1858332 kB
MemFree:           34276 kB
Buffers:             112 kB
Cached:           211604 kB
SwapCached:        14228 kB
Active:           989732 kB
Inactive:         367644 kB
Active(anon):     934276 kB
Inactive(anon):   311188 kB
Active(file):      55456 kB
Inactive(file):    56456 kB
Unevictable:       99496 kB
Mlocked:           94212 kB
SwapTotal:        520908 kB
SwapFree:         367440 kB
Dirty:                 0 kB
Writeback:             0 kB
AnonPages:       1244968 kB
Mapped:           117472 kB
Shmem:               572 kB
Slab:              77772 kB
SReclaimable:      24740 kB
SUnreclaim:        53032 kB
KernelStack:       15296 kB
PageTables:        16820 kB
NFS_Unstable:          0 kB
Bounce:                0 kB
WritebackTmp:          0 kB
CommitLimit:     1450072 kB
Committed_AS:   24116296 kB
VmallocTotal:   251658176 kB
VmallocUsed:       96580 kB
VmallocChunk:   251482716 kB


[2024-11-19 19:07:25]
MemTotal:        1858332 kB
MemFree:           34664 kB
Buffers:             112 kB
Cached:           211660 kB
SwapCached:        14228 kB
Active:           990128 kB
Inactive:         367544 kB
Active(anon):     934672 kB
Inactive(anon):   311080 kB
Active(file):      55456 kB
Inactive(file):    56464 kB
Unevictable:       99496 kB
Mlocked:           94212 kB
SwapTotal:        520908 kB
SwapFree:         367440 kB
Dirty:                 0 kB
Writeback:             0 kB
AnonPages:       1245236 kB
Mapped:           117492 kB
Shmem:               572 kB
Slab:              77772 kB
SReclaimable:      24740 kB
SUnreclaim:        53032 kB
KernelStack:       15296 kB
PageTables:        16820 kB
NFS_Unstable:          0 kB
Bounce:                0 kB
WritebackTmp:          0 kB
CommitLimit:     1450072 kB
Committed_AS:   24116188 kB
VmallocTotal:   251658176 kB
VmallocUsed:       96580 kB
VmallocChunk:   251482716 kB


[2024-11-19 19:07:27]
MemTotal:        1858332 kB
MemFree:           34364 kB
Buffers:             112 kB
Cached:           211852 kB
SwapCached:        14412 kB
Active:           990460 kB
Inactive:         367632 kB
Active(anon):     935004 kB
Inactive(anon):   310996 kB
Active(file):      55456 kB
Inactive(file):    56636 kB
Unevictable:       99496 kB
Mlocked:           94212 kB
SwapTotal:        520908 kB
SwapFree:         367448 kB
Dirty:                 0 kB
Writeback:             0 kB
AnonPages:       1245428 kB
Mapped:           117424 kB
Shmem:               572 kB
Slab:              77772 kB
SReclaimable:      24740 kB
SUnreclaim:        53032 kB
KernelStack:       15328 kB
PageTables:        16852 kB
NFS_Unstable:          0 kB
Bounce:                0 kB
WritebackTmp:          0 kB
CommitLimit:     1450072 kB
Committed_AS:   24116344 kB
VmallocTotal:   251658176 kB
VmallocUsed:       96580 kB
VmallocChunk:   251482716 kB


[2024-11-19 19:07:29]
MemTotal:        1858332 kB
MemFree:           33852 kB
Buffers:             112 kB
Cached:           208612 kB
SwapCached:        14380 kB
Active:           991700 kB
Inactive:         366832 kB
Active(anon):     937296 kB
Inactive(anon):   312476 kB
Active(file):      54404 kB
Inactive(file):    54356 kB
Unevictable:       99496 kB
Mlocked:           94212 kB
SwapTotal:        520908 kB
SwapFree:         366820 kB
Dirty:                 0 kB
Writeback:             0 kB
AnonPages:       1249260 kB
Mapped:           117824 kB
Shmem:               572 kB
Slab:              77772 kB
SReclaimable:      24740 kB
SUnreclaim:        53032 kB
KernelStack:       15264 kB
PageTables:        16844 kB
NFS_Unstable:          0 kB
Bounce:                0 kB
WritebackTmp:          0 kB
CommitLimit:     1450072 kB
Committed_AS:   24117896 kB
VmallocTotal:   251658176 kB
VmallocUsed:       96580 kB
VmallocChunk:   251482716 kB


[2024-11-19 19:07:32]
MemTotal:        1858332 kB
MemFree:           32408 kB
Buffers:             112 kB
Cached:           210496 kB
SwapCached:        14376 kB
Active:           991980 kB
Inactive:         368692 kB
Active(anon):     937528 kB
Inactive(anon):   312452 kB
Active(file):      54452 kB
Inactive(file):    56240 kB
Unevictable:       99496 kB
Mlocked:           94212 kB
SwapTotal:        520908 kB
SwapFree:         366828 kB
Dirty:                 0 kB
Writeback:             0 kB
AnonPages:       1249100 kB
Mapped:           117968 kB
Shmem:               572 kB
Slab:              77648 kB
SReclaimable:      24688 kB
SUnreclaim:        52960 kB
KernelStack:       15296 kB
PageTables:        16844 kB
NFS_Unstable:          0 kB
Bounce:                0 kB
WritebackTmp:          0 kB
CommitLimit:     1450072 kB
Committed_AS:   24117880 kB
VmallocTotal:   251658176 kB
VmallocUsed:       96580 kB
VmallocChunk:   251482716 kB


[2024-11-19 19:07:34]
MemTotal:        1858332 kB
MemFree:           32332 kB
Buffers:             112 kB
Cached:           211020 kB
SwapCached:        14376 kB
Active:           992092 kB
Inactive:         369084 kB
Active(anon):     937640 kB
Inactive(anon):   312388 kB
Active(file):      54452 kB
Inactive(file):    56696 kB
Unevictable:       99496 kB
Mlocked:           94212 kB
SwapTotal:        520908 kB
SwapFree:         366836 kB
Dirty:                 0 kB
Writeback:             0 kB
AnonPages:       1249248 kB
Mapped:           117988 kB
Shmem:               572 kB
Slab:              77628 kB
SReclaimable:      24688 kB
SUnreclaim:        52940 kB
KernelStack:       15264 kB
PageTables:        16832 kB
NFS_Unstable:          0 kB
Bounce:                0 kB
WritebackTmp:          0 kB
CommitLimit:     1450072 kB
Committed_AS:   24117860 kB
VmallocTotal:   251658176 kB
VmallocUsed:       96580 kB
VmallocChunk:   251482716 kB


[2024-11-19 19:07:37]
MemTotal:        1858332 kB
MemFree:           44704 kB
Buffers:             152 kB
Cached:           198616 kB
SwapCached:        14048 kB
Active:           986120 kB
Inactive:         361640 kB
Active(anon):     936752 kB
Inactive(anon):   312112 kB
Active(file):      49368 kB
Inactive(file):    49528 kB
Unevictable:       99496 kB
Mlocked:           94212 kB
SwapTotal:        520908 kB
SwapFree:         365336 kB
Dirty:                28 kB
Writeback:             0 kB
AnonPages:       1248424 kB
Mapped:           118532 kB
Shmem:               572 kB
Slab:              77596 kB
SReclaimable:      24656 kB
SUnreclaim:        52940 kB
KernelStack:       15296 kB
PageTables:        16844 kB
NFS_Unstable:          0 kB
Bounce:                0 kB
WritebackTmp:          0 kB
CommitLimit:     1450072 kB
Committed_AS:   24117740 kB
VmallocTotal:   251658176 kB
VmallocUsed:       96580 kB
VmallocChunk:   251482716 kB


[2024-11-19 19:07:39]
MemTotal:        1858332 kB
MemFree:           44004 kB
Buffers:             152 kB
Cached:           199484 kB
SwapCached:        14048 kB
Active:           986652 kB
Inactive:         362640 kB
Active(anon):     937284 kB
Inactive(anon):   312112 kB
Active(file):      49368 kB
Inactive(file):    50528 kB
Unevictable:       99496 kB
Mlocked:           94212 kB
SwapTotal:        520908 kB
SwapFree:         365344 kB
Dirty:                28 kB
Writeback:             0 kB
AnonPages:       1248804 kB
Mapped:           118756 kB
Shmem:               572 kB
Slab:              77596 kB
SReclaimable:      24656 kB
SUnreclaim:        52940 kB
KernelStack:       15328 kB
PageTables:        16856 kB
NFS_Unstable:          0 kB
Bounce:                0 kB
WritebackTmp:          0 kB
CommitLimit:     1450072 kB
Committed_AS:   24109436 kB
VmallocTotal:   251658176 kB
VmallocUsed:       96580 kB
VmallocChunk:   251482716 kB


[2024-11-19 19:07:42]
MemTotal:        1858332 kB
MemFree:           36796 kB
Buffers:             160 kB
Cached:           205872 kB
SwapCached:        14048 kB
Active:           987224 kB
Inactive:         369000 kB
Active(anon):     937856 kB
Inactive(anon):   312156 kB
Active(file):      49368 kB
Inactive(file):    56844 kB
Unevictable:       99496 kB
Mlocked:           94212 kB
SwapTotal:        520908 kB
SwapFree:         365384 kB
Dirty:                32 kB
Writeback:             0 kB
AnonPages:       1249528 kB
Mapped:           119212 kB
Shmem:               572 kB
Slab:              77708 kB
SReclaimable:      24656 kB
SUnreclaim:        53052 kB
KernelStack:       15296 kB
PageTables:        16844 kB
NFS_Unstable:          0 kB
Bounce:                0 kB
WritebackTmp:          0 kB
CommitLimit:     1450072 kB
Committed_AS:   24117628 kB
VmallocTotal:   251658176 kB
VmallocUsed:       96580 kB
VmallocChunk:   251482716 kB


[2024-11-19 19:07:44]
MemTotal:        1858332 kB
MemFree:           36556 kB
Buffers:             160 kB
Cached:           205872 kB
SwapCached:        14048 kB
Active:           987544 kB
Inactive:         369004 kB
Active(anon):     938176 kB
Inactive(anon):   312152 kB
Active(file):      49368 kB
Inactive(file):    56852 kB
Unevictable:       99496 kB
Mlocked:           94212 kB
SwapTotal:        520908 kB
SwapFree:         365384 kB
Dirty:                32 kB
Writeback:             0 kB
AnonPages:       1250012 kB
Mapped:           119264 kB
Shmem:               572 kB
Slab:              77708 kB
SReclaimable:      24656 kB
SUnreclaim:        53052 kB
KernelStack:       15328 kB
PageTables:        16860 kB
NFS_Unstable:          0 kB
Bounce:                0 kB
WritebackTmp:          0 kB
CommitLimit:     1450072 kB
Committed_AS:   24117724 kB
VmallocTotal:   251658176 kB
VmallocUsed:       96580 kB
VmallocChunk:   251482716 kB


[2024-11-19 19:07:47]
MemTotal:        1858332 kB
MemFree:           39452 kB
Buffers:             160 kB
Cached:           205940 kB
SwapCached:        14048 kB
Active:           988744 kB
Inactive:         364408 kB
Active(anon):     939376 kB
Inactive(anon):   307488 kB
Active(file):      49368 kB
Inactive(file):    56920 kB
Unevictable:       99496 kB
Mlocked:           94212 kB
SwapTotal:        520908 kB
SwapFree:         365388 kB
Dirty:                 0 kB
Writeback:             0 kB
AnonPages:       1246364 kB
Mapped:           119468 kB
Shmem:               572 kB
Slab:              77708 kB
SReclaimable:      24656 kB
SUnreclaim:        53052 kB
KernelStack:       15296 kB
PageTables:        16844 kB
NFS_Unstable:          0 kB
Bounce:                0 kB
WritebackTmp:          0 kB
CommitLimit:     1450072 kB
Committed_AS:   24117896 kB
VmallocTotal:   251658176 kB
VmallocUsed:       96580 kB
VmallocChunk:   251482716 kB


[2024-11-19 19:07:49]
MemTotal:        1858332 kB
MemFree:           39212 kB
Buffers:             160 kB
Cached:           206124 kB
SwapCached:        14048 kB
Active:           989020 kB
Inactive:         364528 kB
Active(anon):     939652 kB
Inactive(anon):   307484 kB
Active(file):      49368 kB
Inactive(file):    57044 kB
Unevictable:       99496 kB
Mlocked:           94212 kB
SwapTotal:        520908 kB
SwapFree:         365388 kB
Dirty:                 0 kB
Writeback:             0 kB
AnonPages:       1246424 kB
Mapped:           119284 kB
Shmem:               572 kB
Slab:              77708 kB
SReclaimable:      24656 kB
SUnreclaim:        53052 kB
KernelStack:       15312 kB
PageTables:        16876 kB
NFS_Unstable:          0 kB
Bounce:                0 kB
WritebackTmp:          0 kB
CommitLimit:     1450072 kB
Committed_AS:   24117756 kB
VmallocTotal:   251658176 kB
VmallocUsed:       96580 kB
VmallocChunk:   251482716 kB


[2024-11-19 19:07:52]
MemTotal:        1858332 kB
MemFree:           37596 kB
Buffers:             160 kB
Cached:           207704 kB
SwapCached:        14048 kB
Active:           987264 kB
Inactive:         367768 kB
Active(anon):     937876 kB
Inactive(anon):   309156 kB
Active(file):      49388 kB
Inactive(file):    58612 kB
Unevictable:       99496 kB
Mlocked:           94212 kB
SwapTotal:        520908 kB
SwapFree:         365380 kB
Dirty:                 0 kB
Writeback:             0 kB
AnonPages:       1246536 kB
Mapped:           119664 kB
Shmem:               572 kB
Slab:              77708 kB
SReclaimable:      24656 kB
SUnreclaim:        53052 kB
KernelStack:       15328 kB
PageTables:        16896 kB
NFS_Unstable:          0 kB
Bounce:                0 kB
WritebackTmp:          0 kB
CommitLimit:     1450072 kB
Committed_AS:   24117888 kB
VmallocTotal:   251658176 kB
VmallocUsed:       96580 kB
VmallocChunk:   251482716 kB


[2024-11-19 19:07:54]
MemTotal:        1858332 kB
MemFree:           37732 kB
Buffers:             160 kB
Cached:           207704 kB
SwapCached:        14048 kB
Active:           987748 kB
Inactive:         367812 kB
Active(anon):     938360 kB
Inactive(anon):   309148 kB
Active(file):      49388 kB
Inactive(file):    58664 kB
Unevictable:       99496 kB
Mlocked:           94212 kB
SwapTotal:        520908 kB
SwapFree:         365380 kB
Dirty:                 0 kB
Writeback:             0 kB
AnonPages:       1247004 kB
Mapped:           119744 kB
Shmem:               572 kB
Slab:              77708 kB
SReclaimable:      24656 kB
SUnreclaim:        53052 kB
KernelStack:       15296 kB
PageTables:        16844 kB
NFS_Unstable:          0 kB
Bounce:                0 kB
WritebackTmp:          0 kB
CommitLimit:     1450072 kB
Committed_AS:   24117672 kB
VmallocTotal:   251658176 kB
VmallocUsed:       96580 kB
VmallocChunk:   251482716 kB


[2024-11-19 19:07:57]
MemTotal:        1858332 kB
MemFree:           40496 kB
Buffers:             160 kB
Cached:           204608 kB
SwapCached:        14052 kB
Active:           985628 kB
Inactive:         366932 kB
Active(anon):     935736 kB
Inactive(anon):   311904 kB
Active(file):      49892 kB
Inactive(file):    55028 kB
Unevictable:       99496 kB
Mlocked:           94212 kB
SwapTotal:        520908 kB
SwapFree:         365376 kB
Dirty:                 0 kB
Writeback:             0 kB
AnonPages:       1246888 kB
Mapped:           119884 kB
Shmem:               572 kB
Slab:              77588 kB
SReclaimable:      24656 kB
SUnreclaim:        52932 kB
KernelStack:       15328 kB
PageTables:        16872 kB
NFS_Unstable:          0 kB
Bounce:                0 kB
WritebackTmp:          0 kB
CommitLimit:     1450072 kB
Committed_AS:   24117808 kB
VmallocTotal:   251658176 kB
VmallocUsed:       96580 kB
VmallocChunk:   251482716 kB


[2024-11-19 19:07:59]
MemTotal:        1858332 kB
MemFree:           39376 kB
Buffers:             160 kB
Cached:           205008 kB
SwapCached:        14052 kB
Active:           985776 kB
Inactive:         367364 kB
Active(anon):     935880 kB
Inactive(anon):   311912 kB
Active(file):      49896 kB
Inactive(file):    55452 kB
Unevictable:       99496 kB
Mlocked:           94212 kB
SwapTotal:        520908 kB
SwapFree:         365388 kB
Dirty:                 0 kB
Writeback:             0 kB
AnonPages:       1247104 kB
Mapped:           119952 kB
Shmem:               572 kB
Slab:              77588 kB
SReclaimable:      24656 kB
SUnreclaim:        52932 kB
KernelStack:       15296 kB
PageTables:        16844 kB
NFS_Unstable:          0 kB
Bounce:                0 kB
WritebackTmp:          0 kB
CommitLimit:     1450072 kB
Committed_AS:   24117860 kB
VmallocTotal:   251658176 kB
VmallocUsed:       96580 kB
VmallocChunk:   251482716 kB


[2024-11-19 19:08:01]
MemTotal:        1858332 kB
MemFree:           38792 kB
Buffers:             160 kB
Cached:           205008 kB
SwapCached:        14056 kB
Active:           985892 kB
Inactive:         367376 kB
Active(anon):     935996 kB
Inactive(anon):   311916 kB
Active(file):      49896 kB
Inactive(file):    55460 kB
Unevictable:       99496 kB
Mlocked:           94212 kB
SwapTotal:        520908 kB
SwapFree:         365388 kB
Dirty:                 0 kB
Writeback:             0 kB
AnonPages:       1247284 kB
Mapped:           119952 kB
Shmem:               572 kB
Slab:              77588 kB
SReclaimable:      24656 kB
SUnreclaim:        52932 kB
KernelStack:       15296 kB
PageTables:        16844 kB
NFS_Unstable:          0 kB
Bounce:                0 kB
WritebackTmp:          0 kB
CommitLimit:     1450072 kB
Committed_AS:   24117876 kB
VmallocTotal:   251658176 kB
VmallocUsed:       96580 kB
VmallocChunk:   251482716 kB


[2024-11-19 19:08:03]
MemTotal:        1858332 kB
MemFree:           39032 kB
Buffers:             160 kB
Cached:           205008 kB
SwapCached:        14056 kB
Active:           985708 kB
Inactive:         367368 kB
Active(anon):     935812 kB
Inactive(anon):   311908 kB
Active(file):      49896 kB
Inactive(file):    55460 kB
Unevictable:       99496 kB
Mlocked:           94212 kB
SwapTotal:        520908 kB
SwapFree:         365392 kB
Dirty:                 0 kB
Writeback:             0 kB
AnonPages:       1247016 kB
Mapped:           119952 kB
Shmem:               572 kB
Slab:              77588 kB
SReclaimable:      24656 kB
SUnreclaim:        52932 kB
KernelStack:       15296 kB
PageTables:        16844 kB
NFS_Unstable:          0 kB
Bounce:                0 kB
WritebackTmp:          0 kB
CommitLimit:     1450072 kB
Committed_AS:   24117840 kB
VmallocTotal:   251658176 kB
VmallocUsed:       96580 kB
VmallocChunk:   251482716 kB


[2024-11-19 19:08:05]
MemTotal:        1858332 kB
MemFree:           37036 kB
Buffers:             160 kB
Cached:           206712 kB
SwapCached:        14072 kB
Active:           986048 kB
Inactive:         368980 kB
Active(anon):     936152 kB
Inactive(anon):   311916 kB
Active(file):      49896 kB
Inactive(file):    57064 kB
Unevictable:       99496 kB
Mlocked:           94212 kB
SwapTotal:        520908 kB
SwapFree:         365404 kB
Dirty:                 0 kB
Writeback:             0 kB
AnonPages:       1247392 kB
Mapped:           120064 kB
Shmem:               572 kB
Slab:              77588 kB
SReclaimable:      24656 kB
SUnreclaim:        52932 kB
KernelStack:       15296 kB
PageTables:        16844 kB
NFS_Unstable:          0 kB
Bounce:                0 kB
WritebackTmp:          0 kB
CommitLimit:     1450072 kB
Committed_AS:   24117936 kB
VmallocTotal:   251658176 kB
VmallocUsed:       96580 kB
VmallocChunk:   251482716 kB


[2024-11-19 19:08:08]
MemTotal:        1858332 kB
MemFree:           36464 kB
Buffers:             160 kB
Cached:           206712 kB
SwapCached:        14072 kB
Active:           986264 kB
Inactive:         369072 kB
Active(anon):     936368 kB
Inactive(anon):   311908 kB
Active(file):      49896 kB
Inactive(file):    57164 kB
Unevictable:       99496 kB
Mlocked:           94212 kB
SwapTotal:        520908 kB
SwapFree:         365428 kB
Dirty:                 0 kB
Writeback:             0 kB
AnonPages:       1247772 kB
Mapped:           119880 kB
Shmem:               572 kB
Slab:              77588 kB
SReclaimable:      24656 kB
SUnreclaim:        52932 kB
KernelStack:       15296 kB
PageTables:        16844 kB
NFS_Unstable:          0 kB
Bounce:                0 kB
WritebackTmp:          0 kB
CommitLimit:     1450072 kB
Committed_AS:   24117900 kB
VmallocTotal:   251658176 kB
VmallocUsed:       96580 kB
VmallocChunk:   251482716 kB


[2024-11-19 19:08:10]
MemTotal:        1858332 kB
MemFree:           36700 kB
Buffers:             160 kB
Cached:           206712 kB
SwapCached:        14072 kB
Active:           986636 kB
Inactive:         369072 kB
Active(anon):     936740 kB
Inactive(anon):   311908 kB
Active(file):      49896 kB
Inactive(file):    57164 kB
Unevictable:       99496 kB
Mlocked:           94212 kB
SwapTotal:        520908 kB
SwapFree:         365428 kB
Dirty:                 0 kB
Writeback:             0 kB
AnonPages:       1248056 kB
Mapped:           120064 kB
Shmem:               572 kB
Slab:              77588 kB
SReclaimable:      24656 kB
SUnreclaim:        52932 kB
KernelStack:       15296 kB
PageTables:        16844 kB
NFS_Unstable:          0 kB
Bounce:                0 kB
WritebackTmp:          0 kB
CommitLimit:     1450072 kB
Committed_AS:   24117864 kB
VmallocTotal:   251658176 kB
VmallocUsed:       96580 kB
VmallocChunk:   251482716 kB


[2024-11-19 19:08:12]
MemTotal:        1858332 kB
MemFree:           36240 kB
Buffers:             160 kB
Cached:           206712 kB
SwapCached:        14072 kB
Active:           986824 kB
Inactive:         369064 kB
Active(anon):     936928 kB
Inactive(anon):   311900 kB
Active(file):      49896 kB
Inactive(file):    57164 kB
Unevictable:       99496 kB
Mlocked:           94212 kB
SwapTotal:        520908 kB
SwapFree:         365428 kB
Dirty:                 0 kB
Writeback:             0 kB
AnonPages:       1248256 kB
Mapped:           120064 kB
Shmem:               572 kB
Slab:              77588 kB
SReclaimable:      24656 kB
SUnreclaim:        52932 kB
KernelStack:       15296 kB
PageTables:        16844 kB
NFS_Unstable:          0 kB
Bounce:                0 kB
WritebackTmp:          0 kB
CommitLimit:     1450072 kB
Committed_AS:   24117848 kB
VmallocTotal:   251658176 kB
VmallocUsed:       96580 kB
VmallocChunk:   251482716 kB


[2024-11-19 19:08:14]
MemTotal:        1858332 kB
MemFree:           36120 kB
Buffers:             160 kB
Cached:           206808 kB
SwapCached:        14072 kB
Active:           986844 kB
Inactive:         369160 kB
Active(anon):     936948 kB
Inactive(anon):   311900 kB
Active(file):      49896 kB
Inactive(file):    57260 kB
Unevictable:       99496 kB
Mlocked:           94212 kB
SwapTotal:        520908 kB
SwapFree:         365428 kB
Dirty:                 0 kB
Writeback:             0 kB
AnonPages:       1248328 kB
Mapped:           120080 kB
Shmem:               572 kB
Slab:              77588 kB
SReclaimable:      24656 kB
SUnreclaim:        52932 kB
KernelStack:       15296 kB
PageTables:        16844 kB
NFS_Unstable:          0 kB
Bounce:                0 kB
WritebackTmp:          0 kB
CommitLimit:     1450072 kB
Committed_AS:   24117924 kB
VmallocTotal:   251658176 kB
VmallocUsed:       96580 kB
VmallocChunk:   251482716 kB


[2024-11-19 19:08:16]
MemTotal:        1858332 kB
MemFree:           38352 kB
Buffers:             168 kB
Cached:           203728 kB
SwapCached:        14072 kB
Active:           986780 kB
Inactive:         366256 kB
Active(anon):     936636 kB
Inactive(anon):   312356 kB
Active(file):      50144 kB
Inactive(file):    53900 kB
Unevictable:       99496 kB
Mlocked:           94212 kB
SwapTotal:        520908 kB
SwapFree:         365428 kB
Dirty:                 0 kB
Writeback:             0 kB
AnonPages:       1248344 kB
Mapped:           120104 kB
Shmem:               572 kB
Slab:              77588 kB
SReclaimable:      24656 kB
SUnreclaim:        52932 kB
KernelStack:       15296 kB
PageTables:        16844 kB
NFS_Unstable:          0 kB
Bounce:                0 kB
WritebackTmp:          0 kB
CommitLimit:     1450072 kB
Committed_AS:   24117992 kB
VmallocTotal:   251658176 kB
VmallocUsed:       96580 kB
VmallocChunk:   251482716 kB


[2024-11-19 19:08:18]
MemTotal:        1858332 kB
MemFree:           43668 kB
Buffers:             168 kB
Cached:           204688 kB
SwapCached:        14072 kB
Active:           980952 kB
Inactive:         366832 kB
Active(anon):     930780 kB
Inactive(anon):   311972 kB
Active(file):      50172 kB
Inactive(file):    54860 kB
Unevictable:       99496 kB
Mlocked:           94212 kB
SwapTotal:        520908 kB
SwapFree:         365432 kB
Dirty:                 0 kB
Writeback:             0 kB
AnonPages:       1241972 kB
Mapped:           120348 kB
Shmem:               572 kB
Slab:              77588 kB
SReclaimable:      24656 kB
SUnreclaim:        52932 kB
KernelStack:       15296 kB
PageTables:        16844 kB
NFS_Unstable:          0 kB
Bounce:                0 kB
WritebackTmp:          0 kB
CommitLimit:     1450072 kB
Committed_AS:   24117824 kB
VmallocTotal:   251658176 kB
VmallocUsed:       96580 kB
VmallocChunk:   251482716 kB


[2024-11-19 19:08:20]
MemTotal:        1858332 kB
MemFree:           43896 kB
Buffers:             168 kB
Cached:           204688 kB
SwapCached:        14072 kB
Active:           980864 kB
Inactive:         366824 kB
Active(anon):     930692 kB
Inactive(anon):   311952 kB
Active(file):      50172 kB
Inactive(file):    54872 kB
Unevictable:       99496 kB
Mlocked:           94212 kB
SwapTotal:        520908 kB
SwapFree:         365432 kB
Dirty:                 0 kB
Writeback:             0 kB
AnonPages:       1241936 kB
Mapped:           120348 kB
Shmem:               572 kB
Slab:              77588 kB
SReclaimable:      24656 kB
SUnreclaim:        52932 kB
KernelStack:       15296 kB
PageTables:        16844 kB
NFS_Unstable:          0 kB
Bounce:                0 kB
WritebackTmp:          0 kB
CommitLimit:     1450072 kB
Committed_AS:   24117816 kB
VmallocTotal:   251658176 kB
VmallocUsed:       96580 kB
VmallocChunk:   251482716 kB


[2024-11-19 19:08:22]
MemTotal:        1858332 kB
MemFree:           43316 kB
Buffers:             168 kB
Cached:           204688 kB
SwapCached:        14072 kB
Active:           981116 kB
Inactive:         366816 kB
Active(anon):     930944 kB
Inactive(anon):   311944 kB
Active(file):      50172 kB
Inactive(file):    54872 kB
Unevictable:       99496 kB
Mlocked:           94212 kB
SwapTotal:        520908 kB
SwapFree:         365432 kB
Dirty:                 0 kB
Writeback:             0 kB
AnonPages:       1242364 kB
Mapped:           120168 kB
Shmem:               572 kB
Slab:              77636 kB
SReclaimable:      24672 kB
SUnreclaim:        52964 kB
KernelStack:       15296 kB
PageTables:        16844 kB
NFS_Unstable:          0 kB
Bounce:                0 kB
WritebackTmp:          0 kB
CommitLimit:     1450072 kB
Committed_AS:   24117824 kB
VmallocTotal:   251658176 kB
VmallocUsed:       96580 kB
VmallocChunk:   251482716 kB


[2024-11-19 19:08:25]
MemTotal:        1858332 kB
MemFree:           44512 kB
Buffers:             168 kB
Cached:           204804 kB
SwapCached:        14072 kB
Active:           981192 kB
Inactive:         366932 kB
Active(anon):     931020 kB
Inactive(anon):   311948 kB
Active(file):      50172 kB
Inactive(file):    54984 kB
Unevictable:       99496 kB
Mlocked:           94212 kB
SwapTotal:        520908 kB
SwapFree:         365436 kB
Dirty:                 0 kB
Writeback:             0 kB
AnonPages:       1242384 kB
Mapped:           120172 kB
Shmem:               572 kB
Slab:              77620 kB
SReclaimable:      24656 kB
SUnreclaim:        52964 kB
KernelStack:       15296 kB
PageTables:        16844 kB
NFS_Unstable:          0 kB
Bounce:                0 kB
WritebackTmp:          0 kB
CommitLimit:     1450072 kB
Committed_AS:   24117660 kB
VmallocTotal:   251658176 kB
VmallocUsed:       96580 kB
VmallocChunk:   251482716 kB


[2024-11-19 19:08:27]
MemTotal:        1858332 kB
MemFree:           44316 kB
Buffers:             168 kB
Cached:           204804 kB
SwapCached:        14072 kB
Active:           981532 kB
Inactive:         366936 kB
Active(anon):     931360 kB
Inactive(anon):   311948 kB
Active(file):      50172 kB
Inactive(file):    54988 kB
Unevictable:       99496 kB
Mlocked:           94212 kB
SwapTotal:        520908 kB
SwapFree:         365436 kB
Dirty:                 0 kB
Writeback:             0 kB
AnonPages:       1242700 kB
Mapped:           120144 kB
Shmem:               572 kB
Slab:              77620 kB
SReclaimable:      24656 kB
SUnreclaim:        52964 kB
KernelStack:       15328 kB
PageTables:        16868 kB
NFS_Unstable:          0 kB
Bounce:                0 kB
WritebackTmp:          0 kB
CommitLimit:     1450072 kB
Committed_AS:   24117808 kB
VmallocTotal:   251658176 kB
VmallocUsed:       96580 kB
VmallocChunk:   251482716 kB


[2024-11-19 19:08:30]
MemTotal:        1858332 kB
MemFree:           44104 kB
Buffers:             168 kB
Cached:           204804 kB
SwapCached:        14072 kB
Active:           981604 kB
Inactive:         366916 kB
Active(anon):     931432 kB
Inactive(anon):   311928 kB
Active(file):      50172 kB
Inactive(file):    54988 kB
Unevictable:       99496 kB
Mlocked:           94212 kB
SwapTotal:        520908 kB
SwapFree:         365436 kB
Dirty:                 0 kB
Writeback:             0 kB
AnonPages:       1242676 kB
Mapped:           120180 kB
Shmem:               572 kB
Slab:              77620 kB
SReclaimable:      24656 kB
SUnreclaim:        52964 kB
KernelStack:       15296 kB
PageTables:        16848 kB
NFS_Unstable:          0 kB
Bounce:                0 kB
WritebackTmp:          0 kB
CommitLimit:     1450072 kB
Committed_AS:   24117920 kB
VmallocTotal:   251658176 kB
VmallocUsed:       96580 kB
VmallocChunk:   251482716 kB


[2024-11-19 19:08:32]
MemTotal:        1858332 kB
MemFree:           44004 kB
Buffers:             168 kB
Cached:           204872 kB
SwapCached:        14108 kB
Active:           981440 kB
Inactive:         367088 kB
Active(anon):     931268 kB
Inactive(anon):   312032 kB
Active(file):      50172 kB
Inactive(file):    55056 kB
Unevictable:       99496 kB
Mlocked:           94212 kB
SwapTotal:        520908 kB
SwapFree:         365508 kB
Dirty:                 0 kB
Writeback:             0 kB
AnonPages:       1242876 kB
Mapped:           120364 kB
Shmem:               572 kB
Slab:              77620 kB
SReclaimable:      24656 kB
SUnreclaim:        52964 kB
KernelStack:       15296 kB
PageTables:        16844 kB
NFS_Unstable:          0 kB
Bounce:                0 kB
WritebackTmp:          0 kB
CommitLimit:     1450072 kB
Committed_AS:   24117712 kB
VmallocTotal:   251658176 kB
VmallocUsed:       96580 kB
VmallocChunk:   251482716 kB


[2024-11-19 19:08:35]
MemTotal:        1858332 kB
MemFree:           43868 kB
Buffers:             168 kB
Cached:           204872 kB
SwapCached:        14108 kB
Active:           981988 kB
Inactive:         367088 kB
Active(anon):     931816 kB
Inactive(anon):   312032 kB
Active(file):      50172 kB
Inactive(file):    55056 kB
Unevictable:       99496 kB
Mlocked:           94212 kB
SwapTotal:        520908 kB
SwapFree:         365508 kB
Dirty:                 0 kB
Writeback:             0 kB
AnonPages:       1243164 kB
Mapped:           120304 kB
Shmem:               572 kB
Slab:              77620 kB
SReclaimable:      24656 kB
SUnreclaim:        52964 kB
KernelStack:       15328 kB
PageTables:        16880 kB
NFS_Unstable:          0 kB
Bounce:                0 kB
WritebackTmp:          0 kB
CommitLimit:     1450072 kB
Committed_AS:   24117616 kB
VmallocTotal:   251658176 kB
VmallocUsed:       96580 kB
VmallocChunk:   251482716 kB


[2024-11-19 19:08:37]
MemTotal:        1858332 kB
MemFree:           43448 kB
Buffers:             168 kB
Cached:           204872 kB
SwapCached:        14108 kB
Active:           982096 kB
Inactive:         367088 kB
Active(anon):     931924 kB
Inactive(anon):   312032 kB
Active(file):      50172 kB
Inactive(file):    55056 kB
Unevictable:       99496 kB
Mlocked:           94212 kB
SwapTotal:        520908 kB
SwapFree:         365508 kB
Dirty:                 0 kB
Writeback:             0 kB
AnonPages:       1243244 kB
Mapped:           120364 kB
Shmem:               572 kB
Slab:              77608 kB
SReclaimable:      24656 kB
SUnreclaim:        52952 kB
KernelStack:       15296 kB
PageTables:        16844 kB
NFS_Unstable:          0 kB
Bounce:                0 kB
WritebackTmp:          0 kB
CommitLimit:     1450072 kB
Committed_AS:   24117768 kB
VmallocTotal:   251658176 kB
VmallocUsed:       96580 kB
VmallocChunk:   251482716 kB


[2024-11-19 19:08:40]
MemTotal:        1858332 kB
MemFree:           43260 kB
Buffers:             168 kB
Cached:           204872 kB
SwapCached:        14108 kB
Active:           982424 kB
Inactive:         367092 kB
Active(anon):     932252 kB
Inactive(anon):   312036 kB
Active(file):      50172 kB
Inactive(file):    55056 kB
Unevictable:       99496 kB
Mlocked:           94212 kB
SwapTotal:        520908 kB
SwapFree:         365512 kB
Dirty:                 0 kB
Writeback:             0 kB
AnonPages:       1243696 kB
Mapped:           120248 kB
Shmem:               572 kB
Slab:              77608 kB
SReclaimable:      24656 kB
SUnreclaim:        52952 kB
KernelStack:       15312 kB
PageTables:        16872 kB
NFS_Unstable:          0 kB
Bounce:                0 kB
WritebackTmp:          0 kB
CommitLimit:     1450072 kB
Committed_AS:   24117764 kB
VmallocTotal:   251658176 kB
VmallocUsed:       96580 kB
VmallocChunk:   251482716 kB


[2024-11-19 19:08:42]
MemTotal:        1858332 kB
MemFree:           43160 kB
Buffers:             168 kB
Cached:           204872 kB
SwapCached:        14108 kB
Active:           982460 kB
Inactive:         367092 kB
Active(anon):     932288 kB
Inactive(anon):   312036 kB
Active(file):      50172 kB
Inactive(file):    55056 kB
Unevictable:       99496 kB
Mlocked:           94212 kB
SwapTotal:        520908 kB
SwapFree:         365512 kB
Dirty:                 0 kB
Writeback:             0 kB
AnonPages:       1243668 kB
Mapped:           120180 kB
Shmem:               572 kB
Slab:              77608 kB
SReclaimable:      24656 kB
SUnreclaim:        52952 kB
KernelStack:       15280 kB
PageTables:        16844 kB
NFS_Unstable:          0 kB
Bounce:                0 kB
WritebackTmp:          0 kB
CommitLimit:     1450072 kB
Committed_AS:   24117780 kB
VmallocTotal:   251658176 kB
VmallocUsed:       96580 kB
VmallocChunk:   251482716 kB


[2024-11-19 19:08:45]
MemTotal:        1858332 kB
MemFree:           43072 kB
Buffers:             168 kB
Cached:           204872 kB
SwapCached:        14108 kB
Active:           982644 kB
Inactive:         367092 kB
Active(anon):     932472 kB
Inactive(anon):   312036 kB
Active(file):      50172 kB
Inactive(file):    55056 kB
Unevictable:       99496 kB
Mlocked:           94212 kB
SwapTotal:        520908 kB
SwapFree:         365512 kB
Dirty:                 0 kB
Writeback:             0 kB
AnonPages:       1243752 kB
Mapped:           120304 kB
Shmem:               572 kB
Slab:              77608 kB
SReclaimable:      24656 kB
SUnreclaim:        52952 kB
KernelStack:       15312 kB
PageTables:        16868 kB
NFS_Unstable:          0 kB
Bounce:                0 kB
WritebackTmp:          0 kB
CommitLimit:     1450072 kB
Committed_AS:   24117912 kB
VmallocTotal:   251658176 kB
VmallocUsed:       96580 kB
VmallocChunk:   251482716 kB


[2024-11-19 19:08:48]
MemTotal:        1858332 kB
MemFree:           43312 kB
Buffers:             168 kB
Cached:           204872 kB
SwapCached:        14108 kB
Active:           982848 kB
Inactive:         367092 kB
Active(anon):     932676 kB
Inactive(anon):   312036 kB
Active(file):      50172 kB
Inactive(file):    55056 kB
Unevictable:       99496 kB
Mlocked:           94212 kB
SwapTotal:        520908 kB
SwapFree:         365512 kB
Dirty:                 0 kB
Writeback:             0 kB
AnonPages:       1244008 kB
Mapped:           119996 kB
Shmem:               572 kB
Slab:              77608 kB
SReclaimable:      24656 kB
SUnreclaim:        52952 kB
KernelStack:       15296 kB
PageTables:        16844 kB
NFS_Unstable:          0 kB
Bounce:                0 kB
WritebackTmp:          0 kB
CommitLimit:     1450072 kB
Committed_AS:   24117644 kB
VmallocTotal:   251658176 kB
VmallocUsed:       96580 kB
VmallocChunk:   251482716 kB


[2024-11-19 19:08:50]
MemTotal:        1858332 kB
MemFree:           43288 kB
Buffers:             168 kB
Cached:           204872 kB
SwapCached:        14108 kB
Active:           982872 kB
Inactive:         367092 kB
Active(anon):     932700 kB
Inactive(anon):   312036 kB
Active(file):      50172 kB
Inactive(file):    55056 kB
Unevictable:       99496 kB
Mlocked:           94212 kB
SwapTotal:        520908 kB
SwapFree:         365512 kB
Dirty:                 0 kB
Writeback:             0 kB
AnonPages:       1244080 kB
Mapped:           120268 kB
Shmem:               572 kB
Slab:              77608 kB
SReclaimable:      24656 kB
SUnreclaim:        52952 kB
KernelStack:       15328 kB
PageTables:        16872 kB
NFS_Unstable:          0 kB
Bounce:                0 kB
WritebackTmp:          0 kB
CommitLimit:     1450072 kB
Committed_AS:   24117792 kB
VmallocTotal:   251658176 kB
VmallocUsed:       96580 kB
VmallocChunk:   251482716 kB


[2024-11-19 19:08:53]
MemTotal:        1858332 kB
MemFree:           42872 kB
Buffers:             168 kB
Cached:           204872 kB
SwapCached:        14108 kB
Active:           983120 kB
Inactive:         367092 kB
Active(anon):     932948 kB
Inactive(anon):   312036 kB
Active(file):      50172 kB
Inactive(file):    55056 kB
Unevictable:       99496 kB
Mlocked:           94212 kB
SwapTotal:        520908 kB
SwapFree:         365512 kB
Dirty:                 0 kB
Writeback:             0 kB
AnonPages:       1244272 kB
Mapped:           120180 kB
Shmem:               572 kB
Slab:              77608 kB
SReclaimable:      24656 kB
SUnreclaim:        52952 kB
KernelStack:       15296 kB
PageTables:        16844 kB
NFS_Unstable:          0 kB
Bounce:                0 kB
WritebackTmp:          0 kB
CommitLimit:     1450072 kB
Committed_AS:   24117760 kB
VmallocTotal:   251658176 kB
VmallocUsed:       96580 kB
VmallocChunk:   251482716 kB


[2024-11-19 19:08:55]
MemTotal:        1858332 kB
MemFree:           39324 kB
Buffers:             168 kB
Cached:           208124 kB
SwapCached:        14108 kB
Active:           983288 kB
Inactive:         370308 kB
Active(anon):     933116 kB
Inactive(anon):   312036 kB
Active(file):      50172 kB
Inactive(file):    58272 kB
Unevictable:       99496 kB
Mlocked:           94212 kB
SwapTotal:        520908 kB
SwapFree:         365516 kB
Dirty:                 0 kB
Writeback:             0 kB
AnonPages:       1244824 kB
Mapped:           120724 kB
Shmem:               572 kB
Slab:              77608 kB
SReclaimable:      24656 kB
SUnreclaim:        52952 kB
KernelStack:       15344 kB
PageTables:        16868 kB
NFS_Unstable:          0 kB
Bounce:                0 kB
WritebackTmp:          0 kB
CommitLimit:     1450072 kB
Committed_AS:   24125968 kB
VmallocTotal:   251658176 kB
VmallocUsed:       96580 kB
VmallocChunk:   251482716 kB


[2024-11-19 19:08:58]
MemTotal:        1858332 kB
MemFree:           38916 kB
Buffers:             168 kB
Cached:           208124 kB
SwapCached:        14108 kB
Active:           983924 kB
Inactive:         370352 kB
Active(anon):     933752 kB
Inactive(anon):   312044 kB
Active(file):      50172 kB
Inactive(file):    58308 kB
Unevictable:       99496 kB
Mlocked:           94212 kB
SwapTotal:        520908 kB
SwapFree:         365524 kB
Dirty:                 0 kB
Writeback:             0 kB
AnonPages:       1245036 kB
Mapped:           120744 kB
Shmem:               572 kB
Slab:              77608 kB
SReclaimable:      24656 kB
SUnreclaim:        52952 kB
KernelStack:       15344 kB
PageTables:        16880 kB
NFS_Unstable:          0 kB
Bounce:                0 kB
WritebackTmp:          0 kB
CommitLimit:     1450072 kB
Committed_AS:   24126012 kB
VmallocTotal:   251658176 kB
VmallocUsed:       96580 kB
VmallocChunk:   251482716 kB


[2024-11-19 19:09:01]
MemTotal:        1858332 kB
MemFree:           37900 kB
Buffers:             168 kB
Cached:           209420 kB
SwapCached:        14108 kB
Active:           983704 kB
Inactive:         371116 kB
Active(anon):     933532 kB
Inactive(anon):   311596 kB
Active(file):      50172 kB
Inactive(file):    59520 kB
Unevictable:       99496 kB
Mlocked:           94212 kB
SwapTotal:        520908 kB
SwapFree:         365524 kB
Dirty:                 0 kB
Writeback:             0 kB
AnonPages:       1244528 kB
Mapped:           121112 kB
Shmem:               572 kB
Slab:              77608 kB
SReclaimable:      24656 kB
SUnreclaim:        52952 kB
KernelStack:       15312 kB
PageTables:        16848 kB
NFS_Unstable:          0 kB
Bounce:                0 kB
WritebackTmp:          0 kB
CommitLimit:     1450072 kB
Committed_AS:   24126020 kB
VmallocTotal:   251658176 kB
VmallocUsed:       96580 kB
VmallocChunk:   251482716 kB


[2024-11-19 19:09:03]
MemTotal:        1858332 kB
MemFree:           36460 kB
Buffers:             168 kB
Cached:           209420 kB
SwapCached:        14108 kB
Active:           984216 kB
Inactive:         371208 kB
Active(anon):     934044 kB
Inactive(anon):   311604 kB
Active(file):      50172 kB
Inactive(file):    59604 kB
Unevictable:       99496 kB
Mlocked:           94212 kB
SwapTotal:        520908 kB
SwapFree:         365532 kB
Dirty:                 0 kB
Writeback:             0 kB
AnonPages:       1244976 kB
Mapped:           121112 kB
Shmem:               572 kB
Slab:              77608 kB
SReclaimable:      24656 kB
SUnreclaim:        52952 kB
KernelStack:       15312 kB
PageTables:        16848 kB
NFS_Unstable:          0 kB
Bounce:                0 kB
WritebackTmp:          0 kB
CommitLimit:     1450072 kB
Committed_AS:   24126016 kB
VmallocTotal:   251658176 kB
VmallocUsed:       96580 kB
VmallocChunk:   251482716 kB


[2024-11-19 19:09:05]
MemTotal:        1858332 kB
MemFree:           36520 kB
Buffers:             168 kB
Cached:           209420 kB
SwapCached:        14108 kB
Active:           984228 kB
Inactive:         371200 kB
Active(anon):     934056 kB
Inactive(anon):   311596 kB
Active(file):      50172 kB
Inactive(file):    59604 kB
Unevictable:       99496 kB
Mlocked:           94212 kB
SwapTotal:        520908 kB
SwapFree:         365532 kB
Dirty:                 0 kB
Writeback:             0 kB
AnonPages:       1244988 kB
Mapped:           121112 kB
Shmem:               572 kB
Slab:              77608 kB
SReclaimable:      24656 kB
SUnreclaim:        52952 kB
KernelStack:       15312 kB
PageTables:        16848 kB
NFS_Unstable:          0 kB
Bounce:                0 kB
WritebackTmp:          0 kB
CommitLimit:     1450072 kB
Committed_AS:   24126144 kB
VmallocTotal:   251658176 kB
VmallocUsed:       96580 kB
VmallocChunk:   251482716 kB


[2024-11-19 19:09:07]
MemTotal:        1858332 kB
MemFree:           39124 kB
Buffers:             168 kB
Cached:           206292 kB
SwapCached:        14112 kB
Active:           984728 kB
Inactive:         367636 kB
Active(anon):     934308 kB
Inactive(anon):   311372 kB
Active(file):      50420 kB
Inactive(file):    56264 kB
Unevictable:       99496 kB
Mlocked:           94212 kB
SwapTotal:        520908 kB
SwapFree:         365536 kB
Dirty:                 0 kB
Writeback:             0 kB
AnonPages:       1245008 kB
Mapped:           121112 kB
Shmem:               572 kB
Slab:              77608 kB
SReclaimable:      24656 kB
SUnreclaim:        52952 kB
KernelStack:       15312 kB
PageTables:        16848 kB
NFS_Unstable:          0 kB
Bounce:                0 kB
WritebackTmp:          0 kB
CommitLimit:     1450072 kB
Committed_AS:   24126132 kB
VmallocTotal:   251658176 kB
VmallocUsed:       96580 kB
VmallocChunk:   251482716 kB


[2024-11-19 19:09:09]
MemTotal:        1858332 kB
MemFree:           38992 kB
Buffers:             168 kB
Cached:           206356 kB
SwapCached:        14112 kB
Active:           985016 kB
Inactive:         367600 kB
Active(anon):     934536 kB
Inactive(anon):   311368 kB
Active(file):      50480 kB
Inactive(file):    56232 kB
Unevictable:       99496 kB
Mlocked:           94212 kB
SwapTotal:        520908 kB
SwapFree:         365536 kB
Dirty:                 0 kB
Writeback:             0 kB
AnonPages:       1245264 kB
Mapped:           121096 kB
Shmem:               572 kB
Slab:              77608 kB
SReclaimable:      24656 kB
SUnreclaim:        52952 kB
KernelStack:       15312 kB
PageTables:        16848 kB
NFS_Unstable:          0 kB
Bounce:                0 kB
WritebackTmp:          0 kB
CommitLimit:     1450072 kB
Committed_AS:   24126040 kB
VmallocTotal:   251658176 kB
VmallocUsed:       96580 kB
VmallocChunk:   251482716 kB


[2024-11-19 19:09:11]
MemTotal:        1858332 kB
MemFree:           38592 kB
Buffers:             168 kB
Cached:           206356 kB
SwapCached:        14112 kB
Active:           985376 kB
Inactive:         367600 kB
Active(anon):     934896 kB
Inactive(anon):   311368 kB
Active(file):      50480 kB
Inactive(file):    56232 kB
Unevictable:       99496 kB
Mlocked:           94212 kB
SwapTotal:        520908 kB
SwapFree:         365536 kB
Dirty:                 0 kB
Writeback:             0 kB
AnonPages:       1245752 kB
Mapped:           120912 kB
Shmem:               572 kB
Slab:              77608 kB
SReclaimable:      24656 kB
SUnreclaim:        52952 kB
KernelStack:       15312 kB
PageTables:        16848 kB
NFS_Unstable:          0 kB
Bounce:                0 kB
WritebackTmp:          0 kB
CommitLimit:     1450072 kB
Committed_AS:   24126024 kB
VmallocTotal:   251658176 kB
VmallocUsed:       96580 kB
VmallocChunk:   251482716 kB


[2024-11-19 19:09:13]
MemTotal:        1858332 kB
MemFree:           38340 kB
Buffers:             168 kB
Cached:           206356 kB
SwapCached:        14112 kB
Active:           985384 kB
Inactive:         367580 kB
Active(anon):     934904 kB
Inactive(anon):   311348 kB
Active(file):      50480 kB
Inactive(file):    56232 kB
Unevictable:       99496 kB
Mlocked:           94212 kB
SwapTotal:        520908 kB
SwapFree:         365536 kB
Dirty:                 0 kB
Writeback:             0 kB
AnonPages:       1245536 kB
Mapped:           121096 kB
Shmem:               572 kB
Slab:              77608 kB
SReclaimable:      24656 kB
SUnreclaim:        52952 kB
KernelStack:       15312 kB
PageTables:        16848 kB
NFS_Unstable:          0 kB
Bounce:                0 kB
WritebackTmp:          0 kB
CommitLimit:     1450072 kB
Committed_AS:   24126048 kB
VmallocTotal:   251658176 kB
VmallocUsed:       96580 kB
VmallocChunk:   251482716 kB


[2024-11-19 19:09:15]
MemTotal:        1858332 kB
MemFree:           38696 kB
Buffers:             168 kB
Cached:           206356 kB
SwapCached:        14112 kB
Active:           985408 kB
Inactive:         367580 kB
Active(anon):     934928 kB
Inactive(anon):   311348 kB
Active(file):      50480 kB
Inactive(file):    56232 kB
Unevictable:       99496 kB
Mlocked:           94212 kB
SwapTotal:        520908 kB
SwapFree:         365540 kB
Dirty:                 0 kB
Writeback:             0 kB
AnonPages:       1245560 kB
Mapped:           121096 kB
Shmem:               572 kB
Slab:              77608 kB
SReclaimable:      24656 kB
SUnreclaim:        52952 kB
KernelStack:       15312 kB
PageTables:        16848 kB
NFS_Unstable:          0 kB
Bounce:                0 kB
WritebackTmp:          0 kB
CommitLimit:     1450072 kB
Committed_AS:   24126140 kB
VmallocTotal:   251658176 kB
VmallocUsed:       96580 kB
VmallocChunk:   251482716 kB


[2024-11-19 19:09:17]
MemTotal:        1858332 kB
MemFree:           38288 kB
Buffers:             168 kB
Cached:           206356 kB
SwapCached:        14112 kB
Active:           985712 kB
Inactive:         367524 kB
Active(anon):     935216 kB
Inactive(anon):   311308 kB
Active(file):      50496 kB
Inactive(file):    56216 kB
Unevictable:       99496 kB
Mlocked:           94212 kB
SwapTotal:        520908 kB
SwapFree:         365552 kB
Dirty:                 0 kB
Writeback:             0 kB
AnonPages:       1245920 kB
Mapped:           121096 kB
Shmem:               572 kB
Slab:              77604 kB
SReclaimable:      24656 kB
SUnreclaim:        52948 kB
KernelStack:       15312 kB
PageTables:        16848 kB
NFS_Unstable:          0 kB
Bounce:                0 kB
WritebackTmp:          0 kB
CommitLimit:     1450072 kB
Committed_AS:   24126084 kB
VmallocTotal:   251658176 kB
VmallocUsed:       96580 kB
VmallocChunk:   251482716 kB


[2024-11-19 19:09:19]
MemTotal:        1858332 kB
MemFree:           38320 kB
Buffers:             168 kB
Cached:           206356 kB
SwapCached:        14112 kB
Active:           985768 kB
Inactive:         367528 kB
Active(anon):     935272 kB
Inactive(anon):   311312 kB
Active(file):      50496 kB
Inactive(file):    56216 kB
Unevictable:       99496 kB
Mlocked:           94212 kB
SwapTotal:        520908 kB
SwapFree:         365552 kB
Dirty:                 0 kB
Writeback:             0 kB
AnonPages:       1245872 kB
Mapped:           120912 kB
Shmem:               572 kB
Slab:              77604 kB
SReclaimable:      24656 kB
SUnreclaim:        52948 kB
KernelStack:       15312 kB
PageTables:        16848 kB
NFS_Unstable:          0 kB
Bounce:                0 kB
WritebackTmp:          0 kB
CommitLimit:     1450072 kB
Committed_AS:   24126124 kB
VmallocTotal:   251658176 kB
VmallocUsed:       96580 kB
VmallocChunk:   251482716 kB


[2024-11-19 19:09:22]
MemTotal:        1858332 kB
MemFree:           39164 kB
Buffers:             168 kB
Cached:           206356 kB
SwapCached:        14112 kB
Active:           985624 kB
Inactive:         367528 kB
Active(anon):     935128 kB
Inactive(anon):   311312 kB
Active(file):      50496 kB
Inactive(file):    56216 kB
Unevictable:       99496 kB
Mlocked:           94212 kB
SwapTotal:        520908 kB
SwapFree:         365552 kB
Dirty:                 0 kB
Writeback:             0 kB
AnonPages:       1245948 kB
Mapped:           121024 kB
Shmem:               572 kB
Slab:              77572 kB
SReclaimable:      24656 kB
SUnreclaim:        52916 kB
KernelStack:       15360 kB
PageTables:        16876 kB
NFS_Unstable:          0 kB
Bounce:                0 kB
WritebackTmp:          0 kB
CommitLimit:     1450072 kB
Committed_AS:   24125980 kB
VmallocTotal:   251658176 kB
VmallocUsed:       96580 kB
VmallocChunk:   251482716 kB


[2024-11-19 19:09:25]
MemTotal:        1858332 kB
MemFree:           39240 kB
Buffers:             168 kB
Cached:           206356 kB
SwapCached:        14112 kB
Active:           985880 kB
Inactive:         367528 kB
Active(anon):     935384 kB
Inactive(anon):   311312 kB
Active(file):      50496 kB
Inactive(file):    56216 kB
Unevictable:       99496 kB
Mlocked:           94212 kB
SwapTotal:        520908 kB
SwapFree:         365552 kB
Dirty:                 0 kB
Writeback:             0 kB
AnonPages:       1246116 kB
Mapped:           120912 kB
Shmem:               572 kB
Slab:              77572 kB
SReclaimable:      24656 kB
SUnreclaim:        52916 kB
KernelStack:       15328 kB
PageTables:        16848 kB
NFS_Unstable:          0 kB
Bounce:                0 kB
WritebackTmp:          0 kB
CommitLimit:     1450072 kB
Committed_AS:   24125840 kB
VmallocTotal:   251658176 kB
VmallocUsed:       96580 kB
VmallocChunk:   251482716 kB


[2024-11-19 19:09:27]
MemTotal:        1858332 kB
MemFree:           38820 kB
Buffers:             168 kB
Cached:           206356 kB
SwapCached:        14112 kB
Active:           986304 kB
Inactive:         367528 kB
Active(anon):     935808 kB
Inactive(anon):   311312 kB
Active(file):      50496 kB
Inactive(file):    56216 kB
Unevictable:       99496 kB
Mlocked:           94212 kB
SwapTotal:        520908 kB
SwapFree:         365552 kB
Dirty:                 0 kB
Writeback:             0 kB
AnonPages:       1246600 kB
Mapped:           121068 kB
Shmem:               572 kB
Slab:              77556 kB
SReclaimable:      24656 kB
SUnreclaim:        52900 kB
KernelStack:       15360 kB
PageTables:        16880 kB
NFS_Unstable:          0 kB
Bounce:                0 kB
WritebackTmp:          0 kB
CommitLimit:     1450072 kB
Committed_AS:   24126048 kB
VmallocTotal:   251658176 kB
VmallocUsed:       96580 kB
VmallocChunk:   251482716 kB


[2024-11-19 19:09:30]
MemTotal:        1858332 kB
MemFree:           38492 kB
Buffers:             168 kB
Cached:           206356 kB
SwapCached:        14112 kB
Active:           986532 kB
Inactive:         367528 kB
Active(anon):     936036 kB
Inactive(anon):   311312 kB
Active(file):      50496 kB
Inactive(file):    56216 kB
Unevictable:       99496 kB
Mlocked:           94212 kB
SwapTotal:        520908 kB
SwapFree:         365552 kB
Dirty:                 0 kB
Writeback:             0 kB
AnonPages:       1246748 kB
Mapped:           121096 kB
Shmem:               572 kB
Slab:              77556 kB
SReclaimable:      24656 kB
SUnreclaim:        52900 kB
KernelStack:       15328 kB
PageTables:        16848 kB
NFS_Unstable:          0 kB
Bounce:                0 kB
WritebackTmp:          0 kB
CommitLimit:     1450072 kB
Committed_AS:   24126140 kB
VmallocTotal:   251658176 kB
VmallocUsed:       96580 kB
VmallocChunk:   251482716 kB


[2024-11-19 19:09:32]
MemTotal:        1858332 kB
MemFree:           38148 kB
Buffers:             168 kB
Cached:           206356 kB
SwapCached:        14112 kB
Active:           986800 kB
Inactive:         367528 kB
Active(anon):     936304 kB
Inactive(anon):   311312 kB
Active(file):      50496 kB
Inactive(file):    56216 kB
Unevictable:       99496 kB
Mlocked:           94212 kB
SwapTotal:        520908 kB
SwapFree:         365552 kB
Dirty:                 0 kB
Writeback:             0 kB
AnonPages:       1246952 kB
Mapped:           120992 kB
Shmem:               572 kB
Slab:              77556 kB
SReclaimable:      24656 kB
SUnreclaim:        52900 kB
KernelStack:       15360 kB
PageTables:        16864 kB
NFS_Unstable:          0 kB
Bounce:                0 kB
WritebackTmp:          0 kB
CommitLimit:     1450072 kB
Committed_AS:   24126044 kB
VmallocTotal:   251658176 kB
VmallocUsed:       96580 kB
VmallocChunk:   251482716 kB


[2024-11-19 19:09:35]
MemTotal:        1858332 kB
MemFree:           38180 kB
Buffers:             168 kB
Cached:           206356 kB
SwapCached:        14112 kB
Active:           986772 kB
Inactive:         367532 kB
Active(anon):     936276 kB
Inactive(anon):   311316 kB
Active(file):      50496 kB
Inactive(file):    56216 kB
Unevictable:       99496 kB
Mlocked:           94212 kB
SwapTotal:        520908 kB
SwapFree:         365556 kB
Dirty:                 0 kB
Writeback:             0 kB
AnonPages:       1247072 kB
Mapped:           121096 kB
Shmem:               572 kB
Slab:              77556 kB
SReclaimable:      24656 kB
SUnreclaim:        52900 kB
KernelStack:       15328 kB
PageTables:        16848 kB
NFS_Unstable:          0 kB
Bounce:                0 kB
WritebackTmp:          0 kB
CommitLimit:     1450072 kB
Committed_AS:   24125828 kB
VmallocTotal:   251658176 kB
VmallocUsed:       96580 kB
VmallocChunk:   251482716 kB


[2024-11-19 19:09:37]
MemTotal:        1858332 kB
MemFree:           38204 kB
Buffers:             168 kB
Cached:           206356 kB
SwapCached:        14112 kB
Active:           987032 kB
Inactive:         367536 kB
Active(anon):     936536 kB
Inactive(anon):   311320 kB
Active(file):      50496 kB
Inactive(file):    56216 kB
Unevictable:       99496 kB
Mlocked:           94212 kB
SwapTotal:        520908 kB
SwapFree:         365560 kB
Dirty:                 0 kB
Writeback:             0 kB
AnonPages:       1247180 kB
Mapped:           121176 kB
Shmem:               572 kB
Slab:              77556 kB
SReclaimable:      24656 kB
SUnreclaim:        52900 kB
KernelStack:       15360 kB
PageTables:        16872 kB
NFS_Unstable:          0 kB
Bounce:                0 kB
WritebackTmp:          0 kB
CommitLimit:     1450072 kB
Committed_AS:   24125768 kB
VmallocTotal:   251658176 kB
VmallocUsed:       96580 kB
VmallocChunk:   251482716 kB


[2024-11-19 19:09:40]
MemTotal:        1858332 kB
MemFree:           38048 kB
Buffers:             168 kB
Cached:           206356 kB
SwapCached:        14112 kB
Active:           986924 kB
Inactive:         367536 kB
Active(anon):     936428 kB
Inactive(anon):   311320 kB
Active(file):      50496 kB
Inactive(file):    56216 kB
Unevictable:       99496 kB
Mlocked:           94212 kB
SwapTotal:        520908 kB
SwapFree:         365560 kB
Dirty:                 0 kB
Writeback:             0 kB
AnonPages:       1247148 kB
Mapped:           120912 kB
Shmem:               572 kB
Slab:              77556 kB
SReclaimable:      24656 kB
SUnreclaim:        52900 kB
KernelStack:       15328 kB
PageTables:        16848 kB
NFS_Unstable:          0 kB
Bounce:                0 kB
WritebackTmp:          0 kB
CommitLimit:     1450072 kB
Committed_AS:   24125984 kB
VmallocTotal:   251658176 kB
VmallocUsed:       96580 kB
VmallocChunk:   251482716 kB


[2024-11-19 19:09:42]
MemTotal:        1858332 kB
MemFree:           37664 kB
Buffers:             168 kB
Cached:           206356 kB
SwapCached:        14112 kB
Active:           987324 kB
Inactive:         367536 kB
Active(anon):     936828 kB
Inactive(anon):   311320 kB
Active(file):      50496 kB
Inactive(file):    56216 kB
Unevictable:       99496 kB
Mlocked:           94212 kB
SwapTotal:        520908 kB
SwapFree:         365560 kB
Dirty:                 0 kB
Writeback:             0 kB
AnonPages:       1247560 kB
Mapped:           120972 kB
Shmem:               572 kB
Slab:              77552 kB
SReclaimable:      24656 kB
SUnreclaim:        52896 kB
KernelStack:       15360 kB
PageTables:        16876 kB
NFS_Unstable:          0 kB
Bounce:                0 kB
WritebackTmp:          0 kB
CommitLimit:     1450072 kB
Committed_AS:   24125820 kB
VmallocTotal:   251658176 kB
VmallocUsed:       96580 kB
VmallocChunk:   251482716 kB


[2024-11-19 19:09:45]
MemTotal:        1858332 kB
MemFree:           37672 kB
Buffers:             168 kB
Cached:           206356 kB
SwapCached:        14112 kB
Active:           987308 kB
Inactive:         367536 kB
Active(anon):     936812 kB
Inactive(anon):   311320 kB
Active(file):      50496 kB
Inactive(file):    56216 kB
Unevictable:       99496 kB
Mlocked:           94212 kB
SwapTotal:        520908 kB
SwapFree:         365560 kB
Dirty:                 0 kB
Writeback:             0 kB
AnonPages:       1247592 kB
Mapped:           120912 kB
Shmem:               572 kB
Slab:              77552 kB
SReclaimable:      24656 kB
SUnreclaim:        52896 kB
KernelStack:       15328 kB
PageTables:        16848 kB
NFS_Unstable:          0 kB
Bounce:                0 kB
WritebackTmp:          0 kB
CommitLimit:     1450072 kB
Committed_AS:   24126124 kB
VmallocTotal:   251658176 kB
VmallocUsed:       96580 kB
VmallocChunk:   251482716 kB


[2024-11-19 19:09:47]
MemTotal:        1858332 kB
MemFree:           37632 kB
Buffers:             168 kB
Cached:           206356 kB
SwapCached:        14112 kB
Active:           987216 kB
Inactive:         367536 kB
Active(anon):     936720 kB
Inactive(anon):   311320 kB
Active(file):      50496 kB
Inactive(file):    56216 kB
Unevictable:       99496 kB
Mlocked:           94212 kB
SwapTotal:        520908 kB
SwapFree:         365560 kB
Dirty:                 0 kB
Writeback:             0 kB
AnonPages:       1247524 kB
Mapped:           121004 kB
Shmem:               572 kB
Slab:              77552 kB
SReclaimable:      24656 kB
SUnreclaim:        52896 kB
KernelStack:       15360 kB
PageTables:        16872 kB
NFS_Unstable:          0 kB
Bounce:                0 kB
WritebackTmp:          0 kB
CommitLimit:     1450072 kB
Committed_AS:   24125996 kB
VmallocTotal:   251658176 kB
VmallocUsed:       96580 kB
VmallocChunk:   251482716 kB


[2024-11-19 19:09:50]
MemTotal:        1858332 kB
MemFree:           37416 kB
Buffers:             168 kB
Cached:           206356 kB
SwapCached:        14112 kB
Active:           987548 kB
Inactive:         367536 kB
Active(anon):     937052 kB
Inactive(anon):   311320 kB
Active(file):      50496 kB
Inactive(file):    56216 kB
Unevictable:       99496 kB
Mlocked:           94212 kB
SwapTotal:        520908 kB
SwapFree:         365560 kB
Dirty:                 0 kB
Writeback:             0 kB
AnonPages:       1247900 kB
Mapped:           120912 kB
Shmem:               572 kB
Slab:              77552 kB
SReclaimable:      24656 kB
SUnreclaim:        52896 kB
KernelStack:       15328 kB
PageTables:        16848 kB
NFS_Unstable:          0 kB
Bounce:                0 kB
WritebackTmp:          0 kB
CommitLimit:     1450072 kB
Committed_AS:   24126000 kB
VmallocTotal:   251658176 kB
VmallocUsed:       96580 kB
VmallocChunk:   251482716 kB


[2024-11-19 19:09:52]
MemTotal:        1858332 kB
MemFree:           37328 kB
Buffers:             168 kB
Cached:           206356 kB
SwapCached:        14112 kB
Active:           987824 kB
Inactive:         367536 kB
Active(anon):     937328 kB
Inactive(anon):   311320 kB
Active(file):      50496 kB
Inactive(file):    56216 kB
Unevictable:       99496 kB
Mlocked:           94212 kB
SwapTotal:        520908 kB
SwapFree:         365560 kB
Dirty:                 0 kB
Writeback:             0 kB
AnonPages:       1248200 kB
Mapped:           121096 kB
Shmem:               572 kB
Slab:              77552 kB
SReclaimable:      24656 kB
SUnreclaim:        52896 kB
KernelStack:       15360 kB
PageTables:        16860 kB
NFS_Unstable:          0 kB
Bounce:                0 kB
WritebackTmp:          0 kB
CommitLimit:     1450072 kB
Committed_AS:   24125944 kB
VmallocTotal:   251658176 kB
VmallocUsed:       96580 kB
VmallocChunk:   251482716 kB


[2024-11-19 19:09:55]
MemTotal:        1858332 kB
MemFree:           37028 kB
Buffers:             168 kB
Cached:           206356 kB
SwapCached:        14112 kB
Active:           987944 kB
Inactive:         367536 kB
Active(anon):     937448 kB
Inactive(anon):   311320 kB
Active(file):      50496 kB
Inactive(file):    56216 kB
Unevictable:       99496 kB
Mlocked:           94212 kB
SwapTotal:        520908 kB
SwapFree:         365560 kB
Dirty:                 0 kB
Writeback:             0 kB
AnonPages:       1248072 kB
Mapped:           120972 kB
Shmem:               572 kB
Slab:              77552 kB
SReclaimable:      24656 kB
SUnreclaim:        52896 kB
KernelStack:       15360 kB
PageTables:        16876 kB
NFS_Unstable:          0 kB
Bounce:                0 kB
WritebackTmp:          0 kB
CommitLimit:     1450072 kB
Committed_AS:   24125712 kB
VmallocTotal:   251658176 kB
VmallocUsed:       96580 kB
VmallocChunk:   251482716 kB


[2024-11-19 19:09:58]
MemTotal:        1858332 kB
MemFree:           36508 kB
Buffers:             168 kB
Cached:           206356 kB
SwapCached:        14112 kB
Active:           988644 kB
Inactive:         367540 kB
Active(anon):     938148 kB
Inactive(anon):   311324 kB
Active(file):      50496 kB
Inactive(file):    56216 kB
Unevictable:       99496 kB
Mlocked:           94212 kB
SwapTotal:        520908 kB
SwapFree:         365564 kB
Dirty:                 0 kB
Writeback:             0 kB
AnonPages:       1248816 kB
Mapped:           121176 kB
Shmem:               572 kB
Slab:              77552 kB
SReclaimable:      24656 kB
SUnreclaim:        52896 kB
KernelStack:       15360 kB
PageTables:        16872 kB
NFS_Unstable:          0 kB
Bounce:                0 kB
WritebackTmp:          0 kB
CommitLimit:     1450072 kB
Committed_AS:   24126016 kB
VmallocTotal:   251658176 kB
VmallocUsed:       96580 kB
VmallocChunk:   251482716 kB


[2024-11-19 19:10:01]
MemTotal:        1858332 kB
MemFree:           42996 kB
Buffers:             168 kB
Cached:           206356 kB
SwapCached:        14108 kB
Active:           982028 kB
Inactive:         367288 kB
Active(anon):     931532 kB
Inactive(anon):   311072 kB
Active(file):      50496 kB
Inactive(file):    56216 kB
Unevictable:       99496 kB
Mlocked:           94212 kB
SwapTotal:        520908 kB
SwapFree:         365576 kB
Dirty:                 0 kB
Writeback:             0 kB
AnonPages:       1242132 kB
Mapped:           120912 kB
Shmem:               572 kB
Slab:              77552 kB
SReclaimable:      24656 kB
SUnreclaim:        52896 kB
KernelStack:       15328 kB
PageTables:        16848 kB
NFS_Unstable:          0 kB
Bounce:                0 kB
WritebackTmp:          0 kB
CommitLimit:     1450072 kB
Committed_AS:   24125884 kB
VmallocTotal:   251658176 kB
VmallocUsed:       96580 kB
VmallocChunk:   251482716 kB


[2024-11-19 19:10:03]
MemTotal:        1858332 kB
MemFree:           43032 kB
Buffers:             168 kB
Cached:           206356 kB
SwapCached:        14108 kB
Active:           982056 kB
Inactive:         367284 kB
Active(anon):     931560 kB
Inactive(anon):   311068 kB
Active(file):      50496 kB
Inactive(file):    56216 kB
Unevictable:       99496 kB
Mlocked:           94212 kB
SwapTotal:        520908 kB
SwapFree:         365576 kB
Dirty:                 0 kB
Writeback:             0 kB
AnonPages:       1242116 kB
Mapped:           121156 kB
Shmem:               572 kB
Slab:              77552 kB
SReclaimable:      24656 kB
SUnreclaim:        52896 kB
KernelStack:       15360 kB
PageTables:        16880 kB
NFS_Unstable:          0 kB
Bounce:                0 kB
WritebackTmp:          0 kB
CommitLimit:     1450072 kB
Committed_AS:   24125868 kB
VmallocTotal:   251658176 kB
VmallocUsed:       96580 kB
VmallocChunk:   251482716 kB


[2024-11-19 19:10:06]
MemTotal:        1858332 kB
MemFree:           43044 kB
Buffers:             168 kB
Cached:           206356 kB
SwapCached:        14108 kB
Active:           982060 kB
Inactive:         367284 kB
Active(anon):     931564 kB
Inactive(anon):   311068 kB
Active(file):      50496 kB
Inactive(file):    56216 kB
Unevictable:       99496 kB
Mlocked:           94212 kB
SwapTotal:        520908 kB
SwapFree:         365576 kB
Dirty:                 0 kB
Writeback:             0 kB
AnonPages:       1241924 kB
Mapped:           121096 kB
Shmem:               572 kB
Slab:              77552 kB
SReclaimable:      24656 kB
SUnreclaim:        52896 kB
KernelStack:       15328 kB
PageTables:        16848 kB
NFS_Unstable:          0 kB
Bounce:                0 kB
WritebackTmp:          0 kB
CommitLimit:     1450072 kB
Committed_AS:   24126016 kB
VmallocTotal:   251658176 kB
VmallocUsed:       96580 kB
VmallocChunk:   251482716 kB


[2024-11-19 19:10:08]
MemTotal:        1858332 kB
MemFree:           42532 kB
Buffers:             168 kB
Cached:           206356 kB
SwapCached:        14108 kB
Active:           982528 kB
Inactive:         367284 kB
Active(anon):     932032 kB
Inactive(anon):   311068 kB
Active(file):      50496 kB
Inactive(file):    56216 kB
Unevictable:       99496 kB
Mlocked:           94212 kB
SwapTotal:        520908 kB
SwapFree:         365576 kB
Dirty:                 0 kB
Writeback:             0 kB
AnonPages:       1242480 kB
Mapped:           121056 kB
Shmem:               572 kB
Slab:              77552 kB
SReclaimable:      24656 kB
SUnreclaim:        52896 kB
KernelStack:       15360 kB
PageTables:        16872 kB
NFS_Unstable:          0 kB
Bounce:                0 kB
WritebackTmp:          0 kB
CommitLimit:     1450072 kB
Committed_AS:   24126088 kB
VmallocTotal:   251658176 kB
VmallocUsed:       96580 kB
VmallocChunk:   251482716 kB


[2024-11-19 19:10:11]
MemTotal:        1858332 kB
MemFree:           42700 kB
Buffers:             168 kB
Cached:           206356 kB
SwapCached:        14108 kB
Active:           982380 kB
Inactive:         367280 kB
Active(anon):     931884 kB
