
[2024-11-19 19:17:40]
MemTotal:        1858332 kB
MemFree:           45208 kB
Buffers:             520 kB
Cached:           202892 kB
SwapCached:        15220 kB
Active:           981908 kB
Inactive:         359868 kB
Active(anon):     928792 kB
Inactive(anon):   309312 kB
Active(file):      53116 kB
Inactive(file):    50556 kB
Unevictable:       99496 kB
Mlocked:           94212 kB
SwapTotal:        520908 kB
SwapFree:         363132 kB
Dirty:                32 kB
Writeback:             0 kB
AnonPages:       1236700 kB
Mapped:           143124 kB
Shmem:               576 kB
Slab:              77448 kB
SReclaimable:      24604 kB
SUnreclaim:        52844 kB
KernelStack:       15104 kB
PageTables:        16500 kB
NFS_Unstable:          0 kB
Bounce:                0 kB
WritebackTmp:          0 kB
CommitLimit:     1450072 kB
Committed_AS:   23996492 kB
VmallocTotal:   251658176 kB
VmallocUsed:       96504 kB
VmallocChunk:   251482716 kB


[2024-11-19 19:17:40]
MemTotal:        1858332 kB
MemFree:           44764 kB
Buffers:             520 kB
Cached:           202892 kB
SwapCached:        15220 kB
Active:           982204 kB
Inactive:         359868 kB
Active(anon):     929088 kB
Inactive(anon):   309312 kB
Active(file):      53116 kB
Inactive(file):    50556 kB
Unevictable:       99496 kB
Mlocked:           94212 kB
SwapTotal:        520908 kB
SwapFree:         363132 kB
Dirty:                32 kB
Writeback:             0 kB
AnonPages:       1236984 kB
Mapped:           143124 kB
Shmem:               576 kB
Slab:              77448 kB
SReclaimable:      24604 kB
SUnreclaim:        52844 kB
KernelStack:       15120 kB
PageTables:        16520 kB
NFS_Unstable:          0 kB
Bounce:                0 kB
WritebackTmp:          0 kB
CommitLimit:     1450072 kB
Committed_AS:   23996520 kB
VmallocTotal:   251658176 kB
VmallocUsed:       96504 kB
VmallocChunk:   251482716 kB


[2024-11-19 19:17:40]
MemTotal:        1858332 kB
MemFree:           44792 kB
Buffers:             520 kB
Cached:           202892 kB
SwapCached:        15220 kB
Active:           982204 kB
Inactive:         359868 kB
Active(anon):     929088 kB
Inactive(anon):   309312 kB
Active(file):      53116 kB
Inactive(file):    50556 kB
Unevictable:       99496 kB
Mlocked:           94212 kB
SwapTotal:        520908 kB
SwapFree:         363132 kB
Dirty:                32 kB
Writeback:             0 kB
AnonPages:       1236968 kB
Mapped:           143124 kB
Shmem:               576 kB
Slab:              77448 kB
SReclaimable:      24604 kB
SUnreclaim:        52844 kB
KernelStack:       15104 kB
PageTables:        16520 kB
NFS_Unstable:          0 kB
Bounce:                0 kB
WritebackTmp:          0 kB
CommitLimit:     1450072 kB
Committed_AS:   23996596 kB
VmallocTotal:   251658176 kB
VmallocUsed:       96504 kB
VmallocChunk:   251482716 kB


[2024-11-19 19:17:40]
MemTotal:        1858332 kB
MemFree:           44884 kB
Buffers:             520 kB
Cached:           202892 kB
SwapCached:        15220 kB
Active:           982092 kB
Inactive:         359868 kB
Active(anon):     928976 kB
Inactive(anon):   309312 kB
Active(file):      53116 kB
Inactive(file):    50556 kB
Unevictable:       99496 kB
Mlocked:           94212 kB
SwapTotal:        520908 kB
SwapFree:         363132 kB
Dirty:                32 kB
Writeback:             0 kB
AnonPages:       1236796 kB
Mapped:           143124 kB
Shmem:               576 kB
Slab:              77448 kB
SReclaimable:      24604 kB
SUnreclaim:        52844 kB
KernelStack:       15120 kB
PageTables:        16520 kB
NFS_Unstable:          0 kB
Bounce:                0 kB
WritebackTmp:          0 kB
CommitLimit:     1450072 kB
Committed_AS:   23996604 kB
VmallocTotal:   251658176 kB
VmallocUsed:       96504 kB
VmallocChunk:   251482716 kB


[2024-11-19 19:17:40]
MemTotal:        1858332 kB
MemFree:           49384 kB
Buffers:             520 kB
Cached:           204108 kB
SwapCached:        15220 kB
Active:           975940 kB
Inactive:         361488 kB
Active(anon):     923216 kB
Inactive(anon):   309472 kB
Active(file):      52724 kB
Inactive(file):    52016 kB
Unevictable:       99496 kB
Mlocked:           94212 kB
SwapTotal:        520908 kB
SwapFree:         362828 kB
Dirty:                 0 kB
Writeback:             0 kB
AnonPages:       1230972 kB
Mapped:           143124 kB
Shmem:               576 kB
Slab:              77448 kB
SReclaimable:      24604 kB
SUnreclaim:        52844 kB
KernelStack:       15120 kB
PageTables:        16596 kB
NFS_Unstable:          0 kB
Bounce:                0 kB
WritebackTmp:          0 kB
CommitLimit:     1450072 kB
Committed_AS:   23996596 kB
VmallocTotal:   251658176 kB
VmallocUsed:       96504 kB
VmallocChunk:   251482716 kB


[2024-11-19 19:17:40]
MemTotal:        1858332 kB
MemFree:           49188 kB
Buffers:             520 kB
Cached:           204108 kB
SwapCached:        15220 kB
Active:           976400 kB
Inactive:         361044 kB
Active(anon):     923232 kB
Inactive(anon):   309472 kB
Active(file):      53168 kB
Inactive(file):    51572 kB
Unevictable:       99496 kB
Mlocked:           94212 kB
SwapTotal:        520908 kB
SwapFree:         362828 kB
Dirty:                 0 kB
Writeback:             0 kB
AnonPages:       1230936 kB
Mapped:           143100 kB
Shmem:               576 kB
Slab:              77448 kB
SReclaimable:      24604 kB
SUnreclaim:        52844 kB
KernelStack:       15104 kB
PageTables:        16596 kB
NFS_Unstable:          0 kB
Bounce:                0 kB
WritebackTmp:          0 kB
CommitLimit:     1450072 kB
Committed_AS:   23996444 kB
VmallocTotal:   251658176 kB
VmallocUsed:       96504 kB
VmallocChunk:   251482716 kB


[2024-11-19 19:17:40]
MemTotal:        1858332 kB
MemFree:           49652 kB
Buffers:             520 kB
Cached:           204108 kB
SwapCached:        15220 kB
Active:           976112 kB
Inactive:         361044 kB
Active(anon):     922944 kB
Inactive(anon):   309472 kB
Active(file):      53168 kB
Inactive(file):    51572 kB
Unevictable:       99496 kB
Mlocked:           94212 kB
SwapTotal:        520908 kB
SwapFree:         362828 kB
Dirty:                 0 kB
Writeback:             0 kB
AnonPages:       1230792 kB
Mapped:           143100 kB
Shmem:               576 kB
Slab:              77448 kB
SReclaimable:      24604 kB
SUnreclaim:        52844 kB
KernelStack:       15088 kB
PageTables:        16564 kB
NFS_Unstable:          0 kB
Bounce:                0 kB
WritebackTmp:          0 kB
CommitLimit:     1450072 kB
Committed_AS:   23996436 kB
VmallocTotal:   251658176 kB
VmallocUsed:       96504 kB
VmallocChunk:   251482716 kB


[2024-11-19 19:17:40]
MemTotal:        1858332 kB
MemFree:           48740 kB
Buffers:             520 kB
Cached:           204108 kB
SwapCached:        15220 kB
Active:           976364 kB
Inactive:         361044 kB
Active(anon):     923196 kB
Inactive(anon):   309472 kB
Active(file):      53168 kB
Inactive(file):    51572 kB
Unevictable:       99496 kB
Mlocked:           94212 kB
SwapTotal:        520908 kB
SwapFree:         362828 kB
Dirty:                 0 kB
Writeback:             0 kB
AnonPages:       1231040 kB
Mapped:           143120 kB
Shmem:               576 kB
Slab:              77448 kB
SReclaimable:      24604 kB
SUnreclaim:        52844 kB
KernelStack:       15136 kB
PageTables:        16596 kB
NFS_Unstable:          0 kB
Bounce:                0 kB
WritebackTmp:          0 kB
CommitLimit:     1450072 kB
Committed_AS:   23996444 kB
VmallocTotal:   251658176 kB
VmallocUsed:       96504 kB
VmallocChunk:   251482716 kB


[2024-11-19 19:17:40]
MemTotal:        1858332 kB
MemFree:           48896 kB
Buffers:             520 kB
Cached:           204108 kB
SwapCached:        15220 kB
Active:           976640 kB
Inactive:         361044 kB
Active(anon):     923472 kB
Inactive(anon):   309472 kB
Active(file):      53168 kB
Inactive(file):    51572 kB
Unevictable:       99496 kB
Mlocked:           94212 kB
SwapTotal:        520908 kB
SwapFree:         362828 kB
Dirty:                 0 kB
Writeback:             0 kB
AnonPages:       1231432 kB
Mapped:           143100 kB
Shmem:               576 kB
Slab:              77448 kB
SReclaimable:      24604 kB
SUnreclaim:        52844 kB
KernelStack:       15088 kB
PageTables:        16564 kB
NFS_Unstable:          0 kB
Bounce:                0 kB
WritebackTmp:          0 kB
CommitLimit:     1450072 kB
Committed_AS:   23996524 kB
VmallocTotal:   251658176 kB
VmallocUsed:       96504 kB
VmallocChunk:   251482716 kB


[2024-11-19 19:17:40]
MemTotal:        1858332 kB
MemFree:           48904 kB
Buffers:             520 kB
Cached:           204108 kB
SwapCached:        15220 kB
Active:           976728 kB
Inactive:         361044 kB
Active(anon):     923560 kB
Inactive(anon):   309472 kB
Active(file):      53168 kB
Inactive(file):    51572 kB
Unevictable:       99496 kB
Mlocked:           94212 kB
SwapTotal:        520908 kB
SwapFree:         362828 kB
Dirty:                 0 kB
Writeback:             0 kB
AnonPages:       1231496 kB
Mapped:           143100 kB
Shmem:               576 kB
Slab:              77448 kB
SReclaimable:      24604 kB
SUnreclaim:        52844 kB
KernelStack:       15088 kB
PageTables:        16548 kB
NFS_Unstable:          0 kB
Bounce:                0 kB
WritebackTmp:          0 kB
CommitLimit:     1450072 kB
Committed_AS:   23996532 kB
VmallocTotal:   251658176 kB
VmallocUsed:       96504 kB
VmallocChunk:   251482716 kB


[2024-11-19 19:17:40]
MemTotal:        1858332 kB
MemFree:           47176 kB
Buffers:             552 kB
Cached:           204320 kB
SwapCached:        15220 kB
Active:           978380 kB
Inactive:         361232 kB
Active(anon):     926132 kB
Inactive(anon):   308304 kB
Active(file):      52248 kB
Inactive(file):    52928 kB
Unevictable:       99496 kB
Mlocked:           94212 kB
SwapTotal:        520908 kB
SwapFree:         358020 kB
Dirty:                 0 kB
Writeback:             0 kB
AnonPages:       1232916 kB
Mapped:           146912 kB
Shmem:               576 kB
Slab:              77448 kB
SReclaimable:      24604 kB
SUnreclaim:        52844 kB
KernelStack:       15136 kB
PageTables:        16656 kB
NFS_Unstable:          0 kB
Bounce:                0 kB
WritebackTmp:          0 kB
CommitLimit:     1450072 kB
Committed_AS:   24101492 kB
VmallocTotal:   251658176 kB
VmallocUsed:       96504 kB
VmallocChunk:   251482716 kB


[2024-11-19 19:17:43]
MemTotal:        1858332 kB
MemFree:           45360 kB
Buffers:             552 kB
Cached:           204712 kB
SwapCached:        15220 kB
Active:           980056 kB
Inactive:         361408 kB
Active(anon):     927820 kB
Inactive(anon):   308200 kB
Active(file):      52236 kB
Inactive(file):    53208 kB
Unevictable:       99496 kB
Mlocked:           94212 kB
SwapTotal:        520908 kB
SwapFree:         358028 kB
Dirty:                 0 kB
Writeback:             0 kB
AnonPages:       1234552 kB
Mapped:           147248 kB
Shmem:               576 kB
Slab:              77416 kB
SReclaimable:      24572 kB
SUnreclaim:        52844 kB
KernelStack:       15296 kB
PageTables:        16808 kB
NFS_Unstable:          0 kB
Bounce:                0 kB
WritebackTmp:          0 kB
CommitLimit:     1450072 kB
Committed_AS:   24109736 kB
VmallocTotal:   251658176 kB
VmallocUsed:       96504 kB
VmallocChunk:   251482716 kB


[2024-11-19 19:17:45]
MemTotal:        1858332 kB
MemFree:           44972 kB
Buffers:             552 kB
Cached:           204712 kB
SwapCached:        15220 kB
Active:           980200 kB
Inactive:         361412 kB
Active(anon):     927964 kB
Inactive(anon):   308200 kB
Active(file):      52236 kB
Inactive(file):    53212 kB
Unevictable:       99496 kB
Mlocked:           94212 kB
SwapTotal:        520908 kB
SwapFree:         358028 kB
Dirty:                 0 kB
Writeback:             0 kB
AnonPages:       1234544 kB
Mapped:           147264 kB
Shmem:               576 kB
Slab:              77416 kB
SReclaimable:      24572 kB
SUnreclaim:        52844 kB
KernelStack:       15296 kB
PageTables:        16808 kB
NFS_Unstable:          0 kB
Bounce:                0 kB
WritebackTmp:          0 kB
CommitLimit:     1450072 kB
Committed_AS:   24109656 kB
VmallocTotal:   251658176 kB
VmallocUsed:       96504 kB
VmallocChunk:   251482716 kB


[2024-11-19 19:17:47]
MemTotal:        1858332 kB
MemFree:           44692 kB
Buffers:             552 kB
Cached:           204712 kB
SwapCached:        15220 kB
Active:           980204 kB
Inactive:         361412 kB
Active(anon):     927968 kB
Inactive(anon):   308200 kB
Active(file):      52236 kB
Inactive(file):    53212 kB
Unevictable:       99496 kB
Mlocked:           94212 kB
SwapTotal:        520908 kB
SwapFree:         358112 kB
Dirty:                 0 kB
Writeback:             0 kB
AnonPages:       1234808 kB
Mapped:           147264 kB
Shmem:               576 kB
Slab:              77416 kB
SReclaimable:      24572 kB
SUnreclaim:        52844 kB
KernelStack:       15296 kB
PageTables:        16808 kB
NFS_Unstable:          0 kB
Bounce:                0 kB
WritebackTmp:          0 kB
CommitLimit:     1450072 kB
Committed_AS:   24101544 kB
VmallocTotal:   251658176 kB
VmallocUsed:       96504 kB
VmallocChunk:   251482716 kB


[2024-11-19 19:17:49]
MemTotal:        1858332 kB
MemFree:           44988 kB
Buffers:             552 kB
Cached:           204712 kB
SwapCached:        15220 kB
Active:           980556 kB
Inactive:         361412 kB
Active(anon):     928320 kB
Inactive(anon):   308200 kB
Active(file):      52236 kB
Inactive(file):    53212 kB
Unevictable:       99496 kB
Mlocked:           94212 kB
SwapTotal:        520908 kB
SwapFree:         358112 kB
Dirty:                 0 kB
Writeback:             0 kB
AnonPages:       1234828 kB
Mapped:           147264 kB
Shmem:               576 kB
Slab:              77416 kB
SReclaimable:      24572 kB
SUnreclaim:        52844 kB
KernelStack:       15296 kB
PageTables:        16808 kB
NFS_Unstable:          0 kB
Bounce:                0 kB
WritebackTmp:          0 kB
CommitLimit:     1450072 kB
Committed_AS:   24109744 kB
VmallocTotal:   251658176 kB
VmallocUsed:       96504 kB
VmallocChunk:   251482716 kB


[2024-11-19 19:17:51]
MemTotal:        1858332 kB
MemFree:           44532 kB
Buffers:             552 kB
Cached:           204712 kB
SwapCached:        15220 kB
Active:           980504 kB
Inactive:         361412 kB
Active(anon):     928268 kB
Inactive(anon):   308200 kB
Active(file):      52236 kB
Inactive(file):    53212 kB
Unevictable:       99496 kB
Mlocked:           94212 kB
SwapTotal:        520908 kB
SwapFree:         358112 kB
Dirty:                 0 kB
Writeback:             0 kB
AnonPages:       1234972 kB
Mapped:           147264 kB
Shmem:               576 kB
Slab:              77416 kB
SReclaimable:      24572 kB
SUnreclaim:        52844 kB
KernelStack:       15296 kB
PageTables:        16808 kB
NFS_Unstable:          0 kB
Bounce:                0 kB
WritebackTmp:          0 kB
CommitLimit:     1450072 kB
Committed_AS:   24109768 kB
VmallocTotal:   251658176 kB
VmallocUsed:       96504 kB
VmallocChunk:   251482716 kB


[2024-11-19 19:17:54]
MemTotal:        1858332 kB
MemFree:           44392 kB
Buffers:             552 kB
Cached:           204712 kB
SwapCached:        15220 kB
Active:           980392 kB
Inactive:         361412 kB
Active(anon):     928156 kB
Inactive(anon):   308200 kB
Active(file):      52236 kB
Inactive(file):    53212 kB
Unevictable:       99496 kB
Mlocked:           94212 kB
SwapTotal:        520908 kB
SwapFree:         358112 kB
Dirty:                 0 kB
Writeback:             0 kB
AnonPages:       1235004 kB
Mapped:           147080 kB
Shmem:               576 kB
Slab:              77416 kB
SReclaimable:      24572 kB
SUnreclaim:        52844 kB
KernelStack:       15296 kB
PageTables:        16808 kB
NFS_Unstable:          0 kB
Bounce:                0 kB
WritebackTmp:          0 kB
CommitLimit:     1450072 kB
Committed_AS:   24109632 kB
VmallocTotal:   251658176 kB
VmallocUsed:       96504 kB
VmallocChunk:   251482716 kB


[2024-11-19 19:17:56]
MemTotal:        1858332 kB
MemFree:           44236 kB
Buffers:             552 kB
Cached:           204712 kB
SwapCached:        15220 kB
Active:           980856 kB
Inactive:         361412 kB
Active(anon):     928620 kB
Inactive(anon):   308200 kB
Active(file):      52236 kB
Inactive(file):    53212 kB
Unevictable:       99496 kB
Mlocked:           94212 kB
SwapTotal:        520908 kB
SwapFree:         358112 kB
Dirty:                 0 kB
Writeback:             0 kB
AnonPages:       1235472 kB
Mapped:           147264 kB
Shmem:               576 kB
Slab:              77432 kB
SReclaimable:      24572 kB
SUnreclaim:        52860 kB
KernelStack:       15296 kB
PageTables:        16808 kB
NFS_Unstable:          0 kB
Bounce:                0 kB
WritebackTmp:          0 kB
CommitLimit:     1450072 kB
Committed_AS:   24101532 kB
VmallocTotal:   251658176 kB
VmallocUsed:       96504 kB
VmallocChunk:   251482716 kB


[2024-11-19 19:17:58]
MemTotal:        1858332 kB
MemFree:           44020 kB
Buffers:             552 kB
Cached:           204712 kB
SwapCached:        15220 kB
Active:           981060 kB
Inactive:         361428 kB
Active(anon):     928824 kB
Inactive(anon):   308216 kB
Active(file):      52236 kB
Inactive(file):    53212 kB
Unevictable:       99496 kB
Mlocked:           94212 kB
SwapTotal:        520908 kB
SwapFree:         358128 kB
Dirty:                 0 kB
Writeback:             0 kB
AnonPages:       1235664 kB
Mapped:           147312 kB
Shmem:               576 kB
Slab:              77432 kB
SReclaimable:      24572 kB
SUnreclaim:        52860 kB
KernelStack:       15328 kB
PageTables:        16828 kB
NFS_Unstable:          0 kB
Bounce:                0 kB
WritebackTmp:          0 kB
CommitLimit:     1450072 kB
Committed_AS:   24109768 kB
VmallocTotal:   251658176 kB
VmallocUsed:       96504 kB
VmallocChunk:   251482716 kB


[2024-11-19 19:18:00]
MemTotal:        1858332 kB
MemFree:           44092 kB
Buffers:             552 kB
Cached:           204712 kB
SwapCached:        15220 kB
Active:           981120 kB
Inactive:         361428 kB
Active(anon):     928884 kB
Inactive(anon):   308216 kB
Active(file):      52236 kB
Inactive(file):    53212 kB
Unevictable:       99496 kB
Mlocked:           94212 kB
SwapTotal:        520908 kB
SwapFree:         358128 kB
Dirty:                 0 kB
Writeback:             0 kB
AnonPages:       1235604 kB
Mapped:           147272 kB
Shmem:               576 kB
Slab:              77432 kB
SReclaimable:      24572 kB
SUnreclaim:        52860 kB
KernelStack:       15296 kB
PageTables:        16808 kB
NFS_Unstable:          0 kB
Bounce:                0 kB
WritebackTmp:          0 kB
CommitLimit:     1450072 kB
Committed_AS:   24109684 kB
VmallocTotal:   251658176 kB
VmallocUsed:       96504 kB
VmallocChunk:   251482716 kB


[2024-11-19 19:18:02]
MemTotal:        1858332 kB
MemFree:           44312 kB
Buffers:             552 kB
Cached:           204712 kB
SwapCached:        15220 kB
Active:           981212 kB
Inactive:         361428 kB
Active(anon):     928976 kB
Inactive(anon):   308216 kB
Active(file):      52236 kB
Inactive(file):    53212 kB
Unevictable:       99496 kB
Mlocked:           94212 kB
SwapTotal:        520908 kB
SwapFree:         358128 kB
Dirty:                 0 kB
Writeback:             0 kB
AnonPages:       1235628 kB
Mapped:           147272 kB
Shmem:               576 kB
Slab:              77432 kB
SReclaimable:      24572 kB
SUnreclaim:        52860 kB
KernelStack:       15296 kB
PageTables:        16808 kB
NFS_Unstable:          0 kB
Bounce:                0 kB
WritebackTmp:          0 kB
CommitLimit:     1450072 kB
Committed_AS:   24109792 kB
VmallocTotal:   251658176 kB
VmallocUsed:       96504 kB
VmallocChunk:   251482716 kB


[2024-11-19 19:18:04]
MemTotal:        1858332 kB
MemFree:           44544 kB
Buffers:             552 kB
Cached:           204712 kB
SwapCached:        15220 kB
Active:           981628 kB
Inactive:         361436 kB
Active(anon):     929392 kB
Inactive(anon):   308224 kB
Active(file):      52236 kB
Inactive(file):    53212 kB
Unevictable:       99496 kB
Mlocked:           94212 kB
SwapTotal:        520908 kB
SwapFree:         358136 kB
Dirty:                 0 kB
Writeback:             0 kB
AnonPages:       1236176 kB
Mapped:           147272 kB
Shmem:               576 kB
Slab:              77160 kB
SReclaimable:      24316 kB
SUnreclaim:        52844 kB
KernelStack:       15296 kB
PageTables:        16808 kB
NFS_Unstable:          0 kB
Bounce:                0 kB
WritebackTmp:          0 kB
CommitLimit:     1450072 kB
Committed_AS:   24109568 kB
VmallocTotal:   251658176 kB
VmallocUsed:       96504 kB
VmallocChunk:   251482716 kB


[2024-11-19 19:18:07]
MemTotal:        1858332 kB
MemFree:           44316 kB
Buffers:             552 kB
Cached:           204712 kB
SwapCached:        15220 kB
Active:           981460 kB
Inactive:         361436 kB
Active(anon):     929224 kB
Inactive(anon):   308224 kB
Active(file):      52236 kB
Inactive(file):    53212 kB
Unevictable:       99496 kB
Mlocked:           94212 kB
SwapTotal:        520908 kB
SwapFree:         358136 kB
Dirty:                 0 kB
Writeback:             0 kB
AnonPages:       1235836 kB
Mapped:           147088 kB
Shmem:               576 kB
Slab:              77160 kB
SReclaimable:      24316 kB
SUnreclaim:        52844 kB
KernelStack:       15296 kB
PageTables:        16808 kB
NFS_Unstable:          0 kB
Bounce:                0 kB
WritebackTmp:          0 kB
CommitLimit:     1450072 kB
Committed_AS:   24109544 kB
VmallocTotal:   251658176 kB
VmallocUsed:       96504 kB
VmallocChunk:   251482716 kB


[2024-11-19 19:18:09]
MemTotal:        1858332 kB
MemFree:           44012 kB
Buffers:             552 kB
Cached:           204712 kB
SwapCached:        15220 kB
Active:           981648 kB
Inactive:         361436 kB
Active(anon):     929412 kB
Inactive(anon):   308224 kB
Active(file):      52236 kB
Inactive(file):    53212 kB
Unevictable:       99496 kB
Mlocked:           94212 kB
SwapTotal:        520908 kB
SwapFree:         358136 kB
Dirty:                 0 kB
Writeback:             0 kB
AnonPages:       1236076 kB
Mapped:           147324 kB
Shmem:               576 kB
Slab:              77160 kB
SReclaimable:      24316 kB
SUnreclaim:        52844 kB
KernelStack:       15328 kB
PageTables:        16832 kB
NFS_Unstable:          0 kB
Bounce:                0 kB
WritebackTmp:          0 kB
CommitLimit:     1450072 kB
Committed_AS:   24109564 kB
VmallocTotal:   251658176 kB
VmallocUsed:       96504 kB
VmallocChunk:   251482716 kB


[2024-11-19 19:18:12]
MemTotal:        1858332 kB
MemFree:           43776 kB
Buffers:             552 kB
Cached:           204712 kB
SwapCached:        15220 kB
Active:           981860 kB
Inactive:         361436 kB
Active(anon):     929624 kB
Inactive(anon):   308224 kB
Active(file):      52236 kB
Inactive(file):    53212 kB
Unevictable:       99496 kB
Mlocked:           94212 kB
SwapTotal:        520908 kB
SwapFree:         358136 kB
Dirty:                 0 kB
Writeback:             0 kB
AnonPages:       1236268 kB
Mapped:           147272 kB
Shmem:               576 kB
Slab:              77160 kB
SReclaimable:      24316 kB
SUnreclaim:        52844 kB
KernelStack:       15296 kB
PageTables:        16808 kB
NFS_Unstable:          0 kB
Bounce:                0 kB
WritebackTmp:          0 kB
CommitLimit:     1450072 kB
Committed_AS:   24109584 kB
VmallocTotal:   251658176 kB
VmallocUsed:       96504 kB
VmallocChunk:   251482716 kB


[2024-11-19 19:18:14]
MemTotal:        1858332 kB
MemFree:           43708 kB
Buffers:             552 kB
Cached:           204712 kB
SwapCached:        15220 kB
Active:           982232 kB
Inactive:         361436 kB
Active(anon):     929996 kB
Inactive(anon):   308224 kB
Active(file):      52236 kB
Inactive(file):    53212 kB
Unevictable:       99496 kB
Mlocked:           94212 kB
SwapTotal:        520908 kB
SwapFree:         358136 kB
Dirty:                 0 kB
Writeback:             0 kB
AnonPages:       1236760 kB
Mapped:           147272 kB
Shmem:               576 kB
Slab:              77160 kB
SReclaimable:      24316 kB
SUnreclaim:        52844 kB
KernelStack:       15296 kB
PageTables:        16808 kB
NFS_Unstable:          0 kB
Bounce:                0 kB
WritebackTmp:          0 kB
CommitLimit:     1450072 kB
Committed_AS:   24109520 kB
VmallocTotal:   251658176 kB
VmallocUsed:       96504 kB
VmallocChunk:   251482716 kB


[2024-11-19 19:18:17]
MemTotal:        1858332 kB
MemFree:           42692 kB
Buffers:             552 kB
Cached:           204712 kB
SwapCached:        15220 kB
Active:           983012 kB
Inactive:         361436 kB
Active(anon):     930776 kB
Inactive(anon):   308224 kB
Active(file):      52236 kB
Inactive(file):    53212 kB
Unevictable:       99496 kB
Mlocked:           94212 kB
SwapTotal:        520908 kB
SwapFree:         358152 kB
Dirty:                 0 kB
Writeback:             0 kB
AnonPages:       1237428 kB
Mapped:           147272 kB
Shmem:               576 kB
Slab:              77160 kB
SReclaimable:      24316 kB
SUnreclaim:        52844 kB
KernelStack:       15296 kB
PageTables:        16808 kB
NFS_Unstable:          0 kB
Bounce:                0 kB
WritebackTmp:          0 kB
CommitLimit:     1450072 kB
Committed_AS:   24109692 kB
VmallocTotal:   251658176 kB
VmallocUsed:       96504 kB
VmallocChunk:   251482716 kB


[2024-11-19 19:18:19]
MemTotal:        1858332 kB
MemFree:           43808 kB
Buffers:             552 kB
Cached:           202504 kB
SwapCached:        15220 kB
Active:           981644 kB
Inactive:         361180 kB
Active(anon):     929816 kB
Inactive(anon):   309980 kB
Active(file):      51828 kB
Inactive(file):    51200 kB
Unevictable:       99496 kB
Mlocked:           94212 kB
SwapTotal:        520908 kB
SwapFree:         357564 kB
Dirty:                 0 kB
Writeback:             0 kB
AnonPages:       1238236 kB
Mapped:           147088 kB
Shmem:               576 kB
Slab:              77288 kB
SReclaimable:      24444 kB
SUnreclaim:        52844 kB
KernelStack:       15296 kB
PageTables:        16808 kB
NFS_Unstable:          0 kB
Bounce:                0 kB
WritebackTmp:          0 kB
CommitLimit:     1450072 kB
Committed_AS:   24109524 kB
VmallocTotal:   251658176 kB
VmallocUsed:       96504 kB
VmallocChunk:   251482716 kB


[2024-11-19 19:18:22]
MemTotal:        1858332 kB
MemFree:           44312 kB
Buffers:             552 kB
Cached:           202420 kB
SwapCached:        15220 kB
Active:           981672 kB
Inactive:         361072 kB
Active(anon):     929708 kB
Inactive(anon):   309880 kB
Active(file):      51964 kB
Inactive(file):    51192 kB
Unevictable:       99496 kB
Mlocked:           94212 kB
SwapTotal:        520908 kB
SwapFree:         357564 kB
Dirty:                 0 kB
Writeback:             0 kB
AnonPages:       1238084 kB
Mapped:           147272 kB
Shmem:               576 kB
Slab:              77208 kB
SReclaimable:      24364 kB
SUnreclaim:        52844 kB
KernelStack:       15328 kB
PageTables:        16832 kB
NFS_Unstable:          0 kB
Bounce:                0 kB
WritebackTmp:          0 kB
CommitLimit:     1450072 kB
Committed_AS:   24109464 kB
VmallocTotal:   251658176 kB
VmallocUsed:       96504 kB
VmallocChunk:   251482716 kB


[2024-11-19 19:18:24]
MemTotal:        1858332 kB
MemFree:           44184 kB
Buffers:             552 kB
Cached:           202420 kB
SwapCached:        15220 kB
Active:           981932 kB
Inactive:         361072 kB
Active(anon):     929968 kB
Inactive(anon):   309880 kB
Active(file):      51964 kB
Inactive(file):    51192 kB
Unevictable:       99496 kB
Mlocked:           94212 kB
SwapTotal:        520908 kB
SwapFree:         357564 kB
Dirty:                 0 kB
Writeback:             0 kB
AnonPages:       1238460 kB
Mapped:           147264 kB
Shmem:               576 kB
Slab:              77208 kB
SReclaimable:      24364 kB
SUnreclaim:        52844 kB
KernelStack:       15296 kB
PageTables:        16808 kB
NFS_Unstable:          0 kB
Bounce:                0 kB
WritebackTmp:          0 kB
CommitLimit:     1450072 kB
Committed_AS:   24109404 kB
VmallocTotal:   251658176 kB
VmallocUsed:       96504 kB
VmallocChunk:   251482716 kB


[2024-11-19 19:18:27]
MemTotal:        1858332 kB
MemFree:           43936 kB
Buffers:             552 kB
Cached:           202420 kB
SwapCached:        15220 kB
Active:           982320 kB
Inactive:         361072 kB
Active(anon):     930356 kB
Inactive(anon):   309880 kB
Active(file):      51964 kB
Inactive(file):    51192 kB
Unevictable:       99496 kB
Mlocked:           94212 kB
SwapTotal:        520908 kB
SwapFree:         357564 kB
Dirty:                 0 kB
Writeback:             0 kB
AnonPages:       1238688 kB
Mapped:           147192 kB
Shmem:               576 kB
Slab:              77208 kB
SReclaimable:      24364 kB
SUnreclaim:        52844 kB
KernelStack:       15328 kB
PageTables:        16848 kB
NFS_Unstable:          0 kB
Bounce:                0 kB
WritebackTmp:          0 kB
CommitLimit:     1450072 kB
Committed_AS:   24109512 kB
VmallocTotal:   251658176 kB
VmallocUsed:       96504 kB
VmallocChunk:   251482716 kB


[2024-11-19 19:18:29]
MemTotal:        1858332 kB
MemFree:           44012 kB
Buffers:             552 kB
Cached:           202420 kB
SwapCached:        15220 kB
Active:           982444 kB
Inactive:         361072 kB
Active(anon):     930480 kB
Inactive(anon):   309880 kB
Active(file):      51964 kB
Inactive(file):    51192 kB
Unevictable:       99496 kB
Mlocked:           94212 kB
SwapTotal:        520908 kB
SwapFree:         357564 kB
Dirty:                 0 kB
Writeback:             0 kB
AnonPages:       1238792 kB
Mapped:           147264 kB
Shmem:               576 kB
Slab:              77208 kB
SReclaimable:      24364 kB
SUnreclaim:        52844 kB
KernelStack:       15296 kB
PageTables:        16808 kB
NFS_Unstable:          0 kB
Bounce:                0 kB
WritebackTmp:          0 kB
CommitLimit:     1450072 kB
Committed_AS:   24109468 kB
VmallocTotal:   251658176 kB
VmallocUsed:       96504 kB
VmallocChunk:   251482716 kB


[2024-11-19 19:18:32]
MemTotal:        1858332 kB
MemFree:           43928 kB
Buffers:             552 kB
Cached:           202420 kB
SwapCached:        15220 kB
Active:           982340 kB
Inactive:         361072 kB
Active(anon):     930376 kB
Inactive(anon):   309880 kB
Active(file):      51964 kB
Inactive(file):    51192 kB
Unevictable:       99496 kB
Mlocked:           94212 kB
SwapTotal:        520908 kB
SwapFree:         357564 kB
Dirty:                 0 kB
Writeback:             0 kB
AnonPages:       1238976 kB
Mapped:           147080 kB
Shmem:               576 kB
Slab:              77208 kB
SReclaimable:      24364 kB
SUnreclaim:        52844 kB
KernelStack:       15296 kB
PageTables:        16808 kB
NFS_Unstable:          0 kB
Bounce:                0 kB
WritebackTmp:          0 kB
CommitLimit:     1450072 kB
Committed_AS:   24109572 kB
VmallocTotal:   251658176 kB
VmallocUsed:       96504 kB
VmallocChunk:   251482716 kB


[2024-11-19 19:18:34]
MemTotal:        1858332 kB
MemFree:           43388 kB
Buffers:             552 kB
Cached:           202420 kB
SwapCached:        15220 kB
Active:           982852 kB
Inactive:         361076 kB
Active(anon):     930888 kB
Inactive(anon):   309884 kB
Active(file):      51964 kB
Inactive(file):    51192 kB
Unevictable:       99496 kB
Mlocked:           94212 kB
SwapTotal:        520908 kB
SwapFree:         357568 kB
Dirty:                 0 kB
Writeback:             0 kB
AnonPages:       1239364 kB
Mapped:           147264 kB
Shmem:               576 kB
Slab:              77208 kB
SReclaimable:      24364 kB
SUnreclaim:        52844 kB
KernelStack:       15296 kB
PageTables:        16808 kB
NFS_Unstable:          0 kB
Bounce:                0 kB
WritebackTmp:          0 kB
CommitLimit:     1450072 kB
Committed_AS:   24109612 kB
VmallocTotal:   251658176 kB
VmallocUsed:       96504 kB
VmallocChunk:   251482716 kB


[2024-11-19 19:18:37]
MemTotal:        1858332 kB
MemFree:           49780 kB
Buffers:             552 kB
Cached:           202420 kB
SwapCached:        15220 kB
Active:           976492 kB
Inactive:         361084 kB
Active(anon):     924528 kB
Inactive(anon):   309892 kB
Active(file):      51964 kB
Inactive(file):    51192 kB
Unevictable:       99496 kB
Mlocked:           94212 kB
SwapTotal:        520908 kB
SwapFree:         357592 kB
Dirty:                 0 kB
Writeback:             0 kB
AnonPages:       1232964 kB
Mapped:           147272 kB
Shmem:               576 kB
Slab:              77208 kB
SReclaimable:      24364 kB
SUnreclaim:        52844 kB
KernelStack:       15328 kB
PageTables:        16836 kB
NFS_Unstable:          0 kB
Bounce:                0 kB
WritebackTmp:          0 kB
CommitLimit:     1450072 kB
Committed_AS:   24109516 kB
VmallocTotal:   251658176 kB
VmallocUsed:       96504 kB
VmallocChunk:   251482716 kB


[2024-11-19 19:18:40]
MemTotal:        1858332 kB
MemFree:           49404 kB
Buffers:             552 kB
Cached:           202420 kB
SwapCached:        15220 kB
Active:           976532 kB
Inactive:         361084 kB
Active(anon):     924568 kB
Inactive(anon):   309892 kB
Active(file):      51964 kB
Inactive(file):    51192 kB
Unevictable:       99496 kB
Mlocked:           94212 kB
SwapTotal:        520908 kB
SwapFree:         357592 kB
Dirty:                 0 kB
Writeback:             0 kB
AnonPages:       1233188 kB
Mapped:           147264 kB
Shmem:               576 kB
Slab:              77208 kB
SReclaimable:      24364 kB
SUnreclaim:        52844 kB
KernelStack:       15296 kB
PageTables:        16808 kB
NFS_Unstable:          0 kB
Bounce:                0 kB
WritebackTmp:          0 kB
CommitLimit:     1450072 kB
Committed_AS:   24109484 kB
VmallocTotal:   251658176 kB
VmallocUsed:       96504 kB
VmallocChunk:   251482716 kB


[2024-11-19 19:18:42]
MemTotal:        1858332 kB
MemFree:           49912 kB
Buffers:             552 kB
Cached:           202420 kB
SwapCached:        15220 kB
Active:           976600 kB
Inactive:         361084 kB
Active(anon):     924636 kB
Inactive(anon):   309892 kB
Active(file):      51964 kB
Inactive(file):    51192 kB
Unevictable:       99496 kB
Mlocked:           94212 kB
SwapTotal:        520908 kB
SwapFree:         357592 kB
Dirty:                 0 kB
Writeback:             0 kB
AnonPages:       1233112 kB
Mapped:           147132 kB
Shmem:               576 kB
Slab:              77208 kB
SReclaimable:      24364 kB
SUnreclaim:        52844 kB
KernelStack:       15328 kB
PageTables:        16800 kB
NFS_Unstable:          0 kB
Bounce:                0 kB
WritebackTmp:          0 kB
CommitLimit:     1450072 kB
Committed_AS:   24109588 kB
VmallocTotal:   251658176 kB
VmallocUsed:       96504 kB
VmallocChunk:   251482716 kB


[2024-11-19 19:18:44]
MemTotal:        1858332 kB
MemFree:           49556 kB
Buffers:             552 kB
Cached:           202420 kB
SwapCached:        15220 kB
Active:           976744 kB
Inactive:         361080 kB
Active(anon):     924780 kB
Inactive(anon):   309888 kB
Active(file):      51964 kB
Inactive(file):    51192 kB
Unevictable:       99496 kB
Mlocked:           94212 kB
SwapTotal:        520908 kB
SwapFree:         357592 kB
Dirty:                 0 kB
Writeback:             0 kB
AnonPages:       1233348 kB
Mapped:           147264 kB
Shmem:               576 kB
Slab:              77208 kB
SReclaimable:      24364 kB
SUnreclaim:        52844 kB
KernelStack:       15296 kB
PageTables:        16808 kB
NFS_Unstable:          0 kB
Bounce:                0 kB
WritebackTmp:          0 kB
CommitLimit:     1450072 kB
Committed_AS:   24109452 kB
VmallocTotal:   251658176 kB
VmallocUsed:       96504 kB
VmallocChunk:   251482716 kB


[2024-11-19 19:18:47]
MemTotal:        1858332 kB
MemFree:           49404 kB
Buffers:             552 kB
Cached:           202420 kB
SwapCached:        15220 kB
Active:           977012 kB
Inactive:         361080 kB
Active(anon):     925048 kB
Inactive(anon):   309888 kB
Active(file):      51964 kB
Inactive(file):    51192 kB
Unevictable:       99496 kB
Mlocked:           94212 kB
SwapTotal:        520908 kB
SwapFree:         357592 kB
Dirty:                 0 kB
Writeback:             0 kB
AnonPages:       1233532 kB
Mapped:           147080 kB
Shmem:               576 kB
Slab:              77208 kB
SReclaimable:      24364 kB
SUnreclaim:        52844 kB
KernelStack:       15296 kB
PageTables:        16808 kB
NFS_Unstable:          0 kB
Bounce:                0 kB
WritebackTmp:          0 kB
CommitLimit:     1450072 kB
Committed_AS:   24101492 kB
VmallocTotal:   251658176 kB
VmallocUsed:       96504 kB
VmallocChunk:   251482716 kB


[2024-11-19 19:18:49]
MemTotal:        1858332 kB
MemFree:           49216 kB
Buffers:             552 kB
Cached:           202420 kB
SwapCached:        15220 kB
Active:           976916 kB
Inactive:         361080 kB
Active(anon):     924952 kB
Inactive(anon):   309888 kB
Active(file):      51964 kB
Inactive(file):    51192 kB
Unevictable:       99496 kB
Mlocked:           94212 kB
SwapTotal:        520908 kB
SwapFree:         357592 kB
Dirty:                 0 kB
Writeback:             0 kB
AnonPages:       1233308 kB
Mapped:           147100 kB
Shmem:               576 kB
Slab:              77208 kB
SReclaimable:      24364 kB
SUnreclaim:        52844 kB
KernelStack:       15328 kB
PageTables:        16828 kB
NFS_Unstable:          0 kB
Bounce:                0 kB
WritebackTmp:          0 kB
CommitLimit:     1450072 kB
Committed_AS:   24109636 kB
VmallocTotal:   251658176 kB
VmallocUsed:       96504 kB
VmallocChunk:   251482716 kB


[2024-11-19 19:18:52]
MemTotal:        1858332 kB
MemFree:           48820 kB
Buffers:             552 kB
Cached:           202420 kB
SwapCached:        15220 kB
Active:           977032 kB
Inactive:         361080 kB
Active(anon):     925068 kB
Inactive(anon):   309888 kB
Active(file):      51964 kB
Inactive(file):    51192 kB
Unevictable:       99496 kB
Mlocked:           94212 kB
SwapTotal:        520908 kB
SwapFree:         357592 kB
Dirty:                 0 kB
Writeback:             0 kB
AnonPages:       1233636 kB
Mapped:           147264 kB
Shmem:               576 kB
Slab:              77208 kB
SReclaimable:      24364 kB
SUnreclaim:        52844 kB
KernelStack:       15296 kB
PageTables:        16808 kB
NFS_Unstable:          0 kB
Bounce:                0 kB
WritebackTmp:          0 kB
CommitLimit:     1450072 kB
Committed_AS:   24109572 kB
VmallocTotal:   251658176 kB
VmallocUsed:       96504 kB
VmallocChunk:   251482716 kB


[2024-11-19 19:18:54]
MemTotal:        1858332 kB
MemFree:           48220 kB
Buffers:             552 kB
Cached:           202420 kB
SwapCached:        15220 kB
Active:           977728 kB
Inactive:         361080 kB
Active(anon):     925764 kB
Inactive(anon):   309888 kB
Active(file):      51964 kB
Inactive(file):    51192 kB
Unevictable:       99496 kB
Mlocked:           94212 kB
SwapTotal:        520908 kB
SwapFree:         357592 kB
Dirty:                 0 kB
Writeback:             0 kB
AnonPages:       1234080 kB
Mapped:           147284 kB
Shmem:               576 kB
Slab:              77216 kB
SReclaimable:      24364 kB
SUnreclaim:        52852 kB
KernelStack:       15328 kB
PageTables:        16832 kB
NFS_Unstable:          0 kB
Bounce:                0 kB
WritebackTmp:          0 kB
CommitLimit:     1450072 kB
Committed_AS:   24109708 kB
VmallocTotal:   251658176 kB
VmallocUsed:       96504 kB
VmallocChunk:   251482716 kB


[2024-11-19 19:18:56]
MemTotal:        1858332 kB
MemFree:           47612 kB
Buffers:             552 kB
Cached:           202420 kB
SwapCached:        15220 kB
Active:           977732 kB
Inactive:         361080 kB
Active(anon):     925768 kB
Inactive(anon):   309888 kB
Active(file):      51964 kB
Inactive(file):    51192 kB
Unevictable:       99496 kB
Mlocked:           94212 kB
SwapTotal:        520908 kB
SwapFree:         357592 kB
Dirty:                 0 kB
Writeback:             0 kB
AnonPages:       1234204 kB
Mapped:           147264 kB
Shmem:               576 kB
Slab:              77264 kB
SReclaimable:      24396 kB
SUnreclaim:        52868 kB
KernelStack:       15296 kB
PageTables:        16808 kB
NFS_Unstable:          0 kB
Bounce:                0 kB
WritebackTmp:          0 kB
CommitLimit:     1450072 kB
Committed_AS:   24109528 kB
VmallocTotal:   251658176 kB
VmallocUsed:       96504 kB
VmallocChunk:   251482716 kB


[2024-11-19 19:18:58]
MemTotal:        1858332 kB
MemFree:           47376 kB
Buffers:             552 kB
Cached:           202420 kB
SwapCached:        15220 kB
Active:           978168 kB
Inactive:         361084 kB
Active(anon):     926204 kB
Inactive(anon):   309892 kB
Active(file):      51964 kB
Inactive(file):    51192 kB
Unevictable:       99496 kB
Mlocked:           94212 kB
SwapTotal:        520908 kB
SwapFree:         357596 kB
Dirty:                 0 kB
Writeback:             0 kB
AnonPages:       1234576 kB
Mapped:           147264 kB
Shmem:               576 kB
Slab:              77264 kB
SReclaimable:      24396 kB
SUnreclaim:        52868 kB
KernelStack:       15296 kB
PageTables:        16808 kB
NFS_Unstable:          0 kB
Bounce:                0 kB
WritebackTmp:          0 kB
CommitLimit:     1450072 kB
Committed_AS:   24109720 kB
VmallocTotal:   251658176 kB
VmallocUsed:       96504 kB
VmallocChunk:   251482716 kB


[2024-11-19 19:19:00]
MemTotal:        1858332 kB
MemFree:           52712 kB
Buffers:             552 kB
Cached:           202420 kB
SwapCached:        15220 kB
Active:           972932 kB
Inactive:         360960 kB
Active(anon):     920844 kB
Inactive(anon):   309892 kB
Active(file):      52088 kB
Inactive(file):    51068 kB
Unevictable:       99496 kB
Mlocked:           94212 kB
SwapTotal:        520908 kB
SwapFree:         357604 kB
Dirty:                 0 kB
Writeback:             0 kB
AnonPages:       1229092 kB
Mapped:           145792 kB
Shmem:               576 kB
Slab:              77264 kB
SReclaimable:      24396 kB
SUnreclaim:        52868 kB
KernelStack:       15296 kB
PageTables:        16624 kB
NFS_Unstable:          0 kB
Bounce:                0 kB
WritebackTmp:          0 kB
CommitLimit:     1450072 kB
Committed_AS:   23998264 kB
VmallocTotal:   251658176 kB
VmallocUsed:       96504 kB
VmallocChunk:   251482716 kB


[2024-11-19 19:19:02]
MemTotal:        1858332 kB
MemFree:           53872 kB
Buffers:             552 kB
Cached:           202420 kB
SwapCached:        15220 kB
Active:           971940 kB
Inactive:         360948 kB
Active(anon):     919828 kB
Inactive(anon):   309904 kB
Active(file):      52112 kB
Inactive(file):    51044 kB
Unevictable:       99496 kB
Mlocked:           94212 kB
SwapTotal:        520908 kB
SwapFree:         357608 kB
Dirty:                 0 kB
Writeback:             0 kB
AnonPages:       1228088 kB
Mapped:           143184 kB
Shmem:               576 kB
Slab:              77264 kB
SReclaimable:      24396 kB
SUnreclaim:        52868 kB
KernelStack:       15088 kB
PageTables:        16628 kB
NFS_Unstable:          0 kB
Bounce:                0 kB
WritebackTmp:          0 kB
CommitLimit:     1450072 kB
Committed_AS:   23996652 kB
VmallocTotal:   251658176 kB
VmallocUsed:       96504 kB
VmallocChunk:   251482716 kB


[2024-11-19 19:19:04]
MemTotal:        1858332 kB
MemFree:           53900 kB
Buffers:             552 kB
Cached:           202420 kB
SwapCached:        15220 kB
Active:           971940 kB
Inactive:         360948 kB
Active(anon):     919828 kB
Inactive(anon):   309904 kB
Active(file):      52112 kB
Inactive(file):    51044 kB
Unevictable:       99496 kB
Mlocked:           94212 kB
SwapTotal:        520908 kB
SwapFree:         357608 kB
Dirty:                 0 kB
Writeback:             0 kB
AnonPages:       1228168 kB
Mapped:           143164 kB
Shmem:               576 kB
Slab:              77264 kB
SReclaimable:      24396 kB
SUnreclaim:        52868 kB
KernelStack:       15088 kB
PageTables:        16628 kB
NFS_Unstable:          0 kB
Bounce:                0 kB
WritebackTmp:          0 kB
CommitLimit:     1450072 kB
Committed_AS:   23996640 kB
VmallocTotal:   251658176 kB
VmallocUsed:       96504 kB
VmallocChunk:   251482716 kB


[2024-11-19 19:19:06]
MemTotal:        1858332 kB
MemFree:           53992 kB
Buffers:             552 kB
Cached:           202420 kB
SwapCached:        15220 kB
Active:           972184 kB
Inactive:         360948 kB
Active(anon):     920072 kB
Inactive(anon):   309904 kB
Active(file):      52112 kB
Inactive(file):    51044 kB
Unevictable:       99496 kB
Mlocked:           94212 kB
SwapTotal:        520908 kB
SwapFree:         357608 kB
Dirty:                 0 kB
Writeback:             0 kB
AnonPages:       1228556 kB
Mapped:           143164 kB
Shmem:               576 kB
Slab:              77264 kB
SReclaimable:      24396 kB
SUnreclaim:        52868 kB
KernelStack:       15072 kB
PageTables:        16632 kB
NFS_Unstable:          0 kB
Bounce:                0 kB
WritebackTmp:          0 kB
CommitLimit:     1450072 kB
Committed_AS:   23996524 kB
VmallocTotal:   251658176 kB
VmallocUsed:       96504 kB
VmallocChunk:   251482716 kB


[2024-11-19 19:19:09]
MemTotal:        1858332 kB
MemFree:           53676 kB
Buffers:             552 kB
Cached:           202420 kB
SwapCached:        15220 kB
Active:           972384 kB
Inactive:         360948 kB
Active(anon):     920272 kB
Inactive(anon):   309904 kB
Active(file):      52112 kB
Inactive(file):    51044 kB
Unevictable:       99496 kB
Mlocked:           94212 kB
SwapTotal:        520908 kB
SwapFree:         357608 kB
Dirty:                 0 kB
Writeback:             0 kB
AnonPages:       1228788 kB
Mapped:           143168 kB
Shmem:               576 kB
Slab:              77264 kB
SReclaimable:      24396 kB
SUnreclaim:        52868 kB
KernelStack:       15072 kB
PageTables:        16628 kB
NFS_Unstable:          0 kB
Bounce:                0 kB
WritebackTmp:          0 kB
CommitLimit:     1450072 kB
Committed_AS:   23996516 kB
VmallocTotal:   251658176 kB
VmallocUsed:       96504 kB
VmallocChunk:   251482716 kB


[2024-11-19 19:19:11]
MemTotal:        1858332 kB
MemFree:           53996 kB
Buffers:             552 kB
Cached:           202420 kB
SwapCached:        15220 kB
Active:           972416 kB
Inactive:         360948 kB
Active(anon):     920304 kB
Inactive(anon):   309904 kB
Active(file):      52112 kB
Inactive(file):    51044 kB
Unevictable:       99496 kB
Mlocked:           94212 kB
SwapTotal:        520908 kB
SwapFree:         357608 kB
Dirty:                 0 kB
Writeback:             0 kB
AnonPages:       1228828 kB
Mapped:           143164 kB
Shmem:               576 kB
Slab:              77264 kB
SReclaimable:      24396 kB
SUnreclaim:        52868 kB
KernelStack:       15056 kB
PageTables:        16628 kB
NFS_Unstable:          0 kB
Bounce:                0 kB
WritebackTmp:          0 kB
CommitLimit:     1450072 kB
Committed_AS:   23996568 kB
VmallocTotal:   251658176 kB
VmallocUsed:       96504 kB
VmallocChunk:   251482716 kB


[2024-11-19 19:19:13]
MemTotal:        1858332 kB
MemFree:           53604 kB
Buffers:             552 kB
Cached:           202420 kB
SwapCached:        15220 kB
Active:           972648 kB
Inactive:         360948 kB
Active(anon):     920536 kB
Inactive(anon):   309904 kB
Active(file):      52112 kB
Inactive(file):    51044 kB
Unevictable:       99496 kB
Mlocked:           94212 kB
SwapTotal:        520908 kB
SwapFree:         357608 kB
Dirty:                 0 kB
Writeback:             0 kB
AnonPages:       1228880 kB
Mapped:           143144 kB
Shmem:               576 kB
Slab:              77264 kB
SReclaimable:      24396 kB
SUnreclaim:        52868 kB
KernelStack:       15072 kB
PageTables:        16628 kB
NFS_Unstable:          0 kB
Bounce:                0 kB
WritebackTmp:          0 kB
CommitLimit:     1450072 kB
Committed_AS:   23996556 kB
VmallocTotal:   251658176 kB
VmallocUsed:       96504 kB
VmallocChunk:   251482716 kB


[2024-11-19 19:19:15]
MemTotal:        1858332 kB
MemFree:           53392 kB
Buffers:             552 kB
Cached:           202420 kB
SwapCached:        15220 kB
Active:           972648 kB
Inactive:         360948 kB
Active(anon):     920536 kB
Inactive(anon):   309904 kB
Active(file):      52112 kB
Inactive(file):    51044 kB
Unevictable:       99496 kB
Mlocked:           94212 kB
SwapTotal:        520908 kB
SwapFree:         357608 kB
Dirty:                 0 kB
Writeback:             0 kB
AnonPages:       1228900 kB
Mapped:           143164 kB
Shmem:               576 kB
Slab:              77264 kB
SReclaimable:      24396 kB
SUnreclaim:        52868 kB
KernelStack:       15072 kB
PageTables:        16628 kB
NFS_Unstable:          0 kB
Bounce:                0 kB
WritebackTmp:          0 kB
CommitLimit:     1450072 kB
Committed_AS:   23996436 kB
VmallocTotal:   251658176 kB
VmallocUsed:       96504 kB
VmallocChunk:   251482716 kB


[2024-11-19 19:19:17]
MemTotal:        1858332 kB
MemFree:           53056 kB
Buffers:             552 kB
Cached:           202420 kB
SwapCached:        15216 kB
Active:           973032 kB
Inactive:         360960 kB
Active(anon):     920920 kB
Inactive(anon):   309916 kB
Active(file):      52112 kB
Inactive(file):    51044 kB
Unevictable:       99496 kB
Mlocked:           94212 kB
SwapTotal:        520908 kB
SwapFree:         357744 kB
Dirty:                 0 kB
Writeback:             0 kB
AnonPages:       1229324 kB
Mapped:           143168 kB
Shmem:               576 kB
Slab:              77264 kB
SReclaimable:      24396 kB
SUnreclaim:        52868 kB
KernelStack:       15088 kB
PageTables:        16628 kB
NFS_Unstable:          0 kB
Bounce:                0 kB
WritebackTmp:          0 kB
CommitLimit:     1450072 kB
Committed_AS:   23996652 kB
VmallocTotal:   251658176 kB
VmallocUsed:       96516 kB
VmallocChunk:   251482716 kB


[2024-11-19 19:19:19]
MemTotal:        1858332 kB
MemFree:           52844 kB
Buffers:             552 kB
Cached:           202420 kB
SwapCached:        15216 kB
Active:           973144 kB
Inactive:         360960 kB
Active(anon):     921032 kB
Inactive(anon):   309916 kB
Active(file):      52112 kB
Inactive(file):    51044 kB
Unevictable:       99496 kB
Mlocked:           94212 kB
SwapTotal:        520908 kB
SwapFree:         357744 kB
Dirty:                 0 kB
Writeback:             0 kB
AnonPages:       1229332 kB
Mapped:           143168 kB
Shmem:               576 kB
Slab:              77264 kB
SReclaimable:      24396 kB
SUnreclaim:        52868 kB
KernelStack:       15088 kB
PageTables:        16608 kB
NFS_Unstable:          0 kB
Bounce:                0 kB
WritebackTmp:          0 kB
CommitLimit:     1450072 kB
Committed_AS:   23996508 kB
VmallocTotal:   251658176 kB
VmallocUsed:       96516 kB
VmallocChunk:   251482716 kB


[2024-11-19 19:19:21]
MemTotal:        1858332 kB
MemFree:           53772 kB
Buffers:             552 kB
Cached:           202416 kB
SwapCached:        15220 kB
Active:           973564 kB
Inactive:         360960 kB
Active(anon):     921452 kB
Inactive(anon):   309916 kB
Active(file):      52112 kB
Inactive(file):    51044 kB
Unevictable:       99496 kB
Mlocked:           94212 kB
SwapTotal:        520908 kB
SwapFree:         357760 kB
Dirty:                 0 kB
Writeback:             0 kB
AnonPages:       1230080 kB
Mapped:           143188 kB
Shmem:               576 kB
Slab:              77264 kB
SReclaimable:      24396 kB
SUnreclaim:        52868 kB
KernelStack:       15088 kB
PageTables:        16628 kB
NFS_Unstable:          0 kB
Bounce:                0 kB
WritebackTmp:          0 kB
CommitLimit:     1450072 kB
Committed_AS:   23996700 kB
VmallocTotal:   251658176 kB
VmallocUsed:       96520 kB
VmallocChunk:   251482716 kB


[2024-11-19 19:19:23]
MemTotal:        1858332 kB
MemFree:           53952 kB
Buffers:             552 kB
Cached:           202420 kB
SwapCached:        15216 kB
Active:           973684 kB
Inactive:         361016 kB
Active(anon):     921564 kB
Inactive(anon):   309980 kB
Active(file):      52120 kB
Inactive(file):    51036 kB
Unevictable:       99496 kB
Mlocked:           94212 kB
SwapTotal:        520908 kB
SwapFree:         357808 kB
Dirty:                 0 kB
Writeback:             0 kB
AnonPages:       1230012 kB
Mapped:           143088 kB
Shmem:               576 kB
Slab:              77264 kB
SReclaimable:      24396 kB
SUnreclaim:        52868 kB
KernelStack:       15088 kB
PageTables:        16488 kB
NFS_Unstable:          0 kB
Bounce:                0 kB
WritebackTmp:          0 kB
CommitLimit:     1450072 kB
Committed_AS:   23996568 kB
VmallocTotal:   251658176 kB
VmallocUsed:       96476 kB
VmallocChunk:   251482716 kB


