
[2024-11-19 20:32:17]
MemTotal:        1858332 kB
MemFree:           48588 kB
Buffers:             644 kB
Cached:           204372 kB
SwapCached:        13644 kB
Active:           975176 kB
Inactive:         358440 kB
Active(anon):     918412 kB
Inactive(anon):   310024 kB
Active(file):      56764 kB
Inactive(file):    48416 kB
Unevictable:       99496 kB
Mlocked:           94212 kB
SwapTotal:        520908 kB
SwapFree:         357340 kB
Dirty:                 0 kB
Writeback:             0 kB
AnonPages:       1227808 kB
Mapped:           143036 kB
Shmem:               596 kB
Slab:              77260 kB
SReclaimable:      24588 kB
SUnreclaim:        52672 kB
KernelStack:       15008 kB
PageTables:        16496 kB
NFS_Unstable:          0 kB
Bounce:                0 kB
WritebackTmp:          0 kB
CommitLimit:     1450072 kB
Committed_AS:   23979816 kB
VmallocTotal:   251658176 kB
VmallocUsed:       96476 kB
VmallocChunk:   251482716 kB


[2024-11-19 20:32:17]
MemTotal:        1858332 kB
MemFree:           47896 kB
Buffers:             644 kB
Cached:           204372 kB
SwapCached:        13644 kB
Active:           975828 kB
Inactive:         358456 kB
Active(anon):     919064 kB
Inactive(anon):   310040 kB
Active(file):      56764 kB
Inactive(file):    48416 kB
Unevictable:       99496 kB
Mlocked:           94212 kB
SwapTotal:        520908 kB
SwapFree:         357396 kB
Dirty:                 0 kB
Writeback:             0 kB
AnonPages:       1228596 kB
Mapped:           143168 kB
Shmem:               596 kB
Slab:              77260 kB
SReclaimable:      24588 kB
SUnreclaim:        52672 kB
KernelStack:       15088 kB
PageTables:        16516 kB
NFS_Unstable:          0 kB
Bounce:                0 kB
WritebackTmp:          0 kB
CommitLimit:     1450072 kB
Committed_AS:   23980044 kB
VmallocTotal:   251658176 kB
VmallocUsed:       96504 kB
VmallocChunk:   251482716 kB


[2024-11-19 20:32:17]
MemTotal:        1858332 kB
MemFree:           47524 kB
Buffers:             644 kB
Cached:           204372 kB
SwapCached:        13644 kB
Active:           975836 kB
Inactive:         358492 kB
Active(anon):     919072 kB
Inactive(anon):   310076 kB
Active(file):      56764 kB
Inactive(file):    48416 kB
Unevictable:       99496 kB
Mlocked:           94212 kB
SwapTotal:        520908 kB
SwapFree:         357396 kB
Dirty:                 0 kB
Writeback:             0 kB
AnonPages:       1228540 kB
Mapped:           143220 kB
Shmem:               596 kB
Slab:              77260 kB
SReclaimable:      24588 kB
SUnreclaim:        52672 kB
KernelStack:       15024 kB
PageTables:        16580 kB
NFS_Unstable:          0 kB
Bounce:                0 kB
WritebackTmp:          0 kB
CommitLimit:     1450072 kB
Committed_AS:   23979836 kB
VmallocTotal:   251658176 kB
VmallocUsed:       96504 kB
VmallocChunk:   251482716 kB


[2024-11-19 20:32:17]
MemTotal:        1858332 kB
MemFree:           46720 kB
Buffers:             644 kB
Cached:           204372 kB
SwapCached:        13644 kB
Active:           976284 kB
Inactive:         358492 kB
Active(anon):     919520 kB
Inactive(anon):   310076 kB
Active(file):      56764 kB
Inactive(file):    48416 kB
Unevictable:       99496 kB
Mlocked:           94212 kB
SwapTotal:        520908 kB
SwapFree:         357400 kB
Dirty:                 0 kB
Writeback:             0 kB
AnonPages:       1228996 kB
Mapped:           143220 kB
Shmem:               596 kB
Slab:              77260 kB
SReclaimable:      24588 kB
SUnreclaim:        52672 kB
KernelStack:       15024 kB
PageTables:        16580 kB
NFS_Unstable:          0 kB
Bounce:                0 kB
WritebackTmp:          0 kB
CommitLimit:     1450072 kB
Committed_AS:   23980164 kB
VmallocTotal:   251658176 kB
VmallocUsed:       96504 kB
VmallocChunk:   251482716 kB


[2024-11-19 20:32:17]
MemTotal:        1858332 kB
MemFree:           46852 kB
Buffers:             644 kB
Cached:           204372 kB
SwapCached:        13644 kB
Active:           976320 kB
Inactive:         358496 kB
Active(anon):     919556 kB
Inactive(anon):   310080 kB
Active(file):      56764 kB
Inactive(file):    48416 kB
Unevictable:       99496 kB
Mlocked:           94212 kB
SwapTotal:        520908 kB
SwapFree:         357400 kB
Dirty:                 0 kB
Writeback:             0 kB
AnonPages:       1229036 kB
Mapped:           143220 kB
Shmem:               596 kB
Slab:              77260 kB
SReclaimable:      24588 kB
SUnreclaim:        52672 kB
KernelStack:       15024 kB
PageTables:        16580 kB
NFS_Unstable:          0 kB
Bounce:                0 kB
WritebackTmp:          0 kB
CommitLimit:     1450072 kB
Committed_AS:   23980120 kB
VmallocTotal:   251658176 kB
VmallocUsed:       96504 kB
VmallocChunk:   251482716 kB


[2024-11-19 20:32:17]
MemTotal:        1858332 kB
MemFree:           46888 kB
Buffers:             644 kB
Cached:           204372 kB
SwapCached:        13644 kB
Active:           976396 kB
Inactive:         358496 kB
Active(anon):     919632 kB
Inactive(anon):   310080 kB
Active(file):      56764 kB
Inactive(file):    48416 kB
Unevictable:       99496 kB
Mlocked:           94212 kB
SwapTotal:        520908 kB
SwapFree:         357400 kB
Dirty:                 0 kB
Writeback:             0 kB
AnonPages:       1229184 kB
Mapped:           143220 kB
Shmem:               596 kB
Slab:              77260 kB
SReclaimable:      24588 kB
SUnreclaim:        52672 kB
KernelStack:       15040 kB
PageTables:        16556 kB
NFS_Unstable:          0 kB
Bounce:                0 kB
WritebackTmp:          0 kB
CommitLimit:     1450072 kB
Committed_AS:   23980088 kB
VmallocTotal:   251658176 kB
VmallocUsed:       96504 kB
VmallocChunk:   251482716 kB


[2024-11-19 20:32:17]
MemTotal:        1858332 kB
MemFree:           46376 kB
Buffers:             644 kB
Cached:           204372 kB
SwapCached:        13644 kB
Active:           976568 kB
Inactive:         358496 kB
Active(anon):     919804 kB
Inactive(anon):   310080 kB
Active(file):      56764 kB
Inactive(file):    48416 kB
Unevictable:       99496 kB
Mlocked:           94212 kB
SwapTotal:        520908 kB
SwapFree:         357400 kB
Dirty:                 0 kB
Writeback:             0 kB
AnonPages:       1229364 kB
Mapped:           143220 kB
Shmem:               596 kB
Slab:              77260 kB
SReclaimable:      24588 kB
SUnreclaim:        52672 kB
KernelStack:       15056 kB
PageTables:        16612 kB
NFS_Unstable:          0 kB
Bounce:                0 kB
WritebackTmp:          0 kB
CommitLimit:     1450072 kB
Committed_AS:   23980100 kB
VmallocTotal:   251658176 kB
VmallocUsed:       96504 kB
VmallocChunk:   251482716 kB


[2024-11-19 20:32:17]
MemTotal:        1858332 kB
MemFree:           46380 kB
Buffers:             644 kB
Cached:           204372 kB
SwapCached:        13644 kB
Active:           976816 kB
Inactive:         358496 kB
Active(anon):     920052 kB
Inactive(anon):   310080 kB
Active(file):      56764 kB
Inactive(file):    48416 kB
Unevictable:       99496 kB
Mlocked:           94212 kB
SwapTotal:        520908 kB
SwapFree:         357400 kB
Dirty:                 0 kB
Writeback:             0 kB
AnonPages:       1229476 kB
Mapped:           143220 kB
Shmem:               596 kB
Slab:              77260 kB
SReclaimable:      24588 kB
SUnreclaim:        52672 kB
KernelStack:       15024 kB
PageTables:        16580 kB
NFS_Unstable:          0 kB
Bounce:                0 kB
WritebackTmp:          0 kB
CommitLimit:     1450072 kB
Committed_AS:   23980064 kB
VmallocTotal:   251658176 kB
VmallocUsed:       96504 kB
VmallocChunk:   251482716 kB


[2024-11-19 20:32:17]
MemTotal:        1858332 kB
MemFree:           46264 kB
Buffers:             644 kB
Cached:           204372 kB
SwapCached:        13644 kB
Active:           976836 kB
Inactive:         358496 kB
Active(anon):     920072 kB
Inactive(anon):   310080 kB
Active(file):      56764 kB
Inactive(file):    48416 kB
Unevictable:       99496 kB
Mlocked:           94212 kB
SwapTotal:        520908 kB
SwapFree:         357400 kB
Dirty:                 0 kB
Writeback:             0 kB
AnonPages:       1229500 kB
Mapped:           143240 kB
Shmem:               596 kB
Slab:              77260 kB
SReclaimable:      24588 kB
SUnreclaim:        52672 kB
KernelStack:       15024 kB
PageTables:        16580 kB
NFS_Unstable:          0 kB
Bounce:                0 kB
WritebackTmp:          0 kB
CommitLimit:     1450072 kB
Committed_AS:   23980056 kB
VmallocTotal:   251658176 kB
VmallocUsed:       96504 kB
VmallocChunk:   251482716 kB


[2024-11-19 20:32:17]
MemTotal:        1858332 kB
MemFree:           46464 kB
Buffers:             644 kB
Cached:           204372 kB
SwapCached:        13644 kB
Active:           976844 kB
Inactive:         358496 kB
Active(anon):     920080 kB
Inactive(anon):   310080 kB
Active(file):      56764 kB
Inactive(file):    48416 kB
Unevictable:       99496 kB
Mlocked:           94212 kB
SwapTotal:        520908 kB
SwapFree:         357400 kB
Dirty:                 0 kB
Writeback:             0 kB
AnonPages:       1229552 kB
Mapped:           143220 kB
Shmem:               596 kB
Slab:              77260 kB
SReclaimable:      24588 kB
SUnreclaim:        52672 kB
KernelStack:       15024 kB
PageTables:        16580 kB
NFS_Unstable:          0 kB
Bounce:                0 kB
WritebackTmp:          0 kB
CommitLimit:     1450072 kB
Committed_AS:   23980000 kB
VmallocTotal:   251658176 kB
VmallocUsed:       96504 kB
VmallocChunk:   251482716 kB


[2024-11-19 20:32:17]
MemTotal:        1858332 kB
MemFree:           45404 kB
Buffers:             644 kB
Cached:           204372 kB
SwapCached:        13644 kB
Active:           977908 kB
Inactive:         358492 kB
Active(anon):     921144 kB
Inactive(anon):   310076 kB
Active(file):      56764 kB
Inactive(file):    48416 kB
Unevictable:       99496 kB
Mlocked:           94212 kB
SwapTotal:        520908 kB
SwapFree:         357420 kB
Dirty:                 0 kB
Writeback:             0 kB
AnonPages:       1231192 kB
Mapped:           144696 kB
Shmem:               596 kB
Slab:              77260 kB
SReclaimable:      24588 kB
SUnreclaim:        52672 kB
KernelStack:       15088 kB
PageTables:        16676 kB
NFS_Unstable:          0 kB
Bounce:                0 kB
WritebackTmp:          0 kB
CommitLimit:     1450072 kB
Committed_AS:   24019684 kB
VmallocTotal:   251658176 kB
VmallocUsed:       96504 kB
VmallocChunk:   251482716 kB


[2024-11-19 20:32:19]
MemTotal:        1858332 kB
MemFree:           38260 kB
Buffers:             644 kB
Cached:           204372 kB
SwapCached:        13644 kB
Active:           984548 kB
Inactive:         358468 kB
Active(anon):     927784 kB
Inactive(anon):   310052 kB
Active(file):      56764 kB
Inactive(file):    48416 kB
Unevictable:       99496 kB
Mlocked:           94212 kB
SwapTotal:        520908 kB
SwapFree:         357424 kB
Dirty:                 0 kB
Writeback:             0 kB
AnonPages:       1237184 kB
Mapped:           147312 kB
Shmem:               596 kB
Slab:              77260 kB
SReclaimable:      24588 kB
SUnreclaim:        52672 kB
KernelStack:       15280 kB
PageTables:        16840 kB
NFS_Unstable:          0 kB
Bounce:                0 kB
WritebackTmp:          0 kB
CommitLimit:     1450072 kB
Committed_AS:   24109580 kB
VmallocTotal:   251658176 kB
VmallocUsed:       96504 kB
VmallocChunk:   251482716 kB


[2024-11-19 20:32:21]
MemTotal:        1858332 kB
MemFree:           37940 kB
Buffers:             644 kB
Cached:           204372 kB
SwapCached:        13644 kB
Active:           984596 kB
Inactive:         358468 kB
Active(anon):     927832 kB
Inactive(anon):   310052 kB
Active(file):      56764 kB
Inactive(file):    48416 kB
Unevictable:       99496 kB
Mlocked:           94212 kB
SwapTotal:        520908 kB
SwapFree:         357424 kB
Dirty:                 0 kB
Writeback:             0 kB
AnonPages:       1237508 kB
Mapped:           147144 kB
Shmem:               596 kB
Slab:              77260 kB
SReclaimable:      24588 kB
SUnreclaim:        52672 kB
KernelStack:       15264 kB
PageTables:        16840 kB
NFS_Unstable:          0 kB
Bounce:                0 kB
WritebackTmp:          0 kB
CommitLimit:     1450072 kB
Committed_AS:   24109572 kB
VmallocTotal:   251658176 kB
VmallocUsed:       96504 kB
VmallocChunk:   251482716 kB


[2024-11-19 20:32:23]
MemTotal:        1858332 kB
MemFree:           37788 kB
Buffers:             644 kB
Cached:           204372 kB
SwapCached:        13644 kB
Active:           984668 kB
Inactive:         358468 kB
Active(anon):     927904 kB
Inactive(anon):   310052 kB
Active(file):      56764 kB
Inactive(file):    48416 kB
Unevictable:       99496 kB
Mlocked:           94212 kB
SwapTotal:        520908 kB
SwapFree:         357424 kB
Dirty:                 0 kB
Writeback:             0 kB
AnonPages:       1237420 kB
Mapped:           147328 kB
Shmem:               596 kB
Slab:              77260 kB
SReclaimable:      24588 kB
SUnreclaim:        52672 kB
KernelStack:       15264 kB
PageTables:        16840 kB
NFS_Unstable:          0 kB
Bounce:                0 kB
WritebackTmp:          0 kB
CommitLimit:     1450072 kB
Committed_AS:   24101380 kB
VmallocTotal:   251658176 kB
VmallocUsed:       96504 kB
VmallocChunk:   251482716 kB


[2024-11-19 20:32:26]
MemTotal:        1858332 kB
MemFree:           38108 kB
Buffers:             644 kB
Cached:           204372 kB
SwapCached:        13644 kB
Active:           984508 kB
Inactive:         358468 kB
Active(anon):     927744 kB
Inactive(anon):   310052 kB
Active(file):      56764 kB
Inactive(file):    48416 kB
Unevictable:       99496 kB
Mlocked:           94212 kB
SwapTotal:        520908 kB
SwapFree:         357424 kB
Dirty:                 0 kB
Writeback:             0 kB
AnonPages:       1237204 kB
Mapped:           147328 kB
Shmem:               596 kB
Slab:              77260 kB
SReclaimable:      24588 kB
SUnreclaim:        52672 kB
KernelStack:       15264 kB
PageTables:        16840 kB
NFS_Unstable:          0 kB
Bounce:                0 kB
WritebackTmp:          0 kB
CommitLimit:     1450072 kB
Committed_AS:   24109660 kB
VmallocTotal:   251658176 kB
VmallocUsed:       96504 kB
VmallocChunk:   251482716 kB


[2024-11-19 20:32:28]
MemTotal:        1858332 kB
MemFree:           37536 kB
Buffers:             644 kB
Cached:           204372 kB
SwapCached:        13640 kB
Active:           984864 kB
Inactive:         358456 kB
Active(anon):     928100 kB
Inactive(anon):   310040 kB
Active(file):      56764 kB
Inactive(file):    48416 kB
Unevictable:       99496 kB
Mlocked:           94212 kB
SwapTotal:        520908 kB
SwapFree:         357432 kB
Dirty:                 0 kB
Writeback:             0 kB
AnonPages:       1237644 kB
Mapped:           147320 kB
Shmem:               596 kB
Slab:              77244 kB
SReclaimable:      24572 kB
SUnreclaim:        52672 kB
KernelStack:       15312 kB
PageTables:        16864 kB
NFS_Unstable:          0 kB
Bounce:                0 kB
WritebackTmp:          0 kB
CommitLimit:     1450072 kB
Committed_AS:   24109664 kB
VmallocTotal:   251658176 kB
VmallocUsed:       96504 kB
VmallocChunk:   251482716 kB


[2024-11-19 20:32:30]
MemTotal:        1858332 kB
MemFree:           38052 kB
Buffers:             644 kB
Cached:           204372 kB
SwapCached:        13640 kB
Active:           984800 kB
Inactive:         358456 kB
Active(anon):     928036 kB
Inactive(anon):   310040 kB
Active(file):      56764 kB
Inactive(file):    48416 kB
Unevictable:       99496 kB
Mlocked:           94212 kB
SwapTotal:        520908 kB
SwapFree:         357432 kB
Dirty:                 0 kB
Writeback:             0 kB
AnonPages:       1237688 kB
Mapped:           147144 kB
Shmem:               596 kB
Slab:              77244 kB
SReclaimable:      24572 kB
SUnreclaim:        52672 kB
KernelStack:       15280 kB
PageTables:        16840 kB
NFS_Unstable:          0 kB
Bounce:                0 kB
WritebackTmp:          0 kB
CommitLimit:     1450072 kB
Committed_AS:   24109596 kB
VmallocTotal:   251658176 kB
VmallocUsed:       96504 kB
VmallocChunk:   251482716 kB


[2024-11-19 20:32:32]
MemTotal:        1858332 kB
MemFree:           37364 kB
Buffers:             644 kB
Cached:           204372 kB
SwapCached:        13640 kB
Active:           985188 kB
Inactive:         358456 kB
Active(anon):     928424 kB
Inactive(anon):   310040 kB
Active(file):      56764 kB
Inactive(file):    48416 kB
Unevictable:       99496 kB
Mlocked:           94212 kB
SwapTotal:        520908 kB
SwapFree:         357432 kB
Dirty:                 0 kB
Writeback:             0 kB
AnonPages:       1237960 kB
Mapped:           147328 kB
Shmem:               596 kB
Slab:              77244 kB
SReclaimable:      24572 kB
SUnreclaim:        52672 kB
KernelStack:       15280 kB
PageTables:        16840 kB
NFS_Unstable:          0 kB
Bounce:                0 kB
WritebackTmp:          0 kB
CommitLimit:     1450072 kB
Committed_AS:   24109596 kB
VmallocTotal:   251658176 kB
VmallocUsed:       96504 kB
VmallocChunk:   251482716 kB


[2024-11-19 20:32:34]
MemTotal:        1858332 kB
MemFree:           37068 kB
Buffers:             644 kB
Cached:           204372 kB
SwapCached:        13640 kB
Active:           985420 kB
Inactive:         358456 kB
Active(anon):     928656 kB
Inactive(anon):   310040 kB
Active(file):      56764 kB
Inactive(file):    48416 kB
Unevictable:       99496 kB
Mlocked:           94212 kB
SwapTotal:        520908 kB
SwapFree:         357432 kB
Dirty:                 0 kB
Writeback:             0 kB
AnonPages:       1238160 kB
Mapped:           147328 kB
Shmem:               596 kB
Slab:              77244 kB
SReclaimable:      24572 kB
SUnreclaim:        52672 kB
KernelStack:       15280 kB
PageTables:        16840 kB
NFS_Unstable:          0 kB
Bounce:                0 kB
WritebackTmp:          0 kB
CommitLimit:     1450072 kB
Committed_AS:   24109592 kB
VmallocTotal:   251658176 kB
VmallocUsed:       96504 kB
VmallocChunk:   251482716 kB


[2024-11-19 20:32:36]
MemTotal:        1858332 kB
MemFree:           36884 kB
Buffers:             644 kB
Cached:           204372 kB
SwapCached:        13640 kB
Active:           985660 kB
Inactive:         358456 kB
Active(anon):     928896 kB
Inactive(anon):   310040 kB
Active(file):      56764 kB
Inactive(file):    48416 kB
Unevictable:       99496 kB
Mlocked:           94212 kB
SwapTotal:        520908 kB
SwapFree:         357432 kB
Dirty:                 0 kB
Writeback:             0 kB
AnonPages:       1238416 kB
Mapped:           147328 kB
Shmem:               596 kB
Slab:              77244 kB
SReclaimable:      24572 kB
SUnreclaim:        52672 kB
KernelStack:       15280 kB
PageTables:        16840 kB
NFS_Unstable:          0 kB
Bounce:                0 kB
WritebackTmp:          0 kB
CommitLimit:     1450072 kB
Committed_AS:   24109744 kB
VmallocTotal:   251658176 kB
VmallocUsed:       96504 kB
VmallocChunk:   251482716 kB


[2024-11-19 20:32:39]
MemTotal:        1858332 kB
MemFree:           37768 kB
Buffers:             644 kB
Cached:           204372 kB
SwapCached:        13640 kB
Active:           985500 kB
Inactive:         358460 kB
Active(anon):     928736 kB
Inactive(anon):   310044 kB
Active(file):      56764 kB
Inactive(file):    48416 kB
Unevictable:       99496 kB
Mlocked:           94212 kB
SwapTotal:        520908 kB
SwapFree:         357436 kB
Dirty:                 0 kB
Writeback:             0 kB
AnonPages:       1238388 kB
Mapped:           147328 kB
Shmem:               596 kB
Slab:              77228 kB
SReclaimable:      24556 kB
SUnreclaim:        52672 kB
KernelStack:       15280 kB
PageTables:        16840 kB
NFS_Unstable:          0 kB
Bounce:                0 kB
WritebackTmp:          0 kB
CommitLimit:     1450072 kB
Committed_AS:   24109464 kB
VmallocTotal:   251658176 kB
VmallocUsed:       96504 kB
VmallocChunk:   251482716 kB


[2024-11-19 20:32:41]
MemTotal:        1858332 kB
MemFree:           37352 kB
Buffers:             644 kB
Cached:           204372 kB
SwapCached:        13640 kB
Active:           985612 kB
Inactive:         358460 kB
Active(anon):     928848 kB
Inactive(anon):   310044 kB
Active(file):      56764 kB
Inactive(file):    48416 kB
Unevictable:       99496 kB
Mlocked:           94212 kB
SwapTotal:        520908 kB
SwapFree:         357436 kB
Dirty:                 0 kB
Writeback:             0 kB
AnonPages:       1238636 kB
Mapped:           147380 kB
Shmem:               596 kB
Slab:              77228 kB
SReclaimable:      24556 kB
SUnreclaim:        52672 kB
KernelStack:       15312 kB
PageTables:        16864 kB
NFS_Unstable:          0 kB
Bounce:                0 kB
WritebackTmp:          0 kB
CommitLimit:     1450072 kB
Committed_AS:   24109592 kB
VmallocTotal:   251658176 kB
VmallocUsed:       96504 kB
VmallocChunk:   251482716 kB


[2024-11-19 20:32:44]
MemTotal:        1858332 kB
MemFree:           37584 kB
Buffers:             644 kB
Cached:           204372 kB
SwapCached:        13640 kB
Active:           985556 kB
Inactive:         358460 kB
Active(anon):     928792 kB
Inactive(anon):   310044 kB
Active(file):      56764 kB
Inactive(file):    48416 kB
Unevictable:       99496 kB
Mlocked:           94212 kB
SwapTotal:        520908 kB
SwapFree:         357436 kB
Dirty:                 0 kB
Writeback:             0 kB
AnonPages:       1238464 kB
Mapped:           147328 kB
Shmem:               596 kB
Slab:              77228 kB
SReclaimable:      24556 kB
SUnreclaim:        52672 kB
KernelStack:       15280 kB
PageTables:        16840 kB
NFS_Unstable:          0 kB
Bounce:                0 kB
WritebackTmp:          0 kB
CommitLimit:     1450072 kB
Committed_AS:   24109532 kB
VmallocTotal:   251658176 kB
VmallocUsed:       96504 kB
VmallocChunk:   251482716 kB


[2024-11-19 20:32:46]
MemTotal:        1858332 kB
MemFree:           37188 kB
Buffers:             644 kB
Cached:           204372 kB
SwapCached:        13640 kB
Active:           986428 kB
Inactive:         358464 kB
Active(anon):     929664 kB
Inactive(anon):   310048 kB
Active(file):      56764 kB
Inactive(file):    48416 kB
Unevictable:       99496 kB
Mlocked:           94212 kB
SwapTotal:        520908 kB
SwapFree:         357440 kB
Dirty:                 0 kB
Writeback:             0 kB
AnonPages:       1239104 kB
Mapped:           147144 kB
Shmem:               596 kB
Slab:              77228 kB
SReclaimable:      24556 kB
SUnreclaim:        52672 kB
KernelStack:       15280 kB
PageTables:        16840 kB
NFS_Unstable:          0 kB
Bounce:                0 kB
WritebackTmp:          0 kB
CommitLimit:     1450072 kB
Committed_AS:   24109456 kB
VmallocTotal:   251658176 kB
VmallocUsed:       96504 kB
VmallocChunk:   251482716 kB


[2024-11-19 20:32:49]
MemTotal:        1858332 kB
MemFree:           43956 kB
Buffers:             644 kB
Cached:           204372 kB
SwapCached:        13640 kB
Active:           979628 kB
Inactive:         358468 kB
Active(anon):     922864 kB
Inactive(anon):   310052 kB
Active(file):      56764 kB
Inactive(file):    48416 kB
Unevictable:       99496 kB
Mlocked:           94212 kB
SwapTotal:        520908 kB
SwapFree:         357444 kB
Dirty:                 0 kB
Writeback:             0 kB
AnonPages:       1232384 kB
Mapped:           147328 kB
Shmem:               596 kB
Slab:              77228 kB
SReclaimable:      24556 kB
SUnreclaim:        52672 kB
KernelStack:       15280 kB
PageTables:        16840 kB
NFS_Unstable:          0 kB
Bounce:                0 kB
WritebackTmp:          0 kB
CommitLimit:     1450072 kB
Committed_AS:   24109512 kB
VmallocTotal:   251658176 kB
VmallocUsed:       96504 kB
VmallocChunk:   251482716 kB


[2024-11-19 20:32:51]
MemTotal:        1858332 kB
MemFree:           43124 kB
Buffers:             644 kB
Cached:           204372 kB
SwapCached:        13640 kB
Active:           980144 kB
Inactive:         358468 kB
Active(anon):     923380 kB
Inactive(anon):   310052 kB
Active(file):      56764 kB
Inactive(file):    48416 kB
Unevictable:       99496 kB
Mlocked:           94212 kB
SwapTotal:        520908 kB
SwapFree:         357444 kB
Dirty:                 0 kB
Writeback:             0 kB
AnonPages:       1233120 kB
Mapped:           147380 kB
Shmem:               596 kB
Slab:              77228 kB
SReclaimable:      24556 kB
SUnreclaim:        52672 kB
KernelStack:       15312 kB
PageTables:        16864 kB
NFS_Unstable:          0 kB
Bounce:                0 kB
WritebackTmp:          0 kB
CommitLimit:     1450072 kB
Committed_AS:   24101324 kB
VmallocTotal:   251658176 kB
VmallocUsed:       96504 kB
VmallocChunk:   251482716 kB


[2024-11-19 20:32:54]
MemTotal:        1858332 kB
MemFree:           43216 kB
Buffers:             644 kB
Cached:           204372 kB
SwapCached:        13640 kB
Active:           979964 kB
Inactive:         358468 kB
Active(anon):     923200 kB
Inactive(anon):   310052 kB
Active(file):      56764 kB
Inactive(file):    48416 kB
Unevictable:       99496 kB
Mlocked:           94212 kB
SwapTotal:        520908 kB
SwapFree:         357444 kB
Dirty:                 0 kB
Writeback:             0 kB
AnonPages:       1232784 kB
Mapped:           147144 kB
Shmem:               596 kB
Slab:              77228 kB
SReclaimable:      24556 kB
SUnreclaim:        52672 kB
KernelStack:       15280 kB
PageTables:        16840 kB
NFS_Unstable:          0 kB
Bounce:                0 kB
WritebackTmp:          0 kB
CommitLimit:     1450072 kB
Committed_AS:   24109508 kB
VmallocTotal:   251658176 kB
VmallocUsed:       96504 kB
VmallocChunk:   251482716 kB


[2024-11-19 20:32:56]
MemTotal:        1858332 kB
MemFree:           42964 kB
Buffers:             644 kB
Cached:           204372 kB
SwapCached:        13640 kB
Active:           980196 kB
Inactive:         358468 kB
Active(anon):     923432 kB
Inactive(anon):   310052 kB
Active(file):      56764 kB
Inactive(file):    48416 kB
Unevictable:       99496 kB
Mlocked:           94212 kB
SwapTotal:        520908 kB
SwapFree:         357448 kB
Dirty:                 0 kB
Writeback:             0 kB
AnonPages:       1232836 kB
Mapped:           147196 kB
Shmem:               596 kB
Slab:              77228 kB
SReclaimable:      24556 kB
SUnreclaim:        52672 kB
KernelStack:       15312 kB
PageTables:        16864 kB
NFS_Unstable:          0 kB
Bounce:                0 kB
WritebackTmp:          0 kB
CommitLimit:     1450072 kB
Committed_AS:   24101404 kB
VmallocTotal:   251658176 kB
VmallocUsed:       96504 kB
VmallocChunk:   251482716 kB


[2024-11-19 20:32:58]
MemTotal:        1858332 kB
MemFree:           50040 kB
Buffers:             644 kB
Cached:           204372 kB
SwapCached:        13640 kB
Active:           973892 kB
Inactive:         358476 kB
Active(anon):     917128 kB
Inactive(anon):   310060 kB
Active(file):      56764 kB
Inactive(file):    48416 kB
Unevictable:       99496 kB
Mlocked:           94212 kB
SwapTotal:        520908 kB
SwapFree:         357452 kB
Dirty:                 0 kB
Writeback:             0 kB
AnonPages:       1226584 kB
Mapped:           143220 kB
Shmem:               596 kB
Slab:              77212 kB
SReclaimable:      24540 kB
SUnreclaim:        52672 kB
KernelStack:       15072 kB
PageTables:        16668 kB
NFS_Unstable:          0 kB
Bounce:                0 kB
WritebackTmp:          0 kB
CommitLimit:     1450072 kB
Committed_AS:   23980012 kB
VmallocTotal:   251658176 kB
VmallocUsed:       96504 kB
VmallocChunk:   251482716 kB


[2024-11-19 20:33:00]
MemTotal:        1858332 kB
MemFree:           49704 kB
Buffers:             644 kB
Cached:           204372 kB
SwapCached:        13640 kB
Active:           974084 kB
Inactive:         358476 kB
Active(anon):     917320 kB
Inactive(anon):   310060 kB
Active(file):      56764 kB
Inactive(file):    48416 kB
Unevictable:       99496 kB
Mlocked:           94212 kB
SwapTotal:        520908 kB
SwapFree:         357452 kB
Dirty:                 0 kB
Writeback:             0 kB
AnonPages:       1227008 kB
Mapped:           143252 kB
Shmem:               596 kB
Slab:              77212 kB
SReclaimable:      24540 kB
SUnreclaim:        52672 kB
KernelStack:       15040 kB
PageTables:        16644 kB
NFS_Unstable:          0 kB
Bounce:                0 kB
WritebackTmp:          0 kB
CommitLimit:     1450072 kB
Committed_AS:   23979952 kB
VmallocTotal:   251658176 kB
VmallocUsed:       96504 kB
VmallocChunk:   251482716 kB


[2024-11-19 20:33:03]
MemTotal:        1858332 kB
MemFree:           49876 kB
Buffers:             644 kB
Cached:           204372 kB
SwapCached:        13640 kB
Active:           974104 kB
Inactive:         358476 kB
Active(anon):     917340 kB
Inactive(anon):   310060 kB
Active(file):      56764 kB
Inactive(file):    48416 kB
Unevictable:       99496 kB
Mlocked:           94212 kB
SwapTotal:        520908 kB
SwapFree:         357452 kB
Dirty:                 0 kB
Writeback:             0 kB
AnonPages:       1226848 kB
Mapped:           143272 kB
Shmem:               596 kB
Slab:              77212 kB
SReclaimable:      24540 kB
SUnreclaim:        52672 kB
KernelStack:       15056 kB
PageTables:        16644 kB
NFS_Unstable:          0 kB
Bounce:                0 kB
WritebackTmp:          0 kB
CommitLimit:     1450072 kB
Committed_AS:   23980024 kB
VmallocTotal:   251658176 kB
VmallocUsed:       96504 kB
VmallocChunk:   251482716 kB


[2024-11-19 20:33:05]
MemTotal:        1858332 kB
MemFree:           49388 kB
Buffers:             644 kB
Cached:           204372 kB
SwapCached:        13648 kB
Active:           974320 kB
Inactive:         358492 kB
Active(anon):     917556 kB
Inactive(anon):   310076 kB
Active(file):      56764 kB
Inactive(file):    48416 kB
Unevictable:       99496 kB
Mlocked:           94212 kB
SwapTotal:        520908 kB
SwapFree:         357464 kB
Dirty:                 0 kB
Writeback:             0 kB
AnonPages:       1227032 kB
Mapped:           143256 kB
Shmem:               596 kB
Slab:              77212 kB
SReclaimable:      24540 kB
SUnreclaim:        52672 kB
KernelStack:       15040 kB
PageTables:        16644 kB
NFS_Unstable:          0 kB
Bounce:                0 kB
WritebackTmp:          0 kB
CommitLimit:     1450072 kB
Committed_AS:   23979960 kB
VmallocTotal:   251658176 kB
VmallocUsed:       96504 kB
VmallocChunk:   251482716 kB


[2024-11-19 20:33:07]
MemTotal:        1858332 kB
MemFree:           49504 kB
Buffers:             644 kB
Cached:           204372 kB
SwapCached:        13648 kB
Active:           974708 kB
Inactive:         358496 kB
Active(anon):     917944 kB
Inactive(anon):   310080 kB
Active(file):      56764 kB
Inactive(file):    48416 kB
Unevictable:       99496 kB
Mlocked:           94212 kB
SwapTotal:        520908 kB
SwapFree:         357464 kB
Dirty:                 0 kB
Writeback:             0 kB
AnonPages:       1227400 kB
Mapped:           143276 kB
Shmem:               596 kB
Slab:              77212 kB
SReclaimable:      24540 kB
SUnreclaim:        52672 kB
KernelStack:       15056 kB
PageTables:        16616 kB
NFS_Unstable:          0 kB
Bounce:                0 kB
WritebackTmp:          0 kB
CommitLimit:     1450072 kB
Committed_AS:   23980052 kB
VmallocTotal:   251658176 kB
VmallocUsed:       96504 kB
VmallocChunk:   251482716 kB


[2024-11-19 20:33:09]
MemTotal:        1858332 kB
MemFree:           49052 kB
Buffers:             644 kB
Cached:           204372 kB
SwapCached:        13648 kB
Active:           974712 kB
Inactive:         358496 kB
Active(anon):     917948 kB
Inactive(anon):   310080 kB
Active(file):      56764 kB
Inactive(file):    48416 kB
Unevictable:       99496 kB
Mlocked:           94212 kB
SwapTotal:        520908 kB
SwapFree:         357464 kB
Dirty:                 0 kB
Writeback:             0 kB
AnonPages:       1227472 kB
Mapped:           143256 kB
Shmem:               596 kB
Slab:              77212 kB
SReclaimable:      24540 kB
SUnreclaim:        52672 kB
KernelStack:       15056 kB
PageTables:        16624 kB
NFS_Unstable:          0 kB
Bounce:                0 kB
WritebackTmp:          0 kB
CommitLimit:     1450072 kB
Committed_AS:   23979956 kB
VmallocTotal:   251658176 kB
VmallocUsed:       96504 kB
VmallocChunk:   251482716 kB


[2024-11-19 20:33:11]
MemTotal:        1858332 kB
MemFree:           48864 kB
Buffers:             644 kB
Cached:           204372 kB
SwapCached:        13648 kB
Active:           974920 kB
Inactive:         358496 kB
Active(anon):     918156 kB
Inactive(anon):   310080 kB
Active(file):      56764 kB
Inactive(file):    48416 kB
Unevictable:       99496 kB
Mlocked:           94212 kB
SwapTotal:        520908 kB
SwapFree:         357464 kB
Dirty:                 0 kB
Writeback:             0 kB
AnonPages:       1227620 kB
Mapped:           143236 kB
Shmem:               596 kB
Slab:              77212 kB
SReclaimable:      24540 kB
SUnreclaim:        52672 kB
KernelStack:       15056 kB
PageTables:        16676 kB
NFS_Unstable:          0 kB
Bounce:                0 kB
WritebackTmp:          0 kB
CommitLimit:     1450072 kB
Committed_AS:   23979944 kB
VmallocTotal:   251658176 kB
VmallocUsed:       96504 kB
VmallocChunk:   251482716 kB


[2024-11-19 20:33:13]
MemTotal:        1858332 kB
MemFree:           49132 kB
Buffers:             644 kB
Cached:           204372 kB
SwapCached:        13648 kB
Active:           974848 kB
Inactive:         358496 kB
Active(anon):     918084 kB
Inactive(anon):   310080 kB
Active(file):      56764 kB
Inactive(file):    48416 kB
Unevictable:       99496 kB
Mlocked:           94212 kB
SwapTotal:        520908 kB
SwapFree:         357464 kB
Dirty:                 0 kB
Writeback:             0 kB
AnonPages:       1227568 kB
Mapped:           143256 kB
Shmem:               596 kB
Slab:              77212 kB
SReclaimable:      24540 kB
SUnreclaim:        52672 kB
KernelStack:       15024 kB
PageTables:        16644 kB
NFS_Unstable:          0 kB
Bounce:                0 kB
WritebackTmp:          0 kB
CommitLimit:     1450072 kB
Committed_AS:   23979956 kB
VmallocTotal:   251658176 kB
VmallocUsed:       96504 kB
VmallocChunk:   251482716 kB


[2024-11-19 20:33:15]
MemTotal:        1858332 kB
MemFree:           43792 kB
Buffers:             644 kB
Cached:           210052 kB
SwapCached:        13648 kB
Active:           975184 kB
Inactive:         364172 kB
Active(anon):     918420 kB
Inactive(anon):   310120 kB
Active(file):      56764 kB
Inactive(file):    54052 kB
Unevictable:       99496 kB
Mlocked:           94212 kB
SwapTotal:        520908 kB
SwapFree:         357508 kB
Dirty:                 0 kB
Writeback:             0 kB
AnonPages:       1228208 kB
Mapped:           143516 kB
Shmem:               596 kB
Slab:              77252 kB
SReclaimable:      24540 kB
SUnreclaim:        52712 kB
KernelStack:       15040 kB
PageTables:        16512 kB
NFS_Unstable:          0 kB
Bounce:                0 kB
WritebackTmp:          0 kB
CommitLimit:     1450072 kB
Committed_AS:   23980076 kB
VmallocTotal:   251658176 kB
VmallocUsed:       96476 kB
VmallocChunk:   251482716 kB


[2024-11-19 20:33:17]
MemTotal:        1858332 kB
MemFree:           43844 kB
Buffers:             644 kB
Cached:           210052 kB
SwapCached:        13648 kB
Active:           975388 kB
Inactive:         364224 kB
Active(anon):     918624 kB
Inactive(anon):   310128 kB
Active(file):      56764 kB
Inactive(file):    54096 kB
Unevictable:       99496 kB
Mlocked:           94212 kB
SwapTotal:        520908 kB
SwapFree:         357520 kB
Dirty:                 0 kB
Writeback:             0 kB
AnonPages:       1228136 kB
Mapped:           143508 kB
Shmem:               596 kB
Slab:              77252 kB
SReclaimable:      24540 kB
SUnreclaim:        52712 kB
KernelStack:       15040 kB
PageTables:        16508 kB
NFS_Unstable:          0 kB
Bounce:                0 kB
WritebackTmp:          0 kB
CommitLimit:     1450072 kB
Committed_AS:   23979984 kB
VmallocTotal:   251658176 kB
VmallocUsed:       96476 kB
VmallocChunk:   251482716 kB


[2024-11-19 20:33:19]
MemTotal:        1858332 kB
MemFree:           43804 kB
Buffers:             644 kB
Cached:           210052 kB
SwapCached:        13648 kB
Active:           975616 kB
Inactive:         364228 kB
Active(anon):     918852 kB
Inactive(anon):   310132 kB
Active(file):      56764 kB
Inactive(file):    54096 kB
Unevictable:       99496 kB
Mlocked:           94212 kB
SwapTotal:        520908 kB
SwapFree:         357520 kB
Dirty:                 0 kB
Writeback:             0 kB
AnonPages:       1228372 kB
Mapped:           143496 kB
Shmem:               596 kB
Slab:              77252 kB
SReclaimable:      24540 kB
SUnreclaim:        52712 kB
KernelStack:       15056 kB
PageTables:        16536 kB
NFS_Unstable:          0 kB
Bounce:                0 kB
WritebackTmp:          0 kB
CommitLimit:     1450072 kB
Committed_AS:   23979960 kB
VmallocTotal:   251658176 kB
VmallocUsed:       96476 kB
VmallocChunk:   251482716 kB


