[2024-11-19 18:58:01]
MemTotal:        1858332 kB
MemFree:          108816 kB
Buffers:            1004 kB
Cached:          1174408 kB
SwapCached:        13608 kB
Active:           283576 kB
Inactive:         951572 kB
Active(anon):     120032 kB
Inactive(anon):    40112 kB
Active(file):     163544 kB
Inactive(file):   911460 kB
Unevictable:       99496 kB
Mlocked:           94212 kB
SwapTotal:        520908 kB
SwapFree:         374516 kB
Dirty:             50528 kB
Writeback:          5704 kB
AnonPages:        158856 kB
Mapped:           522220 kB
Shmem:               592 kB
Slab:              94708 kB
SReclaimable:      41684 kB
SUnreclaim:        53024 kB
KernelStack:       15456 kB
PageTables:        14672 kB
NFS_Unstable:          0 kB
Bounce:                0 kB
WritebackTmp:          0 kB
CommitLimit:     1450072 kB
Committed_AS:   26025668 kB
VmallocTotal:   251658176 kB
VmallocUsed:       99628 kB
VmallocChunk:   251482716 kB


[2024-11-19 18:58:01]
MemTotal:        1858332 kB
MemFree:          107360 kB
Buffers:            1004 kB
Cached:          1178712 kB
SwapCached:        13608 kB
Active:           328860 kB
Inactive:         911480 kB
Active(anon):     120716 kB
Inactive(anon):    40160 kB
Active(file):     208144 kB
Inactive(file):   871320 kB
Unevictable:       99496 kB
Mlocked:           94212 kB
SwapTotal:        520908 kB
SwapFree:         374516 kB
Dirty:             53104 kB
Writeback:             0 kB
AnonPages:        159464 kB
Mapped:           555872 kB
Shmem:               592 kB
Slab:              93916 kB
SReclaimable:      40928 kB
SUnreclaim:        52988 kB
KernelStack:       15456 kB
PageTables:        14740 kB
NFS_Unstable:          0 kB
Bounce:                0 kB
WritebackTmp:          0 kB
CommitLimit:     1450072 kB
Committed_AS:   26025576 kB
VmallocTotal:   251658176 kB
VmallocUsed:       99628 kB
VmallocChunk:   251482716 kB


[2024-11-19 18:58:01]
MemTotal:        1858332 kB
MemFree:          107296 kB
Buffers:            1008 kB
Cached:          1182504 kB
SwapCached:        13608 kB
Active:           370576 kB
Inactive:         873104 kB
Active(anon):     120228 kB
Inactive(anon):    40212 kB
Active(file):     250348 kB
Inactive(file):   832892 kB
Unevictable:       99496 kB
Mlocked:           94212 kB
SwapTotal:        520908 kB
SwapFree:         374516 kB
Dirty:             43776 kB
Writeback:             0 kB
AnonPages:        159132 kB
Mapped:           588216 kB
Shmem:               592 kB
Slab:              93672 kB
SReclaimable:      40588 kB
SUnreclaim:        53084 kB
KernelStack:       15456 kB
PageTables:        14796 kB
NFS_Unstable:          0 kB
Bounce:                0 kB
WritebackTmp:          0 kB
CommitLimit:     1450072 kB
Committed_AS:   26025436 kB
VmallocTotal:   251658176 kB
VmallocUsed:       99628 kB
VmallocChunk:   251482716 kB


[2024-11-19 18:58:01]
MemTotal:        1858332 kB
MemFree:          108068 kB
Buffers:            1004 kB
Cached:          1184408 kB
SwapCached:        13608 kB
Active:           423128 kB
Inactive:         822524 kB
Active(anon):     120376 kB
Inactive(anon):    40144 kB
Active(file):     302752 kB
Inactive(file):   782380 kB
Unevictable:       99496 kB
Mlocked:           94212 kB
SwapTotal:        520908 kB
SwapFree:         374516 kB
Dirty:             52072 kB
Writeback:             0 kB
AnonPages:        159048 kB
Mapped:           625108 kB
Shmem:               592 kB
Slab:              92652 kB
SReclaimable:      39664 kB
SUnreclaim:        52988 kB
KernelStack:       15456 kB
PageTables:        14868 kB
NFS_Unstable:          0 kB
Bounce:                0 kB
WritebackTmp:          0 kB
CommitLimit:     1450072 kB
Committed_AS:   26025336 kB
VmallocTotal:   251658176 kB
VmallocUsed:       99628 kB
VmallocChunk:   251482716 kB


[2024-11-19 18:58:01]
MemTotal:        1858332 kB
MemFree:          108612 kB
Buffers:            1016 kB
Cached:          1185908 kB
SwapCached:        13544 kB
Active:           464072 kB
Inactive:         783708 kB
Active(anon):     120488 kB
Inactive(anon):    40320 kB
Active(file):     343584 kB
Inactive(file):   743388 kB
Unevictable:       99496 kB
Mlocked:           94212 kB
SwapTotal:        520908 kB
SwapFree:         374500 kB
Dirty:               456 kB
Writeback:         17776 kB
AnonPages:        159480 kB
Mapped:           650332 kB
Shmem:               592 kB
Slab:              92028 kB
SReclaimable:      38912 kB
SUnreclaim:        53116 kB
KernelStack:       15440 kB
PageTables:        14928 kB
NFS_Unstable:          0 kB
Bounce:                0 kB
WritebackTmp:          0 kB
CommitLimit:     1450072 kB
Committed_AS:   26025520 kB
VmallocTotal:   251658176 kB
VmallocUsed:       99628 kB
VmallocChunk:   251482716 kB


[2024-11-19 18:58:01]
MemTotal:        1858332 kB
MemFree:          107936 kB
Buffers:             976 kB
Cached:          1188048 kB
SwapCached:        13328 kB
Active:           520740 kB
Inactive:         728888 kB
Active(anon):     120824 kB
Inactive(anon):    40288 kB
Active(file):     399916 kB
Inactive(file):   688600 kB
Unevictable:       99496 kB
Mlocked:           94212 kB
SwapTotal:        520908 kB
SwapFree:         374484 kB
Dirty:             54912 kB
Writeback:             0 kB
AnonPages:        159692 kB
Mapped:           687872 kB
Shmem:               592 kB
Slab:              91056 kB
SReclaimable:      38036 kB
SUnreclaim:        53020 kB
KernelStack:       15440 kB
PageTables:        15000 kB
NFS_Unstable:          0 kB
Bounce:                0 kB
WritebackTmp:          0 kB
CommitLimit:     1450072 kB
Committed_AS:   26025544 kB
VmallocTotal:   251658176 kB
VmallocUsed:       99628 kB
VmallocChunk:   251482716 kB


[2024-11-19 18:58:01]
MemTotal:        1858332 kB
MemFree:          106352 kB
Buffers:             988 kB
Cached:          1191272 kB
SwapCached:        13152 kB
Active:           568300 kB
Inactive:         684820 kB
Active(anon):     120768 kB
Inactive(anon):    40408 kB
Active(file):     447532 kB
Inactive(file):   644412 kB
Unevictable:       99496 kB
Mlocked:           94212 kB
SwapTotal:        520908 kB
SwapFree:         374480 kB
Dirty:             58104 kB
Writeback:            88 kB
AnonPages:        160112 kB
Mapped:           722416 kB
Shmem:               592 kB
Slab:              90260 kB
SReclaimable:      37272 kB
SUnreclaim:        52988 kB
KernelStack:       15440 kB
PageTables:        15064 kB
NFS_Unstable:          0 kB
Bounce:                0 kB
WritebackTmp:          0 kB
CommitLimit:     1450072 kB
Committed_AS:   26025452 kB
VmallocTotal:   251658176 kB
VmallocUsed:       99628 kB
VmallocChunk:   251482716 kB


[2024-11-19 18:58:01]
MemTotal:        1858332 kB
MemFree:          108108 kB
Buffers:             984 kB
Cached:          1191184 kB
SwapCached:        12984 kB
Active:           615276 kB
Inactive:         637464 kB
Active(anon):     120812 kB
Inactive(anon):    40284 kB
Active(file):     494464 kB
Inactive(file):   597180 kB
Unevictable:       99496 kB
Mlocked:           94212 kB
SwapTotal:        520908 kB
SwapFree:         374476 kB
Dirty:             52724 kB
Writeback:             0 kB
AnonPages:        160340 kB
Mapped:           755176 kB
Shmem:               592 kB
Slab:              89284 kB
SReclaimable:      36232 kB
SUnreclaim:        53052 kB
KernelStack:       15440 kB
PageTables:        15112 kB
NFS_Unstable:          0 kB
Bounce:                0 kB
WritebackTmp:          0 kB
CommitLimit:     1450072 kB
Committed_AS:   26025492 kB
VmallocTotal:   251658176 kB
VmallocUsed:       99628 kB
VmallocChunk:   251482716 kB


[2024-11-19 18:58:01]
MemTotal:        1858332 kB
MemFree:          106828 kB
Buffers:             984 kB
Cached:          1194048 kB
SwapCached:        12756 kB
Active:           661708 kB
Inactive:         593592 kB
Active(anon):     120260 kB
Inactive(anon):    40128 kB
Active(file):     541448 kB
Inactive(file):   553464 kB
Unevictable:       99496 kB
Mlocked:           94212 kB
SwapTotal:        520908 kB
SwapFree:         374564 kB
Dirty:             54960 kB
Writeback:             0 kB
AnonPages:        159812 kB
Mapped:           789300 kB
Shmem:               592 kB
Slab:              88516 kB
SReclaimable:      35464 kB
SUnreclaim:        53052 kB
KernelStack:       15440 kB
PageTables:        15188 kB
NFS_Unstable:          0 kB
Bounce:                0 kB
WritebackTmp:          0 kB
CommitLimit:     1450072 kB
Committed_AS:   26025432 kB
VmallocTotal:   251658176 kB
VmallocUsed:       99628 kB
VmallocChunk:   251482716 kB


[2024-11-19 18:58:01]
MemTotal:        1858332 kB
MemFree:          106804 kB
Buffers:            1008 kB
Cached:          1193400 kB
SwapCached:        12580 kB
Active:           668540 kB
Inactive:         587572 kB
Active(anon):     121472 kB
Inactive(anon):    40472 kB
Active(file):     547068 kB
Inactive(file):   547100 kB
Unevictable:       99496 kB
Mlocked:           94212 kB
SwapTotal:        520908 kB
SwapFree:         374572 kB
Dirty:               736 kB
Writeback:         18608 kB
AnonPages:        161792 kB
Mapped:           821856 kB
Shmem:               592 kB
Slab:              88120 kB
SReclaimable:      34780 kB
SUnreclaim:        53340 kB
KernelStack:       15504 kB
PageTables:        15260 kB
NFS_Unstable:          0 kB
Bounce:                0 kB
WritebackTmp:          0 kB
CommitLimit:     1450072 kB
Committed_AS:   26027292 kB
VmallocTotal:   251658176 kB
VmallocUsed:       99640 kB
VmallocChunk:   251482716 kB


[2024-11-19 18:58:01]
MemTotal:        1858332 kB
MemFree:          104124 kB
Buffers:            1004 kB
Cached:          1192220 kB
SwapCached:        12576 kB
Active:           671528 kB
Inactive:         588496 kB
Active(anon):     125036 kB
Inactive(anon):    41876 kB
Active(file):     546492 kB
Inactive(file):   546620 kB
Unevictable:       99496 kB
Mlocked:           94212 kB
SwapTotal:        520908 kB
SwapFree:         374572 kB
Dirty:             54404 kB
Writeback:             0 kB
AnonPages:        166512 kB
Mapped:           859152 kB
Shmem:               592 kB
Slab:              86648 kB
SReclaimable:      33660 kB
SUnreclaim:        52988 kB
KernelStack:       15600 kB
PageTables:        15552 kB
NFS_Unstable:          0 kB
Bounce:                0 kB
WritebackTmp:          0 kB
CommitLimit:     1450072 kB
Committed_AS:   26129852 kB
VmallocTotal:   251658176 kB
VmallocUsed:       99640 kB
VmallocChunk:   251482716 kB


[2024-11-19 18:58:03]
MemTotal:        1858332 kB
MemFree:          102920 kB
Buffers:            1012 kB
Cached:          1194700 kB
SwapCached:        12576 kB
Active:           672952 kB
Inactive:         589564 kB
Active(anon):     125248 kB
Inactive(anon):    41768 kB
Active(file):     547704 kB
Inactive(file):   547796 kB
Unevictable:       99496 kB
Mlocked:           94212 kB
SwapTotal:        520908 kB
SwapFree:         374572 kB
Dirty:             57864 kB
Writeback:            32 kB
AnonPages:        166672 kB
Mapped:           895572 kB
Shmem:               592 kB
Slab:              85732 kB
SReclaimable:      32744 kB
SUnreclaim:        52988 kB
KernelStack:       15568 kB
PageTables:        15604 kB
NFS_Unstable:          0 kB
Bounce:                0 kB
WritebackTmp:          0 kB
CommitLimit:     1450072 kB
Committed_AS:   26129736 kB
VmallocTotal:   251658176 kB
VmallocUsed:       99640 kB
VmallocChunk:   251482716 kB


[2024-11-19 18:58:05]
MemTotal:        1858332 kB
MemFree:          104108 kB
Buffers:             472 kB
Cached:          1194452 kB
SwapCached:        12576 kB
Active:           672576 kB
Inactive:         589440 kB
Active(anon):     125308 kB
Inactive(anon):    41864 kB
Active(file):     547268 kB
Inactive(file):   547576 kB
Unevictable:       99496 kB
Mlocked:           94212 kB
SwapTotal:        520908 kB
SwapFree:         374572 kB
Dirty:             50472 kB
Writeback:             0 kB
AnonPages:        166884 kB
Mapped:           912596 kB
Shmem:               592 kB
Slab:              85428 kB
SReclaimable:      32344 kB
SUnreclaim:        53084 kB
KernelStack:       15568 kB
PageTables:        15648 kB
NFS_Unstable:          0 kB
Bounce:                0 kB
WritebackTmp:          0 kB
CommitLimit:     1450072 kB
Committed_AS:   26129716 kB
VmallocTotal:   251658176 kB
VmallocUsed:       99640 kB
VmallocChunk:   251482716 kB


[2024-11-19 18:58:07]
MemTotal:        1858332 kB
MemFree:          101800 kB
Buffers:             168 kB
Cached:          1196184 kB
SwapCached:        12576 kB
Active:           672816 kB
Inactive:         591040 kB
Active(anon):     125516 kB
Inactive(anon):    41840 kB
Active(file):     547300 kB
Inactive(file):   549200 kB
Unevictable:       99496 kB
Mlocked:           94212 kB
SwapTotal:        520908 kB
SwapFree:         374572 kB
Dirty:             52772 kB
Writeback:             0 kB
AnonPages:        167128 kB
Mapped:           907024 kB
Shmem:               592 kB
Slab:              85640 kB
SReclaimable:      32588 kB
SUnreclaim:        53052 kB
KernelStack:       15568 kB
PageTables:        15728 kB
NFS_Unstable:          0 kB
Bounce:                0 kB
WritebackTmp:          0 kB
CommitLimit:     1450072 kB
Committed_AS:   26129520 kB
VmallocTotal:   251658176 kB
VmallocUsed:       99640 kB
VmallocChunk:   251482716 kB


[2024-11-19 18:58:09]
MemTotal:        1858332 kB
MemFree:          102688 kB
Buffers:             176 kB
Cached:          1196004 kB
SwapCached:        12576 kB
Active:           671408 kB
Inactive:         591824 kB
Active(anon):     125084 kB
Inactive(anon):    41752 kB
Active(file):     546324 kB
Inactive(file):   550072 kB
Unevictable:       99496 kB
Mlocked:           94212 kB
SwapTotal:        520908 kB
SwapFree:         374572 kB
Dirty:               600 kB
Writeback:         12384 kB
AnonPages:        166552 kB
Mapped:           899744 kB
Shmem:               592 kB
Slab:              85992 kB
SReclaimable:      32764 kB
SUnreclaim:        53228 kB
KernelStack:       15568 kB
PageTables:        15756 kB
NFS_Unstable:          0 kB
Bounce:                0 kB
WritebackTmp:          0 kB
CommitLimit:     1450072 kB
Committed_AS:   26129672 kB
VmallocTotal:   251658176 kB
VmallocUsed:       99640 kB
VmallocChunk:   251482716 kB


[2024-11-19 18:58:11]
MemTotal:        1858332 kB
MemFree:          102860 kB
Buffers:             176 kB
Cached:          1196132 kB
SwapCached:        12576 kB
Active:           672348 kB
Inactive:         590324 kB
Active(anon):     124864 kB
Inactive(anon):    41732 kB
Active(file):     547484 kB
Inactive(file):   548592 kB
Unevictable:       99496 kB
Mlocked:           94212 kB
SwapTotal:        520908 kB
SwapFree:         374572 kB
Dirty:             29856 kB
Writeback:             0 kB
AnonPages:        166364 kB
Mapped:           897644 kB
Shmem:               592 kB
Slab:              85868 kB
SReclaimable:      32728 kB
SUnreclaim:        53140 kB
KernelStack:       15568 kB
PageTables:        15776 kB
NFS_Unstable:          0 kB
Bounce:                0 kB
WritebackTmp:          0 kB
CommitLimit:     1450072 kB
Committed_AS:   26129736 kB
VmallocTotal:   251658176 kB
VmallocUsed:       99640 kB
VmallocChunk:   251482716 kB


[2024-11-19 18:58:13]
MemTotal:        1858332 kB
MemFree:          102828 kB
Buffers:             184 kB
Cached:          1195736 kB
SwapCached:        12576 kB
Active:           673168 kB
Inactive:         590024 kB
Active(anon):     125208 kB
Inactive(anon):    41692 kB
Active(file):     547960 kB
Inactive(file):   548332 kB
Unevictable:       99496 kB
Mlocked:           94212 kB
SwapTotal:        520908 kB
SwapFree:         374572 kB
Dirty:             54312 kB
Writeback:             0 kB
AnonPages:        166612 kB
Mapped:           893784 kB
Shmem:               592 kB
Slab:              85992 kB
SReclaimable:      32852 kB
SUnreclaim:        53140 kB
KernelStack:       15568 kB
PageTables:        15800 kB
NFS_Unstable:          0 kB
Bounce:                0 kB
WritebackTmp:          0 kB
CommitLimit:     1450072 kB
Committed_AS:   26129696 kB
VmallocTotal:   251658176 kB
VmallocUsed:       99640 kB
VmallocChunk:   251482716 kB


[2024-11-19 18:58:15]
MemTotal:        1858332 kB
MemFree:          103508 kB
Buffers:             176 kB
Cached:          1195144 kB
SwapCached:        12576 kB
Active:           673024 kB
Inactive:         589636 kB
Active(anon):     125444 kB
Inactive(anon):    41920 kB
Active(file):     547580 kB
Inactive(file):   547716 kB
Unevictable:       99496 kB
Mlocked:           94212 kB
SwapTotal:        520908 kB
SwapFree:         374572 kB
Dirty:             13352 kB
Writeback:             0 kB
AnonPages:        166728 kB
Mapped:           891376 kB
Shmem:               592 kB
Slab:              85908 kB
SReclaimable:      32784 kB
SUnreclaim:        53124 kB
KernelStack:       15568 kB
PageTables:        15816 kB
NFS_Unstable:          0 kB
Bounce:                0 kB
WritebackTmp:          0 kB
CommitLimit:     1450072 kB
Committed_AS:   26129804 kB
VmallocTotal:   251658176 kB
VmallocUsed:       99640 kB
VmallocChunk:   251482716 kB


[2024-11-19 18:58:18]
MemTotal:        1858332 kB
MemFree:          104008 kB
Buffers:             184 kB
Cached:          1194652 kB
SwapCached:        12576 kB
Active:           672516 kB
Inactive:         589420 kB
Active(anon):     125396 kB
Inactive(anon):    41888 kB
Active(file):     547120 kB
Inactive(file):   547532 kB
Unevictable:       99496 kB
Mlocked:           94212 kB
SwapTotal:        520908 kB
SwapFree:         374572 kB
Dirty:             41936 kB
Writeback:             0 kB
AnonPages:        166844 kB
Mapped:           887312 kB
Shmem:               592 kB
Slab:              85972 kB
SReclaimable:      32848 kB
SUnreclaim:        53124 kB
KernelStack:       15568 kB
PageTables:        15840 kB
NFS_Unstable:          0 kB
Bounce:                0 kB
WritebackTmp:          0 kB
CommitLimit:     1450072 kB
Committed_AS:   26129816 kB
VmallocTotal:   251658176 kB
VmallocUsed:       99640 kB
VmallocChunk:   251482716 kB


[2024-11-19 18:58:20]
MemTotal:        1858332 kB
MemFree:          108096 kB
Buffers:             184 kB
Cached:          1200852 kB
SwapCached:        12576 kB
Active:           669220 kB
Inactive:         592920 kB
Active(anon):     119316 kB
Inactive(anon):    41824 kB
Active(file):     549904 kB
Inactive(file):   551096 kB
Unevictable:       99496 kB
Mlocked:           94212 kB
SwapTotal:        520908 kB
SwapFree:         374572 kB
Dirty:               552 kB
Writeback:         17296 kB
AnonPages:        160852 kB
Mapped:           885432 kB
Shmem:               592 kB
Slab:              86256 kB
SReclaimable:      32940 kB
SUnreclaim:        53316 kB
KernelStack:       15568 kB
PageTables:        15848 kB
NFS_Unstable:          0 kB
Bounce:                0 kB
WritebackTmp:          0 kB
CommitLimit:     1450072 kB
Committed_AS:   26129672 kB
VmallocTotal:   251658176 kB
VmallocUsed:       99640 kB
VmallocChunk:   251482716 kB


[2024-11-19 18:58:22]
MemTotal:        1858332 kB
MemFree:          105724 kB
Buffers:             184 kB
Cached:          1207016 kB
SwapCached:        12576 kB
Active:           672300 kB
Inactive:         596156 kB
Active(anon):     119568 kB
Inactive(anon):    41804 kB
Active(file):     552732 kB
Inactive(file):   554352 kB
Unevictable:       99496 kB
Mlocked:           94212 kB
SwapTotal:        520908 kB
SwapFree:         374572 kB
Dirty:             30576 kB
Writeback:             0 kB
AnonPages:        161112 kB
Mapped:           887552 kB
Shmem:               592 kB
Slab:              86080 kB
SReclaimable:      32924 kB
SUnreclaim:        53156 kB
KernelStack:       15568 kB
PageTables:        15864 kB
NFS_Unstable:          0 kB
Bounce:                0 kB
WritebackTmp:          0 kB
CommitLimit:     1450072 kB
Committed_AS:   26129668 kB
VmallocTotal:   251658176 kB
VmallocUsed:       99640 kB
VmallocChunk:   251482716 kB


[2024-11-19 18:58:24]
MemTotal:        1858332 kB
MemFree:          108604 kB
Buffers:             468 kB
Cached:          1203784 kB
SwapCached:        12576 kB
Active:           672004 kB
Inactive:         593952 kB
Active(anon):     120112 kB
Inactive(anon):    41772 kB
Active(file):     551892 kB
Inactive(file):   552180 kB
Unevictable:       99496 kB
Mlocked:           94212 kB
SwapTotal:        520908 kB
SwapFree:         374580 kB
Dirty:             52180 kB
Writeback:             0 kB
AnonPages:        161800 kB
Mapped:           881256 kB
Shmem:               592 kB
Slab:              86092 kB
SReclaimable:      32936 kB
SUnreclaim:        53156 kB
KernelStack:       15568 kB
PageTables:        15880 kB
NFS_Unstable:          0 kB
Bounce:                0 kB
WritebackTmp:          0 kB
CommitLimit:     1450072 kB
Committed_AS:   26138932 kB
VmallocTotal:   251658176 kB
VmallocUsed:       99640 kB
VmallocChunk:   251482716 kB


[2024-11-19 18:58:26]
MemTotal:        1858332 kB
MemFree:           83968 kB
Buffers:             676 kB
Cached:          1204632 kB
SwapCached:        12576 kB
Active:           698108 kB
Inactive:         593272 kB
Active(anon):     144376 kB
Inactive(anon):    41728 kB
Active(file):     553732 kB
Inactive(file):   551544 kB
Unevictable:       99496 kB
Mlocked:           94212 kB
SwapTotal:        520908 kB
SwapFree:         374580 kB
Dirty:                 0 kB
Writeback:             0 kB
AnonPages:        185672 kB
Mapped:           881472 kB
Shmem:               592 kB
Slab:              85860 kB
SReclaimable:      32768 kB
SUnreclaim:        53092 kB
KernelStack:       15744 kB
PageTables:        16036 kB
NFS_Unstable:          0 kB
Bounce:                0 kB
WritebackTmp:          0 kB
CommitLimit:     1450072 kB
Committed_AS:   26219704 kB
VmallocTotal:   251658176 kB
VmallocUsed:       99640 kB
VmallocChunk:   251482716 kB


[2024-11-19 18:58:28]
MemTotal:        1858332 kB
MemFree:           62704 kB
Buffers:             684 kB
Cached:          1201428 kB
SwapCached:        12576 kB
Active:           718024 kB
Inactive:         594300 kB
Active(anon):     167076 kB
Inactive(anon):    43056 kB
Active(file):     550948 kB
Inactive(file):   551244 kB
Unevictable:       99496 kB
Mlocked:           94212 kB
SwapTotal:        520908 kB
SwapFree:         374580 kB
Dirty:                 0 kB
Writeback:             0 kB
AnonPages:        210416 kB
Mapped:           880424 kB
Shmem:               592 kB
Slab:              85852 kB
SReclaimable:      32760 kB
SUnreclaim:        53092 kB
KernelStack:       15712 kB
PageTables:        16072 kB
NFS_Unstable:          0 kB
Bounce:                0 kB
WritebackTmp:          0 kB
CommitLimit:     1450072 kB
Committed_AS:   26243908 kB
VmallocTotal:   251658176 kB
VmallocUsed:       99640 kB
VmallocChunk:   251482716 kB


[2024-11-19 18:58:30]
MemTotal:        1858332 kB
MemFree:           33244 kB
Buffers:             664 kB
Cached:          1026104 kB
SwapCached:        12576 kB
Active:           778088 kB
Inactive:         568272 kB
Active(anon):     314688 kB
Inactive(anon):   104912 kB
Active(file):     463400 kB
Inactive(file):   463360 kB
Unevictable:       99496 kB
Mlocked:           94212 kB
SwapTotal:        520908 kB
SwapFree:         374576 kB
Dirty:                28 kB
Writeback:             0 kB
AnonPages:        419400 kB
Mapped:           789532 kB
Shmem:               592 kB
Slab:              80064 kB
SReclaimable:      26972 kB
SUnreclaim:        53092 kB
KernelStack:       15712 kB
PageTables:        16384 kB
NFS_Unstable:          0 kB
Bounce:                0 kB
WritebackTmp:          0 kB
CommitLimit:     1450072 kB
Committed_AS:   27040828 kB
VmallocTotal:   251658176 kB
VmallocUsed:       99640 kB
VmallocChunk:   251482716 kB


[2024-11-19 18:58:32]
MemTotal:        1858332 kB
MemFree:           32672 kB
Buffers:             132 kB
Cached:           497444 kB
SwapCached:        12364 kB
Active:           911272 kB
Inactive:         436004 kB
Active(anon):     712748 kB
Inactive(anon):   237604 kB
Active(file):     198524 kB
Inactive(file):   198400 kB
Unevictable:       99496 kB
Mlocked:           94212 kB
SwapTotal:        520908 kB
SwapFree:         372756 kB
Dirty:                28 kB
Writeback:             0 kB
AnonPages:        950328 kB
Mapped:           151804 kB
Shmem:               496 kB
Slab:              78504 kB
SReclaimable:      25412 kB
SUnreclaim:        53092 kB
KernelStack:       15712 kB
PageTables:        17352 kB
NFS_Unstable:          0 kB
Bounce:                0 kB
WritebackTmp:          0 kB
CommitLimit:     1450072 kB
Committed_AS:   27040912 kB
VmallocTotal:   251658176 kB
VmallocUsed:       99640 kB
VmallocChunk:   251482716 kB


[2024-11-19 18:58:35]
MemTotal:        1858332 kB
MemFree:           33508 kB
Buffers:             140 kB
Cached:           195000 kB
SwapCached:        11092 kB
Active:           989568 kB
Inactive:         358724 kB
Active(anon):     942104 kB
Inactive(anon):   310920 kB
Active(file):      47464 kB
Inactive(file):    47804 kB
Unevictable:       99496 kB
Mlocked:           94212 kB
SwapTotal:        520908 kB
SwapFree:         370684 kB
Dirty:                 4 kB
Writeback:             0 kB
AnonPages:       1252900 kB
Mapped:           112456 kB
Shmem:               500 kB
Slab:              77800 kB
SReclaimable:      24744 kB
SUnreclaim:        53056 kB
KernelStack:       15248 kB
PageTables:        16852 kB
NFS_Unstable:          0 kB
Bounce:                0 kB
WritebackTmp:          0 kB
CommitLimit:     1450072 kB
Committed_AS:   24104112 kB
VmallocTotal:   251658176 kB
VmallocUsed:       96580 kB
VmallocChunk:   251482716 kB


[2024-11-19 18:58:37]
MemTotal:        1858332 kB
MemFree:           54204 kB
Buffers:             396 kB
Cached:           218380 kB
SwapCached:        10272 kB
Active:           971988 kB
Inactive:         374868 kB
Active(anon):     920976 kB
Inactive(anon):   307036 kB
Active(file):      51012 kB
Inactive(file):    67832 kB
Unevictable:       99496 kB
Mlocked:           94212 kB
SwapTotal:        520908 kB
SwapFree:         368108 kB
Dirty:                60 kB
Writeback:             0 kB
AnonPages:       1226952 kB
Mapped:           126212 kB
Shmem:               504 kB
Slab:              77712 kB
SReclaimable:      24712 kB
SUnreclaim:        53000 kB
KernelStack:       15056 kB
PageTables:        16004 kB
NFS_Unstable:          0 kB
Bounce:                0 kB
WritebackTmp:          0 kB
CommitLimit:     1450072 kB
Committed_AS:   22180144 kB
VmallocTotal:   251658176 kB
VmallocUsed:       94264 kB
VmallocChunk:   251482716 kB


[2024-11-19 18:58:39]
MemTotal:        1858332 kB
MemFree:           54592 kB
Buffers:             464 kB
Cached:           222124 kB
SwapCached:        10036 kB
Active:           983352 kB
Inactive:         369668 kB
Active(anon):     923020 kB
Inactive(anon):   307408 kB
Active(file):      60332 kB
Inactive(file):    62260 kB
Unevictable:       99496 kB
Mlocked:           94212 kB
SwapTotal:        520908 kB
SwapFree:         364048 kB
Dirty:                60 kB
Writeback:             4 kB
AnonPages:       1229344 kB
Mapped:           133664 kB
Shmem:               504 kB
Slab:              77612 kB
SReclaimable:      24632 kB
SUnreclaim:        52980 kB
KernelStack:       15232 kB
PageTables:        16628 kB
NFS_Unstable:          0 kB
Bounce:                0 kB
WritebackTmp:          0 kB
CommitLimit:     1450072 kB
Committed_AS:   24100720 kB
VmallocTotal:   251658176 kB
VmallocUsed:       95284 kB
VmallocChunk:   251482716 kB


[2024-11-19 18:58:41]
MemTotal:        1858332 kB
MemFree:           51692 kB
Buffers:             352 kB
Cached:           198984 kB
SwapCached:         9660 kB
Active:           971996 kB
Inactive:         357860 kB
Active(anon):     922656 kB
Inactive(anon):   307584 kB
Active(file):      49340 kB
Inactive(file):    50276 kB
Unevictable:       99496 kB
Mlocked:           94212 kB
SwapTotal:        520908 kB
SwapFree:         358128 kB
Dirty:               156 kB
Writeback:             4 kB
AnonPages:       1228964 kB
Mapped:           134316 kB
Shmem:               504 kB
Slab:              77636 kB
SReclaimable:      24616 kB
SUnreclaim:        53020 kB
KernelStack:       15120 kB
PageTables:        16124 kB
NFS_Unstable:          0 kB
Bounce:                0 kB
WritebackTmp:          0 kB
CommitLimit:     1450072 kB
Committed_AS:   22180452 kB
VmallocTotal:   251658176 kB
VmallocUsed:       95484 kB
VmallocChunk:   251482716 kB


[2024-11-19 18:58:44]
MemTotal:        1858332 kB
MemFree:           52504 kB
Buffers:             352 kB
Cached:           198516 kB
SwapCached:         9664 kB
Active:           971748 kB
Inactive:         357592 kB
Active(anon):     922588 kB
Inactive(anon):   307628 kB
Active(file):      49160 kB
Inactive(file):    49964 kB
Unevictable:       99496 kB
Mlocked:           94212 kB
SwapTotal:        520908 kB
SwapFree:         358072 kB
Dirty:                 0 kB
Writeback:             0 kB
AnonPages:       1228856 kB
Mapped:           134748 kB
Shmem:               504 kB
Slab:              77516 kB
SReclaimable:      24600 kB
SUnreclaim:        52916 kB
KernelStack:       15152 kB
PageTables:        16200 kB
NFS_Unstable:          0 kB
Bounce:                0 kB
WritebackTmp:          0 kB
CommitLimit:     1450072 kB
Committed_AS:   22180468 kB
VmallocTotal:   251658176 kB
VmallocUsed:       95484 kB
VmallocChunk:   251482716 kB


[2024-11-19 18:58:46]
MemTotal:        1858332 kB
MemFree:           51872 kB
Buffers:             356 kB
Cached:           196152 kB
SwapCached:         9960 kB
Active:           972296 kB
Inactive:         356264 kB
Active(anon):     924000 kB
Inactive(anon):   307748 kB
Active(file):      48296 kB
Inactive(file):    48516 kB
Unevictable:       99496 kB
Mlocked:           94212 kB
SwapTotal:        520908 kB
SwapFree:         357800 kB
Dirty:                 0 kB
Writeback:             0 kB
AnonPages:       1230140 kB
Mapped:           135108 kB
Shmem:               504 kB
Slab:              77532 kB
SReclaimable:      24600 kB
SUnreclaim:        52932 kB
KernelStack:       15184 kB
PageTables:        16776 kB
NFS_Unstable:          0 kB
Bounce:                0 kB
WritebackTmp:          0 kB
CommitLimit:     1450072 kB
Committed_AS:   24100584 kB
VmallocTotal:   251658176 kB
VmallocUsed:       96504 kB
VmallocChunk:   251482716 kB


[2024-11-19 18:58:48]
MemTotal:        1858332 kB
MemFree:           53144 kB
Buffers:             456 kB
Cached:           197228 kB
SwapCached:        10520 kB
Active:           970332 kB
Inactive:         357684 kB
Active(anon):     922704 kB
Inactive(anon):   307372 kB
Active(file):      47628 kB
Inactive(file):    50312 kB
Unevictable:       99496 kB
Mlocked:           94212 kB
SwapTotal:        520908 kB
SwapFree:         357880 kB
Dirty:                24 kB
Writeback:             0 kB
AnonPages:       1228660 kB
Mapped:           135036 kB
Shmem:               504 kB
Slab:              77528 kB
SReclaimable:      24600 kB
SUnreclaim:        52928 kB
KernelStack:       15328 kB
PageTables:        16772 kB
NFS_Unstable:          0 kB
Bounce:                0 kB
WritebackTmp:          0 kB
CommitLimit:     1450072 kB
Committed_AS:   24101112 kB
VmallocTotal:   251658176 kB
VmallocUsed:       96504 kB
VmallocChunk:   251482716 kB


[2024-11-19 18:58:51]
MemTotal:        1858332 kB
MemFree:           52204 kB
Buffers:             456 kB
Cached:           197268 kB
SwapCached:        10520 kB
Active:           970668 kB
Inactive:         357644 kB
Active(anon):     923040 kB
Inactive(anon):   307332 kB
Active(file):      47628 kB
Inactive(file):    50312 kB
Unevictable:       99496 kB
Mlocked:           94212 kB
SwapTotal:        520908 kB
SwapFree:         357896 kB
Dirty:                24 kB
Writeback:             0 kB
AnonPages:       1228752 kB
Mapped:           135240 kB
Shmem:               504 kB
Slab:              77912 kB
SReclaimable:      24984 kB
SUnreclaim:        52928 kB
KernelStack:       15328 kB
PageTables:        16772 kB
NFS_Unstable:          0 kB
Bounce:                0 kB
WritebackTmp:          0 kB
CommitLimit:     1450072 kB
Committed_AS:   24101120 kB
VmallocTotal:   251658176 kB
VmallocUsed:       96504 kB
VmallocChunk:   251482716 kB


[2024-11-19 18:58:53]
MemTotal:        1858332 kB
MemFree:           54456 kB
Buffers:             456 kB
Cached:           192224 kB
SwapCached:        12236 kB
Active:           970264 kB
Inactive:         355896 kB
Active(anon):     923772 kB
Inactive(anon):   309460 kB
Active(file):      46492 kB
Inactive(file):    46436 kB
Unevictable:       99496 kB
Mlocked:           94212 kB
SwapTotal:        520908 kB
SwapFree:         358904 kB
Dirty:                 0 kB
Writeback:             0 kB
AnonPages:       1231776 kB
Mapped:           135160 kB
Shmem:               504 kB
Slab:              77640 kB
SReclaimable:      24712 kB
SUnreclaim:        52928 kB
KernelStack:       15360 kB
PageTables:        16796 kB
NFS_Unstable:          0 kB
Bounce:                0 kB
WritebackTmp:          0 kB
CommitLimit:     1450072 kB
Committed_AS:   24101124 kB
VmallocTotal:   251658176 kB
VmallocUsed:       96504 kB
VmallocChunk:   251482716 kB


[2024-11-19 18:58:55]
MemTotal:        1858332 kB
MemFree:           53196 kB
Buffers:             456 kB
Cached:           193444 kB
SwapCached:        12392 kB
Active:           971596 kB
Inactive:         356628 kB
Active(anon):     924692 kB
Inactive(anon):   309380 kB
Active(file):      46904 kB
Inactive(file):    47248 kB
Unevictable:       99496 kB
Mlocked:           94212 kB
SwapTotal:        520908 kB
SwapFree:         358988 kB
Dirty:                 0 kB
Writeback:             0 kB
AnonPages:       1232412 kB
Mapped:           135504 kB
Shmem:               508 kB
Slab:              77640 kB
SReclaimable:      24712 kB
SUnreclaim:        52928 kB
KernelStack:       15328 kB
PageTables:        16768 kB
NFS_Unstable:          0 kB
Bounce:                0 kB
WritebackTmp:          0 kB
CommitLimit:     1450072 kB
Committed_AS:   24101016 kB
VmallocTotal:   251658176 kB
VmallocUsed:       96504 kB
VmallocChunk:   251482716 kB


[2024-11-19 18:58:58]
MemTotal:        1858332 kB
MemFree:           54100 kB
Buffers:             416 kB
Cached:           192680 kB
SwapCached:        12940 kB
Active:           971984 kB
Inactive:         356776 kB
Active(anon):     925608 kB
Inactive(anon):   309908 kB
Active(file):      46376 kB
Inactive(file):    46868 kB
Unevictable:       99496 kB
Mlocked:           94212 kB
SwapTotal:        520908 kB
SwapFree:         359840 kB
Dirty:                 0 kB
Writeback:             0 kB
AnonPages:       1233976 kB
Mapped:           136288 kB
Shmem:               504 kB
Slab:              77632 kB
SReclaimable:      24712 kB
SUnreclaim:        52920 kB
KernelStack:       15328 kB
PageTables:        16768 kB
NFS_Unstable:          0 kB
Bounce:                0 kB
WritebackTmp:          0 kB
CommitLimit:     1450072 kB
Committed_AS:   24101172 kB
VmallocTotal:   251658176 kB
VmallocUsed:       96504 kB
VmallocChunk:   251482716 kB


[2024-11-19 18:59:00]
MemTotal:        1858332 kB
MemFree:           69232 kB
Buffers:             412 kB
Cached:           190936 kB
SwapCached:        13004 kB
Active:           959172 kB
Inactive:         355660 kB
Active(anon):     913524 kB
Inactive(anon):   309764 kB
Active(file):      45648 kB
Inactive(file):    45896 kB
Unevictable:       99496 kB
Mlocked:           94212 kB
SwapTotal:        520908 kB
SwapFree:         360028 kB
Dirty:                 0 kB
Writeback:             0 kB
AnonPages:       1221660 kB
Mapped:           129924 kB
Shmem:               504 kB
Slab:              77360 kB
SReclaimable:      24520 kB
SUnreclaim:        52840 kB
KernelStack:       15088 kB
PageTables:        16044 kB
NFS_Unstable:          0 kB
Bounce:                0 kB
WritebackTmp:          0 kB
CommitLimit:     1450072 kB
Committed_AS:   22279296 kB
VmallocTotal:   251658176 kB
VmallocUsed:       96504 kB
VmallocChunk:   251482716 kB


[2024-11-19 18:59:03]
MemTotal:        1858332 kB
MemFree:           58620 kB
Buffers:             432 kB
Cached:           198884 kB
SwapCached:        13012 kB
Active:           962296 kB
Inactive:         363616 kB
Active(anon):     916648 kB
Inactive(anon):   309788 kB
Active(file):      45648 kB
Inactive(file):    53828 kB
Unevictable:       99496 kB
Mlocked:           94212 kB
SwapTotal:        520908 kB
SwapFree:         360164 kB
Dirty:                 4 kB
Writeback:             0 kB
AnonPages:       1224964 kB
Mapped:           130508 kB
Shmem:               500 kB
Slab:              77308 kB
SReclaimable:      24520 kB
SUnreclaim:        52788 kB
KernelStack:       15024 kB
PageTables:        15972 kB
NFS_Unstable:          0 kB
Bounce:                0 kB
WritebackTmp:          0 kB
CommitLimit:     1450072 kB
Committed_AS:   22180760 kB
VmallocTotal:   251658176 kB
VmallocUsed:       94264 kB
VmallocChunk:   251482716 kB


[2024-11-19 18:59:05]
MemTotal:        1858332 kB
MemFree:           55416 kB
Buffers:             460 kB
Cached:           200500 kB
SwapCached:        13064 kB
Active:           965616 kB
Inactive:         365392 kB
Active(anon):     919904 kB
Inactive(anon):   310024 kB
Active(file):      45712 kB
Inactive(file):    55368 kB
Unevictable:       99496 kB
Mlocked:           94212 kB
SwapTotal:        520908 kB
SwapFree:         360460 kB
Dirty:                 4 kB
Writeback:             0 kB
AnonPages:       1228196 kB
Mapped:           131664 kB
Shmem:               500 kB
Slab:              77308 kB
SReclaimable:      24520 kB
SUnreclaim:        52788 kB
KernelStack:       15184 kB
PageTables:        16536 kB
NFS_Unstable:          0 kB
Bounce:                0 kB
WritebackTmp:          0 kB
CommitLimit:     1450072 kB
Committed_AS:   24101708 kB
VmallocTotal:   251658176 kB
VmallocUsed:       95284 kB
VmallocChunk:   251482716 kB


[2024-11-19 18:59:08]
MemTotal:        1858332 kB
MemFree:           53472 kB
Buffers:             384 kB
Cached:           203476 kB
SwapCached:        13108 kB
Active:           971276 kB
Inactive:         367220 kB
Active(anon):     924808 kB
Inactive(anon):   309576 kB
Active(file):      46468 kB
Inactive(file):    57644 kB
Unevictable:       99496 kB
Mlocked:           94212 kB
SwapTotal:        520908 kB
SwapFree:         360912 kB
Dirty:                32 kB
Writeback:             0 kB
AnonPages:       1232548 kB
Mapped:           134628 kB
Shmem:               500 kB
Slab:              77304 kB
SReclaimable:      24516 kB
SUnreclaim:        52788 kB
KernelStack:       15424 kB
PageTables:        17212 kB
NFS_Unstable:          0 kB
Bounce:                0 kB
WritebackTmp:          0 kB
CommitLimit:     1450072 kB
Committed_AS:   26022020 kB
VmallocTotal:   251658176 kB
VmallocUsed:       96304 kB
VmallocChunk:   251482716 kB


[2024-11-19 18:59:11]
MemTotal:        1858332 kB
MemFree:           50880 kB
Buffers:             416 kB
Cached:           197744 kB
SwapCached:        13100 kB
Active:           979292 kB
Inactive:         361900 kB
Active(anon):     932108 kB
Inactive(anon):   310628 kB
Active(file):      47184 kB
Inactive(file):    51272 kB
Unevictable:       99496 kB
Mlocked:           94212 kB
SwapTotal:        520908 kB
SwapFree:         360872 kB
Dirty:                64 kB
Writeback:             0 kB
AnonPages:       1241056 kB
Mapped:           138720 kB
Shmem:               500 kB
Slab:              77304 kB
SReclaimable:      24516 kB
SUnreclaim:        52788 kB
KernelStack:       15456 kB
PageTables:        17260 kB
NFS_Unstable:          0 kB
Bounce:                0 kB
WritebackTmp:          0 kB
CommitLimit:     1450072 kB
Committed_AS:   26023008 kB
VmallocTotal:   251658176 kB
VmallocUsed:       96304 kB
VmallocChunk:   251482716 kB


[2024-11-19 18:59:13]
MemTotal:        1858332 kB
MemFree:           63504 kB
Buffers:             348 kB
Cached:           179924 kB
SwapCached:        13540 kB
Active:           964908 kB
Inactive:         351356 kB
Active(anon):     923604 kB
Inactive(anon):   312016 kB
Active(file):      41304 kB
Inactive(file):    39340 kB
Unevictable:       99496 kB
Mlocked:           94212 kB
SwapTotal:        520908 kB
SwapFree:         361168 kB
Dirty:               124 kB
Writeback:             0 kB
AnonPages:       1226032 kB
Mapped:           132520 kB
Shmem:               488 kB
Slab:              77272 kB
SReclaimable:      24516 kB
SUnreclaim:        52756 kB
KernelStack:       15072 kB
PageTables:        16664 kB
NFS_Unstable:          0 kB
Bounce:                0 kB
WritebackTmp:          0 kB
CommitLimit:     1450072 kB
Committed_AS:   24101536 kB
VmallocTotal:   251658176 kB
VmallocUsed:       95284 kB
VmallocChunk:   251482716 kB


[2024-11-19 18:59:16]
MemTotal:        1858332 kB
MemFree:           70248 kB
Buffers:             376 kB
Cached:           183712 kB
SwapCached:        13600 kB
Active:           956256 kB
Inactive:         355256 kB
Active(anon):     914936 kB
Inactive(anon):   312208 kB
Active(file):      41320 kB
Inactive(file):    43048 kB
Unevictable:       99496 kB
Mlocked:           94212 kB
SwapTotal:        520908 kB
SwapFree:         361336 kB
Dirty:                 4 kB
Writeback:             0 kB
AnonPages:       1225152 kB
Mapped:           130116 kB
Shmem:               480 kB
Slab:              77256 kB
SReclaimable:      24516 kB
SUnreclaim:        52740 kB
KernelStack:       14848 kB
PageTables:        15416 kB
NFS_Unstable:          0 kB
Bounce:                0 kB
WritebackTmp:          0 kB
CommitLimit:     1450072 kB
Committed_AS:   20259132 kB
VmallocTotal:   251658176 kB
VmallocUsed:      101608 kB
VmallocChunk:   251413420 kB


[2024-11-19 18:59:19]
MemTotal:        1858332 kB
MemFree:           65624 kB
Buffers:             360 kB
Cached:           196248 kB
SwapCached:        13736 kB
Active:           958260 kB
Inactive:         366732 kB
Active(anon):     916788 kB
Inactive(anon):   311324 kB
Active(file):      41472 kB
Inactive(file):    55408 kB
Unevictable:       99496 kB
Mlocked:           94212 kB
SwapTotal:        520908 kB
SwapFree:         361612 kB
Dirty:                 4 kB
Writeback:             0 kB
AnonPages:       1225916 kB
Mapped:           131584 kB
Shmem:               480 kB
Slab:              77272 kB
SReclaimable:      24516 kB
SUnreclaim:        52756 kB
KernelStack:       14816 kB
PageTables:        15408 kB
NFS_Unstable:          0 kB
Bounce:                0 kB
WritebackTmp:          0 kB
CommitLimit:     1450072 kB
Committed_AS:   20259252 kB
VmallocTotal:   251658176 kB
VmallocUsed:       93244 kB
VmallocChunk:   251482716 kB


[2024-11-19 18:59:21]
MemTotal:        1858332 kB
MemFree:           65120 kB
Buffers:             360 kB
Cached:           196248 kB
SwapCached:        13740 kB
Active:           958320 kB
Inactive:         366764 kB
Active(anon):     916848 kB
Inactive(anon):   311348 kB
Active(file):      41472 kB
Inactive(file):    55416 kB
Unevictable:       99496 kB
Mlocked:           94212 kB
SwapTotal:        520908 kB
SwapFree:         361632 kB
Dirty:                 0 kB
Writeback:             0 kB
AnonPages:       1226220 kB
Mapped:           131420 kB
Shmem:               480 kB
Slab:              77272 kB
SReclaimable:      24516 kB
SUnreclaim:        52756 kB
KernelStack:       14816 kB
PageTables:        15400 kB
NFS_Unstable:          0 kB
Bounce:                0 kB
WritebackTmp:          0 kB
CommitLimit:     1450072 kB
Committed_AS:   20259228 kB
VmallocTotal:   251658176 kB
VmallocUsed:       93244 kB
VmallocChunk:   251482716 kB


[2024-11-19 18:59:23]
MemTotal:        1858332 kB
MemFree:           65256 kB
Buffers:             360 kB
Cached:           196248 kB
SwapCached:        13744 kB
Active:           958404 kB
Inactive:         366672 kB
Active(anon):     916932 kB
Inactive(anon):   311256 kB
Active(file):      41472 kB
Inactive(file):    55416 kB
Unevictable:       99496 kB
Mlocked:           94212 kB
SwapTotal:        520908 kB
SwapFree:         361632 kB
Dirty:                 0 kB
Writeback:             0 kB
AnonPages:       1226108 kB
Mapped:           131604 kB
Shmem:               480 kB
Slab:              77276 kB
SReclaimable:      24516 kB
SUnreclaim:        52760 kB
KernelStack:       14816 kB
PageTables:        15400 kB
NFS_Unstable:          0 kB
Bounce:                0 kB
WritebackTmp:          0 kB
CommitLimit:     1450072 kB
Committed_AS:   20259292 kB
VmallocTotal:   251658176 kB
VmallocUsed:       93244 kB
VmallocChunk:   251482716 kB


[2024-11-19 18:59:25]
MemTotal:        1858332 kB
MemFree:           65000 kB
Buffers:             360 kB
Cached:           196344 kB
SwapCached:        13744 kB
Active:           958608 kB
Inactive:         366768 kB
Active(anon):     917136 kB
Inactive(anon):   311256 kB
Active(file):      41472 kB
Inactive(file):    55512 kB
Unevictable:       99496 kB
Mlocked:           94212 kB
SwapTotal:        520908 kB
SwapFree:         361632 kB
Dirty:                 0 kB
Writeback:             0 kB
AnonPages:       1226388 kB
Mapped:           131688 kB
Shmem:               480 kB
Slab:              77280 kB
SReclaimable:      24516 kB
SUnreclaim:        52764 kB
KernelStack:       14800 kB
PageTables:        15400 kB
NFS_Unstable:          0 kB
Bounce:                0 kB
WritebackTmp:          0 kB
CommitLimit:     1450072 kB
Committed_AS:   20259236 kB
VmallocTotal:   251658176 kB
VmallocUsed:       93244 kB
VmallocChunk:   251482716 kB


[2024-11-19 18:59:27]
MemTotal:        1858332 kB
MemFree:           64196 kB
Buffers:             368 kB
Cached:           196344 kB
SwapCached:        13744 kB
Active:           958828 kB
Inactive:         366756 kB
Active(anon):     917356 kB
Inactive(anon):   311236 kB
Active(file):      41472 kB
Inactive(file):    55520 kB
Unevictable:       99496 kB
Mlocked:           94212 kB
SwapTotal:        520908 kB
SwapFree:         361636 kB
Dirty:                12 kB
Writeback:             0 kB
AnonPages:       1226628 kB
Mapped:           131688 kB
Shmem:               480 kB
Slab:              77280 kB
SReclaimable:      24516 kB
SUnreclaim:        52764 kB
KernelStack:       14816 kB
PageTables:        15400 kB
NFS_Unstable:          0 kB
Bounce:                0 kB
WritebackTmp:          0 kB
CommitLimit:     1450072 kB
Committed_AS:   20259208 kB
VmallocTotal:   251658176 kB
VmallocUsed:       93244 kB
VmallocChunk:   251482716 kB


[2024-11-19 18:59:29]
MemTotal:        1858332 kB
MemFree:           64048 kB
Buffers:             368 kB
Cached:           196344 kB
SwapCached:        13744 kB
Active:           958948 kB
Inactive:         366756 kB
Active(anon):     917476 kB
Inactive(anon):   311236 kB
Active(file):      41472 kB
Inactive(file):    55520 kB
Unevictable:       99496 kB
Mlocked:           94212 kB
SwapTotal:        520908 kB
SwapFree:         361636 kB
Dirty:                12 kB
Writeback:             0 kB
AnonPages:       1226612 kB
Mapped:           131688 kB
Shmem:               480 kB
Slab:              77280 kB
SReclaimable:      24516 kB
SUnreclaim:        52764 kB
KernelStack:       14816 kB
PageTables:        15400 kB
NFS_Unstable:          0 kB
Bounce:                0 kB
WritebackTmp:          0 kB
CommitLimit:     1450072 kB
Committed_AS:   20259292 kB
VmallocTotal:   251658176 kB
VmallocUsed:       93244 kB
VmallocChunk:   251482716 kB


[2024-11-19 18:59:32]
MemTotal:        1858332 kB
MemFree:           46452 kB
Buffers:             428 kB
Cached:           200364 kB
SwapCached:        13748 kB
Active:           975784 kB
Inactive:         370072 kB
Active(anon):     934180 kB
Inactive(anon):   311104 kB
Active(file):      41604 kB
Inactive(file):    58968 kB
Unevictable:       99496 kB
Mlocked:           94212 kB
SwapTotal:        520908 kB
SwapFree:         361756 kB
Dirty:                36 kB
Writeback:             0 kB
AnonPages:       1243532 kB
Mapped:           139808 kB
Shmem:               480 kB
Slab:              77320 kB
SReclaimable:      24516 kB
SUnreclaim:        52804 kB
KernelStack:       15008 kB
PageTables:        16584 kB
NFS_Unstable:          0 kB
Bounce:                0 kB
WritebackTmp:          0 kB
CommitLimit:     1450072 kB
Committed_AS:   24103444 kB
VmallocTotal:   251658176 kB
VmallocUsed:       95284 kB
VmallocChunk:   251482716 kB


[2024-11-19 18:59:34]
MemTotal:        1858332 kB
MemFree:           59756 kB
Buffers:             444 kB
Cached:           194396 kB
SwapCached:        13768 kB
Active:           963328 kB
Inactive:         361348 kB
Active(anon):     918452 kB
Inactive(anon):   311224 kB
Active(file):      44876 kB
Inactive(file):    50124 kB
Unevictable:       99496 kB
Mlocked:           94212 kB
SwapTotal:        520908 kB
SwapFree:         361604 kB
Dirty:                88 kB
Writeback:             0 kB
AnonPages:       1227644 kB
Mapped:           131444 kB
Shmem:               480 kB
Slab:              77068 kB
SReclaimable:      24212 kB
SUnreclaim:        52856 kB
KernelStack:       15040 kB
PageTables:        15492 kB
NFS_Unstable:          0 kB
Bounce:                0 kB
WritebackTmp:          0 kB
CommitLimit:     1450072 kB
Committed_AS:   20259392 kB
VmallocTotal:   251658176 kB
VmallocUsed:       93244 kB
VmallocChunk:   251482716 kB


[2024-11-19 18:59:36]
MemTotal:        1858332 kB
MemFree:           59564 kB
Buffers:             444 kB
Cached:           194520 kB
SwapCached:        13768 kB
Active:           963596 kB
Inactive:         361456 kB
Active(anon):     918676 kB
Inactive(anon):   311132 kB
Active(file):      44920 kB
Inactive(file):    50324 kB
Unevictable:       99496 kB
Mlocked:           94212 kB
SwapTotal:        520908 kB
SwapFree:         361604 kB
Dirty:               120 kB
Writeback:             0 kB
AnonPages:       1227940 kB
Mapped:           131468 kB
Shmem:               480 kB
Slab:              77056 kB
SReclaimable:      24212 kB
SUnreclaim:        52844 kB
KernelStack:       14816 kB
PageTables:        15400 kB
NFS_Unstable:          0 kB
Bounce:                0 kB
WritebackTmp:          0 kB
CommitLimit:     1450072 kB
Committed_AS:   20259068 kB
VmallocTotal:   251658176 kB
VmallocUsed:       93244 kB
VmallocChunk:   251482716 kB


[2024-11-19 18:59:38]
MemTotal:        1858332 kB
MemFree:           59464 kB
Buffers:             452 kB
Cached:           194512 kB
SwapCached:        13768 kB
Active:           963672 kB
Inactive:         361456 kB
Active(anon):     918752 kB
Inactive(anon):   311132 kB
Active(file):      44920 kB
Inactive(file):    50324 kB
Unevictable:       99496 kB
Mlocked:           94212 kB
SwapTotal:        520908 kB
SwapFree:         361604 kB
Dirty:                 0 kB
Writeback:             0 kB
AnonPages:       1227996 kB
Mapped:           131652 kB
Shmem:               480 kB
Slab:              77056 kB
SReclaimable:      24212 kB
SUnreclaim:        52844 kB
KernelStack:       14816 kB
PageTables:        15400 kB
NFS_Unstable:          0 kB
Bounce:                0 kB
WritebackTmp:          0 kB
CommitLimit:     1450072 kB
Committed_AS:   20259156 kB
VmallocTotal:   251658176 kB
VmallocUsed:       93244 kB
VmallocChunk:   251482716 kB


[2024-11-19 18:59:40]
MemTotal:        1858332 kB
MemFree:           63124 kB
Buffers:             452 kB
Cached:           197624 kB
SwapCached:        13768 kB
Active:           957860 kB
Inactive:         364168 kB
Active(anon):     912940 kB
Inactive(anon):   310732 kB
Active(file):      44920 kB
Inactive(file):    53436 kB
Unevictable:       99496 kB
Mlocked:           94212 kB
SwapTotal:        520908 kB
SwapFree:         361620 kB
Dirty:                32 kB
Writeback:             0 kB
AnonPages:       1221620 kB
Mapped:           131080 kB
Shmem:               480 kB
Slab:              77056 kB
SReclaimable:      24212 kB
SUnreclaim:        52844 kB
KernelStack:       14816 kB
PageTables:        15388 kB
NFS_Unstable:          0 kB
Bounce:                0 kB
WritebackTmp:          0 kB
CommitLimit:     1450072 kB
Committed_AS:   20259168 kB
VmallocTotal:   251658176 kB
VmallocUsed:       93244 kB
VmallocChunk:   251482716 kB


[2024-11-19 18:59:42]
MemTotal:        1858332 kB
MemFree:           62968 kB
Buffers:             452 kB
Cached:           197624 kB
SwapCached:        13768 kB
Active:           957880 kB
Inactive:         364168 kB
Active(anon):     912960 kB
Inactive(anon):   310732 kB
Active(file):      44920 kB
Inactive(file):    53436 kB
Unevictable:       99496 kB
Mlocked:           94212 kB
SwapTotal:        520908 kB
SwapFree:         361620 kB
Dirty:                32 kB
Writeback:             0 kB
AnonPages:       1221800 kB
Mapped:           130896 kB
Shmem:               480 kB
Slab:              77056 kB
SReclaimable:      24212 kB
SUnreclaim:        52844 kB
KernelStack:       14816 kB
PageTables:        15388 kB
NFS_Unstable:          0 kB
Bounce:                0 kB
WritebackTmp:          0 kB
CommitLimit:     1450072 kB
Committed_AS:   20259204 kB
VmallocTotal:   251658176 kB
VmallocUsed:       93244 kB
VmallocChunk:   251482716 kB


[2024-11-19 18:59:44]
MemTotal:        1858332 kB
MemFree:           60132 kB
Buffers:             452 kB
Cached:           199996 kB
SwapCached:        13756 kB
Active:           958204 kB
Inactive:         366532 kB
Active(anon):     913284 kB
Inactive(anon):   310724 kB
Active(file):      44920 kB
Inactive(file):    55808 kB
Unevictable:       99496 kB
Mlocked:           94212 kB
SwapTotal:        520908 kB
SwapFree:         362016 kB
Dirty:                 0 kB
Writeback:             0 kB
AnonPages:       1221960 kB
Mapped:           131164 kB
Shmem:               480 kB
Slab:              77024 kB
SReclaimable:      24212 kB
SUnreclaim:        52812 kB
KernelStack:       14816 kB
PageTables:        15388 kB
NFS_Unstable:          0 kB
Bounce:                0 kB
WritebackTmp:          0 kB
CommitLimit:     1450072 kB
Committed_AS:   20259172 kB
VmallocTotal:   251658176 kB
VmallocUsed:       93244 kB
VmallocChunk:   251482716 kB


[2024-11-19 18:59:46]
MemTotal:        1858332 kB
MemFree:           59304 kB
Buffers:             452 kB
Cached:           200020 kB
SwapCached:        13756 kB
Active:           958196 kB
Inactive:         366532 kB
Active(anon):     913276 kB
Inactive(anon):   310724 kB
Active(file):      44920 kB
Inactive(file):    55808 kB
Unevictable:       99496 kB
Mlocked:           94212 kB
SwapTotal:        520908 kB
SwapFree:         362020 kB
Dirty:                 0 kB
Writeback:             0 kB
AnonPages:       1221952 kB
Mapped:           131168 kB
Shmem:               480 kB
Slab:              77024 kB
SReclaimable:      24212 kB
SUnreclaim:        52812 kB
KernelStack:       14816 kB
PageTables:        15388 kB
NFS_Unstable:          0 kB
Bounce:                0 kB
WritebackTmp:          0 kB
CommitLimit:     1450072 kB
Committed_AS:   20259164 kB
VmallocTotal:   251658176 kB
VmallocUsed:       93244 kB
VmallocChunk:   251482716 kB


[2024-11-19 18:59:48]
MemTotal:        1858332 kB
MemFree:           59584 kB
Buffers:             452 kB
Cached:           200020 kB
SwapCached:        13756 kB
Active:           958368 kB
Inactive:         366556 kB
Active(anon):     913448 kB
Inactive(anon):   310724 kB
Active(file):      44920 kB
Inactive(file):    55832 kB
Unevictable:       99496 kB
Mlocked:           94212 kB
SwapTotal:        520908 kB
SwapFree:         362020 kB
Dirty:                 0 kB
Writeback:             0 kB
AnonPages:       1222144 kB
Mapped:           131168 kB
Shmem:               480 kB
Slab:              77024 kB
SReclaimable:      24212 kB
SUnreclaim:        52812 kB
KernelStack:       14816 kB
PageTables:        15388 kB
NFS_Unstable:          0 kB
Bounce:                0 kB
WritebackTmp:          0 kB
CommitLimit:     1450072 kB
Committed_AS:   20259260 kB
VmallocTotal:   251658176 kB
VmallocUsed:       93244 kB
VmallocChunk:   251482716 kB


[2024-11-19 18:59:50]
MemTotal:        1858332 kB
MemFree:           60644 kB
Buffers:             452 kB
Cached:           200156 kB
SwapCached:        13744 kB
Active:           958500 kB
Inactive:         366232 kB
Active(anon):     913456 kB
Inactive(anon):   310376 kB
Active(file):      45044 kB
Inactive(file):    55856 kB
Unevictable:       99496 kB
Mlocked:           94212 kB
SwapTotal:        520908 kB
SwapFree:         361740 kB
Dirty:                 0 kB
Writeback:             0 kB
AnonPages:       1221840 kB
Mapped:           131024 kB
Shmem:               480 kB
Slab:              77024 kB
SReclaimable:      24212 kB
SUnreclaim:        52812 kB
KernelStack:       14816 kB
PageTables:        15388 kB
NFS_Unstable:          0 kB
Bounce:                0 kB
WritebackTmp:          0 kB
CommitLimit:     1450072 kB
Committed_AS:   20259156 kB
VmallocTotal:   251658176 kB
VmallocUsed:       93244 kB
VmallocChunk:   251482716 kB


[2024-11-19 18:59:53]
MemTotal:        1858332 kB
MemFree:           61372 kB
Buffers:             452 kB
Cached:           200096 kB
SwapCached:        13744 kB
Active:           958668 kB
Inactive:         366072 kB
Active(anon):     913624 kB
Inactive(anon):   310288 kB
Active(file):      45044 kB
Inactive(file):    55784 kB
Unevictable:       99496 kB
Mlocked:           94212 kB
SwapTotal:        520908 kB
SwapFree:         361748 kB
Dirty:                 0 kB
Writeback:             0 kB
AnonPages:       1222076 kB
Mapped:           130840 kB
Shmem:               480 kB
Slab:              77024 kB
SReclaimable:      24212 kB
SUnreclaim:        52812 kB
KernelStack:       14816 kB
PageTables:        15388 kB
NFS_Unstable:          0 kB
Bounce:                0 kB
WritebackTmp:          0 kB
CommitLimit:     1450072 kB
Committed_AS:   20258996 kB
VmallocTotal:   251658176 kB
VmallocUsed:       93244 kB
VmallocChunk:   251482716 kB


[2024-11-19 18:59:55]
MemTotal:        1858332 kB
MemFree:           60604 kB
Buffers:             452 kB
Cached:           200408 kB
SwapCached:        13744 kB
Active:           959288 kB
Inactive:         366308 kB
Active(anon):     914244 kB
Inactive(anon):   310300 kB
Active(file):      45044 kB
Inactive(file):    56008 kB
Unevictable:       99496 kB
Mlocked:           94212 kB
SwapTotal:        520908 kB
SwapFree:         361764 kB
Dirty:                 0 kB
Writeback:             0 kB
AnonPages:       1222520 kB
Mapped:           131208 kB
Shmem:               480 kB
Slab:              77024 kB
SReclaimable:      24212 kB
SUnreclaim:        52812 kB
KernelStack:       14816 kB
PageTables:        15388 kB
NFS_Unstable:          0 kB
Bounce:                0 kB
WritebackTmp:          0 kB
CommitLimit:     1450072 kB
Committed_AS:   20259128 kB
VmallocTotal:   251658176 kB
VmallocUsed:       93244 kB
VmallocChunk:   251482716 kB


[2024-11-19 18:59:57]
MemTotal:        1858332 kB
MemFree:           59120 kB
Buffers:             452 kB
Cached:           202744 kB
SwapCached:        13740 kB
Active:           959556 kB
Inactive:         368368 kB
Active(anon):     914496 kB
Inactive(anon):   309952 kB
Active(file):      45060 kB
Inactive(file):    58416 kB
Unevictable:       99496 kB
Mlocked:           94212 kB
SwapTotal:        520908 kB
SwapFree:         361580 kB
Dirty:                 0 kB
Writeback:             0 kB
AnonPages:       1222456 kB
Mapped:           131288 kB
Shmem:               480 kB
Slab:              77024 kB
SReclaimable:      24212 kB
SUnreclaim:        52812 kB
KernelStack:       14816 kB
PageTables:        15388 kB
NFS_Unstable:          0 kB
Bounce:                0 kB
WritebackTmp:          0 kB
CommitLimit:     1450072 kB
Committed_AS:   20259204 kB
VmallocTotal:   251658176 kB
VmallocUsed:       93244 kB
VmallocChunk:   251482716 kB


[2024-11-19 18:59:59]
MemTotal:        1858332 kB
MemFree:           59116 kB
Buffers:             472 kB
Cached:           201792 kB
SwapCached:        13768 kB
Active:           961724 kB
Inactive:         367056 kB
Active(anon):     916552 kB
Inactive(anon):   309740 kB
Active(file):      45172 kB
Inactive(file):    57316 kB
Unevictable:       99496 kB
Mlocked:           94212 kB
SwapTotal:        520908 kB
SwapFree:         361488 kB
Dirty:                 0 kB
Writeback:             0 kB
AnonPages:       1224340 kB
Mapped:           132880 kB
Shmem:               480 kB
Slab:              77024 kB
SReclaimable:      24212 kB
SUnreclaim:        52812 kB
KernelStack:       14992 kB
PageTables:        15972 kB
NFS_Unstable:          0 kB
Bounce:                0 kB
WritebackTmp:          0 kB
CommitLimit:     1450072 kB
Committed_AS:   22179420 kB
VmallocTotal:   251658176 kB
VmallocUsed:       94264 kB
VmallocChunk:   251482716 kB


[2024-11-19 19:00:01]
MemTotal:        1858332 kB
MemFree:           58868 kB
Buffers:             472 kB
Cached:           201792 kB
SwapCached:        13768 kB
Active:           962140 kB
Inactive:         367112 kB
Active(anon):     916968 kB
Inactive(anon):   309740 kB
Active(file):      45172 kB
Inactive(file):    57372 kB
Unevictable:       99496 kB
Mlocked:           94212 kB
SwapTotal:        520908 kB
SwapFree:         361488 kB
Dirty:                 0 kB
Writeback:             0 kB
AnonPages:       1224776 kB
Mapped:           132696 kB
Shmem:               480 kB
Slab:              77024 kB
SReclaimable:      24212 kB
SUnreclaim:        52812 kB
KernelStack:       14992 kB
PageTables:        15972 kB
NFS_Unstable:          0 kB
Bounce:                0 kB
WritebackTmp:          0 kB
CommitLimit:     1450072 kB
Committed_AS:   22179484 kB
VmallocTotal:   251658176 kB
VmallocUsed:       94264 kB
VmallocChunk:   251482716 kB


[2024-11-19 19:00:04]
MemTotal:        1858332 kB
MemFree:           58740 kB
Buffers:             472 kB
Cached:           201884 kB
SwapCached:        13768 kB
Active:           962144 kB
Inactive:         367080 kB
Active(anon):     916972 kB
Inactive(anon):   309652 kB
Active(file):      45172 kB
Inactive(file):    57428 kB
Unevictable:       99496 kB
Mlocked:           94212 kB
SwapTotal:        520908 kB
SwapFree:         361488 kB
Dirty:                 0 kB
Writeback:             0 kB
AnonPages:       1224564 kB
Mapped:           132808 kB
Shmem:               480 kB
Slab:              77024 kB
SReclaimable:      24212 kB
SUnreclaim:        52812 kB
KernelStack:       14992 kB
PageTables:        15972 kB
NFS_Unstable:          0 kB
Bounce:                0 kB
WritebackTmp:          0 kB
CommitLimit:     1450072 kB
Committed_AS:   22179204 kB
VmallocTotal:   251658176 kB
VmallocUsed:       94264 kB
VmallocChunk:   251482716 kB


[2024-11-19 19:00:06]
MemTotal:        1858332 kB
MemFree:           58600 kB
Buffers:             472 kB
Cached:           201884 kB
SwapCached:        13768 kB
Active:           962196 kB
Inactive:         367116 kB
Active(anon):     917024 kB
Inactive(anon):   309652 kB
Active(file):      45172 kB
Inactive(file):    57464 kB
Unevictable:       99496 kB
Mlocked:           94212 kB
SwapTotal:        520908 kB
SwapFree:         361488 kB
Dirty:                 0 kB
Writeback:             0 kB
AnonPages:       1224720 kB
Mapped:           132868 kB
Shmem:               480 kB
Slab:              77024 kB
SReclaimable:      24212 kB
SUnreclaim:        52812 kB
KernelStack:       15008 kB
PageTables:        16000 kB
NFS_Unstable:          0 kB
Bounce:                0 kB
WritebackTmp:          0 kB
CommitLimit:     1450072 kB
Committed_AS:   22179180 kB
VmallocTotal:   251658176 kB
VmallocUsed:       94264 kB
VmallocChunk:   251482716 kB


[2024-11-19 19:00:08]
MemTotal:        1858332 kB
MemFree:           58576 kB
Buffers:             472 kB
Cached:           201884 kB
SwapCached:        13768 kB
Active:           962448 kB
Inactive:         367120 kB
Active(anon):     917276 kB
Inactive(anon):   309656 kB
Active(file):      45172 kB
Inactive(file):    57464 kB
Unevictable:       99496 kB
Mlocked:           94212 kB
SwapTotal:        520908 kB
SwapFree:         361492 kB
Dirty:                 0 kB
Writeback:             0 kB
AnonPages:       1224908 kB
Mapped:           132816 kB
Shmem:               480 kB
Slab:              77024 kB
SReclaimable:      24212 kB
SUnreclaim:        52812 kB
KernelStack:       14976 kB
PageTables:        15972 kB
NFS_Unstable:          0 kB
Bounce:                0 kB
WritebackTmp:          0 kB
CommitLimit:     1450072 kB
Committed_AS:   22179376 kB
VmallocTotal:   251658176 kB
VmallocUsed:       94264 kB
VmallocChunk:   251482716 kB


[2024-11-19 19:00:10]
MemTotal:        1858332 kB
MemFree:           58184 kB
Buffers:             472 kB
Cached:           201884 kB
SwapCached:        13768 kB
Active:           962580 kB
Inactive:         367092 kB
Active(anon):     917408 kB
Inactive(anon):   309628 kB
Active(file):      45172 kB
Inactive(file):    57464 kB
Unevictable:       99496 kB
Mlocked:           94212 kB
SwapTotal:        520908 kB
SwapFree:         361492 kB
Dirty:                 0 kB
Writeback:             0 kB
AnonPages:       1225168 kB
Mapped:           132816 kB
Shmem:               480 kB
Slab:              77024 kB
SReclaimable:      24212 kB
SUnreclaim:        52812 kB
KernelStack:       14976 kB
PageTables:        15972 kB
NFS_Unstable:          0 kB
Bounce:                0 kB
WritebackTmp:          0 kB
CommitLimit:     1450072 kB
Committed_AS:   22179548 kB
VmallocTotal:   251658176 kB
VmallocUsed:       94264 kB
VmallocChunk:   251482716 kB


[2024-11-19 19:00:13]
MemTotal:        1858332 kB
MemFree:           58280 kB
Buffers:             472 kB
Cached:           201884 kB
SwapCached:        13768 kB
Active:           962860 kB
Inactive:         367092 kB
Active(anon):     917688 kB
Inactive(anon):   309628 kB
Active(file):      45172 kB
Inactive(file):    57464 kB
Unevictable:       99496 kB
Mlocked:           94212 kB
SwapTotal:        520908 kB
SwapFree:         361492 kB
Dirty:                 0 kB
Writeback:             0 kB
AnonPages:       1225352 kB
Mapped:           133000 kB
Shmem:               480 kB
Slab:              77024 kB
SReclaimable:      24212 kB
SUnreclaim:        52812 kB
KernelStack:       14976 kB
PageTables:        15972 kB
NFS_Unstable:          0 kB
Bounce:                0 kB
WritebackTmp:          0 kB
CommitLimit:     1450072 kB
Committed_AS:   22179552 kB
VmallocTotal:   251658176 kB
VmallocUsed:       94264 kB
VmallocChunk:   251482716 kB


[2024-11-19 19:00:15]
MemTotal:        1858332 kB
MemFree:           58344 kB
Buffers:             472 kB
Cached:           201884 kB
SwapCached:        13768 kB
Active:           962792 kB
Inactive:         367092 kB
Active(anon):     917620 kB
Inactive(anon):   309628 kB
Active(file):      45172 kB
Inactive(file):    57464 kB
Unevictable:       99496 kB
Mlocked:           94212 kB
SwapTotal:        520908 kB
SwapFree:         361492 kB
Dirty:                 0 kB
Writeback:             0 kB
AnonPages:       1225432 kB
Mapped:           132824 kB
Shmem:               480 kB
Slab:              77024 kB
SReclaimable:      24212 kB
SUnreclaim:        52812 kB
KernelStack:       15008 kB
PageTables:        15996 kB
NFS_Unstable:          0 kB
Bounce:                0 kB
WritebackTmp:          0 kB
CommitLimit:     1450072 kB
Committed_AS:   22179548 kB
VmallocTotal:   251658176 kB
VmallocUsed:       94264 kB
VmallocChunk:   251482716 kB


[2024-11-19 19:00:17]
MemTotal:        1858332 kB
MemFree:           56588 kB
Buffers:             476 kB
Cached:           203576 kB
SwapCached:        13768 kB
Active:           963188 kB
Inactive:         368708 kB
Active(anon):     918016 kB
Inactive(anon):   309584 kB
Active(file):      45172 kB
Inactive(file):    59124 kB
Unevictable:       99496 kB
Mlocked:           94212 kB
SwapTotal:        520908 kB
SwapFree:         361496 kB
Dirty:                 0 kB
Writeback:             0 kB
AnonPages:       1225652 kB
Mapped:           132820 kB
Shmem:               480 kB
Slab:              77024 kB
SReclaimable:      24212 kB
SUnreclaim:        52812 kB
KernelStack:       14976 kB
PageTables:        15972 kB
NFS_Unstable:          0 kB
Bounce:                0 kB
WritebackTmp:          0 kB
CommitLimit:     1450072 kB
Committed_AS:   22179556 kB
VmallocTotal:   251658176 kB
VmallocUsed:       94264 kB
VmallocChunk:   251482716 kB


[2024-11-19 19:00:19]
MemTotal:        1858332 kB
MemFree:           58508 kB
Buffers:             476 kB
Cached:           201904 kB
SwapCached:        13760 kB
Active:           963348 kB
Inactive:         366780 kB
Active(anon):     918156 kB
Inactive(anon):   309312 kB
Active(file):      45192 kB
Inactive(file):    57468 kB
Unevictable:       99496 kB
Mlocked:           94212 kB
SwapTotal:        520908 kB
SwapFree:         361384 kB
Dirty:                 0 kB
Writeback:             0 kB
AnonPages:       1225968 kB
Mapped:           133004 kB
Shmem:               480 kB
Slab:              77024 kB
SReclaimable:      24212 kB
SUnreclaim:        52812 kB
KernelStack:       14976 kB
PageTables:        15972 kB
NFS_Unstable:          0 kB
Bounce:                0 kB
WritebackTmp:          0 kB
CommitLimit:     1450072 kB
Committed_AS:   22179496 kB
VmallocTotal:   251658176 kB
VmallocUsed:       94264 kB
VmallocChunk:   251482716 kB


[2024-11-19 19:00:21]
MemTotal:        1858332 kB
MemFree:           58744 kB
Buffers:             476 kB
Cached:           201904 kB
SwapCached:        13760 kB
Active:           963544 kB
Inactive:         366712 kB
Active(anon):     918352 kB
Inactive(anon):   309244 kB
Active(file):      45192 kB
Inactive(file):    57468 kB
Unevictable:       99496 kB
Mlocked:           94212 kB
SwapTotal:        520908 kB
SwapFree:         361384 kB
Dirty:                 0 kB
Writeback:             0 kB
AnonPages:       1225632 kB
Mapped:           132820 kB
Shmem:               480 kB
Slab:              77024 kB
SReclaimable:      24212 kB
SUnreclaim:        52812 kB
KernelStack:       14976 kB
PageTables:        15972 kB
NFS_Unstable:          0 kB
Bounce:                0 kB
WritebackTmp:          0 kB
CommitLimit:     1450072 kB
Committed_AS:   22179592 kB
VmallocTotal:   251658176 kB
VmallocUsed:       94264 kB
VmallocChunk:   251482716 kB


[2024-11-19 19:00:24]
MemTotal:        1858332 kB
MemFree:           56512 kB
Buffers:             476 kB
Cached:           204140 kB
SwapCached:        13764 kB
Active:           963512 kB
Inactive:         368944 kB
Active(anon):     918320 kB
Inactive(anon):   309244 kB
Active(file):      45192 kB
Inactive(file):    59700 kB
Unevictable:       99496 kB
Mlocked:           94212 kB
SwapTotal:        520908 kB
SwapFree:         361384 kB
Dirty:                 0 kB
Writeback:             0 kB
AnonPages:       1225668 kB
Mapped:           133388 kB
Shmem:               480 kB
Slab:              77024 kB
SReclaimable:      24212 kB
SUnreclaim:        52812 kB
KernelStack:       15008 kB
PageTables:        16000 kB
NFS_Unstable:          0 kB
Bounce:                0 kB
WritebackTmp:          0 kB
CommitLimit:     1450072 kB
Committed_AS:   22179468 kB
VmallocTotal:   251658176 kB
VmallocUsed:       94264 kB
VmallocChunk:   251482716 kB


[2024-11-19 19:00:26]
MemTotal:        1858332 kB
MemFree:           58700 kB
Buffers:             476 kB
Cached:           203208 kB
SwapCached:        13760 kB
Active:           964064 kB
Inactive:         367768 kB
Active(anon):     918836 kB
Inactive(anon):   309032 kB
Active(file):      45228 kB
Inactive(file):    58736 kB
Unevictable:       99496 kB
Mlocked:           94212 kB
SwapTotal:        520908 kB
SwapFree:         361232 kB
Dirty:                 0 kB
Writeback:             0 kB
AnonPages:       1226112 kB
Mapped:           133356 kB
Shmem:               480 kB
Slab:              77024 kB
SReclaimable:      24212 kB
SUnreclaim:        52812 kB
KernelStack:       14992 kB
PageTables:        15980 kB
NFS_Unstable:          0 kB
Bounce:                0 kB
WritebackTmp:          0 kB
CommitLimit:     1450072 kB
Committed_AS:   22187576 kB
VmallocTotal:   251658176 kB
VmallocUsed:       94264 kB
VmallocChunk:   251482716 kB


[2024-11-19 19:00:28]
MemTotal:        1858332 kB
MemFree:           58264 kB
Buffers:             476 kB
Cached:           203208 kB
SwapCached:        13760 kB
Active:           964272 kB
Inactive:         367768 kB
Active(anon):     919044 kB
Inactive(anon):   309032 kB
Active(file):      45228 kB
Inactive(file):    58736 kB
Unevictable:       99496 kB
Mlocked:           94212 kB
SwapTotal:        520908 kB
SwapFree:         361232 kB
Dirty:                 0 kB
Writeback:             0 kB
AnonPages:       1226296 kB
Mapped:           133356 kB
Shmem:               480 kB
Slab:              77024 kB
SReclaimable:      24212 kB
SUnreclaim:        52812 kB
KernelStack:       14992 kB
PageTables:        15980 kB
NFS_Unstable:          0 kB
Bounce:                0 kB
WritebackTmp:          0 kB
CommitLimit:     1450072 kB
Committed_AS:   22187548 kB
VmallocTotal:   251658176 kB
VmallocUsed:       94264 kB
VmallocChunk:   251482716 kB


[2024-11-19 19:00:30]
MemTotal:        1858332 kB
MemFree:           57348 kB
Buffers:             476 kB
Cached:           204596 kB
SwapCached:        13760 kB
Active:           964524 kB
Inactive:         369000 kB
Active(anon):     919296 kB
Inactive(anon):   309032 kB
Active(file):      45228 kB
Inactive(file):    59968 kB
Unevictable:       99496 kB
Mlocked:           94212 kB
SwapTotal:        520908 kB
SwapFree:         361232 kB
Dirty:                 0 kB
Writeback:             0 kB
AnonPages:       1226384 kB
Mapped:           133580 kB
Shmem:               480 kB
Slab:              77024 kB
SReclaimable:      24212 kB
SUnreclaim:        52812 kB
KernelStack:       14992 kB
PageTables:        15980 kB
NFS_Unstable:          0 kB
Bounce:                0 kB
WritebackTmp:          0 kB
CommitLimit:     1450072 kB
Committed_AS:   22187840 kB
VmallocTotal:   251658176 kB
VmallocUsed:       94264 kB
VmallocChunk:   251482716 kB


[2024-11-19 19:00:33]
MemTotal:        1858332 kB
MemFree:           56652 kB
Buffers:             476 kB
Cached:           204596 kB
SwapCached:        13760 kB
Active:           964276 kB
Inactive:         369008 kB
Active(anon):     919048 kB
Inactive(anon):   309032 kB
Active(file):      45228 kB
Inactive(file):    59976 kB
Unevictable:       99496 kB
Mlocked:           94212 kB
SwapTotal:        520908 kB
SwapFree:         361232 kB
Dirty:                 0 kB
Writeback:             0 kB
AnonPages:       1226204 kB
Mapped:           133584 kB
Shmem:               480 kB
Slab:              77024 kB
SReclaimable:      24212 kB
SUnreclaim:        52812 kB
KernelStack:       14992 kB
PageTables:        15980 kB
NFS_Unstable:          0 kB
Bounce:                0 kB
WritebackTmp:          0 kB
CommitLimit:     1450072 kB
Committed_AS:   22187660 kB
VmallocTotal:   251658176 kB
VmallocUsed:       94264 kB
VmallocChunk:   251482716 kB


[2024-11-19 19:00:35]
MemTotal:        1858332 kB
MemFree:           56388 kB
Buffers:             476 kB
Cached:           204596 kB
SwapCached:        13760 kB
Active:           964668 kB
Inactive:         369072 kB
Active(anon):     919440 kB
Inactive(anon):   309032 kB
Active(file):      45228 kB
Inactive(file):    60040 kB
Unevictable:       99496 kB
Mlocked:           94212 kB
SwapTotal:        520908 kB
SwapFree:         361232 kB
Dirty:                 0 kB
Writeback:             0 kB
AnonPages:       1226628 kB
Mapped:           133648 kB
Shmem:               480 kB
Slab:              77024 kB
SReclaimable:      24212 kB
SUnreclaim:        52812 kB
KernelStack:       15040 kB
PageTables:        16008 kB
NFS_Unstable:          0 kB
Bounce:                0 kB
WritebackTmp:          0 kB
CommitLimit:     1450072 kB
Committed_AS:   22187816 kB
VmallocTotal:   251658176 kB
VmallocUsed:       94264 kB
VmallocChunk:   251482716 kB


[2024-11-19 19:00:37]
MemTotal:        1858332 kB
MemFree:           53344 kB
Buffers:             484 kB
Cached:           202356 kB
SwapCached:        13780 kB
Active:           971236 kB
Inactive:         366388 kB
Active(anon):     925764 kB
Inactive(anon):   308740 kB
Active(file):      45472 kB
Inactive(file):    57648 kB
Unevictable:       99496 kB
Mlocked:           94212 kB
SwapTotal:        520908 kB
SwapFree:         360936 kB
Dirty:                24 kB
Writeback:             0 kB
AnonPages:       1232660 kB
Mapped:           137116 kB
Shmem:               480 kB
Slab:              77024 kB
SReclaimable:      24212 kB
SUnreclaim:        52812 kB
KernelStack:       15168 kB
PageTables:        16992 kB
NFS_Unstable:          0 kB
Bounce:                0 kB
WritebackTmp:          0 kB
CommitLimit:     1450072 kB
Committed_AS:   26028744 kB
VmallocTotal:   251658176 kB
VmallocUsed:       96304 kB
VmallocChunk:   251482716 kB


[2024-11-19 19:00:40]
MemTotal:        1858332 kB
MemFree:           74580 kB
Buffers:             452 kB
Cached:           179796 kB
SwapCached:        13776 kB
Active:           960248 kB
Inactive:         346748 kB
Active(anon):     917212 kB
Inactive(anon):   309260 kB
Active(file):      43036 kB
Inactive(file):    37488 kB
Unevictable:       99496 kB
Mlocked:           94212 kB
SwapTotal:        520908 kB
SwapFree:         358336 kB
Dirty:                84 kB
Writeback:             0 kB
AnonPages:       1224868 kB
Mapped:           134308 kB
Shmem:               480 kB
Slab:              77024 kB
SReclaimable:      24212 kB
SUnreclaim:        52812 kB
KernelStack:       14992 kB
PageTables:        15992 kB
NFS_Unstable:          0 kB
Bounce:                0 kB
WritebackTmp:          0 kB
CommitLimit:     1450072 kB
Committed_AS:   22187604 kB
VmallocTotal:   251658176 kB
VmallocUsed:       94264 kB
VmallocChunk:   251482716 kB


[2024-11-19 19:00:42]
MemTotal:        1858332 kB
MemFree:           74460 kB
Buffers:             452 kB
Cached:           179796 kB
SwapCached:        13776 kB
Active:           961132 kB
Inactive:         346732 kB
Active(anon):     918076 kB
Inactive(anon):   309260 kB
Active(file):      43056 kB
Inactive(file):    37472 kB
Unevictable:       99496 kB
Mlocked:           94212 kB
SwapTotal:        520908 kB
SwapFree:         358336 kB
Dirty:                84 kB
Writeback:             0 kB
AnonPages:       1225360 kB
Mapped:           134308 kB
Shmem:               480 kB
Slab:              77024 kB
SReclaimable:      24212 kB
SUnreclaim:        52812 kB
KernelStack:       14992 kB
PageTables:        15992 kB
NFS_Unstable:          0 kB
Bounce:                0 kB
WritebackTmp:          0 kB
CommitLimit:     1450072 kB
Committed_AS:   22187512 kB
VmallocTotal:   251658176 kB
VmallocUsed:       94264 kB
VmallocChunk:   251482716 kB


[2024-11-19 19:00:44]
MemTotal:        1858332 kB
MemFree:           72836 kB
Buffers:             452 kB
Cached:           181452 kB
SwapCached:        13776 kB
Active:           961392 kB
Inactive:         348212 kB
Active(anon):     918328 kB
Inactive(anon):   309260 kB
Active(file):      43064 kB
Inactive(file):    38952 kB
Unevictable:       99496 kB
Mlocked:           94212 kB
SwapTotal:        520908 kB
SwapFree:         358336 kB
Dirty:                 0 kB
Writeback:             0 kB
AnonPages:       1225732 kB
Mapped:           134492 kB
Shmem:               480 kB
Slab:              77024 kB
SReclaimable:      24212 kB
SUnreclaim:        52812 kB
KernelStack:       14992 kB
PageTables:        15992 kB
NFS_Unstable:          0 kB
Bounce:                0 kB
WritebackTmp:          0 kB
CommitLimit:     1450072 kB
Committed_AS:   22187648 kB
VmallocTotal:   251658176 kB
VmallocUsed:       94264 kB
VmallocChunk:   251482716 kB


[2024-11-19 19:00:46]
MemTotal:        1858332 kB
MemFree:           78428 kB
Buffers:             460 kB
Cached:           181416 kB
SwapCached:        13776 kB
Active:           956776 kB
Inactive:         347828 kB
Active(anon):     913712 kB
Inactive(anon):   308788 kB
Active(file):      43064 kB
Inactive(file):    39040 kB
Unevictable:       99496 kB
Mlocked:           94212 kB
SwapTotal:        520908 kB
SwapFree:         358340 kB
Dirty:                28 kB
Writeback:             0 kB
AnonPages:       1220652 kB
Mapped:           133564 kB
Shmem:               480 kB
Slab:              76992 kB
SReclaimable:      24212 kB
SUnreclaim:        52780 kB
KernelStack:       14976 kB
PageTables:        15980 kB
NFS_Unstable:          0 kB
Bounce:                0 kB
WritebackTmp:          0 kB
CommitLimit:     1450072 kB
Committed_AS:   22187648 kB
VmallocTotal:   251658176 kB
VmallocUsed:       94264 kB
VmallocChunk:   251482716 kB


[2024-11-19 19:00:48]
MemTotal:        1858332 kB
MemFree:           72996 kB
Buffers:             560 kB
Cached:           192724 kB
SwapCached:        13776 kB
Active:           958004 kB
Inactive:         352188 kB
Active(anon):     914836 kB
Inactive(anon):   301864 kB
Active(file):      43168 kB
Inactive(file):    50324 kB
Unevictable:       99496 kB
Mlocked:           94212 kB
SwapTotal:        520908 kB
SwapFree:         358376 kB
Dirty:                28 kB
Writeback:             0 kB
AnonPages:       1214712 kB
Mapped:           136820 kB
Shmem:               480 kB
Slab:              76992 kB
SReclaimable:      24212 kB
SUnreclaim:        52780 kB
KernelStack:       14784 kB
PageTables:        15844 kB
NFS_Unstable:          0 kB
Bounce:                0 kB
WritebackTmp:          0 kB
CommitLimit:     1450072 kB
Committed_AS:   22059540 kB
VmallocTotal:   251658176 kB
VmallocUsed:       94264 kB
VmallocChunk:   251482716 kB


[2024-11-19 19:00:50]
MemTotal:        1858332 kB
MemFree:           73692 kB
Buffers:             560 kB
Cached:           193204 kB
SwapCached:        13764 kB
Active:           957428 kB
Inactive:         352176 kB
Active(anon):     913952 kB
Inactive(anon):   301608 kB
Active(file):      43476 kB
Inactive(file):    50568 kB
Unevictable:       99496 kB
Mlocked:           94212 kB
SwapTotal:        520908 kB
SwapFree:         358436 kB
Dirty:                 0 kB
Writeback:             0 kB
AnonPages:       1213544 kB
Mapped:           134116 kB
Shmem:               480 kB
Slab:              76992 kB
SReclaimable:      24212 kB
SUnreclaim:        52780 kB
KernelStack:       14752 kB
PageTables:        15776 kB
NFS_Unstable:          0 kB
Bounce:                0 kB
WritebackTmp:          0 kB
CommitLimit:     1450072 kB
Committed_AS:   22057904 kB
VmallocTotal:   251658176 kB
VmallocUsed:       94264 kB
VmallocChunk:   251482716 kB


[2024-11-19 19:00:52]
MemTotal:        1858332 kB
MemFree:           73780 kB
Buffers:             560 kB
Cached:           193204 kB
SwapCached:        13764 kB
Active:           957576 kB
Inactive:         352176 kB
Active(anon):     914100 kB
Inactive(anon):   301608 kB
Active(file):      43476 kB
Inactive(file):    50568 kB
Unevictable:       99496 kB
Mlocked:           94212 kB
SwapTotal:        520908 kB
SwapFree:         358436 kB
Dirty:                 0 kB
Writeback:             0 kB
AnonPages:       1213724 kB
Mapped:           134116 kB
Shmem:               480 kB
Slab:              76992 kB
SReclaimable:      24212 kB
SUnreclaim:        52780 kB
KernelStack:       14752 kB
PageTables:        15776 kB
NFS_Unstable:          0 kB
Bounce:                0 kB
WritebackTmp:          0 kB
CommitLimit:     1450072 kB
Committed_AS:   22057992 kB
VmallocTotal:   251658176 kB
VmallocUsed:       94264 kB
VmallocChunk:   251482716 kB


[2024-11-19 19:00:54]
MemTotal:        1858332 kB
MemFree:           73320 kB
Buffers:             560 kB
Cached:           193204 kB
SwapCached:        13764 kB
Active:           957892 kB
Inactive:         352176 kB
Active(anon):     914416 kB
Inactive(anon):   301608 kB
Active(file):      43476 kB
Inactive(file):    50568 kB
Unevictable:       99496 kB
Mlocked:           94212 kB
SwapTotal:        520908 kB
SwapFree:         358440 kB
Dirty:                 0 kB
Writeback:             0 kB
AnonPages:       1214004 kB
Mapped:           134132 kB
Shmem:               480 kB
Slab:              76992 kB
SReclaimable:      24212 kB
SUnreclaim:        52780 kB
KernelStack:       14768 kB
PageTables:        15776 kB
NFS_Unstable:          0 kB
Bounce:                0 kB
WritebackTmp:          0 kB
CommitLimit:     1450072 kB
Committed_AS:   22058004 kB
VmallocTotal:   251658176 kB
VmallocUsed:       94264 kB
VmallocChunk:   251482716 kB


[2024-11-19 19:00:56]
MemTotal:        1858332 kB
MemFree:           73576 kB
Buffers:             560 kB
Cached:           193212 kB
SwapCached:        13756 kB
Active:           958148 kB
Inactive:         352176 kB
Active(anon):     914672 kB
Inactive(anon):   301608 kB
Active(file):      43476 kB
Inactive(file):    50568 kB
Unevictable:       99496 kB
Mlocked:           94212 kB
SwapTotal:        520908 kB
SwapFree:         358452 kB
Dirty:                 0 kB
Writeback:             0 kB
AnonPages:       1214400 kB
Mapped:           134132 kB
Shmem:               480 kB
Slab:              76992 kB
SReclaimable:      24212 kB
SUnreclaim:        52780 kB
KernelStack:       14752 kB
PageTables:        15776 kB
NFS_Unstable:          0 kB
Bounce:                0 kB
WritebackTmp:          0 kB
CommitLimit:     1450072 kB
Committed_AS:   22057948 kB
VmallocTotal:   251658176 kB
VmallocUsed:       94264 kB
VmallocChunk:   251482716 kB


[2024-11-19 19:00:58]
MemTotal:        1858332 kB
MemFree:           73300 kB
Buffers:             560 kB
Cached:           193204 kB
SwapCached:        13756 kB
Active:           958412 kB
Inactive:         352180 kB
Active(anon):     914936 kB
Inactive(anon):   301612 kB
Active(file):      43476 kB
Inactive(file):    50568 kB
Unevictable:       99496 kB
Mlocked:           94212 kB
SwapTotal:        520908 kB
SwapFree:         358452 kB
Dirty:                 0 kB
Writeback:             0 kB
AnonPages:       1214636 kB
Mapped:           134132 kB
Shmem:               480 kB
Slab:              76992 kB
SReclaimable:      24212 kB
SUnreclaim:        52780 kB
KernelStack:       14752 kB
PageTables:        15776 kB
NFS_Unstable:          0 kB
Bounce:                0 kB
WritebackTmp:          0 kB
CommitLimit:     1450072 kB
Committed_AS:   22057836 kB
VmallocTotal:   251658176 kB
VmallocUsed:       94264 kB
VmallocChunk:   251482716 kB


[2024-11-19 19:01:01]
MemTotal:        1858332 kB
MemFree:           73056 kB
Buffers:             560 kB
Cached:           193204 kB
SwapCached:        13756 kB
Active:           958428 kB
Inactive:         352180 kB
Active(anon):     914952 kB
Inactive(anon):   301612 kB
Active(file):      43476 kB
Inactive(file):    50568 kB
Unevictable:       99496 kB
Mlocked:           94212 kB
SwapTotal:        520908 kB
SwapFree:         358452 kB
Dirty:                 0 kB
Writeback:             0 kB
AnonPages:       1214724 kB
Mapped:           134132 kB
Shmem:               480 kB
Slab:              76992 kB
SReclaimable:      24212 kB
SUnreclaim:        52780 kB
KernelStack:       14800 kB
PageTables:        15780 kB
NFS_Unstable:          0 kB
Bounce:                0 kB
WritebackTmp:          0 kB
CommitLimit:     1450072 kB
Committed_AS:   22057984 kB
VmallocTotal:   251658176 kB
VmallocUsed:       94264 kB
VmallocChunk:   251482716 kB


[2024-11-19 19:01:03]
MemTotal:        1858332 kB
MemFree:           73044 kB
Buffers:             560 kB
Cached:           193204 kB
SwapCached:        13756 kB
Active:           958420 kB
Inactive:         352180 kB
Active(anon):     914944 kB
Inactive(anon):   301612 kB
Active(file):      43476 kB
Inactive(file):    50568 kB
Unevictable:       99496 kB
Mlocked:           94212 kB
SwapTotal:        520908 kB
SwapFree:         358452 kB
Dirty:                 0 kB
Writeback:             0 kB
AnonPages:       1214696 kB
Mapped:           134132 kB
Shmem:               480 kB
Slab:              76992 kB
SReclaimable:      24212 kB
SUnreclaim:        52780 kB
KernelStack:       14768 kB
PageTables:        15780 kB
NFS_Unstable:          0 kB
Bounce:                0 kB
WritebackTmp:          0 kB
CommitLimit:     1450072 kB
Committed_AS:   22057872 kB
VmallocTotal:   251658176 kB
VmallocUsed:       94264 kB
VmallocChunk:   251482716 kB


[2024-11-19 19:01:05]
MemTotal:        1858332 kB
MemFree:           72632 kB
Buffers:             560 kB
Cached:           193204 kB
SwapCached:        13756 kB
Active:           958684 kB
Inactive:         352180 kB
Active(anon):     915208 kB
Inactive(anon):   301612 kB
Active(file):      43476 kB
Inactive(file):    50568 kB
Unevictable:       99496 kB
Mlocked:           94212 kB
SwapTotal:        520908 kB
SwapFree:         358452 kB
Dirty:                 0 kB
Writeback:             0 kB
AnonPages:       1214892 kB
Mapped:           134132 kB
Shmem:               480 kB
Slab:              76992 kB
SReclaimable:      24212 kB
SUnreclaim:        52780 kB
KernelStack:       14768 kB
PageTables:        15776 kB
NFS_Unstable:          0 kB
Bounce:                0 kB
WritebackTmp:          0 kB
CommitLimit:     1450072 kB
Committed_AS:   22058004 kB
VmallocTotal:   251658176 kB
VmallocUsed:       94264 kB
VmallocChunk:   251482716 kB


[2024-11-19 19:01:07]
MemTotal:        1858332 kB
MemFree:           72748 kB
Buffers:             560 kB
Cached:           193204 kB
SwapCached:        13756 kB
Active:           958668 kB
Inactive:         351932 kB
Active(anon):     915192 kB
Inactive(anon):   301364 kB
Active(file):      43476 kB
Inactive(file):    50568 kB
Unevictable:       99496 kB
Mlocked:           94212 kB
SwapTotal:        520908 kB
SwapFree:         358452 kB
Dirty:                 0 kB
Writeback:             0 kB
AnonPages:       1214584 kB
Mapped:           134132 kB
Shmem:               480 kB
Slab:              76992 kB
SReclaimable:      24212 kB
SUnreclaim:        52780 kB
KernelStack:       14752 kB
PageTables:        15776 kB
NFS_Unstable:          0 kB
Bounce:                0 kB
WritebackTmp:          0 kB
CommitLimit:     1450072 kB
Committed_AS:   22058064 kB
VmallocTotal:   251658176 kB
VmallocUsed:       94264 kB
VmallocChunk:   251482716 kB


[2024-11-19 19:01:09]
MemTotal:        1858332 kB
MemFree:           73032 kB
Buffers:             560 kB
Cached:           193204 kB
SwapCached:        13756 kB
Active:           959008 kB
Inactive:         351924 kB
Active(anon):     915532 kB
Inactive(anon):   301356 kB
Active(file):      43476 kB
Inactive(file):    50568 kB
Unevictable:       99496 kB
Mlocked:           94212 kB
SwapTotal:        520908 kB
SwapFree:         358452 kB
Dirty:                 0 kB
Writeback:             0 kB
AnonPages:       1215028 kB
Mapped:           134144 kB
Shmem:               480 kB
Slab:              76992 kB
SReclaimable:      24212 kB
SUnreclaim:        52780 kB
KernelStack:       14752 kB
PageTables:        15776 kB
NFS_Unstable:          0 kB
Bounce:                0 kB
WritebackTmp:          0 kB
CommitLimit:     1450072 kB
Committed_AS:   22058028 kB
VmallocTotal:   251658176 kB
VmallocUsed:       94264 kB
VmallocChunk:   251482716 kB


[2024-11-19 19:01:11]
MemTotal:        1858332 kB
MemFree:           72892 kB
Buffers:             560 kB
Cached:           193204 kB
SwapCached:        13756 kB
Active:           959076 kB
Inactive:         351924 kB
Active(anon):     915600 kB
Inactive(anon):   301356 kB
Active(file):      43476 kB
Inactive(file):    50568 kB
Unevictable:       99496 kB
Mlocked:           94212 kB
SwapTotal:        520908 kB
SwapFree:         358452 kB
Dirty:                 0 kB
Writeback:             0 kB
AnonPages:       1215028 kB
Mapped:           134160 kB
Shmem:               480 kB
Slab:              76992 kB
SReclaimable:      24212 kB
SUnreclaim:        52780 kB
KernelStack:       14752 kB
PageTables:        15776 kB
NFS_Unstable:          0 kB
Bounce:                0 kB
WritebackTmp:          0 kB
CommitLimit:     1450072 kB
Committed_AS:   22057924 kB
VmallocTotal:   251658176 kB
VmallocUsed:       94264 kB
VmallocChunk:   251482716 kB


