[2024-11-19 19:15:37]
MemTotal:        1858332 kB
MemFree:           52556 kB
Buffers:             716 kB
Cached:           236844 kB
SwapCached:        15192 kB
Active:           983656 kB
Inactive:         381292 kB
Active(anon):     922300 kB
Inactive(anon):   304900 kB
Active(file):      61356 kB
Inactive(file):    76392 kB
Unevictable:       99496 kB
Mlocked:           94212 kB
SwapTotal:        520908 kB
SwapFree:         365604 kB
Dirty:                 0 kB
Writeback:             0 kB
AnonPages:       1225664 kB
Mapped:           139804 kB
Shmem:               572 kB
Slab:              77464 kB
SReclaimable:      24700 kB
SUnreclaim:        52764 kB
KernelStack:       15008 kB
PageTables:        16416 kB
NFS_Unstable:          0 kB
Bounce:                0 kB
WritebackTmp:          0 kB
CommitLimit:     1450072 kB
Committed_AS:   23995944 kB
VmallocTotal:   251658176 kB
VmallocUsed:       95284 kB
VmallocChunk:   251482716 kB


[2024-11-19 19:15:37]
MemTotal:        1858332 kB
MemFree:           51864 kB
Buffers:             716 kB
Cached:           236844 kB
SwapCached:        15192 kB
Active:           984028 kB
Inactive:         381292 kB
Active(anon):     922672 kB
Inactive(anon):   304900 kB
Active(file):      61356 kB
Inactive(file):    76392 kB
Unevictable:       99496 kB
Mlocked:           94212 kB
SwapTotal:        520908 kB
SwapFree:         365604 kB
Dirty:                 0 kB
Writeback:             0 kB
AnonPages:       1225944 kB
Mapped:           139824 kB
Shmem:               572 kB
Slab:              77464 kB
SReclaimable:      24700 kB
SUnreclaim:        52764 kB
KernelStack:       15008 kB
PageTables:        16416 kB
NFS_Unstable:          0 kB
Bounce:                0 kB
WritebackTmp:          0 kB
CommitLimit:     1450072 kB
Committed_AS:   23996104 kB
VmallocTotal:   251658176 kB
VmallocUsed:       95284 kB
VmallocChunk:   251482716 kB


[2024-11-19 19:15:37]
MemTotal:        1858332 kB
MemFree:           52008 kB
Buffers:             716 kB
Cached:           236844 kB
SwapCached:        15192 kB
Active:           984072 kB
Inactive:         381292 kB
Active(anon):     922716 kB
Inactive(anon):   304900 kB
Active(file):      61356 kB
Inactive(file):    76392 kB
Unevictable:       99496 kB
Mlocked:           94212 kB
SwapTotal:        520908 kB
SwapFree:         365604 kB
Dirty:                 0 kB
Writeback:             0 kB
AnonPages:       1226244 kB
Mapped:           139824 kB
Shmem:               572 kB
Slab:              77464 kB
SReclaimable:      24700 kB
SUnreclaim:        52764 kB
KernelStack:       15008 kB
PageTables:        16416 kB
NFS_Unstable:          0 kB
Bounce:                0 kB
WritebackTmp:          0 kB
CommitLimit:     1450072 kB
Committed_AS:   23996076 kB
VmallocTotal:   251658176 kB
VmallocUsed:       95284 kB
VmallocChunk:   251482716 kB


[2024-11-19 19:15:37]
MemTotal:        1858332 kB
MemFree:           52000 kB
Buffers:             716 kB
Cached:           236844 kB
SwapCached:        15192 kB
Active:           984072 kB
Inactive:         381292 kB
Active(anon):     922716 kB
Inactive(anon):   304900 kB
Active(file):      61356 kB
Inactive(file):    76392 kB
Unevictable:       99496 kB
Mlocked:           94212 kB
SwapTotal:        520908 kB
SwapFree:         365604 kB
Dirty:                 0 kB
Writeback:             0 kB
AnonPages:       1226056 kB
Mapped:           139824 kB
Shmem:               572 kB
Slab:              77464 kB
SReclaimable:      24700 kB
SUnreclaim:        52764 kB
KernelStack:       15008 kB
PageTables:        16416 kB
NFS_Unstable:          0 kB
Bounce:                0 kB
WritebackTmp:          0 kB
CommitLimit:     1450072 kB
Committed_AS:   23996080 kB
VmallocTotal:   251658176 kB
VmallocUsed:       95284 kB
VmallocChunk:   251482716 kB


[2024-11-19 19:15:37]
MemTotal:        1858332 kB
MemFree:           44592 kB
Buffers:             352 kB
Cached:           211220 kB
SwapCached:        15232 kB
Active:           981400 kB
Inactive:         366884 kB
Active(anon):     927548 kB
Inactive(anon):   309244 kB
Active(file):      53852 kB
Inactive(file):    57640 kB
Unevictable:       99496 kB
Mlocked:           94212 kB
SwapTotal:        520908 kB
SwapFree:         365280 kB
Dirty:                 0 kB
Writeback:             0 kB
AnonPages:       1235124 kB
Mapped:           141692 kB
Shmem:               572 kB
Slab:              77224 kB
SReclaimable:      24364 kB
SUnreclaim:        52860 kB
KernelStack:       15008 kB
PageTables:        16424 kB
NFS_Unstable:          0 kB
Bounce:                0 kB
WritebackTmp:          0 kB
CommitLimit:     1450072 kB
Committed_AS:   23996572 kB
VmallocTotal:   251658176 kB
VmallocUsed:       96440 kB
VmallocChunk:   251482716 kB


[2024-11-19 19:15:37]
MemTotal:        1858332 kB
MemFree:           45644 kB
Buffers:             364 kB
Cached:           209660 kB
SwapCached:        15232 kB
Active:           982796 kB
Inactive:         365024 kB
Active(anon):     928612 kB
Inactive(anon):   309248 kB
Active(file):      54184 kB
Inactive(file):    55776 kB
Unevictable:       99496 kB
Mlocked:           94212 kB
SwapTotal:        520908 kB
SwapFree:         365316 kB
Dirty:                 0 kB
Writeback:             0 kB
AnonPages:       1236208 kB
Mapped:           142460 kB
Shmem:               580 kB
Slab:              77216 kB
SReclaimable:      24364 kB
SUnreclaim:        52852 kB
KernelStack:       15040 kB
PageTables:        16568 kB
NFS_Unstable:          0 kB
Bounce:                0 kB
WritebackTmp:          0 kB
CommitLimit:     1450072 kB
Committed_AS:   23996708 kB
VmallocTotal:   251658176 kB
VmallocUsed:       96504 kB
VmallocChunk:   251482716 kB


[2024-11-19 19:15:37]
MemTotal:        1858332 kB
MemFree:           45536 kB
Buffers:             364 kB
Cached:           209660 kB
SwapCached:        15232 kB
Active:           982828 kB
Inactive:         365080 kB
Active(anon):     928644 kB
Inactive(anon):   309248 kB
Active(file):      54184 kB
Inactive(file):    55832 kB
Unevictable:       99496 kB
Mlocked:           94212 kB
SwapTotal:        520908 kB
SwapFree:         365316 kB
Dirty:                 0 kB
Writeback:             0 kB
AnonPages:       1236288 kB
Mapped:           142460 kB
Shmem:               580 kB
Slab:              77216 kB
SReclaimable:      24364 kB
SUnreclaim:        52852 kB
KernelStack:       15040 kB
PageTables:        16508 kB
NFS_Unstable:          0 kB
Bounce:                0 kB
WritebackTmp:          0 kB
CommitLimit:     1450072 kB
Committed_AS:   23996688 kB
VmallocTotal:   251658176 kB
VmallocUsed:       96504 kB
VmallocChunk:   251482716 kB


[2024-11-19 19:15:37]
MemTotal:        1858332 kB
MemFree:           45364 kB
Buffers:             364 kB
Cached:           209660 kB
SwapCached:        15232 kB
Active:           982936 kB
Inactive:         365080 kB
Active(anon):     928752 kB
Inactive(anon):   309248 kB
Active(file):      54184 kB
Inactive(file):    55832 kB
Unevictable:       99496 kB
Mlocked:           94212 kB
SwapTotal:        520908 kB
SwapFree:         365316 kB
Dirty:                 0 kB
Writeback:             0 kB
AnonPages:       1236412 kB
Mapped:           142460 kB
Shmem:               580 kB
Slab:              77216 kB
SReclaimable:      24364 kB
SUnreclaim:        52852 kB
KernelStack:       15024 kB
PageTables:        16536 kB
NFS_Unstable:          0 kB
Bounce:                0 kB
WritebackTmp:          0 kB
CommitLimit:     1450072 kB
Committed_AS:   23996568 kB
VmallocTotal:   251658176 kB
VmallocUsed:       96504 kB
VmallocChunk:   251482716 kB


[2024-11-19 19:15:37]
MemTotal:        1858332 kB
MemFree:           45132 kB
Buffers:             364 kB
Cached:           209660 kB
SwapCached:        15232 kB
Active:           983244 kB
Inactive:         365120 kB
Active(anon):     929060 kB
Inactive(anon):   309248 kB
Active(file):      54184 kB
Inactive(file):    55872 kB
Unevictable:       99496 kB
Mlocked:           94212 kB
SwapTotal:        520908 kB
SwapFree:         365316 kB
Dirty:                 0 kB
Writeback:             0 kB
AnonPages:       1236760 kB
Mapped:           142460 kB
Shmem:               580 kB
Slab:              77216 kB
SReclaimable:      24364 kB
SUnreclaim:        52852 kB
KernelStack:       15008 kB
PageTables:        16536 kB
NFS_Unstable:          0 kB
Bounce:                0 kB
WritebackTmp:          0 kB
CommitLimit:     1450072 kB
Committed_AS:   23996684 kB
VmallocTotal:   251658176 kB
VmallocUsed:       96504 kB
VmallocChunk:   251482716 kB


[2024-11-19 19:15:37]
MemTotal:        1858332 kB
MemFree:           45208 kB
Buffers:             432 kB
Cached:           206840 kB
SwapCached:        15216 kB
Active:           983460 kB
Inactive:         363712 kB
Active(anon):     929836 kB
Inactive(anon):   309820 kB
Active(file):      53624 kB
Inactive(file):    53892 kB
Unevictable:       99496 kB
Mlocked:           94212 kB
SwapTotal:        520908 kB
SwapFree:         365384 kB
Dirty:                 0 kB
Writeback:             0 kB
AnonPages:       1238184 kB
Mapped:           144860 kB
Shmem:               576 kB
Slab:              77312 kB
SReclaimable:      24380 kB
SUnreclaim:        52932 kB
KernelStack:       15072 kB
PageTables:        16580 kB
NFS_Unstable:          0 kB
Bounce:                0 kB
WritebackTmp:          0 kB
CommitLimit:     1450072 kB
Committed_AS:   23998256 kB
VmallocTotal:   251658176 kB
VmallocUsed:       96504 kB
VmallocChunk:   251482716 kB


[2024-11-19 19:15:37]
MemTotal:        1858332 kB
MemFree:           39132 kB
Buffers:             464 kB
Cached:           206120 kB
SwapCached:        15216 kB
Active:           996040 kB
Inactive:         358176 kB
Active(anon):     936232 kB
Inactive(anon):   311216 kB
Active(file):      59808 kB
Inactive(file):    46960 kB
Unevictable:       99496 kB
Mlocked:           94212 kB
SwapTotal:        520908 kB
SwapFree:         365372 kB
Dirty:                 0 kB
Writeback:             0 kB
AnonPages:       1245944 kB
Mapped:           146720 kB
Shmem:               576 kB
Slab:              77312 kB
SReclaimable:      24396 kB
SUnreclaim:        52916 kB
KernelStack:       15264 kB
PageTables:        16812 kB
NFS_Unstable:          0 kB
Bounce:                0 kB
WritebackTmp:          0 kB
CommitLimit:     1450072 kB
Committed_AS:   24109940 kB
VmallocTotal:   251658176 kB
VmallocUsed:       96504 kB
VmallocChunk:   251482716 kB


[2024-11-19 19:15:39]
MemTotal:        1858332 kB
MemFree:           40272 kB
Buffers:             464 kB
Cached:           203544 kB
SwapCached:        15216 kB
Active:           992148 kB
Inactive:         360140 kB
Active(anon):     936176 kB
Inactive(anon):   312028 kB
Active(file):      55972 kB
Inactive(file):    48112 kB
Unevictable:       99496 kB
Mlocked:           94212 kB
SwapTotal:        520908 kB
SwapFree:         365340 kB
Dirty:                 0 kB
Writeback:             0 kB
AnonPages:       1246604 kB
Mapped:           146720 kB
Shmem:               576 kB
Slab:              77312 kB
SReclaimable:      24396 kB
SUnreclaim:        52916 kB
KernelStack:       15200 kB
PageTables:        16812 kB
NFS_Unstable:          0 kB
Bounce:                0 kB
WritebackTmp:          0 kB
CommitLimit:     1450072 kB
Committed_AS:   24109908 kB
VmallocTotal:   251658176 kB
VmallocUsed:       96504 kB
VmallocChunk:   251482716 kB


[2024-11-19 19:15:41]
MemTotal:        1858332 kB
MemFree:           39592 kB
Buffers:             464 kB
Cached:           204028 kB
SwapCached:        15216 kB
Active:           990784 kB
Inactive:         362168 kB
Active(anon):     936348 kB
Inactive(anon):   311928 kB
Active(file):      54436 kB
Inactive(file):    50240 kB
Unevictable:       99496 kB
Mlocked:           94212 kB
SwapTotal:        520908 kB
SwapFree:         365336 kB
Dirty:                 0 kB
Writeback:             0 kB
AnonPages:       1246888 kB
Mapped:           146684 kB
Shmem:               576 kB
Slab:              77344 kB
SReclaimable:      24396 kB
SUnreclaim:        52948 kB
KernelStack:       15248 kB
PageTables:        16812 kB
NFS_Unstable:          0 kB
Bounce:                0 kB
WritebackTmp:          0 kB
CommitLimit:     1450072 kB
Committed_AS:   24109844 kB
VmallocTotal:   251658176 kB
VmallocUsed:       96504 kB
VmallocChunk:   251482716 kB


[2024-11-19 19:15:44]
MemTotal:        1858332 kB
MemFree:           38796 kB
Buffers:             464 kB
Cached:           204140 kB
SwapCached:        15216 kB
Active:           991032 kB
Inactive:         362280 kB
Active(anon):     936596 kB
Inactive(anon):   311928 kB
Active(file):      54436 kB
Inactive(file):    50352 kB
Unevictable:       99496 kB
Mlocked:           94212 kB
SwapTotal:        520908 kB
SwapFree:         365336 kB
Dirty:                 0 kB
Writeback:             0 kB
AnonPages:       1246876 kB
Mapped:           146684 kB
Shmem:               576 kB
Slab:              77344 kB
SReclaimable:      24396 kB
SUnreclaim:        52948 kB
KernelStack:       15248 kB
PageTables:        16812 kB
NFS_Unstable:          0 kB
Bounce:                0 kB
WritebackTmp:          0 kB
CommitLimit:     1450072 kB
Committed_AS:   24110004 kB
VmallocTotal:   251658176 kB
VmallocUsed:       96504 kB
VmallocChunk:   251482716 kB


[2024-11-19 19:15:46]
MemTotal:        1858332 kB
MemFree:           38436 kB
Buffers:             464 kB
Cached:           204140 kB
SwapCached:        15216 kB
Active:           991496 kB
Inactive:         362280 kB
Active(anon):     937060 kB
Inactive(anon):   311928 kB
Active(file):      54436 kB
Inactive(file):    50352 kB
Unevictable:       99496 kB
Mlocked:           94212 kB
SwapTotal:        520908 kB
SwapFree:         365336 kB
Dirty:                 0 kB
Writeback:             0 kB
AnonPages:       1247464 kB
Mapped:           146568 kB
Shmem:               576 kB
Slab:              77344 kB
SReclaimable:      24396 kB
SUnreclaim:        52948 kB
KernelStack:       15280 kB
PageTables:        16844 kB
NFS_Unstable:          0 kB
Bounce:                0 kB
WritebackTmp:          0 kB
CommitLimit:     1450072 kB
Committed_AS:   24101700 kB
VmallocTotal:   251658176 kB
VmallocUsed:       96504 kB
VmallocChunk:   251482716 kB


[2024-11-19 19:15:48]
MemTotal:        1858332 kB
MemFree:           38596 kB
Buffers:             464 kB
Cached:           204140 kB
SwapCached:        15216 kB
Active:           991768 kB
Inactive:         362280 kB
Active(anon):     937332 kB
Inactive(anon):   311928 kB
Active(file):      54436 kB
Inactive(file):    50352 kB
Unevictable:       99496 kB
Mlocked:           94212 kB
SwapTotal:        520908 kB
SwapFree:         365336 kB
Dirty:                 0 kB
Writeback:             0 kB
AnonPages:       1247812 kB
Mapped:           146688 kB
Shmem:               576 kB
Slab:              77344 kB
SReclaimable:      24396 kB
SUnreclaim:        52948 kB
KernelStack:       15248 kB
PageTables:        16812 kB
NFS_Unstable:          0 kB
Bounce:                0 kB
WritebackTmp:          0 kB
CommitLimit:     1450072 kB
Committed_AS:   24110016 kB
VmallocTotal:   251658176 kB
VmallocUsed:       96504 kB
VmallocChunk:   251482716 kB


[2024-11-19 19:15:50]
MemTotal:        1858332 kB
MemFree:           38388 kB
Buffers:             464 kB
Cached:           204140 kB
SwapCached:        15216 kB
Active:           991728 kB
Inactive:         362280 kB
Active(anon):     937292 kB
Inactive(anon):   311928 kB
Active(file):      54436 kB
Inactive(file):    50352 kB
Unevictable:       99496 kB
Mlocked:           94212 kB
SwapTotal:        520908 kB
SwapFree:         365336 kB
Dirty:                 0 kB
Writeback:             0 kB
AnonPages:       1247764 kB
Mapped:           146688 kB
Shmem:               576 kB
Slab:              77344 kB
SReclaimable:      24396 kB
SUnreclaim:        52948 kB
KernelStack:       15248 kB
PageTables:        16812 kB
NFS_Unstable:          0 kB
Bounce:                0 kB
WritebackTmp:          0 kB
CommitLimit:     1450072 kB
Committed_AS:   24109952 kB
VmallocTotal:   251658176 kB
VmallocUsed:       96504 kB
VmallocChunk:   251482716 kB


[2024-11-19 19:15:52]
MemTotal:        1858332 kB
MemFree:           38612 kB
Buffers:             464 kB
Cached:           204140 kB
SwapCached:        15216 kB
Active:           991796 kB
Inactive:         362280 kB
Active(anon):     937360 kB
Inactive(anon):   311928 kB
Active(file):      54436 kB
Inactive(file):    50352 kB
Unevictable:       99496 kB
Mlocked:           94212 kB
SwapTotal:        520908 kB
SwapFree:         365336 kB
Dirty:                 0 kB
Writeback:             0 kB
AnonPages:       1247836 kB
Mapped:           146688 kB
Shmem:               576 kB
Slab:              77344 kB
SReclaimable:      24396 kB
SUnreclaim:        52948 kB
KernelStack:       15248 kB
PageTables:        16812 kB
NFS_Unstable:          0 kB
Bounce:                0 kB
WritebackTmp:          0 kB
CommitLimit:     1450072 kB
Committed_AS:   24110076 kB
VmallocTotal:   251658176 kB
VmallocUsed:       96504 kB
VmallocChunk:   251482716 kB


[2024-11-19 19:15:54]
MemTotal:        1858332 kB
MemFree:           38520 kB
Buffers:             464 kB
Cached:           204144 kB
SwapCached:        15212 kB
Active:           991916 kB
Inactive:         362280 kB
Active(anon):     937480 kB
Inactive(anon):   311928 kB
Active(file):      54436 kB
Inactive(file):    50352 kB
Unevictable:       99496 kB
Mlocked:           94212 kB
SwapTotal:        520908 kB
SwapFree:         365340 kB
Dirty:                 0 kB
Writeback:             0 kB
AnonPages:       1247852 kB
Mapped:           146688 kB
Shmem:               576 kB
Slab:              77344 kB
SReclaimable:      24396 kB
SUnreclaim:        52948 kB
KernelStack:       15248 kB
PageTables:        16812 kB
NFS_Unstable:          0 kB
Bounce:                0 kB
WritebackTmp:          0 kB
CommitLimit:     1450072 kB
Committed_AS:   24109908 kB
VmallocTotal:   251658176 kB
VmallocUsed:       96504 kB
VmallocChunk:   251482716 kB


[2024-11-19 19:15:56]
MemTotal:        1858332 kB
MemFree:           38936 kB
Buffers:             444 kB
Cached:           203608 kB
SwapCached:        15212 kB
Active:           989072 kB
Inactive:         364296 kB
Active(anon):     936972 kB
Inactive(anon):   312272 kB
Active(file):      52100 kB
Inactive(file):    52024 kB
Unevictable:       99496 kB
Mlocked:           94212 kB
SwapTotal:        520908 kB
SwapFree:         365196 kB
Dirty:                 0 kB
Writeback:             0 kB
AnonPages:       1247888 kB
Mapped:           146504 kB
Shmem:               576 kB
Slab:              77472 kB
SReclaimable:      24396 kB
SUnreclaim:        53076 kB
KernelStack:       15232 kB
PageTables:        16812 kB
NFS_Unstable:          0 kB
Bounce:                0 kB
WritebackTmp:          0 kB
CommitLimit:     1450072 kB
Committed_AS:   24109896 kB
VmallocTotal:   251658176 kB
VmallocUsed:       96504 kB
VmallocChunk:   251482716 kB


[2024-11-19 19:15:59]
MemTotal:        1858332 kB
MemFree:           40896 kB
Buffers:             416 kB
Cached:           202792 kB
SwapCached:        15216 kB
Active:           988992 kB
Inactive:         363272 kB
Active(anon):     936648 kB
Inactive(anon):   312224 kB
Active(file):      52344 kB
Inactive(file):    51048 kB
Unevictable:       99496 kB
Mlocked:           94212 kB
SwapTotal:        520908 kB
SwapFree:         364084 kB
Dirty:                 0 kB
Writeback:             0 kB
AnonPages:       1247172 kB
Mapped:           146864 kB
Shmem:               576 kB
Slab:              77672 kB
SReclaimable:      24732 kB
SUnreclaim:        52940 kB
KernelStack:       15264 kB
PageTables:        16812 kB
NFS_Unstable:          0 kB
Bounce:                0 kB
WritebackTmp:          0 kB
CommitLimit:     1450072 kB
Committed_AS:   24109816 kB
VmallocTotal:   251658176 kB
VmallocUsed:       96504 kB
VmallocChunk:   251482716 kB


[2024-11-19 19:16:01]
MemTotal:        1858332 kB
MemFree:           40340 kB
Buffers:             416 kB
Cached:           202792 kB
SwapCached:        15216 kB
Active:           988932 kB
Inactive:         363272 kB
Active(anon):     936588 kB
Inactive(anon):   312224 kB
Active(file):      52344 kB
Inactive(file):    51048 kB
Unevictable:       99496 kB
Mlocked:           94212 kB
SwapTotal:        520908 kB
SwapFree:         364084 kB
Dirty:                 0 kB
Writeback:             0 kB
AnonPages:       1247304 kB
Mapped:           146864 kB
Shmem:               576 kB
Slab:              77688 kB
SReclaimable:      24748 kB
SUnreclaim:        52940 kB
KernelStack:       15216 kB
PageTables:        16812 kB
NFS_Unstable:          0 kB
Bounce:                0 kB
WritebackTmp:          0 kB
CommitLimit:     1450072 kB
Committed_AS:   24109804 kB
VmallocTotal:   251658176 kB
VmallocUsed:       96504 kB
VmallocChunk:   251482716 kB


[2024-11-19 19:16:03]
MemTotal:        1858332 kB
MemFree:           43820 kB
Buffers:             444 kB
Cached:           204792 kB
SwapCached:        15212 kB
Active:           984968 kB
Inactive:         363708 kB
Active(anon):     932376 kB
Inactive(anon):   310908 kB
Active(file):      52592 kB
Inactive(file):    52800 kB
Unevictable:       99496 kB
Mlocked:           94212 kB
SwapTotal:        520908 kB
SwapFree:         364032 kB
Dirty:                 0 kB
Writeback:             0 kB
AnonPages:       1241956 kB
Mapped:           145576 kB
Shmem:               576 kB
Slab:              77688 kB
SReclaimable:      24748 kB
SUnreclaim:        52940 kB
KernelStack:       15264 kB
PageTables:        16628 kB
NFS_Unstable:          0 kB
Bounce:                0 kB
WritebackTmp:          0 kB
CommitLimit:     1450072 kB
Committed_AS:   23998132 kB
VmallocTotal:   251658176 kB
VmallocUsed:       96504 kB
VmallocChunk:   251482716 kB


[2024-11-19 19:16:05]
MemTotal:        1858332 kB
MemFree:           46040 kB
Buffers:             444 kB
Cached:           205152 kB
SwapCached:        15212 kB
Active:           984388 kB
Inactive:         363964 kB
Active(anon):     931664 kB
Inactive(anon):   310908 kB
Active(file):      52724 kB
Inactive(file):    53056 kB
Unevictable:       99496 kB
Mlocked:           94212 kB
SwapTotal:        520908 kB
SwapFree:         364036 kB
Dirty:                 0 kB
Writeback:             0 kB
AnonPages:       1241056 kB
Mapped:           142736 kB
Shmem:               576 kB
Slab:              77512 kB
SReclaimable:      24636 kB
SUnreclaim:        52876 kB
KernelStack:       15088 kB
PageTables:        16644 kB
NFS_Unstable:          0 kB
Bounce:                0 kB
WritebackTmp:          0 kB
CommitLimit:     1450072 kB
Committed_AS:   23996540 kB
VmallocTotal:   251658176 kB
VmallocUsed:       96504 kB
VmallocChunk:   251482716 kB


[2024-11-19 19:16:07]
MemTotal:        1858332 kB
MemFree:           49640 kB
Buffers:             444 kB
Cached:           206892 kB
SwapCached:        15212 kB
Active:           978420 kB
Inactive:         365708 kB
Active(anon):     925696 kB
Inactive(anon):   310912 kB
Active(file):      52724 kB
Inactive(file):    54796 kB
Unevictable:       99496 kB
Mlocked:           94212 kB
SwapTotal:        520908 kB
SwapFree:         364040 kB
Dirty:                 0 kB
Writeback:             0 kB
AnonPages:       1235036 kB
Mapped:           142840 kB
Shmem:               576 kB
Slab:              77512 kB
SReclaimable:      24636 kB
SUnreclaim:        52876 kB
KernelStack:       15056 kB
PageTables:        16628 kB
NFS_Unstable:          0 kB
Bounce:                0 kB
WritebackTmp:          0 kB
CommitLimit:     1450072 kB
Committed_AS:   23996632 kB
VmallocTotal:   251658176 kB
VmallocUsed:       96504 kB
VmallocChunk:   251482716 kB


[2024-11-19 19:16:09]
MemTotal:        1858332 kB
MemFree:           49784 kB
Buffers:             444 kB
Cached:           206892 kB
SwapCached:        15212 kB
Active:           978432 kB
Inactive:         365708 kB
Active(anon):     925708 kB
Inactive(anon):   310912 kB
Active(file):      52724 kB
Inactive(file):    54796 kB
Unevictable:       99496 kB
Mlocked:           94212 kB
SwapTotal:        520908 kB
SwapFree:         364040 kB
Dirty:                 0 kB
Writeback:             0 kB
AnonPages:       1235052 kB
Mapped:           142860 kB
Shmem:               576 kB
Slab:              77512 kB
SReclaimable:      24636 kB
SUnreclaim:        52876 kB
KernelStack:       15056 kB
PageTables:        16628 kB
NFS_Unstable:          0 kB
Bounce:                0 kB
WritebackTmp:          0 kB
CommitLimit:     1450072 kB
Committed_AS:   23996528 kB
VmallocTotal:   251658176 kB
VmallocUsed:       96504 kB
VmallocChunk:   251482716 kB


[2024-11-19 19:16:11]
MemTotal:        1858332 kB
MemFree:           49876 kB
Buffers:             444 kB
Cached:           206892 kB
SwapCached:        15212 kB
Active:           978316 kB
Inactive:         365708 kB
Active(anon):     925592 kB
Inactive(anon):   310912 kB
Active(file):      52724 kB
Inactive(file):    54796 kB
Unevictable:       99496 kB
Mlocked:           94212 kB
SwapTotal:        520908 kB
SwapFree:         364040 kB
Dirty:                 0 kB
Writeback:             0 kB
AnonPages:       1234936 kB
Mapped:           142860 kB
Shmem:               576 kB
Slab:              77512 kB
SReclaimable:      24636 kB
SUnreclaim:        52876 kB
KernelStack:       15056 kB
PageTables:        16628 kB
NFS_Unstable:          0 kB
Bounce:                0 kB
WritebackTmp:          0 kB
CommitLimit:     1450072 kB
Committed_AS:   23996512 kB
VmallocTotal:   251658176 kB
VmallocUsed:       96504 kB
VmallocChunk:   251482716 kB


[2024-11-19 19:16:13]
MemTotal:        1858332 kB
MemFree:           49896 kB
Buffers:             444 kB
Cached:           206892 kB
SwapCached:        15212 kB
Active:           978572 kB
Inactive:         365708 kB
Active(anon):     925848 kB
Inactive(anon):   310912 kB
Active(file):      52724 kB
Inactive(file):    54796 kB
Unevictable:       99496 kB
Mlocked:           94212 kB
SwapTotal:        520908 kB
SwapFree:         364040 kB
Dirty:                 0 kB
Writeback:             0 kB
AnonPages:       1235188 kB
Mapped:           142840 kB
Shmem:               576 kB
Slab:              77512 kB
SReclaimable:      24636 kB
SUnreclaim:        52876 kB
KernelStack:       15056 kB
PageTables:        16628 kB
NFS_Unstable:          0 kB
Bounce:                0 kB
WritebackTmp:          0 kB
CommitLimit:     1450072 kB
Committed_AS:   23996612 kB
VmallocTotal:   251658176 kB
VmallocUsed:       96504 kB
VmallocChunk:   251482716 kB


[2024-11-19 19:16:15]
MemTotal:        1858332 kB
MemFree:           49780 kB
Buffers:             444 kB
Cached:           206892 kB
SwapCached:        15212 kB
Active:           978580 kB
Inactive:         365712 kB
Active(anon):     925856 kB
Inactive(anon):   310916 kB
Active(file):      52724 kB
Inactive(file):    54796 kB
Unevictable:       99496 kB
Mlocked:           94212 kB
SwapTotal:        520908 kB
SwapFree:         364044 kB
Dirty:                 0 kB
Writeback:             0 kB
AnonPages:       1235212 kB
Mapped:           142860 kB
Shmem:               576 kB
Slab:              77512 kB
SReclaimable:      24636 kB
SUnreclaim:        52876 kB
KernelStack:       15056 kB
PageTables:        16628 kB
NFS_Unstable:          0 kB
Bounce:                0 kB
WritebackTmp:          0 kB
CommitLimit:     1450072 kB
Committed_AS:   23996524 kB
VmallocTotal:   251658176 kB
VmallocUsed:       96504 kB
VmallocChunk:   251482716 kB


[2024-11-19 19:16:17]
MemTotal:        1858332 kB
MemFree:           49568 kB
Buffers:             448 kB
Cached:           206892 kB
SwapCached:        15212 kB
Active:           978712 kB
Inactive:         365724 kB
Active(anon):     925988 kB
Inactive(anon):   310924 kB
Active(file):      52724 kB
Inactive(file):    54800 kB
Unevictable:       99496 kB
Mlocked:           94212 kB
SwapTotal:        520908 kB
SwapFree:         364052 kB
Dirty:                 0 kB
Writeback:             0 kB
AnonPages:       1235368 kB
Mapped:           142848 kB
Shmem:               576 kB
Slab:              77512 kB
SReclaimable:      24636 kB
SUnreclaim:        52876 kB
KernelStack:       15056 kB
PageTables:        16628 kB
NFS_Unstable:          0 kB
Bounce:                0 kB
WritebackTmp:          0 kB
CommitLimit:     1450072 kB
Committed_AS:   23996588 kB
VmallocTotal:   251658176 kB
VmallocUsed:       96504 kB
VmallocChunk:   251482716 kB


[2024-11-19 19:16:20]
MemTotal:        1858332 kB
MemFree:           48936 kB
Buffers:             448 kB
Cached:           206892 kB
SwapCached:        15212 kB
Active:           979348 kB
Inactive:         365724 kB
Active(anon):     926624 kB
Inactive(anon):   310924 kB
Active(file):      52724 kB
Inactive(file):    54800 kB
Unevictable:       99496 kB
Mlocked:           94212 kB
SwapTotal:        520908 kB
SwapFree:         364052 kB
Dirty:                 0 kB
Writeback:             0 kB
AnonPages:       1236032 kB
Mapped:           142828 kB
Shmem:               576 kB
Slab:              77512 kB
SReclaimable:      24636 kB
SUnreclaim:        52876 kB
KernelStack:       15056 kB
PageTables:        16608 kB
NFS_Unstable:          0 kB
Bounce:                0 kB
WritebackTmp:          0 kB
CommitLimit:     1450072 kB
Committed_AS:   23996500 kB
VmallocTotal:   251658176 kB
VmallocUsed:       96504 kB
VmallocChunk:   251482716 kB


[2024-11-19 19:16:22]
MemTotal:        1858332 kB
MemFree:           48676 kB
Buffers:             448 kB
Cached:           206892 kB
SwapCached:        15212 kB
Active:           979396 kB
Inactive:         365724 kB
Active(anon):     926672 kB
Inactive(anon):   310924 kB
Active(file):      52724 kB
Inactive(file):    54800 kB
Unevictable:       99496 kB
Mlocked:           94212 kB
SwapTotal:        520908 kB
SwapFree:         364052 kB
Dirty:                 0 kB
Writeback:             0 kB
AnonPages:       1236072 kB
Mapped:           142864 kB
Shmem:               576 kB
Slab:              77512 kB
SReclaimable:      24636 kB
SUnreclaim:        52876 kB
KernelStack:       15056 kB
PageTables:        16628 kB
NFS_Unstable:          0 kB
Bounce:                0 kB
WritebackTmp:          0 kB
CommitLimit:     1450072 kB
Committed_AS:   23996436 kB
VmallocTotal:   251658176 kB
VmallocUsed:       96504 kB
VmallocChunk:   251482716 kB


[2024-11-19 19:16:24]
MemTotal:        1858332 kB
MemFree:           48936 kB
Buffers:             448 kB
Cached:           206892 kB
SwapCached:        15212 kB
Active:           979524 kB
Inactive:         365724 kB
Active(anon):     926800 kB
Inactive(anon):   310924 kB
Active(file):      52724 kB
Inactive(file):    54800 kB
Unevictable:       99496 kB
Mlocked:           94212 kB
SwapTotal:        520908 kB
SwapFree:         364052 kB
Dirty:                 0 kB
Writeback:             0 kB
AnonPages:       1236136 kB
Mapped:           142864 kB
Shmem:               576 kB
Slab:              77512 kB
SReclaimable:      24636 kB
SUnreclaim:        52876 kB
KernelStack:       15056 kB
PageTables:        16628 kB
NFS_Unstable:          0 kB
Bounce:                0 kB
WritebackTmp:          0 kB
CommitLimit:     1450072 kB
Committed_AS:   23996420 kB
VmallocTotal:   251658176 kB
VmallocUsed:       96504 kB
VmallocChunk:   251482716 kB


[2024-11-19 19:16:26]
MemTotal:        1858332 kB
MemFree:           48376 kB
Buffers:             448 kB
Cached:           206892 kB
SwapCached:        15212 kB
Active:           979564 kB
Inactive:         365724 kB
Active(anon):     926840 kB
Inactive(anon):   310924 kB
Active(file):      52724 kB
Inactive(file):    54800 kB
Unevictable:       99496 kB
Mlocked:           94212 kB
SwapTotal:        520908 kB
SwapFree:         364052 kB
Dirty:                 0 kB
Writeback:             0 kB
AnonPages:       1236336 kB
Mapped:           142732 kB
Shmem:               576 kB
Slab:              77512 kB
SReclaimable:      24636 kB
SUnreclaim:        52876 kB
KernelStack:       15072 kB
PageTables:        16616 kB
NFS_Unstable:          0 kB
Bounce:                0 kB
WritebackTmp:          0 kB
CommitLimit:     1450072 kB
Committed_AS:   23996608 kB
VmallocTotal:   251658176 kB
VmallocUsed:       96504 kB
VmallocChunk:   251482716 kB


