[2024-11-20 05:51:00]
MemTotal:        1858332 kB
MemFree:         1149112 kB
Buffers:             556 kB
Cached:           213376 kB
SwapCached:        17868 kB
Active:           106628 kB
Inactive:         125684 kB
Active(anon):      70140 kB
Inactive(anon):    48196 kB
Active(file):      36488 kB
Inactive(file):    77488 kB
Unevictable:       99496 kB
Mlocked:           94212 kB
SwapTotal:        520908 kB
SwapFree:         355288 kB
Dirty:                 0 kB
Writeback:             0 kB
AnonPages:        116612 kB
Mapped:           146408 kB
Shmem:               712 kB
Slab:              78052 kB
SReclaimable:      24804 kB
SUnreclaim:        53248 kB
KernelStack:       14960 kB
PageTables:        14388 kB
NFS_Unstable:          0 kB
Bounce:                0 kB
WritebackTmp:          0 kB
CommitLimit:     1450072 kB
Committed_AS:   22170160 kB
VmallocTotal:   251658176 kB
VmallocUsed:       96504 kB
VmallocChunk:   251482716 kB


[2024-11-20 05:51:00]
MemTotal:        1858332 kB
MemFree:         1148836 kB
Buffers:             556 kB
Cached:           213408 kB
SwapCached:        17868 kB
Active:           107028 kB
Inactive:         125720 kB
Active(anon):      70540 kB
Inactive(anon):    48196 kB
Active(file):      36488 kB
Inactive(file):    77524 kB
Unevictable:       99496 kB
Mlocked:           94212 kB
SwapTotal:        520908 kB
SwapFree:         355288 kB
Dirty:                 0 kB
Writeback:             0 kB
AnonPages:        117004 kB
Mapped:           146428 kB
Shmem:               712 kB
Slab:              78052 kB
SReclaimable:      24804 kB
SUnreclaim:        53248 kB
KernelStack:       14992 kB
PageTables:        14364 kB
NFS_Unstable:          0 kB
Bounce:                0 kB
WritebackTmp:          0 kB
CommitLimit:     1450072 kB
Committed_AS:   22170200 kB
VmallocTotal:   251658176 kB
VmallocUsed:       96504 kB
VmallocChunk:   251482716 kB


[2024-11-20 05:51:00]
MemTotal:        1858332 kB
MemFree:         1148244 kB
Buffers:             556 kB
Cached:           213408 kB
SwapCached:        17864 kB
Active:           106920 kB
Inactive:         125720 kB
Active(anon):      70432 kB
Inactive(anon):    48196 kB
Active(file):      36488 kB
Inactive(file):    77524 kB
Unevictable:       99496 kB
Mlocked:           94212 kB
SwapTotal:        520908 kB
SwapFree:         355292 kB
Dirty:                 0 kB
Writeback:             0 kB
AnonPages:        116924 kB
Mapped:           146408 kB
Shmem:               712 kB
Slab:              78052 kB
SReclaimable:      24804 kB
SUnreclaim:        53248 kB
KernelStack:       14976 kB
PageTables:        14388 kB
NFS_Unstable:          0 kB
Bounce:                0 kB
WritebackTmp:          0 kB
CommitLimit:     1450072 kB
Committed_AS:   22170324 kB
VmallocTotal:   251658176 kB
VmallocUsed:       96504 kB
VmallocChunk:   251482716 kB


[2024-11-20 05:51:00]
MemTotal:        1858332 kB
MemFree:         1148396 kB
Buffers:             556 kB
Cached:           213408 kB
SwapCached:        17864 kB
Active:           106924 kB
Inactive:         125720 kB
Active(anon):      70436 kB
Inactive(anon):    48196 kB
Active(file):      36488 kB
Inactive(file):    77524 kB
Unevictable:       99496 kB
Mlocked:           94212 kB
SwapTotal:        520908 kB
SwapFree:         355292 kB
Dirty:                 0 kB
Writeback:             0 kB
AnonPages:        116868 kB
Mapped:           146408 kB
Shmem:               712 kB
Slab:              78052 kB
SReclaimable:      24804 kB
SUnreclaim:        53248 kB
KernelStack:       14944 kB
PageTables:        14352 kB
NFS_Unstable:          0 kB
Bounce:                0 kB
WritebackTmp:          0 kB
CommitLimit:     1450072 kB
Committed_AS:   22170228 kB
VmallocTotal:   251658176 kB
VmallocUsed:       96504 kB
VmallocChunk:   251482716 kB


[2024-11-20 05:51:00]
MemTotal:        1858332 kB
MemFree:         1147900 kB
Buffers:             556 kB
Cached:           213408 kB
SwapCached:        17864 kB
Active:           107392 kB
Inactive:         125724 kB
Active(anon):      70904 kB
Inactive(anon):    48200 kB
Active(file):      36488 kB
Inactive(file):    77524 kB
Unevictable:       99496 kB
Mlocked:           94212 kB
SwapTotal:        520908 kB
SwapFree:         355296 kB
Dirty:                 0 kB
Writeback:             0 kB
AnonPages:        117340 kB
Mapped:           146420 kB
Shmem:               712 kB
Slab:              78052 kB
SReclaimable:      24804 kB
SUnreclaim:        53248 kB
KernelStack:       14960 kB
PageTables:        14356 kB
NFS_Unstable:          0 kB
Bounce:                0 kB
WritebackTmp:          0 kB
CommitLimit:     1450072 kB
Committed_AS:   22170324 kB
VmallocTotal:   251658176 kB
VmallocUsed:       96504 kB
VmallocChunk:   251482716 kB


[2024-11-20 05:51:00]
MemTotal:        1858332 kB
MemFree:         1147776 kB
Buffers:             556 kB
Cached:           213408 kB
SwapCached:        17864 kB
Active:           107648 kB
Inactive:         125724 kB
Active(anon):      71160 kB
Inactive(anon):    48200 kB
Active(file):      36488 kB
Inactive(file):    77524 kB
Unevictable:       99496 kB
Mlocked:           94212 kB
SwapTotal:        520908 kB
SwapFree:         355296 kB
Dirty:                 0 kB
Writeback:             0 kB
AnonPages:        117824 kB
Mapped:           146404 kB
Shmem:               712 kB
Slab:              78052 kB
SReclaimable:      24804 kB
SUnreclaim:        53248 kB
KernelStack:       14944 kB
PageTables:        14352 kB
NFS_Unstable:          0 kB
Bounce:                0 kB
WritebackTmp:          0 kB
CommitLimit:     1450072 kB
Committed_AS:   22170292 kB
VmallocTotal:   251658176 kB
VmallocUsed:       96504 kB
VmallocChunk:   251482716 kB


[2024-11-20 05:51:00]
MemTotal:        1858332 kB
MemFree:         1147628 kB
Buffers:             556 kB
Cached:           213408 kB
SwapCached:        17864 kB
Active:           107704 kB
Inactive:         125724 kB
Active(anon):      71216 kB
Inactive(anon):    48200 kB
Active(file):      36488 kB
Inactive(file):    77524 kB
Unevictable:       99496 kB
Mlocked:           94212 kB
SwapTotal:        520908 kB
SwapFree:         355296 kB
Dirty:                 0 kB
Writeback:             0 kB
AnonPages:        117620 kB
Mapped:           146408 kB
Shmem:               712 kB
Slab:              78052 kB
SReclaimable:      24804 kB
SUnreclaim:        53248 kB
KernelStack:       14944 kB
PageTables:        14352 kB
NFS_Unstable:          0 kB
Bounce:                0 kB
WritebackTmp:          0 kB
CommitLimit:     1450072 kB
Committed_AS:   22170304 kB
VmallocTotal:   251658176 kB
VmallocUsed:       96504 kB
VmallocChunk:   251482716 kB


[2024-11-20 05:51:00]
MemTotal:        1858332 kB
MemFree:         1147428 kB
Buffers:             556 kB
Cached:           213408 kB
SwapCached:        17864 kB
Active:           107800 kB
Inactive:         125724 kB
Active(anon):      71312 kB
Inactive(anon):    48200 kB
Active(file):      36488 kB
Inactive(file):    77524 kB
Unevictable:       99496 kB
Mlocked:           94212 kB
SwapTotal:        520908 kB
SwapFree:         355296 kB
Dirty:                 0 kB
Writeback:             0 kB
AnonPages:        117684 kB
Mapped:           146408 kB
Shmem:               712 kB
Slab:              78052 kB
SReclaimable:      24804 kB
SUnreclaim:        53248 kB
KernelStack:       14960 kB
PageTables:        14368 kB
NFS_Unstable:          0 kB
Bounce:                0 kB
WritebackTmp:          0 kB
CommitLimit:     1450072 kB
Committed_AS:   22170296 kB
VmallocTotal:   251658176 kB
VmallocUsed:       96504 kB
VmallocChunk:   251482716 kB


[2024-11-20 05:51:00]
MemTotal:        1858332 kB
MemFree:         1150948 kB
Buffers:             556 kB
Cached:           215244 kB
SwapCached:        17868 kB
Active:           101908 kB
Inactive:         127588 kB
Active(anon):      65420 kB
Inactive(anon):    48204 kB
Active(file):      36488 kB
Inactive(file):    79384 kB
Unevictable:       99496 kB
Mlocked:           94212 kB
SwapTotal:        520908 kB
SwapFree:         355396 kB
Dirty:                 0 kB
Writeback:             0 kB
AnonPages:        112020 kB
Mapped:           146392 kB
Shmem:               712 kB
Slab:              78052 kB
SReclaimable:      24804 kB
SUnreclaim:        53248 kB
KernelStack:       14944 kB
PageTables:        14352 kB
NFS_Unstable:          0 kB
Bounce:                0 kB
WritebackTmp:          0 kB
CommitLimit:     1450072 kB
Committed_AS:   22170216 kB
VmallocTotal:   251658176 kB
VmallocUsed:       96504 kB
VmallocChunk:   251482716 kB


[2024-11-20 05:51:00]
MemTotal:        1858332 kB
MemFree:         1150744 kB
Buffers:             556 kB
Cached:           215332 kB
SwapCached:        17868 kB
Active:           101896 kB
Inactive:         127596 kB
Active(anon):      65324 kB
Inactive(anon):    48232 kB
Active(file):      36572 kB
Inactive(file):    79364 kB
Unevictable:       99496 kB
Mlocked:           94212 kB
SwapTotal:        520908 kB
SwapFree:         355396 kB
Dirty:                 0 kB
Writeback:             0 kB
AnonPages:        111888 kB
Mapped:           146320 kB
Shmem:               712 kB
Slab:              78052 kB
SReclaimable:      24804 kB
SUnreclaim:        53248 kB
KernelStack:       14928 kB
PageTables:        14376 kB
NFS_Unstable:          0 kB
Bounce:                0 kB
WritebackTmp:          0 kB
CommitLimit:     1450072 kB
Committed_AS:   22170220 kB
VmallocTotal:   251658176 kB
VmallocUsed:       96504 kB
VmallocChunk:   251482716 kB


[2024-11-20 05:51:00]
MemTotal:        1858332 kB
MemFree:         1124636 kB
Buffers:             680 kB
Cached:           233944 kB
SwapCached:        17872 kB
Active:           109952 kB
Inactive:         144980 kB
Active(anon):      72568 kB
Inactive(anon):    47808 kB
Active(file):      37384 kB
Inactive(file):    97172 kB
Unevictable:       99496 kB
Mlocked:           94212 kB
SwapTotal:        520908 kB
SwapFree:         355452 kB
Dirty:                 0 kB
Writeback:             0 kB
AnonPages:        119036 kB
Mapped:           151428 kB
Shmem:               712 kB
Slab:              78052 kB
SReclaimable:      24804 kB
SUnreclaim:        53248 kB
KernelStack:       15072 kB
PageTables:        14612 kB
NFS_Unstable:          0 kB
Bounce:                0 kB
WritebackTmp:          0 kB
CommitLimit:     1450072 kB
Committed_AS:   22275808 kB
VmallocTotal:   251658176 kB
VmallocUsed:       96504 kB
VmallocChunk:   251482716 kB


[2024-11-20 05:51:02]
MemTotal:        1858332 kB
MemFree:         1092108 kB
Buffers:             792 kB
Cached:           234784 kB
SwapCached:        17872 kB
Active:           148644 kB
Inactive:         138800 kB
Active(anon):     104188 kB
Inactive(anon):    47692 kB
Active(file):      44456 kB
Inactive(file):    91108 kB
Unevictable:       99496 kB
Mlocked:           94212 kB
SwapTotal:        520908 kB
SwapFree:         355460 kB
Dirty:                 0 kB
Writeback:             0 kB
AnonPages:        150344 kB
Mapped:           152980 kB
Shmem:               712 kB
Slab:              78052 kB
SReclaimable:      24804 kB
SUnreclaim:        53248 kB
KernelStack:       15200 kB
PageTables:        14728 kB
NFS_Unstable:          0 kB
Bounce:                0 kB
WritebackTmp:          0 kB
CommitLimit:     1450072 kB
Committed_AS:   22364460 kB
VmallocTotal:   251658176 kB
VmallocUsed:       96504 kB
VmallocChunk:   251482716 kB


[2024-11-20 05:51:04]
MemTotal:        1858332 kB
MemFree:         1059732 kB
Buffers:             792 kB
Cached:           235152 kB
SwapCached:        17872 kB
Active:           181104 kB
Inactive:         139228 kB
Active(anon):     136648 kB
Inactive(anon):    47688 kB
Active(file):      44456 kB
Inactive(file):    91540 kB
Unevictable:       99496 kB
Mlocked:           94212 kB
SwapTotal:        520908 kB
SwapFree:         355460 kB
Dirty:                 0 kB
Writeback:             0 kB
AnonPages:        182752 kB
Mapped:           152864 kB
Shmem:               712 kB
Slab:              78052 kB
SReclaimable:      24804 kB
SUnreclaim:        53248 kB
KernelStack:       15184 kB
PageTables:        14788 kB
NFS_Unstable:          0 kB
Bounce:                0 kB
WritebackTmp:          0 kB
CommitLimit:     1450072 kB
Committed_AS:   22396756 kB
VmallocTotal:   251658176 kB
VmallocUsed:       96504 kB
VmallocChunk:   251482716 kB


[2024-11-20 05:51:06]
MemTotal:        1858332 kB
MemFree:          298832 kB
Buffers:             792 kB
Cached:           504300 kB
SwapCached:        17872 kB
Active:           881876 kB
Inactive:         197980 kB
Active(anon):     627096 kB
Inactive(anon):    47684 kB
Active(file):     254780 kB
Inactive(file):   150296 kB
Unevictable:       99496 kB
Mlocked:           94212 kB
SwapTotal:        520908 kB
SwapFree:         355496 kB
Dirty:                 0 kB
Writeback:             0 kB
AnonPages:        673340 kB
Mapped:           153172 kB
Shmem:               712 kB
Slab:              78052 kB
SReclaimable:      24804 kB
SUnreclaim:        53248 kB
KernelStack:       15168 kB
PageTables:        15748 kB
NFS_Unstable:          0 kB
Bounce:                0 kB
WritebackTmp:          0 kB
CommitLimit:     1450072 kB
Committed_AS:   23177856 kB
VmallocTotal:   251658176 kB
VmallocUsed:       96504 kB
VmallocChunk:   251482716 kB


[2024-11-20 05:51:09]
MemTotal:        1858332 kB
MemFree:           32524 kB
Buffers:             120 kB
Cached:           238908 kB
SwapCached:        17908 kB
Active:          1015788 kB
Inactive:         336292 kB
Active(anon):     948588 kB
Inactive(anon):   264716 kB
Active(file):      67200 kB
Inactive(file):    71576 kB
Unevictable:       99496 kB
Mlocked:           94212 kB
SwapTotal:        520908 kB
SwapFree:         353772 kB
Dirty:                 0 kB
Writeback:             0 kB
AnonPages:       1211700 kB
Mapped:           138556 kB
Shmem:               712 kB
Slab:              78180 kB
SReclaimable:      25060 kB
SUnreclaim:        53120 kB
KernelStack:       15168 kB
PageTables:        16312 kB
NFS_Unstable:          0 kB
Bounce:                0 kB
WritebackTmp:          0 kB
CommitLimit:     1450072 kB
Committed_AS:   22164196 kB
VmallocTotal:   251658176 kB
VmallocUsed:       95484 kB
VmallocChunk:   251482716 kB


[2024-11-20 05:51:11]
MemTotal:        1858332 kB
MemFree:           36316 kB
Buffers:             232 kB
Cached:           195972 kB
SwapCached:        18056 kB
Active:          1013276 kB
Inactive:         339848 kB
Active(anon):     967816 kB
Inactive(anon):   289148 kB
Active(file):      45460 kB
Inactive(file):    50700 kB
Unevictable:       99496 kB
Mlocked:           94212 kB
SwapTotal:        520908 kB
SwapFree:         353824 kB
Dirty:                44 kB
Writeback:             0 kB
AnonPages:       1255176 kB
Mapped:           137532 kB
Shmem:               708 kB
Slab:              78136 kB
SReclaimable:      24844 kB
SUnreclaim:        53292 kB
KernelStack:       14896 kB
PageTables:        15940 kB
NFS_Unstable:          0 kB
Bounce:                0 kB
WritebackTmp:          0 kB
CommitLimit:     1450072 kB
Committed_AS:   22178172 kB
VmallocTotal:   251658176 kB
VmallocUsed:       94264 kB
VmallocChunk:   251482716 kB


[2024-11-20 05:51:13]
MemTotal:        1858332 kB
MemFree:           33908 kB
Buffers:             332 kB
Cached:           201232 kB
SwapCached:        18052 kB
Active:           996908 kB
Inactive:         370392 kB
Active(anon):     949556 kB
Inactive(anon):   316576 kB
Active(file):      47352 kB
Inactive(file):    53816 kB
Unevictable:       99496 kB
Mlocked:           94212 kB
SwapTotal:        520908 kB
SwapFree:         353120 kB
Dirty:                60 kB
Writeback:             0 kB
AnonPages:       1264540 kB
Mapped:           144264 kB
Shmem:               708 kB
Slab:              78108 kB
SReclaimable:      24844 kB
SUnreclaim:        53264 kB
KernelStack:       15104 kB
PageTables:        16668 kB
NFS_Unstable:          0 kB
Bounce:                0 kB
WritebackTmp:          0 kB
CommitLimit:     1450072 kB
Committed_AS:   24099752 kB
VmallocTotal:   251658176 kB
VmallocUsed:       95284 kB
VmallocChunk:   251482716 kB


[2024-11-20 05:51:16]
MemTotal:        1858332 kB
MemFree:           29644 kB
Buffers:             512 kB
Cached:           192908 kB
SwapCached:        17824 kB
Active:           997164 kB
Inactive:         363772 kB
Active(anon):     951120 kB
Inactive(anon):   316672 kB
Active(file):      46044 kB
Inactive(file):    47100 kB
Unevictable:       99496 kB
Mlocked:           94212 kB
SwapTotal:        520908 kB
SwapFree:         351104 kB
Dirty:               144 kB
Writeback:             0 kB
AnonPages:       1266092 kB
Mapped:           147816 kB
Shmem:               708 kB
Slab:              78008 kB
SReclaimable:      24716 kB
SUnreclaim:        53292 kB
KernelStack:       15184 kB
PageTables:        16260 kB
NFS_Unstable:          0 kB
Bounce:                0 kB
WritebackTmp:          0 kB
CommitLimit:     1450072 kB
Committed_AS:   22180604 kB
VmallocTotal:   251658176 kB
VmallocUsed:       95484 kB
VmallocChunk:   251482716 kB


[2024-11-20 05:51:18]
MemTotal:        1858332 kB
MemFree:           52536 kB
Buffers:             496 kB
Cached:           186244 kB
SwapCached:        16356 kB
Active:           981192 kB
Inactive:         359380 kB
Active(anon):     937904 kB
Inactive(anon):   315980 kB
Active(file):      43288 kB
Inactive(file):    43400 kB
Unevictable:       99496 kB
Mlocked:           94212 kB
SwapTotal:        520908 kB
SwapFree:         350248 kB
Dirty:               104 kB
Writeback:             0 kB
AnonPages:       1252848 kB
Mapped:           137268 kB
Shmem:               708 kB
Slab:              77992 kB
SReclaimable:      24700 kB
SUnreclaim:        53292 kB
KernelStack:       14768 kB
PageTables:        15488 kB
NFS_Unstable:          0 kB
Bounce:                0 kB
WritebackTmp:          0 kB
CommitLimit:     1450072 kB
Committed_AS:   20258228 kB
VmallocTotal:   251658176 kB
VmallocUsed:       93244 kB
VmallocChunk:   251482716 kB


[2024-11-20 05:51:20]
MemTotal:        1858332 kB
MemFree:           49684 kB
Buffers:             500 kB
Cached:           186468 kB
SwapCached:        16620 kB
Active:           982552 kB
Inactive:         359856 kB
Active(anon):     939264 kB
Inactive(anon):   316060 kB
Active(file):      43288 kB
Inactive(file):    43796 kB
Unevictable:       99496 kB
Mlocked:           94212 kB
SwapTotal:        520908 kB
SwapFree:         350420 kB
Dirty:               104 kB
Writeback:             0 kB
AnonPages:       1254704 kB
Mapped:           138252 kB
Shmem:               708 kB
Slab:              77992 kB
SReclaimable:      24700 kB
SUnreclaim:        53292 kB
KernelStack:       14736 kB
PageTables:        16020 kB
NFS_Unstable:          0 kB
Bounce:                0 kB
WritebackTmp:          0 kB
CommitLimit:     1450072 kB
Committed_AS:   22178072 kB
VmallocTotal:   251658176 kB
VmallocUsed:       94264 kB
VmallocChunk:   251482716 kB


[2024-11-20 05:51:23]
MemTotal:        1858332 kB
MemFree:           40672 kB
Buffers:             596 kB
Cached:           192040 kB
SwapCached:        17276 kB
Active:           995864 kB
Inactive:         358672 kB
Active(anon):     944844 kB
Inactive(anon):   317040 kB
Active(file):      51020 kB
Inactive(file):    41632 kB
Unevictable:       99496 kB
Mlocked:           94212 kB
SwapTotal:        520908 kB
SwapFree:         350908 kB
Dirty:                52 kB
Writeback:             0 kB
AnonPages:       1259964 kB
Mapped:           144156 kB
Shmem:               708 kB
Slab:              77992 kB
SReclaimable:      24700 kB
SUnreclaim:        53292 kB
KernelStack:       15120 kB
PageTables:        16152 kB
NFS_Unstable:          0 kB
Bounce:                0 kB
WritebackTmp:          0 kB
CommitLimit:     1450072 kB
Committed_AS:   22179476 kB
VmallocTotal:   251658176 kB
VmallocUsed:       94264 kB
VmallocChunk:   251482716 kB


[2024-11-20 05:51:25]
MemTotal:        1858332 kB
MemFree:           39100 kB
Buffers:             604 kB
Cached:           195536 kB
SwapCached:        17344 kB
Active:           996296 kB
Inactive:         360344 kB
Active(anon):     944312 kB
Inactive(anon):   316172 kB
Active(file):      51984 kB
Inactive(file):    44172 kB
Unevictable:       99496 kB
Mlocked:           94212 kB
SwapTotal:        520908 kB
SwapFree:         350916 kB
Dirty:               136 kB
Writeback:             0 kB
AnonPages:       1258656 kB
Mapped:           144296 kB
Shmem:               708 kB
Slab:              77992 kB
SReclaimable:      24700 kB
SUnreclaim:        53292 kB
KernelStack:       14976 kB
PageTables:        16128 kB
NFS_Unstable:          0 kB
Bounce:                0 kB
WritebackTmp:          0 kB
CommitLimit:     1450072 kB
Committed_AS:   22179296 kB
VmallocTotal:   251658176 kB
VmallocUsed:       94264 kB
VmallocChunk:   251482716 kB


[2024-11-20 05:51:27]
MemTotal:        1858332 kB
MemFree:           33904 kB
Buffers:             604 kB
Cached:           200176 kB
SwapCached:        17344 kB
Active:           996700 kB
Inactive:         364756 kB
Active(anon):     944688 kB
Inactive(anon):   316080 kB
Active(file):      52012 kB
Inactive(file):    48676 kB
Unevictable:       99496 kB
Mlocked:           94212 kB
SwapTotal:        520908 kB
SwapFree:         350916 kB
Dirty:                 0 kB
Writeback:             0 kB
AnonPages:       1259132 kB
Mapped:           144392 kB
Shmem:               708 kB
Slab:              77992 kB
SReclaimable:      24700 kB
SUnreclaim:        53292 kB
KernelStack:       15008 kB
PageTables:        16152 kB
NFS_Unstable:          0 kB
Bounce:                0 kB
WritebackTmp:          0 kB
CommitLimit:     1450072 kB
Committed_AS:   22179260 kB
VmallocTotal:   251658176 kB
VmallocUsed:       94264 kB
VmallocChunk:   251482716 kB


[2024-11-20 05:51:30]
MemTotal:        1858332 kB
MemFree:           41260 kB
Buffers:             588 kB
Cached:           204484 kB
SwapCached:        17340 kB
Active:           992004 kB
Inactive:         367288 kB
Active(anon):     939120 kB
Inactive(anon):   315048 kB
Active(file):      52884 kB
Inactive(file):    52240 kB
Unevictable:       99496 kB
Mlocked:           94212 kB
SwapTotal:        520908 kB
SwapFree:         350928 kB
Dirty:                 0 kB
Writeback:             0 kB
AnonPages:       1252244 kB
Mapped:           138064 kB
Shmem:               708 kB
Slab:              77964 kB
SReclaimable:      24676 kB
SUnreclaim:        53288 kB
KernelStack:       14736 kB
PageTables:        15456 kB
NFS_Unstable:          0 kB
Bounce:                0 kB
WritebackTmp:          0 kB
CommitLimit:     1450072 kB
Committed_AS:   20258176 kB
VmallocTotal:   251658176 kB
VmallocUsed:       93244 kB
VmallocChunk:   251482716 kB


[2024-11-20 05:51:32]
MemTotal:        1858332 kB
MemFree:           36384 kB
Buffers:             588 kB
Cached:           208360 kB
SwapCached:        17336 kB
Active:           992860 kB
Inactive:         371136 kB
Active(anon):     939976 kB
Inactive(anon):   315044 kB
Active(file):      52884 kB
Inactive(file):    56092 kB
Unevictable:       99496 kB
Mlocked:           94212 kB
SwapTotal:        520908 kB
SwapFree:         350932 kB
Dirty:                20 kB
Writeback:             0 kB
AnonPages:       1253076 kB
Mapped:           138704 kB
Shmem:               708 kB
Slab:              77964 kB
SReclaimable:      24676 kB
SUnreclaim:        53288 kB
KernelStack:       14768 kB
PageTables:        15484 kB
NFS_Unstable:          0 kB
Bounce:                0 kB
WritebackTmp:          0 kB
CommitLimit:     1450072 kB
Committed_AS:   20258152 kB
VmallocTotal:   251658176 kB
VmallocUsed:       93244 kB
VmallocChunk:   251482716 kB


[2024-11-20 05:51:35]
MemTotal:        1858332 kB
MemFree:           38156 kB
Buffers:             588 kB
Cached:           208160 kB
SwapCached:        17296 kB
Active:           993900 kB
Inactive:         369792 kB
Active(anon):     941016 kB
Inactive(anon):   313876 kB
Active(file):      52884 kB
Inactive(file):    55916 kB
Unevictable:       99496 kB
Mlocked:           94212 kB
SwapTotal:        520908 kB
SwapFree:         350844 kB
Dirty:                 0 kB
Writeback:             0 kB
AnonPages:       1253028 kB
Mapped:           138616 kB
Shmem:               708 kB
Slab:              77932 kB
SReclaimable:      24676 kB
SUnreclaim:        53256 kB
KernelStack:       14768 kB
PageTables:        15484 kB
NFS_Unstable:          0 kB
Bounce:                0 kB
WritebackTmp:          0 kB
CommitLimit:     1450072 kB
Committed_AS:   20258180 kB
VmallocTotal:   251658176 kB
VmallocUsed:       93244 kB
VmallocChunk:   251482716 kB


[2024-11-20 05:51:37]
MemTotal:        1858332 kB
MemFree:           37744 kB
Buffers:             528 kB
Cached:           209144 kB
SwapCached:        17288 kB
Active:           994292 kB
Inactive:         370584 kB
Active(anon):     941408 kB
Inactive(anon):   313752 kB
Active(file):      52884 kB
Inactive(file):    56832 kB
Unevictable:       99496 kB
Mlocked:           94212 kB
SwapTotal:        520908 kB
SwapFree:         350808 kB
Dirty:                 0 kB
Writeback:             0 kB
AnonPages:       1253388 kB
Mapped:           138868 kB
Shmem:               708 kB
Slab:              77932 kB
SReclaimable:      24676 kB
SUnreclaim:        53256 kB
KernelStack:       14736 kB
PageTables:        15456 kB
NFS_Unstable:          0 kB
Bounce:                0 kB
WritebackTmp:          0 kB
CommitLimit:     1450072 kB
Committed_AS:   20258108 kB
VmallocTotal:   251658176 kB
VmallocUsed:       93244 kB
VmallocChunk:   251482716 kB


[2024-11-20 05:51:40]
MemTotal:        1858332 kB
MemFree:           36208 kB
Buffers:             540 kB
Cached:           208360 kB
SwapCached:        17052 kB
Active:           997096 kB
Inactive:         370220 kB
Active(anon):     944032 kB
Inactive(anon):   314352 kB
Active(file):      53064 kB
Inactive(file):    55868 kB
Unevictable:       99496 kB
Mlocked:           94212 kB
SwapTotal:        520908 kB
SwapFree:         350640 kB
Dirty:                28 kB
Writeback:             0 kB
AnonPages:       1256828 kB
Mapped:           143124 kB
Shmem:               708 kB
Slab:              77932 kB
SReclaimable:      24676 kB
SUnreclaim:        53256 kB
KernelStack:       14944 kB
PageTables:        16116 kB
NFS_Unstable:          0 kB
Bounce:                0 kB
WritebackTmp:          0 kB
CommitLimit:     1450072 kB
Committed_AS:   22179696 kB
VmallocTotal:   251658176 kB
VmallocUsed:       94264 kB
VmallocChunk:   251482716 kB


[2024-11-20 05:51:43]
MemTotal:        1858332 kB
MemFree:           34664 kB
Buffers:             544 kB
Cached:           202428 kB
SwapCached:        15920 kB
Active:          1000872 kB
Inactive:         367608 kB
Active(anon):     949136 kB
Inactive(anon):   316488 kB
Active(file):      51736 kB
Inactive(file):    51120 kB
Unevictable:       99496 kB
Mlocked:           94212 kB
SwapTotal:        520908 kB
SwapFree:         349176 kB
Dirty:                60 kB
Writeback:             0 kB
AnonPages:       1263744 kB
Mapped:           148656 kB
Shmem:               708 kB
Slab:              77932 kB
SReclaimable:      24676 kB
SUnreclaim:        53256 kB
KernelStack:       15168 kB
PageTables:        16724 kB
NFS_Unstable:          0 kB
Bounce:                0 kB
WritebackTmp:          0 kB
CommitLimit:     1450072 kB
Committed_AS:   24100516 kB
VmallocTotal:   251658176 kB
VmallocUsed:       95284 kB
VmallocChunk:   251482716 kB


[2024-11-20 05:51:45]
MemTotal:        1858332 kB
MemFree:           36040 kB
Buffers:             552 kB
Cached:           200084 kB
SwapCached:        15236 kB
Active:          1000468 kB
Inactive:         367640 kB
Active(anon):     950156 kB
Inactive(anon):   317112 kB
Active(file):      50312 kB
Inactive(file):    50528 kB
Unevictable:       99496 kB
Mlocked:           94212 kB
SwapTotal:        520908 kB
SwapFree:         348324 kB
Dirty:                60 kB
Writeback:             0 kB
AnonPages:       1265948 kB
Mapped:           150856 kB
Shmem:               564 kB
Slab:              77940 kB
SReclaimable:      24676 kB
SUnreclaim:        53264 kB
KernelStack:       15200 kB
PageTables:        16832 kB
NFS_Unstable:          0 kB
Bounce:                0 kB
WritebackTmp:          0 kB
CommitLimit:     1450072 kB
Committed_AS:   24101368 kB
VmallocTotal:   251658176 kB
VmallocUsed:       95284 kB
VmallocChunk:   251482716 kB


[2024-11-20 05:51:48]
MemTotal:        1858332 kB
MemFree:           47724 kB
Buffers:             452 kB
Cached:           191552 kB
SwapCached:        14416 kB
Active:           984596 kB
Inactive:         358764 kB
Active(anon):     936404 kB
Inactive(anon):   314748 kB
Active(file):      48192 kB
Inactive(file):    44016 kB
Unevictable:       99496 kB
Mlocked:           94212 kB
SwapTotal:        520908 kB
SwapFree:         345512 kB
Dirty:                60 kB
Writeback:             0 kB
AnonPages:       1247456 kB
Mapped:           140404 kB
Shmem:               556 kB
Slab:              77904 kB
SReclaimable:      24640 kB
SUnreclaim:        53264 kB
KernelStack:       14800 kB
PageTables:        16312 kB
NFS_Unstable:          0 kB
Bounce:                0 kB
WritebackTmp:          0 kB
CommitLimit:     1450072 kB
Committed_AS:   22180472 kB
VmallocTotal:   251658176 kB
VmallocUsed:       95484 kB
VmallocChunk:   251482716 kB


[2024-11-20 05:51:51]
MemTotal:        1858332 kB
MemFree:           51616 kB
Buffers:             464 kB
Cached:           191568 kB
SwapCached:        14416 kB
Active:           982212 kB
Inactive:         358756 kB
Active(anon):     934004 kB
Inactive(anon):   314724 kB
Active(file):      48208 kB
Inactive(file):    44032 kB
Unevictable:       99496 kB
Mlocked:           94212 kB
SwapTotal:        520908 kB
SwapFree:         345524 kB
Dirty:                 4 kB
Writeback:             0 kB
AnonPages:       1246936 kB
Mapped:           139124 kB
Shmem:               552 kB
Slab:              77904 kB
SReclaimable:      24640 kB
SUnreclaim:        53264 kB
KernelStack:       14736 kB
PageTables:        15468 kB
NFS_Unstable:          0 kB
Bounce:                0 kB
WritebackTmp:          0 kB
CommitLimit:     1450072 kB
Committed_AS:   20258000 kB
VmallocTotal:   251658176 kB
VmallocUsed:       93244 kB
VmallocChunk:   251482716 kB


[2024-11-20 05:51:53]
MemTotal:        1858332 kB
MemFree:           51752 kB
Buffers:             464 kB
Cached:           191576 kB
SwapCached:        14416 kB
Active:           982320 kB
Inactive:         358752 kB
Active(anon):     934112 kB
Inactive(anon):   314712 kB
Active(file):      48208 kB
Inactive(file):    44040 kB
Unevictable:       99496 kB
Mlocked:           94212 kB
SwapTotal:        520908 kB
SwapFree:         345532 kB
Dirty:                32 kB
Writeback:             0 kB
AnonPages:       1247384 kB
Mapped:           139172 kB
Shmem:               552 kB
Slab:              77904 kB
SReclaimable:      24640 kB
SUnreclaim:        53264 kB
KernelStack:       14736 kB
PageTables:        15480 kB
NFS_Unstable:          0 kB
Bounce:                0 kB
WritebackTmp:          0 kB
CommitLimit:     1450072 kB
Committed_AS:   20258044 kB
VmallocTotal:   251658176 kB
VmallocUsed:       93244 kB
VmallocChunk:   251482716 kB


[2024-11-20 05:51:55]
MemTotal:        1858332 kB
MemFree:           48828 kB
Buffers:             464 kB
Cached:           194076 kB
SwapCached:        14416 kB
Active:           982568 kB
Inactive:         361216 kB
Active(anon):     934360 kB
Inactive(anon):   314668 kB
Active(file):      48208 kB
Inactive(file):    46548 kB
Unevictable:       99496 kB
Mlocked:           94212 kB
SwapTotal:        520908 kB
SwapFree:         345540 kB
Dirty:                 0 kB
Writeback:             0 kB
AnonPages:       1247348 kB
Mapped:           139156 kB
Shmem:               552 kB
Slab:              77904 kB
SReclaimable:      24640 kB
SUnreclaim:        53264 kB
KernelStack:       14736 kB
PageTables:        15468 kB
NFS_Unstable:          0 kB
Bounce:                0 kB
WritebackTmp:          0 kB
CommitLimit:     1450072 kB
Committed_AS:   20258096 kB
VmallocTotal:   251658176 kB
VmallocUsed:       93244 kB
VmallocChunk:   251482716 kB


[2024-11-20 05:51:58]
MemTotal:        1858332 kB
MemFree:           48260 kB
Buffers:             464 kB
Cached:           194124 kB
SwapCached:        14416 kB
Active:           982944 kB
Inactive:         361248 kB
Active(anon):     934736 kB
Inactive(anon):   314660 kB
Active(file):      48208 kB
Inactive(file):    46588 kB
Unevictable:       99496 kB
Mlocked:           94212 kB
SwapTotal:        520908 kB
SwapFree:         345540 kB
Dirty:                 0 kB
Writeback:             0 kB
AnonPages:       1247668 kB
Mapped:           139388 kB
Shmem:               552 kB
Slab:              77848 kB
SReclaimable:      24640 kB
SUnreclaim:        53208 kB
KernelStack:       14720 kB
PageTables:        15468 kB
NFS_Unstable:          0 kB
Bounce:                0 kB
WritebackTmp:          0 kB
CommitLimit:     1450072 kB
Committed_AS:   20258120 kB
VmallocTotal:   251658176 kB
VmallocUsed:       93244 kB
VmallocChunk:   251482716 kB


[2024-11-20 05:52:00]
MemTotal:        1858332 kB
MemFree:           47564 kB
Buffers:             472 kB
Cached:           195400 kB
SwapCached:        14420 kB
Active:           982772 kB
Inactive:         362364 kB
Active(anon):     934564 kB
Inactive(anon):   314660 kB
Active(file):      48208 kB
Inactive(file):    47704 kB
Unevictable:       99496 kB
Mlocked:           94212 kB
SwapTotal:        520908 kB
SwapFree:         345540 kB
Dirty:                 0 kB
Writeback:             0 kB
AnonPages:       1247588 kB
Mapped:           139468 kB
Shmem:               552 kB
Slab:              77848 kB
SReclaimable:      24640 kB
SUnreclaim:        53208 kB
KernelStack:       14768 kB
PageTables:        15492 kB
NFS_Unstable:          0 kB
Bounce:                0 kB
WritebackTmp:          0 kB
CommitLimit:     1450072 kB
Committed_AS:   20258116 kB
VmallocTotal:   251658176 kB
VmallocUsed:       93244 kB
VmallocChunk:   251482716 kB


[2024-11-20 05:52:03]
MemTotal:        1858332 kB
MemFree:           47256 kB
Buffers:             472 kB
Cached:           195996 kB
SwapCached:        14416 kB
Active:           983136 kB
Inactive:         362560 kB
Active(anon):     934928 kB
Inactive(anon):   314124 kB
Active(file):      48208 kB
Inactive(file):    48436 kB
Unevictable:       99496 kB
Mlocked:           94212 kB
SwapTotal:        520908 kB
SwapFree:         345556 kB
Dirty:                12 kB
Writeback:             0 kB
AnonPages:       1247176 kB
Mapped:           139204 kB
Shmem:               552 kB
Slab:              77848 kB
SReclaimable:      24640 kB
SUnreclaim:        53208 kB
KernelStack:       14736 kB
PageTables:        15468 kB
NFS_Unstable:          0 kB
Bounce:                0 kB
WritebackTmp:          0 kB
CommitLimit:     1450072 kB
Committed_AS:   20258108 kB
VmallocTotal:   251658176 kB
VmallocUsed:       93244 kB
VmallocChunk:   251482716 kB


[2024-11-20 05:52:05]
MemTotal:        1858332 kB
MemFree:           46584 kB
Buffers:             472 kB
Cached:           196068 kB
SwapCached:        14416 kB
Active:           983460 kB
Inactive:         362648 kB
Active(anon):     935252 kB
Inactive(anon):   314124 kB
Active(file):      48208 kB
Inactive(file):    48524 kB
Unevictable:       99496 kB
Mlocked:           94212 kB
SwapTotal:        520908 kB
SwapFree:         345556 kB
Dirty:                 0 kB
Writeback:             8 kB
AnonPages:       1247568 kB
Mapped:           139484 kB
Shmem:               552 kB
Slab:              77848 kB
SReclaimable:      24640 kB
SUnreclaim:        53208 kB
KernelStack:       14768 kB
PageTables:        15496 kB
NFS_Unstable:          0 kB
Bounce:                0 kB
WritebackTmp:          0 kB
CommitLimit:     1450072 kB
Committed_AS:   20258088 kB
VmallocTotal:   251658176 kB
VmallocUsed:       93244 kB
VmallocChunk:   251482716 kB


[2024-11-20 05:52:08]
MemTotal:        1858332 kB
MemFree:           46408 kB
Buffers:             472 kB
Cached:           196068 kB
SwapCached:        14416 kB
Active:           983724 kB
Inactive:         362668 kB
Active(anon):     935516 kB
Inactive(anon):   314128 kB
Active(file):      48208 kB
Inactive(file):    48540 kB
Unevictable:       99496 kB
Mlocked:           94212 kB
SwapTotal:        520908 kB
SwapFree:         345572 kB
Dirty:                 0 kB
Writeback:             0 kB
AnonPages:       1247908 kB
Mapped:           139396 kB
Shmem:               552 kB
Slab:              77848 kB
SReclaimable:      24640 kB
SUnreclaim:        53208 kB
KernelStack:       14736 kB
PageTables:        15468 kB
NFS_Unstable:          0 kB
Bounce:                0 kB
WritebackTmp:          0 kB
CommitLimit:     1450072 kB
Committed_AS:   20258132 kB
VmallocTotal:   251658176 kB
VmallocUsed:       93244 kB
VmallocChunk:   251482716 kB


[2024-11-20 05:52:10]
MemTotal:        1858332 kB
MemFree:           46208 kB
Buffers:             472 kB
Cached:           196068 kB
SwapCached:        14416 kB
Active:           983956 kB
Inactive:         362648 kB
Active(anon):     935748 kB
Inactive(anon):   314108 kB
Active(file):      48208 kB
Inactive(file):    48540 kB
Unevictable:       99496 kB
Mlocked:           94212 kB
SwapTotal:        520908 kB
SwapFree:         345572 kB
Dirty:                 0 kB
Writeback:             0 kB
AnonPages:       1248132 kB
Mapped:           139660 kB
Shmem:               552 kB
Slab:              77848 kB
SReclaimable:      24640 kB
SUnreclaim:        53208 kB
KernelStack:       14768 kB
PageTables:        15488 kB
NFS_Unstable:          0 kB
Bounce:                0 kB
WritebackTmp:          0 kB
CommitLimit:     1450072 kB
Committed_AS:   20258052 kB
VmallocTotal:   251658176 kB
VmallocUsed:       93244 kB
VmallocChunk:   251482716 kB


[2024-11-20 05:52:13]
MemTotal:        1858332 kB
MemFree:           46424 kB
Buffers:             472 kB
Cached:           196068 kB
SwapCached:        14416 kB
Active:           984016 kB
Inactive:         362648 kB
Active(anon):     935808 kB
Inactive(anon):   314108 kB
Active(file):      48208 kB
Inactive(file):    48540 kB
Unevictable:       99496 kB
Mlocked:           94212 kB
SwapTotal:        520908 kB
SwapFree:         345612 kB
Dirty:                 0 kB
Writeback:             0 kB
AnonPages:       1248296 kB
Mapped:           139580 kB
Shmem:               552 kB
Slab:              77848 kB
SReclaimable:      24640 kB
SUnreclaim:        53208 kB
KernelStack:       14736 kB
PageTables:        15468 kB
NFS_Unstable:          0 kB
Bounce:                0 kB
WritebackTmp:          0 kB
CommitLimit:     1450072 kB
Committed_AS:   20258084 kB
VmallocTotal:   251658176 kB
VmallocUsed:       93244 kB
VmallocChunk:   251482716 kB


[2024-11-20 05:52:15]
MemTotal:        1858332 kB
MemFree:           46104 kB
Buffers:             472 kB
Cached:           196068 kB
SwapCached:        14416 kB
Active:           984256 kB
Inactive:         362648 kB
Active(anon):     936048 kB
Inactive(anon):   314108 kB
Active(file):      48208 kB
Inactive(file):    48540 kB
Unevictable:       99496 kB
Mlocked:           94212 kB
SwapTotal:        520908 kB
SwapFree:         345612 kB
Dirty:                 0 kB
Writeback:             0 kB
AnonPages:       1248452 kB
Mapped:           139448 kB
Shmem:               552 kB
Slab:              77848 kB
SReclaimable:      24640 kB
SUnreclaim:        53208 kB
KernelStack:       14768 kB
PageTables:        15496 kB
NFS_Unstable:          0 kB
Bounce:                0 kB
WritebackTmp:          0 kB
CommitLimit:     1450072 kB
Committed_AS:   20258124 kB
VmallocTotal:   251658176 kB
VmallocUsed:       93244 kB
VmallocChunk:   251482716 kB


[2024-11-20 05:52:18]
MemTotal:        1858332 kB
MemFree:           46292 kB
Buffers:             472 kB
Cached:           196068 kB
SwapCached:        14416 kB
Active:           984080 kB
Inactive:         362648 kB
Active(anon):     935872 kB
Inactive(anon):   314108 kB
Active(file):      48208 kB
Inactive(file):    48540 kB
Unevictable:       99496 kB
Mlocked:           94212 kB
SwapTotal:        520908 kB
SwapFree:         345612 kB
Dirty:                 0 kB
Writeback:             0 kB
AnonPages:       1248224 kB
Mapped:           139396 kB
Shmem:               552 kB
Slab:              77848 kB
SReclaimable:      24640 kB
SUnreclaim:        53208 kB
KernelStack:       14736 kB
PageTables:        15468 kB
NFS_Unstable:          0 kB
Bounce:                0 kB
WritebackTmp:          0 kB
CommitLimit:     1450072 kB
Committed_AS:   20258164 kB
VmallocTotal:   251658176 kB
VmallocUsed:       93244 kB
VmallocChunk:   251482716 kB


[2024-11-20 05:52:20]
MemTotal:        1858332 kB
MemFree:           46196 kB
Buffers:             472 kB
Cached:           196068 kB
SwapCached:        14416 kB
Active:           984364 kB
Inactive:         362648 kB
Active(anon):     936156 kB
Inactive(anon):   314108 kB
Active(file):      48208 kB
Inactive(file):    48540 kB
Unevictable:       99496 kB
Mlocked:           94212 kB
SwapTotal:        520908 kB
SwapFree:         345612 kB
Dirty:                 0 kB
Writeback:             0 kB
AnonPages:       1248576 kB
Mapped:           139332 kB
Shmem:               552 kB
Slab:              77848 kB
SReclaimable:      24640 kB
SUnreclaim:        53208 kB
KernelStack:       14752 kB
PageTables:        15500 kB
NFS_Unstable:          0 kB
Bounce:                0 kB
WritebackTmp:          0 kB
CommitLimit:     1450072 kB
Committed_AS:   20258060 kB
VmallocTotal:   251658176 kB
VmallocUsed:       93244 kB
VmallocChunk:   251482716 kB


[2024-11-20 05:52:23]
MemTotal:        1858332 kB
MemFree:           45952 kB
Buffers:             472 kB
Cached:           196068 kB
SwapCached:        14416 kB
Active:           984868 kB
Inactive:         362648 kB
Active(anon):     936660 kB
Inactive(anon):   314108 kB
Active(file):      48208 kB
Inactive(file):    48540 kB
Unevictable:       99496 kB
Mlocked:           94212 kB
SwapTotal:        520908 kB
SwapFree:         345612 kB
Dirty:                 0 kB
Writeback:             0 kB
AnonPages:       1248928 kB
Mapped:           139456 kB
Shmem:               552 kB
Slab:              77848 kB
SReclaimable:      24640 kB
SUnreclaim:        53208 kB
KernelStack:       14736 kB
PageTables:        15500 kB
NFS_Unstable:          0 kB
Bounce:                0 kB
WritebackTmp:          0 kB
CommitLimit:     1450072 kB
Committed_AS:   20258044 kB
VmallocTotal:   251658176 kB
VmallocUsed:       93244 kB
VmallocChunk:   251482716 kB


[2024-11-20 05:52:26]
MemTotal:        1858332 kB
MemFree:           45684 kB
Buffers:             472 kB
Cached:           196068 kB
SwapCached:        14416 kB
Active:           984812 kB
Inactive:         362648 kB
Active(anon):     936604 kB
Inactive(anon):   314108 kB
Active(file):      48208 kB
Inactive(file):    48540 kB
Unevictable:       99496 kB
Mlocked:           94212 kB
SwapTotal:        520908 kB
SwapFree:         345612 kB
Dirty:                 0 kB
Writeback:             0 kB
AnonPages:       1248984 kB
Mapped:           139400 kB
Shmem:               552 kB
Slab:              77848 kB
SReclaimable:      24640 kB
SUnreclaim:        53208 kB
KernelStack:       14704 kB
PageTables:        15468 kB
NFS_Unstable:          0 kB
Bounce:                0 kB
WritebackTmp:          0 kB
CommitLimit:     1450072 kB
Committed_AS:   20258184 kB
VmallocTotal:   251658176 kB
VmallocUsed:       93244 kB
VmallocChunk:   251482716 kB


[2024-11-20 05:52:28]
MemTotal:        1858332 kB
MemFree:           45472 kB
Buffers:             472 kB
Cached:           196068 kB
SwapCached:        14416 kB
Active:           985112 kB
Inactive:         362648 kB
Active(anon):     936904 kB
Inactive(anon):   314108 kB
Active(file):      48208 kB
Inactive(file):    48540 kB
Unevictable:       99496 kB
Mlocked:           94212 kB
SwapTotal:        520908 kB
SwapFree:         345612 kB
Dirty:                 0 kB
Writeback:             0 kB
AnonPages:       1249276 kB
Mapped:           139524 kB
Shmem:               552 kB
Slab:              77848 kB
SReclaimable:      24640 kB
SUnreclaim:        53208 kB
KernelStack:       14736 kB
PageTables:        15504 kB
NFS_Unstable:          0 kB
Bounce:                0 kB
WritebackTmp:          0 kB
CommitLimit:     1450072 kB
Committed_AS:   20258020 kB
VmallocTotal:   251658176 kB
VmallocUsed:       93244 kB
VmallocChunk:   251482716 kB


[2024-11-20 05:52:31]
MemTotal:        1858332 kB
MemFree:           45816 kB
Buffers:             472 kB
Cached:           196068 kB
SwapCached:        14416 kB
Active:           985008 kB
Inactive:         362648 kB
Active(anon):     936800 kB
Inactive(anon):   314108 kB
Active(file):      48208 kB
Inactive(file):    48540 kB
Unevictable:       99496 kB
Mlocked:           94212 kB
SwapTotal:        520908 kB
SwapFree:         345612 kB
Dirty:                 0 kB
Writeback:             0 kB
AnonPages:       1249092 kB
Mapped:           139400 kB
Shmem:               552 kB
Slab:              77848 kB
SReclaimable:      24640 kB
SUnreclaim:        53208 kB
KernelStack:       14704 kB
PageTables:        15468 kB
NFS_Unstable:          0 kB
Bounce:                0 kB
WritebackTmp:          0 kB
CommitLimit:     1450072 kB
Committed_AS:   20258048 kB
VmallocTotal:   251658176 kB
VmallocUsed:       93244 kB
VmallocChunk:   251482716 kB


[2024-11-20 05:52:33]
MemTotal:        1858332 kB
MemFree:           45060 kB
Buffers:             472 kB
Cached:           196164 kB
SwapCached:        14416 kB
Active:           985432 kB
Inactive:         362744 kB
Active(anon):     937224 kB
Inactive(anon):   314108 kB
Active(file):      48208 kB
Inactive(file):    48636 kB
Unevictable:       99496 kB
Mlocked:           94212 kB
SwapTotal:        520908 kB
SwapFree:         345612 kB
Dirty:                 0 kB
Writeback:             0 kB
AnonPages:       1249712 kB
Mapped:           139524 kB
Shmem:               552 kB
Slab:              77848 kB
SReclaimable:      24640 kB
SUnreclaim:        53208 kB
KernelStack:       14736 kB
PageTables:        15492 kB
NFS_Unstable:          0 kB
Bounce:                0 kB
WritebackTmp:          0 kB
CommitLimit:     1450072 kB
Committed_AS:   20258072 kB
VmallocTotal:   251658176 kB
VmallocUsed:       93244 kB
VmallocChunk:   251482716 kB


[2024-11-20 05:52:36]
MemTotal:        1858332 kB
MemFree:           45220 kB
Buffers:             472 kB
Cached:           196164 kB
SwapCached:        14416 kB
Active:           985400 kB
Inactive:         362744 kB
Active(anon):     937192 kB
Inactive(anon):   314108 kB
Active(file):      48208 kB
Inactive(file):    48636 kB
Unevictable:       99496 kB
Mlocked:           94212 kB
SwapTotal:        520908 kB
SwapFree:         345612 kB
Dirty:                 0 kB
Writeback:             0 kB
AnonPages:       1249368 kB
Mapped:           139220 kB
Shmem:               552 kB
Slab:              77848 kB
SReclaimable:      24640 kB
SUnreclaim:        53208 kB
KernelStack:       14704 kB
PageTables:        15468 kB
NFS_Unstable:          0 kB
Bounce:                0 kB
WritebackTmp:          0 kB
CommitLimit:     1450072 kB
Committed_AS:   20258176 kB
VmallocTotal:   251658176 kB
VmallocUsed:       93244 kB
VmallocChunk:   251482716 kB


[2024-11-20 05:52:38]
MemTotal:        1858332 kB
MemFree:           44072 kB
Buffers:             472 kB
Cached:           196164 kB
SwapCached:        14412 kB
Active:           986128 kB
Inactive:         362744 kB
Active(anon):     937920 kB
Inactive(anon):   314108 kB
Active(file):      48208 kB
Inactive(file):    48636 kB
Unevictable:       99496 kB
Mlocked:           94212 kB
SwapTotal:        520908 kB
SwapFree:         345616 kB
Dirty:                 0 kB
Writeback:             0 kB
AnonPages:       1250392 kB
Mapped:           139524 kB
Shmem:               552 kB
Slab:              77848 kB
SReclaimable:      24640 kB
SUnreclaim:        53208 kB
KernelStack:       14736 kB
PageTables:        15492 kB
NFS_Unstable:          0 kB
Bounce:                0 kB
WritebackTmp:          0 kB
CommitLimit:     1450072 kB
Committed_AS:   20258136 kB
VmallocTotal:   251658176 kB
VmallocUsed:       93244 kB
VmallocChunk:   251482716 kB


[2024-11-20 05:52:41]
MemTotal:        1858332 kB
MemFree:           51756 kB
Buffers:             472 kB
Cached:           196164 kB
SwapCached:        14412 kB
Active:           978232 kB
Inactive:         362480 kB
Active(anon):     930008 kB
Inactive(anon):   313860 kB
Active(file):      48224 kB
Inactive(file):    48620 kB
Unevictable:       99496 kB
Mlocked:           94212 kB
SwapTotal:        520908 kB
SwapFree:         345640 kB
Dirty:                 0 kB
Writeback:             0 kB
AnonPages:       1242136 kB
Mapped:           138668 kB
Shmem:               552 kB
Slab:              77848 kB
SReclaimable:      24640 kB
SUnreclaim:        53208 kB
KernelStack:       14704 kB
PageTables:        15468 kB
NFS_Unstable:          0 kB
Bounce:                0 kB
WritebackTmp:          0 kB
CommitLimit:     1450072 kB
Committed_AS:   20258188 kB
VmallocTotal:   251658176 kB
VmallocUsed:       93244 kB
VmallocChunk:   251482716 kB


[2024-11-20 05:52:43]
MemTotal:        1858332 kB
MemFree:           52140 kB
Buffers:             472 kB
Cached:           196164 kB
SwapCached:        14412 kB
Active:           978216 kB
Inactive:         362476 kB
Active(anon):     929992 kB
Inactive(anon):   313856 kB
Active(file):      48224 kB
Inactive(file):    48620 kB
Unevictable:       99496 kB
Mlocked:           94212 kB
SwapTotal:        520908 kB
SwapFree:         345640 kB
Dirty:                 0 kB
Writeback:             0 kB
AnonPages:       1242084 kB
Mapped:           138712 kB
Shmem:               552 kB
Slab:              77848 kB
SReclaimable:      24640 kB
SUnreclaim:        53208 kB
KernelStack:       14736 kB
PageTables:        15480 kB
NFS_Unstable:          0 kB
Bounce:                0 kB
WritebackTmp:          0 kB
CommitLimit:     1450072 kB
Committed_AS:   20258004 kB
VmallocTotal:   251658176 kB
VmallocUsed:       93244 kB
VmallocChunk:   251482716 kB


[2024-11-20 05:52:46]
MemTotal:        1858332 kB
MemFree:           51512 kB
Buffers:             472 kB
Cached:           196348 kB
SwapCached:        14412 kB
Active:           978652 kB
Inactive:         362600 kB
Active(anon):     930428 kB
Inactive(anon):   313856 kB
Active(file):      48224 kB
Inactive(file):    48744 kB
Unevictable:       99496 kB
Mlocked:           94212 kB
SwapTotal:        520908 kB
SwapFree:         345640 kB
Dirty:                 0 kB
Writeback:             0 kB
AnonPages:       1242472 kB
Mapped:           138652 kB
Shmem:               552 kB
Slab:              77848 kB
SReclaimable:      24640 kB
SUnreclaim:        53208 kB
KernelStack:       14704 kB
PageTables:        15456 kB
NFS_Unstable:          0 kB
Bounce:                0 kB
WritebackTmp:          0 kB
CommitLimit:     1450072 kB
Committed_AS:   20258148 kB
VmallocTotal:   251658176 kB
VmallocUsed:       93244 kB
VmallocChunk:   251482716 kB


[2024-11-20 05:52:48]
MemTotal:        1858332 kB
MemFree:           51692 kB
Buffers:             472 kB
Cached:           196312 kB
SwapCached:        14412 kB
Active:           978648 kB
Inactive:         362624 kB
Active(anon):     930424 kB
Inactive(anon):   313856 kB
Active(file):      48224 kB
Inactive(file):    48768 kB
Unevictable:       99496 kB
Mlocked:           94212 kB
SwapTotal:        520908 kB
SwapFree:         345640 kB
Dirty:                 0 kB
Writeback:             0 kB
AnonPages:       1242584 kB
Mapped:           138664 kB
Shmem:               552 kB
Slab:              77848 kB
SReclaimable:      24640 kB
SUnreclaim:        53208 kB
KernelStack:       14704 kB
PageTables:        15456 kB
NFS_Unstable:          0 kB
Bounce:                0 kB
WritebackTmp:          0 kB
CommitLimit:     1450072 kB
Committed_AS:   20258100 kB
VmallocTotal:   251658176 kB
VmallocUsed:       93244 kB
VmallocChunk:   251482716 kB


[2024-11-20 05:52:51]
MemTotal:        1858332 kB
MemFree:           51532 kB
Buffers:             472 kB
Cached:           196312 kB
SwapCached:        14412 kB
Active:           978604 kB
Inactive:         362624 kB
Active(anon):     930380 kB
Inactive(anon):   313856 kB
Active(file):      48224 kB
Inactive(file):    48768 kB
Unevictable:       99496 kB
Mlocked:           94212 kB
SwapTotal:        520908 kB
SwapFree:         345644 kB
Dirty:                 0 kB
Writeback:             0 kB
AnonPages:       1242528 kB
Mapped:           138664 kB
Shmem:               552 kB
Slab:              77848 kB
SReclaimable:      24640 kB
SUnreclaim:        53208 kB
KernelStack:       14704 kB
PageTables:        15456 kB
NFS_Unstable:          0 kB
Bounce:                0 kB
WritebackTmp:          0 kB
CommitLimit:     1450072 kB
Committed_AS:   20258092 kB
VmallocTotal:   251658176 kB
VmallocUsed:       93244 kB
VmallocChunk:   251482716 kB


[2024-11-20 05:52:53]
MemTotal:        1858332 kB
MemFree:           49812 kB
Buffers:             472 kB
Cached:           196312 kB
SwapCached:        14412 kB
Active:           979744 kB
Inactive:         362624 kB
Active(anon):     931520 kB
Inactive(anon):   313856 kB
Active(file):      48224 kB
Inactive(file):    48768 kB
Unevictable:       99496 kB
Mlocked:           94212 kB
SwapTotal:        520908 kB
SwapFree:         345656 kB
Dirty:                 0 kB
Writeback:             0 kB
AnonPages:       1243672 kB
Mapped:           138928 kB
Shmem:               552 kB
Slab:              77848 kB
SReclaimable:      24640 kB
SUnreclaim:        53208 kB
KernelStack:       14736 kB
PageTables:        15848 kB
NFS_Unstable:          0 kB
Bounce:                0 kB
WritebackTmp:          0 kB
CommitLimit:     1450072 kB
Committed_AS:   22177888 kB
VmallocTotal:   251658176 kB
VmallocUsed:       93244 kB
VmallocChunk:   251482716 kB


[2024-11-20 05:52:56]
MemTotal:        1858332 kB
MemFree:           43228 kB
Buffers:             480 kB
Cached:           196560 kB
SwapCached:        14412 kB
Active:           985780 kB
Inactive:         362892 kB
Active(anon):     937508 kB
Inactive(anon):   313916 kB
Active(file):      48272 kB
Inactive(file):    48976 kB
Unevictable:       99496 kB
Mlocked:           94212 kB
SwapTotal:        520908 kB
SwapFree:         345812 kB
Dirty:                28 kB
Writeback:             0 kB
AnonPages:       1249800 kB
Mapped:           143744 kB
Shmem:               552 kB
Slab:              77848 kB
SReclaimable:      24640 kB
SUnreclaim:        53208 kB
KernelStack:       14992 kB
PageTables:        16564 kB
NFS_Unstable:          0 kB
Bounce:                0 kB
WritebackTmp:          0 kB
CommitLimit:     1450072 kB
Committed_AS:   24099372 kB
VmallocTotal:   251658176 kB
VmallocUsed:       95284 kB
VmallocChunk:   251482716 kB


[2024-11-20 05:52:59]
MemTotal:        1858332 kB
MemFree:           34232 kB
Buffers:             496 kB
Cached:           195456 kB
SwapCached:        14412 kB
Active:           993768 kB
Inactive:         363388 kB
Active(anon):     945716 kB
Inactive(anon):   315360 kB
Active(file):      48052 kB
Inactive(file):    48028 kB
Unevictable:       99496 kB
Mlocked:           94212 kB
SwapTotal:        520908 kB
SwapFree:         344860 kB
Dirty:                60 kB
Writeback:             0 kB
AnonPages:       1259760 kB
Mapped:           148924 kB
Shmem:               560 kB
Slab:              77848 kB
SReclaimable:      24640 kB
SUnreclaim:        53208 kB
KernelStack:       15152 kB
PageTables:        16760 kB
NFS_Unstable:          0 kB
Bounce:                0 kB
WritebackTmp:          0 kB
CommitLimit:     1450072 kB
Committed_AS:   24100740 kB
VmallocTotal:   251658176 kB
VmallocUsed:       95284 kB
VmallocChunk:   251482716 kB


[2024-11-20 05:53:01]
MemTotal:        1858332 kB
MemFree:           35576 kB
Buffers:             600 kB
Cached:           195216 kB
SwapCached:        14420 kB
Active:           990428 kB
Inactive:         362692 kB
Active(anon):     941772 kB
Inactive(anon):   315588 kB
Active(file):      48656 kB
Inactive(file):    47104 kB
Unevictable:       99496 kB
Mlocked:           94212 kB
SwapTotal:        520908 kB
SwapFree:         344112 kB
Dirty:                68 kB
Writeback:             0 kB
AnonPages:       1255656 kB
Mapped:           148444 kB
Shmem:               552 kB
Slab:              77848 kB
SReclaimable:      24640 kB
SUnreclaim:        53208 kB
KernelStack:       15248 kB
PageTables:        16664 kB
NFS_Unstable:          0 kB
Bounce:                0 kB
WritebackTmp:          0 kB
CommitLimit:     1450072 kB
Committed_AS:   24101780 kB
VmallocTotal:   251658176 kB
VmallocUsed:       95420 kB
VmallocChunk:   251482716 kB


[2024-11-20 05:53:04]
MemTotal:        1858332 kB
MemFree:           36652 kB
Buffers:             584 kB
Cached:           193480 kB
SwapCached:        14408 kB
Active:           992776 kB
Inactive:         359948 kB
Active(anon):     944256 kB
Inactive(anon):   314196 kB
Active(file):      48520 kB
Inactive(file):    45752 kB
Unevictable:       99496 kB
Mlocked:           94212 kB
SwapTotal:        520908 kB
SwapFree:         343784 kB
Dirty:                68 kB
Writeback:             0 kB
AnonPages:       1257224 kB
Mapped:           149056 kB
Shmem:               552 kB
Slab:              77848 kB
SReclaimable:      24640 kB
SUnreclaim:        53208 kB
KernelStack:       15056 kB
PageTables:        16324 kB
NFS_Unstable:          0 kB
Bounce:                0 kB
WritebackTmp:          0 kB
CommitLimit:     1450072 kB
Committed_AS:   22180628 kB
VmallocTotal:   251658176 kB
VmallocUsed:       95484 kB
VmallocChunk:   251482716 kB


[2024-11-20 05:53:07]
MemTotal:        1858332 kB
MemFree:           36680 kB
Buffers:             592 kB
Cached:           193472 kB
SwapCached:        14412 kB
Active:           992772 kB
Inactive:         359952 kB
Active(anon):     944252 kB
Inactive(anon):   314200 kB
Active(file):      48520 kB
Inactive(file):    45752 kB
Unevictable:       99496 kB
Mlocked:           94212 kB
SwapTotal:        520908 kB
SwapFree:         343788 kB
Dirty:                 0 kB
Writeback:             0 kB
AnonPages:       1257240 kB
Mapped:           149048 kB
Shmem:               552 kB
Slab:              77848 kB
SReclaimable:      24640 kB
SUnreclaim:        53208 kB
KernelStack:       15008 kB
PageTables:        16284 kB
NFS_Unstable:          0 kB
Bounce:                0 kB
WritebackTmp:          0 kB
CommitLimit:     1450072 kB
Committed_AS:   22180792 kB
VmallocTotal:   251658176 kB
VmallocUsed:       95484 kB
VmallocChunk:   251482716 kB


[2024-11-20 05:53:09]
MemTotal:        1858332 kB
MemFree:           36624 kB
Buffers:             592 kB
Cached:           193480 kB
SwapCached:        14412 kB
Active:           993112 kB
Inactive:         359968 kB
Active(anon):     944592 kB
Inactive(anon):   314208 kB
Active(file):      48520 kB
Inactive(file):    45760 kB
Unevictable:       99496 kB
Mlocked:           94212 kB
SwapTotal:        520908 kB
SwapFree:         343792 kB
Dirty:                16 kB
Writeback:             0 kB
AnonPages:       1257364 kB
Mapped:           148988 kB
Shmem:               552 kB
Slab:              77848 kB
SReclaimable:      24640 kB
SUnreclaim:        53208 kB
KernelStack:       15040 kB
PageTables:        16316 kB
NFS_Unstable:          0 kB
Bounce:                0 kB
WritebackTmp:          0 kB
CommitLimit:     1450072 kB
Committed_AS:   22180708 kB
VmallocTotal:   251658176 kB
VmallocUsed:       95484 kB
VmallocChunk:   251482716 kB


[2024-11-20 05:53:12]
MemTotal:        1858332 kB
MemFree:           36420 kB
Buffers:             592 kB
Cached:           193480 kB
SwapCached:        14412 kB
Active:           993012 kB
Inactive:         359968 kB
Active(anon):     944492 kB
Inactive(anon):   314208 kB
Active(file):      48520 kB
Inactive(file):    45760 kB
Unevictable:       99496 kB
Mlocked:           94212 kB
SwapTotal:        520908 kB
SwapFree:         343848 kB
Dirty:                16 kB
Writeback:             0 kB
AnonPages:       1257472 kB
Mapped:           149048 kB
Shmem:               552 kB
Slab:              77848 kB
SReclaimable:      24640 kB
SUnreclaim:        53208 kB
KernelStack:       15008 kB
PageTables:        16284 kB
NFS_Unstable:          0 kB
Bounce:                0 kB
WritebackTmp:          0 kB
CommitLimit:     1450072 kB
Committed_AS:   22180620 kB
VmallocTotal:   251658176 kB
VmallocUsed:       95484 kB
VmallocChunk:   251482716 kB


[2024-11-20 05:53:14]
MemTotal:        1858332 kB
MemFree:           38780 kB
Buffers:             592 kB
Cached:           193480 kB
SwapCached:        14412 kB
Active:           990776 kB
Inactive:         359968 kB
Active(anon):     942256 kB
Inactive(anon):   314208 kB
Active(file):      48520 kB
Inactive(file):    45760 kB
Unevictable:       99496 kB
Mlocked:           94212 kB
SwapTotal:        520908 kB
SwapFree:         344032 kB
Dirty:                 0 kB
Writeback:             0 kB
AnonPages:       1255036 kB
Mapped:           149164 kB
Shmem:               552 kB
Slab:              77848 kB
SReclaimable:      24640 kB
SUnreclaim:        53208 kB
KernelStack:       15040 kB
PageTables:        16308 kB
NFS_Unstable:          0 kB
Bounce:                0 kB
WritebackTmp:          0 kB
CommitLimit:     1450072 kB
Committed_AS:   22180612 kB
VmallocTotal:   251658176 kB
VmallocUsed:       95484 kB
VmallocChunk:   251482716 kB


[2024-11-20 05:53:17]
MemTotal:        1858332 kB
MemFree:           38980 kB
Buffers:             592 kB
Cached:           193480 kB
SwapCached:        14412 kB
Active:           990740 kB
Inactive:         359988 kB
Active(anon):     942220 kB
Inactive(anon):   314228 kB
Active(file):      48520 kB
Inactive(file):    45760 kB
Unevictable:       99496 kB
Mlocked:           94212 kB
SwapTotal:        520908 kB
SwapFree:         344036 kB
Dirty:                 0 kB
Writeback:             0 kB
AnonPages:       1255164 kB
Mapped:           148752 kB
Shmem:               552 kB
Slab:              77848 kB
SReclaimable:      24640 kB
SUnreclaim:        53208 kB
KernelStack:       15008 kB
PageTables:        16272 kB
NFS_Unstable:          0 kB
Bounce:                0 kB
WritebackTmp:          0 kB
CommitLimit:     1450072 kB
Committed_AS:   22180640 kB
VmallocTotal:   251658176 kB
VmallocUsed:       95484 kB
VmallocChunk:   251482716 kB


[2024-11-20 05:53:19]
MemTotal:        1858332 kB
MemFree:           38916 kB
Buffers:             592 kB
Cached:           193480 kB
SwapCached:        14412 kB
Active:           990732 kB
Inactive:         359976 kB
Active(anon):     942212 kB
Inactive(anon):   314216 kB
Active(file):      48520 kB
Inactive(file):    45760 kB
Unevictable:       99496 kB
Mlocked:           94212 kB
SwapTotal:        520908 kB
SwapFree:         344036 kB
Dirty:                 0 kB
Writeback:             0 kB
AnonPages:       1255028 kB
Mapped:           149156 kB
Shmem:               552 kB
Slab:              77848 kB
SReclaimable:      24640 kB
SUnreclaim:        53208 kB
KernelStack:       15040 kB
PageTables:        16292 kB
NFS_Unstable:          0 kB
Bounce:                0 kB
WritebackTmp:          0 kB
CommitLimit:     1450072 kB
Committed_AS:   22180592 kB
VmallocTotal:   251658176 kB
VmallocUsed:       95484 kB
VmallocChunk:   251482716 kB


[2024-11-20 05:53:22]
MemTotal:        1858332 kB
MemFree:           38452 kB
Buffers:             592 kB
Cached:           193476 kB
SwapCached:        14416 kB
Active:           991148 kB
Inactive:         359976 kB
Active(anon):     942628 kB
Inactive(anon):   314216 kB
Active(file):      48520 kB
Inactive(file):    45760 kB
Unevictable:       99496 kB
Mlocked:           94212 kB
SwapTotal:        520908 kB
SwapFree:         344044 kB
Dirty:                 0 kB
Writeback:             0 kB
AnonPages:       1255464 kB
Mapped:           148936 kB
Shmem:               552 kB
Slab:              77848 kB
SReclaimable:      24640 kB
SUnreclaim:        53208 kB
KernelStack:       15008 kB
PageTables:        16272 kB
NFS_Unstable:          0 kB
Bounce:                0 kB
WritebackTmp:          0 kB
CommitLimit:     1450072 kB
Committed_AS:   22180636 kB
VmallocTotal:   251658176 kB
VmallocUsed:       95484 kB
VmallocChunk:   251482716 kB


[2024-11-20 05:53:24]
MemTotal:        1858332 kB
MemFree:           38532 kB
Buffers:             592 kB
Cached:           193480 kB
SwapCached:        14416 kB
Active:           991276 kB
Inactive:         359952 kB
Active(anon):     942756 kB
Inactive(anon):   314192 kB
Active(file):      48520 kB
Inactive(file):    45760 kB
Unevictable:       99496 kB
Mlocked:           94212 kB
SwapTotal:        520908 kB
SwapFree:         344044 kB
Dirty:                 0 kB
Writeback:             0 kB
AnonPages:       1255420 kB
Mapped:           148976 kB
Shmem:               552 kB
Slab:              77848 kB
SReclaimable:      24640 kB
SUnreclaim:        53208 kB
KernelStack:       15040 kB
PageTables:        16300 kB
NFS_Unstable:          0 kB
Bounce:                0 kB
WritebackTmp:          0 kB
CommitLimit:     1450072 kB
Committed_AS:   22180592 kB
VmallocTotal:   251658176 kB
VmallocUsed:       95484 kB
VmallocChunk:   251482716 kB


[2024-11-20 05:53:27]
MemTotal:        1858332 kB
MemFree:           38532 kB
Buffers:             592 kB
Cached:           193480 kB
SwapCached:        14416 kB
Active:           991208 kB
Inactive:         359952 kB
Active(anon):     942688 kB
Inactive(anon):   314192 kB
Active(file):      48520 kB
Inactive(file):    45760 kB
Unevictable:       99496 kB
Mlocked:           94212 kB
SwapTotal:        520908 kB
SwapFree:         344044 kB
Dirty:                 0 kB
Writeback:             0 kB
AnonPages:       1255360 kB
Mapped:           148940 kB
Shmem:               552 kB
Slab:              77848 kB
SReclaimable:      24640 kB
SUnreclaim:        53208 kB
KernelStack:       14992 kB
PageTables:        16272 kB
NFS_Unstable:          0 kB
Bounce:                0 kB
WritebackTmp:          0 kB
CommitLimit:     1450072 kB
Committed_AS:   22180580 kB
VmallocTotal:   251658176 kB
VmallocUsed:       95484 kB
VmallocChunk:   251482716 kB


[2024-11-20 05:53:29]
MemTotal:        1858332 kB
MemFree:           38080 kB
Buffers:             592 kB
Cached:           193480 kB
SwapCached:        14416 kB
Active:           991424 kB
Inactive:         359948 kB
Active(anon):     942904 kB
Inactive(anon):   314188 kB
Active(file):      48520 kB
Inactive(file):    45760 kB
Unevictable:       99496 kB
Mlocked:           94212 kB
SwapTotal:        520908 kB
SwapFree:         344044 kB
Dirty:                 0 kB
Writeback:             0 kB
AnonPages:       1255772 kB
Mapped:           148940 kB
Shmem:               552 kB
Slab:              77848 kB
SReclaimable:      24640 kB
SUnreclaim:        53208 kB
KernelStack:       14992 kB
PageTables:        16272 kB
NFS_Unstable:          0 kB
Bounce:                0 kB
WritebackTmp:          0 kB
CommitLimit:     1450072 kB
Committed_AS:   22180672 kB
VmallocTotal:   251658176 kB
VmallocUsed:       95484 kB
VmallocChunk:   251482716 kB


[2024-11-20 05:53:32]
MemTotal:        1858332 kB
MemFree:           37520 kB
Buffers:             592 kB
Cached:           193480 kB
SwapCached:        14416 kB
Active:           992076 kB
Inactive:         359784 kB
Active(anon):     943556 kB
Inactive(anon):   314024 kB
Active(file):      48520 kB
Inactive(file):    45760 kB
Unevictable:       99496 kB
Mlocked:           94212 kB
SwapTotal:        520908 kB
SwapFree:         344044 kB
Dirty:                 0 kB
Writeback:             0 kB
AnonPages:       1255972 kB
Mapped:           149012 kB
Shmem:               552 kB
Slab:              77848 kB
SReclaimable:      24640 kB
SUnreclaim:        53208 kB
KernelStack:       15008 kB
PageTables:        16300 kB
NFS_Unstable:          0 kB
Bounce:                0 kB
WritebackTmp:          0 kB
CommitLimit:     1450072 kB
Committed_AS:   22180464 kB
VmallocTotal:   251658176 kB
VmallocUsed:       95484 kB
VmallocChunk:   251482716 kB


[2024-11-20 05:53:35]
MemTotal:        1858332 kB
MemFree:           37840 kB
Buffers:             592 kB
Cached:           193480 kB
SwapCached:        14416 kB
Active:           992000 kB
Inactive:         359784 kB
Active(anon):     943480 kB
Inactive(anon):   314024 kB
Active(file):      48520 kB
Inactive(file):    45760 kB
Unevictable:       99496 kB
Mlocked:           94212 kB
SwapTotal:        520908 kB
SwapFree:         344044 kB
Dirty:                 0 kB
Writeback:             0 kB
AnonPages:       1256036 kB
Mapped:           148940 kB
Shmem:               552 kB
Slab:              77848 kB
SReclaimable:      24640 kB
SUnreclaim:        53208 kB
KernelStack:       14976 kB
PageTables:        16272 kB
NFS_Unstable:          0 kB
Bounce:                0 kB
WritebackTmp:          0 kB
CommitLimit:     1450072 kB
Committed_AS:   22180428 kB
VmallocTotal:   251658176 kB
VmallocUsed:       95484 kB
VmallocChunk:   251482716 kB


[2024-11-20 05:53:37]
MemTotal:        1858332 kB
MemFree:           37472 kB
Buffers:             592 kB
Cached:           193480 kB
SwapCached:        14416 kB
Active:           992104 kB
Inactive:         359780 kB
Active(anon):     943584 kB
Inactive(anon):   314020 kB
Active(file):      48520 kB
Inactive(file):    45760 kB
Unevictable:       99496 kB
Mlocked:           94212 kB
SwapTotal:        520908 kB
SwapFree:         344044 kB
Dirty:                 0 kB
Writeback:             0 kB
AnonPages:       1256036 kB
Mapped:           148992 kB
Shmem:               552 kB
Slab:              77848 kB
SReclaimable:      24640 kB
SUnreclaim:        53208 kB
KernelStack:       15008 kB
PageTables:        16300 kB
NFS_Unstable:          0 kB
Bounce:                0 kB
WritebackTmp:          0 kB
CommitLimit:     1450072 kB
Committed_AS:   22180696 kB
VmallocTotal:   251658176 kB
VmallocUsed:       95484 kB
VmallocChunk:   251482716 kB


[2024-11-20 05:53:40]
MemTotal:        1858332 kB
MemFree:           37132 kB
Buffers:             592 kB
Cached:           193480 kB
SwapCached:        14416 kB
Active:           992284 kB
Inactive:         359780 kB
Active(anon):     943764 kB
Inactive(anon):   314020 kB
Active(file):      48520 kB
Inactive(file):    45760 kB
Unevictable:       99496 kB
Mlocked:           94212 kB
SwapTotal:        520908 kB
SwapFree:         344044 kB
Dirty:                 0 kB
Writeback:             0 kB
AnonPages:       1256452 kB
Mapped:           148940 kB
Shmem:               552 kB
Slab:              77848 kB
SReclaimable:      24640 kB
SUnreclaim:        53208 kB
KernelStack:       14976 kB
PageTables:        16272 kB
NFS_Unstable:          0 kB
Bounce:                0 kB
WritebackTmp:          0 kB
CommitLimit:     1450072 kB
Committed_AS:   22180684 kB
VmallocTotal:   251658176 kB
VmallocUsed:       95484 kB
VmallocChunk:   251482716 kB


[2024-11-20 05:53:42]
MemTotal:        1858332 kB
MemFree:           37312 kB
Buffers:             592 kB
Cached:           193480 kB
SwapCached:        14416 kB
Active:           992276 kB
Inactive:         359780 kB
Active(anon):     943756 kB
Inactive(anon):   314020 kB
Active(file):      48520 kB
Inactive(file):    45760 kB
Unevictable:       99496 kB
Mlocked:           94212 kB
SwapTotal:        520908 kB
SwapFree:         344044 kB
Dirty:                 0 kB
Writeback:             0 kB
AnonPages:       1256328 kB
Mapped:           148864 kB
Shmem:               552 kB
Slab:              77848 kB
SReclaimable:      24640 kB
SUnreclaim:        53208 kB
KernelStack:       15008 kB
PageTables:        16296 kB
NFS_Unstable:          0 kB
Bounce:                0 kB
WritebackTmp:          0 kB
CommitLimit:     1450072 kB
Committed_AS:   22180560 kB
VmallocTotal:   251658176 kB
VmallocUsed:       95484 kB
VmallocChunk:   251482716 kB


[2024-11-20 05:53:45]
MemTotal:        1858332 kB
MemFree:           36868 kB
Buffers:             592 kB
Cached:           193480 kB
SwapCached:        14416 kB
Active:           992548 kB
Inactive:         359780 kB
Active(anon):     944028 kB
Inactive(anon):   314020 kB
Active(file):      48520 kB
Inactive(file):    45760 kB
Unevictable:       99496 kB
Mlocked:           94212 kB
SwapTotal:        520908 kB
SwapFree:         344044 kB
Dirty:                 0 kB
Writeback:             0 kB
AnonPages:       1256716 kB
Mapped:           148944 kB
Shmem:               552 kB
Slab:              77848 kB
SReclaimable:      24640 kB
SUnreclaim:        53208 kB
KernelStack:       14976 kB
PageTables:        16272 kB
NFS_Unstable:          0 kB
Bounce:                0 kB
WritebackTmp:          0 kB
CommitLimit:     1450072 kB
Committed_AS:   22180616 kB
VmallocTotal:   251658176 kB
VmallocUsed:       95484 kB
VmallocChunk:   251482716 kB


[2024-11-20 05:53:47]
MemTotal:        1858332 kB
MemFree:           36744 kB
Buffers:             592 kB
Cached:           193480 kB
SwapCached:        14416 kB
Active:           992940 kB
Inactive:         359780 kB
Active(anon):     944420 kB
Inactive(anon):   314020 kB
Active(file):      48520 kB
Inactive(file):    45760 kB
Unevictable:       99496 kB
Mlocked:           94212 kB
SwapTotal:        520908 kB
SwapFree:         344044 kB
Dirty:                 0 kB
Writeback:             0 kB
AnonPages:       1257072 kB
Mapped:           148944 kB
Shmem:               552 kB
Slab:              77848 kB
SReclaimable:      24640 kB
SUnreclaim:        53208 kB
KernelStack:       14976 kB
PageTables:        16272 kB
NFS_Unstable:          0 kB
Bounce:                0 kB
WritebackTmp:          0 kB
CommitLimit:     1450072 kB
Committed_AS:   22180556 kB
VmallocTotal:   251658176 kB
VmallocUsed:       95484 kB
VmallocChunk:   251482716 kB


[2024-11-20 05:53:50]
MemTotal:        1858332 kB
MemFree:           36620 kB
Buffers:             592 kB
Cached:           193480 kB
SwapCached:        14416 kB
Active:           993160 kB
Inactive:         359780 kB
Active(anon):     944640 kB
Inactive(anon):   314020 kB
Active(file):      48520 kB
Inactive(file):    45760 kB
Unevictable:       99496 kB
Mlocked:           94212 kB
SwapTotal:        520908 kB
SwapFree:         344044 kB
Dirty:                 0 kB
Writeback:             0 kB
AnonPages:       1257108 kB
Mapped:           148944 kB
Shmem:               552 kB
Slab:              77848 kB
SReclaimable:      24640 kB
SUnreclaim:        53208 kB
KernelStack:       14976 kB
PageTables:        16272 kB
NFS_Unstable:          0 kB
Bounce:                0 kB
WritebackTmp:          0 kB
CommitLimit:     1450072 kB
Committed_AS:   22180444 kB
VmallocTotal:   251658176 kB
VmallocUsed:       95484 kB
VmallocChunk:   251482716 kB


[2024-11-20 05:53:52]
MemTotal:        1858332 kB
MemFree:           46504 kB
Buffers:             592 kB
Cached:           191084 kB
SwapCached:        14376 kB
Active:           984108 kB
Inactive:         359648 kB
Active(anon):     935816 kB
Inactive(anon):   316048 kB
Active(file):      48292 kB
Inactive(file):    43600 kB
Unevictable:       99496 kB
Mlocked:           94212 kB
SwapTotal:        520908 kB
SwapFree:         344044 kB
Dirty:                 0 kB
Writeback:             0 kB
AnonPages:       1250248 kB
Mapped:           138848 kB
Shmem:               552 kB
Slab:              77848 kB
SReclaimable:      24640 kB
SUnreclaim:        53208 kB
KernelStack:       14768 kB
PageTables:        15548 kB
NFS_Unstable:          0 kB
Bounce:                0 kB
WritebackTmp:          0 kB
CommitLimit:     1450072 kB
Committed_AS:   20258052 kB
VmallocTotal:   251658176 kB
VmallocUsed:      101608 kB
VmallocChunk:   251448236 kB


[2024-11-20 05:53:55]
MemTotal:        1858332 kB
MemFree:           45552 kB
Buffers:             592 kB
Cached:           191528 kB
SwapCached:        14400 kB
Active:           984864 kB
Inactive:         359996 kB
Active(anon):     936516 kB
Inactive(anon):   316132 kB
Active(file):      48348 kB
Inactive(file):    43864 kB
Unevictable:       99496 kB
Mlocked:           94212 kB
SwapTotal:        520908 kB
SwapFree:         344088 kB
Dirty:                 4 kB
Writeback:             0 kB
AnonPages:       1250888 kB
Mapped:           138928 kB
Shmem:               548 kB
Slab:              77848 kB
SReclaimable:      24640 kB
SUnreclaim:        53208 kB
KernelStack:       14704 kB
PageTables:        15456 kB
NFS_Unstable:          0 kB
Bounce:                0 kB
WritebackTmp:          0 kB
CommitLimit:     1450072 kB
Committed_AS:   20258320 kB
VmallocTotal:   251658176 kB
VmallocUsed:       93244 kB
VmallocChunk:   251482716 kB


[2024-11-20 05:53:57]
MemTotal:        1858332 kB
MemFree:           45668 kB
Buffers:             600 kB
Cached:           191464 kB
SwapCached:        14400 kB
Active:           985172 kB
Inactive:         360064 kB
Active(anon):     936824 kB
Inactive(anon):   316136 kB
Active(file):      48348 kB
Inactive(file):    43928 kB
Unevictable:       99496 kB
Mlocked:           94212 kB
SwapTotal:        520908 kB
SwapFree:         344092 kB
Dirty:                 4 kB
Writeback:             0 kB
AnonPages:       1251060 kB
Mapped:           139056 kB
Shmem:               548 kB
Slab:              77848 kB
SReclaimable:      24640 kB
SUnreclaim:        53208 kB
KernelStack:       14720 kB
PageTables:        15472 kB
NFS_Unstable:          0 kB
Bounce:                0 kB
WritebackTmp:          0 kB
CommitLimit:     1450072 kB
Committed_AS:   20258068 kB
VmallocTotal:   251658176 kB
VmallocUsed:       93244 kB
VmallocChunk:   251482716 kB


[2024-11-20 05:54:00]
MemTotal:        1858332 kB
MemFree:           45384 kB
Buffers:             600 kB
Cached:           191472 kB
SwapCached:        14400 kB
Active:           985172 kB
Inactive:         360072 kB
Active(anon):     936824 kB
Inactive(anon):   316136 kB
Active(file):      48348 kB
Inactive(file):    43936 kB
Unevictable:       99496 kB
Mlocked:           94212 kB
SwapTotal:        520908 kB
SwapFree:         344092 kB
Dirty:                16 kB
Writeback:             0 kB
AnonPages:       1251268 kB
Mapped:           139052 kB
Shmem:               548 kB
Slab:              77848 kB
SReclaimable:      24640 kB
SUnreclaim:        53208 kB
KernelStack:       14704 kB
PageTables:        15456 kB
NFS_Unstable:          0 kB
Bounce:                0 kB
WritebackTmp:          0 kB
CommitLimit:     1450072 kB
Committed_AS:   20258164 kB
VmallocTotal:   251658176 kB
VmallocUsed:       93244 kB
VmallocChunk:   251482716 kB


[2024-11-20 05:54:02]
MemTotal:        1858332 kB
MemFree:           45276 kB
Buffers:             600 kB
Cached:           191472 kB
SwapCached:        14400 kB
Active:           985400 kB
Inactive:         360076 kB
Active(anon):     937052 kB
Inactive(anon):   316140 kB
Active(file):      48348 kB
Inactive(file):    43936 kB
Unevictable:       99496 kB
Mlocked:           94212 kB
SwapTotal:        520908 kB
SwapFree:         344096 kB
Dirty:                16 kB
Writeback:             0 kB
AnonPages:       1251436 kB
Mapped:           138800 kB
Shmem:               548 kB
Slab:              77848 kB
SReclaimable:      24640 kB
SUnreclaim:        53208 kB
KernelStack:       14736 kB
PageTables:        15480 kB
NFS_Unstable:          0 kB
Bounce:                0 kB
WritebackTmp:          0 kB
CommitLimit:     1450072 kB
Committed_AS:   20258156 kB
VmallocTotal:   251658176 kB
VmallocUsed:       93244 kB
VmallocChunk:   251482716 kB


[2024-11-20 05:54:05]
MemTotal:        1858332 kB
MemFree:           45148 kB
Buffers:             600 kB
Cached:           191472 kB
SwapCached:        14400 kB
Active:           985276 kB
Inactive:         360076 kB
Active(anon):     936928 kB
Inactive(anon):   316140 kB
Active(file):      48348 kB
Inactive(file):    43936 kB
Unevictable:       99496 kB
Mlocked:           94212 kB
SwapTotal:        520908 kB
SwapFree:         344096 kB
Dirty:                 0 kB
Writeback:             0 kB
AnonPages:       1251532 kB
Mapped:           138868 kB
Shmem:               548 kB
Slab:              77848 kB
SReclaimable:      24640 kB
SUnreclaim:        53208 kB
KernelStack:       14704 kB
PageTables:        15456 kB
NFS_Unstable:          0 kB
Bounce:                0 kB
WritebackTmp:          0 kB
CommitLimit:     1450072 kB
Committed_AS:   20257980 kB
VmallocTotal:   251658176 kB
VmallocUsed:       93244 kB
VmallocChunk:   251482716 kB


[2024-11-20 05:54:07]
MemTotal:        1858332 kB
MemFree:           44616 kB
Buffers:             600 kB
Cached:           191472 kB
SwapCached:        14400 kB
Active:           985980 kB
Inactive:         360080 kB
Active(anon):     937632 kB
Inactive(anon):   316144 kB
Active(file):      48348 kB
Inactive(file):    43936 kB
Unevictable:       99496 kB
Mlocked:           94212 kB
SwapTotal:        520908 kB
SwapFree:         344104 kB
Dirty:                 0 kB
Writeback:             0 kB
AnonPages:       1251996 kB
Mapped:           138892 kB
Shmem:               548 kB
Slab:              77848 kB
SReclaimable:      24640 kB
SUnreclaim:        53208 kB
KernelStack:       14736 kB
PageTables:        15480 kB
NFS_Unstable:          0 kB
Bounce:                0 kB
WritebackTmp:          0 kB
CommitLimit:     1450072 kB
Committed_AS:   20258188 kB
VmallocTotal:   251658176 kB
VmallocUsed:       93244 kB
VmallocChunk:   251482716 kB


[2024-11-20 05:54:10]
MemTotal:        1858332 kB
MemFree:           44164 kB
Buffers:             600 kB
Cached:           191472 kB
SwapCached:        14400 kB
Active:           986536 kB
Inactive:         360084 kB
Active(anon):     938188 kB
Inactive(anon):   316148 kB
Active(file):      48348 kB
Inactive(file):    43936 kB
Unevictable:       99496 kB
Mlocked:           94212 kB
SwapTotal:        520908 kB
SwapFree:         344104 kB
Dirty:                 0 kB
Writeback:             0 kB
AnonPages:       1252528 kB
Mapped:           138984 kB
Shmem:               548 kB
Slab:              77848 kB
SReclaimable:      24640 kB
SUnreclaim:        53208 kB
KernelStack:       14736 kB
PageTables:        15496 kB
NFS_Unstable:          0 kB
Bounce:                0 kB
WritebackTmp:          0 kB
CommitLimit:     1450072 kB
Committed_AS:   20258196 kB
VmallocTotal:   251658176 kB
VmallocUsed:       93244 kB
VmallocChunk:   251482716 kB


[2024-11-20 05:54:13]
MemTotal:        1858332 kB
MemFree:           43712 kB
Buffers:             600 kB
Cached:           191472 kB
SwapCached:        14400 kB
Active:           987020 kB
Inactive:         360088 kB
Active(anon):     938672 kB
Inactive(anon):   316152 kB
Active(file):      48348 kB
Inactive(file):    43936 kB
Unevictable:       99496 kB
Mlocked:           94212 kB
SwapTotal:        520908 kB
SwapFree:         344192 kB
Dirty:                 0 kB
Writeback:             0 kB
AnonPages:       1253188 kB
Mapped:           138684 kB
Shmem:               548 kB
Slab:              77848 kB
SReclaimable:      24640 kB
SUnreclaim:        53208 kB
KernelStack:       14704 kB
PageTables:        15456 kB
NFS_Unstable:          0 kB
Bounce:                0 kB
WritebackTmp:          0 kB
CommitLimit:     1450072 kB
Committed_AS:   20258104 kB
VmallocTotal:   251658176 kB
VmallocUsed:       93244 kB
VmallocChunk:   251482716 kB


[2024-11-20 05:54:15]
MemTotal:        1858332 kB
MemFree:           42908 kB
Buffers:             600 kB
Cached:           191472 kB
SwapCached:        14400 kB
Active:           987824 kB
Inactive:         360092 kB
Active(anon):     939476 kB
Inactive(anon):   316156 kB
Active(file):      48348 kB
Inactive(file):    43936 kB
Unevictable:       99496 kB
Mlocked:           94212 kB
SwapTotal:        520908 kB
SwapFree:         344192 kB
Dirty:                 0 kB
Writeback:             0 kB
AnonPages:       1253776 kB
Mapped:           138876 kB
Shmem:               548 kB
Slab:              77848 kB
SReclaimable:      24640 kB
SUnreclaim:        53208 kB
KernelStack:       14736 kB
PageTables:        15472 kB
NFS_Unstable:          0 kB
Bounce:                0 kB
WritebackTmp:          0 kB
CommitLimit:     1450072 kB
Committed_AS:   20258056 kB
VmallocTotal:   251658176 kB
VmallocUsed:       93244 kB
VmallocChunk:   251482716 kB


[2024-11-20 05:54:18]
MemTotal:        1858332 kB
MemFree:           48892 kB
Buffers:             600 kB
Cached:           191472 kB
SwapCached:        14400 kB
Active:           981608 kB
Inactive:         360092 kB
Active(anon):     933260 kB
Inactive(anon):   316156 kB
Active(file):      48348 kB
Inactive(file):    43936 kB
Unevictable:       99496 kB
Mlocked:           94212 kB
SwapTotal:        520908 kB
SwapFree:         344236 kB
Dirty:                 0 kB
Writeback:             0 kB
AnonPages:       1247460 kB
Mapped:           139060 kB
Shmem:               548 kB
Slab:              77848 kB
SReclaimable:      24640 kB
SUnreclaim:        53208 kB
KernelStack:       14704 kB
PageTables:        15456 kB
NFS_Unstable:          0 kB
Bounce:                0 kB
WritebackTmp:          0 kB
CommitLimit:     1450072 kB
Committed_AS:   20258204 kB
VmallocTotal:   251658176 kB
VmallocUsed:       93244 kB
VmallocChunk:   251482716 kB


[2024-11-20 05:54:21]
MemTotal:        1858332 kB
MemFree:           49216 kB
Buffers:             600 kB
Cached:           191472 kB
SwapCached:        14400 kB
Active:           981404 kB
Inactive:         360092 kB
Active(anon):     933056 kB
Inactive(anon):   316156 kB
Active(file):      48348 kB
Inactive(file):    43936 kB
Unevictable:       99496 kB
Mlocked:           94212 kB
SwapTotal:        520908 kB
SwapFree:         344236 kB
Dirty:                 0 kB
Writeback:             0 kB
AnonPages:       1247580 kB
Mapped:           139060 kB
Shmem:               548 kB
Slab:              77848 kB
SReclaimable:      24640 kB
SUnreclaim:        53208 kB
KernelStack:       14704 kB
PageTables:        15456 kB
NFS_Unstable:          0 kB
Bounce:                0 kB
WritebackTmp:          0 kB
CommitLimit:     1450072 kB
Committed_AS:   20258036 kB
VmallocTotal:   251658176 kB
VmallocUsed:       93244 kB
VmallocChunk:   251482716 kB


[2024-11-20 05:54:23]
MemTotal:        1858332 kB
MemFree:           49168 kB
Buffers:             600 kB
Cached:           191472 kB
SwapCached:        14400 kB
Active:           981364 kB
Inactive:         360092 kB
Active(anon):     933016 kB
Inactive(anon):   316156 kB
Active(file):      48348 kB
Inactive(file):    43936 kB
Unevictable:       99496 kB
Mlocked:           94212 kB
SwapTotal:        520908 kB
SwapFree:         344236 kB
Dirty:                 0 kB
Writeback:             0 kB
AnonPages:       1247472 kB
Mapped:           138972 kB
Shmem:               548 kB
Slab:              77848 kB
SReclaimable:      24640 kB
SUnreclaim:        53208 kB
KernelStack:       14736 kB
PageTables:        15484 kB
NFS_Unstable:          0 kB
Bounce:                0 kB
WritebackTmp:          0 kB
CommitLimit:     1450072 kB
Committed_AS:   20258124 kB
VmallocTotal:   251658176 kB
VmallocUsed:       93244 kB
VmallocChunk:   251482716 kB


[2024-11-20 05:54:26]
MemTotal:        1858332 kB
MemFree:           48808 kB
Buffers:             600 kB
Cached:           191472 kB
SwapCached:        14400 kB
Active:           981616 kB
Inactive:         360096 kB
Active(anon):     933268 kB
Inactive(anon):   316160 kB
Active(file):      48348 kB
Inactive(file):    43936 kB
Unevictable:       99496 kB
Mlocked:           94212 kB
SwapTotal:        520908 kB
SwapFree:         344240 kB
Dirty:                 0 kB
Writeback:             0 kB
AnonPages:       1247724 kB
Mapped:           138884 kB
Shmem:               548 kB
Slab:              77848 kB
SReclaimable:      24640 kB
SUnreclaim:        53208 kB
KernelStack:       14704 kB
PageTables:        15456 kB
NFS_Unstable:          0 kB
Bounce:                0 kB
WritebackTmp:          0 kB
CommitLimit:     1450072 kB
Committed_AS:   20258088 kB
VmallocTotal:   251658176 kB
VmallocUsed:       93244 kB
VmallocChunk:   251482716 kB


[2024-11-20 05:54:28]
MemTotal:        1858332 kB
MemFree:           48656 kB
Buffers:             600 kB
Cached:           191472 kB
SwapCached:        14400 kB
Active:           981752 kB
Inactive:         360096 kB
Active(anon):     933404 kB
Inactive(anon):   316160 kB
Active(file):      48348 kB
Inactive(file):    43936 kB
Unevictable:       99496 kB
Mlocked:           94212 kB
SwapTotal:        520908 kB
SwapFree:         344240 kB
Dirty:                 0 kB
Writeback:             0 kB
AnonPages:       1247924 kB
Mapped:           138884 kB
Shmem:               548 kB
Slab:              77848 kB
SReclaimable:      24640 kB
SUnreclaim:        53208 kB
KernelStack:       14688 kB
PageTables:        15456 kB
NFS_Unstable:          0 kB
Bounce:                0 kB
WritebackTmp:          0 kB
CommitLimit:     1450072 kB
Committed_AS:   20258168 kB
VmallocTotal:   251658176 kB
VmallocUsed:       93244 kB
VmallocChunk:   251482716 kB


[2024-11-20 05:54:30]
MemTotal:        1858332 kB
MemFree:           48896 kB
Buffers:             600 kB
Cached:           191472 kB
SwapCached:        14400 kB
Active:           981956 kB
Inactive:         360096 kB
Active(anon):     933608 kB
Inactive(anon):   316160 kB
Active(file):      48348 kB
Inactive(file):    43936 kB
Unevictable:       99496 kB
Mlocked:           94212 kB
SwapTotal:        520908 kB
SwapFree:         344240 kB
Dirty:                 0 kB
Writeback:             0 kB
AnonPages:       1248180 kB
Mapped:           138960 kB
Shmem:               548 kB
Slab:              77848 kB
SReclaimable:      24640 kB
SUnreclaim:        53208 kB
KernelStack:       14736 kB
PageTables:        15480 kB
NFS_Unstable:          0 kB
Bounce:                0 kB
WritebackTmp:          0 kB
CommitLimit:     1450072 kB
Committed_AS:   20258244 kB
VmallocTotal:   251658176 kB
VmallocUsed:       93244 kB
VmallocChunk:   251482716 kB


[2024-11-20 05:54:33]
MemTotal:        1858332 kB
MemFree:           48920 kB
Buffers:             600 kB
Cached:           191472 kB
SwapCached:        14400 kB
Active:           982188 kB
Inactive:         360096 kB
Active(anon):     933840 kB
Inactive(anon):   316160 kB
Active(file):      48348 kB
Inactive(file):    43936 kB
Unevictable:       99496 kB
Mlocked:           94212 kB
SwapTotal:        520908 kB
SwapFree:         344240 kB
Dirty:                 0 kB
Writeback:             0 kB
AnonPages:       1248208 kB
Mapped:           138884 kB
Shmem:               548 kB
Slab:              77848 kB
SReclaimable:      24640 kB
SUnreclaim:        53208 kB
KernelStack:       14704 kB
PageTables:        15456 kB
NFS_Unstable:          0 kB
Bounce:                0 kB
WritebackTmp:          0 kB
CommitLimit:     1450072 kB
Committed_AS:   20258212 kB
VmallocTotal:   251658176 kB
VmallocUsed:       93244 kB
VmallocChunk:   251482716 kB


[2024-11-20 05:54:35]
MemTotal:        1858332 kB
MemFree:           48352 kB
Buffers:             600 kB
Cached:           191472 kB
SwapCached:        14400 kB
Active:           982432 kB
Inactive:         360096 kB
Active(anon):     934084 kB
Inactive(anon):   316160 kB
Active(file):      48348 kB
Inactive(file):    43936 kB
Unevictable:       99496 kB
Mlocked:           94212 kB
SwapTotal:        520908 kB
SwapFree:         344240 kB
Dirty:                 0 kB
Writeback:             0 kB
AnonPages:       1248704 kB
Mapped:           138804 kB
Shmem:               548 kB
Slab:              77848 kB
SReclaimable:      24640 kB
SUnreclaim:        53208 kB
KernelStack:       14736 kB
PageTables:        15492 kB
NFS_Unstable:          0 kB
Bounce:                0 kB
WritebackTmp:          0 kB
CommitLimit:     1450072 kB
Committed_AS:   20258240 kB
VmallocTotal:   251658176 kB
VmallocUsed:       93244 kB
VmallocChunk:   251482716 kB


[2024-11-20 05:54:38]
MemTotal:        1858332 kB
MemFree:           48340 kB
Buffers:             600 kB
Cached:           191472 kB
SwapCached:        14400 kB
Active:           982532 kB
Inactive:         360096 kB
Active(anon):     934184 kB
Inactive(anon):   316160 kB
Active(file):      48348 kB
Inactive(file):    43936 kB
Unevictable:       99496 kB
Mlocked:           94212 kB
SwapTotal:        520908 kB
SwapFree:         344240 kB
Dirty:                 0 kB
Writeback:             0 kB
AnonPages:       1248664 kB
Mapped:           138884 kB
Shmem:               548 kB
Slab:              77848 kB
SReclaimable:      24640 kB
SUnreclaim:        53208 kB
KernelStack:       14704 kB
PageTables:        15456 kB
NFS_Unstable:          0 kB
Bounce:                0 kB
WritebackTmp:          0 kB
CommitLimit:     1450072 kB
Committed_AS:   20258236 kB
VmallocTotal:   251658176 kB
VmallocUsed:       93244 kB
VmallocChunk:   251482716 kB


[2024-11-20 05:54:40]
MemTotal:        1858332 kB
MemFree:           49668 kB
Buffers:             600 kB
Cached:           191472 kB
SwapCached:        14400 kB
Active:           981064 kB
Inactive:         359956 kB
Active(anon):     932716 kB
Inactive(anon):   316020 kB
Active(file):      48348 kB
Inactive(file):    43936 kB
Unevictable:       99496 kB
Mlocked:           94212 kB
SwapTotal:        520908 kB
SwapFree:         344348 kB
Dirty:                 0 kB
Writeback:             0 kB
AnonPages:       1246756 kB
Mapped:           138884 kB
Shmem:               548 kB
Slab:              77848 kB
SReclaimable:      24640 kB
SUnreclaim:        53208 kB
KernelStack:       14736 kB
PageTables:        15472 kB
NFS_Unstable:          0 kB
Bounce:                0 kB
WritebackTmp:          0 kB
CommitLimit:     1450072 kB
Committed_AS:   20258256 kB
VmallocTotal:   251658176 kB
VmallocUsed:       93244 kB
VmallocChunk:   251482716 kB


[2024-11-20 05:54:43]
MemTotal:        1858332 kB
MemFree:           49904 kB
Buffers:             600 kB
Cached:           191472 kB
SwapCached:        14400 kB
Active:           981152 kB
Inactive:         359856 kB
Active(anon):     932804 kB
Inactive(anon):   315920 kB
Active(file):      48348 kB
Inactive(file):    43936 kB
Unevictable:       99496 kB
Mlocked:           94212 kB
SwapTotal:        520908 kB
SwapFree:         344348 kB
Dirty:                 0 kB
Writeback:             0 kB
AnonPages:       1247084 kB
Mapped:           138884 kB
Shmem:               548 kB
Slab:              77848 kB
SReclaimable:      24640 kB
SUnreclaim:        53208 kB
KernelStack:       14704 kB
PageTables:        15456 kB
NFS_Unstable:          0 kB
Bounce:                0 kB
WritebackTmp:          0 kB
CommitLimit:     1450072 kB
Committed_AS:   20258092 kB
VmallocTotal:   251658176 kB
VmallocUsed:       93244 kB
VmallocChunk:   251482716 kB


[2024-11-20 05:54:45]
MemTotal:        1858332 kB
MemFree:           49936 kB
Buffers:             600 kB
Cached:           191472 kB
SwapCached:        14400 kB
Active:           980864 kB
Inactive:         359856 kB
Active(anon):     932516 kB
Inactive(anon):   315920 kB
Active(file):      48348 kB
Inactive(file):    43936 kB
Unevictable:       99496 kB
Mlocked:           94212 kB
SwapTotal:        520908 kB
SwapFree:         344348 kB
Dirty:                 0 kB
Writeback:             0 kB
AnonPages:       1246788 kB
Mapped:           138912 kB
Shmem:               548 kB
Slab:              77848 kB
SReclaimable:      24640 kB
SUnreclaim:        53208 kB
KernelStack:       14736 kB
PageTables:        15476 kB
NFS_Unstable:          0 kB
Bounce:                0 kB
WritebackTmp:          0 kB
CommitLimit:     1450072 kB
Committed_AS:   20258004 kB
VmallocTotal:   251658176 kB
VmallocUsed:       93244 kB
VmallocChunk:   251482716 kB


[2024-11-20 05:54:48]
MemTotal:        1858332 kB
MemFree:           49816 kB
Buffers:             600 kB
Cached:           191472 kB
SwapCached:        14400 kB
Active:           981180 kB
Inactive:         359856 kB
Active(anon):     932832 kB
Inactive(anon):   315920 kB
Active(file):      48348 kB
Inactive(file):    43936 kB
Unevictable:       99496 kB
Mlocked:           94212 kB
SwapTotal:        520908 kB
SwapFree:         344348 kB
Dirty:                 0 kB
Writeback:             0 kB
AnonPages:       1246952 kB
Mapped:           139068 kB
Shmem:               548 kB
Slab:              77848 kB
SReclaimable:      24640 kB
SUnreclaim:        53208 kB
KernelStack:       14704 kB
PageTables:        15456 kB
NFS_Unstable:          0 kB
Bounce:                0 kB
WritebackTmp:          0 kB
CommitLimit:     1450072 kB
Committed_AS:   20258252 kB
VmallocTotal:   251658176 kB
VmallocUsed:       93244 kB
VmallocChunk:   251482716 kB


[2024-11-20 05:54:50]
MemTotal:        1858332 kB
MemFree:           49680 kB
Buffers:             600 kB
Cached:           191472 kB
SwapCached:        14400 kB
Active:           981444 kB
Inactive:         359856 kB
Active(anon):     933096 kB
Inactive(anon):   315920 kB
Active(file):      48348 kB
Inactive(file):    43936 kB
Unevictable:       99496 kB
Mlocked:           94212 kB
SwapTotal:        520908 kB
SwapFree:         344348 kB
Dirty:                 0 kB
Writeback:             0 kB
AnonPages:       1247404 kB
Mapped:           139024 kB
Shmem:               548 kB
Slab:              77848 kB
SReclaimable:      24640 kB
SUnreclaim:        53208 kB
KernelStack:       14736 kB
PageTables:        15500 kB
NFS_Unstable:          0 kB
Bounce:                0 kB
WritebackTmp:          0 kB
CommitLimit:     1450072 kB
Committed_AS:   20258268 kB
VmallocTotal:   251658176 kB
VmallocUsed:       93244 kB
VmallocChunk:   251482716 kB


[2024-11-20 05:54:53]
MemTotal:        1858332 kB
MemFree:           49740 kB
Buffers:             600 kB
Cached:           191472 kB
SwapCached:        14400 kB
Active:           981368 kB
Inactive:         359856 kB
Active(anon):     933020 kB
Inactive(anon):   315920 kB
Active(file):      48348 kB
Inactive(file):    43936 kB
Unevictable:       99496 kB
Mlocked:           94212 kB
SwapTotal:        520908 kB
SwapFree:         344348 kB
Dirty:                 0 kB
Writeback:             0 kB
AnonPages:       1247272 kB
Mapped:           138884 kB
Shmem:               548 kB
Slab:              77848 kB
SReclaimable:      24640 kB
SUnreclaim:        53208 kB
KernelStack:       14704 kB
PageTables:        15456 kB
NFS_Unstable:          0 kB
Bounce:                0 kB
WritebackTmp:          0 kB
CommitLimit:     1450072 kB
Committed_AS:   20258184 kB
VmallocTotal:   251658176 kB
VmallocUsed:       93244 kB
VmallocChunk:   251482716 kB


[2024-11-20 05:54:55]
MemTotal:        1858332 kB
MemFree:           49496 kB
Buffers:             600 kB
Cached:           191472 kB
SwapCached:        14400 kB
Active:           981940 kB
Inactive:         359856 kB
Active(anon):     933592 kB
Inactive(anon):   315920 kB
Active(file):      48348 kB
Inactive(file):    43936 kB
Unevictable:       99496 kB
Mlocked:           94212 kB
SwapTotal:        520908 kB
SwapFree:         344348 kB
Dirty:                 0 kB
Writeback:             0 kB
AnonPages:       1247752 kB
Mapped:           138996 kB
Shmem:               548 kB
Slab:              77848 kB
SReclaimable:      24640 kB
SUnreclaim:        53208 kB
KernelStack:       14736 kB
PageTables:        15484 kB
NFS_Unstable:          0 kB
Bounce:                0 kB
WritebackTmp:          0 kB
CommitLimit:     1450072 kB
Committed_AS:   20258172 kB
VmallocTotal:   251658176 kB
VmallocUsed:       93244 kB
VmallocChunk:   251482716 kB


[2024-11-20 05:54:58]
MemTotal:        1858332 kB
MemFree:           48912 kB
Buffers:             600 kB
Cached:           191472 kB
SwapCached:        14400 kB
Active:           982168 kB
Inactive:         359856 kB
Active(anon):     933820 kB
