[2024-11-20 02:26:22]
MemTotal:        1858332 kB
MemFree:          117988 kB
Buffers:             904 kB
Cached:          1185100 kB
SwapCached:        16568 kB
Active:           324592 kB
Inactive:         907632 kB
Active(anon):      79248 kB
Inactive(anon):    67148 kB
Active(file):     245344 kB
Inactive(file):   840484 kB
Unevictable:       99496 kB
Mlocked:           94212 kB
SwapTotal:        520908 kB
SwapFree:         367088 kB
Dirty:             32088 kB
Writeback:         25944 kB
AnonPages:        144684 kB
Mapped:           588160 kB
Shmem:               824 kB
Slab:              93888 kB
SReclaimable:      40368 kB
SUnreclaim:        53520 kB
KernelStack:       15392 kB
PageTables:        14872 kB
NFS_Unstable:          0 kB
Bounce:                0 kB
WritebackTmp:          0 kB
CommitLimit:     1450072 kB
Committed_AS:   26020488 kB
VmallocTotal:   251658176 kB
VmallocUsed:       99564 kB
VmallocChunk:   251482716 kB


[2024-11-20 02:26:22]
MemTotal:        1858332 kB
MemFree:          118060 kB
Buffers:             912 kB
Cached:          1186368 kB
SwapCached:        16548 kB
Active:           372916 kB
Inactive:         860344 kB
Active(anon):      79752 kB
Inactive(anon):    66540 kB
Active(file):     293164 kB
Inactive(file):   793804 kB
Unevictable:       99496 kB
Mlocked:           94212 kB
SwapTotal:        520908 kB
SwapFree:         367048 kB
Dirty:              1304 kB
Writeback:         45816 kB
AnonPages:        144360 kB
Mapped:           621844 kB
Shmem:               824 kB
Slab:              93300 kB
SReclaimable:      39576 kB
SUnreclaim:        53724 kB
KernelStack:       15392 kB
PageTables:        14936 kB
NFS_Unstable:          0 kB
Bounce:                0 kB
WritebackTmp:          0 kB
CommitLimit:     1450072 kB
Committed_AS:   26020552 kB
VmallocTotal:   251658176 kB
VmallocUsed:       99564 kB
VmallocChunk:   251482716 kB


[2024-11-20 02:26:22]
MemTotal:        1858332 kB
MemFree:          119036 kB
Buffers:             908 kB
Cached:          1185640 kB
SwapCached:        16528 kB
Active:           417492 kB
Inactive:         815196 kB
Active(anon):      80632 kB
Inactive(anon):    65752 kB
Active(file):     336860 kB
Inactive(file):   749444 kB
Unevictable:       99496 kB
Mlocked:           94212 kB
SwapTotal:        520908 kB
SwapFree:         366980 kB
Dirty:             37208 kB
Writeback:             0 kB
AnonPages:        144044 kB
Mapped:           649824 kB
Shmem:               820 kB
Slab:              92608 kB
SReclaimable:      38932 kB
SUnreclaim:        53676 kB
KernelStack:       15408 kB
PageTables:        15004 kB
NFS_Unstable:          0 kB
Bounce:                0 kB
WritebackTmp:          0 kB
CommitLimit:     1450072 kB
Committed_AS:   26020460 kB
VmallocTotal:   251658176 kB
VmallocUsed:       99564 kB
VmallocChunk:   251482716 kB


[2024-11-20 02:26:22]
MemTotal:        1858332 kB
MemFree:          118620 kB
Buffers:             916 kB
Cached:          1186344 kB
SwapCached:        16512 kB
Active:           467780 kB
Inactive:         765668 kB
Active(anon):      81812 kB
Inactive(anon):    64832 kB
Active(file):     385968 kB
Inactive(file):   700836 kB
Unevictable:       99496 kB
Mlocked:           94212 kB
SwapTotal:        520908 kB
SwapFree:         366916 kB
Dirty:             41280 kB
Writeback:             0 kB
AnonPages:        144860 kB
Mapped:           681028 kB
Shmem:               816 kB
Slab:              92020 kB
SReclaimable:      38472 kB
SUnreclaim:        53548 kB
KernelStack:       15344 kB
PageTables:        15068 kB
NFS_Unstable:          0 kB
Bounce:                0 kB
WritebackTmp:          0 kB
CommitLimit:     1450072 kB
Committed_AS:   26020544 kB
VmallocTotal:   251658176 kB
VmallocUsed:       99564 kB
VmallocChunk:   251482716 kB


[2024-11-20 02:26:22]
MemTotal:        1858332 kB
MemFree:          118988 kB
Buffers:             904 kB
Cached:          1187852 kB
SwapCached:        16492 kB
Active:           508812 kB
Inactive:         725996 kB
Active(anon):      82272 kB
Inactive(anon):    64096 kB
Active(file):     426540 kB
Inactive(file):   661900 kB
Unevictable:       99496 kB
Mlocked:           94212 kB
SwapTotal:        520908 kB
SwapFree:         366824 kB
Dirty:              9984 kB
Writeback:             0 kB
AnonPages:        144516 kB
Mapped:           709468 kB
Shmem:               816 kB
Slab:              91144 kB
SReclaimable:      37604 kB
SUnreclaim:        53540 kB
KernelStack:       15344 kB
PageTables:        15132 kB
NFS_Unstable:          0 kB
Bounce:                0 kB
WritebackTmp:          0 kB
CommitLimit:     1450072 kB
Committed_AS:   26020412 kB
VmallocTotal:   251658176 kB
VmallocUsed:       99564 kB
VmallocChunk:   251482716 kB


[2024-11-20 02:26:22]
MemTotal:        1858332 kB
MemFree:          121720 kB
Buffers:             876 kB
Cached:          1185188 kB
SwapCached:        16460 kB
Active:           564920 kB
Inactive:         667620 kB
Active(anon):      83772 kB
Inactive(anon):    62844 kB
Active(file):     481148 kB
Inactive(file):   604776 kB
Unevictable:       99496 kB
Mlocked:           94212 kB
SwapTotal:        520908 kB
SwapFree:         366740 kB
Dirty:             19504 kB
Writeback:         34388 kB
AnonPages:        144864 kB
Mapped:           747860 kB
Shmem:               816 kB
Slab:              90064 kB
SReclaimable:      36592 kB
SUnreclaim:        53472 kB
KernelStack:       15376 kB
PageTables:        15236 kB
NFS_Unstable:          0 kB
Bounce:                0 kB
WritebackTmp:          0 kB
CommitLimit:     1450072 kB
Committed_AS:   26020468 kB
VmallocTotal:   251658176 kB
VmallocUsed:       99564 kB
VmallocChunk:   251482716 kB


[2024-11-20 02:26:22]
MemTotal:        1858332 kB
MemFree:          120312 kB
Buffers:             868 kB
Cached:          1187844 kB
SwapCached:        16440 kB
Active:           608776 kB
Inactive:         625340 kB
Active(anon):      84076 kB
Inactive(anon):    61868 kB
Active(file):     524700 kB
Inactive(file):   563472 kB
Unevictable:       99496 kB
Mlocked:           94212 kB
SwapTotal:        520908 kB
SwapFree:         366628 kB
Dirty:             56304 kB
Writeback:             0 kB
AnonPages:        144500 kB
Mapped:           779324 kB
Shmem:               816 kB
Slab:              89244 kB
SReclaimable:      35676 kB
SUnreclaim:        53568 kB
KernelStack:       15344 kB
PageTables:        15280 kB
NFS_Unstable:          0 kB
Bounce:                0 kB
WritebackTmp:          0 kB
CommitLimit:     1450072 kB
Committed_AS:   26020220 kB
VmallocTotal:   251658176 kB
VmallocUsed:       99564 kB
VmallocChunk:   251482716 kB


[2024-11-20 02:26:22]
MemTotal:        1858332 kB
MemFree:          120980 kB
Buffers:             872 kB
Cached:          1204432 kB
SwapCached:        16424 kB
Active:           631568 kB
Inactive:         613372 kB
Active(anon):      79308 kB
Inactive(anon):    61076 kB
Active(file):     552260 kB
Inactive(file):   552296 kB
Unevictable:       99496 kB
Mlocked:           94212 kB
SwapTotal:        520908 kB
SwapFree:         366564 kB
Dirty:             25888 kB
Writeback:             0 kB
AnonPages:        138428 kB
Mapped:           808868 kB
Shmem:               816 kB
Slab:              88892 kB
SReclaimable:      35240 kB
SUnreclaim:        53652 kB
KernelStack:       15344 kB
PageTables:        15304 kB
NFS_Unstable:          0 kB
Bounce:                0 kB
WritebackTmp:          0 kB
CommitLimit:     1450072 kB
Committed_AS:   26020300 kB
VmallocTotal:   251658176 kB
VmallocUsed:       99564 kB
VmallocChunk:   251482716 kB


[2024-11-20 02:26:22]
MemTotal:        1858332 kB
MemFree:          122508 kB
Buffers:             876 kB
Cached:          1203764 kB
SwapCached:        16404 kB
Active:           632972 kB
Inactive:         612008 kB
Active(anon):      80824 kB
Inactive(anon):    59700 kB
Active(file):     552148 kB
Inactive(file):   552308 kB
Unevictable:       99496 kB
Mlocked:           94212 kB
SwapTotal:        520908 kB
SwapFree:         366460 kB
Dirty:             22024 kB
Writeback:          4304 kB
AnonPages:        138756 kB
Mapped:           841968 kB
Shmem:               812 kB
Slab:              88112 kB
SReclaimable:      34512 kB
SUnreclaim:        53600 kB
KernelStack:       15344 kB
PageTables:        15380 kB
NFS_Unstable:          0 kB
Bounce:                0 kB
WritebackTmp:          0 kB
CommitLimit:     1450072 kB
Committed_AS:   26020548 kB
VmallocTotal:   251658176 kB
VmallocUsed:       99564 kB
VmallocChunk:   251482716 kB


[2024-11-20 02:26:22]
MemTotal:        1858332 kB
MemFree:          122476 kB
Buffers:            1188 kB
Cached:          1202388 kB
SwapCached:        16408 kB
Active:           635248 kB
Inactive:         610788 kB
Active(anon):      83520 kB
Inactive(anon):    58856 kB
Active(file):     551728 kB
Inactive(file):   551932 kB
Unevictable:       99496 kB
Mlocked:           94212 kB
SwapTotal:        520908 kB
SwapFree:         366456 kB
Dirty:             23248 kB
Writeback:             0 kB
AnonPages:        140788 kB
Mapped:           879780 kB
Shmem:               812 kB
Slab:              86924 kB
SReclaimable:      33388 kB
SUnreclaim:        53536 kB
KernelStack:       15424 kB
PageTables:        15540 kB
NFS_Unstable:          0 kB
Bounce:                0 kB
WritebackTmp:          0 kB
CommitLimit:     1450072 kB
Committed_AS:   26023068 kB
VmallocTotal:   251658176 kB
VmallocUsed:       99564 kB
VmallocChunk:   251482716 kB


[2024-11-20 02:26:22]
MemTotal:        1858332 kB
MemFree:          116716 kB
Buffers:            1200 kB
Cached:          1204540 kB
SwapCached:        16408 kB
Active:           640996 kB
Inactive:         611512 kB
Active(anon):      89064 kB
Inactive(anon):    57980 kB
Active(file):     551932 kB
Inactive(file):   553532 kB
Unevictable:       99496 kB
Mlocked:           94212 kB
SwapTotal:        520908 kB
SwapFree:         366460 kB
Dirty:             55240 kB
Writeback:             0 kB
AnonPages:        145372 kB
Mapped:           916812 kB
Shmem:               812 kB
Slab:              86064 kB
SReclaimable:      32384 kB
SUnreclaim:        53680 kB
KernelStack:       15472 kB
PageTables:        15700 kB
NFS_Unstable:          0 kB
Bounce:                0 kB
WritebackTmp:          0 kB
CommitLimit:     1450072 kB
Committed_AS:   26117428 kB
VmallocTotal:   251658176 kB
VmallocUsed:       99564 kB
VmallocChunk:   251482716 kB


[2024-11-20 02:26:24]
MemTotal:        1858332 kB
MemFree:          116124 kB
Buffers:             516 kB
Cached:          1206744 kB
SwapCached:        16408 kB
Active:           641484 kB
Inactive:         612596 kB
Active(anon):      89644 kB
Inactive(anon):    57624 kB
Active(file):     551840 kB
Inactive(file):   554972 kB
Unevictable:       99496 kB
Mlocked:           94212 kB
SwapTotal:        520908 kB
SwapFree:         366460 kB
Dirty:             54216 kB
Writeback:            64 kB
AnonPages:        145492 kB
Mapped:           916188 kB
Shmem:               812 kB
Slab:              86020 kB
SReclaimable:      32452 kB
SUnreclaim:        53568 kB
KernelStack:       15472 kB
PageTables:        15764 kB
NFS_Unstable:          0 kB
Bounce:                0 kB
WritebackTmp:          0 kB
CommitLimit:     1450072 kB
Committed_AS:   26117576 kB
VmallocTotal:   251658176 kB
VmallocUsed:       99564 kB
VmallocChunk:   251482716 kB


[2024-11-20 02:26:27]
MemTotal:        1858332 kB
MemFree:          115900 kB
Buffers:             516 kB
Cached:          1205908 kB
SwapCached:        16408 kB
Active:           642432 kB
Inactive:         611084 kB
Active(anon):      89976 kB
Inactive(anon):    57244 kB
Active(file):     552456 kB
Inactive(file):   553840 kB
Unevictable:       99496 kB
Mlocked:           94212 kB
SwapTotal:        520908 kB
SwapFree:         366464 kB
Dirty:             51768 kB
Writeback:             0 kB
AnonPages:        145248 kB
Mapped:           907336 kB
Shmem:               812 kB
Slab:              85800 kB
SReclaimable:      32336 kB
SUnreclaim:        53464 kB
KernelStack:       15472 kB
PageTables:        15808 kB
NFS_Unstable:          0 kB
Bounce:                0 kB
WritebackTmp:          0 kB
CommitLimit:     1450072 kB
Committed_AS:   26117444 kB
VmallocTotal:   251658176 kB
VmallocUsed:       99564 kB
VmallocChunk:   251482716 kB


[2024-11-20 02:26:29]
MemTotal:        1858332 kB
MemFree:          116076 kB
Buffers:             504 kB
Cached:          1205476 kB
SwapCached:        16408 kB
Active:           642716 kB
Inactive:         610708 kB
Active(anon):      90616 kB
Inactive(anon):    57136 kB
Active(file):     552100 kB
Inactive(file):   553572 kB
Unevictable:       99496 kB
Mlocked:           94212 kB
SwapTotal:        520908 kB
SwapFree:         366464 kB
Dirty:             15660 kB
Writeback:             0 kB
AnonPages:        146096 kB
Mapped:           904572 kB
Shmem:               812 kB
Slab:              86060 kB
SReclaimable:      32428 kB
SUnreclaim:        53632 kB
KernelStack:       15472 kB
PageTables:        15824 kB
NFS_Unstable:          0 kB
Bounce:                0 kB
WritebackTmp:          0 kB
CommitLimit:     1450072 kB
Committed_AS:   26117440 kB
VmallocTotal:   251658176 kB
VmallocUsed:       99564 kB
VmallocChunk:   251482716 kB


[2024-11-20 02:26:31]
MemTotal:        1858332 kB
MemFree:          116856 kB
Buffers:             236 kB
Cached:          1203060 kB
SwapCached:        16404 kB
Active:           642852 kB
Inactive:         609060 kB
Active(anon):      91636 kB
Inactive(anon):    56996 kB
Active(file):     551216 kB
Inactive(file):   552064 kB
Unevictable:       99496 kB
Mlocked:           94212 kB
SwapTotal:        520908 kB
SwapFree:         366476 kB
Dirty:             46364 kB
Writeback:             0 kB
AnonPages:        146904 kB
Mapped:           899908 kB
Shmem:               812 kB
Slab:              86304 kB
SReclaimable:      32688 kB
SUnreclaim:        53616 kB
KernelStack:       15472 kB
PageTables:        15836 kB
NFS_Unstable:          0 kB
Bounce:                0 kB
WritebackTmp:          0 kB
CommitLimit:     1450072 kB
Committed_AS:   26117396 kB
VmallocTotal:   251658176 kB
VmallocUsed:       99564 kB
VmallocChunk:   251482716 kB


[2024-11-20 02:26:33]
MemTotal:        1858332 kB
MemFree:          116300 kB
Buffers:             248 kB
Cached:          1204128 kB
SwapCached:        16404 kB
Active:           643336 kB
Inactive:         609124 kB
Active(anon):      91968 kB
Inactive(anon):    56788 kB
Active(file):     551368 kB
Inactive(file):   552336 kB
Unevictable:       99496 kB
Mlocked:           94212 kB
SwapTotal:        520908 kB
SwapFree:         366476 kB
Dirty:             54972 kB
Writeback:             0 kB
AnonPages:        146980 kB
Mapped:           895880 kB
Shmem:               812 kB
Slab:              86288 kB
SReclaimable:      32800 kB
SUnreclaim:        53488 kB
KernelStack:       15472 kB
PageTables:        15880 kB
NFS_Unstable:          0 kB
Bounce:                0 kB
WritebackTmp:          0 kB
CommitLimit:     1450072 kB
Committed_AS:   26117304 kB
VmallocTotal:   251658176 kB
VmallocUsed:       99564 kB
VmallocChunk:   251482716 kB


[2024-11-20 02:26:35]
MemTotal:        1858332 kB
MemFree:          115792 kB
Buffers:             248 kB
Cached:          1204644 kB
SwapCached:        16404 kB
Active:           643528 kB
Inactive:         609864 kB
Active(anon):      92204 kB
Inactive(anon):    56672 kB
Active(file):     551324 kB
Inactive(file):   553192 kB
Unevictable:       99496 kB
Mlocked:           94212 kB
SwapTotal:        520908 kB
SwapFree:         366476 kB
Dirty:             17880 kB
Writeback:             0 kB
AnonPages:        147040 kB
Mapped:           894188 kB
Shmem:               812 kB
Slab:              86392 kB
SReclaimable:      32756 kB
SUnreclaim:        53636 kB
KernelStack:       15472 kB
PageTables:        15900 kB
NFS_Unstable:          0 kB
Bounce:                0 kB
WritebackTmp:          0 kB
CommitLimit:     1450072 kB
Committed_AS:   26117412 kB
VmallocTotal:   251658176 kB
VmallocUsed:       99564 kB
VmallocChunk:   251482716 kB


[2024-11-20 02:26:37]
MemTotal:        1858332 kB
MemFree:          115272 kB
Buffers:             288 kB
Cached:          1202104 kB
SwapCached:        16488 kB
Active:           645852 kB
Inactive:         607396 kB
Active(anon):      94864 kB
Inactive(anon):    56532 kB
Active(file):     550988 kB
Inactive(file):   550864 kB
Unevictable:       99496 kB
Mlocked:           94212 kB
SwapTotal:        520908 kB
SwapFree:         368948 kB
Dirty:             48952 kB
Writeback:             0 kB
AnonPages:        149748 kB
Mapped:           889504 kB
Shmem:               852 kB
Slab:              86388 kB
SReclaimable:      32816 kB
SUnreclaim:        53572 kB
KernelStack:       15472 kB
PageTables:        15924 kB
NFS_Unstable:          0 kB
Bounce:                0 kB
WritebackTmp:          0 kB
CommitLimit:     1450072 kB
Committed_AS:   26117528 kB
VmallocTotal:   251658176 kB
VmallocUsed:       99564 kB
VmallocChunk:   251482716 kB


[2024-11-20 02:26:40]
MemTotal:        1858332 kB
MemFree:          115188 kB
Buffers:             292 kB
Cached:          1202680 kB
SwapCached:        16488 kB
Active:           646096 kB
Inactive:         608252 kB
Active(anon):      95312 kB
Inactive(anon):    56408 kB
Active(file):     550784 kB
Inactive(file):   551844 kB
Unevictable:       99496 kB
Mlocked:           94212 kB
SwapTotal:        520908 kB
SwapFree:         368948 kB
Dirty:             22712 kB
Writeback:         36616 kB
AnonPages:        149952 kB
Mapped:           887580 kB
Shmem:               852 kB
Slab:              86180 kB
SReclaimable:      32672 kB
SUnreclaim:        53508 kB
KernelStack:       15472 kB
PageTables:        15944 kB
NFS_Unstable:          0 kB
Bounce:                0 kB
WritebackTmp:          0 kB
CommitLimit:     1450072 kB
Committed_AS:   26117412 kB
VmallocTotal:   251658176 kB
VmallocUsed:       99564 kB
VmallocChunk:   251482716 kB


[2024-11-20 02:26:42]
MemTotal:        1858332 kB
MemFree:          113920 kB
Buffers:             300 kB
Cached:          1203716 kB
SwapCached:        16488 kB
Active:           646212 kB
Inactive:         609332 kB
Active(anon):      95676 kB
Inactive(anon):    56280 kB
Active(file):     550536 kB
Inactive(file):   553052 kB
Unevictable:       99496 kB
Mlocked:           94212 kB
SwapTotal:        520908 kB
SwapFree:         368940 kB
Dirty:             28968 kB
Writeback:             0 kB
AnonPages:        150268 kB
Mapped:           884936 kB
Shmem:               852 kB
Slab:              86280 kB
SReclaimable:      32820 kB
SUnreclaim:        53460 kB
KernelStack:       15472 kB
PageTables:        15960 kB
NFS_Unstable:          0 kB
Bounce:                0 kB
WritebackTmp:          0 kB
CommitLimit:     1450072 kB
Committed_AS:   26117228 kB
VmallocTotal:   251658176 kB
VmallocUsed:       99564 kB
VmallocChunk:   251482716 kB


[2024-11-20 02:26:44]
MemTotal:        1858332 kB
MemFree:           96160 kB
Buffers:             596 kB
Cached:          1200052 kB
SwapCached:        16488 kB
Active:           667232 kB
Inactive:         606104 kB
Active(anon):     116864 kB
Inactive(anon):    56036 kB
Active(file):     550368 kB
Inactive(file):   550068 kB
Unevictable:       99496 kB
Mlocked:           94212 kB
SwapTotal:        520908 kB
SwapFree:         368936 kB
Dirty:             35660 kB
Writeback:             0 kB
AnonPages:        171204 kB
Mapped:           878036 kB
Shmem:               852 kB
Slab:              85868 kB
SReclaimable:      32480 kB
SUnreclaim:        53388 kB
KernelStack:       15648 kB
PageTables:        16120 kB
NFS_Unstable:          0 kB
Bounce:                0 kB
WritebackTmp:          0 kB
CommitLimit:     1450072 kB
Committed_AS:   26212292 kB
VmallocTotal:   251658176 kB
VmallocUsed:       99564 kB
VmallocChunk:   251482716 kB


[2024-11-20 02:26:46]
MemTotal:        1858332 kB
MemFree:           70180 kB
Buffers:             596 kB
Cached:          1199556 kB
SwapCached:        16488 kB
Active:           692576 kB
Inactive:         606060 kB
Active(anon):     142708 kB
Inactive(anon):    56036 kB
Active(file):     549868 kB
Inactive(file):   550024 kB
Unevictable:       99496 kB
Mlocked:           94212 kB
SwapTotal:        520908 kB
SwapFree:         368936 kB
Dirty:                 0 kB
Writeback:             0 kB
AnonPages:        196848 kB
Mapped:           878692 kB
Shmem:               852 kB
Slab:              85868 kB
SReclaimable:      32480 kB
SUnreclaim:        53388 kB
KernelStack:       15632 kB
PageTables:        16152 kB
NFS_Unstable:          0 kB
Bounce:                0 kB
WritebackTmp:          0 kB
CommitLimit:     1450072 kB
Committed_AS:   26237540 kB
VmallocTotal:   251658176 kB
VmallocUsed:       99564 kB
VmallocChunk:   251482716 kB


[2024-11-20 02:26:48]
MemTotal:        1858332 kB
MemFree:           33464 kB
Buffers:             532 kB
Cached:          1039668 kB
SwapCached:        16484 kB
Active:           769884 kB
Inactive:         569920 kB
Active(anon):     300416 kB
Inactive(anon):    99692 kB
Active(file):     469468 kB
Inactive(file):   470228 kB
Unevictable:       99496 kB
Mlocked:           94212 kB
SwapTotal:        520908 kB
SwapFree:         368704 kB
Dirty:                16 kB
Writeback:             0 kB
AnonPages:        398312 kB
Mapped:           789952 kB
Shmem:               852 kB
Slab:              80392 kB
SReclaimable:      27004 kB
SUnreclaim:        53388 kB
KernelStack:       15632 kB
PageTables:        16428 kB
NFS_Unstable:          0 kB
Bounce:                0 kB
WritebackTmp:          0 kB
CommitLimit:     1450072 kB
Committed_AS:   27036480 kB
VmallocTotal:   251658176 kB
VmallocUsed:       99564 kB
VmallocChunk:   251482716 kB


[2024-11-20 02:26:50]
MemTotal:        1858332 kB
MemFree:           32208 kB
Buffers:             128 kB
Cached:           493068 kB
SwapCached:        15440 kB
Active:           907904 kB
Inactive:         433768 kB
Active(anon):     711836 kB
Inactive(anon):   236996 kB
Active(file):     196068 kB
Inactive(file):   196772 kB
Unevictable:       99496 kB
Mlocked:           94212 kB
SwapTotal:        520908 kB
SwapFree:         368172 kB
Dirty:                16 kB
Writeback:             0 kB
AnonPages:        948216 kB
Mapped:           148992 kB
Shmem:               852 kB
Slab:              78824 kB
SReclaimable:      25300 kB
SUnreclaim:        53524 kB
KernelStack:       15632 kB
PageTables:        17584 kB
NFS_Unstable:          0 kB
Bounce:                0 kB
WritebackTmp:          0 kB
CommitLimit:     1450072 kB
Committed_AS:   27036404 kB
VmallocTotal:   251658176 kB
VmallocUsed:       99564 kB
VmallocChunk:   251482716 kB


[2024-11-20 02:26:53]
MemTotal:        1858332 kB
MemFree:           42992 kB
Buffers:             120 kB
Cached:           184700 kB
SwapCached:        15344 kB
Active:          1002428 kB
Inactive:         350652 kB
Active(anon):     962708 kB
Inactive(anon):   306212 kB
Active(file):      39720 kB
Inactive(file):    44440 kB
Unevictable:       99496 kB
Mlocked:           94212 kB
SwapTotal:        520908 kB
SwapFree:         367696 kB
Dirty:                20 kB
Writeback:             0 kB
AnonPages:       1268044 kB
Mapped:           113428 kB
Shmem:               848 kB
Slab:              78168 kB
SReclaimable:      24864 kB
SUnreclaim:        53304 kB
KernelStack:       15200 kB
PageTables:        15464 kB
NFS_Unstable:          0 kB
Bounce:                0 kB
WritebackTmp:          0 kB
CommitLimit:     1450072 kB
Committed_AS:   20274028 kB
VmallocTotal:   251658176 kB
VmallocUsed:       93244 kB
VmallocChunk:   251482716 kB


[2024-11-20 02:26:55]
MemTotal:        1858332 kB
MemFree:           29988 kB
Buffers:             408 kB
Cached:           200260 kB
SwapCached:        15044 kB
Active:           997584 kB
Inactive:         373340 kB
Active(anon):     952676 kB
Inactive(anon):   317700 kB
Active(file):      44908 kB
Inactive(file):    55640 kB
Unevictable:       99496 kB
Mlocked:           94212 kB
SwapTotal:        520908 kB
SwapFree:         365564 kB
Dirty:                 8 kB
Writeback:             0 kB
AnonPages:       1269212 kB
Mapped:           128812 kB
Shmem:               712 kB
Slab:              78072 kB
SReclaimable:      24836 kB
SUnreclaim:        53236 kB
KernelStack:       14976 kB
PageTables:        16132 kB
NFS_Unstable:          0 kB
Bounce:                0 kB
WritebackTmp:          0 kB
CommitLimit:     1450072 kB
Committed_AS:   22195252 kB
VmallocTotal:   251658176 kB
VmallocUsed:       94264 kB
VmallocChunk:   251482716 kB


[2024-11-20 02:26:58]
MemTotal:        1858332 kB
MemFree:           36056 kB
Buffers:             388 kB
Cached:           198852 kB
SwapCached:        14992 kB
Active:           997096 kB
Inactive:         370736 kB
Active(anon):     951040 kB
Inactive(anon):   317932 kB
Active(file):      46056 kB
Inactive(file):    52804 kB
Unevictable:       99496 kB
Mlocked:           94212 kB
SwapTotal:        520908 kB
SwapFree:         363968 kB
Dirty:                48 kB
Writeback:             0 kB
AnonPages:       1267692 kB
Mapped:           125384 kB
Shmem:               712 kB
Slab:              78152 kB
SReclaimable:      24788 kB
SUnreclaim:        53364 kB
KernelStack:       14832 kB
PageTables:        15536 kB
NFS_Unstable:          0 kB
Bounce:                0 kB
WritebackTmp:          0 kB
CommitLimit:     1450072 kB
Committed_AS:   20273988 kB
VmallocTotal:   251658176 kB
VmallocUsed:       93244 kB
VmallocChunk:   251482716 kB


[2024-11-20 02:27:00]
MemTotal:        1858332 kB
MemFree:           32972 kB
Buffers:             388 kB
Cached:           200824 kB
SwapCached:        14992 kB
Active:           997732 kB
Inactive:         372844 kB
Active(anon):     951548 kB
Inactive(anon):   317832 kB
Active(file):      46184 kB
Inactive(file):    55012 kB
Unevictable:       99496 kB
Mlocked:           94212 kB
SwapTotal:        520908 kB
SwapFree:         363968 kB
Dirty:                40 kB
Writeback:             0 kB
AnonPages:       1267880 kB
Mapped:           125412 kB
Shmem:               712 kB
Slab:              78144 kB
SReclaimable:      24788 kB
SUnreclaim:        53356 kB
KernelStack:       14816 kB
PageTables:        15552 kB
NFS_Unstable:          0 kB
Bounce:                0 kB
WritebackTmp:          0 kB
CommitLimit:     1450072 kB
Committed_AS:   20274008 kB
VmallocTotal:   251658176 kB
VmallocUsed:       93244 kB
VmallocChunk:   251482716 kB


[2024-11-20 02:27:02]
MemTotal:        1858332 kB
MemFree:           38956 kB
Buffers:             396 kB
Cached:           191672 kB
SwapCached:        14992 kB
Active:           998972 kB
Inactive:         364656 kB
Active(anon):     952440 kB
Inactive(anon):   319112 kB
Active(file):      46532 kB
Inactive(file):    45544 kB
Unevictable:       99496 kB
Mlocked:           94212 kB
SwapTotal:        520908 kB
SwapFree:         363980 kB
Dirty:                40 kB
Writeback:             0 kB
AnonPages:       1269908 kB
Mapped:           126992 kB
Shmem:               712 kB
Slab:              78112 kB
SReclaimable:      24788 kB
SUnreclaim:        53324 kB
KernelStack:       14992 kB
PageTables:        16168 kB
NFS_Unstable:          0 kB
Bounce:                0 kB
WritebackTmp:          0 kB
CommitLimit:     1450072 kB
Committed_AS:   24115364 kB
VmallocTotal:   251658176 kB
VmallocUsed:       95284 kB
VmallocChunk:   251482716 kB


[2024-11-20 02:27:05]
MemTotal:        1858332 kB
MemFree:           38100 kB
Buffers:             480 kB
Cached:           194424 kB
SwapCached:        14996 kB
Active:           998828 kB
Inactive:         365960 kB
Active(anon):     951284 kB
Inactive(anon):   318612 kB
Active(file):      47544 kB
Inactive(file):    47348 kB
Unevictable:       99496 kB
Mlocked:           94212 kB
SwapTotal:        520908 kB
SwapFree:         363952 kB
Dirty:                 0 kB
Writeback:             0 kB
AnonPages:       1268404 kB
Mapped:           125376 kB
Shmem:               712 kB
Slab:              78108 kB
SReclaimable:      24788 kB
SUnreclaim:        53320 kB
KernelStack:       14784 kB
PageTables:        15532 kB
NFS_Unstable:          0 kB
Bounce:                0 kB
WritebackTmp:          0 kB
CommitLimit:     1450072 kB
Committed_AS:   20274052 kB
VmallocTotal:   251658176 kB
VmallocUsed:       93244 kB
VmallocChunk:   251482716 kB


[2024-11-20 02:27:07]
MemTotal:        1858332 kB
MemFree:           32988 kB
Buffers:             308 kB
Cached:           200236 kB
SwapCached:        14992 kB
Active:          1000664 kB
Inactive:         370100 kB
Active(anon):     952768 kB
Inactive(anon):   317748 kB
Active(file):      47896 kB
Inactive(file):    52352 kB
Unevictable:       99496 kB
Mlocked:           94212 kB
SwapTotal:        520908 kB
SwapFree:         363560 kB
Dirty:                 0 kB
Writeback:             0 kB
AnonPages:       1269064 kB
Mapped:           128400 kB
Shmem:               712 kB
Slab:              78172 kB
SReclaimable:      24804 kB
SUnreclaim:        53368 kB
KernelStack:       14784 kB
PageTables:        15536 kB
NFS_Unstable:          0 kB
Bounce:                0 kB
WritebackTmp:          0 kB
CommitLimit:     1450072 kB
Committed_AS:   20274100 kB
VmallocTotal:   251658176 kB
VmallocUsed:       93244 kB
VmallocChunk:   251482716 kB


[2024-11-20 02:27:10]
MemTotal:        1858332 kB
MemFree:           41604 kB
Buffers:             308 kB
Cached:           199100 kB
SwapCached:        14992 kB
Active:           998072 kB
Inactive:         365040 kB
Active(anon):     950064 kB
Inactive(anon):   313636 kB
Active(file):      48008 kB
Inactive(file):    51404 kB
Unevictable:       99496 kB
Mlocked:           94212 kB
SwapTotal:        520908 kB
SwapFree:         363596 kB
Dirty:                28 kB
Writeback:             0 kB
AnonPages:       1262340 kB
Mapped:           127656 kB
Shmem:               712 kB
Slab:              78128 kB
SReclaimable:      24820 kB
SUnreclaim:        53308 kB
KernelStack:       14784 kB
PageTables:        15524 kB
NFS_Unstable:          0 kB
Bounce:                0 kB
WritebackTmp:          0 kB
CommitLimit:     1450072 kB
Committed_AS:   20273808 kB
VmallocTotal:   251658176 kB
VmallocUsed:       93244 kB
VmallocChunk:   251482716 kB


[2024-11-20 02:27:12]
MemTotal:        1858332 kB
MemFree:           40932 kB
Buffers:             308 kB
Cached:           199208 kB
SwapCached:        14992 kB
Active:           998896 kB
Inactive:         365164 kB
Active(anon):     950888 kB
Inactive(anon):   313608 kB
Active(file):      48008 kB
Inactive(file):    51556 kB
Unevictable:       99496 kB
Mlocked:           94212 kB
SwapTotal:        520908 kB
SwapFree:         363604 kB
Dirty:                28 kB
Writeback:             0 kB
AnonPages:       1263044 kB
Mapped:           127672 kB
Shmem:               712 kB
Slab:              78128 kB
SReclaimable:      24820 kB
SUnreclaim:        53308 kB
KernelStack:       14784 kB
PageTables:        15524 kB
NFS_Unstable:          0 kB
Bounce:                0 kB
WritebackTmp:          0 kB
CommitLimit:     1450072 kB
Committed_AS:   20273824 kB
VmallocTotal:   251658176 kB
VmallocUsed:       93244 kB
VmallocChunk:   251482716 kB


[2024-11-20 02:27:15]
MemTotal:        1858332 kB
MemFree:           42352 kB
Buffers:             308 kB
Cached:           199208 kB
SwapCached:        14992 kB
Active:           998108 kB
Inactive:         364312 kB
Active(anon):     950100 kB
Inactive(anon):   312756 kB
Active(file):      48008 kB
Inactive(file):    51556 kB
Unevictable:       99496 kB
Mlocked:           94212 kB
SwapTotal:        520908 kB
SwapFree:         363604 kB
Dirty:                 0 kB
Writeback:             0 kB
AnonPages:       1261580 kB
Mapped:           127864 kB
Shmem:               712 kB
Slab:              78128 kB
SReclaimable:      24820 kB
SUnreclaim:        53308 kB
KernelStack:       14768 kB
PageTables:        15524 kB
NFS_Unstable:          0 kB
Bounce:                0 kB
WritebackTmp:          0 kB
CommitLimit:     1450072 kB
Committed_AS:   20273848 kB
VmallocTotal:   251658176 kB
VmallocUsed:       93244 kB
VmallocChunk:   251482716 kB


[2024-11-20 02:27:17]
MemTotal:        1858332 kB
MemFree:           39724 kB
Buffers:             308 kB
Cached:           201752 kB
SwapCached:        14992 kB
Active:           998628 kB
Inactive:         366728 kB
Active(anon):     950620 kB
Inactive(anon):   312664 kB
Active(file):      48008 kB
Inactive(file):    54064 kB
Unevictable:       99496 kB
Mlocked:           94212 kB
SwapTotal:        520908 kB
SwapFree:         363644 kB
Dirty:                 0 kB
Writeback:             0 kB
AnonPages:       1261924 kB
Mapped:           128072 kB
Shmem:               712 kB
Slab:              78128 kB
SReclaimable:      24820 kB
SUnreclaim:        53308 kB
KernelStack:       14800 kB
PageTables:        15556 kB
NFS_Unstable:          0 kB
Bounce:                0 kB
WritebackTmp:          0 kB
CommitLimit:     1450072 kB
Committed_AS:   20273960 kB
VmallocTotal:   251658176 kB
VmallocUsed:       93244 kB
VmallocChunk:   251482716 kB


[2024-11-20 02:27:20]
MemTotal:        1858332 kB
MemFree:           37872 kB
Buffers:             320 kB
Cached:           200324 kB
SwapCached:        15000 kB
Active:           999160 kB
Inactive:         366984 kB
Active(anon):     951120 kB
Inactive(anon):   314460 kB
Active(file):      48040 kB
Inactive(file):    52524 kB
Unevictable:       99496 kB
Mlocked:           94212 kB
SwapTotal:        520908 kB
SwapFree:         363672 kB
Dirty:                 0 kB
Writeback:             0 kB
AnonPages:       1264444 kB
Mapped:           132024 kB
Shmem:               712 kB
Slab:              78128 kB
SReclaimable:      24820 kB
SUnreclaim:        53308 kB
KernelStack:       14976 kB
PageTables:        16156 kB
NFS_Unstable:          0 kB
Bounce:                0 kB
WritebackTmp:          0 kB
CommitLimit:     1450072 kB
Committed_AS:   22195360 kB
VmallocTotal:   251658176 kB
VmallocUsed:       94264 kB
VmallocChunk:   251482716 kB


[2024-11-20 02:27:23]
MemTotal:        1858332 kB
MemFree:           35776 kB
Buffers:             280 kB
Cached:           195356 kB
SwapCached:        15020 kB
Active:          1001340 kB
Inactive:         366528 kB
Active(anon):     953988 kB
Inactive(anon):   318096 kB
Active(file):      47352 kB
Inactive(file):    48432 kB
Unevictable:       99496 kB
Mlocked:           94212 kB
SwapTotal:        520908 kB
SwapFree:         363848 kB
Dirty:                28 kB
Writeback:             0 kB
AnonPages:       1270604 kB
Mapped:           134952 kB
Shmem:               712 kB
Slab:              78032 kB
SReclaimable:      24820 kB
SUnreclaim:        53212 kB
KernelStack:       15168 kB
PageTables:        16804 kB
NFS_Unstable:          0 kB
Bounce:                0 kB
WritebackTmp:          0 kB
CommitLimit:     1450072 kB
Committed_AS:   24115568 kB
VmallocTotal:   251658176 kB
VmallocUsed:       95284 kB
VmallocChunk:   251482716 kB


[2024-11-20 02:27:26]
MemTotal:        1858332 kB
MemFree:           39648 kB
Buffers:             404 kB
Cached:           200800 kB
SwapCached:        15144 kB
Active:           992124 kB
Inactive:         372432 kB
Active(anon):     944936 kB
Inactive(anon):   318624 kB
Active(file):      47188 kB
Inactive(file):    53808 kB
Unevictable:       99496 kB
Mlocked:           94212 kB
SwapTotal:        520908 kB
SwapFree:         363224 kB
Dirty:                84 kB
Writeback:             0 kB
AnonPages:       1261812 kB
Mapped:           130032 kB
Shmem:               712 kB
Slab:              78012 kB
SReclaimable:      24820 kB
SUnreclaim:        53192 kB
KernelStack:       14784 kB
PageTables:        15616 kB
NFS_Unstable:          0 kB
Bounce:                0 kB
WritebackTmp:          0 kB
CommitLimit:     1450072 kB
Committed_AS:   20273852 kB
VmallocTotal:   251658176 kB
VmallocUsed:       93244 kB
VmallocChunk:   251482716 kB


[2024-11-20 02:27:28]
MemTotal:        1858332 kB
MemFree:           39252 kB
Buffers:             404 kB
Cached:           201624 kB
SwapCached:        15140 kB
Active:           992484 kB
Inactive:         373256 kB
Active(anon):     945192 kB
Inactive(anon):   318592 kB
Active(file):      47292 kB
Inactive(file):    54664 kB
Unevictable:       99496 kB
Mlocked:           94212 kB
SwapTotal:        520908 kB
SwapFree:         363260 kB
Dirty:                 0 kB
Writeback:             0 kB
AnonPages:       1262284 kB
Mapped:           130432 kB
Shmem:               712 kB
Slab:              78012 kB
SReclaimable:      24820 kB
SUnreclaim:        53192 kB
KernelStack:       14784 kB
PageTables:        15564 kB
NFS_Unstable:          0 kB
Bounce:                0 kB
WritebackTmp:          0 kB
CommitLimit:     1450072 kB
Committed_AS:   20274720 kB
VmallocTotal:   251658176 kB
VmallocUsed:       93244 kB
VmallocChunk:   251482716 kB


[2024-11-20 02:27:31]
MemTotal:        1858332 kB
MemFree:           38940 kB
Buffers:             412 kB
Cached:           201664 kB
SwapCached:        15140 kB
Active:           992880 kB
Inactive:         373364 kB
Active(anon):     945588 kB
Inactive(anon):   318540 kB
Active(file):      47292 kB
Inactive(file):    54824 kB
Unevictable:       99496 kB
Mlocked:           94212 kB
SwapTotal:        520908 kB
SwapFree:         363264 kB
Dirty:                16 kB
Writeback:             0 kB
AnonPages:       1262480 kB
Mapped:           130416 kB
Shmem:               712 kB
Slab:              78012 kB
SReclaimable:      24820 kB
SUnreclaim:        53192 kB
KernelStack:       14784 kB
PageTables:        15572 kB
NFS_Unstable:          0 kB
Bounce:                0 kB
WritebackTmp:          0 kB
CommitLimit:     1450072 kB
Committed_AS:   20274816 kB
VmallocTotal:   251658176 kB
VmallocUsed:       93244 kB
VmallocChunk:   251482716 kB


[2024-11-20 02:27:33]
MemTotal:        1858332 kB
MemFree:           38196 kB
Buffers:             412 kB
Cached:           201784 kB
SwapCached:        15140 kB
Active:           993040 kB
Inactive:         373472 kB
Active(anon):     945748 kB
Inactive(anon):   318528 kB
Active(file):      47292 kB
Inactive(file):    54944 kB
Unevictable:       99496 kB
Mlocked:           94212 kB
SwapTotal:        520908 kB
SwapFree:         363264 kB
Dirty:                16 kB
Writeback:             0 kB
AnonPages:       1262776 kB
Mapped:           130296 kB
Shmem:               712 kB
Slab:              78012 kB
SReclaimable:      24820 kB
SUnreclaim:        53192 kB
KernelStack:       14768 kB
PageTables:        15532 kB
NFS_Unstable:          0 kB
Bounce:                0 kB
WritebackTmp:          0 kB
CommitLimit:     1450072 kB
Committed_AS:   20274580 kB
VmallocTotal:   251658176 kB
VmallocUsed:       93244 kB
VmallocChunk:   251482716 kB


[2024-11-20 02:27:36]
MemTotal:        1858332 kB
MemFree:           38824 kB
Buffers:             416 kB
Cached:           200832 kB
SwapCached:        15136 kB
Active:           993692 kB
Inactive:         372128 kB
Active(anon):     946400 kB
Inactive(anon):   318124 kB
Active(file):      47292 kB
Inactive(file):    54004 kB
Unevictable:       99496 kB
Mlocked:           94212 kB
SwapTotal:        520908 kB
SwapFree:         363264 kB
Dirty:                 0 kB
Writeback:             0 kB
AnonPages:       1262880 kB
Mapped:           130588 kB
Shmem:               712 kB
Slab:              77996 kB
SReclaimable:      24804 kB
SUnreclaim:        53192 kB
KernelStack:       14800 kB
PageTables:        15548 kB
NFS_Unstable:          0 kB
Bounce:                0 kB
WritebackTmp:          0 kB
CommitLimit:     1450072 kB
Committed_AS:   20274648 kB
VmallocTotal:   251658176 kB
VmallocUsed:       93244 kB
VmallocChunk:   251482716 kB


[2024-11-20 02:27:39]
MemTotal:        1858332 kB
MemFree:           39044 kB
Buffers:             416 kB
Cached:           200832 kB
SwapCached:        15136 kB
Active:           993564 kB
Inactive:         372056 kB
Active(anon):     946272 kB
Inactive(anon):   318052 kB
Active(file):      47292 kB
Inactive(file):    54004 kB
Unevictable:       99496 kB
Mlocked:           94212 kB
SwapTotal:        520908 kB
SwapFree:         363264 kB
Dirty:                 0 kB
Writeback:             0 kB
AnonPages:       1262740 kB
Mapped:           130504 kB
Shmem:               712 kB
Slab:              77996 kB
SReclaimable:      24804 kB
SUnreclaim:        53192 kB
KernelStack:       14768 kB
PageTables:        15532 kB
NFS_Unstable:          0 kB
Bounce:                0 kB
WritebackTmp:          0 kB
CommitLimit:     1450072 kB
Committed_AS:   20274780 kB
VmallocTotal:   251658176 kB
VmallocUsed:       93244 kB
VmallocChunk:   251482716 kB


[2024-11-20 02:27:41]
MemTotal:        1858332 kB
MemFree:           39008 kB
Buffers:             416 kB
Cached:           200832 kB
SwapCached:        15136 kB
Active:           993676 kB
Inactive:         372044 kB
Active(anon):     946384 kB
Inactive(anon):   318040 kB
Active(file):      47292 kB
Inactive(file):    54004 kB
Unevictable:       99496 kB
Mlocked:           94212 kB
SwapTotal:        520908 kB
SwapFree:         363264 kB
Dirty:                 0 kB
Writeback:             0 kB
AnonPages:       1262684 kB
Mapped:           130848 kB
Shmem:               712 kB
Slab:              77996 kB
SReclaimable:      24804 kB
SUnreclaim:        53192 kB
KernelStack:       14784 kB
PageTables:        15556 kB
NFS_Unstable:          0 kB
Bounce:                0 kB
WritebackTmp:          0 kB
CommitLimit:     1450072 kB
Committed_AS:   20274784 kB
VmallocTotal:   251658176 kB
VmallocUsed:       93244 kB
VmallocChunk:   251482716 kB


[2024-11-20 02:27:44]
MemTotal:        1858332 kB
MemFree:           38852 kB
Buffers:             416 kB
Cached:           200832 kB
SwapCached:        15136 kB
Active:           993736 kB
Inactive:         372044 kB
Active(anon):     946444 kB
Inactive(anon):   318040 kB
Active(file):      47292 kB
Inactive(file):    54004 kB
Unevictable:       99496 kB
Mlocked:           94212 kB
SwapTotal:        520908 kB
SwapFree:         363264 kB
Dirty:                 0 kB
Writeback:             0 kB
AnonPages:       1262940 kB
Mapped:           130688 kB
Shmem:               712 kB
Slab:              77996 kB
SReclaimable:      24804 kB
SUnreclaim:        53192 kB
KernelStack:       14768 kB
PageTables:        15532 kB
NFS_Unstable:          0 kB
Bounce:                0 kB
WritebackTmp:          0 kB
CommitLimit:     1450072 kB
Committed_AS:   20274824 kB
VmallocTotal:   251658176 kB
VmallocUsed:       93244 kB
VmallocChunk:   251482716 kB


[2024-11-20 02:27:46]
MemTotal:        1858332 kB
MemFree:           38764 kB
Buffers:             416 kB
Cached:           200904 kB
SwapCached:        15136 kB
Active:           994172 kB
Inactive:         372112 kB
Active(anon):     946880 kB
Inactive(anon):   318036 kB
Active(file):      47292 kB
Inactive(file):    54076 kB
Unevictable:       99496 kB
Mlocked:           94212 kB
SwapTotal:        520908 kB
SwapFree:         363268 kB
Dirty:                 0 kB
Writeback:             0 kB
AnonPages:       1263252 kB
Mapped:           130676 kB
Shmem:               712 kB
Slab:              77996 kB
SReclaimable:      24804 kB
SUnreclaim:        53192 kB
KernelStack:       14800 kB
PageTables:        15552 kB
NFS_Unstable:          0 kB
Bounce:                0 kB
WritebackTmp:          0 kB
CommitLimit:     1450072 kB
Committed_AS:   20274728 kB
VmallocTotal:   251658176 kB
VmallocUsed:       93244 kB
VmallocChunk:   251482716 kB


[2024-11-20 02:27:49]
MemTotal:        1858332 kB
MemFree:           37516 kB
Buffers:             416 kB
Cached:           201200 kB
SwapCached:        15136 kB
Active:           994920 kB
Inactive:         372408 kB
Active(anon):     947628 kB
Inactive(anon):   318036 kB
Active(file):      47292 kB
Inactive(file):    54372 kB
Unevictable:       99496 kB
Mlocked:           94212 kB
SwapTotal:        520908 kB
SwapFree:         363268 kB
Dirty:                 0 kB
Writeback:             0 kB
AnonPages:       1264048 kB
Mapped:           130708 kB
Shmem:               712 kB
Slab:              77996 kB
SReclaimable:      24804 kB
SUnreclaim:        53192 kB
KernelStack:       14768 kB
PageTables:        15532 kB
NFS_Unstable:          0 kB
Bounce:                0 kB
WritebackTmp:          0 kB
CommitLimit:     1450072 kB
Committed_AS:   20274732 kB
VmallocTotal:   251658176 kB
VmallocUsed:       93244 kB
VmallocChunk:   251482716 kB


[2024-11-20 02:27:51]
MemTotal:        1858332 kB
MemFree:           37372 kB
Buffers:             416 kB
Cached:           201244 kB
SwapCached:        15140 kB
Active:           995052 kB
Inactive:         372452 kB
Active(anon):     947760 kB
Inactive(anon):   318036 kB
Active(file):      47292 kB
Inactive(file):    54416 kB
Unevictable:       99496 kB
Mlocked:           94212 kB
SwapTotal:        520908 kB
SwapFree:         363268 kB
Dirty:                 0 kB
Writeback:             0 kB
AnonPages:       1263980 kB
Mapped:           130624 kB
Shmem:               712 kB
Slab:              77996 kB
SReclaimable:      24804 kB
SUnreclaim:        53192 kB
KernelStack:       14800 kB
PageTables:        15552 kB
NFS_Unstable:          0 kB
Bounce:                0 kB
WritebackTmp:          0 kB
CommitLimit:     1450072 kB
Committed_AS:   20274688 kB
VmallocTotal:   251658176 kB
VmallocUsed:       93244 kB
VmallocChunk:   251482716 kB


[2024-11-20 02:27:54]
MemTotal:        1858332 kB
MemFree:           36956 kB
Buffers:             416 kB
Cached:           201484 kB
SwapCached:        15140 kB
Active:           995236 kB
Inactive:         372664 kB
Active(anon):     947944 kB
Inactive(anon):   318024 kB
Active(file):      47292 kB
Inactive(file):    54640 kB
Unevictable:       99496 kB
Mlocked:           94212 kB
SwapTotal:        520908 kB
SwapFree:         363268 kB
Dirty:                 0 kB
Writeback:             0 kB
AnonPages:       1264216 kB
Mapped:           130720 kB
Shmem:               712 kB
Slab:              77996 kB
SReclaimable:      24804 kB
SUnreclaim:        53192 kB
KernelStack:       14768 kB
PageTables:        15532 kB
NFS_Unstable:          0 kB
Bounce:                0 kB
WritebackTmp:          0 kB
CommitLimit:     1450072 kB
Committed_AS:   20274784 kB
VmallocTotal:   251658176 kB
VmallocUsed:       93244 kB
VmallocChunk:   251482716 kB


[2024-11-20 02:27:56]
MemTotal:        1858332 kB
MemFree:           36940 kB
Buffers:             416 kB
Cached:           201492 kB
SwapCached:        15132 kB
Active:           995412 kB
Inactive:         372660 kB
Active(anon):     948120 kB
Inactive(anon):   318004 kB
Active(file):      47292 kB
Inactive(file):    54656 kB
Unevictable:       99496 kB
Mlocked:           94212 kB
SwapTotal:        520908 kB
SwapFree:         363460 kB
Dirty:                 0 kB
Writeback:             0 kB
AnonPages:       1264460 kB
Mapped:           130748 kB
Shmem:               712 kB
Slab:              77996 kB
SReclaimable:      24804 kB
SUnreclaim:        53192 kB
KernelStack:       14768 kB
PageTables:        15532 kB
NFS_Unstable:          0 kB
Bounce:                0 kB
WritebackTmp:          0 kB
CommitLimit:     1450072 kB
Committed_AS:   20274588 kB
VmallocTotal:   251658176 kB
VmallocUsed:       93244 kB
VmallocChunk:   251482716 kB


[2024-11-20 02:27:59]
MemTotal:        1858332 kB
MemFree:           36792 kB
Buffers:             416 kB
Cached:           201492 kB
SwapCached:        15132 kB
Active:           995716 kB
Inactive:         372668 kB
Active(anon):     948424 kB
Inactive(anon):   318004 kB
Active(file):      47292 kB
Inactive(file):    54664 kB
Unevictable:       99496 kB
Mlocked:           94212 kB
SwapTotal:        520908 kB
SwapFree:         363460 kB
Dirty:                 0 kB
Writeback:             0 kB
AnonPages:       1264956 kB
Mapped:           130752 kB
Shmem:               712 kB
Slab:              77996 kB
SReclaimable:      24804 kB
SUnreclaim:        53192 kB
KernelStack:       14768 kB
PageTables:        15532 kB
NFS_Unstable:          0 kB
Bounce:                0 kB
WritebackTmp:          0 kB
CommitLimit:     1450072 kB
Committed_AS:   20274620 kB
VmallocTotal:   251658176 kB
VmallocUsed:       93244 kB
VmallocChunk:   251482716 kB


[2024-11-20 02:28:01]
MemTotal:        1858332 kB
MemFree:           36376 kB
Buffers:             416 kB
Cached:           201492 kB
SwapCached:        15132 kB
Active:           995748 kB
Inactive:         372672 kB
Active(anon):     948456 kB
Inactive(anon):   318008 kB
Active(file):      47292 kB
Inactive(file):    54664 kB
Unevictable:       99496 kB
Mlocked:           94212 kB
SwapTotal:        520908 kB
SwapFree:         363464 kB
Dirty:                 0 kB
Writeback:             0 kB
AnonPages:       1264988 kB
Mapped:           130548 kB
Shmem:               712 kB
Slab:              77996 kB
SReclaimable:      24804 kB
SUnreclaim:        53192 kB
KernelStack:       14800 kB
PageTables:        15552 kB
NFS_Unstable:          0 kB
Bounce:                0 kB
WritebackTmp:          0 kB
CommitLimit:     1450072 kB
Committed_AS:   20274632 kB
VmallocTotal:   251658176 kB
VmallocUsed:       93244 kB
VmallocChunk:   251482716 kB


[2024-11-20 02:28:04]
MemTotal:        1858332 kB
MemFree:           36260 kB
Buffers:             416 kB
Cached:           201492 kB
SwapCached:        15132 kB
Active:           996060 kB
Inactive:         372672 kB
Active(anon):     948768 kB
Inactive(anon):   318008 kB
Active(file):      47292 kB
Inactive(file):    54664 kB
Unevictable:       99496 kB
Mlocked:           94212 kB
SwapTotal:        520908 kB
SwapFree:         363484 kB
Dirty:                 0 kB
Writeback:             0 kB
AnonPages:       1265092 kB
Mapped:           130684 kB
Shmem:               712 kB
Slab:              77996 kB
SReclaimable:      24804 kB
SUnreclaim:        53192 kB
KernelStack:       14800 kB
PageTables:        15560 kB
NFS_Unstable:          0 kB
Bounce:                0 kB
WritebackTmp:          0 kB
CommitLimit:     1450072 kB
Committed_AS:   20274800 kB
VmallocTotal:   251658176 kB
VmallocUsed:       93244 kB
VmallocChunk:   251482716 kB


[2024-11-20 02:28:07]
MemTotal:        1858332 kB
MemFree:           36356 kB
Buffers:             416 kB
Cached:           201492 kB
SwapCached:        15132 kB
Active:           996060 kB
Inactive:         372672 kB
Active(anon):     948768 kB
Inactive(anon):   318008 kB
Active(file):      47292 kB
Inactive(file):    54664 kB
Unevictable:       99496 kB
Mlocked:           94212 kB
SwapTotal:        520908 kB
SwapFree:         363488 kB
Dirty:                 0 kB
Writeback:             0 kB
AnonPages:       1265404 kB
Mapped:           130756 kB
Shmem:               712 kB
Slab:              77996 kB
SReclaimable:      24804 kB
SUnreclaim:        53192 kB
KernelStack:       14768 kB
PageTables:        15532 kB
NFS_Unstable:          0 kB
Bounce:                0 kB
WritebackTmp:          0 kB
CommitLimit:     1450072 kB
Committed_AS:   20274708 kB
VmallocTotal:   251658176 kB
VmallocUsed:       93244 kB
VmallocChunk:   251482716 kB


[2024-11-20 02:28:09]
MemTotal:        1858332 kB
MemFree:           36112 kB
Buffers:             416 kB
Cached:           201524 kB
SwapCached:        15132 kB
Active:           996440 kB
Inactive:         372712 kB
Active(anon):     949148 kB
Inactive(anon):   318016 kB
Active(file):      47292 kB
Inactive(file):    54696 kB
Unevictable:       99496 kB
Mlocked:           94212 kB
SwapTotal:        520908 kB
SwapFree:         363492 kB
Dirty:                 0 kB
Writeback:             0 kB
AnonPages:       1265480 kB
Mapped:           130924 kB
Shmem:               712 kB
Slab:              77996 kB
SReclaimable:      24804 kB
SUnreclaim:        53192 kB
KernelStack:       14800 kB
PageTables:        15560 kB
NFS_Unstable:          0 kB
Bounce:                0 kB
WritebackTmp:          0 kB
CommitLimit:     1450072 kB
Committed_AS:   20274664 kB
VmallocTotal:   251658176 kB
VmallocUsed:       93244 kB
VmallocChunk:   251482716 kB


[2024-11-20 02:28:12]
MemTotal:        1858332 kB
MemFree:           35792 kB
Buffers:             416 kB
Cached:           201544 kB
SwapCached:        15132 kB
Active:           996656 kB
Inactive:         372712 kB
Active(anon):     949364 kB
Inactive(anon):   318016 kB
Active(file):      47292 kB
Inactive(file):    54696 kB
Unevictable:       99496 kB
Mlocked:           94212 kB
SwapTotal:        520908 kB
SwapFree:         363492 kB
Dirty:                 0 kB
Writeback:             0 kB
AnonPages:       1265428 kB
Mapped:           130592 kB
Shmem:               712 kB
Slab:              77996 kB
SReclaimable:      24804 kB
SUnreclaim:        53192 kB
KernelStack:       14752 kB
PageTables:        15532 kB
NFS_Unstable:          0 kB
Bounce:                0 kB
WritebackTmp:          0 kB
CommitLimit:     1450072 kB
Committed_AS:   20274736 kB
VmallocTotal:   251658176 kB
VmallocUsed:       93244 kB
VmallocChunk:   251482716 kB


[2024-11-20 02:28:14]
MemTotal:        1858332 kB
MemFree:           38132 kB
Buffers:             416 kB
Cached:           198396 kB
SwapCached:        15132 kB
Active:           997076 kB
Inactive:         369348 kB
Active(anon):     949780 kB
Inactive(anon):   317784 kB
Active(file):      47296 kB
Inactive(file):    51564 kB
Unevictable:       99496 kB
Mlocked:           94212 kB
SwapTotal:        520908 kB
SwapFree:         363492 kB
Dirty:                 0 kB
Writeback:             0 kB
AnonPages:       1265848 kB
Mapped:           130812 kB
Shmem:               712 kB
Slab:              77996 kB
SReclaimable:      24804 kB
SUnreclaim:        53192 kB
KernelStack:       14784 kB
PageTables:        15556 kB
NFS_Unstable:          0 kB
Bounce:                0 kB
WritebackTmp:          0 kB
CommitLimit:     1450072 kB
Committed_AS:   20274700 kB
VmallocTotal:   251658176 kB
VmallocUsed:       93244 kB
VmallocChunk:   251482716 kB


[2024-11-20 02:28:17]
MemTotal:        1858332 kB
MemFree:           38000 kB
Buffers:             416 kB
Cached:           198396 kB
SwapCached:        15132 kB
Active:           997252 kB
Inactive:         369348 kB
Active(anon):     949956 kB
Inactive(anon):   317784 kB
Active(file):      47296 kB
Inactive(file):    51564 kB
Unevictable:       99496 kB
Mlocked:           94212 kB
SwapTotal:        520908 kB
SwapFree:         363492 kB
Dirty:                 0 kB
Writeback:             0 kB
AnonPages:       1266084 kB
Mapped:           130768 kB
Shmem:               712 kB
Slab:              77996 kB
SReclaimable:      24804 kB
SUnreclaim:        53192 kB
KernelStack:       14768 kB
PageTables:        15532 kB
NFS_Unstable:          0 kB
Bounce:                0 kB
WritebackTmp:          0 kB
CommitLimit:     1450072 kB
Committed_AS:   20274684 kB
VmallocTotal:   251658176 kB
VmallocUsed:       93244 kB
VmallocChunk:   251482716 kB


[2024-11-20 02:28:19]
MemTotal:        1858332 kB
MemFree:           37660 kB
Buffers:             416 kB
Cached:           198512 kB
SwapCached:        15132 kB
Active:           997252 kB
Inactive:         369464 kB
Active(anon):     949956 kB
Inactive(anon):   317784 kB
Active(file):      47296 kB
Inactive(file):    51680 kB
Unevictable:       99496 kB
Mlocked:           94212 kB
SwapTotal:        520908 kB
SwapFree:         363492 kB
Dirty:                 0 kB
Writeback:             0 kB
AnonPages:       1266128 kB
Mapped:           130836 kB
Shmem:               712 kB
Slab:              77996 kB
SReclaimable:      24804 kB
SUnreclaim:        53192 kB
KernelStack:       14800 kB
PageTables:        15544 kB
NFS_Unstable:          0 kB
Bounce:                0 kB
WritebackTmp:          0 kB
CommitLimit:     1450072 kB
Committed_AS:   20274692 kB
VmallocTotal:   251658176 kB
VmallocUsed:       93244 kB
VmallocChunk:   251482716 kB


[2024-11-20 02:28:22]
MemTotal:        1858332 kB
MemFree:           37828 kB
Buffers:             416 kB
Cached:           198512 kB
SwapCached:        15132 kB
Active:           997688 kB
Inactive:         369460 kB
Active(anon):     950392 kB
Inactive(anon):   317780 kB
Active(file):      47296 kB
Inactive(file):    51680 kB
Unevictable:       99496 kB
Mlocked:           94212 kB
SwapTotal:        520908 kB
SwapFree:         363492 kB
Dirty:                 0 kB
Writeback:             0 kB
AnonPages:       1266420 kB
Mapped:           130796 kB
Shmem:               712 kB
Slab:              77996 kB
SReclaimable:      24804 kB
SUnreclaim:        53192 kB
KernelStack:       14768 kB
PageTables:        15532 kB
NFS_Unstable:          0 kB
Bounce:                0 kB
WritebackTmp:          0 kB
CommitLimit:     1450072 kB
Committed_AS:   20274584 kB
VmallocTotal:   251658176 kB
VmallocUsed:       93244 kB
VmallocChunk:   251482716 kB


[2024-11-20 02:28:24]
MemTotal:        1858332 kB
MemFree:           37624 kB
Buffers:             416 kB
Cached:           198512 kB
SwapCached:        15132 kB
Active:           997520 kB
Inactive:         369460 kB
Active(anon):     950224 kB
Inactive(anon):   317780 kB
Active(file):      47296 kB
Inactive(file):    51680 kB
Unevictable:       99496 kB
Mlocked:           94212 kB
SwapTotal:        520908 kB
SwapFree:         363492 kB
Dirty:                 0 kB
Writeback:             0 kB
AnonPages:       1266276 kB
Mapped:           130792 kB
Shmem:               712 kB
Slab:              77996 kB
SReclaimable:      24804 kB
SUnreclaim:        53192 kB
KernelStack:       14800 kB
PageTables:        15564 kB
NFS_Unstable:          0 kB
Bounce:                0 kB
WritebackTmp:          0 kB
CommitLimit:     1450072 kB
Committed_AS:   20274596 kB
VmallocTotal:   251658176 kB
VmallocUsed:       93244 kB
VmallocChunk:   251482716 kB


[2024-11-20 02:28:27]
MemTotal:        1858332 kB
MemFree:           37212 kB
Buffers:             416 kB
Cached:           198900 kB
SwapCached:        15132 kB
Active:           997548 kB
Inactive:         369836 kB
Active(anon):     950252 kB
Inactive(anon):   317804 kB
Active(file):      47296 kB
Inactive(file):    52032 kB
Unevictable:       99496 kB
Mlocked:           94212 kB
SwapTotal:        520908 kB
SwapFree:         363516 kB
Dirty:                 0 kB
Writeback:             0 kB
AnonPages:       1266420 kB
Mapped:           130760 kB
Shmem:               712 kB
Slab:              77996 kB
SReclaimable:      24804 kB
SUnreclaim:        53192 kB
KernelStack:       14800 kB
PageTables:        15540 kB
NFS_Unstable:          0 kB
Bounce:                0 kB
WritebackTmp:          0 kB
CommitLimit:     1450072 kB
Committed_AS:   20274748 kB
VmallocTotal:   251658176 kB
VmallocUsed:       93244 kB
VmallocChunk:   251482716 kB


[2024-11-20 02:28:29]
MemTotal:        1858332 kB
MemFree:           34988 kB
Buffers:             416 kB
Cached:           198708 kB
SwapCached:        15132 kB
Active:           999992 kB
Inactive:         369504 kB
Active(anon):     952692 kB
Inactive(anon):   317644 kB
Active(file):      47300 kB
Inactive(file):    51860 kB
Unevictable:       99496 kB
Mlocked:           94212 kB
SwapTotal:        520908 kB
SwapFree:         363524 kB
Dirty:                 0 kB
Writeback:             0 kB
AnonPages:       1268928 kB
Mapped:           131908 kB
Shmem:               712 kB
Slab:              77996 kB
SReclaimable:      24804 kB
SUnreclaim:        53192 kB
KernelStack:       14736 kB
PageTables:        16108 kB
NFS_Unstable:          0 kB
Bounce:                0 kB
WritebackTmp:          0 kB
CommitLimit:     1450072 kB
Committed_AS:   22194436 kB
VmallocTotal:   251658176 kB
VmallocUsed:       94264 kB
VmallocChunk:   251482716 kB


[2024-11-20 02:28:32]
MemTotal:        1858332 kB
MemFree:           36180 kB
Buffers:             384 kB
Cached:           191692 kB
SwapCached:        15124 kB
Active:          1001892 kB
Inactive:         365060 kB
Active(anon):     955464 kB
Inactive(anon):   319172 kB
Active(file):      46428 kB
Inactive(file):    45888 kB
Unevictable:       99496 kB
Mlocked:           94212 kB
SwapTotal:        520908 kB
SwapFree:         363584 kB
Dirty:                28 kB
Writeback:             0 kB
AnonPages:       1270452 kB
Mapped:           132216 kB
Shmem:               712 kB
Slab:              78028 kB
SReclaimable:      24804 kB
SUnreclaim:        53224 kB
KernelStack:       14944 kB
PageTables:        16160 kB
NFS_Unstable:          0 kB
Bounce:                0 kB
WritebackTmp:          0 kB
CommitLimit:     1450072 kB
Committed_AS:   24116360 kB
VmallocTotal:   251658176 kB
VmallocUsed:       95284 kB
VmallocChunk:   251482716 kB


[2024-11-20 02:28:34]
MemTotal:        1858332 kB
MemFree:           41520 kB
Buffers:             384 kB
Cached:           198524 kB
SwapCached:        15124 kB
Active:           991036 kB
Inactive:         371460 kB
Active(anon):     944588 kB
Inactive(anon):   318952 kB
Active(file):      46448 kB
Inactive(file):    52508 kB
Unevictable:       99496 kB
Mlocked:           94212 kB
SwapTotal:        520908 kB
SwapFree:         363636 kB
Dirty:                28 kB
Writeback:             0 kB
AnonPages:       1261836 kB
Mapped:           130956 kB
Shmem:               712 kB
Slab:              78028 kB
SReclaimable:      24804 kB
SUnreclaim:        53224 kB
KernelStack:       14768 kB
PageTables:        15532 kB
NFS_Unstable:          0 kB
Bounce:                0 kB
WritebackTmp:          0 kB
CommitLimit:     1450072 kB
Committed_AS:   20274660 kB
VmallocTotal:   251658176 kB
VmallocUsed:       93244 kB
VmallocChunk:   251482716 kB


[2024-11-20 02:28:37]
MemTotal:        1858332 kB
MemFree:           42280 kB
Buffers:             392 kB
Cached:           198524 kB
SwapCached:        15124 kB
Active:           991064 kB
Inactive:         371460 kB
Active(anon):     944616 kB
Inactive(anon):   318952 kB
Active(file):      46448 kB
Inactive(file):    52508 kB
Unevictable:       99496 kB
Mlocked:           94212 kB
SwapTotal:        520908 kB
SwapFree:         363636 kB
Dirty:                28 kB
Writeback:             0 kB
AnonPages:       1262100 kB
Mapped:           130956 kB
Shmem:               712 kB
Slab:              78028 kB
SReclaimable:      24804 kB
SUnreclaim:        53224 kB
KernelStack:       14768 kB
PageTables:        15532 kB
NFS_Unstable:          0 kB
Bounce:                0 kB
WritebackTmp:          0 kB
CommitLimit:     1450072 kB
Committed_AS:   20274576 kB
VmallocTotal:   251658176 kB
VmallocUsed:       93244 kB
VmallocChunk:   251482716 kB


[2024-11-20 02:28:39]
MemTotal:        1858332 kB
MemFree:           38400 kB
Buffers:             312 kB
Cached:           202060 kB
SwapCached:        15124 kB
Active:           992100 kB
Inactive:         374336 kB
Active(anon):     945512 kB
Inactive(anon):   318588 kB
Active(file):      46588 kB
Inactive(file):    55748 kB
Unevictable:       99496 kB
Mlocked:           94212 kB
SwapTotal:        520908 kB
SwapFree:         363636 kB
Dirty:                28 kB
Writeback:             0 kB
AnonPages:       1262384 kB
Mapped:           131628 kB
Shmem:               712 kB
Slab:              78012 kB
SReclaimable:      24788 kB
SUnreclaim:        53224 kB
KernelStack:       14768 kB
PageTables:        15532 kB
NFS_Unstable:          0 kB
Bounce:                0 kB
WritebackTmp:          0 kB
CommitLimit:     1450072 kB
Committed_AS:   20274760 kB
VmallocTotal:   251658176 kB
VmallocUsed:       93244 kB
VmallocChunk:   251482716 kB


[2024-11-20 02:28:42]
MemTotal:        1858332 kB
MemFree:           38700 kB
Buffers:             312 kB
Cached:           202284 kB
SwapCached:        15124 kB
Active:           991240 kB
Inactive:         374648 kB
Active(anon):     944652 kB
Inactive(anon):   318592 kB
Active(file):      46588 kB
Inactive(file):    56056 kB
Unevictable:       99496 kB
Mlocked:           94212 kB
SwapTotal:        520908 kB
SwapFree:         363668 kB
Dirty:                 0 kB
Writeback:             0 kB
AnonPages:       1261664 kB
Mapped:           131168 kB
Shmem:               712 kB
Slab:              78012 kB
SReclaimable:      24788 kB
SUnreclaim:        53224 kB
KernelStack:       14800 kB
PageTables:        15544 kB
NFS_Unstable:          0 kB
Bounce:                0 kB
WritebackTmp:          0 kB
CommitLimit:     1450072 kB
Committed_AS:   20274632 kB
VmallocTotal:   251658176 kB
VmallocUsed:       93244 kB
VmallocChunk:   251482716 kB


[2024-11-20 02:28:45]
MemTotal:        1858332 kB
MemFree:           40676 kB
Buffers:             312 kB
Cached:           200892 kB
SwapCached:        15128 kB
Active:           991428 kB
Inactive:         372612 kB
Active(anon):     944840 kB
Inactive(anon):   317944 kB
Active(file):      46588 kB
Inactive(file):    54668 kB
Unevictable:       99496 kB
Mlocked:           94212 kB
SwapTotal:        520908 kB
SwapFree:         363780 kB
Dirty:                 0 kB
Writeback:             0 kB
AnonPages:       1261004 kB
Mapped:           131532 kB
Shmem:               712 kB
Slab:              78012 kB
SReclaimable:      24788 kB
SUnreclaim:        53224 kB
KernelStack:       14800 kB
PageTables:        15532 kB
NFS_Unstable:          0 kB
Bounce:                0 kB
WritebackTmp:          0 kB
CommitLimit:     1450072 kB
Committed_AS:   20291056 kB
VmallocTotal:   251658176 kB
VmallocUsed:       93244 kB
VmallocChunk:   251482716 kB


[2024-11-20 02:28:47]
MemTotal:        1858332 kB
MemFree:           40340 kB
Buffers:             312 kB
Cached:           200928 kB
SwapCached:        15128 kB
Active:           991832 kB
Inactive:         372640 kB
Active(anon):     945244 kB
Inactive(anon):   317940 kB
Active(file):      46588 kB
Inactive(file):    54700 kB
Unevictable:       99496 kB
Mlocked:           94212 kB
SwapTotal:        520908 kB
SwapFree:         363780 kB
Dirty:                 0 kB
Writeback:             0 kB
AnonPages:       1261496 kB
Mapped:           131564 kB
Shmem:               712 kB
Slab:              77980 kB
SReclaimable:      24788 kB
SUnreclaim:        53192 kB
KernelStack:       14832 kB
PageTables:        15560 kB
NFS_Unstable:          0 kB
Bounce:                0 kB
WritebackTmp:          0 kB
CommitLimit:     1450072 kB
Committed_AS:   20291080 kB
VmallocTotal:   251658176 kB
VmallocUsed:       93244 kB
VmallocChunk:   251482716 kB


[2024-11-20 02:28:50]
MemTotal:        1858332 kB
MemFree:           40196 kB
Buffers:             312 kB
Cached:           200928 kB
SwapCached:        15128 kB
Active:           992020 kB
Inactive:         372612 kB
Active(anon):     945432 kB
Inactive(anon):   317912 kB
Active(file):      46588 kB
Inactive(file):    54700 kB
Unevictable:       99496 kB
Mlocked:           94212 kB
SwapTotal:        520908 kB
SwapFree:         363804 kB
Dirty:                 0 kB
Writeback:             0 kB
AnonPages:       1261792 kB
Mapped:           131720 kB
Shmem:               712 kB
Slab:              77980 kB
SReclaimable:      24788 kB
SUnreclaim:        53192 kB
KernelStack:       14800 kB
PageTables:        15532 kB
NFS_Unstable:          0 kB
Bounce:                0 kB
WritebackTmp:          0 kB
CommitLimit:     1450072 kB
Committed_AS:   20290984 kB
VmallocTotal:   251658176 kB
VmallocUsed:       93244 kB
VmallocChunk:   251482716 kB


[2024-11-20 02:28:52]
MemTotal:        1858332 kB
MemFree:           40064 kB
Buffers:             312 kB
Cached:           200928 kB
SwapCached:        15128 kB
Active:           991792 kB
Inactive:         372616 kB
Active(anon):     945204 kB
Inactive(anon):   317916 kB
Active(file):      46588 kB
Inactive(file):    54700 kB
Unevictable:       99496 kB
Mlocked:           94212 kB
SwapTotal:        520908 kB
SwapFree:         363804 kB
Dirty:                 0 kB
Writeback:             0 kB
AnonPages:       1261588 kB
Mapped:           131536 kB
Shmem:               712 kB
Slab:              77980 kB
SReclaimable:      24788 kB
SUnreclaim:        53192 kB
KernelStack:       14800 kB
PageTables:        15532 kB
NFS_Unstable:          0 kB
Bounce:                0 kB
WritebackTmp:          0 kB
CommitLimit:     1450072 kB
Committed_AS:   20291252 kB
VmallocTotal:   251658176 kB
VmallocUsed:       93244 kB
VmallocChunk:   251482716 kB


[2024-11-20 02:28:55]
MemTotal:        1858332 kB
MemFree:           40048 kB
Buffers:             312 kB
Cached:           200928 kB
SwapCached:        15132 kB
Active:           992208 kB
Inactive:         372620 kB
Active(anon):     945620 kB
Inactive(anon):   317920 kB
Active(file):      46588 kB
Inactive(file):    54700 kB
Unevictable:       99496 kB
Mlocked:           94212 kB
SwapTotal:        520908 kB
SwapFree:         363832 kB
Dirty:                 0 kB
Writeback:             0 kB
AnonPages:       1261824 kB
Mapped:           131684 kB
Shmem:               712 kB
Slab:              77980 kB
SReclaimable:      24788 kB
SUnreclaim:        53192 kB
KernelStack:       14848 kB
PageTables:        15568 kB
NFS_Unstable:          0 kB
Bounce:                0 kB
WritebackTmp:          0 kB
CommitLimit:     1450072 kB
Committed_AS:   20291180 kB
VmallocTotal:   251658176 kB
VmallocUsed:       93244 kB
VmallocChunk:   251482716 kB


[2024-11-20 02:28:57]
MemTotal:        1858332 kB
MemFree:           39700 kB
Buffers:             312 kB
Cached:           200928 kB
SwapCached:        15132 kB
Active:           992636 kB
Inactive:         372616 kB
Active(anon):     946048 kB
Inactive(anon):   317916 kB
Active(file):      46588 kB
Inactive(file):    54700 kB
Unevictable:       99496 kB
Mlocked:           94212 kB
SwapTotal:        520908 kB
SwapFree:         363832 kB
Dirty:                 0 kB
Writeback:             0 kB
AnonPages:       1262184 kB
Mapped:           131728 kB
Shmem:               712 kB
Slab:              77980 kB
SReclaimable:      24788 kB
SUnreclaim:        53192 kB
KernelStack:       14816 kB
PageTables:        15536 kB
NFS_Unstable:          0 kB
Bounce:                0 kB
WritebackTmp:          0 kB
CommitLimit:     1450072 kB
Committed_AS:   20291076 kB
VmallocTotal:   251658176 kB
VmallocUsed:       93244 kB
VmallocChunk:   251482716 kB


[2024-11-20 02:29:00]
MemTotal:        1858332 kB
MemFree:           39492 kB
Buffers:             312 kB
Cached:           200928 kB
SwapCached:        15132 kB
Active:           992720 kB
Inactive:         372596 kB
Active(anon):     946132 kB
Inactive(anon):   317896 kB
Active(file):      46588 kB
Inactive(file):    54700 kB
Unevictable:       99496 kB
Mlocked:           94212 kB
SwapTotal:        520908 kB
SwapFree:         363832 kB
Dirty:                 0 kB
Writeback:             0 kB
AnonPages:       1262416 kB
Mapped:           131728 kB
Shmem:               712 kB
Slab:              77980 kB
SReclaimable:      24788 kB
SUnreclaim:        53192 kB
KernelStack:       14816 kB
PageTables:        15536 kB
NFS_Unstable:          0 kB
Bounce:                0 kB
WritebackTmp:          0 kB
CommitLimit:     1450072 kB
Committed_AS:   20291028 kB
VmallocTotal:   251658176 kB
VmallocUsed:       93244 kB
VmallocChunk:   251482716 kB


[2024-11-20 02:29:02]
MemTotal:        1858332 kB
MemFree:           39540 kB
Buffers:             312 kB
Cached:           200928 kB
SwapCached:        15132 kB
Active:           993012 kB
Inactive:         372416 kB
Active(anon):     946424 kB
Inactive(anon):   317716 kB
Active(file):      46588 kB
Inactive(file):    54700 kB
Unevictable:       99496 kB
Mlocked:           94212 kB
SwapTotal:        520908 kB
SwapFree:         363832 kB
Dirty:                 0 kB
Writeback:             0 kB
AnonPages:       1262612 kB
Mapped:           131632 kB
Shmem:               712 kB
Slab:              77980 kB
SReclaimable:      24788 kB
SUnreclaim:        53192 kB
KernelStack:       14848 kB
PageTables:        15560 kB
NFS_Unstable:          0 kB
Bounce:                0 kB
WritebackTmp:          0 kB
CommitLimit:     1450072 kB
Committed_AS:   20291012 kB
VmallocTotal:   251658176 kB
VmallocUsed:       93244 kB
VmallocChunk:   251482716 kB


[2024-11-20 02:29:05]
MemTotal:        1858332 kB
MemFree:           38672 kB
Buffers:             312 kB
Cached:           200996 kB
SwapCached:        15228 kB
Active:           994960 kB
Inactive:         371288 kB
Active(anon):     947300 kB
Inactive(anon):   317592 kB
Active(file):      47660 kB
Inactive(file):    53696 kB
Unevictable:       99496 kB
Mlocked:           94212 kB
SwapTotal:        520908 kB
SwapFree:         363988 kB
Dirty:                 0 kB
Writeback:             0 kB
AnonPages:       1263216 kB
Mapped:           131768 kB
Shmem:               712 kB
Slab:              77988 kB
SReclaimable:      24788 kB
SUnreclaim:        53200 kB
KernelStack:       14848 kB
PageTables:        15560 kB
NFS_Unstable:          0 kB
Bounce:                0 kB
WritebackTmp:          0 kB
CommitLimit:     1450072 kB
Committed_AS:   20291032 kB
VmallocTotal:   251658176 kB
VmallocUsed:       93244 kB
VmallocChunk:   251482716 kB


[2024-11-20 02:29:08]
MemTotal:        1858332 kB
MemFree:           39168 kB
Buffers:             300 kB
Cached:           199956 kB
SwapCached:        15228 kB
Active:           996180 kB
Inactive:         369828 kB
Active(anon):     948416 kB
Inactive(anon):   317284 kB
Active(file):      47764 kB
Inactive(file):    52544 kB
Unevictable:       99496 kB
Mlocked:           94212 kB
SwapTotal:        520908 kB
SwapFree:         363980 kB
Dirty:                 0 kB
Writeback:             0 kB
AnonPages:       1264088 kB
Mapped:           132168 kB
Shmem:               712 kB
Slab:              77988 kB
SReclaimable:      24788 kB
SUnreclaim:        53200 kB
KernelStack:       14816 kB
PageTables:        15536 kB
NFS_Unstable:          0 kB
Bounce:                0 kB
WritebackTmp:          0 kB
CommitLimit:     1450072 kB
Committed_AS:   20291020 kB
VmallocTotal:   251658176 kB
VmallocUsed:       93244 kB
VmallocChunk:   251482716 kB


[2024-11-20 02:29:10]
MemTotal:        1858332 kB
MemFree:           38756 kB
Buffers:             300 kB
Cached:           200164 kB
SwapCached:        15228 kB
Active:           996352 kB
Inactive:         370036 kB
Active(anon):     948588 kB
Inactive(anon):   317288 kB
Active(file):      47764 kB
Inactive(file):    52748 kB
Unevictable:       99496 kB
Mlocked:           94212 kB
SwapTotal:        520908 kB
SwapFree:         363980 kB
Dirty:                 0 kB
Writeback:             0 kB
AnonPages:       1264256 kB
Mapped:           132140 kB
Shmem:               712 kB
Slab:              77988 kB
SReclaimable:      24788 kB
SUnreclaim:        53200 kB
KernelStack:       14816 kB
PageTables:        15572 kB
NFS_Unstable:          0 kB
Bounce:                0 kB
WritebackTmp:          0 kB
CommitLimit:     1450072 kB
Committed_AS:   20291092 kB
VmallocTotal:   251658176 kB
VmallocUsed:       93244 kB
VmallocChunk:   251482716 kB


[2024-11-20 02:29:13]
MemTotal:        1858332 kB
MemFree:           37468 kB
Buffers:             300 kB
Cached:           200832 kB
SwapCached:        15224 kB
Active:           997180 kB
Inactive:         370708 kB
Active(anon):     949416 kB
Inactive(anon):   317292 kB
Active(file):      47764 kB
Inactive(file):    53416 kB
Unevictable:       99496 kB
Mlocked:           94212 kB
SwapTotal:        520908 kB
SwapFree:         363988 kB
Dirty:                 0 kB
Writeback:             0 kB
AnonPages:       1265124 kB
Mapped:           132736 kB
Shmem:               712 kB
Slab:              77988 kB
SReclaimable:      24788 kB
SUnreclaim:        53200 kB
KernelStack:       14784 kB
PageTables:        15536 kB
NFS_Unstable:          0 kB
Bounce:                0 kB
WritebackTmp:          0 kB
CommitLimit:     1450072 kB
Committed_AS:   20290928 kB
VmallocTotal:   251658176 kB
VmallocUsed:       93244 kB
VmallocChunk:   251482716 kB


[2024-11-20 02:29:15]
MemTotal:        1858332 kB
MemFree:           36800 kB
Buffers:             300 kB
Cached:           200832 kB
SwapCached:        15224 kB
Active:           997568 kB
Inactive:         370704 kB
Active(anon):     949804 kB
Inactive(anon):   317288 kB
Active(file):      47764 kB
Inactive(file):    53416 kB
Unevictable:       99496 kB
Mlocked:           94212 kB
SwapTotal:        520908 kB
SwapFree:         364012 kB
Dirty:                 0 kB
Writeback:             0 kB
AnonPages:       1265404 kB
Mapped:           132760 kB
Shmem:               712 kB
Slab:              77988 kB
SReclaimable:      24788 kB
SUnreclaim:        53200 kB
KernelStack:       14816 kB
PageTables:        15568 kB
NFS_Unstable:          0 kB
Bounce:                0 kB
WritebackTmp:          0 kB
CommitLimit:     1450072 kB
Committed_AS:   20291000 kB
VmallocTotal:   251658176 kB
VmallocUsed:       93244 kB
VmallocChunk:   251482716 kB


[2024-11-20 02:29:17]
MemTotal:        1858332 kB
MemFree:           36448 kB
Buffers:             300 kB
Cached:           200832 kB
SwapCached:        15224 kB
Active:           997516 kB
Inactive:         370704 kB
Active(anon):     949752 kB
Inactive(anon):   317288 kB
Active(file):      47764 kB
Inactive(file):    53416 kB
Unevictable:       99496 kB
Mlocked:           94212 kB
SwapTotal:        520908 kB
SwapFree:         364012 kB
Dirty:                 0 kB
Writeback:             0 kB
AnonPages:       1265480 kB
Mapped:           132736 kB
Shmem:               712 kB
Slab:              77988 kB
SReclaimable:      24788 kB
SUnreclaim:        53200 kB
KernelStack:       14784 kB
PageTables:        15536 kB
NFS_Unstable:          0 kB
Bounce:                0 kB
WritebackTmp:          0 kB
CommitLimit:     1450072 kB
Committed_AS:   20291208 kB
VmallocTotal:   251658176 kB
VmallocUsed:       93244 kB
VmallocChunk:   251482716 kB


[2024-11-20 02:29:20]
MemTotal:        1858332 kB
MemFree:           38772 kB
Buffers:             296 kB
Cached:           197956 kB
SwapCached:        15224 kB
Active:           998412 kB
Inactive:         367460 kB
Active(anon):     950560 kB
Inactive(anon):   317012 kB
Active(file):      47852 kB
Inactive(file):    50448 kB
Unevictable:       99496 kB
Mlocked:           94212 kB
SwapTotal:        520908 kB
SwapFree:         363980 kB
Dirty:                 0 kB
Writeback:             0 kB
AnonPages:       1266064 kB
Mapped:           132752 kB
Shmem:               712 kB
Slab:              77988 kB
SReclaimable:      24788 kB
SUnreclaim:        53200 kB
KernelStack:       14816 kB
PageTables:        15568 kB
NFS_Unstable:          0 kB
Bounce:                0 kB
WritebackTmp:          0 kB
CommitLimit:     1450072 kB
Committed_AS:   20291140 kB
VmallocTotal:   251658176 kB
VmallocUsed:       93244 kB
VmallocChunk:   251482716 kB


[2024-11-20 02:29:23]
MemTotal:        1858332 kB
MemFree:           37048 kB
Buffers:             296 kB
Cached:           199428 kB
SwapCached:        15224 kB
Active:           998484 kB
Inactive:         368948 kB
Active(anon):     950632 kB
Inactive(anon):   317012 kB
Active(file):      47852 kB
Inactive(file):    51936 kB
Unevictable:       99496 kB
Mlocked:           94212 kB
SwapTotal:        520908 kB
SwapFree:         363980 kB
Dirty:                 0 kB
Writeback:             0 kB
AnonPages:       1266336 kB
Mapped:           132920 kB
Shmem:               712 kB
Slab:              77988 kB
SReclaimable:      24788 kB
SUnreclaim:        53200 kB
KernelStack:       14784 kB
PageTables:        15536 kB
NFS_Unstable:          0 kB
Bounce:                0 kB
WritebackTmp:          0 kB
CommitLimit:     1450072 kB
Committed_AS:   20291140 kB
VmallocTotal:   251658176 kB
VmallocUsed:       93244 kB
VmallocChunk:   251482716 kB


[2024-11-20 02:29:25]
MemTotal:        1858332 kB
MemFree:           36916 kB
Buffers:             296 kB
Cached:           199548 kB
SwapCached:        15224 kB
Active:           999040 kB
Inactive:         369052 kB
Active(anon):     951188 kB
Inactive(anon):   317012 kB
Active(file):      47852 kB
Inactive(file):    52040 kB
Unevictable:       99496 kB
Mlocked:           94212 kB
SwapTotal:        520908 kB
SwapFree:         363980 kB
Dirty:                 0 kB
Writeback:             0 kB
AnonPages:       1266520 kB
Mapped:           132796 kB
Shmem:               712 kB
Slab:              77988 kB
SReclaimable:      24788 kB
SUnreclaim:        53200 kB
KernelStack:       14816 kB
PageTables:        15564 kB
NFS_Unstable:          0 kB
Bounce:                0 kB
WritebackTmp:          0 kB
CommitLimit:     1450072 kB
Committed_AS:   20291100 kB
VmallocTotal:   251658176 kB
VmallocUsed:       93244 kB
VmallocChunk:   251482716 kB


[2024-11-20 02:29:28]
MemTotal:        1858332 kB
MemFree:           36512 kB
Buffers:             296 kB
Cached:           199548 kB
SwapCached:        15224 kB
Active:           999212 kB
Inactive:         369052 kB
Active(anon):     951360 kB
Inactive(anon):   317012 kB
Active(file):      47852 kB
Inactive(file):    52040 kB
Unevictable:       99496 kB
Mlocked:           94212 kB
SwapTotal:        520908 kB
SwapFree:         364016 kB
Dirty:                 0 kB
Writeback:             0 kB
AnonPages:       1266496 kB
Mapped:           132956 kB
Shmem:               712 kB
Slab:              77988 kB
SReclaimable:      24788 kB
SUnreclaim:        53200 kB
KernelStack:       14784 kB
PageTables:        15536 kB
NFS_Unstable:          0 kB
Bounce:                0 kB
WritebackTmp:          0 kB
CommitLimit:     1450072 kB
Committed_AS:   20291172 kB
VmallocTotal:   251658176 kB
VmallocUsed:       93244 kB
VmallocChunk:   251482716 kB


[2024-11-20 02:29:30]
MemTotal:        1858332 kB
MemFree:           36412 kB
Buffers:             296 kB
Cached:           199548 kB
SwapCached:        15224 kB
Active:           999272 kB
Inactive:         369052 kB
Active(anon):     951420 kB
Inactive(anon):   317012 kB
Active(file):      47852 kB
Inactive(file):    52040 kB
Unevictable:       99496 kB
Mlocked:           94212 kB
SwapTotal:        520908 kB
SwapFree:         364020 kB
Dirty:                 0 kB
Writeback:             0 kB
AnonPages:       1266768 kB
Mapped:           132944 kB
Shmem:               712 kB
Slab:              77988 kB
SReclaimable:      24788 kB
SUnreclaim:        53200 kB
KernelStack:       14816 kB
PageTables:        15572 kB
NFS_Unstable:          0 kB
Bounce:                0 kB
WritebackTmp:          0 kB
CommitLimit:     1450072 kB
Committed_AS:   20290936 kB
VmallocTotal:   251658176 kB
VmallocUsed:       93244 kB
VmallocChunk:   251482716 kB


[2024-11-20 02:29:33]
MemTotal:        1858332 kB
MemFree:           35892 kB
Buffers:             296 kB
Cached:           199548 kB
SwapCached:        15224 kB
Active:           999616 kB
Inactive:         369052 kB
Active(anon):     951764 kB
Inactive(anon):   317012 kB
Active(file):      47852 kB
Inactive(file):    52040 kB
Unevictable:       99496 kB
Mlocked:           94212 kB
SwapTotal:        520908 kB
SwapFree:         364044 kB
Dirty:                 0 kB
Writeback:             0 kB
AnonPages:       1267076 kB
Mapped:           132956 kB
Shmem:               712 kB
Slab:              77988 kB
SReclaimable:      24788 kB
SUnreclaim:        53200 kB
KernelStack:       14784 kB
PageTables:        15536 kB
NFS_Unstable:          0 kB
Bounce:                0 kB
WritebackTmp:          0 kB
CommitLimit:     1450072 kB
Committed_AS:   20291180 kB
VmallocTotal:   251658176 kB
VmallocUsed:       93244 kB
VmallocChunk:   251482716 kB


[2024-11-20 02:29:35]
MemTotal:        1858332 kB
MemFree:           34412 kB
Buffers:             296 kB
Cached:           196604 kB
SwapCached:        15224 kB
Active:          1002908 kB
Inactive:         367268 kB
Active(anon):     955056 kB
Inactive(anon):   318208 kB
Active(file):      47852 kB
Inactive(file):    49060 kB
Unevictable:       99496 kB
Mlocked:           94212 kB
SwapTotal:        520908 kB
SwapFree:         364024 kB
Dirty:                 0 kB
Writeback:             0 kB
AnonPages:       1271836 kB
Mapped:           132900 kB
Shmem:               712 kB
Slab:              77988 kB
SReclaimable:      24788 kB
SUnreclaim:        53200 kB
KernelStack:       14816 kB
PageTables:        15560 kB
NFS_Unstable:          0 kB
Bounce:                0 kB
WritebackTmp:          0 kB
CommitLimit:     1450072 kB
Committed_AS:   20291228 kB
VmallocTotal:   251658176 kB
VmallocUsed:       93244 kB
VmallocChunk:   251482716 kB


[2024-11-20 02:29:38]
MemTotal:        1858332 kB
MemFree:           34260 kB
Buffers:             276 kB
Cached:           193828 kB
SwapCached:        15196 kB
Active:          1004224 kB
Inactive:         366216 kB
Active(anon):     957200 kB
Inactive(anon):   319012 kB
Active(file):      47024 kB
Inactive(file):    47204 kB
Unevictable:       99496 kB
Mlocked:           94212 kB
SwapTotal:        520908 kB
SwapFree:         364016 kB
Dirty:                 0 kB
Writeback:             0 kB
AnonPages:       1274484 kB
Mapped:           132956 kB
Shmem:               712 kB
Slab:              77988 kB
SReclaimable:      24788 kB
SUnreclaim:        53200 kB
KernelStack:       14784 kB
PageTables:        15536 kB
NFS_Unstable:          0 kB
Bounce:                0 kB
WritebackTmp:          0 kB
CommitLimit:     1450072 kB
Committed_AS:   20291088 kB
VmallocTotal:   251658176 kB
VmallocUsed:       93244 kB
VmallocChunk:   251482716 kB


[2024-11-20 02:29:40]
MemTotal:        1858332 kB
MemFree:           34592 kB
Buffers:             276 kB
Cached:           193836 kB
SwapCached:        15196 kB
Active:          1004084 kB
Inactive:         366148 kB
Active(anon):     957060 kB
Inactive(anon):   319012 kB
Active(file):      47024 kB
Inactive(file):    47136 kB
Unevictable:       99496 kB
Mlocked:           94212 kB
SwapTotal:        520908 kB
SwapFree:         364016 kB
Dirty:                 0 kB
Writeback:             0 kB
AnonPages:       1274404 kB
Mapped:           132896 kB
Shmem:               712 kB
Slab:              77988 kB
SReclaimable:      24788 kB
SUnreclaim:        53200 kB
KernelStack:       14800 kB
PageTables:        15552 kB
NFS_Unstable:          0 kB
Bounce:                0 kB
WritebackTmp:          0 kB
CommitLimit:     1450072 kB
Committed_AS:   20291016 kB
VmallocTotal:   251658176 kB
VmallocUsed:       93244 kB
VmallocChunk:   251482716 kB


[2024-11-20 02:29:43]
MemTotal:        1858332 kB
MemFree:           33868 kB
Buffers:             276 kB
Cached:           193836 kB
SwapCached:        15196 kB
Active:          1004484 kB
Inactive:         366148 kB
Active(anon):     957460 kB
Inactive(anon):   319012 kB
Active(file):      47024 kB
Inactive(file):    47136 kB
Unevictable:       99496 kB
Mlocked:           94212 kB
SwapTotal:        520908 kB
SwapFree:         364016 kB
Dirty:                 0 kB
Writeback:             0 kB
AnonPages:       1274908 kB
Mapped:           132840 kB
Shmem:               712 kB
Slab:              77988 kB
SReclaimable:      24788 kB
SUnreclaim:        53200 kB
KernelStack:       14816 kB
PageTables:        15556 kB
NFS_Unstable:          0 kB
Bounce:                0 kB
WritebackTmp:          0 kB
CommitLimit:     1450072 kB
Committed_AS:   20291088 kB
VmallocTotal:   251658176 kB
VmallocUsed:       93244 kB
VmallocChunk:   251482716 kB


[2024-11-20 02:29:45]
MemTotal:        1858332 kB
MemFree:           34196 kB
Buffers:             276 kB
Cached:           193836 kB
SwapCached:        15196 kB
Active:          1004476 kB
Inactive:         366148 kB
Active(anon):     957452 kB
Inactive(anon):   319012 kB
Active(file):      47024 kB
Inactive(file):    47136 kB
Unevictable:       99496 kB
Mlocked:           94212 kB
SwapTotal:        520908 kB
SwapFree:         364016 kB
Dirty:                 0 kB
Writeback:             0 kB
AnonPages:       1274880 kB
Mapped:           132776 kB
Shmem:               712 kB
Slab:              77988 kB
SReclaimable:      24788 kB
SUnreclaim:        53200 kB
KernelStack:       14784 kB
PageTables:        15536 kB
NFS_Unstable:          0 kB
Bounce:                0 kB
WritebackTmp:          0 kB
CommitLimit:     1450072 kB
Committed_AS:   20291076 kB
VmallocTotal:   251658176 kB
VmallocUsed:       93244 kB
VmallocChunk:   251482716 kB


[2024-11-20 02:29:48]
MemTotal:        1858332 kB
MemFree:           33248 kB
Buffers:             276 kB
Cached:           193836 kB
SwapCached:        15196 kB
Active:          1005296 kB
Inactive:         366152 kB
Active(anon):     958272 kB
Inactive(anon):   319016 kB
Active(file):      47024 kB
Inactive(file):    47136 kB
Unevictable:       99496 kB
Mlocked:           94212 kB
SwapTotal:        520908 kB
SwapFree:         364020 kB
Dirty:                 0 kB
Writeback:             0 kB
AnonPages:       1275504 kB
Mapped:           132776 kB
Shmem:               712 kB
Slab:              77988 kB
SReclaimable:      24788 kB
SUnreclaim:        53200 kB
KernelStack:       14784 kB
PageTables:        15536 kB
NFS_Unstable:          0 kB
Bounce:                0 kB
WritebackTmp:          0 kB
CommitLimit:     1450072 kB
Committed_AS:   20290996 kB
VmallocTotal:   251658176 kB
VmallocUsed:       93244 kB
VmallocChunk:   251482716 kB


[2024-11-20 02:29:50]
MemTotal:        1858332 kB
MemFree:           40428 kB
Buffers:             276 kB
Cached:           193836 kB
SwapCached:        15196 kB
Active:           998120 kB
Inactive:         366152 kB
Active(anon):     951096 kB
Inactive(anon):   319016 kB
Active(file):      47024 kB
Inactive(file):    47136 kB
Unevictable:       99496 kB
Mlocked:           94212 kB
SwapTotal:        520908 kB
SwapFree:         364020 kB
Dirty:                 0 kB
Writeback:             0 kB
AnonPages:       1268388 kB
Mapped:           132744 kB
Shmem:               712 kB
Slab:              77988 kB
SReclaimable:      24788 kB
SUnreclaim:        53200 kB
KernelStack:       14816 kB
PageTables:        15560 kB
NFS_Unstable:          0 kB
Bounce:                0 kB
WritebackTmp:          0 kB
CommitLimit:     1450072 kB
Committed_AS:   20291048 kB
VmallocTotal:   251658176 kB
VmallocUsed:       93244 kB
VmallocChunk:   251482716 kB


[2024-11-20 02:29:53]
MemTotal:        1858332 kB
MemFree:           40240 kB
Buffers:             276 kB
Cached:           193836 kB
SwapCached:        15196 kB
Active:           998256 kB
Inactive:         366152 kB
Active(anon):     951232 kB
Inactive(anon):   319016 kB
Active(file):      47024 kB
Inactive(file):    47136 kB
Unevictable:       99496 kB
Mlocked:           94212 kB
SwapTotal:        520908 kB
SwapFree:         364020 kB
Dirty:                 0 kB
Writeback:             0 kB
AnonPages:       1268556 kB
Mapped:           132960 kB
Shmem:               712 kB
Slab:              77988 kB
SReclaimable:      24788 kB
SUnreclaim:        53200 kB
KernelStack:       14784 kB
PageTables:        15536 kB
NFS_Unstable:          0 kB
Bounce:                0 kB
WritebackTmp:          0 kB
CommitLimit:     1450072 kB
Committed_AS:   20291208 kB
VmallocTotal:   251658176 kB
VmallocUsed:       93244 kB
VmallocChunk:   251482716 kB


[2024-11-20 02:29:55]
MemTotal:        1858332 kB
MemFree:           39872 kB
Buffers:             276 kB
Cached:           193836 kB
SwapCached:        15196 kB
Active:           998772 kB
Inactive:         366152 kB
Active(anon):     951748 kB
Inactive(anon):   319016 kB
Active(file):      47024 kB
Inactive(file):    47136 kB
Unevictable:       99496 kB
Mlocked:           94212 kB
SwapTotal:        520908 kB
SwapFree:         364024 kB
Dirty:                 0 kB
Writeback:             0 kB
AnonPages:       1269304 kB
Mapped:           132960 kB
Shmem:               712 kB
Slab:              77988 kB
SReclaimable:      24788 kB
SUnreclaim:        53200 kB
KernelStack:       14784 kB
PageTables:        15536 kB
NFS_Unstable:          0 kB
Bounce:                0 kB
WritebackTmp:          0 kB
CommitLimit:     1450072 kB
Committed_AS:   20291192 kB
VmallocTotal:   251658176 kB
VmallocUsed:       93244 kB
VmallocChunk:   251482716 kB


[2024-11-20 02:29:58]
MemTotal:        1858332 kB
MemFree:           39404 kB
Buffers:             276 kB
Cached:           193876 kB
SwapCached:        15196 kB
Active:           998988 kB
Inactive:         366192 kB
Active(anon):     951964 kB
Inactive(anon):   319016 kB
Active(file):      47024 kB
Inactive(file):    47176 kB
Unevictable:       99496 kB
Mlocked:           94212 kB
SwapTotal:        520908 kB
SwapFree:         364024 kB
Dirty:                 0 kB
Writeback:             0 kB
AnonPages:       1269388 kB
Mapped:           132968 kB
Shmem:               712 kB
Slab:              77988 kB
SReclaimable:      24788 kB
SUnreclaim:        53200 kB
KernelStack:       14784 kB
PageTables:        15536 kB
NFS_Unstable:          0 kB
Bounce:                0 kB
WritebackTmp:          0 kB
CommitLimit:     1450072 kB
Committed_AS:   20291184 kB
VmallocTotal:   251658176 kB
VmallocUsed:       93244 kB
VmallocChunk:   251482716 kB


[2024-11-20 02:30:00]
MemTotal:        1858332 kB
MemFree:           39796 kB
Buffers:             276 kB
Cached:           193876 kB
SwapCached:        15196 kB
Active:           998792 kB
Inactive:         366192 kB
Active(anon):     951768 kB
Inactive(anon):   319016 kB
Active(file):      47024 kB
Inactive(file):    47176 kB
Unevictable:       99496 kB
Mlocked:           94212 kB
SwapTotal:        520908 kB
SwapFree:         364024 kB
Dirty:                 0 kB
Writeback:             0 kB
AnonPages:       1269184 kB
Mapped:           132968 kB
Shmem:               712 kB
Slab:              77988 kB
SReclaimable:      24788 kB
SUnreclaim:        53200 kB
KernelStack:       14784 kB
PageTables:        15536 kB
NFS_Unstable:          0 kB
Bounce:                0 kB
WritebackTmp:          0 kB
CommitLimit:     1450072 kB
Committed_AS:   20291096 kB
VmallocTotal:   251658176 kB
VmallocUsed:       93244 kB
VmallocChunk:   251482716 kB


[2024-11-20 02:30:03]
MemTotal:        1858332 kB
MemFree:           39780 kB
Buffers:             276 kB
Cached:           193876 kB
SwapCached:        15196 kB
Active:           999244 kB
Inactive:         366196 kB
Active(anon):     952220 kB
Inactive(anon):   319020 kB
Active(file):      47024 kB
Inactive(file):    47176 kB
Unevictable:       99496 kB
Mlocked:           94212 kB
SwapTotal:        520908 kB
SwapFree:         364244 kB
Dirty:                 0 kB
Writeback:             0 kB
AnonPages:       1269420 kB
Mapped:           132968 kB
Shmem:               712 kB
Slab:              77988 kB
SReclaimable:      24788 kB
SUnreclaim:        53200 kB
KernelStack:       14816 kB
PageTables:        15568 kB
NFS_Unstable:          0 kB
Bounce:                0 kB
WritebackTmp:          0 kB
CommitLimit:     1450072 kB
Committed_AS:   20291160 kB
VmallocTotal:   251658176 kB
VmallocUsed:       93244 kB
VmallocChunk:   251482716 kB


[2024-11-20 02:30:05]
MemTotal:        1858332 kB
MemFree:           40040 kB
Buffers:             276 kB
Cached:           193876 kB
SwapCached:        15196 kB
Active:           998928 kB
Inactive:         366196 kB
Active(anon):     951904 kB
Inactive(anon):   319020 kB
Active(file):      47024 kB
Inactive(file):    47176 kB
Unevictable:       99496 kB
Mlocked:           94212 kB
SwapTotal:        520908 kB
SwapFree:         364244 kB
Dirty:                 0 kB
Writeback:             0 kB
AnonPages:       1269312 kB
Mapped:           133152 kB
Shmem:               712 kB
Slab:              77988 kB
SReclaimable:      24788 kB
SUnreclaim:        53200 kB
KernelStack:       14784 kB
PageTables:        15536 kB
NFS_Unstable:          0 kB
Bounce:                0 kB
WritebackTmp:          0 kB
CommitLimit:     1450072 kB
Committed_AS:   20291008 kB
VmallocTotal:   251658176 kB
VmallocUsed:       93244 kB
VmallocChunk:   251482716 kB


[2024-11-20 02:30:08]
MemTotal:        1858332 kB
MemFree:           39064 kB
Buffers:             276 kB
Cached:           193976 kB
SwapCached:        15196 kB
Active:           999556 kB
Inactive:         366296 kB
Active(anon):     952532 kB
Inactive(anon):   319020 kB
Active(file):      47024 kB
Inactive(file):    47276 kB
Unevictable:       99496 kB
Mlocked:           94212 kB
SwapTotal:        520908 kB
SwapFree:         364244 kB
Dirty:                 0 kB
Writeback:             0 kB
AnonPages:       1269772 kB
Mapped:           132872 kB
Shmem:               712 kB
Slab:              77988 kB
SReclaimable:      24788 kB
SUnreclaim:        53200 kB
KernelStack:       14816 kB
PageTables:        15556 kB
NFS_Unstable:          0 kB
Bounce:                0 kB
WritebackTmp:          0 kB
CommitLimit:     1450072 kB
Committed_AS:   20291092 kB
VmallocTotal:   251658176 kB
VmallocUsed:       93244 kB
VmallocChunk:   251482716 kB


[2024-11-20 02:30:11]
MemTotal:        1858332 kB
MemFree:           39024 kB
Buffers:             276 kB
Cached:           193976 kB
SwapCached:        15196 kB
Active:           999436 kB
Inactive:         366296 kB
Active(anon):     952412 kB
Inactive(anon):   319020 kB
Active(file):      47024 kB
Inactive(file):    47276 kB
Unevictable:       99496 kB
Mlocked:           94212 kB
SwapTotal:        520908 kB
SwapFree:         364244 kB
Dirty:                 0 kB
Writeback:             0 kB
AnonPages:       1269480 kB
Mapped:           132804 kB
Shmem:               712 kB
Slab:              77988 kB
SReclaimable:      24788 kB
SUnreclaim:        53200 kB
KernelStack:       14784 kB
PageTables:        15536 kB
NFS_Unstable:          0 kB
Bounce:                0 kB
WritebackTmp:          0 kB
CommitLimit:     1450072 kB
Committed_AS:   20291116 kB
VmallocTotal:   251658176 kB
VmallocUsed:       93244 kB
VmallocChunk:   251482716 kB


[2024-11-20 02:30:13]
MemTotal:        1858332 kB
MemFree:           38724 kB
Buffers:             276 kB
Cached:           193976 kB
SwapCached:        15196 kB
Active:          1000056 kB
Inactive:         366296 kB
Active(anon):     953032 kB
Inactive(anon):   319020 kB
Active(file):      47024 kB
Inactive(file):    47276 kB
Unevictable:       99496 kB
Mlocked:           94212 kB
SwapTotal:        520908 kB
SwapFree:         364244 kB
Dirty:                 0 kB
Writeback:             0 kB
AnonPages:       1270428 kB
Mapped:           132956 kB
Shmem:               712 kB
Slab:              77988 kB
SReclaimable:      24788 kB
SUnreclaim:        53200 kB
KernelStack:       14816 kB
PageTables:        15568 kB
NFS_Unstable:          0 kB
Bounce:                0 kB
WritebackTmp:          0 kB
CommitLimit:     1450072 kB
Committed_AS:   20291148 kB
VmallocTotal:   251658176 kB
VmallocUsed:       93244 kB
VmallocChunk:   251482716 kB


[2024-11-20 02:30:16]
MemTotal:        1858332 kB
MemFree:           38520 kB
Buffers:             276 kB
Cached:           193976 kB
SwapCached:        15196 kB
Active:           999928 kB
Inactive:         366300 kB
Active(anon):     952904 kB
Inactive(anon):   319024 kB
Active(file):      47024 kB
Inactive(file):    47276 kB
Unevictable:       99496 kB
Mlocked:           94212 kB
SwapTotal:        520908 kB
SwapFree:         364252 kB
Dirty:                 0 kB
Writeback:             0 kB
AnonPages:       1270380 kB
Mapped:           132988 kB
Shmem:               712 kB
Slab:              77988 kB
SReclaimable:      24788 kB
SUnreclaim:        53200 kB
KernelStack:       14784 kB
PageTables:        15536 kB
NFS_Unstable:          0 kB
Bounce:                0 kB
WritebackTmp:          0 kB
CommitLimit:     1450072 kB
Committed_AS:   20291200 kB
VmallocTotal:   251658176 kB
VmallocUsed:       93244 kB
VmallocChunk:   251482716 kB


[2024-11-20 02:30:18]
MemTotal:        1858332 kB
MemFree:           38640 kB
Buffers:             276 kB
Cached:           193976 kB
SwapCached:        15196 kB
Active:          1000100 kB
Inactive:         366300 kB
Active(anon):     953076 kB
