
[2024-11-20 04:05:50]
MemTotal:        1858332 kB
MemFree:          142764 kB
Buffers:            2224 kB
Cached:          1178088 kB
SwapCached:        17544 kB
Active:           154680 kB
Inactive:        1056404 kB
Active(anon):      96904 kB
Inactive(anon):    34204 kB
Active(file):      57776 kB
Inactive(file):  1022200 kB
Unevictable:       99496 kB
Mlocked:           94212 kB
SwapTotal:        520908 kB
SwapFree:         364484 kB
Dirty:              2656 kB
Writeback:             0 kB
AnonPages:        129744 kB
Mapped:           433872 kB
Shmem:               712 kB
Slab:              95400 kB
SReclaimable:      42052 kB
SUnreclaim:        53348 kB
KernelStack:       15216 kB
PageTables:        13864 kB
NFS_Unstable:          0 kB
Bounce:                0 kB
WritebackTmp:          0 kB
CommitLimit:     1450072 kB
Committed_AS:   24098844 kB
VmallocTotal:   251658176 kB
VmallocUsed:       97588 kB
VmallocChunk:   251482716 kB


[2024-11-20 04:05:50]
MemTotal:        1858332 kB
MemFree:          143540 kB
Buffers:             920 kB
Cached:          1180088 kB
SwapCached:        17544 kB
Active:           189876 kB
Inactive:        1022316 kB
Active(anon):      97172 kB
Inactive(anon):    34204 kB
Active(file):      92704 kB
Inactive(file):   988112 kB
Unevictable:       99496 kB
Mlocked:           94212 kB
SwapTotal:        520908 kB
SwapFree:         364484 kB
Dirty:             53416 kB
Writeback:            88 kB
AnonPages:        129912 kB
Mapped:           477156 kB
Shmem:               712 kB
Slab:              96216 kB
SReclaimable:      42860 kB
SUnreclaim:        53356 kB
KernelStack:       15056 kB
PageTables:        13916 kB
NFS_Unstable:          0 kB
Bounce:                0 kB
WritebackTmp:          0 kB
CommitLimit:     1450072 kB
Committed_AS:   24098184 kB
VmallocTotal:   251658176 kB
VmallocUsed:       97588 kB
VmallocChunk:   251482716 kB


[2024-11-20 04:05:50]
MemTotal:        1858332 kB
MemFree:          145444 kB
Buffers:             932 kB
Cached:          1179612 kB
SwapCached:        17544 kB
Active:           243168 kB
Inactive:         967716 kB
Active(anon):      97084 kB
Inactive(anon):    34160 kB
Active(file):     146084 kB
Inactive(file):   933556 kB
Unevictable:       99496 kB
Mlocked:           94212 kB
SwapTotal:        520908 kB
SwapFree:         364444 kB
Dirty:             55704 kB
Writeback:             0 kB
AnonPages:        129764 kB
Mapped:           512684 kB
Shmem:               712 kB
Slab:              95612 kB
SReclaimable:      42260 kB
SUnreclaim:        53352 kB
KernelStack:       15056 kB
PageTables:        13988 kB
NFS_Unstable:          0 kB
Bounce:                0 kB
WritebackTmp:          0 kB
CommitLimit:     1450072 kB
Committed_AS:   24098212 kB
VmallocTotal:   251658176 kB
VmallocUsed:       97588 kB
VmallocChunk:   251482716 kB


[2024-11-20 04:05:50]
MemTotal:        1858332 kB
MemFree:          145224 kB
Buffers:             924 kB
Cached:          1180388 kB
SwapCached:        17544 kB
Active:           286396 kB
Inactive:         926072 kB
Active(anon):      97216 kB
Inactive(anon):    33820 kB
Active(file):     189180 kB
Inactive(file):   892252 kB
Unevictable:       99496 kB
Mlocked:           94212 kB
SwapTotal:        520908 kB
SwapFree:         364344 kB
Dirty:             58132 kB
Writeback:             0 kB
AnonPages:        129736 kB
Mapped:           544896 kB
Shmem:               712 kB
Slab:              94600 kB
SReclaimable:      41240 kB
SUnreclaim:        53360 kB
KernelStack:       15072 kB
PageTables:        14112 kB
NFS_Unstable:          0 kB
Bounce:                0 kB
WritebackTmp:          0 kB
CommitLimit:     1450072 kB
Committed_AS:   24098108 kB
VmallocTotal:   251658176 kB
VmallocUsed:       97588 kB
VmallocChunk:   251482716 kB


[2024-11-20 04:05:50]
MemTotal:        1858332 kB
MemFree:          145000 kB
Buffers:             932 kB
Cached:          1181796 kB
SwapCached:        17544 kB
Active:           330892 kB
Inactive:         882376 kB
Active(anon):      97184 kB
Inactive(anon):    33608 kB
Active(file):     233708 kB
Inactive(file):   848768 kB
Unevictable:       99496 kB
Mlocked:           94212 kB
SwapTotal:        520908 kB
SwapFree:         364260 kB
Dirty:             54568 kB
Writeback:             0 kB
AnonPages:        129364 kB
Mapped:           578236 kB
Shmem:               712 kB
Slab:              94000 kB
SReclaimable:      40668 kB
SUnreclaim:        53332 kB
KernelStack:       15072 kB
PageTables:        14172 kB
NFS_Unstable:          0 kB
Bounce:                0 kB
WritebackTmp:          0 kB
CommitLimit:     1450072 kB
Committed_AS:   24098236 kB
VmallocTotal:   251658176 kB
VmallocUsed:       97588 kB
VmallocChunk:   251482716 kB


[2024-11-20 04:05:50]
MemTotal:        1858332 kB
MemFree:          142804 kB
Buffers:             928 kB
Cached:          1183708 kB
SwapCached:        17544 kB
Active:           368920 kB
Inactive:         846336 kB
Active(anon):      97868 kB
Inactive(anon):    33400 kB
Active(file):     271052 kB
Inactive(file):   812936 kB
Unevictable:       99496 kB
Mlocked:           94212 kB
SwapTotal:        520908 kB
SwapFree:         364224 kB
Dirty:             26524 kB
Writeback:             0 kB
AnonPages:        129832 kB
Mapped:           604968 kB
Shmem:               712 kB
Slab:              93520 kB
SReclaimable:      40092 kB
SUnreclaim:        53428 kB
KernelStack:       15056 kB
PageTables:        14184 kB
NFS_Unstable:          0 kB
Bounce:                0 kB
WritebackTmp:          0 kB
CommitLimit:     1450072 kB
Committed_AS:   24098220 kB
VmallocTotal:   251658176 kB
VmallocUsed:       97588 kB
VmallocChunk:   251482716 kB


[2024-11-20 04:05:50]
MemTotal:        1858332 kB
MemFree:          143808 kB
Buffers:             924 kB
Cached:          1183572 kB
SwapCached:        17520 kB
Active:           422368 kB
Inactive:         792856 kB
Active(anon):      98020 kB
Inactive(anon):    33068 kB
Active(file):     324348 kB
Inactive(file):   759788 kB
Unevictable:       99496 kB
Mlocked:           94212 kB
SwapTotal:        520908 kB
SwapFree:         364152 kB
Dirty:             52216 kB
Writeback:          7728 kB
AnonPages:        129652 kB
Mapped:           641236 kB
Shmem:               712 kB
Slab:              92400 kB
SReclaimable:      39028 kB
SUnreclaim:        53372 kB
KernelStack:       15056 kB
PageTables:        14256 kB
NFS_Unstable:          0 kB
Bounce:                0 kB
WritebackTmp:          0 kB
CommitLimit:     1450072 kB
Committed_AS:   24098216 kB
VmallocTotal:   251658176 kB
VmallocUsed:       97588 kB
VmallocChunk:   251482716 kB


[2024-11-20 04:05:50]
MemTotal:        1858332 kB
MemFree:          144716 kB
Buffers:             936 kB
Cached:          1182856 kB
SwapCached:        17516 kB
Active:           467268 kB
Inactive:         747696 kB
Active(anon):      98580 kB
Inactive(anon):    33000 kB
Active(file):     368688 kB
Inactive(file):   714696 kB
Unevictable:       99496 kB
Mlocked:           94212 kB
SwapTotal:        520908 kB
SwapFree:         364128 kB
Dirty:              1352 kB
Writeback:             0 kB
AnonPages:        130120 kB
Mapped:           668772 kB
Shmem:               712 kB
Slab:              91828 kB
SReclaimable:      38340 kB
SUnreclaim:        53488 kB
KernelStack:       15056 kB
PageTables:        14316 kB
NFS_Unstable:          0 kB
Bounce:                0 kB
WritebackTmp:          0 kB
CommitLimit:     1450072 kB
Committed_AS:   24098172 kB
VmallocTotal:   251658176 kB
VmallocUsed:       97588 kB
VmallocChunk:   251482716 kB


[2024-11-20 04:05:50]
MemTotal:        1858332 kB
MemFree:          143076 kB
Buffers:             928 kB
Cached:          1185492 kB
SwapCached:        17496 kB
Active:           525928 kB
Inactive:         692432 kB
Active(anon):      98928 kB
Inactive(anon):    33144 kB
Active(file):     427000 kB
Inactive(file):   659288 kB
Unevictable:       99496 kB
Mlocked:           94212 kB
SwapTotal:        520908 kB
SwapFree:         364080 kB
Dirty:             52600 kB
Writeback:          7544 kB
AnonPages:        130676 kB
Mapped:           709296 kB
Shmem:               712 kB
Slab:              90600 kB
SReclaimable:      37252 kB
SUnreclaim:        53348 kB
KernelStack:       15072 kB
PageTables:        14420 kB
NFS_Unstable:          0 kB
Bounce:                0 kB
WritebackTmp:          0 kB
CommitLimit:     1450072 kB
Committed_AS:   24098132 kB
VmallocTotal:   251658176 kB
VmallocUsed:       97588 kB
VmallocChunk:   251482716 kB


[2024-11-20 04:05:50]
MemTotal:        1858332 kB
MemFree:          143908 kB
Buffers:             992 kB
Cached:          1183640 kB
SwapCached:        17488 kB
Active:           577508 kB
Inactive:         640484 kB
Active(anon):     100224 kB
Inactive(anon):    33572 kB
Active(file):     477284 kB
Inactive(file):   606912 kB
Unevictable:       99496 kB
Mlocked:           94212 kB
SwapTotal:        520908 kB
SwapFree:         364040 kB
Dirty:             57408 kB
Writeback:            32 kB
AnonPages:        132388 kB
Mapped:           745468 kB
Shmem:               712 kB
Slab:              89636 kB
SReclaimable:      36280 kB
SUnreclaim:        53356 kB
KernelStack:       15136 kB
PageTables:        14568 kB
NFS_Unstable:          0 kB
Bounce:                0 kB
WritebackTmp:          0 kB
CommitLimit:     1450072 kB
Committed_AS:   24100880 kB
VmallocTotal:   251658176 kB
VmallocUsed:       97600 kB
VmallocChunk:   251482716 kB


[2024-11-20 04:05:50]
MemTotal:        1858332 kB
MemFree:          138200 kB
Buffers:             984 kB
Cached:          1184868 kB
SwapCached:        17488 kB
Active:           623280 kB
Inactive:         601128 kB
Active(anon):     104148 kB
Inactive(anon):    34664 kB
Active(file):     519132 kB
Inactive(file):   566464 kB
Unevictable:       99496 kB
Mlocked:           94212 kB
SwapTotal:        520908 kB
SwapFree:         364016 kB
Dirty:             53040 kB
Writeback:          6624 kB
AnonPages:        137448 kB
Mapped:           771516 kB
Shmem:               712 kB
Slab:              88956 kB
SReclaimable:      35536 kB
SUnreclaim:        53420 kB
KernelStack:       15200 kB
PageTables:        14724 kB
NFS_Unstable:          0 kB
Bounce:                0 kB
WritebackTmp:          0 kB
CommitLimit:     1450072 kB
Committed_AS:   24203732 kB
VmallocTotal:   251658176 kB
VmallocUsed:       97600 kB
VmallocChunk:   251482716 kB


[2024-11-20 04:05:52]
MemTotal:        1858332 kB
MemFree:          140340 kB
Buffers:             988 kB
Cached:          1183492 kB
SwapCached:        17488 kB
Active:           646036 kB
Inactive:         577088 kB
Active(anon):     104056 kB
Inactive(anon):    34880 kB
Active(file):     541980 kB
Inactive(file):   542208 kB
Unevictable:       99496 kB
Mlocked:           94212 kB
SwapTotal:        520908 kB
SwapFree:         364016 kB
Dirty:             54424 kB
Writeback:             0 kB
AnonPages:        137492 kB
Mapped:           799684 kB
Shmem:               712 kB
Slab:              88120 kB
SReclaimable:      34796 kB
SUnreclaim:        53324 kB
KernelStack:       15200 kB
PageTables:        14784 kB
NFS_Unstable:          0 kB
Bounce:                0 kB
WritebackTmp:          0 kB
CommitLimit:     1450072 kB
Committed_AS:   24203648 kB
VmallocTotal:   251658176 kB
VmallocUsed:       97600 kB
VmallocChunk:   251482716 kB


[2024-11-20 04:05:55]
MemTotal:        1858332 kB
MemFree:          138004 kB
Buffers:             992 kB
Cached:          1186008 kB
SwapCached:        17488 kB
Active:           646756 kB
Inactive:         579316 kB
Active(anon):     104528 kB
Inactive(anon):    34784 kB
Active(file):     542228 kB
Inactive(file):   544532 kB
Unevictable:       99496 kB
Mlocked:           94212 kB
SwapTotal:        520908 kB
SwapFree:         364016 kB
Dirty:             17112 kB
Writeback:             0 kB
AnonPages:        137764 kB
Mapped:           823932 kB
Shmem:               712 kB
Slab:              87620 kB
SReclaimable:      34232 kB
SUnreclaim:        53388 kB
KernelStack:       15200 kB
PageTables:        14828 kB
NFS_Unstable:          0 kB
Bounce:                0 kB
WritebackTmp:          0 kB
CommitLimit:     1450072 kB
Committed_AS:   24203760 kB
VmallocTotal:   251658176 kB
VmallocUsed:       97600 kB
VmallocChunk:   251482716 kB


[2024-11-20 04:05:57]
MemTotal:        1858332 kB
MemFree:          138592 kB
Buffers:             992 kB
Cached:          1185104 kB
SwapCached:        17488 kB
Active:           647792 kB
Inactive:         577944 kB
Active(anon):     104940 kB
Inactive(anon):    35028 kB
Active(file):     542852 kB
Inactive(file):   542916 kB
Unevictable:       99496 kB
Mlocked:           94212 kB
SwapTotal:        520908 kB
SwapFree:         363996 kB
Dirty:             53992 kB
Writeback:             0 kB
AnonPages:        138220 kB
Mapped:           852944 kB
Shmem:               712 kB
Slab:              86760 kB
SReclaimable:      33428 kB
SUnreclaim:        53332 kB
KernelStack:       15200 kB
PageTables:        14876 kB
NFS_Unstable:          0 kB
Bounce:                0 kB
WritebackTmp:          0 kB
CommitLimit:     1450072 kB
Committed_AS:   24203576 kB
VmallocTotal:   251658176 kB
VmallocUsed:       97600 kB
VmallocChunk:   251482716 kB


[2024-11-20 04:05:59]
MemTotal:        1858332 kB
MemFree:          140276 kB
Buffers:             960 kB
Cached:          1185032 kB
SwapCached:        17488 kB
Active:           647400 kB
Inactive:         577696 kB
Active(anon):     104544 kB
Inactive(anon):    34796 kB
Active(file):     542856 kB
Inactive(file):   542900 kB
Unevictable:       99496 kB
Mlocked:           94212 kB
SwapTotal:        520908 kB
SwapFree:         363996 kB
Dirty:             16280 kB
Writeback:         11344 kB
AnonPages:        137992 kB
Mapped:           873924 kB
Shmem:               712 kB
Slab:              86456 kB
SReclaimable:      32980 kB
SUnreclaim:        53476 kB
KernelStack:       15200 kB
PageTables:        14884 kB
NFS_Unstable:          0 kB
Bounce:                0 kB
WritebackTmp:          0 kB
CommitLimit:     1450072 kB
Committed_AS:   24203592 kB
VmallocTotal:   251658176 kB
VmallocUsed:       97600 kB
VmallocChunk:   251482716 kB


[2024-11-20 04:06:01]
MemTotal:        1858332 kB
MemFree:          138664 kB
Buffers:             964 kB
Cached:          1186576 kB
SwapCached:        17488 kB
Active:           648200 kB
Inactive:         578752 kB
Active(anon):     104820 kB
Inactive(anon):    34816 kB
Active(file):     543380 kB
Inactive(file):   543936 kB
Unevictable:       99496 kB
Mlocked:           94212 kB
SwapTotal:        520908 kB
SwapFree:         363996 kB
Dirty:             57104 kB
Writeback:             0 kB
AnonPages:        138168 kB
Mapped:           901556 kB
Shmem:               712 kB
Slab:              85908 kB
SReclaimable:      32516 kB
SUnreclaim:        53392 kB
KernelStack:       15136 kB
PageTables:        14984 kB
NFS_Unstable:          0 kB
Bounce:                0 kB
WritebackTmp:          0 kB
CommitLimit:     1450072 kB
Committed_AS:   24203616 kB
VmallocTotal:   251658176 kB
VmallocUsed:       97600 kB
VmallocChunk:   251482716 kB


[2024-11-20 04:06:03]
MemTotal:        1858332 kB
MemFree:          143276 kB
Buffers:             152 kB
Cached:          1190280 kB
SwapCached:        17488 kB
Active:           642632 kB
Inactive:         580160 kB
Active(anon):      97884 kB
Inactive(anon):    34820 kB
Active(file):     544748 kB
Inactive(file):   545340 kB
Unevictable:       99496 kB
Mlocked:           94212 kB
SwapTotal:        520908 kB
SwapFree:         363996 kB
Dirty:             53848 kB
Writeback:             0 kB
AnonPages:        131100 kB
Mapped:           905132 kB
Shmem:               712 kB
Slab:              85692 kB
SReclaimable:      32228 kB
SUnreclaim:        53464 kB
KernelStack:       15136 kB
PageTables:        15016 kB
NFS_Unstable:          0 kB
Bounce:                0 kB
WritebackTmp:          0 kB
CommitLimit:     1450072 kB
Committed_AS:   24203420 kB
VmallocTotal:   251658176 kB
VmallocUsed:       97600 kB
VmallocChunk:   251482716 kB


[2024-11-20 04:06:05]
MemTotal:        1858332 kB
MemFree:          142148 kB
Buffers:             156 kB
Cached:          1190732 kB
SwapCached:        17488 kB
Active:           643536 kB
Inactive:         580032 kB
Active(anon):      98336 kB
Inactive(anon):    34736 kB
Active(file):     545200 kB
Inactive(file):   545296 kB
Unevictable:       99496 kB
Mlocked:           94212 kB
SwapTotal:        520908 kB
SwapFree:         363996 kB
Dirty:             39128 kB
Writeback:             0 kB
AnonPages:        131464 kB
Mapped:           899096 kB
Shmem:               712 kB
Slab:              85920 kB
SReclaimable:      32444 kB
SUnreclaim:        53476 kB
KernelStack:       15136 kB
PageTables:        15052 kB
NFS_Unstable:          0 kB
Bounce:                0 kB
WritebackTmp:          0 kB
CommitLimit:     1450072 kB
Committed_AS:   24203540 kB
VmallocTotal:   251658176 kB
VmallocUsed:       97600 kB
VmallocChunk:   251482716 kB


[2024-11-20 04:06:08]
MemTotal:        1858332 kB
MemFree:          141616 kB
Buffers:             164 kB
Cached:          1191856 kB
SwapCached:        17488 kB
Active:           642936 kB
Inactive:         582016 kB
Active(anon):      98264 kB
Inactive(anon):    34648 kB
Active(file):     544672 kB
Inactive(file):   547368 kB
Unevictable:       99496 kB
Mlocked:           94212 kB
SwapTotal:        520908 kB
SwapFree:         363996 kB
Dirty:             53704 kB
Writeback:             0 kB
AnonPages:        131572 kB
Mapped:           893796 kB
Shmem:               712 kB
Slab:              85872 kB
SReclaimable:      32372 kB
SUnreclaim:        53500 kB
KernelStack:       15136 kB
PageTables:        15088 kB
NFS_Unstable:          0 kB
Bounce:                0 kB
WritebackTmp:          0 kB
CommitLimit:     1450072 kB
Committed_AS:   24203524 kB
VmallocTotal:   251658176 kB
VmallocUsed:       97600 kB
VmallocChunk:   251482716 kB


[2024-11-20 04:06:10]
MemTotal:        1858332 kB
MemFree:          142040 kB
Buffers:             156 kB
Cached:          1190244 kB
SwapCached:        17488 kB
Active:           643524 kB
Inactive:         580280 kB
Active(anon):      98832 kB
Inactive(anon):    34600 kB
Active(file):     544692 kB
Inactive(file):   545680 kB
Unevictable:       99496 kB
Mlocked:           94212 kB
SwapTotal:        520908 kB
SwapFree:         363996 kB
Dirty:              1520 kB
Writeback:             0 kB
AnonPages:        131944 kB
Mapped:           891168 kB
Shmem:               712 kB
Slab:              86068 kB
SReclaimable:      32576 kB
SUnreclaim:        53492 kB
KernelStack:       15136 kB
PageTables:        15112 kB
NFS_Unstable:          0 kB
Bounce:                0 kB
WritebackTmp:          0 kB
CommitLimit:     1450072 kB
Committed_AS:   24203556 kB
VmallocTotal:   251658176 kB
VmallocUsed:       97600 kB
VmallocChunk:   251482716 kB


[2024-11-20 04:06:12]
MemTotal:        1858332 kB
MemFree:          142548 kB
Buffers:             164 kB
Cached:          1189752 kB
SwapCached:        17488 kB
Active:           643256 kB
Inactive:         579716 kB
Active(anon):      98520 kB
Inactive(anon):    34544 kB
Active(file):     544736 kB
Inactive(file):   545172 kB
Unevictable:       99496 kB
Mlocked:           94212 kB
SwapTotal:        520908 kB
SwapFree:         363996 kB
Dirty:             39728 kB
Writeback:             0 kB
AnonPages:        131716 kB
Mapped:           888796 kB
Shmem:               712 kB
Slab:              86212 kB
SReclaimable:      32696 kB
SUnreclaim:        53516 kB
KernelStack:       15136 kB
PageTables:        15144 kB
NFS_Unstable:          0 kB
Bounce:                0 kB
WritebackTmp:          0 kB
CommitLimit:     1450072 kB
Committed_AS:   24203560 kB
VmallocTotal:   251658176 kB
VmallocUsed:       97600 kB
VmallocChunk:   251482716 kB


[2024-11-20 04:06:14]
MemTotal:        1858332 kB
MemFree:          142528 kB
Buffers:             164 kB
Cached:          1190572 kB
SwapCached:        17488 kB
Active:           642980 kB
Inactive:         580672 kB
Active(anon):      98608 kB
Inactive(anon):    34480 kB
Active(file):     544372 kB
Inactive(file):   546192 kB
Unevictable:       99496 kB
Mlocked:           94212 kB
SwapTotal:        520908 kB
SwapFree:         363996 kB
Dirty:             30592 kB
Writeback:         27848 kB
AnonPages:        131728 kB
Mapped:           884196 kB
Shmem:               712 kB
Slab:              86320 kB
SReclaimable:      32836 kB
SUnreclaim:        53484 kB
KernelStack:       15136 kB
PageTables:        15172 kB
NFS_Unstable:          0 kB
Bounce:                0 kB
WritebackTmp:          0 kB
CommitLimit:     1450072 kB
Committed_AS:   24203476 kB
VmallocTotal:   251658176 kB
VmallocUsed:       97600 kB
VmallocChunk:   251482716 kB


[2024-11-20 04:06:16]
MemTotal:        1858332 kB
MemFree:          142368 kB
Buffers:             164 kB
Cached:          1189692 kB
SwapCached:        17488 kB
Active:           643240 kB
Inactive:         579552 kB
Active(anon):      98704 kB
Inactive(anon):    34448 kB
Active(file):     544536 kB
Inactive(file):   545104 kB
Unevictable:       99496 kB
Mlocked:           94212 kB
SwapTotal:        520908 kB
SwapFree:         363996 kB
Dirty:             26976 kB
Writeback:             0 kB
AnonPages:        131664 kB
Mapped:           881984 kB
Shmem:               712 kB
Slab:              86368 kB
SReclaimable:      32844 kB
SUnreclaim:        53524 kB
KernelStack:       15136 kB
PageTables:        15192 kB
NFS_Unstable:          0 kB
Bounce:                0 kB
WritebackTmp:          0 kB
CommitLimit:     1450072 kB
Committed_AS:   24203460 kB
VmallocTotal:   251658176 kB
VmallocUsed:       97600 kB
VmallocChunk:   251482716 kB


[2024-11-20 04:06:19]
MemTotal:        1858332 kB
MemFree:          142956 kB
Buffers:             160 kB
Cached:          1189296 kB
SwapCached:        17488 kB
Active:           643220 kB
Inactive:         579516 kB
Active(anon):      99120 kB
Inactive(anon):    34400 kB
Active(file):     544100 kB
Inactive(file):   545116 kB
Unevictable:       99496 kB
Mlocked:           94212 kB
SwapTotal:        520908 kB
SwapFree:         363996 kB
Dirty:             57284 kB
Writeback:             0 kB
AnonPages:        131872 kB
Mapped:           879084 kB
Shmem:               712 kB
Slab:              86256 kB
SReclaimable:      32728 kB
SUnreclaim:        53528 kB
KernelStack:       15136 kB
PageTables:        15220 kB
NFS_Unstable:          0 kB
Bounce:                0 kB
WritebackTmp:          0 kB
CommitLimit:     1450072 kB
Committed_AS:   24203552 kB
VmallocTotal:   251658176 kB
VmallocUsed:       97600 kB
VmallocChunk:   251482716 kB


[2024-11-20 04:06:21]
MemTotal:        1858332 kB
MemFree:          142320 kB
Buffers:             164 kB
Cached:          1188236 kB
SwapCached:        17488 kB
Active:           643584 kB
Inactive:         578872 kB
Active(anon):      99680 kB
Inactive(anon):    34368 kB
Active(file):     543904 kB
Inactive(file):   544504 kB
Unevictable:       99496 kB
Mlocked:           94212 kB
SwapTotal:        520908 kB
SwapFree:         363996 kB
Dirty:             11184 kB
Writeback:             0 kB
AnonPages:        132588 kB
Mapped:           880024 kB
Shmem:               712 kB
Slab:              86816 kB
SReclaimable:      33116 kB
SUnreclaim:        53700 kB
KernelStack:       15136 kB
PageTables:        15240 kB
NFS_Unstable:          0 kB
Bounce:                0 kB
WritebackTmp:          0 kB
CommitLimit:     1450072 kB
Committed_AS:   24203488 kB
VmallocTotal:   251658176 kB
VmallocUsed:       97600 kB
VmallocChunk:   251482716 kB


[2024-11-20 04:06:23]
MemTotal:        1858332 kB
MemFree:          134040 kB
Buffers:             652 kB
Cached:          1187220 kB
SwapCached:        17488 kB
Active:           652208 kB
Inactive:         578588 kB
Active(anon):     108144 kB
Inactive(anon):    35076 kB
Active(file):     544064 kB
Inactive(file):   543512 kB
Unevictable:       99496 kB
Mlocked:           94212 kB
SwapTotal:        520908 kB
SwapFree:         364004 kB
Dirty:             22896 kB
Writeback:             0 kB
AnonPages:        141748 kB
Mapped:           875780 kB
Shmem:               712 kB
Slab:              86220 kB
SReclaimable:      32656 kB
SUnreclaim:        53564 kB
KernelStack:       15280 kB
PageTables:        15356 kB
NFS_Unstable:          0 kB
Bounce:                0 kB
WritebackTmp:          0 kB
CommitLimit:     1450072 kB
Committed_AS:   24282068 kB
VmallocTotal:   251658176 kB
VmallocUsed:       97600 kB
VmallocChunk:   251482716 kB


[2024-11-20 04:06:25]
MemTotal:        1858332 kB
MemFree:          100768 kB
Buffers:             652 kB
Cached:          1185084 kB
SwapCached:        17488 kB
Active:           684200 kB
Inactive:         580280 kB
Active(anon):     141552 kB
Inactive(anon):    37428 kB
Active(file):     542648 kB
Inactive(file):   542852 kB
Unevictable:       99496 kB
Mlocked:           94212 kB
SwapTotal:        520908 kB
SwapFree:         364004 kB
Dirty:                 0 kB
Writeback:            60 kB
AnonPages:        177688 kB
Mapped:           875148 kB
Shmem:               712 kB
Slab:              86100 kB
SReclaimable:      32536 kB
SUnreclaim:        53564 kB
KernelStack:       15280 kB
PageTables:        15424 kB
NFS_Unstable:          0 kB
Bounce:                0 kB
WritebackTmp:          0 kB
CommitLimit:     1450072 kB
Committed_AS:   24313240 kB
VmallocTotal:   251658176 kB
VmallocUsed:       97600 kB
VmallocChunk:   251482716 kB


[2024-11-20 04:06:27]
MemTotal:        1858332 kB
MemFree:           33740 kB
Buffers:             636 kB
Cached:          1106580 kB
SwapCached:        16892 kB
Active:           748260 kB
Inactive:         585240 kB
Active(anon):     244904 kB
Inactive(anon):    81496 kB
Active(file):     503356 kB
Inactive(file):   503744 kB
Unevictable:       99496 kB
Mlocked:           94212 kB
SwapTotal:        520908 kB
SwapFree:         364012 kB
Dirty:                 0 kB
Writeback:             0 kB
AnonPages:        326168 kB
Mapped:           820832 kB
Shmem:               712 kB
Slab:              82932 kB
SReclaimable:      29368 kB
SUnreclaim:        53564 kB
KernelStack:       15280 kB
PageTables:        15584 kB
NFS_Unstable:          0 kB
Bounce:                0 kB
WritebackTmp:          0 kB
CommitLimit:     1450072 kB
Committed_AS:   25114092 kB
VmallocTotal:   251658176 kB
VmallocUsed:       97600 kB
VmallocChunk:   251482716 kB


[2024-11-20 04:06:30]
MemTotal:        1858332 kB
MemFree:           32472 kB
Buffers:             128 kB
Cached:           541548 kB
SwapCached:        16444 kB
Active:           892808 kB
Inactive:         445052 kB
Active(anon):     672160 kB
Inactive(anon):   223912 kB
Active(file):     220648 kB
Inactive(file):   221140 kB
Unevictable:       99496 kB
Mlocked:           94212 kB
SwapTotal:        520908 kB
SwapFree:         363888 kB
Dirty:                 0 kB
Writeback:             0 kB
AnonPages:        895900 kB
Mapped:           179052 kB
Shmem:               712 kB
Slab:              78704 kB
SReclaimable:      25140 kB
SUnreclaim:        53564 kB
KernelStack:       15280 kB
PageTables:        16640 kB
NFS_Unstable:          0 kB
Bounce:                0 kB
WritebackTmp:          0 kB
CommitLimit:     1450072 kB
Committed_AS:   25113980 kB
VmallocTotal:   251658176 kB
VmallocUsed:       97600 kB
VmallocChunk:   251482716 kB


[2024-11-20 04:06:32]
MemTotal:        1858332 kB
MemFree:           34144 kB
Buffers:             120 kB
Cached:           209448 kB
SwapCached:        16444 kB
Active:           976148 kB
Inactive:         361332 kB
Active(anon):     926452 kB
Inactive(anon):   301824 kB
Active(file):      49696 kB
Inactive(file):    59508 kB
Unevictable:       99496 kB
Mlocked:           94212 kB
SwapTotal:        520908 kB
SwapFree:         363888 kB
Dirty:                16 kB
Writeback:             0 kB
AnonPages:       1227828 kB
Mapped:           109752 kB
Shmem:               712 kB
Slab:              78056 kB
SReclaimable:      24656 kB
SUnreclaim:        53400 kB
KernelStack:       15216 kB
PageTables:        16892 kB
NFS_Unstable:          0 kB
Bounce:                0 kB
WritebackTmp:          0 kB
CommitLimit:     1450072 kB
Committed_AS:   24100532 kB
VmallocTotal:   251658176 kB
VmallocUsed:       96580 kB
VmallocChunk:   251482716 kB


[2024-11-20 04:06:34]
MemTotal:        1858332 kB
MemFree:           33552 kB
Buffers:             232 kB
Cached:           186404 kB
SwapCached:        16340 kB
Active:           996848 kB
Inactive:         356144 kB
Active(anon):     954508 kB
Inactive(anon):   312032 kB
Active(file):      42340 kB
Inactive(file):    44112 kB
Unevictable:       99496 kB
Mlocked:           94212 kB
SwapTotal:        520908 kB
SwapFree:         363272 kB
Dirty:                48 kB
Writeback:             0 kB
AnonPages:       1265888 kB
Mapped:           115020 kB
Shmem:               708 kB
Slab:              78068 kB
SReclaimable:      24608 kB
SUnreclaim:        53460 kB
KernelStack:       14736 kB
PageTables:        15504 kB
NFS_Unstable:          0 kB
Bounce:                0 kB
WritebackTmp:          0 kB
CommitLimit:     1450072 kB
Committed_AS:   20274312 kB
VmallocTotal:   251658176 kB
VmallocUsed:       93244 kB
VmallocChunk:   251482716 kB


[2024-11-20 04:06:36]
MemTotal:        1858332 kB
MemFree:           32088 kB
Buffers:             384 kB
Cached:           198340 kB
SwapCached:        13816 kB
Active:           996668 kB
Inactive:         367248 kB
Active(anon):     949144 kB
Inactive(anon):   316316 kB
Active(file):      47524 kB
Inactive(file):    50932 kB
Unevictable:       99496 kB
Mlocked:           94212 kB
SwapTotal:        520908 kB
SwapFree:         356996 kB
Dirty:                56 kB
Writeback:             0 kB
AnonPages:       1264580 kB
Mapped:           130296 kB
Shmem:               500 kB
Slab:              78140 kB
SReclaimable:      24576 kB
SUnreclaim:        53564 kB
KernelStack:       14912 kB
PageTables:        16692 kB
NFS_Unstable:          0 kB
Bounce:                0 kB
WritebackTmp:          0 kB
CommitLimit:     1450072 kB
Committed_AS:   24115624 kB
VmallocTotal:   251658176 kB
VmallocUsed:       95284 kB
VmallocChunk:   251482716 kB


[2024-11-20 04:06:39]
MemTotal:        1858332 kB
MemFree:           40044 kB
Buffers:             448 kB
Cached:           200424 kB
SwapCached:        12868 kB
Active:           985028 kB
Inactive:         371848 kB
Active(anon):     938604 kB
Inactive(anon):   317272 kB
Active(file):      46424 kB
Inactive(file):    54576 kB
Unevictable:       99496 kB
Mlocked:           94212 kB
SwapTotal:        520908 kB
SwapFree:         351932 kB
Dirty:               140 kB
Writeback:             0 kB
AnonPages:       1254244 kB
Mapped:           123584 kB
Shmem:               528 kB
Slab:              78100 kB
SReclaimable:      24544 kB
SUnreclaim:        53556 kB
KernelStack:       14800 kB
PageTables:        15552 kB
NFS_Unstable:          0 kB
Bounce:                0 kB
WritebackTmp:          0 kB
CommitLimit:     1450072 kB
Committed_AS:   20373816 kB
VmallocTotal:   251658176 kB
VmallocUsed:       94264 kB
VmallocChunk:   251482716 kB


[2024-11-20 04:06:41]
MemTotal:        1858332 kB
MemFree:           34552 kB
Buffers:             452 kB
Cached:           206300 kB
SwapCached:        12908 kB
Active:           984976 kB
Inactive:         377720 kB
Active(anon):     938428 kB
Inactive(anon):   317388 kB
Active(file):      46548 kB
Inactive(file):    60332 kB
Unevictable:       99496 kB
Mlocked:           94212 kB
SwapTotal:        520908 kB
SwapFree:         352052 kB
Dirty:                32 kB
Writeback:             0 kB
AnonPages:       1254468 kB
Mapped:           124036 kB
Shmem:               532 kB
Slab:              78052 kB
SReclaimable:      24544 kB
SUnreclaim:        53508 kB
KernelStack:       14720 kB
PageTables:        15520 kB
NFS_Unstable:          0 kB
Bounce:                0 kB
WritebackTmp:          0 kB
CommitLimit:     1450072 kB
Committed_AS:   20274136 kB
VmallocTotal:   251658176 kB
VmallocUsed:       93244 kB
VmallocChunk:   251482716 kB


[2024-11-20 04:06:43]
MemTotal:        1858332 kB
MemFree:           34496 kB
Buffers:             460 kB
Cached:           206292 kB
SwapCached:        12908 kB
Active:           985852 kB
Inactive:         377380 kB
Active(anon):     938864 kB
Inactive(anon):   317388 kB
Active(file):      46988 kB
Inactive(file):    59992 kB
Unevictable:       99496 kB
Mlocked:           94212 kB
SwapTotal:        520908 kB
SwapFree:         352056 kB
Dirty:                32 kB
Writeback:             0 kB
AnonPages:       1254776 kB
Mapped:           124036 kB
Shmem:               532 kB
Slab:              78052 kB
SReclaimable:      24544 kB
SUnreclaim:        53508 kB
KernelStack:       14720 kB
PageTables:        15520 kB
NFS_Unstable:          0 kB
Bounce:                0 kB
WritebackTmp:          0 kB
CommitLimit:     1450072 kB
Committed_AS:   20274172 kB
VmallocTotal:   251658176 kB
VmallocUsed:       93244 kB
VmallocChunk:   251482716 kB


[2024-11-20 04:06:46]
MemTotal:        1858332 kB
MemFree:           36768 kB
Buffers:             508 kB
Cached:           205296 kB
SwapCached:        13184 kB
Active:           986820 kB
Inactive:         373308 kB
Active(anon):     939796 kB
Inactive(anon):   314312 kB
Active(file):      47024 kB
Inactive(file):    58996 kB
Unevictable:       99496 kB
Mlocked:           94212 kB
SwapTotal:        520908 kB
SwapFree:         352212 kB
Dirty:                68 kB
Writeback:             0 kB
AnonPages:       1252364 kB
Mapped:           126832 kB
Shmem:               536 kB
Slab:              78052 kB
SReclaimable:      24544 kB
SUnreclaim:        53508 kB
KernelStack:       14896 kB
PageTables:        16100 kB
NFS_Unstable:          0 kB
Bounce:                0 kB
WritebackTmp:          0 kB
CommitLimit:     1450072 kB
Committed_AS:   22194544 kB
VmallocTotal:   251658176 kB
VmallocUsed:       94264 kB
VmallocChunk:   251482716 kB


[2024-11-20 04:06:48]
MemTotal:        1858332 kB
MemFree:           36860 kB
Buffers:             508 kB
Cached:           205296 kB
SwapCached:        13184 kB
Active:           986720 kB
Inactive:         373284 kB
Active(anon):     939692 kB
Inactive(anon):   314292 kB
Active(file):      47028 kB
Inactive(file):    58992 kB
Unevictable:       99496 kB
Mlocked:           94212 kB
SwapTotal:        520908 kB
SwapFree:         352212 kB
Dirty:                 0 kB
Writeback:             0 kB
AnonPages:       1252320 kB
Mapped:           126656 kB
Shmem:               536 kB
Slab:              78052 kB
SReclaimable:      24544 kB
SUnreclaim:        53508 kB
KernelStack:       14928 kB
PageTables:        16136 kB
NFS_Unstable:          0 kB
Bounce:                0 kB
WritebackTmp:          0 kB
CommitLimit:     1450072 kB
Committed_AS:   22194532 kB
VmallocTotal:   251658176 kB
VmallocUsed:       94264 kB
VmallocChunk:   251482716 kB


[2024-11-20 04:06:50]
MemTotal:        1858332 kB
MemFree:           35540 kB
Buffers:             508 kB
Cached:           206208 kB
SwapCached:        13556 kB
Active:           987636 kB
Inactive:         374176 kB
Active(anon):     940608 kB
Inactive(anon):   314272 kB
Active(file):      47028 kB
Inactive(file):    59904 kB
Unevictable:       99496 kB
Mlocked:           94212 kB
SwapTotal:        520908 kB
SwapFree:         352784 kB
Dirty:                 0 kB
Writeback:             0 kB
AnonPages:       1253348 kB
Mapped:           127068 kB
Shmem:               536 kB
Slab:              78052 kB
SReclaimable:      24544 kB
SUnreclaim:        53508 kB
KernelStack:       14896 kB
PageTables:        16100 kB
NFS_Unstable:          0 kB
Bounce:                0 kB
WritebackTmp:          0 kB
CommitLimit:     1450072 kB
Committed_AS:   22194496 kB
VmallocTotal:   251658176 kB
VmallocUsed:       94264 kB
VmallocChunk:   251482716 kB


[2024-11-20 04:06:53]
MemTotal:        1858332 kB
MemFree:           34396 kB
Buffers:             516 kB
Cached:           206208 kB
SwapCached:        13556 kB
Active:           988152 kB
Inactive:         374140 kB
Active(anon):     941124 kB
Inactive(anon):   314228 kB
Active(file):      47028 kB
Inactive(file):    59912 kB
Unevictable:       99496 kB
Mlocked:           94212 kB
SwapTotal:        520908 kB
SwapFree:         352784 kB
Dirty:                12 kB
Writeback:             0 kB
AnonPages:       1253868 kB
Mapped:           127252 kB
Shmem:               536 kB
Slab:              78052 kB
SReclaimable:      24544 kB
SUnreclaim:        53508 kB
KernelStack:       14896 kB
PageTables:        16100 kB
NFS_Unstable:          0 kB
Bounce:                0 kB
WritebackTmp:          0 kB
CommitLimit:     1450072 kB
Committed_AS:   22194496 kB
VmallocTotal:   251658176 kB
VmallocUsed:       94264 kB
VmallocChunk:   251482716 kB


[2024-11-20 04:06:55]
MemTotal:        1858332 kB
MemFree:           35024 kB
Buffers:             536 kB
Cached:           202600 kB
SwapCached:        13384 kB
Active:           990712 kB
Inactive:         370540 kB
Active(anon):     943572 kB
Inactive(anon):   314492 kB
Active(file):      47140 kB
Inactive(file):    56048 kB
Unevictable:       99496 kB
Mlocked:           94212 kB
SwapTotal:        520908 kB
SwapFree:         353084 kB
Dirty:                12 kB
Writeback:             0 kB
AnonPages:       1256424 kB
Mapped:           129332 kB
Shmem:               536 kB
Slab:              78052 kB
SReclaimable:      24544 kB
SUnreclaim:        53508 kB
KernelStack:       15104 kB
PageTables:        16736 kB
NFS_Unstable:          0 kB
Bounce:                0 kB
WritebackTmp:          0 kB
CommitLimit:     1450072 kB
Committed_AS:   24115856 kB
VmallocTotal:   251658176 kB
VmallocUsed:       95284 kB
VmallocChunk:   251482716 kB


[2024-11-20 04:06:57]
MemTotal:        1858332 kB
MemFree:           39892 kB
Buffers:             388 kB
Cached:           199768 kB
SwapCached:        13636 kB
Active:           984156 kB
Inactive:         372820 kB
Active(anon):     939416 kB
Inactive(anon):   317248 kB
Active(file):      44740 kB
Inactive(file):    55572 kB
Unevictable:       99496 kB
Mlocked:           94212 kB
SwapTotal:        520908 kB
SwapFree:         353816 kB
Dirty:                80 kB
Writeback:             0 kB
AnonPages:       1255092 kB
Mapped:           129352 kB
Shmem:               536 kB
Slab:              78104 kB
SReclaimable:      24528 kB
SUnreclaim:        53576 kB
KernelStack:       14896 kB
PageTables:        16112 kB
NFS_Unstable:          0 kB
Bounce:                0 kB
WritebackTmp:          0 kB
CommitLimit:     1450072 kB
Committed_AS:   22194536 kB
VmallocTotal:   251658176 kB
VmallocUsed:       94264 kB
VmallocChunk:   251482716 kB


[2024-11-20 04:06:59]
MemTotal:        1858332 kB
MemFree:           39176 kB
Buffers:             388 kB
Cached:           200188 kB
SwapCached:        13636 kB
Active:           984320 kB
Inactive:         373288 kB
Active(anon):     939580 kB
Inactive(anon):   317240 kB
Active(file):      44740 kB
Inactive(file):    56048 kB
Unevictable:       99496 kB
Mlocked:           94212 kB
SwapTotal:        520908 kB
SwapFree:         353828 kB
Dirty:                80 kB
Writeback:             0 kB
AnonPages:       1255248 kB
Mapped:           129360 kB
Shmem:               536 kB
Slab:              78064 kB
SReclaimable:      24528 kB
SUnreclaim:        53536 kB
KernelStack:       14896 kB
PageTables:        16112 kB
NFS_Unstable:          0 kB
Bounce:                0 kB
WritebackTmp:          0 kB
CommitLimit:     1450072 kB
Committed_AS:   22194452 kB
VmallocTotal:   251658176 kB
VmallocUsed:       94264 kB
VmallocChunk:   251482716 kB


[2024-11-20 04:07:02]
MemTotal:        1858332 kB
MemFree:           38244 kB
Buffers:             396 kB
Cached:           202184 kB
SwapCached:        13640 kB
Active:           984780 kB
Inactive:         375268 kB
Active(anon):     940032 kB
Inactive(anon):   317224 kB
Active(file):      44748 kB
Inactive(file):    58044 kB
Unevictable:       99496 kB
Mlocked:           94212 kB
SwapTotal:        520908 kB
SwapFree:         353848 kB
Dirty:                16 kB
Writeback:             0 kB
AnonPages:       1255784 kB
Mapped:           129440 kB
Shmem:               536 kB
Slab:              77828 kB
SReclaimable:      24352 kB
SUnreclaim:        53476 kB
KernelStack:       14928 kB
PageTables:        16140 kB
NFS_Unstable:          0 kB
Bounce:                0 kB
WritebackTmp:          0 kB
CommitLimit:     1450072 kB
Committed_AS:   22194424 kB
VmallocTotal:   251658176 kB
VmallocUsed:       94264 kB
VmallocChunk:   251482716 kB


[2024-11-20 04:07:05]
MemTotal:        1858332 kB
MemFree:           35124 kB
Buffers:             388 kB
Cached:           205368 kB
SwapCached:        13728 kB
Active:           984760 kB
Inactive:         378524 kB
Active(anon):     940004 kB
Inactive(anon):   317340 kB
Active(file):      44756 kB
Inactive(file):    61184 kB
Unevictable:       99496 kB
Mlocked:           94212 kB
SwapTotal:        520908 kB
SwapFree:         354332 kB
Dirty:                16 kB
Writeback:             0 kB
AnonPages:       1255776 kB
Mapped:           129920 kB
Shmem:               536 kB
Slab:              77796 kB
SReclaimable:      24352 kB
SUnreclaim:        53444 kB
KernelStack:       14896 kB
PageTables:        16112 kB
NFS_Unstable:          0 kB
Bounce:                0 kB
WritebackTmp:          0 kB
CommitLimit:     1450072 kB
Committed_AS:   22194432 kB
VmallocTotal:   251658176 kB
VmallocUsed:       94276 kB
VmallocChunk:   251482716 kB


[2024-11-20 04:07:07]
MemTotal:        1858332 kB
MemFree:           34860 kB
Buffers:             388 kB
Cached:           205412 kB
SwapCached:        13728 kB
Active:           985128 kB
Inactive:         378600 kB
Active(anon):     940372 kB
Inactive(anon):   317332 kB
Active(file):      44756 kB
Inactive(file):    61268 kB
Unevictable:       99496 kB
Mlocked:           94212 kB
SwapTotal:        520908 kB
SwapFree:         354332 kB
Dirty:                16 kB
Writeback:             0 kB
AnonPages:       1256208 kB
Mapped:           130004 kB
Shmem:               536 kB
Slab:              77796 kB
SReclaimable:      24352 kB
SUnreclaim:        53444 kB
KernelStack:       14928 kB
PageTables:        16148 kB
NFS_Unstable:          0 kB
Bounce:                0 kB
WritebackTmp:          0 kB
CommitLimit:     1450072 kB
Committed_AS:   22194512 kB
VmallocTotal:   251658176 kB
VmallocUsed:       94276 kB
VmallocChunk:   251482716 kB


[2024-11-20 04:07:10]
MemTotal:        1858332 kB
MemFree:           36208 kB
Buffers:             388 kB
Cached:           204500 kB
SwapCached:        13748 kB
Active:           986120 kB
Inactive:         376672 kB
Active(anon):     941220 kB
Inactive(anon):   316484 kB
Active(file):      44900 kB
Inactive(file):    60188 kB
Unevictable:       99496 kB
Mlocked:           94212 kB
SwapTotal:        520908 kB
SwapFree:         354444 kB
Dirty:                 0 kB
Writeback:             0 kB
AnonPages:       1256168 kB
Mapped:           130108 kB
Shmem:               536 kB
Slab:              77796 kB
SReclaimable:      24352 kB
SUnreclaim:        53444 kB
KernelStack:       14896 kB
PageTables:        16112 kB
NFS_Unstable:          0 kB
Bounce:                0 kB
WritebackTmp:          0 kB
CommitLimit:     1450072 kB
Committed_AS:   22194408 kB
VmallocTotal:   251658176 kB
VmallocUsed:       94276 kB
VmallocChunk:   251482716 kB


[2024-11-20 04:07:12]
MemTotal:        1858332 kB
MemFree:           35976 kB
Buffers:             388 kB
Cached:           204524 kB
SwapCached:        13748 kB
Active:           986040 kB
Inactive:         376604 kB
Active(anon):     941140 kB
Inactive(anon):   316368 kB
Active(file):      44900 kB
Inactive(file):    60236 kB
Unevictable:       99496 kB
Mlocked:           94212 kB
SwapTotal:        520908 kB
SwapFree:         354444 kB
Dirty:                 0 kB
Writeback:             0 kB
AnonPages:       1255704 kB
Mapped:           130064 kB
Shmem:               536 kB
Slab:              77796 kB
SReclaimable:      24352 kB
SUnreclaim:        53444 kB
KernelStack:       14928 kB
PageTables:        16148 kB
NFS_Unstable:          0 kB
Bounce:                0 kB
WritebackTmp:          0 kB
CommitLimit:     1450072 kB
Committed_AS:   22194540 kB
VmallocTotal:   251658176 kB
VmallocUsed:       94276 kB
VmallocChunk:   251482716 kB


[2024-11-20 04:07:15]
MemTotal:        1858332 kB
MemFree:           35620 kB
Buffers:             388 kB
Cached:           204524 kB
SwapCached:        13748 kB
Active:           986264 kB
Inactive:         376560 kB
Active(anon):     941364 kB
Inactive(anon):   316324 kB
Active(file):      44900 kB
Inactive(file):    60236 kB
Unevictable:       99496 kB
Mlocked:           94212 kB
SwapTotal:        520908 kB
SwapFree:         354444 kB
Dirty:                 0 kB
Writeback:             0 kB
AnonPages:       1256244 kB
Mapped:           130116 kB
Shmem:               536 kB
Slab:              77796 kB
SReclaimable:      24352 kB
SUnreclaim:        53444 kB
KernelStack:       14912 kB
PageTables:        16112 kB
NFS_Unstable:          0 kB
Bounce:                0 kB
WritebackTmp:          0 kB
CommitLimit:     1450072 kB
Committed_AS:   22194468 kB
VmallocTotal:   251658176 kB
VmallocUsed:       94276 kB
VmallocChunk:   251482716 kB


[2024-11-20 04:07:17]
MemTotal:        1858332 kB
MemFree:           35112 kB
Buffers:             388 kB
Cached:           204792 kB
SwapCached:        13748 kB
Active:           986472 kB
Inactive:         376828 kB
Active(anon):     941572 kB
Inactive(anon):   316324 kB
Active(file):      44900 kB
Inactive(file):    60504 kB
Unevictable:       99496 kB
Mlocked:           94212 kB
SwapTotal:        520908 kB
SwapFree:         354444 kB
Dirty:                 0 kB
Writeback:             0 kB
AnonPages:       1256484 kB
Mapped:           130204 kB
Shmem:               536 kB
Slab:              77796 kB
SReclaimable:      24352 kB
SUnreclaim:        53444 kB
KernelStack:       14944 kB
PageTables:        16144 kB
NFS_Unstable:          0 kB
Bounce:                0 kB
WritebackTmp:          0 kB
CommitLimit:     1450072 kB
Committed_AS:   22194520 kB
VmallocTotal:   251658176 kB
VmallocUsed:       94276 kB
VmallocChunk:   251482716 kB


[2024-11-20 04:07:20]
MemTotal:        1858332 kB
MemFree:           34464 kB
Buffers:             388 kB
Cached:           205312 kB
SwapCached:        13780 kB
Active:           986460 kB
Inactive:         377420 kB
Active(anon):     941560 kB
Inactive(anon):   316296 kB
Active(file):      44900 kB
Inactive(file):    61124 kB
Unevictable:       99496 kB
Mlocked:           94212 kB
SwapTotal:        520908 kB
SwapFree:         354452 kB
Dirty:                 0 kB
Writeback:             0 kB
AnonPages:       1256412 kB
Mapped:           130168 kB
Shmem:               536 kB
Slab:              77796 kB
SReclaimable:      24352 kB
SUnreclaim:        53444 kB
KernelStack:       14944 kB
PageTables:        16144 kB
NFS_Unstable:          0 kB
Bounce:                0 kB
WritebackTmp:          0 kB
CommitLimit:     1450072 kB
Committed_AS:   22194372 kB
VmallocTotal:   251658176 kB
VmallocUsed:       94276 kB
VmallocChunk:   251482716 kB


[2024-11-20 04:07:23]
MemTotal:        1858332 kB
MemFree:           33736 kB
Buffers:             388 kB
Cached:           205908 kB
SwapCached:        13780 kB
Active:           986900 kB
Inactive:         377916 kB
Active(anon):     942000 kB
Inactive(anon):   316336 kB
Active(file):      44900 kB
Inactive(file):    61580 kB
Unevictable:       99496 kB
Mlocked:           94212 kB
SwapTotal:        520908 kB
SwapFree:         354452 kB
Dirty:                 0 kB
Writeback:             0 kB
AnonPages:       1256888 kB
Mapped:           130232 kB
Shmem:               536 kB
Slab:              77796 kB
SReclaimable:      24352 kB
SUnreclaim:        53444 kB
KernelStack:       14912 kB
PageTables:        16112 kB
NFS_Unstable:          0 kB
Bounce:                0 kB
WritebackTmp:          0 kB
CommitLimit:     1450072 kB
Committed_AS:   22194420 kB
VmallocTotal:   251658176 kB
VmallocUsed:       94276 kB
VmallocChunk:   251482716 kB


[2024-11-20 04:07:25]
MemTotal:        1858332 kB
MemFree:           35772 kB
Buffers:             388 kB
Cached:           204068 kB
SwapCached:        13780 kB
Active:           986912 kB
Inactive:         376152 kB
Active(anon):     942012 kB
Inactive(anon):   316336 kB
Active(file):      44900 kB
Inactive(file):    59816 kB
Unevictable:       99496 kB
Mlocked:           94212 kB
SwapTotal:        520908 kB
SwapFree:         354448 kB
Dirty:                 0 kB
Writeback:             0 kB
AnonPages:       1256816 kB
Mapped:           130232 kB
Shmem:               536 kB
Slab:              77796 kB
SReclaimable:      24352 kB
SUnreclaim:        53444 kB
KernelStack:       14912 kB
PageTables:        16112 kB
NFS_Unstable:          0 kB
Bounce:                0 kB
WritebackTmp:          0 kB
CommitLimit:     1450072 kB
Committed_AS:   22194276 kB
VmallocTotal:   251658176 kB
VmallocUsed:       94276 kB
VmallocChunk:   251482716 kB


[2024-11-20 04:07:28]
MemTotal:        1858332 kB
MemFree:           36660 kB
Buffers:             360 kB
Cached:           202348 kB
SwapCached:        13920 kB
Active:           988080 kB
Inactive:         374048 kB
Active(anon):     942932 kB
Inactive(anon):   316220 kB
Active(file):      45148 kB
Inactive(file):    57828 kB
Unevictable:       99496 kB
Mlocked:           94212 kB
SwapTotal:        520908 kB
SwapFree:         354576 kB
Dirty:                 0 kB
Writeback:             0 kB
AnonPages:       1257732 kB
Mapped:           131468 kB
Shmem:               536 kB
Slab:              77796 kB
SReclaimable:      24352 kB
SUnreclaim:        53444 kB
KernelStack:       14912 kB
PageTables:        16108 kB
NFS_Unstable:          0 kB
Bounce:                0 kB
WritebackTmp:          0 kB
CommitLimit:     1450072 kB
Committed_AS:   22194568 kB
VmallocTotal:   251658176 kB
VmallocUsed:       94276 kB
VmallocChunk:   251482716 kB


[2024-11-20 04:07:30]
MemTotal:        1858332 kB
MemFree:           36428 kB
Buffers:             360 kB
Cached:           202436 kB
SwapCached:        13920 kB
Active:           988152 kB
Inactive:         373844 kB
Active(anon):     942904 kB
Inactive(anon):   316072 kB
Active(file):      45248 kB
Inactive(file):    57772 kB
Unevictable:       99496 kB
Mlocked:           94212 kB
SwapTotal:        520908 kB
SwapFree:         354580 kB
Dirty:                 0 kB
Writeback:             0 kB
AnonPages:       1257444 kB
Mapped:           131572 kB
Shmem:               536 kB
Slab:              77796 kB
SReclaimable:      24352 kB
SUnreclaim:        53444 kB
KernelStack:       14912 kB
PageTables:        16112 kB
NFS_Unstable:          0 kB
Bounce:                0 kB
WritebackTmp:          0 kB
CommitLimit:     1450072 kB
Committed_AS:   22194380 kB
VmallocTotal:   251658176 kB
VmallocUsed:       94276 kB
VmallocChunk:   251482716 kB


[2024-11-20 04:07:33]
MemTotal:        1858332 kB
MemFree:           36324 kB
Buffers:             360 kB
Cached:           202436 kB
SwapCached:        13920 kB
Active:           988620 kB
Inactive:         373844 kB
Active(anon):     943372 kB
Inactive(anon):   316072 kB
Active(file):      45248 kB
Inactive(file):    57772 kB
Unevictable:       99496 kB
Mlocked:           94212 kB
SwapTotal:        520908 kB
SwapFree:         354580 kB
Dirty:                 0 kB
Writeback:             0 kB
AnonPages:       1257728 kB
Mapped:           131316 kB
Shmem:               536 kB
Slab:              77796 kB
SReclaimable:      24352 kB
SUnreclaim:        53444 kB
KernelStack:       14944 kB
PageTables:        16148 kB
NFS_Unstable:          0 kB
Bounce:                0 kB
WritebackTmp:          0 kB
CommitLimit:     1450072 kB
Committed_AS:   22194480 kB
VmallocTotal:   251658176 kB
VmallocUsed:       94276 kB
VmallocChunk:   251482716 kB


[2024-11-20 04:07:36]
MemTotal:        1858332 kB
MemFree:           34728 kB
Buffers:             404 kB
Cached:           202732 kB
SwapCached:        13928 kB
Active:           990564 kB
Inactive:         372844 kB
Active(anon):     945308 kB
Inactive(anon):   315072 kB
Active(file):      45256 kB
Inactive(file):    57772 kB
Unevictable:       99496 kB
Mlocked:           94212 kB
SwapTotal:        520908 kB
SwapFree:         354720 kB
Dirty:                 0 kB
Writeback:             0 kB
AnonPages:       1258612 kB
Mapped:           132416 kB
Shmem:               544 kB
Slab:              77796 kB
SReclaimable:      24352 kB
SUnreclaim:        53444 kB
KernelStack:       14880 kB
PageTables:        16076 kB
NFS_Unstable:          0 kB
Bounce:                0 kB
WritebackTmp:          0 kB
CommitLimit:     1450072 kB
Committed_AS:   22194564 kB
VmallocTotal:   251658176 kB
VmallocUsed:       94276 kB
VmallocChunk:   251482716 kB


[2024-11-20 04:07:38]
MemTotal:        1858332 kB
MemFree:           35540 kB
Buffers:             404 kB
Cached:           201196 kB
SwapCached:        13932 kB
Active:           991032 kB
Inactive:         371800 kB
Active(anon):     945712 kB
Inactive(anon):   315320 kB
Active(file):      45320 kB
Inactive(file):    56480 kB
Unevictable:       99496 kB
Mlocked:           94212 kB
SwapTotal:        520908 kB
SwapFree:         354736 kB
Dirty:                 0 kB
Writeback:             0 kB
AnonPages:       1259632 kB
Mapped:           132800 kB
Shmem:               544 kB
Slab:              77796 kB
SReclaimable:      24352 kB
SUnreclaim:        53444 kB
KernelStack:       14944 kB
PageTables:        16144 kB
NFS_Unstable:          0 kB
Bounce:                0 kB
WritebackTmp:          0 kB
CommitLimit:     1450072 kB
Committed_AS:   22194548 kB
VmallocTotal:   251658176 kB
VmallocUsed:       94276 kB
VmallocChunk:   251482716 kB


[2024-11-20 04:07:41]
MemTotal:        1858332 kB
MemFree:           35344 kB
Buffers:             404 kB
Cached:           201336 kB
SwapCached:        13932 kB
Active:           991292 kB
Inactive:         371912 kB
Active(anon):     945968 kB
Inactive(anon):   315292 kB
Active(file):      45324 kB
Inactive(file):    56620 kB
Unevictable:       99496 kB
Mlocked:           94212 kB
SwapTotal:        520908 kB
SwapFree:         354736 kB
Dirty:                 0 kB
Writeback:             0 kB
AnonPages:       1259732 kB
Mapped:           132876 kB
Shmem:               544 kB
Slab:              77780 kB
SReclaimable:      24336 kB
SUnreclaim:        53444 kB
KernelStack:       14912 kB
PageTables:        16112 kB
NFS_Unstable:          0 kB
Bounce:                0 kB
WritebackTmp:          0 kB
CommitLimit:     1450072 kB
Committed_AS:   22194512 kB
VmallocTotal:   251658176 kB
VmallocUsed:       94276 kB
VmallocChunk:   251482716 kB


[2024-11-20 04:07:43]
MemTotal:        1858332 kB
MemFree:           35308 kB
Buffers:             404 kB
Cached:           201332 kB
SwapCached:        13936 kB
Active:           991404 kB
Inactive:         371908 kB
Active(anon):     946080 kB
Inactive(anon):   315276 kB
Active(file):      45324 kB
Inactive(file):    56632 kB
Unevictable:       99496 kB
Mlocked:           94212 kB
SwapTotal:        520908 kB
SwapFree:         354748 kB
Dirty:                 0 kB
Writeback:             0 kB
AnonPages:       1259664 kB
Mapped:           133060 kB
Shmem:               544 kB
Slab:              77780 kB
SReclaimable:      24336 kB
SUnreclaim:        53444 kB
KernelStack:       14912 kB
PageTables:        16112 kB
NFS_Unstable:          0 kB
Bounce:                0 kB
WritebackTmp:          0 kB
CommitLimit:     1450072 kB
Committed_AS:   22194412 kB
VmallocTotal:   251658176 kB
VmallocUsed:       94276 kB
VmallocChunk:   251482716 kB


[2024-11-20 04:07:46]
MemTotal:        1858332 kB
MemFree:           34964 kB
Buffers:             404 kB
Cached:           201336 kB
SwapCached:        13936 kB
Active:           991808 kB
Inactive:         371920 kB
Active(anon):     946484 kB
Inactive(anon):   315288 kB
Active(file):      45324 kB
Inactive(file):    56632 kB
Unevictable:       99496 kB
Mlocked:           94212 kB
SwapTotal:        520908 kB
SwapFree:         354748 kB
Dirty:                 0 kB
Writeback:             0 kB
AnonPages:       1260196 kB
Mapped:           133092 kB
Shmem:               544 kB
Slab:              77780 kB
SReclaimable:      24336 kB
SUnreclaim:        53444 kB
KernelStack:       14944 kB
PageTables:        16140 kB
NFS_Unstable:          0 kB
Bounce:                0 kB
WritebackTmp:          0 kB
CommitLimit:     1450072 kB
Committed_AS:   22194480 kB
VmallocTotal:   251658176 kB
VmallocUsed:       94276 kB
VmallocChunk:   251482716 kB


[2024-11-20 04:07:49]
MemTotal:        1858332 kB
MemFree:           34484 kB
Buffers:             404 kB
Cached:           201336 kB
SwapCached:        13936 kB
Active:           991968 kB
Inactive:         371920 kB
Active(anon):     946644 kB
Inactive(anon):   315288 kB
Active(file):      45324 kB
Inactive(file):    56632 kB
Unevictable:       99496 kB
Mlocked:           94212 kB
SwapTotal:        520908 kB
SwapFree:         354748 kB
Dirty:                 0 kB
Writeback:             0 kB
AnonPages:       1260452 kB
Mapped:           133068 kB
Shmem:               544 kB
Slab:              77780 kB
SReclaimable:      24336 kB
SUnreclaim:        53444 kB
KernelStack:       14912 kB
PageTables:        16112 kB
NFS_Unstable:          0 kB
Bounce:                0 kB
WritebackTmp:          0 kB
CommitLimit:     1450072 kB
Committed_AS:   22194396 kB
VmallocTotal:   251658176 kB
VmallocUsed:       94276 kB
VmallocChunk:   251482716 kB


[2024-11-20 04:07:51]
MemTotal:        1858332 kB
MemFree:           33000 kB
Buffers:             404 kB
Cached:           202556 kB
SwapCached:        13936 kB
Active:           992240 kB
Inactive:         373076 kB
Active(anon):     946916 kB
Inactive(anon):   315288 kB
Active(file):      45324 kB
Inactive(file):    57788 kB
Unevictable:       99496 kB
Mlocked:           94212 kB
SwapTotal:        520908 kB
SwapFree:         354748 kB
Dirty:                 0 kB
Writeback:             0 kB
AnonPages:       1260816 kB
Mapped:           133248 kB
Shmem:               544 kB
Slab:              77780 kB
SReclaimable:      24336 kB
SUnreclaim:        53444 kB
KernelStack:       14944 kB
PageTables:        16136 kB
NFS_Unstable:          0 kB
Bounce:                0 kB
WritebackTmp:          0 kB
CommitLimit:     1450072 kB
Committed_AS:   22194416 kB
VmallocTotal:   251658176 kB
VmallocUsed:       94276 kB
VmallocChunk:   251482716 kB


[2024-11-20 04:07:54]
MemTotal:        1858332 kB
MemFree:           38184 kB
Buffers:             404 kB
Cached:           202892 kB
SwapCached:        13932 kB
Active:           986472 kB
Inactive:         373224 kB
Active(anon):     941148 kB
Inactive(anon):   315036 kB
Active(file):      45324 kB
Inactive(file):    58188 kB
Unevictable:       99496 kB
Mlocked:           94212 kB
SwapTotal:        520908 kB
SwapFree:         354764 kB
Dirty:                 0 kB
Writeback:             0 kB
AnonPages:       1254604 kB
Mapped:           132496 kB
Shmem:               544 kB
Slab:              77780 kB
SReclaimable:      24336 kB
SUnreclaim:        53444 kB
KernelStack:       14944 kB
PageTables:        16132 kB
NFS_Unstable:          0 kB
Bounce:                0 kB
WritebackTmp:          0 kB
CommitLimit:     1450072 kB
Committed_AS:   22194336 kB
VmallocTotal:   251658176 kB
VmallocUsed:       94276 kB
VmallocChunk:   251482716 kB


[2024-11-20 04:07:57]
MemTotal:        1858332 kB
MemFree:           38360 kB
Buffers:             404 kB
Cached:           202892 kB
SwapCached:        13928 kB
Active:           986504 kB
Inactive:         373232 kB
Active(anon):     941180 kB
Inactive(anon):   315044 kB
Active(file):      45324 kB
Inactive(file):    58188 kB
Unevictable:       99496 kB
Mlocked:           94212 kB
SwapTotal:        520908 kB
SwapFree:         354776 kB
Dirty:                 0 kB
Writeback:             0 kB
AnonPages:       1254596 kB
Mapped:           132476 kB
Shmem:               544 kB
Slab:              77780 kB
SReclaimable:      24336 kB
SUnreclaim:        53444 kB
KernelStack:       14912 kB
PageTables:        16100 kB
NFS_Unstable:          0 kB
Bounce:                0 kB
WritebackTmp:          0 kB
CommitLimit:     1450072 kB
Committed_AS:   22194408 kB
VmallocTotal:   251658176 kB
VmallocUsed:       94276 kB
VmallocChunk:   251482716 kB


[2024-11-20 04:07:59]
MemTotal:        1858332 kB
MemFree:           38356 kB
Buffers:             404 kB
Cached:           202892 kB
SwapCached:        13928 kB
Active:           986392 kB
Inactive:         373232 kB
Active(anon):     941068 kB
Inactive(anon):   315044 kB
Active(file):      45324 kB
Inactive(file):    58188 kB
Unevictable:       99496 kB
Mlocked:           94212 kB
SwapTotal:        520908 kB
SwapFree:         354776 kB
Dirty:                 0 kB
Writeback:             0 kB
AnonPages:       1254592 kB
Mapped:           132480 kB
Shmem:               544 kB
Slab:              77780 kB
SReclaimable:      24336 kB
SUnreclaim:        53444 kB
KernelStack:       14944 kB
PageTables:        16136 kB
NFS_Unstable:          0 kB
Bounce:                0 kB
WritebackTmp:          0 kB
CommitLimit:     1450072 kB
Committed_AS:   22194324 kB
VmallocTotal:   251658176 kB
VmallocUsed:       94276 kB
VmallocChunk:   251482716 kB


[2024-11-20 04:08:02]
MemTotal:        1858332 kB
MemFree:           36356 kB
Buffers:             404 kB
Cached:           202944 kB
SwapCached:        13920 kB
Active:           988256 kB
Inactive:         373244 kB
Active(anon):     942932 kB
Inactive(anon):   315056 kB
Active(file):      45324 kB
Inactive(file):    58188 kB
Unevictable:       99496 kB
Mlocked:           94212 kB
SwapTotal:        520908 kB
SwapFree:         354796 kB
Dirty:                 0 kB
Writeback:             0 kB
AnonPages:       1256488 kB
Mapped:           132484 kB
Shmem:               544 kB
Slab:              77780 kB
SReclaimable:      24336 kB
SUnreclaim:        53444 kB
KernelStack:       15104 kB
PageTables:        16704 kB
NFS_Unstable:          0 kB
Bounce:                0 kB
WritebackTmp:          0 kB
CommitLimit:     1450072 kB
Committed_AS:   24114436 kB
VmallocTotal:   251658176 kB
VmallocUsed:       95296 kB
VmallocChunk:   251482716 kB


[2024-11-20 04:08:05]
MemTotal:        1858332 kB
MemFree:           33480 kB
Buffers:             392 kB
Cached:           197856 kB
SwapCached:        13916 kB
Active:           993612 kB
Inactive:         368656 kB
Active(anon):     948008 kB
Inactive(anon):   315936 kB
Active(file):      45604 kB
Inactive(file):    52720 kB
Unevictable:       99496 kB
Mlocked:           94212 kB
SwapTotal:        520908 kB
SwapFree:         355156 kB
Dirty:                28 kB
Writeback:             0 kB
AnonPages:       1262452 kB
Mapped:           136300 kB
Shmem:               544 kB
Slab:              77748 kB
SReclaimable:      24336 kB
SUnreclaim:        53412 kB
KernelStack:       15088 kB
PageTables:        17108 kB
NFS_Unstable:          0 kB
Bounce:                0 kB
WritebackTmp:          0 kB
CommitLimit:     1450072 kB
Committed_AS:   26035796 kB
VmallocTotal:   251658176 kB
VmallocUsed:       96316 kB
VmallocChunk:   251482716 kB


[2024-11-20 04:08:07]
MemTotal:        1858332 kB
MemFree:           35316 kB
Buffers:             424 kB
Cached:           197120 kB
SwapCached:        13924 kB
Active:           991264 kB
Inactive:         369176 kB
Active(anon):     945620 kB
Inactive(anon):   317272 kB
Active(file):      45644 kB
Inactive(file):    51904 kB
Unevictable:       99496 kB
Mlocked:           94212 kB
SwapTotal:        520908 kB
SwapFree:         355120 kB
Dirty:                60 kB
Writeback:             0 kB
AnonPages:       1261456 kB
Mapped:           137040 kB
Shmem:               544 kB
Slab:              77748 kB
SReclaimable:      24336 kB
SUnreclaim:        53412 kB
KernelStack:       15184 kB
PageTables:        16844 kB
NFS_Unstable:          0 kB
Bounce:                0 kB
WritebackTmp:          0 kB
CommitLimit:     1450072 kB
Committed_AS:   24115648 kB
VmallocTotal:   251658176 kB
VmallocUsed:       95284 kB
VmallocChunk:   251482716 kB


[2024-11-20 04:08:10]
MemTotal:        1858332 kB
MemFree:           40480 kB
Buffers:             424 kB
Cached:           198020 kB
SwapCached:        13924 kB
Active:           987080 kB
Inactive:         369932 kB
Active(anon):     941308 kB
Inactive(anon):   317044 kB
Active(file):      45772 kB
Inactive(file):    52888 kB
Unevictable:       99496 kB
Mlocked:           94212 kB
SwapTotal:        520908 kB
SwapFree:         355156 kB
Dirty:                 0 kB
Writeback:             0 kB
AnonPages:       1256620 kB
Mapped:           133028 kB
Shmem:               544 kB
Slab:              77748 kB
SReclaimable:      24336 kB
SUnreclaim:        53412 kB
KernelStack:       14912 kB
PageTables:        16112 kB
NFS_Unstable:          0 kB
Bounce:                0 kB
WritebackTmp:          0 kB
CommitLimit:     1450072 kB
Committed_AS:   22194556 kB
VmallocTotal:   251658176 kB
VmallocUsed:       94264 kB
VmallocChunk:   251482716 kB


[2024-11-20 04:08:12]
MemTotal:        1858332 kB
MemFree:           40288 kB
Buffers:             424 kB
Cached:           198020 kB
SwapCached:        13924 kB
Active:           987204 kB
Inactive:         369936 kB
Active(anon):     941432 kB
Inactive(anon):   317048 kB
Active(file):      45772 kB
Inactive(file):    52888 kB
Unevictable:       99496 kB
Mlocked:           94212 kB
SwapTotal:        520908 kB
SwapFree:         355156 kB
Dirty:                 0 kB
Writeback:             0 kB
AnonPages:       1257028 kB
Mapped:           132844 kB
Shmem:               544 kB
Slab:              77748 kB
SReclaimable:      24336 kB
SUnreclaim:        53412 kB
KernelStack:       14912 kB
PageTables:        16112 kB
NFS_Unstable:          0 kB
Bounce:                0 kB
WritebackTmp:          0 kB
CommitLimit:     1450072 kB
Committed_AS:   22194688 kB
VmallocTotal:   251658176 kB
VmallocUsed:       94264 kB
VmallocChunk:   251482716 kB


[2024-11-20 04:08:15]
MemTotal:        1858332 kB
MemFree:           40200 kB
Buffers:             432 kB
Cached:           198020 kB
SwapCached:        13924 kB
Active:           988008 kB
Inactive:         369924 kB
Active(anon):     942236 kB
Inactive(anon):   317028 kB
Active(file):      45772 kB
Inactive(file):    52896 kB
Unevictable:       99496 kB
Mlocked:           94212 kB
SwapTotal:        520908 kB
SwapFree:         355156 kB
Dirty:                16 kB
Writeback:             0 kB
AnonPages:       1257656 kB
Mapped:           132972 kB
Shmem:               544 kB
Slab:              77748 kB
SReclaimable:      24336 kB
SUnreclaim:        53412 kB
KernelStack:       14944 kB
PageTables:        16152 kB
NFS_Unstable:          0 kB
Bounce:                0 kB
WritebackTmp:          0 kB
CommitLimit:     1450072 kB
Committed_AS:   22194456 kB
VmallocTotal:   251658176 kB
VmallocUsed:       94264 kB
VmallocChunk:   251482716 kB


[2024-11-20 04:08:17]
MemTotal:        1858332 kB
MemFree:           42416 kB
Buffers:             432 kB
Cached:           198020 kB
SwapCached:        13924 kB
Active:           985396 kB
Inactive:         369924 kB
Active(anon):     939624 kB
Inactive(anon):   317028 kB
Active(file):      45772 kB
Inactive(file):    52896 kB
Unevictable:       99496 kB
Mlocked:           94212 kB
SwapTotal:        520908 kB
SwapFree:         355156 kB
Dirty:                16 kB
Writeback:             0 kB
AnonPages:       1255132 kB
Mapped:           132276 kB
Shmem:               544 kB
Slab:              77748 kB
SReclaimable:      24336 kB
SUnreclaim:        53412 kB
KernelStack:       14912 kB
PageTables:        16100 kB
NFS_Unstable:          0 kB
Bounce:                0 kB
WritebackTmp:          0 kB
CommitLimit:     1450072 kB
Committed_AS:   22194560 kB
VmallocTotal:   251658176 kB
VmallocUsed:       94264 kB
VmallocChunk:   251482716 kB


[2024-11-20 04:08:20]
MemTotal:        1858332 kB
MemFree:           37540 kB
Buffers:             432 kB
Cached:           202980 kB
SwapCached:        13948 kB
Active:           985488 kB
Inactive:         374896 kB
Active(anon):     939716 kB
Inactive(anon):   317040 kB
Active(file):      45772 kB
Inactive(file):    57856 kB
Unevictable:       99496 kB
Mlocked:           94212 kB
SwapTotal:        520908 kB
SwapFree:         355288 kB
Dirty:                 0 kB
Writeback:             0 kB
AnonPages:       1255180 kB
Mapped:           132392 kB
Shmem:               544 kB
Slab:              77748 kB
SReclaimable:      24336 kB
SUnreclaim:        53412 kB
KernelStack:       14944 kB
PageTables:        16128 kB
NFS_Unstable:          0 kB
Bounce:                0 kB
WritebackTmp:          0 kB
CommitLimit:     1450072 kB
Committed_AS:   22194672 kB
VmallocTotal:   251658176 kB
VmallocUsed:       94264 kB
VmallocChunk:   251482716 kB


[2024-11-20 04:08:23]
MemTotal:        1858332 kB
MemFree:           36412 kB
Buffers:             432 kB
Cached:           204268 kB
SwapCached:        13948 kB
Active:           985644 kB
Inactive:         375516 kB
Active(anon):     939872 kB
Inactive(anon):   316420 kB
Active(file):      45772 kB
Inactive(file):    59096 kB
Unevictable:       99496 kB
Mlocked:           94212 kB
SwapTotal:        520908 kB
SwapFree:         355288 kB
Dirty:                 0 kB
Writeback:             0 kB
AnonPages:       1254844 kB
Mapped:           132736 kB
Shmem:               544 kB
Slab:              77748 kB
SReclaimable:      24336 kB
SUnreclaim:        53412 kB
KernelStack:       14912 kB
PageTables:        16100 kB
NFS_Unstable:          0 kB
Bounce:                0 kB
WritebackTmp:          0 kB
CommitLimit:     1450072 kB
Committed_AS:   22202572 kB
VmallocTotal:   251658176 kB
VmallocUsed:       94264 kB
VmallocChunk:   251482716 kB


[2024-11-20 04:08:25]
MemTotal:        1858332 kB
MemFree:           37616 kB
Buffers:             432 kB
Cached:           202616 kB
SwapCached:        13948 kB
Active:           986480 kB
Inactive:         373388 kB
Active(anon):     940500 kB
Inactive(anon):   316104 kB
Active(file):      45980 kB
Inactive(file):    57284 kB
Unevictable:       99496 kB
Mlocked:           94212 kB
SwapTotal:        520908 kB
SwapFree:         355256 kB
Dirty:                 0 kB
Writeback:             0 kB
AnonPages:       1254984 kB
Mapped:           132700 kB
Shmem:               544 kB
Slab:              77748 kB
SReclaimable:      24336 kB
SUnreclaim:        53412 kB
KernelStack:       14976 kB
PageTables:        16144 kB
NFS_Unstable:          0 kB
Bounce:                0 kB
WritebackTmp:          0 kB
CommitLimit:     1450072 kB
Committed_AS:   22202748 kB
VmallocTotal:   251658176 kB
VmallocUsed:       94264 kB
VmallocChunk:   251482716 kB


[2024-11-20 04:08:28]
MemTotal:        1858332 kB
MemFree:           35408 kB
Buffers:             432 kB
Cached:           205084 kB
SwapCached:        13948 kB
Active:           986724 kB
Inactive:         375860 kB
Active(anon):     940744 kB
Inactive(anon):   316108 kB
Active(file):      45980 kB
Inactive(file):    59752 kB
Unevictable:       99496 kB
Mlocked:           94212 kB
SwapTotal:        520908 kB
SwapFree:         355260 kB
Dirty:                 0 kB
Writeback:             0 kB
AnonPages:       1255108 kB
Mapped:           132792 kB
Shmem:               544 kB
Slab:              77748 kB
SReclaimable:      24336 kB
SUnreclaim:        53412 kB
KernelStack:       14976 kB
PageTables:        16140 kB
NFS_Unstable:          0 kB
Bounce:                0 kB
WritebackTmp:          0 kB
CommitLimit:     1450072 kB
Committed_AS:   22202556 kB
VmallocTotal:   251658176 kB
VmallocUsed:       94264 kB
VmallocChunk:   251482716 kB


[2024-11-20 04:08:31]
MemTotal:        1858332 kB
MemFree:           35636 kB
Buffers:             432 kB
Cached:           205188 kB
SwapCached:        13948 kB
Active:           986744 kB
Inactive:         375964 kB
Active(anon):     940764 kB
Inactive(anon):   316108 kB
Active(file):      45980 kB
Inactive(file):    59856 kB
Unevictable:       99496 kB
Mlocked:           94212 kB
SwapTotal:        520908 kB
SwapFree:         355260 kB
Dirty:                 0 kB
Writeback:             0 kB
AnonPages:       1255420 kB
Mapped:           132772 kB
Shmem:               544 kB
Slab:              77748 kB
SReclaimable:      24336 kB
SUnreclaim:        53412 kB
KernelStack:       14944 kB
PageTables:        16108 kB
NFS_Unstable:          0 kB
Bounce:                0 kB
WritebackTmp:          0 kB
CommitLimit:     1450072 kB
Committed_AS:   22202768 kB
VmallocTotal:   251658176 kB
VmallocUsed:       94264 kB
VmallocChunk:   251482716 kB


[2024-11-20 04:08:33]
MemTotal:        1858332 kB
MemFree:           37752 kB
Buffers:             432 kB
Cached:           201944 kB
SwapCached:        13964 kB
Active:           987416 kB
Inactive:         372200 kB
Active(anon):     941108 kB
Inactive(anon):   315916 kB
Active(file):      46308 kB
Inactive(file):    56284 kB
Unevictable:       99496 kB
Mlocked:           94212 kB
SwapTotal:        520908 kB
SwapFree:         355260 kB
Dirty:                 0 kB
Writeback:             0 kB
AnonPages:       1255412 kB
Mapped:           132788 kB
Shmem:               544 kB
Slab:              77748 kB
SReclaimable:      24336 kB
SUnreclaim:        53412 kB
KernelStack:       14976 kB
PageTables:        16136 kB
NFS_Unstable:          0 kB
Bounce:                0 kB
WritebackTmp:          0 kB
CommitLimit:     1450072 kB
Committed_AS:   22202616 kB
VmallocTotal:   251658176 kB
VmallocUsed:       94264 kB
VmallocChunk:   251482716 kB


[2024-11-20 04:08:36]
MemTotal:        1858332 kB
MemFree:           38216 kB
Buffers:             432 kB
Cached:           201944 kB
SwapCached:        13964 kB
Active:           987452 kB
Inactive:         372200 kB
Active(anon):     941144 kB
Inactive(anon):   315916 kB
Active(file):      46308 kB
Inactive(file):    56284 kB
Unevictable:       99496 kB
Mlocked:           94212 kB
SwapTotal:        520908 kB
SwapFree:         355260 kB
Dirty:                 0 kB
Writeback:             0 kB
AnonPages:       1255652 kB
Mapped:           132604 kB
Shmem:               544 kB
Slab:              77748 kB
SReclaimable:      24336 kB
SUnreclaim:        53412 kB
KernelStack:       14944 kB
PageTables:        16116 kB
NFS_Unstable:          0 kB
Bounce:                0 kB
WritebackTmp:          0 kB
CommitLimit:     1450072 kB
Committed_AS:   22202688 kB
VmallocTotal:   251658176 kB
VmallocUsed:       94264 kB
VmallocChunk:   251482716 kB


[2024-11-20 04:08:38]
MemTotal:        1858332 kB
MemFree:           37572 kB
Buffers:             432 kB
Cached:           201944 kB
SwapCached:        13964 kB
Active:           987860 kB
Inactive:         372188 kB
Active(anon):     941544 kB
Inactive(anon):   315912 kB
Active(file):      46316 kB
Inactive(file):    56276 kB
Unevictable:       99496 kB
Mlocked:           94212 kB
SwapTotal:        520908 kB
SwapFree:         355260 kB
Dirty:                 0 kB
Writeback:             0 kB
AnonPages:       1255972 kB
Mapped:           132808 kB
Shmem:               544 kB
Slab:              77748 kB
SReclaimable:      24336 kB
SUnreclaim:        53412 kB
KernelStack:       14976 kB
PageTables:        16148 kB
NFS_Unstable:          0 kB
Bounce:                0 kB
WritebackTmp:          0 kB
CommitLimit:     1450072 kB
Committed_AS:   22202616 kB
VmallocTotal:   251658176 kB
VmallocUsed:       94264 kB
VmallocChunk:   251482716 kB


[2024-11-20 04:08:41]
MemTotal:        1858332 kB
MemFree:           37756 kB
Buffers:             432 kB
Cached:           201944 kB
SwapCached:        13964 kB
Active:           988308 kB
Inactive:         372188 kB
Active(anon):     941992 kB
Inactive(anon):   315912 kB
Active(file):      46316 kB
Inactive(file):    56276 kB
Unevictable:       99496 kB
Mlocked:           94212 kB
SwapTotal:        520908 kB
SwapFree:         355260 kB
Dirty:                 0 kB
Writeback:             0 kB
AnonPages:       1256440 kB
Mapped:           132788 kB
Shmem:               544 kB
Slab:              77748 kB
SReclaimable:      24336 kB
SUnreclaim:        53412 kB
KernelStack:       14944 kB
PageTables:        16116 kB
NFS_Unstable:          0 kB
Bounce:                0 kB
WritebackTmp:          0 kB
CommitLimit:     1450072 kB
Committed_AS:   22202728 kB
VmallocTotal:   251658176 kB
VmallocUsed:       94264 kB
VmallocChunk:   251482716 kB


[2024-11-20 04:08:43]
MemTotal:        1858332 kB
MemFree:           36984 kB
Buffers:             432 kB
Cached:           202524 kB
SwapCached:        13964 kB
Active:           988360 kB
Inactive:         372692 kB
Active(anon):     942044 kB
Inactive(anon):   315836 kB
Active(file):      46316 kB
Inactive(file):    56856 kB
Unevictable:       99496 kB
Mlocked:           94212 kB
SwapTotal:        520908 kB
SwapFree:         355260 kB
Dirty:                 0 kB
Writeback:             0 kB
AnonPages:       1256312 kB
Mapped:           132848 kB
Shmem:               544 kB
Slab:              77748 kB
SReclaimable:      24336 kB
SUnreclaim:        53412 kB
KernelStack:       14976 kB
PageTables:        16144 kB
NFS_Unstable:          0 kB
Bounce:                0 kB
WritebackTmp:          0 kB
CommitLimit:     1450072 kB
Committed_AS:   22202728 kB
VmallocTotal:   251658176 kB
VmallocUsed:       94264 kB
VmallocChunk:   251482716 kB


[2024-11-20 04:08:46]
MemTotal:        1858332 kB
MemFree:           36892 kB
Buffers:             432 kB
Cached:           202524 kB
SwapCached:        13964 kB
Active:           988352 kB
Inactive:         372672 kB
Active(anon):     942036 kB
Inactive(anon):   315816 kB
Active(file):      46316 kB
Inactive(file):    56856 kB
Unevictable:       99496 kB
Mlocked:           94212 kB
SwapTotal:        520908 kB
SwapFree:         355260 kB
Dirty:                 0 kB
Writeback:             0 kB
AnonPages:       1256192 kB
Mapped:           132800 kB
Shmem:               544 kB
Slab:              77748 kB
SReclaimable:      24336 kB
SUnreclaim:        53412 kB
KernelStack:       14944 kB
PageTables:        16116 kB
NFS_Unstable:          0 kB
Bounce:                0 kB
WritebackTmp:          0 kB
CommitLimit:     1450072 kB
Committed_AS:   22202816 kB
VmallocTotal:   251658176 kB
VmallocUsed:       94264 kB
VmallocChunk:   251482716 kB


[2024-11-20 04:08:48]
MemTotal:        1858332 kB
MemFree:           36804 kB
Buffers:             432 kB
Cached:           202524 kB
SwapCached:        13964 kB
Active:           988376 kB
Inactive:         372672 kB
Active(anon):     942060 kB
Inactive(anon):   315816 kB
Active(file):      46316 kB
Inactive(file):    56856 kB
Unevictable:       99496 kB
Mlocked:           94212 kB
SwapTotal:        520908 kB
SwapFree:         355260 kB
Dirty:                 0 kB
Writeback:             0 kB
AnonPages:       1256460 kB
Mapped:           132800 kB
Shmem:               544 kB
Slab:              77748 kB
SReclaimable:      24336 kB
SUnreclaim:        53412 kB
KernelStack:       14976 kB
PageTables:        16132 kB
NFS_Unstable:          0 kB
Bounce:                0 kB
WritebackTmp:          0 kB
CommitLimit:     1450072 kB
Committed_AS:   22202688 kB
VmallocTotal:   251658176 kB
VmallocUsed:       94264 kB
VmallocChunk:   251482716 kB


[2024-11-20 04:08:51]
MemTotal:        1858332 kB
MemFree:           36300 kB
Buffers:             432 kB
Cached:           202524 kB
SwapCached:        13964 kB
Active:           988712 kB
Inactive:         372672 kB
Active(anon):     942396 kB
Inactive(anon):   315816 kB
Active(file):      46316 kB
Inactive(file):    56856 kB
Unevictable:       99496 kB
Mlocked:           94212 kB
SwapTotal:        520908 kB
SwapFree:         355260 kB
Dirty:                 0 kB
Writeback:             0 kB
AnonPages:       1256844 kB
Mapped:           132800 kB
Shmem:               544 kB
Slab:              77748 kB
SReclaimable:      24336 kB
SUnreclaim:        53412 kB
KernelStack:       14944 kB
PageTables:        16116 kB
NFS_Unstable:          0 kB
Bounce:                0 kB
WritebackTmp:          0 kB
CommitLimit:     1450072 kB
Committed_AS:   22202608 kB
VmallocTotal:   251658176 kB
VmallocUsed:       94264 kB
VmallocChunk:   251482716 kB


[2024-11-20 04:08:53]
MemTotal:        1858332 kB
MemFree:           36276 kB
Buffers:             432 kB
Cached:           202524 kB
SwapCached:        13964 kB
Active:           988860 kB
Inactive:         372672 kB
Active(anon):     942544 kB
Inactive(anon):   315816 kB
Active(file):      46316 kB
Inactive(file):    56856 kB
Unevictable:       99496 kB
Mlocked:           94212 kB
SwapTotal:        520908 kB
SwapFree:         355260 kB
Dirty:                 0 kB
Writeback:             0 kB
AnonPages:       1256656 kB
Mapped:           132616 kB
Shmem:               544 kB
Slab:              77748 kB
SReclaimable:      24336 kB
SUnreclaim:        53412 kB
KernelStack:       14944 kB
PageTables:        16116 kB
NFS_Unstable:          0 kB
Bounce:                0 kB
WritebackTmp:          0 kB
CommitLimit:     1450072 kB
Committed_AS:   22202776 kB
VmallocTotal:   251658176 kB
VmallocUsed:       94264 kB
VmallocChunk:   251482716 kB


[2024-11-20 04:08:56]
MemTotal:        1858332 kB
MemFree:           36184 kB
Buffers:             432 kB
Cached:           202524 kB
SwapCached:        13964 kB
Active:           989412 kB
Inactive:         372672 kB
Active(anon):     943096 kB
Inactive(anon):   315816 kB
Active(file):      46316 kB
Inactive(file):    56856 kB
Unevictable:       99496 kB
Mlocked:           94212 kB
SwapTotal:        520908 kB
SwapFree:         355268 kB
Dirty:                 0 kB
Writeback:             0 kB
AnonPages:       1257272 kB
Mapped:           132748 kB
Shmem:               544 kB
Slab:              77748 kB
SReclaimable:      24336 kB
SUnreclaim:        53412 kB
KernelStack:       14976 kB
PageTables:        16160 kB
NFS_Unstable:          0 kB
Bounce:                0 kB
WritebackTmp:          0 kB
CommitLimit:     1450072 kB
Committed_AS:   22202724 kB
VmallocTotal:   251658176 kB
VmallocUsed:       94264 kB
VmallocChunk:   251482716 kB


[2024-11-20 04:08:58]
MemTotal:        1858332 kB
MemFree:           36092 kB
Buffers:             432 kB
Cached:           202524 kB
SwapCached:        13964 kB
Active:           989152 kB
Inactive:         372672 kB
Active(anon):     942836 kB
Inactive(anon):   315816 kB
Active(file):      46316 kB
Inactive(file):    56856 kB
Unevictable:       99496 kB
Mlocked:           94212 kB
SwapTotal:        520908 kB
SwapFree:         355268 kB
Dirty:                 0 kB
Writeback:             0 kB
AnonPages:       1257112 kB
Mapped:           132804 kB
Shmem:               544 kB
Slab:              77748 kB
SReclaimable:      24336 kB
SUnreclaim:        53412 kB
KernelStack:       14944 kB
PageTables:        16116 kB
NFS_Unstable:          0 kB
Bounce:                0 kB
WritebackTmp:          0 kB
CommitLimit:     1450072 kB
Committed_AS:   22202836 kB
VmallocTotal:   251658176 kB
VmallocUsed:       94264 kB
VmallocChunk:   251482716 kB


[2024-11-20 04:09:01]
MemTotal:        1858332 kB
MemFree:           35372 kB
Buffers:             432 kB
Cached:           202524 kB
SwapCached:        13964 kB
Active:           989620 kB
Inactive:         372672 kB
Active(anon):     943304 kB
Inactive(anon):   315816 kB
Active(file):      46316 kB
Inactive(file):    56856 kB
Unevictable:       99496 kB
Mlocked:           94212 kB
SwapTotal:        520908 kB
SwapFree:         355268 kB
Dirty:                 0 kB
Writeback:             0 kB
AnonPages:       1257572 kB
Mapped:           132744 kB
Shmem:               544 kB
Slab:              77748 kB
SReclaimable:      24336 kB
SUnreclaim:        53412 kB
KernelStack:       14976 kB
PageTables:        16140 kB
NFS_Unstable:          0 kB
Bounce:                0 kB
WritebackTmp:          0 kB
CommitLimit:     1450072 kB
Committed_AS:   22202860 kB
VmallocTotal:   251658176 kB
VmallocUsed:       94264 kB
VmallocChunk:   251482716 kB


[2024-11-20 04:09:03]
MemTotal:        1858332 kB
MemFree:           35224 kB
Buffers:             432 kB
Cached:           202616 kB
SwapCached:        13964 kB
Active:           989772 kB
Inactive:         372728 kB
Active(anon):     943456 kB
Inactive(anon):   315816 kB
Active(file):      46316 kB
Inactive(file):    56912 kB
Unevictable:       99496 kB
Mlocked:           94212 kB
SwapTotal:        520908 kB
SwapFree:         355268 kB
Dirty:                 0 kB
Writeback:             0 kB
AnonPages:       1257668 kB
Mapped:           132808 kB
Shmem:               544 kB
Slab:              77748 kB
SReclaimable:      24336 kB
SUnreclaim:        53412 kB
KernelStack:       14944 kB
PageTables:        16116 kB
NFS_Unstable:          0 kB
Bounce:                0 kB
WritebackTmp:          0 kB
CommitLimit:     1450072 kB
Committed_AS:   22202700 kB
VmallocTotal:   251658176 kB
VmallocUsed:       94264 kB
VmallocChunk:   251482716 kB


[2024-11-20 04:09:06]
MemTotal:        1858332 kB
MemFree:           34944 kB
Buffers:             432 kB
Cached:           202616 kB
SwapCached:        13964 kB
Active:           990180 kB
Inactive:         372764 kB
Active(anon):     943864 kB
Inactive(anon):   315816 kB
Active(file):      46316 kB
Inactive(file):    56948 kB
Unevictable:       99496 kB
Mlocked:           94212 kB
SwapTotal:        520908 kB
SwapFree:         355312 kB
Dirty:                 0 kB
Writeback:             0 kB
AnonPages:       1258060 kB
Mapped:           132832 kB
Shmem:               544 kB
Slab:              77748 kB
SReclaimable:      24336 kB
SUnreclaim:        53412 kB
KernelStack:       14976 kB
PageTables:        16144 kB
NFS_Unstable:          0 kB
Bounce:                0 kB
WritebackTmp:          0 kB
CommitLimit:     1450072 kB
Committed_AS:   22202724 kB
VmallocTotal:   251658176 kB
VmallocUsed:       94264 kB
VmallocChunk:   251482716 kB


[2024-11-20 04:09:08]
MemTotal:        1858332 kB
MemFree:           34896 kB
Buffers:             432 kB
Cached:           202616 kB
SwapCached:        13964 kB
Active:           990064 kB
Inactive:         372768 kB
Active(anon):     943748 kB
Inactive(anon):   315820 kB
Active(file):      46316 kB
Inactive(file):    56948 kB
Unevictable:       99496 kB
Mlocked:           94212 kB
SwapTotal:        520908 kB
SwapFree:         355336 kB
Dirty:                 0 kB
Writeback:             0 kB
AnonPages:       1257896 kB
Mapped:           132624 kB
Shmem:               544 kB
Slab:              77748 kB
SReclaimable:      24336 kB
SUnreclaim:        53412 kB
KernelStack:       14944 kB
PageTables:        16116 kB
NFS_Unstable:          0 kB
Bounce:                0 kB
WritebackTmp:          0 kB
CommitLimit:     1450072 kB
Committed_AS:   22202680 kB
VmallocTotal:   251658176 kB
VmallocUsed:       94264 kB
VmallocChunk:   251482716 kB


[2024-11-20 04:09:11]
MemTotal:        1858332 kB
MemFree:           34312 kB
Buffers:             432 kB
Cached:           202616 kB
SwapCached:        13960 kB
Active:           990668 kB
Inactive:         372768 kB
Active(anon):     944352 kB
Inactive(anon):   315820 kB
Active(file):      46316 kB
Inactive(file):    56948 kB
Unevictable:       99496 kB
Mlocked:           94212 kB
SwapTotal:        520908 kB
SwapFree:         355340 kB
Dirty:                 0 kB
Writeback:             0 kB
AnonPages:       1258580 kB
Mapped:           132752 kB
Shmem:               544 kB
Slab:              77748 kB
SReclaimable:      24336 kB
SUnreclaim:        53412 kB
KernelStack:       14976 kB
PageTables:        16152 kB
NFS_Unstable:          0 kB
Bounce:                0 kB
WritebackTmp:          0 kB
CommitLimit:     1450072 kB
Committed_AS:   22202772 kB
VmallocTotal:   251658176 kB
VmallocUsed:       94264 kB
VmallocChunk:   251482716 kB


[2024-11-20 04:09:14]
MemTotal:        1858332 kB
MemFree:           33900 kB
Buffers:             432 kB
Cached:           202616 kB
SwapCached:        13960 kB
Active:           990804 kB
Inactive:         372768 kB
Active(anon):     944488 kB
Inactive(anon):   315820 kB
Active(file):      46316 kB
Inactive(file):    56948 kB
Unevictable:       99496 kB
Mlocked:           94212 kB
SwapTotal:        520908 kB
SwapFree:         355340 kB
Dirty:                 0 kB
Writeback:             0 kB
AnonPages:       1258792 kB
Mapped:           132808 kB
Shmem:               544 kB
Slab:              77748 kB
SReclaimable:      24336 kB
SUnreclaim:        53412 kB
KernelStack:       14944 kB
PageTables:        16116 kB
NFS_Unstable:          0 kB
Bounce:                0 kB
WritebackTmp:          0 kB
CommitLimit:     1450072 kB
Committed_AS:   22202612 kB
VmallocTotal:   251658176 kB
VmallocUsed:       94264 kB
VmallocChunk:   251482716 kB


[2024-11-20 04:09:16]
MemTotal:        1858332 kB
MemFree:           36536 kB
Buffers:             404 kB
Cached:           199700 kB
SwapCached:        13960 kB
Active:           991788 kB
Inactive:         369156 kB
Active(anon):     945100 kB
Inactive(anon):   315548 kB
Active(file):      46688 kB
Inactive(file):    53608 kB
Unevictable:       99496 kB
Mlocked:           94212 kB
SwapTotal:        520908 kB
SwapFree:         355368 kB
Dirty:                 0 kB
Writeback:             0 kB
AnonPages:       1258996 kB
Mapped:           132792 kB
Shmem:               544 kB
Slab:              77748 kB
SReclaimable:      24336 kB
SUnreclaim:        53412 kB
KernelStack:       14976 kB
PageTables:        16152 kB
NFS_Unstable:          0 kB
Bounce:                0 kB
WritebackTmp:          0 kB
CommitLimit:     1450072 kB
Committed_AS:   22202836 kB
VmallocTotal:   251658176 kB
VmallocUsed:       94264 kB
VmallocChunk:   251482716 kB


[2024-11-20 04:09:19]
MemTotal:        1858332 kB
MemFree:           36608 kB
Buffers:             404 kB
Cached:           199760 kB
SwapCached:        13960 kB
Active:           991948 kB
Inactive:         369056 kB
Active(anon):     945156 kB
Inactive(anon):   315468 kB
Active(file):      46792 kB
Inactive(file):    53588 kB
Unevictable:       99496 kB
Mlocked:           94212 kB
SwapTotal:        520908 kB
SwapFree:         355416 kB
Dirty:                 0 kB
Writeback:             0 kB
AnonPages:       1259012 kB
Mapped:           132808 kB
Shmem:               544 kB
Slab:              77748 kB
SReclaimable:      24336 kB
SUnreclaim:        53412 kB
KernelStack:       14944 kB
PageTables:        16116 kB
NFS_Unstable:          0 kB
Bounce:                0 kB
WritebackTmp:          0 kB
CommitLimit:     1450072 kB
Committed_AS:   22202624 kB
VmallocTotal:   251658176 kB
VmallocUsed:       94264 kB
VmallocChunk:   251482716 kB


[2024-11-20 04:09:21]
MemTotal:        1858332 kB
MemFree:           34668 kB
Buffers:             392 kB
Cached:           193868 kB
SwapCached:        13956 kB
Active:           998164 kB
Inactive:         364764 kB
Active(anon):     951352 kB
Inactive(anon):   317060 kB
Active(file):      46812 kB
Inactive(file):    47704 kB
Unevictable:       99496 kB
Mlocked:           94212 kB
SwapTotal:        520908 kB
SwapFree:         355404 kB
Dirty:                 0 kB
Writeback:             0 kB
AnonPages:       1266592 kB
Mapped:           132868 kB
Shmem:               544 kB
Slab:              77748 kB
SReclaimable:      24336 kB
SUnreclaim:        53412 kB
KernelStack:       14976 kB
PageTables:        16148 kB
NFS_Unstable:          0 kB
Bounce:                0 kB
WritebackTmp:          0 kB
CommitLimit:     1450072 kB
Committed_AS:   22202676 kB
VmallocTotal:   251658176 kB
VmallocUsed:       94264 kB
VmallocChunk:   251482716 kB


[2024-11-20 04:09:24]
MemTotal:        1858332 kB
MemFree:           34436 kB
Buffers:             392 kB
Cached:           193808 kB
SwapCached:        13956 kB
Active:           998064 kB
Inactive:         364640 kB
Active(anon):     951252 kB
Inactive(anon):   317036 kB
Active(file):      46812 kB
Inactive(file):    47604 kB
Unevictable:       99496 kB
Mlocked:           94212 kB
SwapTotal:        520908 kB
SwapFree:         355404 kB
Dirty:                 0 kB
Writeback:             0 kB
AnonPages:       1266676 kB
Mapped:           132632 kB
Shmem:               544 kB
Slab:              77748 kB
SReclaimable:      24336 kB
SUnreclaim:        53412 kB
KernelStack:       14944 kB
PageTables:        16120 kB
NFS_Unstable:          0 kB
Bounce:                0 kB
WritebackTmp:          0 kB
CommitLimit:     1450072 kB
Committed_AS:   22202696 kB
VmallocTotal:   251658176 kB
VmallocUsed:       94264 kB
VmallocChunk:   251482716 kB


[2024-11-20 04:09:27]
MemTotal:        1858332 kB
MemFree:           34124 kB
Buffers:             392 kB
Cached:           193808 kB
SwapCached:        13956 kB
Active:           998520 kB
Inactive:         364640 kB
Active(anon):     951708 kB
Inactive(anon):   317036 kB
Active(file):      46812 kB
Inactive(file):    47604 kB
Unevictable:       99496 kB
Mlocked:           94212 kB
SwapTotal:        520908 kB
SwapFree:         355404 kB
Dirty:                 0 kB
Writeback:             0 kB
AnonPages:       1267164 kB
Mapped:           132816 kB
Shmem:               544 kB
Slab:              77748 kB
SReclaimable:      24336 kB
SUnreclaim:        53412 kB
KernelStack:       14944 kB
PageTables:        16120 kB
NFS_Unstable:          0 kB
Bounce:                0 kB
WritebackTmp:          0 kB
CommitLimit:     1450072 kB
Committed_AS:   22202704 kB
VmallocTotal:   251658176 kB
VmallocUsed:       94264 kB
VmallocChunk:   251482716 kB


[2024-11-20 04:09:29]
MemTotal:        1858332 kB
MemFree:           34620 kB
Buffers:             392 kB
Cached:           193808 kB
SwapCached:        13956 kB
Active:           998352 kB
Inactive:         364636 kB
Active(anon):     951540 kB
Inactive(anon):   317032 kB
Active(file):      46812 kB
Inactive(file):    47604 kB
Unevictable:       99496 kB
Mlocked:           94212 kB
SwapTotal:        520908 kB
SwapFree:         355404 kB
Dirty:                 0 kB
Writeback:             0 kB
AnonPages:       1266912 kB
Mapped:           132812 kB
Shmem:               544 kB
Slab:              77748 kB
SReclaimable:      24336 kB
SUnreclaim:        53412 kB
KernelStack:       14960 kB
PageTables:        16148 kB
NFS_Unstable:          0 kB
Bounce:                0 kB
WritebackTmp:          0 kB
CommitLimit:     1450072 kB
Committed_AS:   22202652 kB
VmallocTotal:   251658176 kB
VmallocUsed:       94264 kB
VmallocChunk:   251482716 kB


[2024-11-20 04:09:32]
MemTotal:        1858332 kB
MemFree:           34300 kB
Buffers:             392 kB
Cached:           193808 kB
SwapCached:        13956 kB
Active:           998596 kB
Inactive:         364636 kB
Active(anon):     951784 kB
Inactive(anon):   317032 kB
Active(file):      46812 kB
Inactive(file):    47604 kB
Unevictable:       99496 kB
Mlocked:           94212 kB
SwapTotal:        520908 kB
SwapFree:         355404 kB
Dirty:                 0 kB
Writeback:             0 kB
AnonPages:       1267196 kB
Mapped:           132632 kB
Shmem:               544 kB
Slab:              77748 kB
SReclaimable:      24336 kB
SUnreclaim:        53412 kB
KernelStack:       14928 kB
PageTables:        16120 kB
NFS_Unstable:          0 kB
Bounce:                0 kB
WritebackTmp:          0 kB
CommitLimit:     1450072 kB
Committed_AS:   22202628 kB
VmallocTotal:   251658176 kB
VmallocUsed:       94264 kB
VmallocChunk:   251482716 kB


[2024-11-20 04:09:34]
MemTotal:        1858332 kB
MemFree:           34416 kB
Buffers:             392 kB
Cached:           193808 kB
SwapCached:        13956 kB
Active:           998516 kB
Inactive:         364636 kB
Active(anon):     951704 kB
Inactive(anon):   317032 kB
Active(file):      46812 kB
Inactive(file):    47604 kB
Unevictable:       99496 kB
Mlocked:           94212 kB
SwapTotal:        520908 kB
SwapFree:         355404 kB
Dirty:                 0 kB
Writeback:             0 kB
AnonPages:       1267432 kB
Mapped:           132816 kB
Shmem:               544 kB
Slab:              77748 kB
SReclaimable:      24336 kB
SUnreclaim:        53412 kB
KernelStack:       14944 kB
PageTables:        16156 kB
NFS_Unstable:          0 kB
Bounce:                0 kB
WritebackTmp:          0 kB
CommitLimit:     1450072 kB
Committed_AS:   22202620 kB
VmallocTotal:   251658176 kB
VmallocUsed:       94264 kB
VmallocChunk:   251482716 kB


[2024-11-20 04:09:37]
MemTotal:        1858332 kB
MemFree:           34052 kB
Buffers:             392 kB
Cached:           193916 kB
SwapCached:        13956 kB
Active:           998940 kB
Inactive:         364744 kB
Active(anon):     952128 kB
Inactive(anon):   317032 kB
Active(file):      46812 kB
Inactive(file):    47712 kB
Unevictable:       99496 kB
Mlocked:           94212 kB
SwapTotal:        520908 kB
SwapFree:         355404 kB
Dirty:                 0 kB
Writeback:             0 kB
AnonPages:       1267712 kB
Mapped:           132820 kB
Shmem:               544 kB
Slab:              77748 kB
SReclaimable:      24336 kB
SUnreclaim:        53412 kB
KernelStack:       14928 kB
PageTables:        16120 kB
NFS_Unstable:          0 kB
Bounce:                0 kB
WritebackTmp:          0 kB
CommitLimit:     1450072 kB
Committed_AS:   22202640 kB
VmallocTotal:   251658176 kB
VmallocUsed:       94264 kB
VmallocChunk:   251482716 kB


[2024-11-20 04:09:39]
MemTotal:        1858332 kB
MemFree:           33864 kB
Buffers:             392 kB
Cached:           193916 kB
SwapCached:        13956 kB
Active:           998964 kB
Inactive:         364744 kB
Active(anon):     952152 kB
Inactive(anon):   317032 kB
Active(file):      46812 kB
Inactive(file):    47712 kB
Unevictable:       99496 kB
Mlocked:           94212 kB
SwapTotal:        520908 kB
SwapFree:         355404 kB
Dirty:                 0 kB
Writeback:             0 kB
AnonPages:       1267668 kB
Mapped:           132820 kB
Shmem:               544 kB
Slab:              77748 kB
SReclaimable:      24336 kB
SUnreclaim:        53412 kB
KernelStack:       14928 kB
PageTables:        16120 kB
NFS_Unstable:          0 kB
Bounce:                0 kB
WritebackTmp:          0 kB
CommitLimit:     1450072 kB
Committed_AS:   22202736 kB
VmallocTotal:   251658176 kB
VmallocUsed:       94264 kB
VmallocChunk:   251482716 kB


[2024-11-20 04:09:42]
MemTotal:        1858332 kB
MemFree:           34536 kB
Buffers:             392 kB
Cached:           192812 kB
SwapCached:        13956 kB
Active:           998628 kB
Inactive:         364140 kB
Active(anon):     951944 kB
Inactive(anon):   317432 kB
Active(file):      46684 kB
Inactive(file):    46708 kB
Unevictable:       99496 kB
Mlocked:           94212 kB
SwapTotal:        520908 kB
SwapFree:         355396 kB
Dirty:                 0 kB
Writeback:             0 kB
AnonPages:       1267812 kB
Mapped:           132760 kB
Shmem:               544 kB
Slab:              77748 kB
SReclaimable:      24336 kB
SUnreclaim:        53412 kB
KernelStack:       14960 kB
PageTables:        16156 kB
NFS_Unstable:          0 kB
Bounce:                0 kB
WritebackTmp:          0 kB
CommitLimit:     1450072 kB
Committed_AS:   22202520 kB
VmallocTotal:   251658176 kB
VmallocUsed:       94264 kB
VmallocChunk:   251482716 kB


[2024-11-20 04:09:45]
MemTotal:        1858332 kB
MemFree:           40552 kB
Buffers:             392 kB
Cached:           192876 kB
SwapCached:        13956 kB
Active:           992364 kB
Inactive:         364236 kB
Active(anon):     945680 kB
