
[2024-11-20 02:54:17]
MemTotal:        1858332 kB
MemFree:          297076 kB
Buffers:            2392 kB
Cached:          1015052 kB
SwapCached:        15624 kB
Active:           166920 kB
Inactive:         877296 kB
Active(anon):     115880 kB
Inactive(anon):    10964 kB
Active(file):      51040 kB
Inactive(file):   866332 kB
Unevictable:       99496 kB
Mlocked:           94212 kB
SwapTotal:        520908 kB
SwapFree:         366632 kB
Dirty:             51712 kB
Writeback:          2944 kB
AnonPages:        125396 kB
Mapped:           367324 kB
Shmem:               716 kB
Slab:              90544 kB
SReclaimable:      37172 kB
SUnreclaim:        53372 kB
KernelStack:       15152 kB
PageTables:        13752 kB
NFS_Unstable:          0 kB
Bounce:                0 kB
WritebackTmp:          0 kB
CommitLimit:     1450072 kB
Committed_AS:   24106964 kB
VmallocTotal:   251658176 kB
VmallocUsed:       97588 kB
VmallocChunk:   251461724 kB


[2024-11-20 02:54:17]
MemTotal:        1858332 kB
MemFree:          166320 kB
Buffers:            2392 kB
Cached:          1143228 kB
SwapCached:        15624 kB
Active:           167244 kB
Inactive:        1005300 kB
Active(anon):     116204 kB
Inactive(anon):    10964 kB
Active(file):      51040 kB
Inactive(file):   994336 kB
Unevictable:       99496 kB
Mlocked:           94212 kB
SwapTotal:        520908 kB
SwapFree:         366632 kB
Dirty:             51584 kB
Writeback:            16 kB
AnonPages:        125624 kB
Mapped:           404592 kB
Shmem:               716 kB
Slab:              93164 kB
SReclaimable:      39888 kB
SUnreclaim:        53276 kB
KernelStack:       15200 kB
PageTables:        13820 kB
NFS_Unstable:          0 kB
Bounce:                0 kB
WritebackTmp:          0 kB
CommitLimit:     1450072 kB
Committed_AS:   24106848 kB
VmallocTotal:   251658176 kB
VmallocUsed:       97588 kB
VmallocChunk:   251461724 kB


[2024-11-20 02:54:17]
MemTotal:        1858332 kB
MemFree:          137284 kB
Buffers:            2068 kB
Cached:          1187976 kB
SwapCached:        15624 kB
Active:           153672 kB
Inactive:        1063752 kB
Active(anon):      95580 kB
Inactive(anon):    31956 kB
Active(file):      58092 kB
Inactive(file):  1031796 kB
Unevictable:       99496 kB
Mlocked:           94212 kB
SwapTotal:        520908 kB
SwapFree:         366632 kB
Dirty:             13224 kB
Writeback:           112 kB
AnonPages:        125928 kB
Mapped:           433752 kB
Shmem:               716 kB
Slab:              95128 kB
SReclaimable:      41724 kB
SUnreclaim:        53404 kB
KernelStack:       15152 kB
PageTables:        13872 kB
NFS_Unstable:          0 kB
Bounce:                0 kB
WritebackTmp:          0 kB
CommitLimit:     1450072 kB
Committed_AS:   24106888 kB
VmallocTotal:   251658176 kB
VmallocUsed:       97588 kB
VmallocChunk:   251461724 kB


[2024-11-20 02:54:17]
MemTotal:        1858332 kB
MemFree:          137892 kB
Buffers:             972 kB
Cached:          1189984 kB
SwapCached:        15624 kB
Active:           181512 kB
Inactive:        1036764 kB
Active(anon):      95696 kB
Inactive(anon):    31952 kB
Active(file):      85816 kB
Inactive(file):  1004812 kB
Unevictable:       99496 kB
Mlocked:           94212 kB
SwapTotal:        520908 kB
SwapFree:         366632 kB
Dirty:             56984 kB
Writeback:             0 kB
AnonPages:        125972 kB
Mapped:           473668 kB
Shmem:               716 kB
Slab:              96696 kB
SReclaimable:      43388 kB
SUnreclaim:        53308 kB
KernelStack:       15152 kB
PageTables:        13944 kB
NFS_Unstable:          0 kB
Bounce:                0 kB
WritebackTmp:          0 kB
CommitLimit:     1450072 kB
Committed_AS:   24106808 kB
VmallocTotal:   251658176 kB
VmallocUsed:       97588 kB
VmallocChunk:   251461724 kB


[2024-11-20 02:54:17]
MemTotal:        1858332 kB
MemFree:          137188 kB
Buffers:             980 kB
Cached:          1191616 kB
SwapCached:        15624 kB
Active:           232796 kB
Inactive:         986904 kB
Active(anon):      95304 kB
Inactive(anon):    31940 kB
Active(file):     137492 kB
Inactive(file):   954964 kB
Unevictable:       99496 kB
Mlocked:           94212 kB
SwapTotal:        520908 kB
SwapFree:         366632 kB
Dirty:             55608 kB
Writeback:             0 kB
AnonPages:        125516 kB
Mapped:           507744 kB
Shmem:               716 kB
Slab:              95516 kB
SReclaimable:      42208 kB
SUnreclaim:        53308 kB
KernelStack:       15152 kB
PageTables:        14004 kB
NFS_Unstable:          0 kB
Bounce:                0 kB
WritebackTmp:          0 kB
CommitLimit:     1450072 kB
Committed_AS:   24106712 kB
VmallocTotal:   251658176 kB
VmallocUsed:       97588 kB
VmallocChunk:   251461724 kB


[2024-11-20 02:54:17]
MemTotal:        1858332 kB
MemFree:          135812 kB
Buffers:             968 kB
Cached:          1194292 kB
SwapCached:        15624 kB
Active:           273504 kB
Inactive:         948820 kB
Active(anon):      95448 kB
Inactive(anon):    31896 kB
Active(file):     178056 kB
Inactive(file):   916924 kB
Unevictable:       99496 kB
Mlocked:           94212 kB
SwapTotal:        520908 kB
SwapFree:         366632 kB
Dirty:             55540 kB
Writeback:             0 kB
AnonPages:        125676 kB
Mapped:           539168 kB
Shmem:               716 kB
Slab:              95180 kB
SReclaimable:      41712 kB
SUnreclaim:        53468 kB
KernelStack:       15152 kB
PageTables:        14036 kB
NFS_Unstable:          0 kB
Bounce:                0 kB
WritebackTmp:          0 kB
CommitLimit:     1450072 kB
Committed_AS:   24106744 kB
VmallocTotal:   251658176 kB
VmallocUsed:       97588 kB
VmallocChunk:   251461724 kB


[2024-11-20 02:54:17]
MemTotal:        1858332 kB
MemFree:          138312 kB
Buffers:             968 kB
Cached:          1191800 kB
SwapCached:        15624 kB
Active:           324572 kB
Inactive:         895628 kB
Active(anon):      95952 kB
Inactive(anon):    31928 kB
Active(file):     228620 kB
Inactive(file):   863700 kB
Unevictable:       99496 kB
Mlocked:           94212 kB
SwapTotal:        520908 kB
SwapFree:         366636 kB
Dirty:             52036 kB
Writeback:          3928 kB
AnonPages:        126508 kB
Mapped:           575444 kB
Shmem:               716 kB
Slab:              94068 kB
SReclaimable:      40728 kB
SUnreclaim:        53340 kB
KernelStack:       15152 kB
PageTables:        14128 kB
NFS_Unstable:          0 kB
Bounce:                0 kB
WritebackTmp:          0 kB
CommitLimit:     1450072 kB
Committed_AS:   24106724 kB
VmallocTotal:   251658176 kB
VmallocUsed:       97588 kB
VmallocChunk:   251461724 kB


[2024-11-20 02:54:17]
MemTotal:        1858332 kB
MemFree:          136292 kB
Buffers:             968 kB
Cached:          1194776 kB
SwapCached:        15624 kB
Active:           367156 kB
Inactive:         856104 kB
Active(anon):      95996 kB
Inactive(anon):    31936 kB
Active(file):     271160 kB
Inactive(file):   824168 kB
Unevictable:       99496 kB
Mlocked:           94212 kB
SwapTotal:        520908 kB
SwapFree:         366616 kB
Dirty:             31824 kB
Writeback:            72 kB
AnonPages:        126368 kB
Mapped:           606356 kB
Shmem:               716 kB
Slab:              93268 kB
SReclaimable:      39832 kB
SUnreclaim:        53436 kB
KernelStack:       15152 kB
PageTables:        14192 kB
NFS_Unstable:          0 kB
Bounce:                0 kB
WritebackTmp:          0 kB
CommitLimit:     1450072 kB
Committed_AS:   24106632 kB
VmallocTotal:   251658176 kB
VmallocUsed:       97588 kB
VmallocChunk:   251461724 kB


[2024-11-20 02:54:17]
MemTotal:        1858332 kB
MemFree:          135404 kB
Buffers:             968 kB
Cached:          1196368 kB
SwapCached:        15624 kB
Active:           423000 kB
Inactive:         802096 kB
Active(anon):      96200 kB
Inactive(anon):    31856 kB
Active(file):     326800 kB
Inactive(file):   770240 kB
Unevictable:       99496 kB
Mlocked:           94212 kB
SwapTotal:        520908 kB
SwapFree:         366580 kB
Dirty:             54800 kB
Writeback:            64 kB
AnonPages:        126592 kB
Mapped:           645844 kB
Shmem:               716 kB
Slab:              92324 kB
SReclaimable:      39016 kB
SUnreclaim:        53308 kB
KernelStack:       15152 kB
PageTables:        14276 kB
NFS_Unstable:          0 kB
Bounce:                0 kB
WritebackTmp:          0 kB
CommitLimit:     1450072 kB
Committed_AS:   24106564 kB
VmallocTotal:   251658176 kB
VmallocUsed:       97588 kB
VmallocChunk:   251461724 kB


[2024-11-20 02:54:17]
MemTotal:        1858332 kB
MemFree:          135776 kB
Buffers:            1024 kB
Cached:          1194660 kB
SwapCached:        15616 kB
Active:           475632 kB
Inactive:         749828 kB
Active(anon):      97460 kB
Inactive(anon):    32532 kB
Active(file):     378172 kB
Inactive(file):   717296 kB
Unevictable:       99496 kB
Mlocked:           94212 kB
SwapTotal:        520908 kB
SwapFree:         366596 kB
Dirty:              2536 kB
Writeback:            96 kB
AnonPages:        128584 kB
Mapped:           678668 kB
Shmem:               716 kB
Slab:              91892 kB
SReclaimable:      38368 kB
SUnreclaim:        53524 kB
KernelStack:       15264 kB
PageTables:        14492 kB
NFS_Unstable:          0 kB
Bounce:                0 kB
WritebackTmp:          0 kB
CommitLimit:     1450072 kB
Committed_AS:   24109076 kB
VmallocTotal:   251658176 kB
VmallocUsed:       97588 kB
VmallocChunk:   251461724 kB


[2024-11-20 02:54:17]
MemTotal:        1858332 kB
MemFree:          131848 kB
Buffers:            1016 kB
Cached:          1194304 kB
SwapCached:        15616 kB
Active:           543016 kB
Inactive:         687540 kB
Active(anon):     101280 kB
Inactive(anon):    33840 kB
Active(file):     441736 kB
Inactive(file):   653700 kB
Unevictable:       99496 kB
Mlocked:           94212 kB
SwapTotal:        520908 kB
SwapFree:         366596 kB
Dirty:             59480 kB
Writeback:           264 kB
AnonPages:        133560 kB
Mapped:           719640 kB
Shmem:               716 kB
Slab:              90372 kB
SReclaimable:      37008 kB
SUnreclaim:        53364 kB
KernelStack:       15296 kB
PageTables:        14628 kB
NFS_Unstable:          0 kB
Bounce:                0 kB
WritebackTmp:          0 kB
CommitLimit:     1450072 kB
Committed_AS:   24211828 kB
VmallocTotal:   251658176 kB
VmallocUsed:       97588 kB
VmallocChunk:   251461724 kB


[2024-11-20 02:54:20]
MemTotal:        1858332 kB
MemFree:          132356 kB
Buffers:            1024 kB
Cached:          1195200 kB
SwapCached:        15480 kB
Active:           591680 kB
Inactive:         638560 kB
Active(anon):     100604 kB
Inactive(anon):    33740 kB
Active(file):     491076 kB
Inactive(file):   604820 kB
Unevictable:       99496 kB
Mlocked:           94212 kB
SwapTotal:        520908 kB
SwapFree:         366596 kB
Dirty:             54540 kB
Writeback:             0 kB
AnonPages:        132984 kB
Mapped:           754888 kB
Shmem:               716 kB
Slab:              89352 kB
SReclaimable:      36020 kB
SUnreclaim:        53332 kB
KernelStack:       15296 kB
PageTables:        14696 kB
NFS_Unstable:          0 kB
Bounce:                0 kB
WritebackTmp:          0 kB
CommitLimit:     1450072 kB
Committed_AS:   24211644 kB
VmallocTotal:   251658176 kB
VmallocUsed:       97588 kB
VmallocChunk:   251461724 kB


[2024-11-20 02:54:22]
MemTotal:        1858332 kB
MemFree:          131924 kB
Buffers:            1016 kB
Cached:          1195856 kB
SwapCached:        15152 kB
Active:           640436 kB
Inactive:         590844 kB
Active(anon):     101068 kB
Inactive(anon):    33888 kB
Active(file):     539368 kB
Inactive(file):   556956 kB
Unevictable:       99496 kB
Mlocked:           94212 kB
SwapTotal:        520908 kB
SwapFree:         366560 kB
Dirty:             52752 kB
Writeback:          7176 kB
AnonPages:        133656 kB
Mapped:           789408 kB
Shmem:               716 kB
Slab:              88572 kB
SReclaimable:      35208 kB
SUnreclaim:        53364 kB
KernelStack:       15232 kB
PageTables:        14748 kB
NFS_Unstable:          0 kB
Bounce:                0 kB
WritebackTmp:          0 kB
CommitLimit:     1450072 kB
Committed_AS:   24211480 kB
VmallocTotal:   251658176 kB
VmallocUsed:       97588 kB
VmallocChunk:   251461724 kB


[2024-11-20 02:54:24]
MemTotal:        1858332 kB
MemFree:          131676 kB
Buffers:             960 kB
Cached:          1198096 kB
SwapCached:        14844 kB
Active:           649120 kB
Inactive:         583836 kB
Active(anon):     100612 kB
Inactive(anon):    33604 kB
Active(file):     548508 kB
Inactive(file):   550232 kB
Unevictable:       99496 kB
Mlocked:           94212 kB
SwapTotal:        520908 kB
SwapFree:         366548 kB
Dirty:             53052 kB
Writeback:          2944 kB
AnonPages:        133424 kB
Mapped:           826624 kB
Shmem:               716 kB
Slab:              87808 kB
SReclaimable:      34572 kB
SUnreclaim:        53236 kB
KernelStack:       15232 kB
PageTables:        14848 kB
NFS_Unstable:          0 kB
Bounce:                0 kB
WritebackTmp:          0 kB
CommitLimit:     1450072 kB
Committed_AS:   24211468 kB
VmallocTotal:   251658176 kB
VmallocUsed:       97588 kB
VmallocChunk:   251461724 kB


[2024-11-20 02:54:26]
MemTotal:        1858332 kB
MemFree:          131456 kB
Buffers:             968 kB
Cached:          1199092 kB
SwapCached:        14796 kB
Active:           650028 kB
Inactive:         584036 kB
Active(anon):     100756 kB
Inactive(anon):    33516 kB
Active(file):     549272 kB
Inactive(file):   550520 kB
Unevictable:       99496 kB
Mlocked:           94212 kB
SwapTotal:        520908 kB
SwapFree:         366548 kB
Dirty:             35560 kB
Writeback:             0 kB
AnonPages:        133488 kB
Mapped:           858772 kB
Shmem:               716 kB
Slab:              87048 kB
SReclaimable:      33764 kB
SUnreclaim:        53284 kB
KernelStack:       15232 kB
PageTables:        14908 kB
NFS_Unstable:          0 kB
Bounce:                0 kB
WritebackTmp:          0 kB
CommitLimit:     1450072 kB
Committed_AS:   24211568 kB
VmallocTotal:   251658176 kB
VmallocUsed:       97588 kB
VmallocChunk:   251461724 kB


[2024-11-20 02:54:28]
MemTotal:        1858332 kB
MemFree:          132792 kB
Buffers:             960 kB
Cached:          1198044 kB
SwapCached:        14652 kB
Active:           649648 kB
Inactive:         583596 kB
Active(anon):     100580 kB
Inactive(anon):    33656 kB
Active(file):     549068 kB
Inactive(file):   549940 kB
Unevictable:       99496 kB
Mlocked:           94212 kB
SwapTotal:        520908 kB
SwapFree:         366548 kB
Dirty:             58744 kB
Writeback:          1104 kB
AnonPages:        133616 kB
Mapped:           897404 kB
Shmem:               716 kB
Slab:              85980 kB
SReclaimable:      32696 kB
SUnreclaim:        53284 kB
KernelStack:       15232 kB
PageTables:        14980 kB
NFS_Unstable:          0 kB
Bounce:                0 kB
WritebackTmp:          0 kB
CommitLimit:     1450072 kB
Committed_AS:   24211436 kB
VmallocTotal:   251658176 kB
VmallocUsed:       97588 kB
VmallocChunk:   251461724 kB


[2024-11-20 02:54:30]
MemTotal:        1858332 kB
MemFree:          131988 kB
Buffers:             656 kB
Cached:          1199032 kB
SwapCached:        14652 kB
Active:           650668 kB
Inactive:         583804 kB
Active(anon):     101308 kB
Inactive(anon):    33616 kB
Active(file):     549360 kB
Inactive(file):   550188 kB
Unevictable:       99496 kB
Mlocked:           94212 kB
SwapTotal:        520908 kB
SwapFree:         366548 kB
Dirty:             19988 kB
Writeback:         16952 kB
AnonPages:        134248 kB
Mapped:           912876 kB
Shmem:               716 kB
Slab:              85892 kB
SReclaimable:      32328 kB
SUnreclaim:        53564 kB
KernelStack:       15232 kB
PageTables:        15048 kB
NFS_Unstable:          0 kB
Bounce:                0 kB
WritebackTmp:          0 kB
CommitLimit:     1450072 kB
Committed_AS:   24211452 kB
VmallocTotal:   251658176 kB
VmallocUsed:       97588 kB
VmallocChunk:   251461724 kB


[2024-11-20 02:54:32]
MemTotal:        1858332 kB
MemFree:          130628 kB
Buffers:             136 kB
Cached:          1202432 kB
SwapCached:        14652 kB
Active:           650596 kB
Inactive:         585992 kB
Active(anon):     100864 kB
Inactive(anon):    33576 kB
Active(file):     549732 kB
Inactive(file):   552416 kB
Unevictable:       99496 kB
Mlocked:           94212 kB
SwapTotal:        520908 kB
SwapFree:         366548 kB
Dirty:             53420 kB
Writeback:             0 kB
AnonPages:        133752 kB
Mapped:           907392 kB
Shmem:               716 kB
Slab:              85600 kB
SReclaimable:      32316 kB
SUnreclaim:        53284 kB
KernelStack:       15232 kB
PageTables:        15100 kB
NFS_Unstable:          0 kB
Bounce:                0 kB
WritebackTmp:          0 kB
CommitLimit:     1450072 kB
Committed_AS:   24211528 kB
VmallocTotal:   251658176 kB
VmallocUsed:       97588 kB
VmallocChunk:   251461724 kB


[2024-11-20 02:54:34]
MemTotal:        1858332 kB
MemFree:          132492 kB
Buffers:             144 kB
Cached:          1199460 kB
SwapCached:        14652 kB
Active:           650240 kB
Inactive:         583844 kB
Active(anon):     100676 kB
Inactive(anon):    33788 kB
Active(file):     549564 kB
Inactive(file):   550056 kB
Unevictable:       99496 kB
Mlocked:           94212 kB
SwapTotal:        520908 kB
SwapFree:         366548 kB
Dirty:             52056 kB
Writeback:          5704 kB
AnonPages:        134008 kB
Mapped:           902432 kB
Shmem:               716 kB
Slab:              85628 kB
SReclaimable:      32344 kB
SUnreclaim:        53284 kB
KernelStack:       15232 kB
PageTables:        15120 kB
NFS_Unstable:          0 kB
Bounce:                0 kB
WritebackTmp:          0 kB
CommitLimit:     1450072 kB
Committed_AS:   24211492 kB
VmallocTotal:   251658176 kB
VmallocUsed:       97588 kB
VmallocChunk:   251461724 kB


[2024-11-20 02:54:37]
MemTotal:        1858332 kB
MemFree:          131888 kB
Buffers:             156 kB
Cached:          1199744 kB
SwapCached:        14652 kB
Active:           650204 kB
Inactive:         584088 kB
Active(anon):     100708 kB
Inactive(anon):    33752 kB
Active(file):     549496 kB
Inactive(file):   550336 kB
Unevictable:       99496 kB
Mlocked:           94212 kB
SwapTotal:        520908 kB
SwapFree:         366548 kB
Dirty:              2952 kB
Writeback:            72 kB
AnonPages:        133708 kB
Mapped:           899624 kB
Shmem:               716 kB
Slab:              85908 kB
SReclaimable:      32496 kB
SUnreclaim:        53412 kB
KernelStack:       15232 kB
PageTables:        15140 kB
NFS_Unstable:          0 kB
Bounce:                0 kB
WritebackTmp:          0 kB
CommitLimit:     1450072 kB
Committed_AS:   24211332 kB
VmallocTotal:   251658176 kB
VmallocUsed:       97588 kB
VmallocChunk:   251461724 kB


[2024-11-20 02:54:39]
MemTotal:        1858332 kB
MemFree:          131208 kB
Buffers:             156 kB
Cached:          1200872 kB
SwapCached:        14652 kB
Active:           650380 kB
Inactive:         584624 kB
Active(anon):     100888 kB
Inactive(anon):    33728 kB
Active(file):     549492 kB
Inactive(file):   550896 kB
Unevictable:       99496 kB
Mlocked:           94212 kB
SwapTotal:        520908 kB
SwapFree:         366548 kB
Dirty:             32312 kB
Writeback:             0 kB
AnonPages:        134156 kB
Mapped:           897124 kB
Shmem:               716 kB
Slab:              85784 kB
SReclaimable:      32436 kB
SUnreclaim:        53348 kB
KernelStack:       15232 kB
PageTables:        15156 kB
NFS_Unstable:          0 kB
Bounce:                0 kB
WritebackTmp:          0 kB
CommitLimit:     1450072 kB
Committed_AS:   24211384 kB
VmallocTotal:   251658176 kB
VmallocUsed:       97588 kB
VmallocChunk:   251461724 kB


[2024-11-20 02:54:41]
MemTotal:        1858332 kB
MemFree:          130576 kB
Buffers:             164 kB
Cached:          1201484 kB
SwapCached:        14652 kB
Active:           650376 kB
Inactive:         586060 kB
Active(anon):     101280 kB
Inactive(anon):    33680 kB
Active(file):     549096 kB
Inactive(file):   552380 kB
Unevictable:       99496 kB
Mlocked:           94212 kB
SwapTotal:        520908 kB
SwapFree:         366548 kB
Dirty:             58272 kB
Writeback:             0 kB
AnonPages:        134356 kB
Mapped:           893984 kB
Shmem:               716 kB
Slab:              85860 kB
SReclaimable:      32512 kB
SUnreclaim:        53348 kB
KernelStack:       15248 kB
PageTables:        15196 kB
NFS_Unstable:          0 kB
Bounce:                0 kB
WritebackTmp:          0 kB
CommitLimit:     1450072 kB
Committed_AS:   24211532 kB
VmallocTotal:   251658176 kB
VmallocUsed:       97588 kB
VmallocChunk:   251461724 kB


[2024-11-20 02:54:43]
MemTotal:        1858332 kB
MemFree:          130540 kB
Buffers:             164 kB
Cached:          1200768 kB
SwapCached:        14652 kB
Active:           651200 kB
Inactive:         585076 kB
Active(anon):     101580 kB
Inactive(anon):    33776 kB
Active(file):     549620 kB
Inactive(file):   551300 kB
Unevictable:       99496 kB
Mlocked:           94212 kB
SwapTotal:        520908 kB
SwapFree:         366548 kB
Dirty:             21736 kB
Writeback:             0 kB
AnonPages:        134460 kB
Mapped:           891528 kB
Shmem:               716 kB
Slab:              85968 kB
SReclaimable:      32588 kB
SUnreclaim:        53380 kB
KernelStack:       15232 kB
PageTables:        15208 kB
NFS_Unstable:          0 kB
Bounce:                0 kB
WritebackTmp:          0 kB
CommitLimit:     1450072 kB
Committed_AS:   24211472 kB
VmallocTotal:   251658176 kB
VmallocUsed:       97588 kB
VmallocChunk:   251461724 kB


[2024-11-20 02:54:45]
MemTotal:        1858332 kB
MemFree:          131780 kB
Buffers:             172 kB
Cached:          1199500 kB
SwapCached:        14652 kB
Active:           650708 kB
Inactive:         583224 kB
Active(anon):     101224 kB
Inactive(anon):    33864 kB
Active(file):     549484 kB
Inactive(file):   549360 kB
Unevictable:       99496 kB
Mlocked:           94212 kB
SwapTotal:        520908 kB
SwapFree:         366548 kB
Dirty:             51564 kB
Writeback:             0 kB
AnonPages:        134260 kB
Mapped:           887784 kB
Shmem:               716 kB
Slab:              86036 kB
SReclaimable:      32656 kB
SUnreclaim:        53380 kB
KernelStack:       15232 kB
PageTables:        15232 kB
NFS_Unstable:          0 kB
Bounce:                0 kB
WritebackTmp:          0 kB
CommitLimit:     1450072 kB
Committed_AS:   24211356 kB
VmallocTotal:   251658176 kB
VmallocUsed:       97588 kB
VmallocChunk:   251461724 kB


[2024-11-20 02:54:47]
MemTotal:        1858332 kB
MemFree:          132384 kB
Buffers:             168 kB
Cached:          1198412 kB
SwapCached:        14652 kB
Active:           650604 kB
Inactive:         582988 kB
Active(anon):     101580 kB
Inactive(anon):    33832 kB
Active(file):     549024 kB
Inactive(file):   549156 kB
Unevictable:       99496 kB
Mlocked:           94212 kB
SwapTotal:        520908 kB
SwapFree:         366548 kB
Dirty:             13328 kB
Writeback:             0 kB
AnonPages:        134908 kB
Mapped:           885732 kB
Shmem:               716 kB
Slab:              86132 kB
SReclaimable:      32696 kB
SUnreclaim:        53436 kB
KernelStack:       15232 kB
PageTables:        15252 kB
NFS_Unstable:          0 kB
Bounce:                0 kB
WritebackTmp:          0 kB
CommitLimit:     1450072 kB
Committed_AS:   24211372 kB
VmallocTotal:   251658176 kB
VmallocUsed:       97588 kB
VmallocChunk:   251461724 kB


[2024-11-20 02:54:49]
MemTotal:        1858332 kB
MemFree:          130244 kB
Buffers:             176 kB
Cached:          1200700 kB
SwapCached:        14652 kB
Active:           651232 kB
Inactive:         584804 kB
Active(anon):     101632 kB
Inactive(anon):    33788 kB
Active(file):     549600 kB
Inactive(file):   551016 kB
Unevictable:       99496 kB
Mlocked:           94212 kB
SwapTotal:        520908 kB
SwapFree:         366548 kB
Dirty:             44800 kB
Writeback:             0 kB
AnonPages:        134720 kB
Mapped:           885360 kB
Shmem:               716 kB
Slab:              86180 kB
SReclaimable:      32744 kB
SUnreclaim:        53436 kB
KernelStack:       15232 kB
PageTables:        15272 kB
NFS_Unstable:          0 kB
Bounce:                0 kB
WritebackTmp:          0 kB
CommitLimit:     1450072 kB
Committed_AS:   24211396 kB
VmallocTotal:   251658176 kB
VmallocUsed:       97588 kB
VmallocChunk:   251461724 kB


[2024-11-20 02:54:51]
MemTotal:        1858332 kB
MemFree:          119160 kB
Buffers:             656 kB
Cached:          1195928 kB
SwapCached:        14652 kB
Active:           663432 kB
Inactive:         583180 kB
Active(anon):     115988 kB
Inactive(anon):    34396 kB
Active(file):     547444 kB
Inactive(file):   548784 kB
Unevictable:       99496 kB
Mlocked:           94212 kB
SwapTotal:        520908 kB
SwapFree:         366548 kB
Dirty:             53612 kB
Writeback:             0 kB
AnonPages:        149848 kB
Mapped:           881540 kB
Shmem:               716 kB
Slab:              85900 kB
SReclaimable:      32464 kB
SUnreclaim:        53436 kB
KernelStack:       15264 kB
PageTables:        15312 kB
NFS_Unstable:          0 kB
Bounce:                0 kB
WritebackTmp:          0 kB
CommitLimit:     1450072 kB
Committed_AS:   24301912 kB
VmallocTotal:   251658176 kB
VmallocUsed:       97588 kB
VmallocChunk:   251461724 kB


[2024-11-20 02:54:53]
MemTotal:        1858332 kB
MemFree:           93180 kB
Buffers:             656 kB
Cached:          1196104 kB
SwapCached:        14652 kB
Active:           689148 kB
Inactive:         583572 kB
Active(anon):     141608 kB
Inactive(anon):    34380 kB
Active(file):     547540 kB
Inactive(file):   549192 kB
Unevictable:       99496 kB
Mlocked:           94212 kB
SwapTotal:        520908 kB
SwapFree:         366548 kB
Dirty:                 0 kB
Writeback:             0 kB
AnonPages:        175652 kB
Mapped:           881724 kB
Shmem:               716 kB
Slab:              85816 kB
SReclaimable:      32356 kB
SUnreclaim:        53460 kB
KernelStack:       15392 kB
PageTables:        15424 kB
NFS_Unstable:          0 kB
Bounce:                0 kB
WritebackTmp:          0 kB
CommitLimit:     1450072 kB
Committed_AS:   24324944 kB
VmallocTotal:   251658176 kB
VmallocUsed:       97588 kB
VmallocChunk:   251461724 kB


[2024-11-20 02:54:56]
MemTotal:        1858332 kB
MemFree:           33748 kB
Buffers:             648 kB
Cached:          1163456 kB
SwapCached:        14620 kB
Active:           732960 kB
Inactive:         599132 kB
Active(anon):     200988 kB
Inactive(anon):    67160 kB
Active(file):     531972 kB
Inactive(file):   531972 kB
Unevictable:       99496 kB
Mlocked:           94212 kB
SwapTotal:        520908 kB
SwapFree:         366540 kB
Dirty:                16 kB
Writeback:             0 kB
AnonPages:        267916 kB
Mapped:           856968 kB
Shmem:               716 kB
Slab:              84948 kB
SReclaimable:      31488 kB
SUnreclaim:        53460 kB
KernelStack:       15392 kB
PageTables:        15508 kB
NFS_Unstable:          0 kB
Bounce:                0 kB
WritebackTmp:          0 kB
CommitLimit:     1450072 kB
Committed_AS:   25130340 kB
VmallocTotal:   251658176 kB
VmallocUsed:       97588 kB
VmallocChunk:   251461724 kB


[2024-11-20 02:54:58]
MemTotal:        1858332 kB
MemFree:           33708 kB
Buffers:             212 kB
Cached:           630308 kB
SwapCached:        11224 kB
Active:           868836 kB
Inactive:         467492 kB
Active(anon):     604724 kB
Inactive(anon):   201416 kB
Active(file):     264112 kB
Inactive(file):   266076 kB
Unevictable:       99496 kB
Mlocked:           94212 kB
SwapTotal:        520908 kB
SwapFree:         361876 kB
Dirty:                16 kB
Writeback:             0 kB
AnonPages:        806200 kB
Mapped:           242916 kB
Shmem:               716 kB
Slab:              78744 kB
SReclaimable:      25412 kB
SUnreclaim:        53332 kB
KernelStack:       15392 kB
PageTables:        16572 kB
NFS_Unstable:          0 kB
Bounce:                0 kB
WritebackTmp:          0 kB
CommitLimit:     1450072 kB
Committed_AS:   25130288 kB
VmallocTotal:   251658176 kB
VmallocUsed:       97588 kB
VmallocChunk:   251461724 kB


[2024-11-20 02:55:00]
MemTotal:        1858332 kB
MemFree:           34280 kB
Buffers:             116 kB
Cached:           215676 kB
SwapCached:        10200 kB
Active:           984332 kB
Inactive:         352372 kB
Active(anon):     927004 kB
Inactive(anon):   294192 kB
Active(file):      57328 kB
Inactive(file):    58180 kB
Unevictable:       99496 kB
Mlocked:           94212 kB
SwapTotal:        520908 kB
SwapFree:         360328 kB
Dirty:                 0 kB
Writeback:             0 kB
AnonPages:       1220984 kB
Mapped:           109588 kB
Shmem:               708 kB
Slab:              78080 kB
SReclaimable:      24772 kB
SUnreclaim:        53308 kB
KernelStack:       15248 kB
PageTables:        16996 kB
NFS_Unstable:          0 kB
Bounce:                0 kB
WritebackTmp:          0 kB
CommitLimit:     1450072 kB
Committed_AS:   24108676 kB
VmallocTotal:   251658176 kB
VmallocUsed:       96568 kB
VmallocChunk:   251461724 kB


[2024-11-20 02:55:02]
MemTotal:        1858332 kB
MemFree:           34060 kB
Buffers:             256 kB
Cached:           195656 kB
SwapCached:         9764 kB
Active:           986960 kB
Inactive:         367392 kB
Active(anon):     943992 kB
Inactive(anon):   314660 kB
Active(file):      42968 kB
Inactive(file):    52732 kB
Unevictable:       99496 kB
Mlocked:           94212 kB
SwapTotal:        520908 kB
SwapFree:         358052 kB
Dirty:                 4 kB
Writeback:             0 kB
AnonPages:       1257588 kB
Mapped:           123624 kB
Shmem:               696 kB
Slab:              77980 kB
SReclaimable:      24632 kB
SUnreclaim:        53348 kB
KernelStack:       14992 kB
PageTables:        16056 kB
NFS_Unstable:          0 kB
Bounce:                0 kB
WritebackTmp:          0 kB
CommitLimit:     1450072 kB
Committed_AS:   22211692 kB
VmallocTotal:   251658176 kB
VmallocUsed:       94264 kB
VmallocChunk:   251461724 kB


[2024-11-20 02:55:05]
MemTotal:        1858332 kB
MemFree:           27732 kB
Buffers:             428 kB
Cached:           210132 kB
SwapCached:         8432 kB
Active:           990440 kB
Inactive:         374520 kB
Active(anon):     940816 kB
Inactive(anon):   313600 kB
Active(file):      49624 kB
Inactive(file):    60920 kB
Unevictable:       99496 kB
Mlocked:           94212 kB
SwapTotal:        520908 kB
SwapFree:         345560 kB
Dirty:                36 kB
Writeback:             0 kB
AnonPages:       1253480 kB
Mapped:           131948 kB
Shmem:               488 kB
Slab:              77908 kB
SReclaimable:      24552 kB
SUnreclaim:        53356 kB
KernelStack:       15248 kB
PageTables:        16780 kB
NFS_Unstable:          0 kB
Bounce:                0 kB
WritebackTmp:          0 kB
CommitLimit:     1450072 kB
Committed_AS:   24132448 kB
VmallocTotal:   251658176 kB
VmallocUsed:       95284 kB
VmallocChunk:   251461724 kB


[2024-11-20 02:55:07]
MemTotal:        1858332 kB
MemFree:           44612 kB
Buffers:             436 kB
Cached:           199896 kB
SwapCached:         7756 kB
Active:           977756 kB
Inactive:         368132 kB
Active(anon):     931676 kB
Inactive(anon):   313880 kB
Active(file):      46080 kB
Inactive(file):    54252 kB
Unevictable:       99496 kB
Mlocked:           94212 kB
SwapTotal:        520908 kB
SwapFree:         338252 kB
Dirty:                96 kB
Writeback:             0 kB
AnonPages:       1243988 kB
Mapped:           132300 kB
Shmem:               468 kB
Slab:              77852 kB
SReclaimable:      24488 kB
SUnreclaim:        53364 kB
KernelStack:       15088 kB
PageTables:        16244 kB
NFS_Unstable:          0 kB
Bounce:                0 kB
WritebackTmp:          0 kB
CommitLimit:     1450072 kB
Committed_AS:   22211724 kB
VmallocTotal:   251658176 kB
VmallocUsed:       94264 kB
VmallocChunk:   251461724 kB


[2024-11-20 02:55:10]
MemTotal:        1858332 kB
MemFree:           42752 kB
Buffers:             436 kB
Cached:           201508 kB
SwapCached:         7796 kB
Active:           977988 kB
Inactive:         370004 kB
Active(anon):     931784 kB
Inactive(anon):   313972 kB
Active(file):      46204 kB
Inactive(file):    56032 kB
Unevictable:       99496 kB
Mlocked:           94212 kB
SwapTotal:        520908 kB
SwapFree:         338300 kB
Dirty:                96 kB
Writeback:             0 kB
AnonPages:       1244304 kB
Mapped:           132312 kB
Shmem:               468 kB
Slab:              77852 kB
SReclaimable:      24488 kB
SUnreclaim:        53364 kB
KernelStack:       15088 kB
PageTables:        16244 kB
NFS_Unstable:          0 kB
Bounce:                0 kB
WritebackTmp:          0 kB
CommitLimit:     1450072 kB
Committed_AS:   22211832 kB
VmallocTotal:   251658176 kB
VmallocUsed:       94264 kB
VmallocChunk:   251461724 kB


[2024-11-20 02:55:12]
MemTotal:        1858332 kB
MemFree:           45848 kB
Buffers:             452 kB
Cached:           203860 kB
SwapCached:         7932 kB
Active:           973104 kB
Inactive:         371768 kB
Active(anon):     926396 kB
Inactive(anon):   313844 kB
Active(file):      46708 kB
Inactive(file):    57924 kB
Unevictable:       99496 kB
Mlocked:           94212 kB
SwapTotal:        520908 kB
SwapFree:         338276 kB
Dirty:                96 kB
Writeback:             0 kB
AnonPages:       1238680 kB
Mapped:           126116 kB
Shmem:               464 kB
Slab:              77852 kB
SReclaimable:      24488 kB
SUnreclaim:        53364 kB
KernelStack:       14848 kB
PageTables:        16124 kB
NFS_Unstable:          0 kB
Bounce:                0 kB
WritebackTmp:          0 kB
CommitLimit:     1450072 kB
Committed_AS:   22210532 kB
VmallocTotal:   251658176 kB
VmallocUsed:       94264 kB
VmallocChunk:   251461724 kB


[2024-11-20 02:55:14]
MemTotal:        1858332 kB
MemFree:           44668 kB
Buffers:             552 kB
Cached:           203376 kB
SwapCached:         8312 kB
Active:           974216 kB
Inactive:         371916 kB
Active(anon):     927464 kB
Inactive(anon):   314484 kB
Active(file):      46752 kB
Inactive(file):    57432 kB
Unevictable:       99496 kB
Mlocked:           94212 kB
SwapTotal:        520908 kB
SwapFree:         338956 kB
Dirty:                20 kB
Writeback:             0 kB
AnonPages:       1239884 kB
Mapped:           127756 kB
Shmem:               468 kB
Slab:              77860 kB
SReclaimable:      24488 kB
SUnreclaim:        53372 kB
KernelStack:       15056 kB
PageTables:        16180 kB
NFS_Unstable:          0 kB
Bounce:                0 kB
WritebackTmp:          0 kB
CommitLimit:     1450072 kB
Committed_AS:   22211064 kB
VmallocTotal:   251658176 kB
VmallocUsed:       94264 kB
VmallocChunk:   251461724 kB


[2024-11-20 02:55:16]
MemTotal:        1858332 kB
MemFree:           47256 kB
Buffers:             528 kB
Cached:           199616 kB
SwapCached:        10396 kB
Active:           973432 kB
Inactive:         369948 kB
Active(anon):     926624 kB
Inactive(anon):   316320 kB
Active(file):      46808 kB
Inactive(file):    53628 kB
Unevictable:       99496 kB
Mlocked:           94212 kB
SwapTotal:        520908 kB
SwapFree:         344076 kB
Dirty:                20 kB
Writeback:             0 kB
AnonPages:       1241172 kB
Mapped:           127632 kB
Shmem:               468 kB
Slab:              78260 kB
SReclaimable:      24888 kB
SUnreclaim:        53372 kB
KernelStack:       15024 kB
PageTables:        16144 kB
NFS_Unstable:          0 kB
Bounce:                0 kB
WritebackTmp:          0 kB
CommitLimit:     1450072 kB
Committed_AS:   22211124 kB
VmallocTotal:   251658176 kB
VmallocUsed:       94264 kB
VmallocChunk:   251461724 kB


[2024-11-20 02:55:18]
MemTotal:        1858332 kB
MemFree:           45876 kB
Buffers:             528 kB
Cached:           201120 kB
SwapCached:        10432 kB
Active:           973620 kB
Inactive:         371452 kB
Active(anon):     926812 kB
Inactive(anon):   316368 kB
Active(file):      46808 kB
Inactive(file):    55084 kB
Unevictable:       99496 kB
Mlocked:           94212 kB
SwapTotal:        520908 kB
SwapFree:         344124 kB
Dirty:                 0 kB
Writeback:             0 kB
AnonPages:       1241516 kB
Mapped:           127776 kB
Shmem:               468 kB
Slab:              78264 kB
SReclaimable:      24888 kB
SUnreclaim:        53376 kB
KernelStack:       15024 kB
PageTables:        16144 kB
NFS_Unstable:          0 kB
Bounce:                0 kB
WritebackTmp:          0 kB
CommitLimit:     1450072 kB
Committed_AS:   22211112 kB
VmallocTotal:   251658176 kB
VmallocUsed:       94264 kB
VmallocChunk:   251461724 kB


[2024-11-20 02:55:21]
MemTotal:        1858332 kB
MemFree:           46448 kB
Buffers:             528 kB
Cached:           201272 kB
SwapCached:        10460 kB
Active:           974308 kB
Inactive:         370812 kB
Active(anon):     927500 kB
Inactive(anon):   315528 kB
Active(file):      46808 kB
Inactive(file):    55284 kB
Unevictable:       99496 kB
Mlocked:           94212 kB
SwapTotal:        520908 kB
SwapFree:         344280 kB
Dirty:                 0 kB
Writeback:             0 kB
AnonPages:       1241356 kB
Mapped:           127844 kB
Shmem:               468 kB
Slab:              78264 kB
SReclaimable:      24888 kB
SUnreclaim:        53376 kB
KernelStack:       15024 kB
PageTables:        16144 kB
NFS_Unstable:          0 kB
Bounce:                0 kB
WritebackTmp:          0 kB
CommitLimit:     1450072 kB
Committed_AS:   22211076 kB
VmallocTotal:   251658176 kB
VmallocUsed:       94264 kB
VmallocChunk:   251461724 kB


[2024-11-20 02:55:23]
MemTotal:        1858332 kB
MemFree:           45316 kB
Buffers:             552 kB
Cached:           199432 kB
SwapCached:        10488 kB
Active:           977372 kB
Inactive:         368796 kB
Active(anon):     930564 kB
Inactive(anon):   315460 kB
Active(file):      46808 kB
Inactive(file):    53336 kB
Unevictable:       99496 kB
Mlocked:           94212 kB
SwapTotal:        520908 kB
SwapFree:         344340 kB
Dirty:                 0 kB
Writeback:             0 kB
AnonPages:       1244640 kB
Mapped:           130388 kB
Shmem:               468 kB
Slab:              77832 kB
SReclaimable:      24488 kB
SUnreclaim:        53344 kB
KernelStack:       15216 kB
PageTables:        16780 kB
NFS_Unstable:          0 kB
Bounce:                0 kB
WritebackTmp:          0 kB
CommitLimit:     1450072 kB
Committed_AS:   24132332 kB
VmallocTotal:   251658176 kB
VmallocUsed:       95284 kB
VmallocChunk:   251461724 kB


[2024-11-20 02:55:26]
MemTotal:        1858332 kB
MemFree:           46132 kB
Buffers:             460 kB
Cached:           191532 kB
SwapCached:        11160 kB
Active:           982596 kB
Inactive:         362052 kB
Active(anon):     936756 kB
Inactive(anon):   315928 kB
Active(file):      45840 kB
Inactive(file):    46124 kB
Unevictable:       99496 kB
Mlocked:           94212 kB
SwapTotal:        520908 kB
SwapFree:         344988 kB
Dirty:                24 kB
Writeback:             0 kB
AnonPages:       1247132 kB
Mapped:           130956 kB
Shmem:               468 kB
Slab:              77760 kB
SReclaimable:      24488 kB
SUnreclaim:        53272 kB
KernelStack:       15392 kB
PageTables:        17400 kB
NFS_Unstable:          0 kB
Bounce:                0 kB
WritebackTmp:          0 kB
CommitLimit:     1450072 kB
Committed_AS:   26052944 kB
VmallocTotal:   251658176 kB
VmallocUsed:       96304 kB
VmallocChunk:   251461724 kB


[2024-11-20 02:55:29]
MemTotal:        1858332 kB
MemFree:           48384 kB
Buffers:             444 kB
Cached:           197472 kB
SwapCached:        11868 kB
Active:           975724 kB
Inactive:         368796 kB
Active(anon):     929732 kB
Inactive(anon):   316892 kB
Active(file):      45992 kB
Inactive(file):    51904 kB
Unevictable:       99496 kB
Mlocked:           94212 kB
SwapTotal:        520908 kB
SwapFree:         345924 kB
Dirty:                56 kB
Writeback:             0 kB
AnonPages:       1244912 kB
Mapped:           129216 kB
Shmem:               468 kB
Slab:              77728 kB
SReclaimable:      24472 kB
SUnreclaim:        53256 kB
KernelStack:       14976 kB
PageTables:        16156 kB
NFS_Unstable:          0 kB
Bounce:                0 kB
WritebackTmp:          0 kB
CommitLimit:     1450072 kB
Committed_AS:   22210948 kB
VmallocTotal:   251658176 kB
VmallocUsed:       94264 kB
VmallocChunk:   251461724 kB


[2024-11-20 02:55:31]
MemTotal:        1858332 kB
MemFree:           45880 kB
Buffers:             328 kB
Cached:           199256 kB
SwapCached:        12344 kB
Active:           977416 kB
Inactive:         370128 kB
Active(anon):     930804 kB
Inactive(anon):   316868 kB
Active(file):      46612 kB
Inactive(file):    53260 kB
Unevictable:       99496 kB
Mlocked:           94212 kB
SwapTotal:        520908 kB
SwapFree:         345768 kB
Dirty:                44 kB
Writeback:             0 kB
AnonPages:       1245980 kB
Mapped:           130876 kB
Shmem:               476 kB
Slab:              77792 kB
SReclaimable:      24600 kB
SUnreclaim:        53192 kB
KernelStack:       15008 kB
PageTables:        16180 kB
NFS_Unstable:          0 kB
Bounce:                0 kB
WritebackTmp:          0 kB
CommitLimit:     1450072 kB
Committed_AS:   22211020 kB
VmallocTotal:   251658176 kB
VmallocUsed:       94264 kB
VmallocChunk:   251461724 kB


[2024-11-20 02:55:34]
MemTotal:        1858332 kB
MemFree:           47544 kB
Buffers:             328 kB
Cached:           196748 kB
SwapCached:        12452 kB
Active:           977756 kB
Inactive:         368204 kB
Active(anon):     931144 kB
Inactive(anon):   317604 kB
Active(file):      46612 kB
Inactive(file):    50600 kB
Unevictable:       99496 kB
Mlocked:           94212 kB
SwapTotal:        520908 kB
SwapFree:         346520 kB
Dirty:                 0 kB
Writeback:             0 kB
AnonPages:       1247088 kB
Mapped:           130752 kB
Shmem:               476 kB
Slab:              77792 kB
SReclaimable:      24600 kB
SUnreclaim:        53192 kB
KernelStack:       15008 kB
PageTables:        16184 kB
NFS_Unstable:          0 kB
Bounce:                0 kB
WritebackTmp:          0 kB
CommitLimit:     1450072 kB
Committed_AS:   22210916 kB
VmallocTotal:   251658176 kB
VmallocUsed:       94264 kB
VmallocChunk:   251461724 kB


[2024-11-20 02:55:36]
MemTotal:        1858332 kB
MemFree:           47724 kB
Buffers:             320 kB
Cached:           194924 kB
SwapCached:        13632 kB
Active:           978056 kB
Inactive:         368356 kB
Active(anon):     931352 kB
Inactive(anon):   319532 kB
Active(file):      46704 kB
Inactive(file):    48824 kB
Unevictable:       99496 kB
Mlocked:           94212 kB
SwapTotal:        520908 kB
SwapFree:         347236 kB
Dirty:                 0 kB
Writeback:             0 kB
AnonPages:       1249152 kB
Mapped:           130780 kB
Shmem:               476 kB
Slab:              77792 kB
SReclaimable:      24600 kB
SUnreclaim:        53192 kB
KernelStack:       14976 kB
PageTables:        16156 kB
NFS_Unstable:          0 kB
Bounce:                0 kB
WritebackTmp:          0 kB
CommitLimit:     1450072 kB
Committed_AS:   22211004 kB
VmallocTotal:   251658176 kB
VmallocUsed:       94264 kB
VmallocChunk:   251461724 kB


[2024-11-20 02:55:39]
MemTotal:        1858332 kB
MemFree:           46616 kB
Buffers:             324 kB
Cached:           195028 kB
SwapCached:        13808 kB
Active:           978356 kB
Inactive:         369328 kB
Active(anon):     931652 kB
Inactive(anon):   320396 kB
Active(file):      46704 kB
Inactive(file):    48932 kB
Unevictable:       99496 kB
Mlocked:           94212 kB
SwapTotal:        520908 kB
SwapFree:         347932 kB
Dirty:                 0 kB
Writeback:             0 kB
AnonPages:       1250452 kB
Mapped:           130800 kB
Shmem:               476 kB
Slab:              77792 kB
SReclaimable:      24600 kB
SUnreclaim:        53192 kB
KernelStack:       14992 kB
PageTables:        16188 kB
NFS_Unstable:          0 kB
Bounce:                0 kB
WritebackTmp:          0 kB
CommitLimit:     1450072 kB
Committed_AS:   22211096 kB
VmallocTotal:   251658176 kB
VmallocUsed:       94264 kB
VmallocChunk:   251461724 kB


[2024-11-20 02:55:41]
MemTotal:        1858332 kB
MemFree:           45332 kB
Buffers:             324 kB
Cached:           195248 kB
SwapCached:        14568 kB
Active:           978252 kB
Inactive:         370824 kB
Active(anon):     931548 kB
Inactive(anon):   321672 kB
Active(file):      46704 kB
Inactive(file):    49152 kB
Unevictable:       99496 kB
Mlocked:           94212 kB
SwapTotal:        520908 kB
SwapFree:         348484 kB
Dirty:                 0 kB
Writeback:             0 kB
AnonPages:       1251644 kB
Mapped:           130808 kB
Shmem:               476 kB
Slab:              77792 kB
SReclaimable:      24600 kB
SUnreclaim:        53192 kB
KernelStack:       14960 kB
PageTables:        16156 kB
NFS_Unstable:          0 kB
Bounce:                0 kB
WritebackTmp:          0 kB
CommitLimit:     1450072 kB
Committed_AS:   22210992 kB
VmallocTotal:   251658176 kB
VmallocUsed:       94264 kB
VmallocChunk:   251461724 kB


[2024-11-20 02:55:44]
MemTotal:        1858332 kB
MemFree:           48632 kB
Buffers:             324 kB
Cached:           191656 kB
SwapCached:        14664 kB
Active:           977992 kB
Inactive:         367672 kB
Active(anon):     931868 kB
Inactive(anon):   321524 kB
Active(file):      46124 kB
Inactive(file):    46148 kB
Unevictable:       99496 kB
Mlocked:           94212 kB
SwapTotal:        520908 kB
SwapFree:         348336 kB
Dirty:                 0 kB
Writeback:             0 kB
AnonPages:       1249708 kB
Mapped:           129092 kB
Shmem:               476 kB
Slab:              77792 kB
SReclaimable:      24600 kB
SUnreclaim:        53192 kB
KernelStack:       15008 kB
PageTables:        16004 kB
NFS_Unstable:          0 kB
Bounce:                0 kB
WritebackTmp:          0 kB
CommitLimit:     1450072 kB
Committed_AS:   22210904 kB
VmallocTotal:   251658176 kB
VmallocUsed:       94264 kB
VmallocChunk:   251461724 kB


[2024-11-20 02:55:47]
MemTotal:        1858332 kB
MemFree:           49944 kB
Buffers:             324 kB
Cached:           193528 kB
SwapCached:        14768 kB
Active:           976600 kB
Inactive:         369108 kB
Active(anon):     930432 kB
Inactive(anon):   321136 kB
Active(file):      46168 kB
Inactive(file):    47972 kB
Unevictable:       99496 kB
Mlocked:           94212 kB
SwapTotal:        520908 kB
SwapFree:         348404 kB
Dirty:                 0 kB
Writeback:             0 kB
AnonPages:       1249840 kB
Mapped:           129120 kB
Shmem:               476 kB
Slab:              77956 kB
SReclaimable:      24776 kB
SUnreclaim:        53180 kB
KernelStack:       14816 kB
PageTables:        15572 kB
NFS_Unstable:          0 kB
Bounce:                0 kB
WritebackTmp:          0 kB
CommitLimit:     1450072 kB
Committed_AS:   20290720 kB
VmallocTotal:   251658176 kB
VmallocUsed:       93244 kB
VmallocChunk:   251461724 kB


[2024-11-20 02:55:49]
MemTotal:        1858332 kB
MemFree:           49064 kB
Buffers:             324 kB
Cached:           193672 kB
SwapCached:        14848 kB
Active:           977160 kB
Inactive:         369260 kB
Active(anon):     930992 kB
Inactive(anon):   321136 kB
Active(file):      46168 kB
Inactive(file):    48124 kB
Unevictable:       99496 kB
Mlocked:           94212 kB
SwapTotal:        520908 kB
SwapFree:         348420 kB
Dirty:                 0 kB
Writeback:             0 kB
AnonPages:       1250272 kB
Mapped:           129044 kB
Shmem:               476 kB
Slab:              77972 kB
SReclaimable:      24792 kB
SUnreclaim:        53180 kB
KernelStack:       14848 kB
PageTables:        15592 kB
NFS_Unstable:          0 kB
Bounce:                0 kB
WritebackTmp:          0 kB
CommitLimit:     1450072 kB
Committed_AS:   20290776 kB
VmallocTotal:   251658176 kB
VmallocUsed:       93244 kB
VmallocChunk:   251461724 kB


[2024-11-20 02:55:52]
MemTotal:        1858332 kB
MemFree:           49380 kB
Buffers:             324 kB
Cached:           193736 kB
SwapCached:        14896 kB
Active:           977180 kB
Inactive:         369236 kB
Active(anon):     931012 kB
Inactive(anon):   321112 kB
Active(file):      46168 kB
Inactive(file):    48124 kB
Unevictable:       99496 kB
Mlocked:           94212 kB
SwapTotal:        520908 kB
SwapFree:         348420 kB
Dirty:                 0 kB
Writeback:             0 kB
AnonPages:       1250480 kB
Mapped:           129136 kB
Shmem:               476 kB
Slab:              77988 kB
SReclaimable:      24808 kB
SUnreclaim:        53180 kB
KernelStack:       14816 kB
PageTables:        15572 kB
NFS_Unstable:          0 kB
Bounce:                0 kB
WritebackTmp:          0 kB
CommitLimit:     1450072 kB
Committed_AS:   20290740 kB
VmallocTotal:   251658176 kB
VmallocUsed:       93244 kB
VmallocChunk:   251461724 kB


[2024-11-20 02:55:55]
MemTotal:        1858332 kB
MemFree:           48844 kB
Buffers:             324 kB
Cached:           193740 kB
SwapCached:        14904 kB
Active:           977544 kB
Inactive:         369264 kB
Active(anon):     931376 kB
Inactive(anon):   321084 kB
Active(file):      46168 kB
Inactive(file):    48180 kB
Unevictable:       99496 kB
Mlocked:           94212 kB
SwapTotal:        520908 kB
SwapFree:         348424 kB
Dirty:                 0 kB
Writeback:             0 kB
AnonPages:       1250500 kB
Mapped:           129136 kB
Shmem:               476 kB
Slab:              78004 kB
SReclaimable:      24824 kB
SUnreclaim:        53180 kB
KernelStack:       14816 kB
PageTables:        15572 kB
NFS_Unstable:          0 kB
Bounce:                0 kB
WritebackTmp:          0 kB
CommitLimit:     1450072 kB
Committed_AS:   20290728 kB
VmallocTotal:   251658176 kB
VmallocUsed:       93244 kB
VmallocChunk:   251461724 kB


[2024-11-20 02:55:57]
MemTotal:        1858332 kB
MemFree:           45644 kB
Buffers:             324 kB
Cached:           197024 kB
SwapCached:        14912 kB
Active:           977700 kB
Inactive:         372588 kB
Active(anon):     931532 kB
Inactive(anon):   321124 kB
Active(file):      46168 kB
Inactive(file):    51464 kB
Unevictable:       99496 kB
Mlocked:           94212 kB
SwapTotal:        520908 kB
SwapFree:         348476 kB
Dirty:                 0 kB
Writeback:             0 kB
AnonPages:       1250888 kB
Mapped:           129344 kB
Shmem:               476 kB
Slab:              78004 kB
SReclaimable:      24824 kB
SUnreclaim:        53180 kB
KernelStack:       14848 kB
PageTables:        15604 kB
NFS_Unstable:          0 kB
Bounce:                0 kB
WritebackTmp:          0 kB
CommitLimit:     1450072 kB
Committed_AS:   20290756 kB
VmallocTotal:   251658176 kB
VmallocUsed:       93244 kB
VmallocChunk:   251461724 kB


[2024-11-20 02:55:59]
MemTotal:        1858332 kB
MemFree:           45476 kB
Buffers:             324 kB
Cached:           197024 kB
SwapCached:        14912 kB
Active:           977548 kB
Inactive:         372588 kB
Active(anon):     931380 kB
Inactive(anon):   321124 kB
Active(file):      46168 kB
Inactive(file):    51464 kB
Unevictable:       99496 kB
Mlocked:           94212 kB
SwapTotal:        520908 kB
SwapFree:         348476 kB
Dirty:                 0 kB
Writeback:             0 kB
AnonPages:       1250684 kB
Mapped:           129404 kB
Shmem:               476 kB
Slab:              78004 kB
SReclaimable:      24824 kB
SUnreclaim:        53180 kB
KernelStack:       14816 kB
PageTables:        15572 kB
NFS_Unstable:          0 kB
Bounce:                0 kB
WritebackTmp:          0 kB
CommitLimit:     1450072 kB
Committed_AS:   20290568 kB
VmallocTotal:   251658176 kB
VmallocUsed:       93244 kB
VmallocChunk:   251461724 kB


[2024-11-20 02:56:02]
MemTotal:        1858332 kB
MemFree:           44596 kB
Buffers:             368 kB
Cached:           197032 kB
SwapCached:        14920 kB
Active:           978612 kB
Inactive:         372664 kB
Active(anon):     932432 kB
Inactive(anon):   321160 kB
Active(file):      46180 kB
Inactive(file):    51504 kB
Unevictable:       99496 kB
Mlocked:           94212 kB
SwapTotal:        520908 kB
SwapFree:         348528 kB
Dirty:                32 kB
Writeback:             0 kB
AnonPages:       1251716 kB
Mapped:           129356 kB
Shmem:               476 kB
Slab:              78004 kB
SReclaimable:      24824 kB
SUnreclaim:        53180 kB
KernelStack:       14832 kB
PageTables:        15612 kB
NFS_Unstable:          0 kB
Bounce:                0 kB
WritebackTmp:          0 kB
CommitLimit:     1450072 kB
Committed_AS:   20290548 kB
VmallocTotal:   251658176 kB
VmallocUsed:       93244 kB
VmallocChunk:   251461724 kB


[2024-11-20 02:56:04]
MemTotal:        1858332 kB
MemFree:           44468 kB
Buffers:             368 kB
Cached:           197032 kB
SwapCached:        14920 kB
Active:           978604 kB
Inactive:         372664 kB
Active(anon):     932424 kB
Inactive(anon):   321160 kB
Active(file):      46180 kB
Inactive(file):    51504 kB
Unevictable:       99496 kB
Mlocked:           94212 kB
SwapTotal:        520908 kB
SwapFree:         348528 kB
Dirty:                32 kB
Writeback:             0 kB
AnonPages:       1251848 kB
Mapped:           129124 kB
Shmem:               476 kB
Slab:              78004 kB
SReclaimable:      24824 kB
SUnreclaim:        53180 kB
KernelStack:       14800 kB
PageTables:        15572 kB
NFS_Unstable:          0 kB
Bounce:                0 kB
WritebackTmp:          0 kB
CommitLimit:     1450072 kB
Committed_AS:   20290656 kB
VmallocTotal:   251658176 kB
VmallocUsed:       93244 kB
VmallocChunk:   251461724 kB


[2024-11-20 02:56:07]
MemTotal:        1858332 kB
MemFree:           44184 kB
Buffers:             376 kB
Cached:           197024 kB
SwapCached:        14920 kB
Active:           978968 kB
Inactive:         372704 kB
Active(anon):     932788 kB
Inactive(anon):   321200 kB
Active(file):      46180 kB
Inactive(file):    51504 kB
Unevictable:       99496 kB
Mlocked:           94212 kB
SwapTotal:        520908 kB
SwapFree:         348568 kB
Dirty:                 0 kB
Writeback:             0 kB
AnonPages:       1252132 kB
Mapped:           129364 kB
Shmem:               476 kB
Slab:              78004 kB
SReclaimable:      24824 kB
SUnreclaim:        53180 kB
KernelStack:       14832 kB
PageTables:        15592 kB
NFS_Unstable:          0 kB
Bounce:                0 kB
WritebackTmp:          0 kB
CommitLimit:     1450072 kB
Committed_AS:   20290800 kB
VmallocTotal:   251658176 kB
VmallocUsed:       93244 kB
VmallocChunk:   251461724 kB


[2024-11-20 02:56:10]
MemTotal:        1858332 kB
MemFree:           43800 kB
Buffers:             376 kB
Cached:           197052 kB
SwapCached:        14900 kB
Active:           979208 kB
Inactive:         372704 kB
Active(anon):     933028 kB
Inactive(anon):   321200 kB
Active(file):      46180 kB
Inactive(file):    51504 kB
Unevictable:       99496 kB
Mlocked:           94212 kB
SwapTotal:        520908 kB
SwapFree:         348664 kB
Dirty:                20 kB
Writeback:             0 kB
AnonPages:       1252436 kB
Mapped:           129496 kB
Shmem:               476 kB
Slab:              78004 kB
SReclaimable:      24824 kB
SUnreclaim:        53180 kB
KernelStack:       14800 kB
PageTables:        15572 kB
NFS_Unstable:          0 kB
Bounce:                0 kB
WritebackTmp:          0 kB
CommitLimit:     1450072 kB
Committed_AS:   20290752 kB
VmallocTotal:   251658176 kB
VmallocUsed:       93244 kB
VmallocChunk:   251461724 kB


[2024-11-20 02:56:12]
MemTotal:        1858332 kB
MemFree:           46628 kB
Buffers:             368 kB
Cached:           194280 kB
SwapCached:        14900 kB
Active:           979332 kB
Inactive:         369716 kB
Active(anon):     933152 kB
Inactive(anon):   321164 kB
Active(file):      46180 kB
Inactive(file):    48552 kB
Unevictable:       99496 kB
Mlocked:           94212 kB
SwapTotal:        520908 kB
SwapFree:         348588 kB
Dirty:                20 kB
Writeback:             0 kB
AnonPages:       1252264 kB
Mapped:           129508 kB
Shmem:               476 kB
Slab:              78004 kB
SReclaimable:      24824 kB
SUnreclaim:        53180 kB
KernelStack:       14816 kB
PageTables:        15608 kB
NFS_Unstable:          0 kB
Bounce:                0 kB
WritebackTmp:          0 kB
CommitLimit:     1450072 kB
Committed_AS:   20290580 kB
VmallocTotal:   251658176 kB
VmallocUsed:       93244 kB
VmallocChunk:   251461724 kB


[2024-11-20 02:56:15]
MemTotal:        1858332 kB
MemFree:           44768 kB
Buffers:             364 kB
Cached:           194948 kB
SwapCached:        14956 kB
Active:           980564 kB
Inactive:         370400 kB
Active(anon):     934292 kB
Inactive(anon):   321076 kB
Active(file):      46272 kB
Inactive(file):    49324 kB
Unevictable:       99496 kB
Mlocked:           94212 kB
SwapTotal:        520908 kB
SwapFree:         348672 kB
Dirty:                 0 kB
Writeback:             0 kB
AnonPages:       1253596 kB
Mapped:           129760 kB
Shmem:               476 kB
Slab:              77668 kB
SReclaimable:      24488 kB
SUnreclaim:        53180 kB
KernelStack:       14832 kB
PageTables:        15604 kB
NFS_Unstable:          0 kB
Bounce:                0 kB
WritebackTmp:          0 kB
CommitLimit:     1450072 kB
Committed_AS:   20290676 kB
VmallocTotal:   251658176 kB
VmallocUsed:       93244 kB
VmallocChunk:   251461724 kB


[2024-11-20 02:56:17]
MemTotal:        1858332 kB
MemFree:           50444 kB
Buffers:             364 kB
Cached:           194948 kB
SwapCached:        14956 kB
Active:           974624 kB
Inactive:         370408 kB
Active(anon):     928352 kB
Inactive(anon):   321084 kB
Active(file):      46272 kB
Inactive(file):    49324 kB
Unevictable:       99496 kB
Mlocked:           94212 kB
SwapTotal:        520908 kB
SwapFree:         348772 kB
Dirty:                 0 kB
Writeback:             0 kB
AnonPages:       1247916 kB
Mapped:           129108 kB
Shmem:               476 kB
Slab:              77668 kB
SReclaimable:      24488 kB
SUnreclaim:        53180 kB
KernelStack:       14800 kB
PageTables:        15572 kB
NFS_Unstable:          0 kB
Bounce:                0 kB
WritebackTmp:          0 kB
CommitLimit:     1450072 kB
Committed_AS:   20290724 kB
VmallocTotal:   251658176 kB
VmallocUsed:       93244 kB
VmallocChunk:   251461724 kB


[2024-11-20 02:56:20]
MemTotal:        1858332 kB
MemFree:           47208 kB
Buffers:             364 kB
Cached:           197108 kB
SwapCached:        15124 kB
Active:           975816 kB
Inactive:         373136 kB
Active(anon):     929544 kB
Inactive(anon):   321652 kB
Active(file):      46272 kB
Inactive(file):    51484 kB
Unevictable:       99496 kB
Mlocked:           94212 kB
SwapTotal:        520908 kB
SwapFree:         349148 kB
Dirty:                 0 kB
Writeback:             0 kB
AnonPages:       1249508 kB
Mapped:           129584 kB
Shmem:               476 kB
Slab:              77668 kB
SReclaimable:      24488 kB
SUnreclaim:        53180 kB
KernelStack:       14832 kB
PageTables:        15592 kB
NFS_Unstable:          0 kB
Bounce:                0 kB
WritebackTmp:          0 kB
CommitLimit:     1450072 kB
Committed_AS:   20290684 kB
VmallocTotal:   251658176 kB
VmallocUsed:       93244 kB
VmallocChunk:   251461724 kB


[2024-11-20 02:56:23]
MemTotal:        1858332 kB
MemFree:           46928 kB
Buffers:             364 kB
Cached:           197228 kB
SwapCached:        15124 kB
Active:           975668 kB
Inactive:         373256 kB
Active(anon):     929396 kB
Inactive(anon):   321652 kB
Active(file):      46272 kB
Inactive(file):    51604 kB
Unevictable:       99496 kB
Mlocked:           94212 kB
SwapTotal:        520908 kB
SwapFree:         349148 kB
Dirty:                 0 kB
Writeback:             0 kB
AnonPages:       1249260 kB
Mapped:           129684 kB
Shmem:               476 kB
Slab:              77668 kB
SReclaimable:      24488 kB
SUnreclaim:        53180 kB
KernelStack:       14800 kB
PageTables:        15560 kB
NFS_Unstable:          0 kB
Bounce:                0 kB
WritebackTmp:          0 kB
CommitLimit:     1450072 kB
Committed_AS:   20290616 kB
VmallocTotal:   251658176 kB
VmallocUsed:       93244 kB
VmallocChunk:   251461724 kB


[2024-11-20 02:56:25]
MemTotal:        1858332 kB
MemFree:           46628 kB
Buffers:             364 kB
Cached:           197440 kB
SwapCached:        15128 kB
Active:           976256 kB
Inactive:         373428 kB
Active(anon):     929984 kB
Inactive(anon):   321656 kB
Active(file):      46272 kB
Inactive(file):    51772 kB
Unevictable:       99496 kB
Mlocked:           94212 kB
SwapTotal:        520908 kB
SwapFree:         349148 kB
Dirty:                 0 kB
Writeback:             0 kB
AnonPages:       1250012 kB
Mapped:           129624 kB
Shmem:               476 kB
Slab:              77668 kB
SReclaimable:      24488 kB
SUnreclaim:        53180 kB
KernelStack:       14816 kB
PageTables:        15556 kB
NFS_Unstable:          0 kB
Bounce:                0 kB
WritebackTmp:          0 kB
CommitLimit:     1450072 kB
Committed_AS:   20290748 kB
VmallocTotal:   251658176 kB
VmallocUsed:       93244 kB
VmallocChunk:   251461724 kB


[2024-11-20 02:56:28]
MemTotal:        1858332 kB
MemFree:           46416 kB
Buffers:             364 kB
Cached:           194892 kB
SwapCached:        15132 kB
Active:           977960 kB
Inactive:         370636 kB
Active(anon):     931688 kB
Inactive(anon):   321656 kB
Active(file):      46272 kB
Inactive(file):    48980 kB
Unevictable:       99496 kB
Mlocked:           94212 kB
SwapTotal:        520908 kB
SwapFree:         349148 kB
Dirty:                 0 kB
Writeback:             0 kB
AnonPages:       1251624 kB
Mapped:           130628 kB
Shmem:               476 kB
Slab:              77668 kB
SReclaimable:      24488 kB
SUnreclaim:        53180 kB
KernelStack:       14800 kB
PageTables:        15928 kB
NFS_Unstable:          0 kB
Bounce:                0 kB
WritebackTmp:          0 kB
CommitLimit:     1450072 kB
Committed_AS:   22210844 kB
VmallocTotal:   251658176 kB
VmallocUsed:       94264 kB
VmallocChunk:   251461724 kB


[2024-11-20 02:56:30]
MemTotal:        1858332 kB
MemFree:           49420 kB
Buffers:             392 kB
Cached:           190928 kB
SwapCached:        15128 kB
Active:           979008 kB
Inactive:         366668 kB
Active(anon):     933680 kB
Inactive(anon):   320660 kB
Active(file):      45328 kB
Inactive(file):    46008 kB
Unevictable:       99496 kB
Mlocked:           94212 kB
SwapTotal:        520908 kB
SwapFree:         348960 kB
Dirty:                28 kB
Writeback:             0 kB
AnonPages:       1252632 kB
Mapped:           132184 kB
Shmem:               476 kB
Slab:              77684 kB
SReclaimable:      24488 kB
SUnreclaim:        53196 kB
KernelStack:       15024 kB
PageTables:        16252 kB
NFS_Unstable:          0 kB
Bounce:                0 kB
WritebackTmp:          0 kB
CommitLimit:     1450072 kB
Committed_AS:   22211068 kB
VmallocTotal:   251658176 kB
VmallocUsed:       94264 kB
VmallocChunk:   251461724 kB


[2024-11-20 02:56:33]
MemTotal:        1858332 kB
MemFree:           49444 kB
Buffers:             392 kB
Cached:           193128 kB
SwapCached:        15128 kB
Active:           977368 kB
Inactive:         368800 kB
Active(anon):     931828 kB
Inactive(anon):   320536 kB
Active(file):      45540 kB
Inactive(file):    48264 kB
Unevictable:       99496 kB
Mlocked:           94212 kB
SwapTotal:        520908 kB
SwapFree:         348856 kB
Dirty:                60 kB
Writeback:             0 kB
AnonPages:       1250744 kB
Mapped:           130456 kB
Shmem:               476 kB
Slab:              77684 kB
SReclaimable:      24488 kB
SUnreclaim:        53196 kB
KernelStack:       14800 kB
PageTables:        15572 kB
NFS_Unstable:          0 kB
Bounce:                0 kB
WritebackTmp:          0 kB
CommitLimit:     1450072 kB
Committed_AS:   20290624 kB
VmallocTotal:   251658176 kB
VmallocUsed:       93244 kB
VmallocChunk:   251461724 kB


[2024-11-20 02:56:35]
MemTotal:        1858332 kB
MemFree:           49220 kB
Buffers:             400 kB
Cached:           193204 kB
SwapCached:        15128 kB
Active:           977624 kB
Inactive:         368880 kB
Active(anon):     932084 kB
Inactive(anon):   320540 kB
Active(file):      45540 kB
Inactive(file):    48340 kB
Unevictable:       99496 kB
Mlocked:           94212 kB
SwapTotal:        520908 kB
SwapFree:         348856 kB
Dirty:                40 kB
Writeback:             0 kB
AnonPages:       1250848 kB
Mapped:           130276 kB
Shmem:               476 kB
Slab:              77684 kB
SReclaimable:      24488 kB
SUnreclaim:        53196 kB
KernelStack:       14800 kB
PageTables:        15572 kB
NFS_Unstable:          0 kB
Bounce:                0 kB
WritebackTmp:          0 kB
CommitLimit:     1450072 kB
Committed_AS:   20290652 kB
VmallocTotal:   251658176 kB
VmallocUsed:       93244 kB
VmallocChunk:   251461724 kB


[2024-11-20 02:56:38]
MemTotal:        1858332 kB
MemFree:           46396 kB
Buffers:             412 kB
Cached:           193192 kB
SwapCached:        15128 kB
Active:           979852 kB
Inactive:         368888 kB
Active(anon):     934312 kB
Inactive(anon):   320540 kB
Active(file):      45540 kB
Inactive(file):    48348 kB
Unevictable:       99496 kB
Mlocked:           94212 kB
SwapTotal:        520908 kB
SwapFree:         348884 kB
Dirty:                40 kB
Writeback:             0 kB
AnonPages:       1253232 kB
Mapped:           132116 kB
Shmem:               476 kB
Slab:              77684 kB
SReclaimable:      24488 kB
SUnreclaim:        53196 kB
KernelStack:       14800 kB
PageTables:        16124 kB
NFS_Unstable:          0 kB
Bounce:                0 kB
WritebackTmp:          0 kB
CommitLimit:     1450072 kB
Committed_AS:   22210892 kB
VmallocTotal:   251658176 kB
VmallocUsed:       94264 kB
VmallocChunk:   251461724 kB


[2024-11-20 02:56:40]
MemTotal:        1858332 kB
MemFree:           45332 kB
Buffers:             412 kB
Cached:           193324 kB
SwapCached:        15128 kB
Active:           980300 kB
Inactive:         369036 kB
Active(anon):     934752 kB
Inactive(anon):   320564 kB
Active(file):      45548 kB
Inactive(file):    48472 kB
Unevictable:       99496 kB
Mlocked:           94212 kB
SwapTotal:        520908 kB
SwapFree:         348884 kB
Dirty:                 0 kB
Writeback:             0 kB
AnonPages:       1253600 kB
Mapped:           132072 kB
Shmem:               476 kB
Slab:              77684 kB
SReclaimable:      24488 kB
SUnreclaim:        53196 kB
KernelStack:       14976 kB
PageTables:        16156 kB
NFS_Unstable:          0 kB
Bounce:                0 kB
WritebackTmp:          0 kB
CommitLimit:     1450072 kB
Committed_AS:   22210964 kB
VmallocTotal:   251658176 kB
VmallocUsed:       94264 kB
VmallocChunk:   251461724 kB


[2024-11-20 02:56:43]
MemTotal:        1858332 kB
MemFree:           49060 kB
Buffers:             412 kB
Cached:           193464 kB
SwapCached:        15124 kB
Active:           977060 kB
Inactive:         369144 kB
Active(anon):     931452 kB
Inactive(anon):   320592 kB
Active(file):      45608 kB
Inactive(file):    48552 kB
Unevictable:       99496 kB
Mlocked:           94212 kB
SwapTotal:        520908 kB
SwapFree:         349024 kB
Dirty:                 0 kB
Writeback:             0 kB
AnonPages:       1250272 kB
Mapped:           131484 kB
Shmem:               476 kB
Slab:              77684 kB
SReclaimable:      24488 kB
SUnreclaim:        53196 kB
KernelStack:       15008 kB
PageTables:        16176 kB
NFS_Unstable:          0 kB
Bounce:                0 kB
WritebackTmp:          0 kB
CommitLimit:     1450072 kB
Committed_AS:   22211016 kB
VmallocTotal:   251658176 kB
VmallocUsed:       94264 kB
VmallocChunk:   251461724 kB


[2024-11-20 02:56:46]
MemTotal:        1858332 kB
MemFree:           46864 kB
Buffers:             412 kB
Cached:           195132 kB
SwapCached:        15108 kB
Active:           977116 kB
Inactive:         370760 kB
Active(anon):     931508 kB
Inactive(anon):   320596 kB
Active(file):      45608 kB
Inactive(file):    50164 kB
Unevictable:       99496 kB
Mlocked:           94212 kB
SwapTotal:        520908 kB
SwapFree:         349248 kB
Dirty:                 0 kB
Writeback:             0 kB
AnonPages:       1250712 kB
Mapped:           131608 kB
Shmem:               476 kB
Slab:              77684 kB
SReclaimable:      24488 kB
SUnreclaim:        53196 kB
KernelStack:       14976 kB
PageTables:        16144 kB
NFS_Unstable:          0 kB
Bounce:                0 kB
WritebackTmp:          0 kB
CommitLimit:     1450072 kB
Committed_AS:   22210972 kB
VmallocTotal:   251658176 kB
VmallocUsed:       94264 kB
VmallocChunk:   251461724 kB


[2024-11-20 02:56:48]
MemTotal:        1858332 kB
MemFree:           46728 kB
Buffers:             412 kB
Cached:           195148 kB
SwapCached:        15108 kB
Active:           977284 kB
Inactive:         370888 kB
Active(anon):     931676 kB
Inactive(anon):   320652 kB
Active(file):      45608 kB
Inactive(file):    50236 kB
Unevictable:       99496 kB
Mlocked:           94212 kB
SwapTotal:        520908 kB
SwapFree:         349248 kB
Dirty:                 0 kB
Writeback:             0 kB
AnonPages:       1250532 kB
Mapped:           131464 kB
Shmem:               476 kB
Slab:              77652 kB
SReclaimable:      24488 kB
SUnreclaim:        53164 kB
KernelStack:       15008 kB
PageTables:        16164 kB
NFS_Unstable:          0 kB
Bounce:                0 kB
WritebackTmp:          0 kB
CommitLimit:     1450072 kB
Committed_AS:   22211084 kB
VmallocTotal:   251658176 kB
VmallocUsed:       94264 kB
VmallocChunk:   251461724 kB


[2024-11-20 02:56:51]
MemTotal:        1858332 kB
MemFree:           47212 kB
Buffers:             412 kB
Cached:           194412 kB
SwapCached:        15104 kB
Active:           977960 kB
Inactive:         369412 kB
Active(anon):     932352 kB
Inactive(anon):   319900 kB
Active(file):      45608 kB
Inactive(file):    49512 kB
Unevictable:       99496 kB
Mlocked:           94212 kB
SwapTotal:        520908 kB
SwapFree:         349208 kB
Dirty:                 0 kB
Writeback:             0 kB
AnonPages:       1250588 kB
Mapped:           131800 kB
Shmem:               476 kB
Slab:              77652 kB
SReclaimable:      24488 kB
SUnreclaim:        53164 kB
KernelStack:       14976 kB
PageTables:        16144 kB
NFS_Unstable:          0 kB
Bounce:                0 kB
WritebackTmp:          0 kB
CommitLimit:     1450072 kB
Committed_AS:   22219180 kB
VmallocTotal:   251658176 kB
VmallocUsed:       94264 kB
VmallocChunk:   251461724 kB


[2024-11-20 02:56:53]
MemTotal:        1858332 kB
MemFree:           47360 kB
Buffers:             412 kB
Cached:           194560 kB
SwapCached:        15104 kB
Active:           978540 kB
Inactive:         369376 kB
Active(anon):     932852 kB
Inactive(anon):   319808 kB
Active(file):      45688 kB
Inactive(file):    49568 kB
Unevictable:       99496 kB
Mlocked:           94212 kB
SwapTotal:        520908 kB
SwapFree:         349220 kB
Dirty:                 0 kB
Writeback:             0 kB
AnonPages:       1250872 kB
Mapped:           131748 kB
Shmem:               476 kB
Slab:              77652 kB
SReclaimable:      24488 kB
SUnreclaim:        53164 kB
KernelStack:       14992 kB
PageTables:        16152 kB
NFS_Unstable:          0 kB
Bounce:                0 kB
WritebackTmp:          0 kB
CommitLimit:     1450072 kB
Committed_AS:   22219132 kB
VmallocTotal:   251658176 kB
VmallocUsed:       94264 kB
VmallocChunk:   251461724 kB


[2024-11-20 02:56:56]
MemTotal:        1858332 kB
MemFree:           47088 kB
Buffers:             412 kB
Cached:           194560 kB
SwapCached:        15104 kB
Active:           978752 kB
Inactive:         369384 kB
Active(anon):     933064 kB
Inactive(anon):   319816 kB
Active(file):      45688 kB
Inactive(file):    49568 kB
Unevictable:       99496 kB
Mlocked:           94212 kB
SwapTotal:        520908 kB
SwapFree:         349220 kB
Dirty:                 0 kB
Writeback:             0 kB
AnonPages:       1251108 kB
Mapped:           131948 kB
Shmem:               476 kB
Slab:              77652 kB
SReclaimable:      24488 kB
SUnreclaim:        53164 kB
KernelStack:       15024 kB
PageTables:        16192 kB
NFS_Unstable:          0 kB
Bounce:                0 kB
WritebackTmp:          0 kB
CommitLimit:     1450072 kB
Committed_AS:   22219096 kB
VmallocTotal:   251658176 kB
VmallocUsed:       94264 kB
VmallocChunk:   251461724 kB


[2024-11-20 02:56:58]
MemTotal:        1858332 kB
MemFree:           46784 kB
Buffers:             412 kB
Cached:           194560 kB
SwapCached:        15104 kB
Active:           978560 kB
Inactive:         369384 kB
Active(anon):     932872 kB
Inactive(anon):   319816 kB
Active(file):      45688 kB
Inactive(file):    49568 kB
Unevictable:       99496 kB
Mlocked:           94212 kB
SwapTotal:        520908 kB
SwapFree:         349220 kB
Dirty:                 0 kB
Writeback:             0 kB
AnonPages:       1251012 kB
Mapped:           132108 kB
Shmem:               476 kB
Slab:              77652 kB
SReclaimable:      24488 kB
SUnreclaim:        53164 kB
KernelStack:       14992 kB
PageTables:        16152 kB
NFS_Unstable:          0 kB
Bounce:                0 kB
WritebackTmp:          0 kB
CommitLimit:     1450072 kB
Committed_AS:   22219108 kB
VmallocTotal:   251658176 kB
VmallocUsed:       94264 kB
VmallocChunk:   251461724 kB


[2024-11-20 02:57:01]
MemTotal:        1858332 kB
MemFree:           45672 kB
Buffers:             412 kB
Cached:           195852 kB
SwapCached:        15100 kB
Active:           978936 kB
Inactive:         370624 kB
Active(anon):     933248 kB
Inactive(anon):   319816 kB
Active(file):      45688 kB
Inactive(file):    50808 kB
Unevictable:       99496 kB
Mlocked:           94212 kB
SwapTotal:        520908 kB
SwapFree:         349324 kB
Dirty:                 0 kB
Writeback:             0 kB
AnonPages:       1251420 kB
Mapped:           132292 kB
Shmem:               476 kB
Slab:              77652 kB
SReclaimable:      24488 kB
SUnreclaim:        53164 kB
KernelStack:       14992 kB
PageTables:        16152 kB
NFS_Unstable:          0 kB
Bounce:                0 kB
WritebackTmp:          0 kB
CommitLimit:     1450072 kB
Committed_AS:   22219080 kB
VmallocTotal:   251658176 kB
VmallocUsed:       94264 kB
VmallocChunk:   251461724 kB


[2024-11-20 02:57:03]
MemTotal:        1858332 kB
MemFree:           45232 kB
Buffers:             412 kB
Cached:           195856 kB
SwapCached:        15100 kB
Active:           978928 kB
Inactive:         370676 kB
Active(anon):     933240 kB
Inactive(anon):   319812 kB
Active(file):      45688 kB
Inactive(file):    50864 kB
Unevictable:       99496 kB
Mlocked:           94212 kB
SwapTotal:        520908 kB
SwapFree:         349324 kB
Dirty:                 0 kB
Writeback:             0 kB
AnonPages:       1251212 kB
Mapped:           132344 kB
Shmem:               476 kB
Slab:              77652 kB
SReclaimable:      24488 kB
SUnreclaim:        53164 kB
KernelStack:       14992 kB
PageTables:        16152 kB
NFS_Unstable:          0 kB
Bounce:                0 kB
WritebackTmp:          0 kB
CommitLimit:     1450072 kB
Committed_AS:   22219092 kB
VmallocTotal:   251658176 kB
VmallocUsed:       94264 kB
VmallocChunk:   251461724 kB


[2024-11-20 02:57:06]
MemTotal:        1858332 kB
MemFree:           44632 kB
Buffers:             412 kB
Cached:           195856 kB
SwapCached:        15100 kB
Active:           979424 kB
Inactive:         370676 kB
Active(anon):     933736 kB
Inactive(anon):   319812 kB
Active(file):      45688 kB
Inactive(file):    50864 kB
Unevictable:       99496 kB
Mlocked:           94212 kB
SwapTotal:        520908 kB
SwapFree:         349336 kB
Dirty:                 0 kB
Writeback:             0 kB
AnonPages:       1251840 kB
Mapped:           132160 kB
Shmem:               476 kB
Slab:              77652 kB
SReclaimable:      24488 kB
SUnreclaim:        53164 kB
KernelStack:       14992 kB
PageTables:        16152 kB
NFS_Unstable:          0 kB
Bounce:                0 kB
WritebackTmp:          0 kB
CommitLimit:     1450072 kB
Committed_AS:   22219288 kB
VmallocTotal:   251658176 kB
VmallocUsed:       94264 kB
VmallocChunk:   251461724 kB


[2024-11-20 02:57:09]
MemTotal:        1858332 kB
MemFree:           46952 kB
Buffers:             412 kB
Cached:           192932 kB
SwapCached:        15100 kB
Active:           979908 kB
Inactive:         367380 kB
Active(anon):     934136 kB
Inactive(anon):   319524 kB
Active(file):      45772 kB
Inactive(file):    47856 kB
Unevictable:       99496 kB
Mlocked:           94212 kB
SwapTotal:        520908 kB
SwapFree:         349268 kB
Dirty:                 0 kB
Writeback:             0 kB
AnonPages:       1251984 kB
Mapped:           131972 kB
Shmem:               476 kB
Slab:              77652 kB
SReclaimable:      24488 kB
SUnreclaim:        53164 kB
KernelStack:       14992 kB
PageTables:        16152 kB
NFS_Unstable:          0 kB
Bounce:                0 kB
WritebackTmp:          0 kB
CommitLimit:     1450072 kB
Committed_AS:   22219168 kB
VmallocTotal:   251658176 kB
VmallocUsed:       94264 kB
VmallocChunk:   251461724 kB


[2024-11-20 02:57:11]
MemTotal:        1858332 kB
MemFree:           46828 kB
Buffers:             412 kB
Cached:           192932 kB
SwapCached:        15100 kB
Active:           980084 kB
Inactive:         367376 kB
Active(anon):     934312 kB
Inactive(anon):   319520 kB
Active(file):      45772 kB
Inactive(file):    47856 kB
Unevictable:       99496 kB
Mlocked:           94212 kB
SwapTotal:        520908 kB
SwapFree:         349320 kB
Dirty:                 0 kB
Writeback:             0 kB
AnonPages:       1252092 kB
Mapped:           132460 kB
Shmem:               476 kB
Slab:              77652 kB
SReclaimable:      24488 kB
SUnreclaim:        53164 kB
KernelStack:       15024 kB
PageTables:        16188 kB
NFS_Unstable:          0 kB
Bounce:                0 kB
WritebackTmp:          0 kB
CommitLimit:     1450072 kB
Committed_AS:   22219208 kB
VmallocTotal:   251658176 kB
VmallocUsed:       94264 kB
VmallocChunk:   251461724 kB


[2024-11-20 02:57:13]
MemTotal:        1858332 kB
MemFree:           46760 kB
Buffers:             412 kB
Cached:           192932 kB
SwapCached:        15100 kB
Active:           980448 kB
Inactive:         367376 kB
Active(anon):     934676 kB
Inactive(anon):   319520 kB
Active(file):      45772 kB
Inactive(file):    47856 kB
Unevictable:       99496 kB
Mlocked:           94212 kB
SwapTotal:        520908 kB
SwapFree:         349320 kB
Dirty:                 0 kB
Writeback:             0 kB
AnonPages:       1252476 kB
Mapped:           132156 kB
Shmem:               476 kB
Slab:              77652 kB
SReclaimable:      24488 kB
SUnreclaim:        53164 kB
KernelStack:       14992 kB
PageTables:        16152 kB
NFS_Unstable:          0 kB
Bounce:                0 kB
WritebackTmp:          0 kB
CommitLimit:     1450072 kB
Committed_AS:   22219084 kB
VmallocTotal:   251658176 kB
VmallocUsed:       94264 kB
VmallocChunk:   251461724 kB


[2024-11-20 02:57:16]
MemTotal:        1858332 kB
MemFree:           46816 kB
Buffers:             412 kB
Cached:           192932 kB
SwapCached:        15100 kB
Active:           980712 kB
Inactive:         367376 kB
Active(anon):     934940 kB
Inactive(anon):   319520 kB
Active(file):      45772 kB
Inactive(file):    47856 kB
Unevictable:       99496 kB
Mlocked:           94212 kB
SwapTotal:        520908 kB
SwapFree:         349320 kB
Dirty:                 0 kB
Writeback:             0 kB
AnonPages:       1252720 kB
Mapped:           132240 kB
Shmem:               476 kB
Slab:              77652 kB
SReclaimable:      24488 kB
SUnreclaim:        53164 kB
KernelStack:       15024 kB
PageTables:        16188 kB
NFS_Unstable:          0 kB
Bounce:                0 kB
WritebackTmp:          0 kB
CommitLimit:     1450072 kB
Committed_AS:   22219228 kB
VmallocTotal:   251658176 kB
VmallocUsed:       94264 kB
VmallocChunk:   251461724 kB


[2024-11-20 02:57:18]
MemTotal:        1858332 kB
MemFree:           46332 kB
Buffers:             412 kB
Cached:           192932 kB
SwapCached:        15100 kB
Active:           981040 kB
Inactive:         367376 kB
Active(anon):     935268 kB
Inactive(anon):   319520 kB
Active(file):      45772 kB
Inactive(file):    47856 kB
Unevictable:       99496 kB
Mlocked:           94212 kB
SwapTotal:        520908 kB
SwapFree:         349320 kB
Dirty:                 0 kB
Writeback:             0 kB
AnonPages:       1253220 kB
Mapped:           132156 kB
Shmem:               476 kB
Slab:              77652 kB
SReclaimable:      24488 kB
SUnreclaim:        53164 kB
KernelStack:       14992 kB
PageTables:        16152 kB
NFS_Unstable:          0 kB
Bounce:                0 kB
WritebackTmp:          0 kB
CommitLimit:     1450072 kB
Committed_AS:   22219040 kB
VmallocTotal:   251658176 kB
VmallocUsed:       94264 kB
VmallocChunk:   251461724 kB


[2024-11-20 02:57:21]
MemTotal:        1858332 kB
MemFree:           46176 kB
Buffers:             412 kB
Cached:           192932 kB
SwapCached:        15100 kB
Active:           981380 kB
Inactive:         367376 kB
Active(anon):     935608 kB
Inactive(anon):   319520 kB
Active(file):      45772 kB
Inactive(file):    47856 kB
Unevictable:       99496 kB
Mlocked:           94212 kB
SwapTotal:        520908 kB
SwapFree:         349320 kB
Dirty:                 0 kB
Writeback:             0 kB
AnonPages:       1253376 kB
Mapped:           132180 kB
Shmem:               476 kB
Slab:              77652 kB
SReclaimable:      24488 kB
SUnreclaim:        53164 kB
KernelStack:       15024 kB
PageTables:        16188 kB
NFS_Unstable:          0 kB
Bounce:                0 kB
WritebackTmp:          0 kB
CommitLimit:     1450072 kB
Committed_AS:   22219164 kB
VmallocTotal:   251658176 kB
VmallocUsed:       94264 kB
VmallocChunk:   251461724 kB


[2024-11-20 02:57:23]
MemTotal:        1858332 kB
MemFree:           45804 kB
Buffers:             424 kB
Cached:           192920 kB
SwapCached:        15100 kB
Active:           981712 kB
Inactive:         367376 kB
Active(anon):     935940 kB
Inactive(anon):   319520 kB
Active(file):      45772 kB
Inactive(file):    47856 kB
Unevictable:       99496 kB
Mlocked:           94212 kB
SwapTotal:        520908 kB
SwapFree:         349324 kB
Dirty:                 0 kB
Writeback:             0 kB
AnonPages:       1253712 kB
Mapped:           132340 kB
Shmem:               476 kB
Slab:              77652 kB
SReclaimable:      24488 kB
SUnreclaim:        53164 kB
KernelStack:       14992 kB
PageTables:        16152 kB
NFS_Unstable:          0 kB
Bounce:                0 kB
WritebackTmp:          0 kB
CommitLimit:     1450072 kB
Committed_AS:   22219168 kB
VmallocTotal:   251658176 kB
VmallocUsed:       94264 kB
VmallocChunk:   251461724 kB


[2024-11-20 02:57:26]
MemTotal:        1858332 kB
MemFree:           44560 kB
Buffers:             516 kB
Cached:           194232 kB
SwapCached:        15100 kB
Active:           981788 kB
Inactive:         368772 kB
Active(anon):     935996 kB
Inactive(anon):   319532 kB
Active(file):      45792 kB
Inactive(file):    49240 kB
Unevictable:       99496 kB
Mlocked:           94212 kB
SwapTotal:        520908 kB
SwapFree:         349336 kB
Dirty:                64 kB
Writeback:             0 kB
AnonPages:       1253744 kB
Mapped:           132200 kB
Shmem:               476 kB
Slab:              77656 kB
SReclaimable:      24484 kB
SUnreclaim:        53172 kB
KernelStack:       15024 kB
PageTables:        16184 kB
NFS_Unstable:          0 kB
Bounce:                0 kB
WritebackTmp:          0 kB
CommitLimit:     1450072 kB
Committed_AS:   22219136 kB
VmallocTotal:   251658176 kB
VmallocUsed:       94264 kB
VmallocChunk:   251461724 kB


[2024-11-20 02:57:28]
MemTotal:        1858332 kB
MemFree:           43756 kB
Buffers:             516 kB
Cached:           194232 kB
SwapCached:        15100 kB
Active:           982680 kB
Inactive:         368772 kB
Active(anon):     936888 kB
Inactive(anon):   319532 kB
Active(file):      45792 kB
Inactive(file):    49240 kB
Unevictable:       99496 kB
Mlocked:           94212 kB
SwapTotal:        520908 kB
SwapFree:         349336 kB
Dirty:                64 kB
Writeback:             0 kB
AnonPages:       1254780 kB
Mapped:           132164 kB
Shmem:               476 kB
Slab:              77656 kB
SReclaimable:      24484 kB
SUnreclaim:        53172 kB
KernelStack:       14992 kB
PageTables:        16152 kB
NFS_Unstable:          0 kB
Bounce:                0 kB
WritebackTmp:          0 kB
CommitLimit:     1450072 kB
Committed_AS:   22219200 kB
VmallocTotal:   251658176 kB
VmallocUsed:       94264 kB
VmallocChunk:   251461724 kB


[2024-11-20 02:57:31]
MemTotal:        1858332 kB
MemFree:           43424 kB
Buffers:             524 kB
Cached:           194224 kB
SwapCached:        15100 kB
Active:           982780 kB
Inactive:         368772 kB
Active(anon):     936988 kB
Inactive(anon):   319532 kB
Active(file):      45792 kB
Inactive(file):    49240 kB
Unevictable:       99496 kB
Mlocked:           94212 kB
SwapTotal:        520908 kB
SwapFree:         349336 kB
Dirty:                 0 kB
Writeback:             0 kB
AnonPages:       1254792 kB
Mapped:           132224 kB
Shmem:               476 kB
Slab:              77656 kB
SReclaimable:      24484 kB
SUnreclaim:        53172 kB
KernelStack:       15024 kB
PageTables:        16180 kB
NFS_Unstable:          0 kB
Bounce:                0 kB
WritebackTmp:          0 kB
CommitLimit:     1450072 kB
Committed_AS:   22219124 kB
VmallocTotal:   251658176 kB
VmallocUsed:       94264 kB
VmallocChunk:   251461724 kB


[2024-11-20 02:57:34]
MemTotal:        1858332 kB
MemFree:           43260 kB
Buffers:             524 kB
Cached:           194232 kB
SwapCached:        15100 kB
Active:           983164 kB
Inactive:         368780 kB
Active(anon):     937372 kB
Inactive(anon):   319532 kB
Active(file):      45792 kB
Inactive(file):    49248 kB
Unevictable:       99496 kB
Mlocked:           94212 kB
SwapTotal:        520908 kB
SwapFree:         349336 kB
Dirty:                28 kB
Writeback:             0 kB
AnonPages:       1255200 kB
Mapped:           132164 kB
Shmem:               476 kB
Slab:              77656 kB
SReclaimable:      24484 kB
SUnreclaim:        53172 kB
KernelStack:       14992 kB
PageTables:        16152 kB
NFS_Unstable:          0 kB
Bounce:                0 kB
WritebackTmp:          0 kB
CommitLimit:     1450072 kB
Committed_AS:   22219100 kB
VmallocTotal:   251658176 kB
VmallocUsed:       94264 kB
VmallocChunk:   251461724 kB


[2024-11-20 02:57:36]
MemTotal:        1858332 kB
MemFree:           42732 kB
Buffers:             524 kB
Cached:           194232 kB
SwapCached:        15100 kB
Active:           983576 kB
Inactive:         368780 kB
Active(anon):     937784 kB
Inactive(anon):   319532 kB
Active(file):      45792 kB
Inactive(file):    49248 kB
Unevictable:       99496 kB
Mlocked:           94212 kB
SwapTotal:        520908 kB
SwapFree:         349336 kB
Dirty:                28 kB
Writeback:             0 kB
AnonPages:       1255584 kB
Mapped:           132308 kB
Shmem:               476 kB
Slab:              77656 kB
SReclaimable:      24484 kB
SUnreclaim:        53172 kB
KernelStack:       15024 kB
PageTables:        16180 kB
NFS_Unstable:          0 kB
Bounce:                0 kB
WritebackTmp:          0 kB
CommitLimit:     1450072 kB
Committed_AS:   22219100 kB
VmallocTotal:   251658176 kB
VmallocUsed:       94264 kB
VmallocChunk:   251461724 kB


[2024-11-20 02:57:39]
MemTotal:        1858332 kB
MemFree:           35512 kB
Buffers:             524 kB
Cached:           194232 kB
SwapCached:        15100 kB
Active:           990712 kB
Inactive:         368616 kB
Active(anon):     944920 kB
Inactive(anon):   319532 kB
Active(file):      45792 kB
Inactive(file):    49084 kB
Unevictable:       99496 kB
Mlocked:           94212 kB
SwapTotal:        520908 kB
SwapFree:         349336 kB
Dirty:                 0 kB
Writeback:             0 kB
AnonPages:       1262764 kB
Mapped:           132240 kB
Shmem:               476 kB
Slab:              77656 kB
SReclaimable:      24484 kB
SUnreclaim:        53172 kB
KernelStack:       15024 kB
PageTables:        16188 kB
NFS_Unstable:          0 kB
Bounce:                0 kB
WritebackTmp:          0 kB
CommitLimit:     1450072 kB
Committed_AS:   22211108 kB
VmallocTotal:   251658176 kB
VmallocUsed:       94264 kB
VmallocChunk:   251461724 kB


[2024-11-20 02:57:41]
MemTotal:        1858332 kB
MemFree:           38116 kB
Buffers:             524 kB
Cached:           191432 kB
SwapCached:        15100 kB
Active:           991284 kB
Inactive:         365788 kB
Active(anon):     945448 kB
Inactive(anon):   319384 kB
Active(file):      45836 kB
Inactive(file):    46404 kB
Unevictable:       99496 kB
Mlocked:           94212 kB
SwapTotal:        520908 kB
SwapFree:         349316 kB
Dirty:                 0 kB
Writeback:             0 kB
AnonPages:       1263184 kB
Mapped:           132068 kB
Shmem:               476 kB
Slab:              77656 kB
SReclaimable:      24484 kB
SUnreclaim:        53172 kB
KernelStack:       15008 kB
PageTables:        16152 kB
NFS_Unstable:          0 kB
Bounce:                0 kB
WritebackTmp:          0 kB
CommitLimit:     1450072 kB
Committed_AS:   22219380 kB
VmallocTotal:   251658176 kB
VmallocUsed:       94264 kB
VmallocChunk:   251461724 kB


[2024-11-20 02:57:44]
MemTotal:        1858332 kB
MemFree:           44084 kB
Buffers:             524 kB
Cached:           191432 kB
SwapCached:        15100 kB
Active:           985080 kB
Inactive:         365788 kB
Active(anon):     939244 kB
Inactive(anon):   319384 kB
Active(file):      45836 kB
Inactive(file):    46404 kB
Unevictable:       99496 kB
Mlocked:           94212 kB
SwapTotal:        520908 kB
SwapFree:         349408 kB
Dirty:                 0 kB
Writeback:             0 kB
AnonPages:       1256772 kB
Mapped:           132184 kB
Shmem:               476 kB
Slab:              77656 kB
SReclaimable:      24484 kB
SUnreclaim:        53172 kB
KernelStack:       15040 kB
PageTables:        16184 kB
NFS_Unstable:          0 kB
Bounce:                0 kB
WritebackTmp:          0 kB
CommitLimit:     1450072 kB
Committed_AS:   22219232 kB
VmallocTotal:   251658176 kB
VmallocUsed:       94264 kB
VmallocChunk:   251461724 kB


[2024-11-20 02:57:47]
MemTotal:        1858332 kB
MemFree:           44232 kB
Buffers:             524 kB
Cached:           191432 kB
SwapCached:        15100 kB
Active:           984864 kB
Inactive:         365792 kB
Active(anon):     939028 kB
Inactive(anon):   319388 kB
Active(file):      45836 kB
Inactive(file):    46404 kB
Unevictable:       99496 kB
Mlocked:           94212 kB
SwapTotal:        520908 kB
SwapFree:         349408 kB
Dirty:                 0 kB
Writeback:             0 kB
AnonPages:       1256484 kB
Mapped:           132372 kB
Shmem:               476 kB
Slab:              77656 kB
SReclaimable:      24484 kB
SUnreclaim:        53172 kB
KernelStack:       15008 kB
PageTables:        16152 kB
NFS_Unstable:          0 kB
Bounce:                0 kB
WritebackTmp:          0 kB
CommitLimit:     1450072 kB
Committed_AS:   22219216 kB
VmallocTotal:   251658176 kB
VmallocUsed:       94264 kB
VmallocChunk:   251461724 kB


[2024-11-20 02:57:49]
MemTotal:        1858332 kB
MemFree:           44360 kB
Buffers:             524 kB
Cached:           191432 kB
SwapCached:        15100 kB
Active:           985624 kB
Inactive:         365788 kB
Active(anon):     939788 kB
Inactive(anon):   319384 kB
Active(file):      45836 kB
Inactive(file):    46404 kB
Unevictable:       99496 kB
Mlocked:           94212 kB
SwapTotal:        520908 kB
SwapFree:         349412 kB
Dirty:                 0 kB
Writeback:             0 kB
AnonPages:       1257428 kB
Mapped:           132424 kB
Shmem:               476 kB
Slab:              77656 kB
SReclaimable:      24484 kB
SUnreclaim:        53172 kB
KernelStack:       15040 kB
PageTables:        16180 kB
NFS_Unstable:          0 kB
Bounce:                0 kB
WritebackTmp:          0 kB
CommitLimit:     1450072 kB
Committed_AS:   22219128 kB
VmallocTotal:   251658176 kB
VmallocUsed:       94264 kB
VmallocChunk:   251461724 kB


[2024-11-20 02:57:52]
MemTotal:        1858332 kB
MemFree:           44336 kB
Buffers:             524 kB
Cached:           191432 kB
SwapCached:        15068 kB
Active:           985596 kB
Inactive:         365536 kB
Active(anon):     939760 kB
Inactive(anon):   319132 kB
Active(file):      45836 kB
Inactive(file):    46404 kB
Unevictable:       99496 kB
Mlocked:           94212 kB
SwapTotal:        520908 kB
SwapFree:         349448 kB
Dirty:                 0 kB
Writeback:             0 kB
AnonPages:       1257140 kB
Mapped:           132272 kB
Shmem:               476 kB
Slab:              77656 kB
SReclaimable:      24484 kB
SUnreclaim:        53172 kB
KernelStack:       15040 kB
PageTables:        16172 kB
NFS_Unstable:          0 kB
Bounce:                0 kB
WritebackTmp:          0 kB
CommitLimit:     1450072 kB
Committed_AS:   22219196 kB
VmallocTotal:   251658176 kB
VmallocUsed:       94264 kB
VmallocChunk:   251461724 kB


[2024-11-20 02:57:55]
MemTotal:        1858332 kB
MemFree:           44236 kB
Buffers:             524 kB
Cached:           191440 kB
SwapCached:        15060 kB
Active:           985972 kB
Inactive:         365536 kB
Active(anon):     940136 kB
Inactive(anon):   319132 kB
Active(file):      45836 kB
Inactive(file):    46404 kB
Unevictable:       99496 kB
Mlocked:           94212 kB
SwapTotal:        520908 kB
SwapFree:         349468 kB
Dirty:                 0 kB
Writeback:             0 kB
AnonPages:       1257732 kB
Mapped:           132188 kB
Shmem:               476 kB
Slab:              77656 kB
SReclaimable:      24484 kB
SUnreclaim:        53172 kB
KernelStack:       15008 kB
PageTables:        16152 kB
NFS_Unstable:          0 kB
Bounce:                0 kB
WritebackTmp:          0 kB
CommitLimit:     1450072 kB
Committed_AS:   22219168 kB
VmallocTotal:   251658176 kB
VmallocUsed:       94264 kB
VmallocChunk:   251461724 kB


[2024-11-20 02:57:58]
MemTotal:        1858332 kB
MemFree:           43680 kB
Buffers:             524 kB
Cached:           191432 kB
SwapCached:        15060 kB
Active:           986160 kB
Inactive:         365564 kB
Active(anon):     940324 kB
Inactive(anon):   319160 kB
Active(file):      45836 kB
Inactive(file):    46404 kB
Unevictable:       99496 kB
Mlocked:           94212 kB
SwapTotal:        520908 kB
SwapFree:         349484 kB
Dirty:                 0 kB
Writeback:             0 kB
AnonPages:       1257940 kB
Mapped:           132192 kB
Shmem:               476 kB
Slab:              77656 kB
SReclaimable:      24484 kB
SUnreclaim:        53172 kB
KernelStack:       15008 kB
PageTables:        16152 kB
NFS_Unstable:          0 kB
Bounce:                0 kB
WritebackTmp:          0 kB
CommitLimit:     1450072 kB
Committed_AS:   22219352 kB
VmallocTotal:   251658176 kB
VmallocUsed:       94264 kB
VmallocChunk:   251461724 kB


[2024-11-20 02:58:00]
MemTotal:        1858332 kB
MemFree:           43588 kB
Buffers:             524 kB
Cached:           191432 kB
SwapCached:        15060 kB
Active:           986240 kB
Inactive:         365564 kB
Active(anon):     940404 kB
Inactive(anon):   319160 kB
Active(file):      45836 kB
Inactive(file):    46404 kB
Unevictable:       99496 kB
Mlocked:           94212 kB
SwapTotal:        520908 kB
SwapFree:         349484 kB
Dirty:                 0 kB
Writeback:             0 kB
AnonPages:       1257800 kB
Mapped:           132192 kB
Shmem:               476 kB
Slab:              77656 kB
SReclaimable:      24484 kB
SUnreclaim:        53172 kB
KernelStack:       15040 kB
PageTables:        16160 kB
NFS_Unstable:          0 kB
Bounce:                0 kB
WritebackTmp:          0 kB
CommitLimit:     1450072 kB
Committed_AS:   22219260 kB
VmallocTotal:   251658176 kB
VmallocUsed:       94264 kB
VmallocChunk:   251461724 kB


[2024-11-20 02:58:03]
MemTotal:        1858332 kB
MemFree:           43352 kB
Buffers:             524 kB
Cached:           191432 kB
SwapCached:        15060 kB
Active:           986420 kB
Inactive:         365568 kB
Active(anon):     940584 kB
Inactive(anon):   319164 kB
Active(file):      45836 kB
Inactive(file):    46404 kB
Unevictable:       99496 kB
Mlocked:           94212 kB
SwapTotal:        520908 kB
SwapFree:         349492 kB
Dirty:                 0 kB
Writeback:             0 kB
AnonPages:       1258124 kB
Mapped:           132192 kB
Shmem:               476 kB
Slab:              77656 kB
SReclaimable:      24484 kB
SUnreclaim:        53172 kB
KernelStack:       14992 kB
PageTables:        16152 kB
NFS_Unstable:          0 kB
Bounce:                0 kB
WritebackTmp:          0 kB
CommitLimit:     1450072 kB
Committed_AS:   22219148 kB
VmallocTotal:   251658176 kB
VmallocUsed:       94264 kB
VmallocChunk:   251461724 kB


[2024-11-20 02:58:05]
MemTotal:        1858332 kB
MemFree:           43048 kB
Buffers:             524 kB
Cached:           191432 kB
SwapCached:        15060 kB
Active:           986896 kB
Inactive:         365568 kB
Active(anon):     941060 kB
Inactive(anon):   319164 kB
Active(file):      45836 kB
Inactive(file):    46404 kB
Unevictable:       99496 kB
Mlocked:           94212 kB
SwapTotal:        520908 kB
SwapFree:         349492 kB
Dirty:                 0 kB
Writeback:             0 kB
AnonPages:       1258544 kB
Mapped:           132192 kB
Shmem:               476 kB
Slab:              77656 kB
SReclaimable:      24484 kB
SUnreclaim:        53172 kB
KernelStack:       15024 kB
PageTables:        16176 kB
NFS_Unstable:          0 kB
Bounce:                0 kB
WritebackTmp:          0 kB
CommitLimit:     1450072 kB
Committed_AS:   22219184 kB
VmallocTotal:   251658176 kB
VmallocUsed:       94264 kB
VmallocChunk:   251461724 kB


[2024-11-20 02:58:08]
MemTotal:        1858332 kB
MemFree:           43176 kB
Buffers:             524 kB
Cached:           191432 kB
SwapCached:        15060 kB
Active:           986816 kB
Inactive:         365572 kB
Active(anon):     940980 kB
Inactive(anon):   319168 kB
Active(file):      45836 kB
Inactive(file):    46404 kB
Unevictable:       99496 kB
Mlocked:           94212 kB
SwapTotal:        520908 kB
SwapFree:         349524 kB
Dirty:                 0 kB
Writeback:             0 kB
AnonPages:       1258516 kB
Mapped:           132192 kB
Shmem:               476 kB
Slab:              77656 kB
SReclaimable:      24484 kB
SUnreclaim:        53172 kB
KernelStack:       14992 kB
PageTables:        16152 kB
NFS_Unstable:          0 kB
Bounce:                0 kB
WritebackTmp:          0 kB
CommitLimit:     1450072 kB
Committed_AS:   22219180 kB
VmallocTotal:   251658176 kB
VmallocUsed:       94264 kB
VmallocChunk:   251461724 kB


[2024-11-20 02:58:10]
MemTotal:        1858332 kB
MemFree:           42800 kB
Buffers:             524 kB
Cached:           191432 kB
SwapCached:        15060 kB
Active:           987196 kB
Inactive:         365576 kB
Active(anon):     941360 kB
