[2024-11-20 06:21:34]
MemTotal:        1858332 kB
MemFree:         1102864 kB
Buffers:             672 kB
Cached:           260312 kB
SwapCached:        18380 kB
Active:            73340 kB
Inactive:         217736 kB
Active(anon):      35316 kB
Inactive(anon):    94672 kB
Active(file):      38024 kB
Inactive(file):   123064 kB
Unevictable:       99496 kB
Mlocked:           94212 kB
SwapTotal:        520908 kB
SwapFree:         365916 kB
Dirty:                 0 kB
Writeback:             0 kB
AnonPages:        128428 kB
Mapped:           146668 kB
Shmem:               568 kB
Slab:              78572 kB
SReclaimable:      25176 kB
SUnreclaim:        53396 kB
KernelStack:       14784 kB
PageTables:        14356 kB
NFS_Unstable:          0 kB
Bounce:                0 kB
WritebackTmp:          0 kB
CommitLimit:     1450072 kB
Committed_AS:   22185432 kB
VmallocTotal:   251658176 kB
VmallocUsed:       96584 kB
VmallocChunk:   251482716 kB


[2024-11-20 06:21:34]
MemTotal:        1858332 kB
MemFree:         1102872 kB
Buffers:             672 kB
Cached:           260312 kB
SwapCached:        18380 kB
Active:            73412 kB
Inactive:         217736 kB
Active(anon):      35388 kB
Inactive(anon):    94672 kB
Active(file):      38024 kB
Inactive(file):   123064 kB
Unevictable:       99496 kB
Mlocked:           94212 kB
SwapTotal:        520908 kB
SwapFree:         365916 kB
Dirty:                 0 kB
Writeback:             0 kB
AnonPages:        128348 kB
Mapped:           146780 kB
Shmem:               568 kB
Slab:              78572 kB
SReclaimable:      25176 kB
SUnreclaim:        53396 kB
KernelStack:       14800 kB
PageTables:        14344 kB
NFS_Unstable:          0 kB
Bounce:                0 kB
WritebackTmp:          0 kB
CommitLimit:     1450072 kB
Committed_AS:   22185500 kB
VmallocTotal:   251658176 kB
VmallocUsed:       96584 kB
VmallocChunk:   251482716 kB


[2024-11-20 06:21:34]
MemTotal:        1858332 kB
MemFree:         1102476 kB
Buffers:             672 kB
Cached:           260312 kB
SwapCached:        18380 kB
Active:            73580 kB
Inactive:         217736 kB
Active(anon):      35556 kB
Inactive(anon):    94672 kB
Active(file):      38024 kB
Inactive(file):   123064 kB
Unevictable:       99496 kB
Mlocked:           94212 kB
SwapTotal:        520908 kB
SwapFree:         365916 kB
Dirty:                 0 kB
Writeback:             0 kB
AnonPages:        128628 kB
Mapped:           146668 kB
Shmem:               568 kB
Slab:              78572 kB
SReclaimable:      25176 kB
SUnreclaim:        53396 kB
KernelStack:       14784 kB
PageTables:        14356 kB
NFS_Unstable:          0 kB
Bounce:                0 kB
WritebackTmp:          0 kB
CommitLimit:     1450072 kB
Committed_AS:   22185548 kB
VmallocTotal:   251658176 kB
VmallocUsed:       96584 kB
VmallocChunk:   251482716 kB


[2024-11-20 06:21:34]
MemTotal:        1858332 kB
MemFree:         1102032 kB
Buffers:             672 kB
Cached:           260312 kB
SwapCached:        18380 kB
Active:            73796 kB
Inactive:         217736 kB
Active(anon):      35772 kB
Inactive(anon):    94672 kB
Active(file):      38024 kB
Inactive(file):   123064 kB
Unevictable:       99496 kB
Mlocked:           94212 kB
SwapTotal:        520908 kB
SwapFree:         365916 kB
Dirty:                 0 kB
Writeback:             0 kB
AnonPages:        128956 kB
Mapped:           146680 kB
Shmem:               568 kB
Slab:              78572 kB
SReclaimable:      25176 kB
SUnreclaim:        53396 kB
KernelStack:       14800 kB
PageTables:        14364 kB
NFS_Unstable:          0 kB
Bounce:                0 kB
WritebackTmp:          0 kB
CommitLimit:     1450072 kB
Committed_AS:   22185488 kB
VmallocTotal:   251658176 kB
VmallocUsed:       96584 kB
VmallocChunk:   251482716 kB


[2024-11-20 06:21:34]
MemTotal:        1858332 kB
MemFree:         1102244 kB
Buffers:             672 kB
Cached:           260312 kB
SwapCached:        18380 kB
Active:            73812 kB
Inactive:         217736 kB
Active(anon):      35788 kB
Inactive(anon):    94672 kB
Active(file):      38024 kB
Inactive(file):   123064 kB
Unevictable:       99496 kB
Mlocked:           94212 kB
SwapTotal:        520908 kB
SwapFree:         365916 kB
Dirty:                 0 kB
Writeback:             0 kB
AnonPages:        128792 kB
Mapped:           146680 kB
Shmem:               568 kB
Slab:              78572 kB
SReclaimable:      25176 kB
SUnreclaim:        53396 kB
KernelStack:       14784 kB
PageTables:        14356 kB
NFS_Unstable:          0 kB
Bounce:                0 kB
WritebackTmp:          0 kB
CommitLimit:     1450072 kB
Committed_AS:   22185432 kB
VmallocTotal:   251658176 kB
VmallocUsed:       96584 kB
VmallocChunk:   251482716 kB


[2024-11-20 06:21:34]
MemTotal:        1858332 kB
MemFree:         1101652 kB
Buffers:             672 kB
Cached:           260312 kB
SwapCached:        18380 kB
Active:            74452 kB
Inactive:         217736 kB
Active(anon):      36428 kB
Inactive(anon):    94672 kB
Active(file):      38024 kB
Inactive(file):   123064 kB
Unevictable:       99496 kB
Mlocked:           94212 kB
SwapTotal:        520908 kB
SwapFree:         365916 kB
Dirty:                 0 kB
Writeback:             0 kB
AnonPages:        129528 kB
Mapped:           146680 kB
Shmem:               568 kB
Slab:              78572 kB
SReclaimable:      25176 kB
SUnreclaim:        53396 kB
KernelStack:       14800 kB
PageTables:        14344 kB
NFS_Unstable:          0 kB
Bounce:                0 kB
WritebackTmp:          0 kB
CommitLimit:     1450072 kB
Committed_AS:   22185456 kB
VmallocTotal:   251658176 kB
VmallocUsed:       96584 kB
VmallocChunk:   251482716 kB


[2024-11-20 06:21:34]
MemTotal:        1858332 kB
MemFree:         1101472 kB
Buffers:             672 kB
Cached:           260308 kB
SwapCached:        18380 kB
Active:            74668 kB
Inactive:         217748 kB
Active(anon):      36592 kB
Inactive(anon):    94652 kB
Active(file):      38076 kB
Inactive(file):   123096 kB
Unevictable:       99496 kB
Mlocked:           94212 kB
SwapTotal:        520908 kB
SwapFree:         365916 kB
Dirty:                 0 kB
Writeback:             0 kB
AnonPages:        129556 kB
Mapped:           146708 kB
Shmem:               568 kB
Slab:              78572 kB
SReclaimable:      25176 kB
SUnreclaim:        53396 kB
KernelStack:       14816 kB
PageTables:        14380 kB
NFS_Unstable:          0 kB
Bounce:                0 kB
WritebackTmp:          0 kB
CommitLimit:     1450072 kB
Committed_AS:   22185576 kB
VmallocTotal:   251658176 kB
VmallocUsed:       96584 kB
VmallocChunk:   251482716 kB


[2024-11-20 06:21:34]
MemTotal:        1858332 kB
MemFree:         1100680 kB
Buffers:             672 kB
Cached:           260308 kB
SwapCached:        18372 kB
Active:            75620 kB
Inactive:         217740 kB
Active(anon):      37544 kB
Inactive(anon):    94644 kB
Active(file):      38076 kB
Inactive(file):   123096 kB
Unevictable:       99496 kB
Mlocked:           94212 kB
SwapTotal:        520908 kB
SwapFree:         366232 kB
Dirty:                 0 kB
Writeback:             0 kB
AnonPages:        130488 kB
Mapped:           146752 kB
Shmem:               568 kB
Slab:              78572 kB
SReclaimable:      25176 kB
SUnreclaim:        53396 kB
KernelStack:       14816 kB
PageTables:        14360 kB
NFS_Unstable:          0 kB
Bounce:                0 kB
WritebackTmp:          0 kB
CommitLimit:     1450072 kB
Committed_AS:   22185460 kB
VmallocTotal:   251658176 kB
VmallocUsed:       96584 kB
VmallocChunk:   251482716 kB


[2024-11-20 06:21:34]
MemTotal:        1858332 kB
MemFree:         1100636 kB
Buffers:             672 kB
Cached:           260308 kB
SwapCached:        18372 kB
Active:            75676 kB
Inactive:         217736 kB
Active(anon):      37600 kB
Inactive(anon):    94640 kB
Active(file):      38076 kB
Inactive(file):   123096 kB
Unevictable:       99496 kB
Mlocked:           94212 kB
SwapTotal:        520908 kB
SwapFree:         366232 kB
Dirty:                 0 kB
Writeback:             0 kB
AnonPages:        130516 kB
Mapped:           146744 kB
Shmem:               568 kB
Slab:              78572 kB
SReclaimable:      25176 kB
SUnreclaim:        53396 kB
KernelStack:       14816 kB
PageTables:        14360 kB
NFS_Unstable:          0 kB
Bounce:                0 kB
WritebackTmp:          0 kB
CommitLimit:     1450072 kB
Committed_AS:   22185556 kB
VmallocTotal:   251658176 kB
VmallocUsed:       96584 kB
VmallocChunk:   251482716 kB


[2024-11-20 06:21:34]
MemTotal:        1858332 kB
MemFree:         1092084 kB
Buffers:             764 kB
Cached:           267940 kB
SwapCached:        18376 kB
Active:            77220 kB
Inactive:         225240 kB
Active(anon):      39144 kB
Inactive(anon):    94580 kB
Active(file):      38076 kB
Inactive(file):   130660 kB
Unevictable:       99496 kB
Mlocked:           94212 kB
SwapTotal:        520908 kB
SwapFree:         366272 kB
Dirty:                 0 kB
Writeback:             0 kB
AnonPages:        132504 kB
Mapped:           149712 kB
Shmem:               568 kB
Slab:              78572 kB
SReclaimable:      25176 kB
SUnreclaim:        53396 kB
KernelStack:       14896 kB
PageTables:        14372 kB
NFS_Unstable:          0 kB
Bounce:                0 kB
WritebackTmp:          0 kB
CommitLimit:     1450072 kB
Committed_AS:   22187848 kB
VmallocTotal:   251658176 kB
VmallocUsed:       96584 kB
VmallocChunk:   251482716 kB


[2024-11-20 06:21:34]
MemTotal:        1858332 kB
MemFree:         1067352 kB
Buffers:             904 kB
Cached:           278228 kB
SwapCached:        18376 kB
Active:            99540 kB
Inactive:         226968 kB
Active(anon):      53696 kB
Inactive(anon):    93500 kB
Active(file):      45844 kB
Inactive(file):   133468 kB
Unevictable:       99496 kB
Mlocked:           94212 kB
SwapTotal:        520908 kB
SwapFree:         366280 kB
Dirty:                 0 kB
Writeback:             0 kB
AnonPages:        146256 kB
Mapped:           152200 kB
Shmem:               568 kB
Slab:              78564 kB
SReclaimable:      25176 kB
SUnreclaim:        53388 kB
KernelStack:       15168 kB
PageTables:        14752 kB
NFS_Unstable:          0 kB
Bounce:                0 kB
WritebackTmp:          0 kB
CommitLimit:     1450072 kB
Committed_AS:   22382404 kB
VmallocTotal:   251658176 kB
VmallocUsed:       96584 kB
VmallocChunk:   251482716 kB


[2024-11-20 06:21:36]
MemTotal:        1858332 kB
MemFree:         1039300 kB
Buffers:             904 kB
Cached:           278232 kB
SwapCached:        18376 kB
Active:           127956 kB
Inactive:         226720 kB
Active(anon):      82052 kB
Inactive(anon):    93296 kB
Active(file):      45904 kB
Inactive(file):   133424 kB
Unevictable:       99496 kB
Mlocked:           94212 kB
SwapTotal:        520908 kB
SwapFree:         366280 kB
Dirty:                 0 kB
Writeback:             0 kB
AnonPages:        174112 kB
Mapped:           152396 kB
Shmem:               568 kB
Slab:              78564 kB
SReclaimable:      25176 kB
SUnreclaim:        53388 kB
KernelStack:       15152 kB
PageTables:        14792 kB
NFS_Unstable:          0 kB
Bounce:                0 kB
WritebackTmp:          0 kB
CommitLimit:     1450072 kB
Committed_AS:   22408100 kB
VmallocTotal:   251658176 kB
VmallocUsed:       96584 kB
VmallocChunk:   251482716 kB


[2024-11-20 06:21:38]
MemTotal:        1858332 kB
MemFree:          811148 kB
Buffers:             904 kB
Cached:           375892 kB
SwapCached:        18376 kB
Active:           258136 kB
Inactive:         324216 kB
Active(anon):     212224 kB
Inactive(anon):    93280 kB
Active(file):      45912 kB
Inactive(file):   230936 kB
Unevictable:       99496 kB
Mlocked:           94212 kB
SwapTotal:        520908 kB
SwapFree:         366280 kB
Dirty:                 0 kB
Writeback:             0 kB
AnonPages:        304548 kB
Mapped:           152560 kB
Shmem:               568 kB
Slab:              78564 kB
SReclaimable:      25176 kB
SUnreclaim:        53388 kB
KernelStack:       15168 kB
PageTables:        14976 kB
NFS_Unstable:          0 kB
Bounce:                0 kB
WritebackTmp:          0 kB
CommitLimit:     1450072 kB
Committed_AS:   23209928 kB
VmallocTotal:   251658176 kB
VmallocUsed:       96584 kB
VmallocChunk:   251482716 kB


[2024-11-20 06:21:40]
MemTotal:        1858332 kB
MemFree:           33044 kB
Buffers:             280 kB
Cached:           593480 kB
SwapCached:        18376 kB
Active:           944556 kB
Inactive:         413836 kB
Active(anon):     697744 kB
Inactive(anon):   166792 kB
Active(file):     246812 kB
Inactive(file):   247044 kB
Unevictable:       99496 kB
Mlocked:           94212 kB
SwapTotal:        520908 kB
SwapFree:         365988 kB
Dirty:                 0 kB
Writeback:             0 kB
AnonPages:        863312 kB
Mapped:           152568 kB
Shmem:               568 kB
Slab:              78564 kB
SReclaimable:      25176 kB
SUnreclaim:        53388 kB
KernelStack:       15168 kB
PageTables:        16040 kB
NFS_Unstable:          0 kB
Bounce:                0 kB
WritebackTmp:          0 kB
CommitLimit:     1450072 kB
Committed_AS:   23209808 kB
VmallocTotal:   251658176 kB
VmallocUsed:       96584 kB
VmallocChunk:   251482716 kB


[2024-11-20 06:21:43]
MemTotal:        1858332 kB
MemFree:           32556 kB
Buffers:              76 kB
Cached:           195976 kB
SwapCached:        18376 kB
Active:          1031236 kB
Inactive:         328864 kB
Active(anon):     983272 kB
Inactive(anon):   280764 kB
Active(file):      47964 kB
Inactive(file):    48100 kB
Unevictable:       99496 kB
Mlocked:           94212 kB
SwapTotal:        520908 kB
SwapFree:         365992 kB
Dirty:                 0 kB
Writeback:             0 kB
AnonPages:       1262568 kB
Mapped:           138864 kB
Shmem:               564 kB
Slab:              78408 kB
SReclaimable:      25064 kB
SUnreclaim:        53344 kB
KernelStack:       15008 kB
PageTables:        16268 kB
NFS_Unstable:          0 kB
Bounce:                0 kB
WritebackTmp:          0 kB
CommitLimit:     1450072 kB
Committed_AS:   22212828 kB
VmallocTotal:   251658176 kB
VmallocUsed:       95564 kB
VmallocChunk:   251482716 kB


[2024-11-20 06:21:45]
MemTotal:        1858332 kB
MemFree:           37996 kB
Buffers:             188 kB
Cached:           192960 kB
SwapCached:        18376 kB
Active:          1017088 kB
Inactive:         347332 kB
Active(anon):     978212 kB
Inactive(anon):   293100 kB
Active(file):      38876 kB
Inactive(file):    54232 kB
Unevictable:       99496 kB
Mlocked:           94212 kB
SwapTotal:        520908 kB
SwapFree:         365972 kB
Dirty:                 4 kB
Writeback:             0 kB
AnonPages:       1269488 kB
Mapped:           141860 kB
Shmem:               560 kB
Slab:              78468 kB
SReclaimable:      25048 kB
SUnreclaim:        53420 kB
KernelStack:       14960 kB
PageTables:        16004 kB
NFS_Unstable:          0 kB
Bounce:                0 kB
WritebackTmp:          0 kB
CommitLimit:     1450072 kB
Committed_AS:   22212216 kB
VmallocTotal:   251658176 kB
VmallocUsed:       94344 kB
VmallocChunk:   251482716 kB


[2024-11-20 06:21:47]
MemTotal:        1858332 kB
MemFree:           53384 kB
Buffers:             420 kB
Cached:           191460 kB
SwapCached:        18360 kB
Active:           997096 kB
Inactive:         366376 kB
Active(anon):     950528 kB
Inactive(anon):   321048 kB
Active(file):      46568 kB
Inactive(file):    45328 kB
Unevictable:       99496 kB
Mlocked:           94212 kB
SwapTotal:        520908 kB
SwapFree:         365164 kB
Dirty:                72 kB
Writeback:             0 kB
AnonPages:       1269568 kB
Mapped:           138244 kB
Shmem:               560 kB
Slab:              78460 kB
SReclaimable:      25016 kB
SUnreclaim:        53444 kB
KernelStack:       14880 kB
PageTables:        15648 kB
NFS_Unstable:          0 kB
Bounce:                0 kB
WritebackTmp:          0 kB
CommitLimit:     1450072 kB
Committed_AS:   20290664 kB
VmallocTotal:   251658176 kB
VmallocUsed:       93324 kB
VmallocChunk:   251482716 kB


[2024-11-20 06:21:49]
MemTotal:        1858332 kB
MemFree:           53284 kB
Buffers:             420 kB
Cached:           191480 kB
SwapCached:        18360 kB
Active:           996996 kB
Inactive:         366364 kB
Active(anon):     950340 kB
Inactive(anon):   320920 kB
Active(file):      46656 kB
Inactive(file):    45444 kB
Unevictable:       99496 kB
Mlocked:           94212 kB
SwapTotal:        520908 kB
SwapFree:         365172 kB
Dirty:                32 kB
Writeback:             0 kB
AnonPages:       1269588 kB
Mapped:           138248 kB
Shmem:               560 kB
Slab:              78400 kB
SReclaimable:      25016 kB
SUnreclaim:        53384 kB
KernelStack:       14816 kB
PageTables:        15504 kB
NFS_Unstable:          0 kB
Bounce:                0 kB
WritebackTmp:          0 kB
CommitLimit:     1450072 kB
Committed_AS:   20290528 kB
VmallocTotal:   251658176 kB
VmallocUsed:       93324 kB
VmallocChunk:   251482716 kB


[2024-11-20 06:21:52]
MemTotal:        1858332 kB
MemFree:           49008 kB
Buffers:             452 kB
Cached:           191820 kB
SwapCached:        18364 kB
Active:          1000388 kB
Inactive:         366720 kB
Active(anon):     953732 kB
Inactive(anon):   320896 kB
Active(file):      46656 kB
Inactive(file):    45824 kB
Unevictable:       99496 kB
Mlocked:           94212 kB
SwapTotal:        520908 kB
SwapFree:         365184 kB
Dirty:                88 kB
Writeback:             0 kB
AnonPages:       1273116 kB
Mapped:           141744 kB
Shmem:               560 kB
Slab:              78400 kB
SReclaimable:      25016 kB
SUnreclaim:        53384 kB
KernelStack:       14816 kB
PageTables:        16056 kB
NFS_Unstable:          0 kB
Bounce:                0 kB
WritebackTmp:          0 kB
CommitLimit:     1450072 kB
Committed_AS:   22211992 kB
VmallocTotal:   251658176 kB
VmallocUsed:       94344 kB
VmallocChunk:   251482716 kB


[2024-11-20 06:21:54]
MemTotal:        1858332 kB
MemFree:           33320 kB
Buffers:             428 kB
Cached:           193904 kB
SwapCached:        18288 kB
Active:          1013148 kB
Inactive:         369948 kB
Active(anon):     966560 kB
Inactive(anon):   322160 kB
Active(file):      46588 kB
Inactive(file):    47788 kB
Unevictable:       99496 kB
Mlocked:           94212 kB
SwapTotal:        520908 kB
SwapFree:         365016 kB
Dirty:                88 kB
Writeback:             0 kB
AnonPages:       1287456 kB
Mapped:           149424 kB
Shmem:               560 kB
Slab:              78404 kB
SReclaimable:      25016 kB
SUnreclaim:        53388 kB
KernelStack:       15296 kB
PageTables:        16876 kB
NFS_Unstable:          0 kB
Bounce:                0 kB
WritebackTmp:          0 kB
CommitLimit:     1450072 kB
Committed_AS:   24133612 kB
VmallocTotal:   251658176 kB
VmallocUsed:       95364 kB
VmallocChunk:   251482716 kB


[2024-11-20 06:21:56]
MemTotal:        1858332 kB
MemFree:           41176 kB
Buffers:             436 kB
Cached:           188868 kB
SwapCached:        18284 kB
Active:           996348 kB
Inactive:         363724 kB
Active(anon):     953040 kB
Inactive(anon):   317528 kB
Active(file):      43308 kB
Inactive(file):    46196 kB
Unevictable:       99496 kB
Mlocked:           94212 kB
SwapTotal:        520908 kB
SwapFree:         363368 kB
Dirty:               112 kB
Writeback:             0 kB
AnonPages:       1268680 kB
Mapped:           138452 kB
Shmem:               560 kB
Slab:              78356 kB
SReclaimable:      25016 kB
SUnreclaim:        53340 kB
KernelStack:       14816 kB
PageTables:        15504 kB
NFS_Unstable:          0 kB
Bounce:                0 kB
WritebackTmp:          0 kB
CommitLimit:     1450072 kB
Committed_AS:   20290648 kB
VmallocTotal:   251658176 kB
VmallocUsed:       93324 kB
VmallocChunk:   251482716 kB


[2024-11-20 06:21:59]
MemTotal:        1858332 kB
MemFree:           41188 kB
Buffers:             436 kB
Cached:           188868 kB
SwapCached:        18284 kB
Active:           996560 kB
Inactive:         363692 kB
Active(anon):     953252 kB
Inactive(anon):   317496 kB
Active(file):      43308 kB
Inactive(file):    46196 kB
Unevictable:       99496 kB
Mlocked:           94212 kB
SwapTotal:        520908 kB
SwapFree:         363368 kB
Dirty:                 0 kB
Writeback:             0 kB
AnonPages:       1268872 kB
Mapped:           138452 kB
Shmem:               560 kB
Slab:              78356 kB
SReclaimable:      25016 kB
SUnreclaim:        53340 kB
KernelStack:       14816 kB
PageTables:        15504 kB
NFS_Unstable:          0 kB
Bounce:                0 kB
WritebackTmp:          0 kB
CommitLimit:     1450072 kB
Committed_AS:   20290660 kB
VmallocTotal:   251658176 kB
VmallocUsed:       93324 kB
VmallocChunk:   251482716 kB


[2024-11-20 06:22:01]
MemTotal:        1858332 kB
MemFree:           39896 kB
Buffers:             444 kB
Cached:           189780 kB
SwapCached:        18284 kB
Active:           996916 kB
Inactive:         364436 kB
Active(anon):     953608 kB
Inactive(anon):   317372 kB
Active(file):      43308 kB
Inactive(file):    47064 kB
Unevictable:       99496 kB
Mlocked:           94212 kB
SwapTotal:        520908 kB
SwapFree:         363368 kB
Dirty:                 0 kB
Writeback:             0 kB
AnonPages:       1269304 kB
Mapped:           138636 kB
Shmem:               560 kB
Slab:              78356 kB
SReclaimable:      25016 kB
SUnreclaim:        53340 kB
KernelStack:       14816 kB
PageTables:        15504 kB
NFS_Unstable:          0 kB
Bounce:                0 kB
WritebackTmp:          0 kB
CommitLimit:     1450072 kB
Committed_AS:   20290556 kB
VmallocTotal:   251658176 kB
VmallocUsed:       93324 kB
VmallocChunk:   251482716 kB


[2024-11-20 06:22:03]
MemTotal:        1858332 kB
MemFree:           42116 kB
Buffers:             444 kB
Cached:           190048 kB
SwapCached:        18284 kB
Active:           994768 kB
Inactive:         363820 kB
Active(anon):     951460 kB
Inactive(anon):   316468 kB
Active(file):      43308 kB
Inactive(file):    47352 kB
Unevictable:       99496 kB
Mlocked:           94212 kB
SwapTotal:        520908 kB
SwapFree:         363396 kB
Dirty:                28 kB
Writeback:             0 kB
AnonPages:       1266012 kB
Mapped:           137760 kB
Shmem:               560 kB
Slab:              78356 kB
SReclaimable:      25016 kB
SUnreclaim:        53340 kB
KernelStack:       14816 kB
PageTables:        15492 kB
NFS_Unstable:          0 kB
Bounce:                0 kB
WritebackTmp:          0 kB
CommitLimit:     1450072 kB
Committed_AS:   20290424 kB
VmallocTotal:   251658176 kB
VmallocUsed:       93324 kB
VmallocChunk:   251482716 kB


[2024-11-20 06:22:05]
MemTotal:        1858332 kB
MemFree:           40368 kB
Buffers:             444 kB
Cached:           192492 kB
SwapCached:        18232 kB
Active:           994892 kB
Inactive:         365924 kB
Active(anon):     951584 kB
Inactive(anon):   316184 kB
Active(file):      43308 kB
Inactive(file):    49740 kB
Unevictable:       99496 kB
Mlocked:           94212 kB
SwapTotal:        520908 kB
SwapFree:         364340 kB
Dirty:                28 kB
Writeback:             0 kB
AnonPages:       1266028 kB
Mapped:           137760 kB
Shmem:               560 kB
Slab:              78356 kB
SReclaimable:      25016 kB
SUnreclaim:        53340 kB
KernelStack:       14816 kB
PageTables:        15492 kB
NFS_Unstable:          0 kB
Bounce:                0 kB
WritebackTmp:          0 kB
CommitLimit:     1450072 kB
Committed_AS:   20290460 kB
VmallocTotal:   251658176 kB
VmallocUsed:       93324 kB
VmallocChunk:   251482716 kB


[2024-11-20 06:22:08]
MemTotal:        1858332 kB
MemFree:           38180 kB
Buffers:             444 kB
Cached:           194804 kB
SwapCached:        18248 kB
Active:           995432 kB
Inactive:         367820 kB
Active(anon):     952124 kB
Inactive(anon):   315680 kB
Active(file):      43308 kB
Inactive(file):    52140 kB
Unevictable:       99496 kB
Mlocked:           94212 kB
SwapTotal:        520908 kB
SwapFree:         364588 kB
Dirty:                 0 kB
Writeback:             0 kB
AnonPages:       1266076 kB
Mapped:           137880 kB
Shmem:               560 kB
Slab:              78364 kB
SReclaimable:      25016 kB
SUnreclaim:        53348 kB
KernelStack:       14816 kB
PageTables:        15492 kB
NFS_Unstable:          0 kB
Bounce:                0 kB
WritebackTmp:          0 kB
CommitLimit:     1450072 kB
Committed_AS:   20290576 kB
VmallocTotal:   251658176 kB
VmallocUsed:       93324 kB
VmallocChunk:   251482716 kB


[2024-11-20 06:22:10]
MemTotal:        1858332 kB
MemFree:           38204 kB
Buffers:             444 kB
Cached:           194804 kB
SwapCached:        18248 kB
Active:           995340 kB
Inactive:         367812 kB
Active(anon):     952032 kB
Inactive(anon):   315672 kB
Active(file):      43308 kB
Inactive(file):    52140 kB
Unevictable:       99496 kB
Mlocked:           94212 kB
SwapTotal:        520908 kB
SwapFree:         364588 kB
Dirty:                 0 kB
Writeback:             0 kB
AnonPages:       1266036 kB
Mapped:           137880 kB
Shmem:               560 kB
Slab:              78364 kB
SReclaimable:      25016 kB
SUnreclaim:        53348 kB
KernelStack:       14816 kB
PageTables:        15492 kB
NFS_Unstable:          0 kB
Bounce:                0 kB
WritebackTmp:          0 kB
CommitLimit:     1450072 kB
Committed_AS:   20290420 kB
VmallocTotal:   251658176 kB
VmallocUsed:       93324 kB
VmallocChunk:   251482716 kB


[2024-11-20 06:22:12]
MemTotal:        1858332 kB
MemFree:           38992 kB
Buffers:             376 kB
Cached:           190888 kB
SwapCached:        18256 kB
Active:           998508 kB
Inactive:         365880 kB
Active(anon):     953808 kB
Inactive(anon):   319112 kB
Active(file):      44700 kB
Inactive(file):    46768 kB
Unevictable:       99496 kB
Mlocked:           94212 kB
SwapTotal:        520908 kB
SwapFree:         364016 kB
Dirty:                60 kB
Writeback:             0 kB
AnonPages:       1271264 kB
Mapped:           143904 kB
Shmem:               560 kB
Slab:              78380 kB
SReclaimable:      25016 kB
SUnreclaim:        53364 kB
KernelStack:       15040 kB
PageTables:        16132 kB
NFS_Unstable:          0 kB
Bounce:                0 kB
WritebackTmp:          0 kB
CommitLimit:     1450072 kB
Committed_AS:   22211184 kB
VmallocTotal:   251658176 kB
VmallocUsed:       94344 kB
VmallocChunk:   251482716 kB


[2024-11-20 06:22:15]
MemTotal:        1858332 kB
MemFree:           32432 kB
Buffers:             500 kB
Cached:           193860 kB
SwapCached:        18256 kB
Active:          1002636 kB
Inactive:         368100 kB
Active(anon):     957096 kB
Inactive(anon):   319124 kB
Active(file):      45540 kB
Inactive(file):    48976 kB
Unevictable:       99496 kB
Mlocked:           94212 kB
SwapTotal:        520908 kB
SwapFree:         364020 kB
Dirty:               128 kB
Writeback:             0 kB
AnonPages:       1274676 kB
Mapped:           145404 kB
Shmem:               564 kB
Slab:              78380 kB
SReclaimable:      25016 kB
SUnreclaim:        53364 kB
KernelStack:       15040 kB
PageTables:        16176 kB
NFS_Unstable:          0 kB
Bounce:                0 kB
WritebackTmp:          0 kB
CommitLimit:     1450072 kB
Committed_AS:   22211588 kB
VmallocTotal:   251658176 kB
VmallocUsed:       94344 kB
VmallocChunk:   251482716 kB


[2024-11-20 06:22:17]
MemTotal:        1858332 kB
MemFree:           41256 kB
Buffers:             472 kB
Cached:           193040 kB
SwapCached:        18256 kB
Active:           997768 kB
Inactive:         364920 kB
Active(anon):     950340 kB
Inactive(anon):   318692 kB
Active(file):      47428 kB
Inactive(file):    46228 kB
Unevictable:       99496 kB
Mlocked:           94212 kB
SwapTotal:        520908 kB
SwapFree:         363440 kB
Dirty:                 0 kB
Writeback:             0 kB
AnonPages:       1266960 kB
Mapped:           138604 kB
Shmem:               560 kB
Slab:              78380 kB
SReclaimable:      25016 kB
SUnreclaim:        53364 kB
KernelStack:       15040 kB
PageTables:        15620 kB
NFS_Unstable:          0 kB
Bounce:                0 kB
WritebackTmp:          0 kB
CommitLimit:     1450072 kB
Committed_AS:   20290584 kB
VmallocTotal:   251658176 kB
VmallocUsed:       93324 kB
VmallocChunk:   251482716 kB


[2024-11-20 06:22:19]
MemTotal:        1858332 kB
MemFree:           40740 kB
Buffers:             480 kB
Cached:           192940 kB
SwapCached:        18256 kB
Active:           998096 kB
Inactive:         364704 kB
Active(anon):     950668 kB
Inactive(anon):   318512 kB
Active(file):      47428 kB
Inactive(file):    46192 kB
Unevictable:       99496 kB
Mlocked:           94212 kB
SwapTotal:        520908 kB
SwapFree:         363440 kB
Dirty:                 0 kB
Writeback:             0 kB
AnonPages:       1267300 kB
Mapped:           138808 kB
Shmem:               560 kB
Slab:              78380 kB
SReclaimable:      25016 kB
SUnreclaim:        53364 kB
KernelStack:       14816 kB
PageTables:        15504 kB
NFS_Unstable:          0 kB
Bounce:                0 kB
WritebackTmp:          0 kB
CommitLimit:     1450072 kB
Committed_AS:   20290520 kB
VmallocTotal:   251658176 kB
VmallocUsed:       93324 kB
VmallocChunk:   251482716 kB


[2024-11-20 06:22:22]
MemTotal:        1858332 kB
MemFree:           40952 kB
Buffers:             480 kB
Cached:           192948 kB
SwapCached:        18256 kB
Active:           998160 kB
Inactive:         364704 kB
Active(anon):     950732 kB
Inactive(anon):   318512 kB
Active(file):      47428 kB
Inactive(file):    46192 kB
Unevictable:       99496 kB
Mlocked:           94212 kB
SwapTotal:        520908 kB
SwapFree:         363440 kB
Dirty:                20 kB
Writeback:             0 kB
AnonPages:       1267320 kB
Mapped:           138808 kB
Shmem:               560 kB
Slab:              78380 kB
SReclaimable:      25016 kB
SUnreclaim:        53364 kB
KernelStack:       14816 kB
PageTables:        15504 kB
NFS_Unstable:          0 kB
Bounce:                0 kB
WritebackTmp:          0 kB
CommitLimit:     1450072 kB
Committed_AS:   20290616 kB
VmallocTotal:   251658176 kB
VmallocUsed:       93324 kB
VmallocChunk:   251482716 kB


[2024-11-20 06:22:24]
MemTotal:        1858332 kB
MemFree:           41404 kB
Buffers:             480 kB
Cached:           194360 kB
SwapCached:        18272 kB
Active:           998572 kB
Inactive:         365504 kB
Active(anon):     951144 kB
Inactive(anon):   317892 kB
Active(file):      47428 kB
Inactive(file):    47612 kB
Unevictable:       99496 kB
Mlocked:           94212 kB
SwapTotal:        520908 kB
SwapFree:         363456 kB
Dirty:                20 kB
Writeback:             0 kB
AnonPages:       1267240 kB
Mapped:           138820 kB
Shmem:               560 kB
Slab:              78092 kB
SReclaimable:      24732 kB
SUnreclaim:        53360 kB
KernelStack:       14800 kB
PageTables:        15504 kB
NFS_Unstable:          0 kB
Bounce:                0 kB
WritebackTmp:          0 kB
CommitLimit:     1450072 kB
Committed_AS:   20290516 kB
VmallocTotal:   251658176 kB
VmallocUsed:       93324 kB
VmallocChunk:   251482716 kB


[2024-11-20 06:22:26]
MemTotal:        1858332 kB
MemFree:           41268 kB
Buffers:             480 kB
Cached:           194360 kB
SwapCached:        18272 kB
Active:           998416 kB
Inactive:         365480 kB
Active(anon):     950988 kB
Inactive(anon):   317868 kB
Active(file):      47428 kB
Inactive(file):    47612 kB
Unevictable:       99496 kB
Mlocked:           94212 kB
SwapTotal:        520908 kB
SwapFree:         363620 kB
Dirty:                 0 kB
Writeback:             0 kB
AnonPages:       1267000 kB
Mapped:           138784 kB
Shmem:               560 kB
Slab:              78084 kB
SReclaimable:      24732 kB
SUnreclaim:        53352 kB
KernelStack:       14800 kB
PageTables:        15504 kB
NFS_Unstable:          0 kB
Bounce:                0 kB
WritebackTmp:          0 kB
CommitLimit:     1450072 kB
Committed_AS:   20290436 kB
VmallocTotal:   251658176 kB
VmallocUsed:       93324 kB
VmallocChunk:   251482716 kB


[2024-11-20 06:22:29]
MemTotal:        1858332 kB
MemFree:           37744 kB
Buffers:             480 kB
Cached:           197856 kB
SwapCached:        18272 kB
Active:           998784 kB
Inactive:         368820 kB
Active(anon):     951356 kB
Inactive(anon):   317860 kB
Active(file):      47428 kB
Inactive(file):    50960 kB
Unevictable:       99496 kB
Mlocked:           94212 kB
SwapTotal:        520908 kB
SwapFree:         363624 kB
Dirty:                 0 kB
Writeback:             0 kB
AnonPages:       1267152 kB
Mapped:           138784 kB
Shmem:               560 kB
Slab:              78084 kB
SReclaimable:      24732 kB
SUnreclaim:        53352 kB
KernelStack:       14816 kB
PageTables:        15504 kB
NFS_Unstable:          0 kB
Bounce:                0 kB
WritebackTmp:          0 kB
CommitLimit:     1450072 kB
Committed_AS:   20290504 kB
VmallocTotal:   251658176 kB
VmallocUsed:       93324 kB
VmallocChunk:   251482716 kB


[2024-11-20 06:22:31]
MemTotal:        1858332 kB
MemFree:           39028 kB
Buffers:             480 kB
Cached:           196684 kB
SwapCached:        18272 kB
Active:           999416 kB
Inactive:         366772 kB
Active(anon):     951724 kB
Inactive(anon):   317100 kB
Active(file):      47692 kB
Inactive(file):    49672 kB
Unevictable:       99496 kB
Mlocked:           94212 kB
SwapTotal:        520908 kB
SwapFree:         362576 kB
Dirty:                 0 kB
Writeback:             0 kB
AnonPages:       1267016 kB
Mapped:           139220 kB
Shmem:               560 kB
Slab:              78228 kB
SReclaimable:      24908 kB
SUnreclaim:        53320 kB
KernelStack:       14848 kB
PageTables:        15532 kB
NFS_Unstable:          0 kB
Bounce:                0 kB
WritebackTmp:          0 kB
CommitLimit:     1450072 kB
Committed_AS:   20290556 kB
VmallocTotal:   251658176 kB
VmallocUsed:       93324 kB
VmallocChunk:   251482716 kB


[2024-11-20 06:22:34]
MemTotal:        1858332 kB
MemFree:           38936 kB
Buffers:             480 kB
Cached:           196792 kB
SwapCached:        18272 kB
Active:           999748 kB
Inactive:         366880 kB
Active(anon):     952056 kB
Inactive(anon):   317100 kB
Active(file):      47692 kB
Inactive(file):    49780 kB
Unevictable:       99496 kB
Mlocked:           94212 kB
SwapTotal:        520908 kB
SwapFree:         362576 kB
Dirty:                 0 kB
Writeback:             0 kB
AnonPages:       1267260 kB
Mapped:           138968 kB
Shmem:               560 kB
Slab:              78228 kB
SReclaimable:      24908 kB
SUnreclaim:        53320 kB
KernelStack:       14848 kB
PageTables:        15536 kB
NFS_Unstable:          0 kB
Bounce:                0 kB
WritebackTmp:          0 kB
CommitLimit:     1450072 kB
Committed_AS:   20290432 kB
VmallocTotal:   251658176 kB
VmallocUsed:       93324 kB
VmallocChunk:   251482716 kB


[2024-11-20 06:22:37]
MemTotal:        1858332 kB
MemFree:           38596 kB
Buffers:             480 kB
Cached:           196792 kB
SwapCached:        18272 kB
Active:           999540 kB
Inactive:         366880 kB
Active(anon):     951848 kB
Inactive(anon):   317100 kB
Active(file):      47692 kB
Inactive(file):    49780 kB
Unevictable:       99496 kB
Mlocked:           94212 kB
SwapTotal:        520908 kB
SwapFree:         362576 kB
Dirty:                 0 kB
Writeback:             0 kB
AnonPages:       1267056 kB
Mapped:           139032 kB
Shmem:               560 kB
Slab:              78228 kB
SReclaimable:      24908 kB
SUnreclaim:        53320 kB
KernelStack:       14816 kB
PageTables:        15504 kB
NFS_Unstable:          0 kB
Bounce:                0 kB
WritebackTmp:          0 kB
CommitLimit:     1450072 kB
Committed_AS:   20290520 kB
VmallocTotal:   251658176 kB
VmallocUsed:       93324 kB
VmallocChunk:   251482716 kB


[2024-11-20 06:22:39]
MemTotal:        1858332 kB
MemFree:           38392 kB
Buffers:             484 kB
Cached:           196824 kB
SwapCached:        18272 kB
Active:           999820 kB
Inactive:         366916 kB
Active(anon):     952128 kB
Inactive(anon):   317100 kB
Active(file):      47692 kB
Inactive(file):    49816 kB
Unevictable:       99496 kB
Mlocked:           94212 kB
SwapTotal:        520908 kB
SwapFree:         362576 kB
Dirty:                 0 kB
Writeback:             0 kB
AnonPages:       1267300 kB
Mapped:           139096 kB
Shmem:               560 kB
Slab:              78228 kB
SReclaimable:      24908 kB
SUnreclaim:        53320 kB
KernelStack:       14848 kB
PageTables:        15532 kB
NFS_Unstable:          0 kB
Bounce:                0 kB
WritebackTmp:          0 kB
CommitLimit:     1450072 kB
Committed_AS:   20290508 kB
VmallocTotal:   251658176 kB
VmallocUsed:       93324 kB
VmallocChunk:   251482716 kB


[2024-11-20 06:22:42]
MemTotal:        1858332 kB
MemFree:           38372 kB
Buffers:             484 kB
Cached:           196824 kB
SwapCached:        18272 kB
Active:           999848 kB
Inactive:         366916 kB
Active(anon):     952156 kB
Inactive(anon):   317100 kB
Active(file):      47692 kB
Inactive(file):    49816 kB
Unevictable:       99496 kB
Mlocked:           94212 kB
SwapTotal:        520908 kB
SwapFree:         362576 kB
Dirty:                 0 kB
Writeback:             0 kB
AnonPages:       1267384 kB
Mapped:           138852 kB
Shmem:               560 kB
Slab:              78228 kB
SReclaimable:      24908 kB
SUnreclaim:        53320 kB
KernelStack:       14800 kB
PageTables:        15504 kB
NFS_Unstable:          0 kB
Bounce:                0 kB
WritebackTmp:          0 kB
CommitLimit:     1450072 kB
Committed_AS:   20290524 kB
VmallocTotal:   251658176 kB
VmallocUsed:       93324 kB
VmallocChunk:   251482716 kB


[2024-11-20 06:22:44]
MemTotal:        1858332 kB
MemFree:           37788 kB
Buffers:             484 kB
Cached:           196824 kB
SwapCached:        18272 kB
Active:          1000584 kB
Inactive:         366912 kB
Active(anon):     952892 kB
Inactive(anon):   317096 kB
Active(file):      47692 kB
Inactive(file):    49816 kB
Unevictable:       99496 kB
Mlocked:           94212 kB
SwapTotal:        520908 kB
SwapFree:         362576 kB
Dirty:                 0 kB
Writeback:             0 kB
AnonPages:       1267976 kB
Mapped:           139128 kB
Shmem:               560 kB
Slab:              78228 kB
SReclaimable:      24908 kB
SUnreclaim:        53320 kB
KernelStack:       14832 kB
PageTables:        15536 kB
NFS_Unstable:          0 kB
Bounce:                0 kB
WritebackTmp:          0 kB
CommitLimit:     1450072 kB
Committed_AS:   20290500 kB
VmallocTotal:   251658176 kB
VmallocUsed:       93324 kB
VmallocChunk:   251482716 kB


[2024-11-20 06:22:47]
MemTotal:        1858332 kB
MemFree:           37980 kB
Buffers:             484 kB
Cached:           196824 kB
SwapCached:        18272 kB
Active:          1000692 kB
Inactive:         366912 kB
Active(anon):     953000 kB
Inactive(anon):   317096 kB
Active(file):      47692 kB
Inactive(file):    49816 kB
Unevictable:       99496 kB
Mlocked:           94212 kB
SwapTotal:        520908 kB
SwapFree:         362576 kB
Dirty:                 0 kB
Writeback:             0 kB
AnonPages:       1268260 kB
Mapped:           139220 kB
Shmem:               560 kB
Slab:              78228 kB
SReclaimable:      24908 kB
SUnreclaim:        53320 kB
KernelStack:       14816 kB
PageTables:        15504 kB
NFS_Unstable:          0 kB
Bounce:                0 kB
WritebackTmp:          0 kB
CommitLimit:     1450072 kB
Committed_AS:   20290404 kB
VmallocTotal:   251658176 kB
VmallocUsed:       93324 kB
VmallocChunk:   251482716 kB


[2024-11-20 06:22:49]
MemTotal:        1858332 kB
MemFree:           37776 kB
Buffers:             484 kB
Cached:           196824 kB
SwapCached:        18272 kB
Active:          1000976 kB
Inactive:         366912 kB
Active(anon):     953284 kB
Inactive(anon):   317096 kB
Active(file):      47692 kB
Inactive(file):    49816 kB
Unevictable:       99496 kB
Mlocked:           94212 kB
SwapTotal:        520908 kB
SwapFree:         362576 kB
Dirty:                 0 kB
Writeback:             0 kB
AnonPages:       1268564 kB
Mapped:           139220 kB
Shmem:               560 kB
Slab:              78228 kB
SReclaimable:      24908 kB
SUnreclaim:        53320 kB
KernelStack:       14816 kB
PageTables:        15504 kB
NFS_Unstable:          0 kB
Bounce:                0 kB
WritebackTmp:          0 kB
CommitLimit:     1450072 kB
Committed_AS:   20290388 kB
VmallocTotal:   251658176 kB
VmallocUsed:       93324 kB
VmallocChunk:   251482716 kB


[2024-11-20 06:22:52]
MemTotal:        1858332 kB
MemFree:           37160 kB
Buffers:             484 kB
Cached:           196824 kB
SwapCached:        18272 kB
Active:          1001304 kB
Inactive:         366912 kB
Active(anon):     953612 kB
Inactive(anon):   317096 kB
Active(file):      47692 kB
Inactive(file):    49816 kB
Unevictable:       99496 kB
Mlocked:           94212 kB
SwapTotal:        520908 kB
SwapFree:         362652 kB
Dirty:                 0 kB
Writeback:             0 kB
AnonPages:       1268864 kB
Mapped:           139036 kB
Shmem:               560 kB
Slab:              78228 kB
SReclaimable:      24908 kB
SUnreclaim:        53320 kB
KernelStack:       14816 kB
PageTables:        15504 kB
NFS_Unstable:          0 kB
Bounce:                0 kB
WritebackTmp:          0 kB
CommitLimit:     1450072 kB
Committed_AS:   20290424 kB
VmallocTotal:   251658176 kB
VmallocUsed:       93324 kB
VmallocChunk:   251482716 kB


[2024-11-20 06:22:55]
MemTotal:        1858332 kB
MemFree:           36504 kB
Buffers:             484 kB
Cached:           196824 kB
SwapCached:        18272 kB
Active:          1002148 kB
Inactive:         366908 kB
Active(anon):     954456 kB
Inactive(anon):   317092 kB
Active(file):      47692 kB
Inactive(file):    49816 kB
Unevictable:       99496 kB
Mlocked:           94212 kB
SwapTotal:        520908 kB
SwapFree:         362652 kB
Dirty:                 0 kB
Writeback:             0 kB
AnonPages:       1269728 kB
Mapped:           139220 kB
Shmem:               560 kB
Slab:              78228 kB
SReclaimable:      24908 kB
SUnreclaim:        53320 kB
KernelStack:       14848 kB
PageTables:        15544 kB
NFS_Unstable:          0 kB
Bounce:                0 kB
WritebackTmp:          0 kB
CommitLimit:     1450072 kB
Committed_AS:   20290480 kB
VmallocTotal:   251658176 kB
VmallocUsed:       93324 kB
VmallocChunk:   251482716 kB


[2024-11-20 06:22:57]
MemTotal:        1858332 kB
MemFree:           42348 kB
Buffers:             484 kB
Cached:           196824 kB
SwapCached:        18272 kB
Active:           996504 kB
Inactive:         366356 kB
Active(anon):     948812 kB
Inactive(anon):   316540 kB
Active(file):      47692 kB
Inactive(file):    49816 kB
Unevictable:       99496 kB
Mlocked:           94212 kB
SwapTotal:        520908 kB
SwapFree:         362656 kB
Dirty:                 0 kB
Writeback:             0 kB
AnonPages:       1263424 kB
Mapped:           138348 kB
Shmem:               560 kB
Slab:              78228 kB
SReclaimable:      24908 kB
SUnreclaim:        53320 kB
KernelStack:       14848 kB
PageTables:        15524 kB
NFS_Unstable:          0 kB
Bounce:                0 kB
WritebackTmp:          0 kB
CommitLimit:     1450072 kB
Committed_AS:   20290540 kB
VmallocTotal:   251658176 kB
VmallocUsed:       93324 kB
VmallocChunk:   251482716 kB


[2024-11-20 06:23:00]
MemTotal:        1858332 kB
MemFree:           42364 kB
Buffers:             484 kB
Cached:           196824 kB
SwapCached:        18272 kB
Active:           996956 kB
Inactive:         366352 kB
Active(anon):     949264 kB
Inactive(anon):   316536 kB
Active(file):      47692 kB
Inactive(file):    49816 kB
Unevictable:       99496 kB
Mlocked:           94212 kB
SwapTotal:        520908 kB
SwapFree:         362656 kB
Dirty:                 0 kB
Writeback:             0 kB
AnonPages:       1264000 kB
Mapped:           138284 kB
Shmem:               560 kB
Slab:              78228 kB
SReclaimable:      24908 kB
SUnreclaim:        53320 kB
KernelStack:       14816 kB
PageTables:        15492 kB
NFS_Unstable:          0 kB
Bounce:                0 kB
WritebackTmp:          0 kB
CommitLimit:     1450072 kB
Committed_AS:   20290448 kB
VmallocTotal:   251658176 kB
VmallocUsed:       93324 kB
VmallocChunk:   251482716 kB


[2024-11-20 06:23:02]
MemTotal:        1858332 kB
MemFree:           42308 kB
Buffers:             484 kB
Cached:           196824 kB
SwapCached:        18276 kB
Active:           996752 kB
Inactive:         366356 kB
Active(anon):     949060 kB
Inactive(anon):   316540 kB
Active(file):      47692 kB
Inactive(file):    49816 kB
Unevictable:       99496 kB
Mlocked:           94212 kB
SwapTotal:        520908 kB
SwapFree:         362676 kB
Dirty:                 0 kB
Writeback:             0 kB
AnonPages:       1263880 kB
Mapped:           138196 kB
Shmem:               560 kB
Slab:              78228 kB
SReclaimable:      24908 kB
SUnreclaim:        53320 kB
KernelStack:       14848 kB
PageTables:        15520 kB
NFS_Unstable:          0 kB
Bounce:                0 kB
WritebackTmp:          0 kB
CommitLimit:     1450072 kB
Committed_AS:   20290372 kB
VmallocTotal:   251658176 kB
VmallocUsed:       93324 kB
VmallocChunk:   251482716 kB


[2024-11-20 06:23:05]
MemTotal:        1858332 kB
MemFree:           42056 kB
Buffers:             484 kB
Cached:           196920 kB
SwapCached:        18276 kB
Active:           997176 kB
Inactive:         366432 kB
Active(anon):     949484 kB
Inactive(anon):   316520 kB
Active(file):      47692 kB
Inactive(file):    49912 kB
Unevictable:       99496 kB
Mlocked:           94212 kB
SwapTotal:        520908 kB
SwapFree:         362676 kB
Dirty:                 0 kB
Writeback:             0 kB
AnonPages:       1264068 kB
Mapped:           138312 kB
Shmem:               560 kB
Slab:              78228 kB
SReclaimable:      24908 kB
SUnreclaim:        53320 kB
KernelStack:       14848 kB
PageTables:        15524 kB
NFS_Unstable:          0 kB
Bounce:                0 kB
WritebackTmp:          0 kB
CommitLimit:     1450072 kB
Committed_AS:   20290544 kB
VmallocTotal:   251658176 kB
VmallocUsed:       93324 kB
VmallocChunk:   251482716 kB


[2024-11-20 06:23:08]
MemTotal:        1858332 kB
MemFree:           41652 kB
Buffers:             484 kB
Cached:           197032 kB
SwapCached:        18276 kB
Active:           997500 kB
Inactive:         366540 kB
Active(anon):     949808 kB
Inactive(anon):   316516 kB
Active(file):      47692 kB
Inactive(file):    50024 kB
Unevictable:       99496 kB
Mlocked:           94212 kB
SwapTotal:        520908 kB
SwapFree:         362680 kB
Dirty:                 0 kB
Writeback:             0 kB
AnonPages:       1264496 kB
Mapped:           138476 kB
Shmem:               560 kB
Slab:              78228 kB
SReclaimable:      24908 kB
SUnreclaim:        53320 kB
KernelStack:       14816 kB
PageTables:        15492 kB
NFS_Unstable:          0 kB
Bounce:                0 kB
WritebackTmp:          0 kB
CommitLimit:     1450072 kB
Committed_AS:   20290540 kB
VmallocTotal:   251658176 kB
VmallocUsed:       93324 kB
VmallocChunk:   251482716 kB


[2024-11-20 06:23:10]
MemTotal:        1858332 kB
MemFree:           41304 kB
Buffers:             484 kB
Cached:           197032 kB
SwapCached:        18276 kB
Active:           997556 kB
Inactive:         366544 kB
Active(anon):     949864 kB
Inactive(anon):   316520 kB
Active(file):      47692 kB
Inactive(file):    50024 kB
Unevictable:       99496 kB
Mlocked:           94212 kB
SwapTotal:        520908 kB
SwapFree:         362680 kB
Dirty:                 0 kB
Writeback:             0 kB
AnonPages:       1264480 kB
Mapped:           138344 kB
Shmem:               560 kB
Slab:              78228 kB
SReclaimable:      24908 kB
SUnreclaim:        53320 kB
KernelStack:       14848 kB
PageTables:        15520 kB
NFS_Unstable:          0 kB
Bounce:                0 kB
WritebackTmp:          0 kB
CommitLimit:     1450072 kB
Committed_AS:   20290536 kB
VmallocTotal:   251658176 kB
VmallocUsed:       93324 kB
VmallocChunk:   251482716 kB


[2024-11-20 06:23:13]
MemTotal:        1858332 kB
MemFree:           41444 kB
Buffers:             484 kB
Cached:           197032 kB
SwapCached:        18260 kB
Active:           997768 kB
Inactive:         366460 kB
Active(anon):     950076 kB
Inactive(anon):   316436 kB
Active(file):      47692 kB
Inactive(file):    50024 kB
Unevictable:       99496 kB
Mlocked:           94212 kB
SwapTotal:        520908 kB
SwapFree:         363044 kB
Dirty:                 0 kB
Writeback:             0 kB
AnonPages:       1264736 kB
Mapped:           138476 kB
Shmem:               560 kB
Slab:              78228 kB
SReclaimable:      24908 kB
SUnreclaim:        53320 kB
KernelStack:       14816 kB
PageTables:        15492 kB
NFS_Unstable:          0 kB
Bounce:                0 kB
WritebackTmp:          0 kB
CommitLimit:     1450072 kB
Committed_AS:   20290648 kB
VmallocTotal:   251658176 kB
VmallocUsed:       93324 kB
VmallocChunk:   251482716 kB


[2024-11-20 06:23:15]
MemTotal:        1858332 kB
MemFree:           41344 kB
Buffers:             484 kB
Cached:           197032 kB
SwapCached:        18260 kB
Active:           998176 kB
Inactive:         366460 kB
Active(anon):     950484 kB
Inactive(anon):   316436 kB
Active(file):      47692 kB
Inactive(file):    50024 kB
Unevictable:       99496 kB
Mlocked:           94212 kB
SwapTotal:        520908 kB
SwapFree:         363044 kB
Dirty:                 0 kB
Writeback:             0 kB
AnonPages:       1265048 kB
Mapped:           138416 kB
Shmem:               560 kB
Slab:              78228 kB
SReclaimable:      24908 kB
SUnreclaim:        53320 kB
KernelStack:       14848 kB
PageTables:        15520 kB
NFS_Unstable:          0 kB
Bounce:                0 kB
WritebackTmp:          0 kB
CommitLimit:     1450072 kB
Committed_AS:   20290596 kB
VmallocTotal:   251658176 kB
VmallocUsed:       93324 kB
VmallocChunk:   251482716 kB


[2024-11-20 06:23:18]
MemTotal:        1858332 kB
MemFree:           40756 kB
Buffers:             484 kB
Cached:           194268 kB
SwapCached:        18264 kB
Active:          1000212 kB
Inactive:         364876 kB
Active(anon):     952728 kB
Inactive(anon):   317356 kB
Active(file):      47484 kB
Inactive(file):    47520 kB
Unevictable:       99496 kB
Mlocked:           94212 kB
SwapTotal:        520908 kB
SwapFree:         362716 kB
Dirty:                 0 kB
Writeback:             0 kB
AnonPages:       1268348 kB
Mapped:           142172 kB
Shmem:               560 kB
Slab:              78228 kB
SReclaimable:      24908 kB
SUnreclaim:        53320 kB
KernelStack:       14992 kB
PageTables:        16108 kB
NFS_Unstable:          0 kB
Bounce:                0 kB
WritebackTmp:          0 kB
CommitLimit:     1450072 kB
Committed_AS:   22211864 kB
VmallocTotal:   251658176 kB
VmallocUsed:       94344 kB
VmallocChunk:   251482716 kB


[2024-11-20 06:23:20]
MemTotal:        1858332 kB
MemFree:           36012 kB
Buffers:             484 kB
Cached:           192032 kB
SwapCached:        18260 kB
Active:          1004124 kB
Inactive:         364604 kB
Active(anon):     957840 kB
Inactive(anon):   318172 kB
Active(file):      46284 kB
Inactive(file):    46432 kB
Unevictable:       99496 kB
Mlocked:           94212 kB
SwapTotal:        520908 kB
SwapFree:         362232 kB
Dirty:                28 kB
Writeback:             0 kB
AnonPages:       1274424 kB
Mapped:           146524 kB
Shmem:               560 kB
Slab:              78148 kB
SReclaimable:      24828 kB
SUnreclaim:        53320 kB
KernelStack:       15232 kB
PageTables:        16784 kB
NFS_Unstable:          0 kB
Bounce:                0 kB
WritebackTmp:          0 kB
CommitLimit:     1450072 kB
Committed_AS:   24134496 kB
VmallocTotal:   251658176 kB
VmallocUsed:       95364 kB
VmallocChunk:   251482716 kB


[2024-11-20 06:23:23]
MemTotal:        1858332 kB
MemFree:           41264 kB
Buffers:             496 kB
Cached:           189296 kB
SwapCached:        18260 kB
Active:           999188 kB
Inactive:         364556 kB
Active(anon):     953764 kB
Inactive(anon):   319988 kB
Active(file):      45424 kB
Inactive(file):    44568 kB
Unevictable:       99496 kB
Mlocked:           94212 kB
SwapTotal:        520908 kB
SwapFree:         361832 kB
Dirty:                84 kB
Writeback:             0 kB
AnonPages:       1272328 kB
Mapped:           145148 kB
Shmem:               560 kB
Slab:              78148 kB
SReclaimable:      24828 kB
SUnreclaim:        53320 kB
KernelStack:       15088 kB
PageTables:        16168 kB
NFS_Unstable:          0 kB
Bounce:                0 kB
WritebackTmp:          0 kB
CommitLimit:     1450072 kB
Committed_AS:   22211732 kB
VmallocTotal:   251658176 kB
VmallocUsed:       94344 kB
VmallocChunk:   251482716 kB


[2024-11-20 06:23:25]
MemTotal:        1858332 kB
MemFree:           40704 kB
Buffers:             504 kB
Cached:           189484 kB
SwapCached:        18260 kB
Active:           999560 kB
Inactive:         364560 kB
Active(anon):     954124 kB
Inactive(anon):   319992 kB
Active(file):      45436 kB
Inactive(file):    44568 kB
Unevictable:       99496 kB
Mlocked:           94212 kB
SwapTotal:        520908 kB
SwapFree:         361836 kB
Dirty:                60 kB
Writeback:             0 kB
AnonPages:       1272636 kB
Mapped:           145356 kB
Shmem:               560 kB
Slab:              78148 kB
SReclaimable:      24828 kB
SUnreclaim:        53320 kB
KernelStack:       15088 kB
PageTables:        16192 kB
NFS_Unstable:          0 kB
Bounce:                0 kB
WritebackTmp:          0 kB
CommitLimit:     1450072 kB
Committed_AS:   22211536 kB
VmallocTotal:   251658176 kB
VmallocUsed:       94344 kB
VmallocChunk:   251482716 kB


[2024-11-20 06:23:28]
MemTotal:        1858332 kB
MemFree:           40008 kB
Buffers:             504 kB
Cached:           190320 kB
SwapCached:        18260 kB
Active:           999508 kB
Inactive:         365576 kB
Active(anon):     954068 kB
Inactive(anon):   319992 kB
Active(file):      45440 kB
Inactive(file):    45584 kB
Unevictable:       99496 kB
Mlocked:           94212 kB
SwapTotal:        520908 kB
SwapFree:         361836 kB
Dirty:                60 kB
Writeback:             0 kB
AnonPages:       1272520 kB
Mapped:           145304 kB
Shmem:               560 kB
Slab:              78148 kB
SReclaimable:      24828 kB
SUnreclaim:        53320 kB
KernelStack:       15056 kB
PageTables:        16176 kB
NFS_Unstable:          0 kB
Bounce:                0 kB
WritebackTmp:          0 kB
CommitLimit:     1450072 kB
Committed_AS:   22211500 kB
VmallocTotal:   251658176 kB
VmallocUsed:       94344 kB
VmallocChunk:   251482716 kB


[2024-11-20 06:23:30]
MemTotal:        1858332 kB
MemFree:           39856 kB
Buffers:             512 kB
Cached:           190320 kB
SwapCached:        18260 kB
Active:           999768 kB
Inactive:         365584 kB
Active(anon):     954328 kB
Inactive(anon):   319992 kB
Active(file):      45440 kB
Inactive(file):    45592 kB
Unevictable:       99496 kB
Mlocked:           94212 kB
SwapTotal:        520908 kB
SwapFree:         361836 kB
Dirty:                16 kB
Writeback:             0 kB
AnonPages:       1272548 kB
Mapped:           145304 kB
Shmem:               560 kB
Slab:              78148 kB
SReclaimable:      24828 kB
SUnreclaim:        53320 kB
KernelStack:       15088 kB
PageTables:        16192 kB
NFS_Unstable:          0 kB
Bounce:                0 kB
WritebackTmp:          0 kB
CommitLimit:     1450072 kB
Committed_AS:   22211448 kB
VmallocTotal:   251658176 kB
VmallocUsed:       94344 kB
VmallocChunk:   251482716 kB


[2024-11-20 06:23:33]
MemTotal:        1858332 kB
MemFree:           39480 kB
Buffers:             512 kB
Cached:           190320 kB
SwapCached:        18260 kB
Active:           999920 kB
Inactive:         365584 kB
Active(anon):     954480 kB
Inactive(anon):   319992 kB
Active(file):      45440 kB
Inactive(file):    45592 kB
Unevictable:       99496 kB
Mlocked:           94212 kB
SwapTotal:        520908 kB
SwapFree:         361836 kB
Dirty:                16 kB
Writeback:             0 kB
AnonPages:       1272868 kB
Mapped:           145488 kB
Shmem:               560 kB
Slab:              78148 kB
SReclaimable:      24828 kB
SUnreclaim:        53320 kB
KernelStack:       15056 kB
PageTables:        16176 kB
NFS_Unstable:          0 kB
Bounce:                0 kB
WritebackTmp:          0 kB
CommitLimit:     1450072 kB
Committed_AS:   22211560 kB
VmallocTotal:   251658176 kB
VmallocUsed:       94344 kB
VmallocChunk:   251482716 kB


[2024-11-20 06:23:35]
MemTotal:        1858332 kB
MemFree:           39672 kB
Buffers:             512 kB
Cached:           190700 kB
SwapCached:        18260 kB
Active:          1000012 kB
Inactive:         365364 kB
Active(anon):     954572 kB
Inactive(anon):   319416 kB
Active(file):      45440 kB
Inactive(file):    45948 kB
Unevictable:       99496 kB
Mlocked:           94212 kB
SwapTotal:        520908 kB
SwapFree:         361836 kB
Dirty:                 0 kB
Writeback:             0 kB
AnonPages:       1272432 kB
Mapped:           145524 kB
Shmem:               560 kB
Slab:              78148 kB
SReclaimable:      24828 kB
SUnreclaim:        53320 kB
KernelStack:       15088 kB
PageTables:        16212 kB
NFS_Unstable:          0 kB
Bounce:                0 kB
WritebackTmp:          0 kB
CommitLimit:     1450072 kB
Committed_AS:   22211632 kB
VmallocTotal:   251658176 kB
VmallocUsed:       94344 kB
VmallocChunk:   251482716 kB


[2024-11-20 06:23:38]
MemTotal:        1858332 kB
MemFree:           39664 kB
Buffers:             512 kB
Cached:           190700 kB
SwapCached:        18260 kB
Active:          1000256 kB
Inactive:         365368 kB
Active(anon):     954816 kB
Inactive(anon):   319396 kB
Active(file):      45440 kB
Inactive(file):    45972 kB
Unevictable:       99496 kB
Mlocked:           94212 kB
SwapTotal:        520908 kB
SwapFree:         361836 kB
Dirty:                 0 kB
Writeback:             0 kB
AnonPages:       1272680 kB
Mapped:           145500 kB
Shmem:               560 kB
Slab:              78148 kB
SReclaimable:      24828 kB
SUnreclaim:        53320 kB
KernelStack:       15008 kB
PageTables:        16176 kB
NFS_Unstable:          0 kB
Bounce:                0 kB
WritebackTmp:          0 kB
CommitLimit:     1450072 kB
Committed_AS:   22211668 kB
VmallocTotal:   251658176 kB
VmallocUsed:       94344 kB
VmallocChunk:   251482716 kB


[2024-11-20 06:23:40]
MemTotal:        1858332 kB
MemFree:           39568 kB
Buffers:             512 kB
Cached:           190700 kB
SwapCached:        18260 kB
Active:          1000144 kB
Inactive:         365368 kB
Active(anon):     954704 kB
Inactive(anon):   319396 kB
Active(file):      45440 kB
Inactive(file):    45972 kB
Unevictable:       99496 kB
Mlocked:           94212 kB
SwapTotal:        520908 kB
SwapFree:         361836 kB
Dirty:                 0 kB
Writeback:             0 kB
AnonPages:       1272460 kB
Mapped:           145500 kB
Shmem:               560 kB
Slab:              78148 kB
SReclaimable:      24828 kB
SUnreclaim:        53320 kB
KernelStack:       15008 kB
PageTables:        16176 kB
NFS_Unstable:          0 kB
Bounce:                0 kB
WritebackTmp:          0 kB
CommitLimit:     1450072 kB
Committed_AS:   22211740 kB
VmallocTotal:   251658176 kB
VmallocUsed:       94344 kB
VmallocChunk:   251482716 kB


[2024-11-20 06:23:43]
MemTotal:        1858332 kB
MemFree:           39404 kB
Buffers:             512 kB
Cached:           190700 kB
SwapCached:        18260 kB
Active:          1000448 kB
Inactive:         365360 kB
Active(anon):     955000 kB
Inactive(anon):   319396 kB
Active(file):      45448 kB
Inactive(file):    45964 kB
Unevictable:       99496 kB
Mlocked:           94212 kB
SwapTotal:        520908 kB
SwapFree:         361836 kB
Dirty:                 0 kB
Writeback:             0 kB
AnonPages:       1272580 kB
Mapped:           145584 kB
Shmem:               560 kB
Slab:              78148 kB
SReclaimable:      24828 kB
SUnreclaim:        53320 kB
KernelStack:       15040 kB
PageTables:        16204 kB
NFS_Unstable:          0 kB
Bounce:                0 kB
WritebackTmp:          0 kB
CommitLimit:     1450072 kB
Committed_AS:   22211652 kB
VmallocTotal:   251658176 kB
VmallocUsed:       94344 kB
VmallocChunk:   251482716 kB


[2024-11-20 06:23:46]
MemTotal:        1858332 kB
MemFree:           39140 kB
Buffers:             512 kB
Cached:           190700 kB
SwapCached:        18260 kB
Active:          1001032 kB
Inactive:         365364 kB
Active(anon):     955584 kB
Inactive(anon):   319400 kB
Active(file):      45448 kB
Inactive(file):    45964 kB
Unevictable:       99496 kB
Mlocked:           94212 kB
SwapTotal:        520908 kB
SwapFree:         361840 kB
Dirty:                 0 kB
Writeback:             0 kB
AnonPages:       1273460 kB
Mapped:           145500 kB
Shmem:               560 kB
Slab:              78148 kB
SReclaimable:      24828 kB
SUnreclaim:        53320 kB
KernelStack:       15008 kB
PageTables:        16176 kB
NFS_Unstable:          0 kB
Bounce:                0 kB
WritebackTmp:          0 kB
CommitLimit:     1450072 kB
Committed_AS:   22211704 kB
VmallocTotal:   251658176 kB
VmallocUsed:       94344 kB
VmallocChunk:   251482716 kB


[2024-11-20 06:23:48]
MemTotal:        1858332 kB
MemFree:           38548 kB
Buffers:             512 kB
Cached:           190700 kB
SwapCached:        18260 kB
Active:          1001284 kB
Inactive:         365364 kB
Active(anon):     955836 kB
Inactive(anon):   319400 kB
Active(file):      45448 kB
Inactive(file):    45964 kB
Unevictable:       99496 kB
Mlocked:           94212 kB
SwapTotal:        520908 kB
SwapFree:         361840 kB
Dirty:                 0 kB
Writeback:             0 kB
AnonPages:       1273724 kB
Mapped:           145548 kB
Shmem:               560 kB
Slab:              78148 kB
SReclaimable:      24828 kB
SUnreclaim:        53320 kB
KernelStack:       15040 kB
PageTables:        16208 kB
NFS_Unstable:          0 kB
Bounce:                0 kB
WritebackTmp:          0 kB
CommitLimit:     1450072 kB
Committed_AS:   22211616 kB
VmallocTotal:   251658176 kB
VmallocUsed:       94344 kB
VmallocChunk:   251482716 kB


[2024-11-20 06:23:50]
MemTotal:        1858332 kB
MemFree:           38100 kB
Buffers:             512 kB
Cached:           190700 kB
SwapCached:        18260 kB
Active:          1001612 kB
Inactive:         365364 kB
Active(anon):     956164 kB
Inactive(anon):   319400 kB
Active(file):      45448 kB
Inactive(file):    45964 kB
Unevictable:       99496 kB
Mlocked:           94212 kB
SwapTotal:        520908 kB
SwapFree:         361840 kB
Dirty:                 0 kB
Writeback:             0 kB
AnonPages:       1273772 kB
Mapped:           145500 kB
Shmem:               560 kB
Slab:              78148 kB
SReclaimable:      24828 kB
SUnreclaim:        53320 kB
KernelStack:       15008 kB
PageTables:        16176 kB
NFS_Unstable:          0 kB
Bounce:                0 kB
WritebackTmp:          0 kB
CommitLimit:     1450072 kB
Committed_AS:   22211644 kB
VmallocTotal:   251658176 kB
VmallocUsed:       94344 kB
VmallocChunk:   251482716 kB


[2024-11-20 06:23:53]
MemTotal:        1858332 kB
MemFree:           38204 kB
Buffers:             512 kB
Cached:           190700 kB
SwapCached:        18260 kB
Active:          1001720 kB
Inactive:         365364 kB
Active(anon):     956272 kB
Inactive(anon):   319400 kB
Active(file):      45448 kB
Inactive(file):    45964 kB
Unevictable:       99496 kB
Mlocked:           94212 kB
SwapTotal:        520908 kB
SwapFree:         361840 kB
Dirty:                 0 kB
Writeback:             0 kB
AnonPages:       1274020 kB
Mapped:           145504 kB
Shmem:               560 kB
Slab:              78148 kB
SReclaimable:      24828 kB
SUnreclaim:        53320 kB
KernelStack:       15040 kB
PageTables:        16208 kB
NFS_Unstable:          0 kB
Bounce:                0 kB
WritebackTmp:          0 kB
CommitLimit:     1450072 kB
Committed_AS:   22211732 kB
VmallocTotal:   251658176 kB
VmallocUsed:       94344 kB
VmallocChunk:   251482716 kB


[2024-11-20 06:23:56]
MemTotal:        1858332 kB
MemFree:           38456 kB
Buffers:             512 kB
Cached:           190700 kB
SwapCached:        18260 kB
Active:          1001752 kB
Inactive:         365364 kB
Active(anon):     956304 kB
Inactive(anon):   319400 kB
Active(file):      45448 kB
Inactive(file):    45964 kB
Unevictable:       99496 kB
Mlocked:           94212 kB
SwapTotal:        520908 kB
SwapFree:         361884 kB
Dirty:                 0 kB
Writeback:             0 kB
AnonPages:       1273852 kB
Mapped:           145504 kB
Shmem:               560 kB
Slab:              78148 kB
SReclaimable:      24828 kB
SUnreclaim:        53320 kB
KernelStack:       15008 kB
PageTables:        16176 kB
NFS_Unstable:          0 kB
Bounce:                0 kB
WritebackTmp:          0 kB
CommitLimit:     1450072 kB
Committed_AS:   22211596 kB
VmallocTotal:   251658176 kB
VmallocUsed:       94344 kB
VmallocChunk:   251482716 kB


[2024-11-20 06:23:58]
MemTotal:        1858332 kB
MemFree:           37852 kB
Buffers:             512 kB
Cached:           190700 kB
SwapCached:        18260 kB
Active:          1002088 kB
Inactive:         365372 kB
Active(anon):     956640 kB
Inactive(anon):   319408 kB
Active(file):      45448 kB
Inactive(file):    45964 kB
Unevictable:       99496 kB
Mlocked:           94212 kB
SwapTotal:        520908 kB
SwapFree:         361884 kB
Dirty:                 0 kB
Writeback:             0 kB
AnonPages:       1274544 kB
Mapped:           145568 kB
Shmem:               560 kB
Slab:              78148 kB
SReclaimable:      24828 kB
SUnreclaim:        53320 kB
KernelStack:       15040 kB
PageTables:        16204 kB
NFS_Unstable:          0 kB
Bounce:                0 kB
WritebackTmp:          0 kB
CommitLimit:     1450072 kB
Committed_AS:   22211520 kB
VmallocTotal:   251658176 kB
VmallocUsed:       94344 kB
VmallocChunk:   251482716 kB


[2024-11-20 06:24:00]
MemTotal:        1858332 kB
MemFree:           37744 kB
Buffers:             512 kB
Cached:           190700 kB
SwapCached:        18260 kB
Active:          1002364 kB
Inactive:         365372 kB
Active(anon):     956916 kB
Inactive(anon):   319408 kB
Active(file):      45448 kB
Inactive(file):    45964 kB
Unevictable:       99496 kB
Mlocked:           94212 kB
SwapTotal:        520908 kB
SwapFree:         361884 kB
Dirty:                 0 kB
Writeback:             0 kB
AnonPages:       1274668 kB
Mapped:           145504 kB
Shmem:               560 kB
Slab:              78148 kB
SReclaimable:      24828 kB
SUnreclaim:        53320 kB
KernelStack:       15008 kB
PageTables:        16176 kB
NFS_Unstable:          0 kB
Bounce:                0 kB
WritebackTmp:          0 kB
CommitLimit:     1450072 kB
Committed_AS:   22211560 kB
VmallocTotal:   251658176 kB
VmallocUsed:       94344 kB
VmallocChunk:   251482716 kB


[2024-11-20 06:24:03]
MemTotal:        1858332 kB
MemFree:           33984 kB
Buffers:             512 kB
Cached:           190700 kB
SwapCached:        18260 kB
Active:          1005596 kB
Inactive:         365376 kB
Active(anon):     960148 kB
Inactive(anon):   319412 kB
Active(file):      45448 kB
Inactive(file):    45964 kB
Unevictable:       99496 kB
Mlocked:           94212 kB
SwapTotal:        520908 kB
SwapFree:         361888 kB
Dirty:                 0 kB
Writeback:             0 kB
AnonPages:       1277992 kB
Mapped:           145580 kB
Shmem:               560 kB
Slab:              78148 kB
SReclaimable:      24828 kB
SUnreclaim:        53320 kB
KernelStack:       15040 kB
PageTables:        16208 kB
NFS_Unstable:          0 kB
Bounce:                0 kB
WritebackTmp:          0 kB
CommitLimit:     1450072 kB
Committed_AS:   22211420 kB
VmallocTotal:   251658176 kB
VmallocUsed:       94344 kB
VmallocChunk:   251482716 kB


[2024-11-20 06:24:06]
MemTotal:        1858332 kB
MemFree:           37060 kB
Buffers:             512 kB
Cached:           190928 kB
SwapCached:        18260 kB
Active:          1002376 kB
Inactive:         366304 kB
Active(anon):     956956 kB
Inactive(anon):   320112 kB
Active(file):      45420 kB
Inactive(file):    46192 kB
Unevictable:       99496 kB
Mlocked:           94212 kB
SwapTotal:        520908 kB
SwapFree:         361508 kB
Dirty:                 0 kB
Writeback:             0 kB
AnonPages:       1275476 kB
Mapped:           138768 kB
Shmem:               560 kB
Slab:              78260 kB
SReclaimable:      24940 kB
SUnreclaim:        53320 kB
KernelStack:       14784 kB
PageTables:        15508 kB
NFS_Unstable:          0 kB
Bounce:                0 kB
WritebackTmp:          0 kB
CommitLimit:     1450072 kB
Committed_AS:   20290596 kB
VmallocTotal:   251658176 kB
VmallocUsed:       93324 kB
VmallocChunk:   251482716 kB


[2024-11-20 06:24:08]
MemTotal:        1858332 kB
MemFree:           38468 kB
Buffers:             504 kB
Cached:           190008 kB
SwapCached:        18260 kB
Active:          1003420 kB
Inactive:         364064 kB
Active(anon):     957992 kB
Inactive(anon):   318876 kB
Active(file):      45428 kB
Inactive(file):    45188 kB
Unevictable:       99496 kB
Mlocked:           94212 kB
SwapTotal:        520908 kB
SwapFree:         360124 kB
Dirty:                 0 kB
Writeback:             0 kB
AnonPages:       1274760 kB
Mapped:           137352 kB
Shmem:               556 kB
Slab:              78284 kB
SReclaimable:      24956 kB
SUnreclaim:        53328 kB
KernelStack:       14816 kB
PageTables:        15548 kB
NFS_Unstable:          0 kB
Bounce:                0 kB
WritebackTmp:          0 kB
CommitLimit:     1450072 kB
Committed_AS:   20290460 kB
VmallocTotal:   251658176 kB
VmallocUsed:       93324 kB
VmallocChunk:   251482716 kB


[2024-11-20 06:24:11]
MemTotal:        1858332 kB
MemFree:           45428 kB
Buffers:             504 kB
Cached:           190040 kB
SwapCached:        18260 kB
Active:           996324 kB
Inactive:         364144 kB
Active(anon):     950896 kB
Inactive(anon):   318824 kB
Active(file):      45428 kB
Inactive(file):    45320 kB
Unevictable:       99496 kB
Mlocked:           94212 kB
SwapTotal:        520908 kB
SwapFree:         360280 kB
Dirty:                 0 kB
Writeback:             0 kB
AnonPages:       1267844 kB
Mapped:           136820 kB
Shmem:               556 kB
Slab:              78284 kB
SReclaimable:      24956 kB
SUnreclaim:        53328 kB
KernelStack:       14784 kB
PageTables:        15500 kB
NFS_Unstable:          0 kB
Bounce:                0 kB
WritebackTmp:          0 kB
CommitLimit:     1450072 kB
Committed_AS:   20290476 kB
VmallocTotal:   251658176 kB
VmallocUsed:       93324 kB
VmallocChunk:   251482716 kB


[2024-11-20 06:24:13]
MemTotal:        1858332 kB
MemFree:           44644 kB
Buffers:             504 kB
Cached:           190908 kB
SwapCached:        18260 kB
Active:           996656 kB
Inactive:         364456 kB
Active(anon):     951228 kB
Inactive(anon):   318268 kB
Active(file):      45428 kB
Inactive(file):    46188 kB
Unevictable:       99496 kB
Mlocked:           94212 kB
SwapTotal:        520908 kB
SwapFree:         360280 kB
Dirty:                 0 kB
Writeback:             0 kB
AnonPages:       1267720 kB
Mapped:           136828 kB
Shmem:               556 kB
Slab:              78300 kB
SReclaimable:      24972 kB
SUnreclaim:        53328 kB
KernelStack:       14816 kB
PageTables:        15532 kB
NFS_Unstable:          0 kB
Bounce:                0 kB
WritebackTmp:          0 kB
CommitLimit:     1450072 kB
Committed_AS:   20290568 kB
VmallocTotal:   251658176 kB
VmallocUsed:       93324 kB
VmallocChunk:   251482716 kB


[2024-11-20 06:24:16]
MemTotal:        1858332 kB
MemFree:           45732 kB
Buffers:             504 kB
Cached:           190908 kB
SwapCached:        18260 kB
Active:           995960 kB
Inactive:         364428 kB
Active(anon):     950532 kB
Inactive(anon):   318240 kB
Active(file):      45428 kB
Inactive(file):    46188 kB
Unevictable:       99496 kB
Mlocked:           94212 kB
SwapTotal:        520908 kB
SwapFree:         360280 kB
Dirty:                 0 kB
Writeback:             0 kB
AnonPages:       1266980 kB
Mapped:           136912 kB
Shmem:               556 kB
Slab:              78300 kB
SReclaimable:      24972 kB
SUnreclaim:        53328 kB
KernelStack:       14784 kB
PageTables:        15500 kB
NFS_Unstable:          0 kB
Bounce:                0 kB
WritebackTmp:          0 kB
CommitLimit:     1450072 kB
Committed_AS:   20290452 kB
VmallocTotal:   251658176 kB
VmallocUsed:       93344 kB
VmallocChunk:   251482716 kB


[2024-11-20 06:24:18]
MemTotal:        1858332 kB
MemFree:           45564 kB
Buffers:             504 kB
Cached:           190908 kB
SwapCached:        18260 kB
Active:           996420 kB
Inactive:         364404 kB
Active(anon):     950992 kB
Inactive(anon):   318216 kB
Active(file):      45428 kB
Inactive(file):    46188 kB
Unevictable:       99496 kB
Mlocked:           94212 kB
SwapTotal:        520908 kB
SwapFree:         360280 kB
Dirty:                 0 kB
Writeback:             0 kB
AnonPages:       1267472 kB
Mapped:           136736 kB
Shmem:               556 kB
Slab:              78300 kB
SReclaimable:      24972 kB
SUnreclaim:        53328 kB
KernelStack:       14784 kB
PageTables:        15500 kB
NFS_Unstable:          0 kB
Bounce:                0 kB
WritebackTmp:          0 kB
CommitLimit:     1450072 kB
Committed_AS:   20290412 kB
VmallocTotal:   251658176 kB
VmallocUsed:       93324 kB
VmallocChunk:   251482716 kB


[2024-11-20 06:24:21]
MemTotal:        1858332 kB
MemFree:           45772 kB
Buffers:             504 kB
Cached:           190908 kB
SwapCached:        18260 kB
Active:           996020 kB
Inactive:         364272 kB
Active(anon):     950592 kB
Inactive(anon):   318084 kB
Active(file):      45428 kB
Inactive(file):    46188 kB
Unevictable:       99496 kB
Mlocked:           94212 kB
SwapTotal:        520908 kB
SwapFree:         360280 kB
Dirty:                 0 kB
Writeback:             0 kB
AnonPages:       1266804 kB
Mapped:           136912 kB
Shmem:               556 kB
Slab:              78300 kB
SReclaimable:      24972 kB
SUnreclaim:        53328 kB
KernelStack:       14816 kB
PageTables:        15516 kB
NFS_Unstable:          0 kB
Bounce:                0 kB
WritebackTmp:          0 kB
CommitLimit:     1450072 kB
Committed_AS:   20290424 kB
VmallocTotal:   251658176 kB
VmallocUsed:       93324 kB
VmallocChunk:   251482716 kB


[2024-11-20 06:24:23]
MemTotal:        1858332 kB
MemFree:           45536 kB
Buffers:             544 kB
Cached:           190916 kB
SwapCached:        18260 kB
Active:           996448 kB
Inactive:         364240 kB
Active(anon):     951008 kB
Inactive(anon):   318016 kB
Active(file):      45440 kB
Inactive(file):    46224 kB
Unevictable:       99496 kB
Mlocked:           94212 kB
SwapTotal:        520908 kB
SwapFree:         360296 kB
Dirty:                32 kB
Writeback:             0 kB
AnonPages:       1267168 kB
Mapped:           136756 kB
Shmem:               556 kB
Slab:              78300 kB
SReclaimable:      24972 kB
SUnreclaim:        53328 kB
KernelStack:       14768 kB
PageTables:        15496 kB
NFS_Unstable:          0 kB
Bounce:                0 kB
WritebackTmp:          0 kB
CommitLimit:     1450072 kB
Committed_AS:   20290528 kB
VmallocTotal:   251658176 kB
VmallocUsed:       93324 kB
VmallocChunk:   251482716 kB


[2024-11-20 06:24:26]
MemTotal:        1858332 kB
MemFree:           44840 kB
Buffers:             544 kB
Cached:           190916 kB
SwapCached:        18260 kB
Active:           996988 kB
Inactive:         364240 kB
Active(anon):     951548 kB
Inactive(anon):   318016 kB
Active(file):      45440 kB
Inactive(file):    46224 kB
Unevictable:       99496 kB
Mlocked:           94212 kB
SwapTotal:        520908 kB
SwapFree:         360296 kB
Dirty:                32 kB
Writeback:             0 kB
AnonPages:       1267692 kB
Mapped:           136728 kB
Shmem:               556 kB
Slab:              78300 kB
SReclaimable:      24972 kB
SUnreclaim:        53328 kB
KernelStack:       14800 kB
PageTables:        15512 kB
NFS_Unstable:          0 kB
Bounce:                0 kB
WritebackTmp:          0 kB
CommitLimit:     1450072 kB
Committed_AS:   20290528 kB
VmallocTotal:   251658176 kB
VmallocUsed:       93324 kB
VmallocChunk:   251482716 kB


[2024-11-20 06:24:28]
MemTotal:        1858332 kB
MemFree:           45048 kB
Buffers:             552 kB
Cached:           190916 kB
SwapCached:        18260 kB
Active:           996964 kB
Inactive:         364244 kB
Active(anon):     951524 kB
Inactive(anon):   318012 kB
Active(file):      45440 kB
Inactive(file):    46232 kB
Unevictable:       99496 kB
Mlocked:           94212 kB
SwapTotal:        520908 kB
SwapFree:         360296 kB
Dirty:                20 kB
Writeback:             0 kB
AnonPages:       1267564 kB
Mapped:           136756 kB
Shmem:               556 kB
Slab:              78300 kB
SReclaimable:      24972 kB
SUnreclaim:        53328 kB
KernelStack:       14768 kB
PageTables:        15496 kB
NFS_Unstable:          0 kB
Bounce:                0 kB
WritebackTmp:          0 kB
CommitLimit:     1450072 kB
Committed_AS:   20290460 kB
VmallocTotal:   251658176 kB
VmallocUsed:       93324 kB
VmallocChunk:   251482716 kB


[2024-11-20 06:24:31]
MemTotal:        1858332 kB
MemFree:           44936 kB
Buffers:             552 kB
Cached:           190916 kB
SwapCached:        18260 kB
Active:           997228 kB
Inactive:         364244 kB
Active(anon):     951788 kB
Inactive(anon):   318012 kB
Active(file):      45440 kB
Inactive(file):    46232 kB
Unevictable:       99496 kB
Mlocked:           94212 kB
SwapTotal:        520908 kB
SwapFree:         360296 kB
Dirty:                20 kB
Writeback:             0 kB
AnonPages:       1267804 kB
Mapped:           136940 kB
Shmem:               556 kB
Slab:              78300 kB
SReclaimable:      24972 kB
SUnreclaim:        53328 kB
KernelStack:       14768 kB
PageTables:        15496 kB
NFS_Unstable:          0 kB
Bounce:                0 kB
WritebackTmp:          0 kB
CommitLimit:     1450072 kB
Committed_AS:   20290656 kB
VmallocTotal:   251658176 kB
VmallocUsed:       93324 kB
VmallocChunk:   251482716 kB


[2024-11-20 06:24:33]
MemTotal:        1858332 kB
MemFree:           44680 kB
Buffers:             552 kB
Cached:           190916 kB
SwapCached:        18260 kB
Active:           997096 kB
Inactive:         364132 kB
Active(anon):     951656 kB
Inactive(anon):   317900 kB
Active(file):      45440 kB
Inactive(file):    46232 kB
Unevictable:       99496 kB
Mlocked:           94212 kB
SwapTotal:        520908 kB
SwapFree:         360296 kB
Dirty:                 0 kB
Writeback:             0 kB
AnonPages:       1268016 kB
Mapped:           136572 kB
Shmem:               556 kB
Slab:              78300 kB
SReclaimable:      24972 kB
SUnreclaim:        53328 kB
KernelStack:       14768 kB
PageTables:        15496 kB
NFS_Unstable:          0 kB
Bounce:                0 kB
WritebackTmp:          0 kB
CommitLimit:     1450072 kB
Committed_AS:   20290416 kB
VmallocTotal:   251658176 kB
VmallocUsed:       93324 kB
VmallocChunk:   251482716 kB


[2024-11-20 06:24:36]
MemTotal:        1858332 kB
MemFree:           44580 kB
Buffers:             552 kB
Cached:           190916 kB
SwapCached:        18260 kB
Active:           997312 kB
Inactive:         364132 kB
Active(anon):     951872 kB
Inactive(anon):   317900 kB
Active(file):      45440 kB
Inactive(file):    46232 kB
Unevictable:       99496 kB
Mlocked:           94212 kB
SwapTotal:        520908 kB
SwapFree:         360296 kB
Dirty:                 0 kB
Writeback:             0 kB
AnonPages:       1267988 kB
Mapped:           136940 kB
Shmem:               556 kB
Slab:              78300 kB
SReclaimable:      24972 kB
SUnreclaim:        53328 kB
KernelStack:       14768 kB
PageTables:        15496 kB
NFS_Unstable:          0 kB
Bounce:                0 kB
WritebackTmp:          0 kB
CommitLimit:     1450072 kB
Committed_AS:   20290516 kB
VmallocTotal:   251658176 kB
VmallocUsed:       93324 kB
VmallocChunk:   251482716 kB


[2024-11-20 06:24:38]
MemTotal:        1858332 kB
MemFree:           44028 kB
Buffers:             552 kB
Cached:           190916 kB
SwapCached:        18260 kB
Active:           997856 kB
Inactive:         364132 kB
Active(anon):     952416 kB
Inactive(anon):   317900 kB
Active(file):      45440 kB
Inactive(file):    46232 kB
Unevictable:       99496 kB
Mlocked:           94212 kB
SwapTotal:        520908 kB
SwapFree:         360296 kB
Dirty:                 0 kB
Writeback:             0 kB
AnonPages:       1268228 kB
Mapped:           136708 kB
Shmem:               556 kB
Slab:              78300 kB
SReclaimable:      24972 kB
SUnreclaim:        53328 kB
KernelStack:       14800 kB
PageTables:        15532 kB
NFS_Unstable:          0 kB
Bounce:                0 kB
WritebackTmp:          0 kB
CommitLimit:     1450072 kB
Committed_AS:   20290584 kB
VmallocTotal:   251658176 kB
VmallocUsed:       93324 kB
VmallocChunk:   251482716 kB


[2024-11-20 06:24:41]
MemTotal:        1858332 kB
MemFree:           43440 kB
Buffers:             552 kB
Cached:           190916 kB
SwapCached:        18260 kB
Active:           997984 kB
Inactive:         364132 kB
Active(anon):     952544 kB
Inactive(anon):   317900 kB
Active(file):      45440 kB
Inactive(file):    46232 kB
Unevictable:       99496 kB
Mlocked:           94212 kB
SwapTotal:        520908 kB
SwapFree:         360296 kB
Dirty:                 0 kB
Writeback:             0 kB
AnonPages:       1268404 kB
Mapped:           136948 kB
Shmem:               556 kB
Slab:              78300 kB
SReclaimable:      24972 kB
SUnreclaim:        53328 kB
KernelStack:       14768 kB
PageTables:        15496 kB
NFS_Unstable:          0 kB
Bounce:                0 kB
WritebackTmp:          0 kB
CommitLimit:     1450072 kB
Committed_AS:   20290608 kB
VmallocTotal:   251658176 kB
VmallocUsed:       93324 kB
VmallocChunk:   251482716 kB


[2024-11-20 06:24:43]
MemTotal:        1858332 kB
MemFree:           43532 kB
Buffers:             552 kB
Cached:           190916 kB
SwapCached:        18260 kB
Active:           998036 kB
Inactive:         364132 kB
Active(anon):     952596 kB
Inactive(anon):   317900 kB
Active(file):      45440 kB
Inactive(file):    46232 kB
Unevictable:       99496 kB
Mlocked:           94212 kB
SwapTotal:        520908 kB
SwapFree:         360296 kB
Dirty:                 0 kB
Writeback:             0 kB
AnonPages:       1268628 kB
Mapped:           136844 kB
Shmem:               556 kB
Slab:              78300 kB
SReclaimable:      24972 kB
SUnreclaim:        53328 kB
KernelStack:       14800 kB
PageTables:        15520 kB
NFS_Unstable:          0 kB
Bounce:                0 kB
WritebackTmp:          0 kB
CommitLimit:     1450072 kB
Committed_AS:   20290500 kB
VmallocTotal:   251658176 kB
VmallocUsed:       93324 kB
VmallocChunk:   251482716 kB


[2024-11-20 06:24:46]
MemTotal:        1858332 kB
MemFree:           43292 kB
Buffers:             552 kB
Cached:           190916 kB
SwapCached:        18260 kB
Active:           998188 kB
Inactive:         364136 kB
Active(anon):     952748 kB
Inactive(anon):   317904 kB
Active(file):      45440 kB
Inactive(file):    46232 kB
Unevictable:       99496 kB
Mlocked:           94212 kB
SwapTotal:        520908 kB
SwapFree:         360300 kB
Dirty:                 0 kB
Writeback:             0 kB
AnonPages:       1268564 kB
Mapped:           136764 kB
Shmem:               556 kB
Slab:              78300 kB
SReclaimable:      24972 kB
SUnreclaim:        53328 kB
KernelStack:       14768 kB
PageTables:        15496 kB
NFS_Unstable:          0 kB
Bounce:                0 kB
WritebackTmp:          0 kB
CommitLimit:     1450072 kB
Committed_AS:   20290548 kB
VmallocTotal:   251658176 kB
VmallocUsed:       93324 kB
VmallocChunk:   251482716 kB


[2024-11-20 06:24:48]
MemTotal:        1858332 kB
MemFree:           43072 kB
Buffers:             552 kB
Cached:           190916 kB
SwapCached:        18260 kB
Active:           998448 kB
Inactive:         364136 kB
Active(anon):     953008 kB
Inactive(anon):   317904 kB
Active(file):      45440 kB
Inactive(file):    46232 kB
Unevictable:       99496 kB
Mlocked:           94212 kB
SwapTotal:        520908 kB
SwapFree:         360344 kB
Dirty:                 0 kB
Writeback:             0 kB
AnonPages:       1268868 kB
Mapped:           136948 kB
Shmem:               556 kB
Slab:              78300 kB
SReclaimable:      24972 kB
SUnreclaim:        53328 kB
KernelStack:       14800 kB
PageTables:        15536 kB
NFS_Unstable:          0 kB
Bounce:                0 kB
WritebackTmp:          0 kB
CommitLimit:     1450072 kB
Committed_AS:   20290540 kB
VmallocTotal:   251658176 kB
VmallocUsed:       93324 kB
VmallocChunk:   251482716 kB


[2024-11-20 06:24:51]
MemTotal:        1858332 kB
MemFree:           43208 kB
Buffers:             552 kB
Cached:           190916 kB
SwapCached:        18260 kB
Active:           998404 kB
Inactive:         364136 kB
Active(anon):     952964 kB
Inactive(anon):   317904 kB
Active(file):      45440 kB
Inactive(file):    46232 kB
Unevictable:       99496 kB
Mlocked:           94212 kB
SwapTotal:        520908 kB
SwapFree:         360344 kB
Dirty:                 0 kB
Writeback:             0 kB
AnonPages:       1269124 kB
Mapped:           136580 kB
Shmem:               556 kB
Slab:              78300 kB
SReclaimable:      24972 kB
SUnreclaim:        53328 kB
KernelStack:       14768 kB
PageTables:        15496 kB
NFS_Unstable:          0 kB
Bounce:                0 kB
WritebackTmp:          0 kB
CommitLimit:     1450072 kB
Committed_AS:   20290460 kB
VmallocTotal:   251658176 kB
VmallocUsed:       93324 kB
VmallocChunk:   251482716 kB


[2024-11-20 06:24:53]
MemTotal:        1858332 kB
MemFree:           42972 kB
Buffers:             552 kB
Cached:           190916 kB
SwapCached:        18260 kB
Active:           998628 kB
Inactive:         364136 kB
Active(anon):     953188 kB
Inactive(anon):   317904 kB
Active(file):      45440 kB
Inactive(file):    46232 kB
Unevictable:       99496 kB
Mlocked:           94212 kB
SwapTotal:        520908 kB
SwapFree:         360344 kB
Dirty:                 0 kB
Writeback:             0 kB
AnonPages:       1269204 kB
Mapped:           136848 kB
Shmem:               556 kB
Slab:              78300 kB
SReclaimable:      24972 kB
SUnreclaim:        53328 kB
KernelStack:       14800 kB
PageTables:        15516 kB
NFS_Unstable:          0 kB
Bounce:                0 kB
WritebackTmp:          0 kB
CommitLimit:     1450072 kB
Committed_AS:   20290544 kB
VmallocTotal:   251658176 kB
VmallocUsed:       93324 kB
VmallocChunk:   251482716 kB


[2024-11-20 06:24:55]
MemTotal:        1858332 kB
MemFree:           42824 kB
Buffers:             552 kB
Cached:           191016 kB
SwapCached:        18260 kB
Active:           998728 kB
Inactive:         364192 kB
Active(anon):     953288 kB
Inactive(anon):   317904 kB
Active(file):      45440 kB
Inactive(file):    46288 kB
Unevictable:       99496 kB
Mlocked:           94212 kB
SwapTotal:        520908 kB
SwapFree:         360344 kB
Dirty:                 0 kB
Writeback:             0 kB
AnonPages:       1269448 kB
Mapped:           136772 kB
Shmem:               556 kB
Slab:              78316 kB
SReclaimable:      24988 kB
SUnreclaim:        53328 kB
KernelStack:       14768 kB
PageTables:        15496 kB
NFS_Unstable:          0 kB
Bounce:                0 kB
WritebackTmp:          0 kB
CommitLimit:     1450072 kB
Committed_AS:   20290524 kB
VmallocTotal:   251658176 kB
VmallocUsed:       93324 kB
VmallocChunk:   251482716 kB


[2024-11-20 06:24:58]
MemTotal:        1858332 kB
MemFree:           42072 kB
Buffers:             552 kB
Cached:           191016 kB
SwapCached:        18260 kB
Active:           999132 kB
Inactive:         364236 kB
Active(anon):     953692 kB
Inactive(anon):   317904 kB
Active(file):      45440 kB
Inactive(file):    46332 kB
Unevictable:       99496 kB
Mlocked:           94212 kB
SwapTotal:        520908 kB
SwapFree:         360344 kB
Dirty:                 0 kB
Writeback:             0 kB
AnonPages:       1269660 kB
Mapped:           136856 kB
Shmem:               556 kB
Slab:              78316 kB
SReclaimable:      24988 kB
SUnreclaim:        53328 kB
KernelStack:       14800 kB
PageTables:        15524 kB
NFS_Unstable:          0 kB
Bounce:                0 kB
WritebackTmp:          0 kB
CommitLimit:     1450072 kB
Committed_AS:   20290548 kB
VmallocTotal:   251658176 kB
VmallocUsed:       93324 kB
VmallocChunk:   251482716 kB


[2024-11-20 06:25:00]
MemTotal:        1858332 kB
MemFree:           42100 kB
Buffers:             552 kB
Cached:           191016 kB
SwapCached:        18260 kB
Active:           999224 kB
Inactive:         364208 kB
Active(anon):     953784 kB
Inactive(anon):   317876 kB
Active(file):      45440 kB
Inactive(file):    46332 kB
Unevictable:       99496 kB
Mlocked:           94212 kB
SwapTotal:        520908 kB
SwapFree:         360344 kB
Dirty:                 0 kB
Writeback:             0 kB
AnonPages:       1269836 kB
Mapped:           136772 kB
Shmem:               556 kB
Slab:              78316 kB
SReclaimable:      24988 kB
SUnreclaim:        53328 kB
KernelStack:       14768 kB
PageTables:        15496 kB
NFS_Unstable:          0 kB
Bounce:                0 kB
WritebackTmp:          0 kB
CommitLimit:     1450072 kB
Committed_AS:   20290408 kB
VmallocTotal:   251658176 kB
VmallocUsed:       93324 kB
VmallocChunk:   251482716 kB


[2024-11-20 06:25:03]
MemTotal:        1858332 kB
MemFree:           41968 kB
Buffers:             552 kB
Cached:           191016 kB
SwapCached:        18260 kB
Active:           999708 kB
Inactive:         364208 kB
Active(anon):     954268 kB
Inactive(anon):   317876 kB
Active(file):      45440 kB
Inactive(file):    46332 kB
Unevictable:       99496 kB
Mlocked:           94212 kB
SwapTotal:        520908 kB
SwapFree:         360344 kB
Dirty:                 0 kB
Writeback:             0 kB
AnonPages:       1270324 kB
Mapped:           136772 kB
Shmem:               556 kB
Slab:              78316 kB
SReclaimable:      24988 kB
SUnreclaim:        53328 kB
KernelStack:       14768 kB
PageTables:        15496 kB
NFS_Unstable:          0 kB
Bounce:                0 kB
WritebackTmp:          0 kB
CommitLimit:     1450072 kB
Committed_AS:   20290480 kB
VmallocTotal:   251658176 kB
VmallocUsed:       93324 kB
VmallocChunk:   251482716 kB


[2024-11-20 06:25:05]
MemTotal:        1858332 kB
MemFree:           41972 kB
Buffers:             552 kB
Cached:           191016 kB
SwapCached:        18260 kB
Active:           999840 kB
Inactive:         364208 kB
Active(anon):     954400 kB
Inactive(anon):   317876 kB
Active(file):      45440 kB
Inactive(file):    46332 kB
Unevictable:       99496 kB
Mlocked:           94212 kB
SwapTotal:        520908 kB
SwapFree:         360344 kB
Dirty:                 0 kB
Writeback:             0 kB
AnonPages:       1270176 kB
Mapped:           136772 kB
Shmem:               556 kB
Slab:              78316 kB
SReclaimable:      24988 kB
SUnreclaim:        53328 kB
KernelStack:       14768 kB
PageTables:        15496 kB
NFS_Unstable:          0 kB
Bounce:                0 kB
WritebackTmp:          0 kB
CommitLimit:     1450072 kB
Committed_AS:   20290512 kB
VmallocTotal:   251658176 kB
VmallocUsed:       93324 kB
VmallocChunk:   251482716 kB


[2024-11-20 06:25:08]
MemTotal:        1858332 kB
MemFree:           41640 kB
Buffers:             552 kB
Cached:           191016 kB
SwapCached:        18260 kB
Active:           999904 kB
Inactive:         364212 kB
Active(anon):     954464 kB
Inactive(anon):   317880 kB
Active(file):      45440 kB
Inactive(file):    46332 kB
Unevictable:       99496 kB
Mlocked:           94212 kB
SwapTotal:        520908 kB
SwapFree:         360348 kB
Dirty:                 0 kB
Writeback:             0 kB
AnonPages:       1270564 kB
Mapped:           136588 kB
Shmem:               556 kB
Slab:              78316 kB
SReclaimable:      24988 kB
SUnreclaim:        53328 kB
KernelStack:       14768 kB
PageTables:        15496 kB
NFS_Unstable:          0 kB
Bounce:                0 kB
WritebackTmp:          0 kB
CommitLimit:     1450072 kB
Committed_AS:   20290464 kB
VmallocTotal:   251658176 kB
VmallocUsed:       93324 kB
VmallocChunk:   251482716 kB


[2024-11-20 06:25:10]
MemTotal:        1858332 kB
MemFree:           41588 kB
Buffers:             552 kB
Cached:           191016 kB
SwapCached:        18260 kB
Active:          1000152 kB
Inactive:         364184 kB
Active(anon):     954712 kB
Inactive(anon):   317852 kB
Active(file):      45440 kB
Inactive(file):    46332 kB
Unevictable:       99496 kB
Mlocked:           94212 kB
SwapTotal:        520908 kB
SwapFree:         360348 kB
Dirty:                 0 kB
Writeback:             0 kB
AnonPages:       1270832 kB
Mapped:           136720 kB
Shmem:               556 kB
Slab:              78316 kB
SReclaimable:      24988 kB
SUnreclaim:        53328 kB
KernelStack:       14800 kB
PageTables:        15536 kB
NFS_Unstable:          0 kB
Bounce:                0 kB
WritebackTmp:          0 kB
CommitLimit:     1450072 kB
Committed_AS:   20290484 kB
VmallocTotal:   251658176 kB
VmallocUsed:       93324 kB
VmallocChunk:   251482716 kB


[2024-11-20 06:25:13]
MemTotal:        1858332 kB
MemFree:           37828 kB
Buffers:             552 kB
Cached:           192412 kB
SwapCached:        18260 kB
Active:          1002540 kB
Inactive:         365520 kB
Active(anon):     957100 kB
Inactive(anon):   317852 kB
Active(file):      45440 kB
Inactive(file):    47668 kB
Unevictable:       99496 kB
Mlocked:           94212 kB
SwapTotal:        520908 kB
SwapFree:         360348 kB
Dirty:                 0 kB
Writeback:             0 kB
AnonPages:       1273308 kB
Mapped:           137176 kB
Shmem:               556 kB
Slab:              78316 kB
SReclaimable:      24988 kB
SUnreclaim:        53328 kB
KernelStack:       14768 kB
PageTables:        15500 kB
NFS_Unstable:          0 kB
Bounce:                0 kB
WritebackTmp:          0 kB
CommitLimit:     1450072 kB
Committed_AS:   20291856 kB
VmallocTotal:   251658176 kB
VmallocUsed:       93324 kB
VmallocChunk:   251482716 kB


[2024-11-20 06:25:15]
MemTotal:        1858332 kB
MemFree:           37464 kB
Buffers:             552 kB
Cached:           192412 kB
SwapCached:        18260 kB
Active:          1002812 kB
Inactive:         365580 kB
Active(anon):     957372 kB
Inactive(anon):   317852 kB
Active(file):      45440 kB
Inactive(file):    47728 kB
Unevictable:       99496 kB
Mlocked:           94212 kB
SwapTotal:        520908 kB
SwapFree:         360348 kB
Dirty:                 0 kB
Writeback:             0 kB
AnonPages:       1273504 kB
Mapped:           137088 kB
Shmem:               556 kB
Slab:              78316 kB
SReclaimable:      24988 kB
SUnreclaim:        53328 kB
KernelStack:       14800 kB
PageTables:        15524 kB
NFS_Unstable:          0 kB
Bounce:                0 kB
WritebackTmp:          0 kB
CommitLimit:     1450072 kB
Committed_AS:   20291956 kB
VmallocTotal:   251658176 kB
VmallocUsed:       93324 kB
VmallocChunk:   251482716 kB


[2024-11-20 06:25:18]
MemTotal:        1858332 kB
MemFree:           40116 kB
Buffers:             564 kB
Cached:           189404 kB
SwapCached:        18488 kB
Active:          1003260 kB
Inactive:         362248 kB
Active(anon):     956664 kB
Inactive(anon):   318724 kB
Active(file):      46596 kB
Inactive(file):    43524 kB
Unevictable:       99496 kB
Mlocked:           94212 kB
SwapTotal:        520908 kB
SwapFree:         359848 kB
Dirty:                 0 kB
Writeback:             0 kB
AnonPages:       1273528 kB
Mapped:           136584 kB
Shmem:               612 kB
Slab:              78168 kB
SReclaimable:      24844 kB
SUnreclaim:        53324 kB
KernelStack:       14768 kB
PageTables:        15500 kB
NFS_Unstable:          0 kB
Bounce:                0 kB
WritebackTmp:          0 kB
CommitLimit:     1450072 kB
Committed_AS:   20291900 kB
VmallocTotal:   251658176 kB
VmallocUsed:       93324 kB
VmallocChunk:   251482716 kB


[2024-11-20 06:25:20]
MemTotal:        1858332 kB
MemFree:           40384 kB
Buffers:             564 kB
Cached:           189408 kB
SwapCached:        18488 kB
Active:          1003216 kB
Inactive:         362236 kB
Active(anon):     956604 kB
Inactive(anon):   318728 kB
Active(file):      46612 kB
Inactive(file):    43508 kB
Unevictable:       99496 kB
Mlocked:           94212 kB
SwapTotal:        520908 kB
SwapFree:         359848 kB
Dirty:                 0 kB
Writeback:             0 kB
AnonPages:       1273448 kB
Mapped:           136216 kB
Shmem:               612 kB
Slab:              78168 kB
SReclaimable:      24844 kB
SUnreclaim:        53324 kB
KernelStack:       14784 kB
PageTables:        15536 kB
NFS_Unstable:          0 kB
Bounce:                0 kB
WritebackTmp:          0 kB
CommitLimit:     1450072 kB
Committed_AS:   20292048 kB
VmallocTotal:   251658176 kB
VmallocUsed:       93324 kB
VmallocChunk:   251482716 kB


[2024-11-20 06:25:23]
MemTotal:        1858332 kB
MemFree:           37348 kB
Buffers:             564 kB
Cached:           191720 kB
SwapCached:        18548 kB
Active:          1003884 kB
Inactive:         364628 kB
Active(anon):     957272 kB
Inactive(anon):   318808 kB
Active(file):      46612 kB
Inactive(file):    45820 kB
Unevictable:       99496 kB
Mlocked:           94212 kB
SwapTotal:        520908 kB
SwapFree:         359868 kB
Dirty:                 0 kB
Writeback:             0 kB
AnonPages:       1274040 kB
Mapped:           136812 kB
Shmem:               612 kB
Slab:              78168 kB
SReclaimable:      24844 kB
SUnreclaim:        53324 kB
KernelStack:       14768 kB
PageTables:        15500 kB
NFS_Unstable:          0 kB
Bounce:                0 kB
WritebackTmp:          0 kB
CommitLimit:     1450072 kB
Committed_AS:   20292204 kB
VmallocTotal:   251658176 kB
VmallocUsed:       93324 kB
VmallocChunk:   251482716 kB


[2024-11-20 06:25:26]
MemTotal:        1858332 kB
MemFree:           37188 kB
Buffers:             564 kB
Cached:           191720 kB
SwapCached:        18548 kB
Active:          1004040 kB
Inactive:         364628 kB
Active(anon):     957428 kB
Inactive(anon):   318808 kB
Active(file):      46612 kB
Inactive(file):    45820 kB
Unevictable:       99496 kB
Mlocked:           94212 kB
SwapTotal:        520908 kB
SwapFree:         359868 kB
Dirty:                 0 kB
Writeback:             0 kB
AnonPages:       1274396 kB
Mapped:           136864 kB
Shmem:               612 kB
Slab:              78168 kB
SReclaimable:      24844 kB
SUnreclaim:        53324 kB
KernelStack:       14800 kB
PageTables:        15528 kB
NFS_Unstable:          0 kB
Bounce:                0 kB
WritebackTmp:          0 kB
CommitLimit:     1450072 kB
Committed_AS:   20291976 kB
VmallocTotal:   251658176 kB
VmallocUsed:       93324 kB
VmallocChunk:   251482716 kB


[2024-11-20 06:25:28]
MemTotal:        1858332 kB
MemFree:           36992 kB
Buffers:             564 kB
Cached:           191720 kB
SwapCached:        18548 kB
Active:          1004500 kB
Inactive:         364628 kB
Active(anon):     957888 kB
