
[2024-11-19 18:29:36]
MemTotal:        1858332 kB
MemFree:           51420 kB
Buffers:             476 kB
Cached:           204536 kB
SwapCached:        12804 kB
Active:           972488 kB
Inactive:         359120 kB
Active(anon):     919824 kB
Inactive(anon):   306452 kB
Active(file):      52664 kB
Inactive(file):    52668 kB
Unevictable:       99496 kB
Mlocked:           94212 kB
SwapTotal:        520908 kB
SwapFree:         371300 kB
Dirty:                 0 kB
Writeback:             0 kB
AnonPages:       1224700 kB
Mapped:           144288 kB
Shmem:               572 kB
Slab:              77468 kB
SReclaimable:      24908 kB
SUnreclaim:        52560 kB
KernelStack:       15072 kB
PageTables:        16488 kB
NFS_Unstable:          0 kB
Bounce:                0 kB
WritebackTmp:          0 kB
CommitLimit:     1450072 kB
Committed_AS:   23981068 kB
VmallocTotal:   251658176 kB
VmallocUsed:       96504 kB
VmallocChunk:   251482716 kB


[2024-11-19 18:29:36]
MemTotal:        1858332 kB
MemFree:           51100 kB
Buffers:             476 kB
Cached:           204536 kB
SwapCached:        12804 kB
Active:           973012 kB
Inactive:         359120 kB
Active(anon):     920348 kB
Inactive(anon):   306452 kB
Active(file):      52664 kB
Inactive(file):    52668 kB
Unevictable:       99496 kB
Mlocked:           94212 kB
SwapTotal:        520908 kB
SwapFree:         371300 kB
Dirty:                 0 kB
Writeback:             0 kB
AnonPages:       1225236 kB
Mapped:           144292 kB
Shmem:               572 kB
Slab:              77468 kB
SReclaimable:      24908 kB
SUnreclaim:        52560 kB
KernelStack:       15072 kB
PageTables:        16488 kB
NFS_Unstable:          0 kB
Bounce:                0 kB
WritebackTmp:          0 kB
CommitLimit:     1450072 kB
Committed_AS:   23981160 kB
VmallocTotal:   251658176 kB
VmallocUsed:       96504 kB
VmallocChunk:   251482716 kB


[2024-11-19 18:29:36]
MemTotal:        1858332 kB
MemFree:           51064 kB
Buffers:             476 kB
Cached:           204536 kB
SwapCached:        12804 kB
Active:           973048 kB
Inactive:         359120 kB
Active(anon):     920384 kB
Inactive(anon):   306452 kB
Active(file):      52664 kB
Inactive(file):    52668 kB
Unevictable:       99496 kB
Mlocked:           94212 kB
SwapTotal:        520908 kB
SwapFree:         371300 kB
Dirty:                 0 kB
Writeback:             0 kB
AnonPages:       1225420 kB
Mapped:           144292 kB
Shmem:               572 kB
Slab:              77468 kB
SReclaimable:      24908 kB
SUnreclaim:        52560 kB
KernelStack:       15072 kB
PageTables:        16488 kB
NFS_Unstable:          0 kB
Bounce:                0 kB
WritebackTmp:          0 kB
CommitLimit:     1450072 kB
Committed_AS:   23981212 kB
VmallocTotal:   251658176 kB
VmallocUsed:       96504 kB
VmallocChunk:   251482716 kB


[2024-11-19 18:29:36]
MemTotal:        1858332 kB
MemFree:           51160 kB
Buffers:             476 kB
Cached:           204536 kB
SwapCached:        12804 kB
Active:           973280 kB
Inactive:         359120 kB
Active(anon):     920616 kB
Inactive(anon):   306452 kB
Active(file):      52664 kB
Inactive(file):    52668 kB
Unevictable:       99496 kB
Mlocked:           94212 kB
SwapTotal:        520908 kB
SwapFree:         371300 kB
Dirty:                 0 kB
Writeback:             0 kB
AnonPages:       1225668 kB
Mapped:           144292 kB
Shmem:               572 kB
Slab:              77468 kB
SReclaimable:      24908 kB
SUnreclaim:        52560 kB
KernelStack:       15072 kB
PageTables:        16488 kB
NFS_Unstable:          0 kB
Bounce:                0 kB
WritebackTmp:          0 kB
CommitLimit:     1450072 kB
Committed_AS:   23981304 kB
VmallocTotal:   251658176 kB
VmallocUsed:       96504 kB
VmallocChunk:   251482716 kB


[2024-11-19 18:29:36]
MemTotal:        1858332 kB
MemFree:           50824 kB
Buffers:             476 kB
Cached:           204536 kB
SwapCached:        12804 kB
Active:           973360 kB
Inactive:         359120 kB
Active(anon):     920696 kB
Inactive(anon):   306452 kB
Active(file):      52664 kB
Inactive(file):    52668 kB
Unevictable:       99496 kB
Mlocked:           94212 kB
SwapTotal:        520908 kB
SwapFree:         371300 kB
Dirty:                 0 kB
Writeback:             0 kB
AnonPages:       1225692 kB
Mapped:           144292 kB
Shmem:               572 kB
Slab:              77468 kB
SReclaimable:      24908 kB
SUnreclaim:        52560 kB
KernelStack:       15088 kB
PageTables:        16496 kB
NFS_Unstable:          0 kB
Bounce:                0 kB
WritebackTmp:          0 kB
CommitLimit:     1450072 kB
Committed_AS:   23981284 kB
VmallocTotal:   251658176 kB
VmallocUsed:       96504 kB
VmallocChunk:   251482716 kB


[2024-11-19 18:29:36]
MemTotal:        1858332 kB
MemFree:           52960 kB
Buffers:             476 kB
Cached:           204536 kB
SwapCached:        12804 kB
Active:           972912 kB
Inactive:         357136 kB
Active(anon):     920248 kB
Inactive(anon):   304468 kB
Active(file):      52664 kB
Inactive(file):    52668 kB
Unevictable:       99496 kB
Mlocked:           94212 kB
SwapTotal:        520908 kB
SwapFree:         371300 kB
Dirty:                 0 kB
Writeback:             0 kB
AnonPages:       1223108 kB
Mapped:           144292 kB
Shmem:               572 kB
Slab:              77468 kB
SReclaimable:      24908 kB
SUnreclaim:        52560 kB
KernelStack:       15088 kB
PageTables:        16488 kB
NFS_Unstable:          0 kB
Bounce:                0 kB
WritebackTmp:          0 kB
CommitLimit:     1450072 kB
Committed_AS:   23981144 kB
VmallocTotal:   251658176 kB
VmallocUsed:       96504 kB
VmallocChunk:   251482716 kB


[2024-11-19 18:29:36]
MemTotal:        1858332 kB
MemFree:           53128 kB
Buffers:             476 kB
Cached:           204536 kB
SwapCached:        12804 kB
Active:           972820 kB
Inactive:         357032 kB
Active(anon):     920156 kB
Inactive(anon):   304364 kB
Active(file):      52664 kB
Inactive(file):    52668 kB
Unevictable:       99496 kB
Mlocked:           94212 kB
SwapTotal:        520908 kB
SwapFree:         371300 kB
Dirty:                 0 kB
Writeback:             0 kB
AnonPages:       1222868 kB
Mapped:           144312 kB
Shmem:               572 kB
Slab:              77468 kB
SReclaimable:      24908 kB
SUnreclaim:        52560 kB
KernelStack:       15072 kB
PageTables:        16488 kB
NFS_Unstable:          0 kB
Bounce:                0 kB
WritebackTmp:          0 kB
CommitLimit:     1450072 kB
Committed_AS:   23981136 kB
VmallocTotal:   251658176 kB
VmallocUsed:       96504 kB
VmallocChunk:   251482716 kB


[2024-11-19 18:29:36]
MemTotal:        1858332 kB
MemFree:           53268 kB
Buffers:             476 kB
Cached:           204536 kB
SwapCached:        12804 kB
Active:           973028 kB
Inactive:         357032 kB
Active(anon):     920364 kB
Inactive(anon):   304364 kB
Active(file):      52664 kB
Inactive(file):    52668 kB
Unevictable:       99496 kB
Mlocked:           94212 kB
SwapTotal:        520908 kB
SwapFree:         371300 kB
Dirty:                 0 kB
Writeback:             0 kB
AnonPages:       1223396 kB
Mapped:           144288 kB
Shmem:               572 kB
Slab:              77468 kB
SReclaimable:      24908 kB
SUnreclaim:        52560 kB
KernelStack:       15072 kB
PageTables:        16488 kB
NFS_Unstable:          0 kB
Bounce:                0 kB
WritebackTmp:          0 kB
CommitLimit:     1450072 kB
Committed_AS:   23981172 kB
VmallocTotal:   251658176 kB
VmallocUsed:       96504 kB
VmallocChunk:   251482716 kB


[2024-11-19 18:29:36]
MemTotal:        1858332 kB
MemFree:           53392 kB
Buffers:             476 kB
Cached:           204536 kB
SwapCached:        12804 kB
Active:           973072 kB
Inactive:         357032 kB
Active(anon):     920408 kB
Inactive(anon):   304364 kB
Active(file):      52664 kB
Inactive(file):    52668 kB
Unevictable:       99496 kB
Mlocked:           94212 kB
SwapTotal:        520908 kB
SwapFree:         371300 kB
Dirty:                 0 kB
Writeback:             0 kB
AnonPages:       1223176 kB
Mapped:           144292 kB
Shmem:               572 kB
Slab:              77468 kB
SReclaimable:      24908 kB
SUnreclaim:        52560 kB
KernelStack:       15072 kB
PageTables:        16488 kB
NFS_Unstable:          0 kB
Bounce:                0 kB
WritebackTmp:          0 kB
CommitLimit:     1450072 kB
Committed_AS:   23981032 kB
VmallocTotal:   251658176 kB
VmallocUsed:       96504 kB
VmallocChunk:   251482716 kB


[2024-11-19 18:29:36]
MemTotal:        1858332 kB
MemFree:           54864 kB
Buffers:             476 kB
Cached:           202556 kB
SwapCached:        12804 kB
Active:           970560 kB
Inactive:         357656 kB
Active(anon):     918848 kB
Inactive(anon):   306112 kB
Active(file):      51712 kB
Inactive(file):    51544 kB
Unevictable:       99496 kB
Mlocked:           94212 kB
SwapTotal:        520908 kB
SwapFree:         370100 kB
Dirty:                 0 kB
Writeback:             0 kB
AnonPages:       1223540 kB
Mapped:           147252 kB
Shmem:               572 kB
Slab:              77260 kB
SReclaimable:      24668 kB
SUnreclaim:        52592 kB
KernelStack:       15120 kB
PageTables:        16572 kB
NFS_Unstable:          0 kB
Bounce:                0 kB
WritebackTmp:          0 kB
CommitLimit:     1450072 kB
Committed_AS:   23982992 kB
VmallocTotal:   251658176 kB
VmallocUsed:       96504 kB
VmallocChunk:   251482716 kB


[2024-11-19 18:29:36]
MemTotal:        1858332 kB
MemFree:           45140 kB
Buffers:             476 kB
Cached:           204160 kB
SwapCached:        12804 kB
Active:           979272 kB
Inactive:         358872 kB
Active(anon):     927284 kB
Inactive(anon):   306036 kB
Active(file):      51988 kB
Inactive(file):    52836 kB
Unevictable:       99496 kB
Mlocked:           94212 kB
SwapTotal:        520908 kB
SwapFree:         370104 kB
Dirty:                 0 kB
Writeback:             0 kB
AnonPages:       1231888 kB
Mapped:           148388 kB
Shmem:               572 kB
Slab:              77204 kB
SReclaimable:      24604 kB
SUnreclaim:        52600 kB
KernelStack:       15248 kB
PageTables:        16768 kB
NFS_Unstable:          0 kB
Bounce:                0 kB
WritebackTmp:          0 kB
CommitLimit:     1450072 kB
Committed_AS:   24094720 kB
VmallocTotal:   251658176 kB
VmallocUsed:       96504 kB
VmallocChunk:   251482716 kB


[2024-11-19 18:29:38]
MemTotal:        1858332 kB
MemFree:           44792 kB
Buffers:             476 kB
Cached:           204160 kB
SwapCached:        12804 kB
Active:           979392 kB
Inactive:         358848 kB
Active(anon):     927388 kB
Inactive(anon):   306028 kB
Active(file):      52004 kB
Inactive(file):    52820 kB
Unevictable:       99496 kB
Mlocked:           94212 kB
SwapTotal:        520908 kB
SwapFree:         370104 kB
Dirty:                 0 kB
Writeback:             0 kB
AnonPages:       1232008 kB
Mapped:           148388 kB
Shmem:               572 kB
Slab:              77204 kB
SReclaimable:      24604 kB
SUnreclaim:        52600 kB
KernelStack:       15248 kB
PageTables:        16768 kB
NFS_Unstable:          0 kB
Bounce:                0 kB
WritebackTmp:          0 kB
CommitLimit:     1450072 kB
Committed_AS:   24094604 kB
VmallocTotal:   251658176 kB
VmallocUsed:       96504 kB
VmallocChunk:   251482716 kB


[2024-11-19 18:29:40]
MemTotal:        1858332 kB
MemFree:           44836 kB
Buffers:             476 kB
Cached:           204160 kB
SwapCached:        12804 kB
Active:           979584 kB
Inactive:         358848 kB
Active(anon):     927580 kB
Inactive(anon):   306028 kB
Active(file):      52004 kB
Inactive(file):    52820 kB
Unevictable:       99496 kB
Mlocked:           94212 kB
SwapTotal:        520908 kB
SwapFree:         370104 kB
Dirty:                 0 kB
Writeback:             0 kB
AnonPages:       1232148 kB
Mapped:           148404 kB
Shmem:               572 kB
Slab:              77204 kB
SReclaimable:      24604 kB
SUnreclaim:        52600 kB
KernelStack:       15248 kB
PageTables:        16768 kB
NFS_Unstable:          0 kB
Bounce:                0 kB
WritebackTmp:          0 kB
CommitLimit:     1450072 kB
Committed_AS:   24094648 kB
VmallocTotal:   251658176 kB
VmallocUsed:       96504 kB
VmallocChunk:   251482716 kB


[2024-11-19 18:29:43]
MemTotal:        1858332 kB
MemFree:           44556 kB
Buffers:             476 kB
Cached:           204160 kB
SwapCached:        12804 kB
Active:           979524 kB
Inactive:         358848 kB
Active(anon):     927520 kB
Inactive(anon):   306028 kB
Active(file):      52004 kB
Inactive(file):    52820 kB
Unevictable:       99496 kB
Mlocked:           94212 kB
SwapTotal:        520908 kB
SwapFree:         370104 kB
Dirty:                 0 kB
Writeback:             0 kB
AnonPages:       1232104 kB
Mapped:           148404 kB
Shmem:               572 kB
Slab:              77204 kB
SReclaimable:      24604 kB
SUnreclaim:        52600 kB
KernelStack:       15248 kB
PageTables:        16768 kB
NFS_Unstable:          0 kB
Bounce:                0 kB
WritebackTmp:          0 kB
CommitLimit:     1450072 kB
Committed_AS:   24086548 kB
VmallocTotal:   251658176 kB
VmallocUsed:       96504 kB
VmallocChunk:   251482716 kB


[2024-11-19 18:29:45]
MemTotal:        1858332 kB
MemFree:           44500 kB
Buffers:             476 kB
Cached:           204160 kB
SwapCached:        12804 kB
Active:           979792 kB
Inactive:         358848 kB
Active(anon):     927788 kB
Inactive(anon):   306028 kB
Active(file):      52004 kB
Inactive(file):    52820 kB
Unevictable:       99496 kB
Mlocked:           94212 kB
SwapTotal:        520908 kB
SwapFree:         370104 kB
Dirty:                 0 kB
Writeback:             0 kB
AnonPages:       1232360 kB
Mapped:           148400 kB
Shmem:               572 kB
Slab:              77204 kB
SReclaimable:      24604 kB
SUnreclaim:        52600 kB
KernelStack:       15344 kB
PageTables:        16796 kB
NFS_Unstable:          0 kB
Bounce:                0 kB
WritebackTmp:          0 kB
CommitLimit:     1450072 kB
Committed_AS:   24086544 kB
VmallocTotal:   251658176 kB
VmallocUsed:       96504 kB
VmallocChunk:   251482716 kB


[2024-11-19 18:29:47]
MemTotal:        1858332 kB
MemFree:           44160 kB
Buffers:             476 kB
Cached:           204160 kB
SwapCached:        12804 kB
Active:           979868 kB
Inactive:         358848 kB
Active(anon):     927864 kB
Inactive(anon):   306028 kB
Active(file):      52004 kB
Inactive(file):    52820 kB
Unevictable:       99496 kB
Mlocked:           94212 kB
SwapTotal:        520908 kB
SwapFree:         370104 kB
Dirty:                 0 kB
Writeback:             0 kB
AnonPages:       1232400 kB
Mapped:           148404 kB
Shmem:               572 kB
Slab:              77204 kB
SReclaimable:      24604 kB
SUnreclaim:        52600 kB
KernelStack:       15232 kB
PageTables:        16768 kB
NFS_Unstable:          0 kB
Bounce:                0 kB
WritebackTmp:          0 kB
CommitLimit:     1450072 kB
Committed_AS:   24094564 kB
VmallocTotal:   251658176 kB
VmallocUsed:       96504 kB
VmallocChunk:   251482716 kB


[2024-11-19 18:29:49]
MemTotal:        1858332 kB
MemFree:           46688 kB
Buffers:             476 kB
Cached:           202388 kB
SwapCached:        12804 kB
Active:           976112 kB
Inactive:         359592 kB
Active(anon):     924592 kB
Inactive(anon):   308060 kB
Active(file):      51520 kB
Inactive(file):    51532 kB
Unevictable:       99496 kB
Mlocked:           94212 kB
SwapTotal:        520908 kB
SwapFree:         368776 kB
Dirty:                 0 kB
Writeback:             0 kB
AnonPages:       1231300 kB
Mapped:           148220 kB
Shmem:               572 kB
Slab:              77204 kB
SReclaimable:      24604 kB
SUnreclaim:        52600 kB
KernelStack:       15248 kB
PageTables:        16768 kB
NFS_Unstable:          0 kB
Bounce:                0 kB
WritebackTmp:          0 kB
CommitLimit:     1450072 kB
Committed_AS:   24094600 kB
VmallocTotal:   251658176 kB
VmallocUsed:       96504 kB
VmallocChunk:   251482716 kB


[2024-11-19 18:29:51]
MemTotal:        1858332 kB
MemFree:           46140 kB
Buffers:             476 kB
Cached:           202388 kB
SwapCached:        12804 kB
Active:           976452 kB
Inactive:         359592 kB
Active(anon):     924932 kB
Inactive(anon):   308060 kB
Active(file):      51520 kB
Inactive(file):    51532 kB
Unevictable:       99496 kB
Mlocked:           94212 kB
SwapTotal:        520908 kB
SwapFree:         368776 kB
Dirty:                 0 kB
Writeback:             0 kB
AnonPages:       1231528 kB
Mapped:           148404 kB
Shmem:               572 kB
Slab:              77204 kB
SReclaimable:      24604 kB
SUnreclaim:        52600 kB
KernelStack:       15248 kB
PageTables:        16768 kB
NFS_Unstable:          0 kB
Bounce:                0 kB
WritebackTmp:          0 kB
CommitLimit:     1450072 kB
Committed_AS:   24094676 kB
VmallocTotal:   251658176 kB
VmallocUsed:       96504 kB
VmallocChunk:   251482716 kB


[2024-11-19 18:29:53]
MemTotal:        1858332 kB
MemFree:           45988 kB
Buffers:             476 kB
Cached:           202388 kB
SwapCached:        12804 kB
Active:           976472 kB
Inactive:         359592 kB
Active(anon):     924952 kB
Inactive(anon):   308060 kB
Active(file):      51520 kB
Inactive(file):    51532 kB
Unevictable:       99496 kB
Mlocked:           94212 kB
SwapTotal:        520908 kB
SwapFree:         368776 kB
Dirty:                 0 kB
Writeback:             0 kB
AnonPages:       1231552 kB
Mapped:           148404 kB
Shmem:               572 kB
Slab:              77204 kB
SReclaimable:      24604 kB
SUnreclaim:        52600 kB
KernelStack:       15248 kB
PageTables:        16768 kB
NFS_Unstable:          0 kB
Bounce:                0 kB
WritebackTmp:          0 kB
CommitLimit:     1450072 kB
Committed_AS:   24094708 kB
VmallocTotal:   251658176 kB
VmallocUsed:       96504 kB
VmallocChunk:   251482716 kB


[2024-11-19 18:29:56]
MemTotal:        1858332 kB
MemFree:           46204 kB
Buffers:             476 kB
Cached:           202388 kB
SwapCached:        12804 kB
Active:           976628 kB
Inactive:         359596 kB
Active(anon):     925108 kB
Inactive(anon):   308064 kB
Active(file):      51520 kB
Inactive(file):    51532 kB
Unevictable:       99496 kB
Mlocked:           94212 kB
SwapTotal:        520908 kB
SwapFree:         368780 kB
Dirty:                 0 kB
Writeback:             0 kB
AnonPages:       1231628 kB
Mapped:           148404 kB
Shmem:               572 kB
Slab:              77204 kB
SReclaimable:      24604 kB
SUnreclaim:        52600 kB
KernelStack:       15248 kB
PageTables:        16768 kB
NFS_Unstable:          0 kB
Bounce:                0 kB
WritebackTmp:          0 kB
CommitLimit:     1450072 kB
Committed_AS:   24094740 kB
VmallocTotal:   251658176 kB
VmallocUsed:       96504 kB
VmallocChunk:   251482716 kB


[2024-11-19 18:29:58]
MemTotal:        1858332 kB
MemFree:           45776 kB
Buffers:             476 kB
Cached:           202388 kB
SwapCached:        12804 kB
Active:           976768 kB
Inactive:         359584 kB
Active(anon):     925248 kB
Inactive(anon):   308052 kB
Active(file):      51520 kB
Inactive(file):    51532 kB
Unevictable:       99496 kB
Mlocked:           94212 kB
SwapTotal:        520908 kB
SwapFree:         368780 kB
Dirty:                 0 kB
Writeback:             0 kB
AnonPages:       1231860 kB
Mapped:           148412 kB
Shmem:               572 kB
Slab:              77204 kB
SReclaimable:      24604 kB
SUnreclaim:        52600 kB
KernelStack:       15248 kB
PageTables:        16768 kB
NFS_Unstable:          0 kB
Bounce:                0 kB
WritebackTmp:          0 kB
CommitLimit:     1450072 kB
Committed_AS:   24094644 kB
VmallocTotal:   251658176 kB
VmallocUsed:       96504 kB
VmallocChunk:   251482716 kB


[2024-11-19 18:30:00]
MemTotal:        1858332 kB
MemFree:           47044 kB
Buffers:             476 kB
Cached:           202388 kB
SwapCached:        12804 kB
Active:           976996 kB
Inactive:         359584 kB
Active(anon):     925476 kB
Inactive(anon):   308052 kB
Active(file):      51520 kB
Inactive(file):    51532 kB
Unevictable:       99496 kB
Mlocked:           94212 kB
SwapTotal:        520908 kB
SwapFree:         368780 kB
Dirty:                 0 kB
Writeback:             0 kB
AnonPages:       1232260 kB
Mapped:           148432 kB
Shmem:               572 kB
Slab:              77124 kB
SReclaimable:      24524 kB
SUnreclaim:        52600 kB
KernelStack:       15280 kB
PageTables:        16792 kB
NFS_Unstable:          0 kB
Bounce:                0 kB
WritebackTmp:          0 kB
CommitLimit:     1450072 kB
Committed_AS:   24094532 kB
VmallocTotal:   251658176 kB
VmallocUsed:       96504 kB
VmallocChunk:   251482716 kB


[2024-11-19 18:30:03]
MemTotal:        1858332 kB
MemFree:           46824 kB
Buffers:             476 kB
Cached:           202388 kB
SwapCached:        12804 kB
Active:           976880 kB
Inactive:         359584 kB
Active(anon):     925360 kB
Inactive(anon):   308052 kB
Active(file):      51520 kB
Inactive(file):    51532 kB
Unevictable:       99496 kB
Mlocked:           94212 kB
SwapTotal:        520908 kB
SwapFree:         368780 kB
Dirty:                 0 kB
Writeback:             0 kB
AnonPages:       1231976 kB
Mapped:           148412 kB
Shmem:               572 kB
Slab:              77124 kB
SReclaimable:      24524 kB
SUnreclaim:        52600 kB
KernelStack:       15248 kB
PageTables:        16768 kB
NFS_Unstable:          0 kB
Bounce:                0 kB
WritebackTmp:          0 kB
CommitLimit:     1450072 kB
Committed_AS:   24094412 kB
VmallocTotal:   251658176 kB
VmallocUsed:       96504 kB
VmallocChunk:   251482716 kB


[2024-11-19 18:30:05]
MemTotal:        1858332 kB
MemFree:           46912 kB
Buffers:             476 kB
Cached:           202388 kB
SwapCached:        12804 kB
Active:           977316 kB
Inactive:         359584 kB
Active(anon):     925796 kB
Inactive(anon):   308052 kB
Active(file):      51520 kB
Inactive(file):    51532 kB
Unevictable:       99496 kB
Mlocked:           94212 kB
SwapTotal:        520908 kB
SwapFree:         368780 kB
Dirty:                 0 kB
Writeback:             0 kB
AnonPages:       1232388 kB
Mapped:           148464 kB
Shmem:               572 kB
Slab:              77124 kB
SReclaimable:      24524 kB
SUnreclaim:        52600 kB
KernelStack:       15280 kB
PageTables:        16788 kB
NFS_Unstable:          0 kB
Bounce:                0 kB
WritebackTmp:          0 kB
CommitLimit:     1450072 kB
Committed_AS:   24094496 kB
VmallocTotal:   251658176 kB
VmallocUsed:       96504 kB
VmallocChunk:   251482716 kB


[2024-11-19 18:30:08]
MemTotal:        1858332 kB
MemFree:           47004 kB
Buffers:             476 kB
Cached:           202388 kB
SwapCached:        12804 kB
Active:           977356 kB
Inactive:         359584 kB
Active(anon):     925836 kB
Inactive(anon):   308052 kB
Active(file):      51520 kB
Inactive(file):    51532 kB
Unevictable:       99496 kB
Mlocked:           94212 kB
SwapTotal:        520908 kB
SwapFree:         368780 kB
Dirty:                 0 kB
Writeback:             0 kB
AnonPages:       1232328 kB
Mapped:           148412 kB
Shmem:               572 kB
Slab:              77124 kB
SReclaimable:      24524 kB
SUnreclaim:        52600 kB
KernelStack:       15232 kB
PageTables:        16768 kB
NFS_Unstable:          0 kB
Bounce:                0 kB
WritebackTmp:          0 kB
CommitLimit:     1450072 kB
Committed_AS:   24094468 kB
VmallocTotal:   251658176 kB
VmallocUsed:       96504 kB
VmallocChunk:   251482716 kB


[2024-11-19 18:30:10]
MemTotal:        1858332 kB
MemFree:           46020 kB
Buffers:             476 kB
Cached:           202388 kB
SwapCached:        12804 kB
Active:           977956 kB
Inactive:         359592 kB
Active(anon):     926436 kB
Inactive(anon):   308060 kB
Active(file):      51520 kB
Inactive(file):    51532 kB
Unevictable:       99496 kB
Mlocked:           94212 kB
SwapTotal:        520908 kB
SwapFree:         368788 kB
Dirty:                 0 kB
Writeback:             0 kB
AnonPages:       1232908 kB
Mapped:           148420 kB
Shmem:               572 kB
Slab:              77120 kB
SReclaimable:      24524 kB
SUnreclaim:        52596 kB
KernelStack:       15264 kB
PageTables:        16784 kB
NFS_Unstable:          0 kB
Bounce:                0 kB
WritebackTmp:          0 kB
CommitLimit:     1450072 kB
Committed_AS:   24094516 kB
VmallocTotal:   251658176 kB
VmallocUsed:       96504 kB
VmallocChunk:   251482716 kB


[2024-11-19 18:30:13]
MemTotal:        1858332 kB
MemFree:           52816 kB
Buffers:             476 kB
Cached:           202388 kB
SwapCached:        12804 kB
Active:           971132 kB
Inactive:         359592 kB
Active(anon):     919612 kB
Inactive(anon):   308060 kB
Active(file):      51520 kB
Inactive(file):    51532 kB
Unevictable:       99496 kB
Mlocked:           94212 kB
SwapTotal:        520908 kB
SwapFree:         368792 kB
Dirty:                 0 kB
Writeback:             0 kB
AnonPages:       1226492 kB
Mapped:           148412 kB
Shmem:               572 kB
Slab:              77120 kB
SReclaimable:      24524 kB
SUnreclaim:        52596 kB
KernelStack:       15232 kB
PageTables:        16768 kB
NFS_Unstable:          0 kB
Bounce:                0 kB
WritebackTmp:          0 kB
CommitLimit:     1450072 kB
Committed_AS:   24094500 kB
VmallocTotal:   251658176 kB
VmallocUsed:       96504 kB
VmallocChunk:   251482716 kB


[2024-11-19 18:30:15]
MemTotal:        1858332 kB
MemFree:           52600 kB
Buffers:             476 kB
Cached:           202388 kB
SwapCached:        12804 kB
Active:           971380 kB
Inactive:         359584 kB
Active(anon):     919852 kB
Inactive(anon):   308060 kB
Active(file):      51528 kB
Inactive(file):    51524 kB
Unevictable:       99496 kB
Mlocked:           94212 kB
SwapTotal:        520908 kB
SwapFree:         368792 kB
Dirty:                 0 kB
Writeback:             0 kB
AnonPages:       1226536 kB
Mapped:           148464 kB
Shmem:               572 kB
Slab:              77120 kB
SReclaimable:      24524 kB
SUnreclaim:        52596 kB
KernelStack:       15264 kB
PageTables:        16792 kB
NFS_Unstable:          0 kB
Bounce:                0 kB
WritebackTmp:          0 kB
CommitLimit:     1450072 kB
Committed_AS:   24094596 kB
VmallocTotal:   251658176 kB
VmallocUsed:       96504 kB
VmallocChunk:   251482716 kB


[2024-11-19 18:30:18]
MemTotal:        1858332 kB
MemFree:           52704 kB
Buffers:             476 kB
Cached:           202388 kB
SwapCached:        12804 kB
Active:           971404 kB
Inactive:         359584 kB
Active(anon):     919876 kB
Inactive(anon):   308060 kB
Active(file):      51528 kB
Inactive(file):    51524 kB
Unevictable:       99496 kB
Mlocked:           94212 kB
SwapTotal:        520908 kB
SwapFree:         368792 kB
Dirty:                 0 kB
Writeback:             0 kB
AnonPages:       1226568 kB
Mapped:           148416 kB
Shmem:               572 kB
Slab:              77120 kB
SReclaimable:      24524 kB
SUnreclaim:        52596 kB
KernelStack:       15248 kB
PageTables:        16768 kB
NFS_Unstable:          0 kB
Bounce:                0 kB
WritebackTmp:          0 kB
CommitLimit:     1450072 kB
Committed_AS:   24094540 kB
VmallocTotal:   251658176 kB
VmallocUsed:       96504 kB
VmallocChunk:   251482716 kB


[2024-11-19 18:30:20]
MemTotal:        1858332 kB
MemFree:           52412 kB
Buffers:             476 kB
Cached:           202548 kB
SwapCached:        12804 kB
Active:           971676 kB
Inactive:         359716 kB
Active(anon):     920148 kB
Inactive(anon):   308060 kB
Active(file):      51528 kB
Inactive(file):    51656 kB
Unevictable:       99496 kB
Mlocked:           94212 kB
SwapTotal:        520908 kB
SwapFree:         368792 kB
Dirty:                 0 kB
Writeback:             0 kB
AnonPages:       1226628 kB
Mapped:           148504 kB
Shmem:               572 kB
Slab:              77120 kB
SReclaimable:      24524 kB
SUnreclaim:        52596 kB
KernelStack:       15280 kB
PageTables:        16788 kB
NFS_Unstable:          0 kB
Bounce:                0 kB
WritebackTmp:          0 kB
CommitLimit:     1450072 kB
Committed_AS:   24094456 kB
VmallocTotal:   251658176 kB
VmallocUsed:       96504 kB
VmallocChunk:   251482716 kB


[2024-11-19 18:30:22]
MemTotal:        1858332 kB
MemFree:           51792 kB
Buffers:             476 kB
Cached:           202548 kB
SwapCached:        12804 kB
Active:           971968 kB
Inactive:         359748 kB
Active(anon):     920440 kB
Inactive(anon):   308064 kB
Active(file):      51528 kB
Inactive(file):    51684 kB
Unevictable:       99496 kB
Mlocked:           94212 kB
SwapTotal:        520908 kB
SwapFree:         368796 kB
Dirty:                 0 kB
Writeback:             0 kB
AnonPages:       1227152 kB
Mapped:           148452 kB
Shmem:               572 kB
Slab:              77120 kB
SReclaimable:      24524 kB
SUnreclaim:        52596 kB
KernelStack:       15248 kB
PageTables:        16768 kB
NFS_Unstable:          0 kB
Bounce:                0 kB
WritebackTmp:          0 kB
CommitLimit:     1450072 kB
Committed_AS:   24094560 kB
VmallocTotal:   251658176 kB
VmallocUsed:       96504 kB
VmallocChunk:   251482716 kB


[2024-11-19 18:30:25]
MemTotal:        1858332 kB
MemFree:           51796 kB
Buffers:             476 kB
Cached:           202548 kB
SwapCached:        12804 kB
Active:           972296 kB
Inactive:         359752 kB
Active(anon):     920768 kB
Inactive(anon):   308068 kB
Active(file):      51528 kB
Inactive(file):    51684 kB
Unevictable:       99496 kB
Mlocked:           94212 kB
SwapTotal:        520908 kB
SwapFree:         368800 kB
Dirty:                 0 kB
Writeback:             0 kB
AnonPages:       1227288 kB
Mapped:           148456 kB
Shmem:               572 kB
Slab:              77120 kB
SReclaimable:      24524 kB
SUnreclaim:        52596 kB
KernelStack:       15280 kB
PageTables:        16796 kB
NFS_Unstable:          0 kB
Bounce:                0 kB
WritebackTmp:          0 kB
CommitLimit:     1450072 kB
Committed_AS:   24094496 kB
VmallocTotal:   251658176 kB
VmallocUsed:       96504 kB
VmallocChunk:   251482716 kB


[2024-11-19 18:30:27]
MemTotal:        1858332 kB
MemFree:           51880 kB
Buffers:             476 kB
Cached:           202548 kB
SwapCached:        12804 kB
Active:           972272 kB
Inactive:         359752 kB
Active(anon):     920744 kB
Inactive(anon):   308068 kB
Active(file):      51528 kB
Inactive(file):    51684 kB
Unevictable:       99496 kB
Mlocked:           94212 kB
SwapTotal:        520908 kB
SwapFree:         368800 kB
Dirty:                 0 kB
Writeback:             0 kB
AnonPages:       1227252 kB
Mapped:           148452 kB
Shmem:               572 kB
Slab:              77120 kB
SReclaimable:      24524 kB
SUnreclaim:        52596 kB
KernelStack:       15248 kB
PageTables:        16768 kB
NFS_Unstable:          0 kB
Bounce:                0 kB
WritebackTmp:          0 kB
CommitLimit:     1450072 kB
Committed_AS:   24094344 kB
VmallocTotal:   251658176 kB
VmallocUsed:       96504 kB
VmallocChunk:   251482716 kB


[2024-11-19 18:30:30]
MemTotal:        1858332 kB
MemFree:           51324 kB
Buffers:             476 kB
Cached:           202548 kB
SwapCached:        12804 kB
Active:           972512 kB
Inactive:         359752 kB
Active(anon):     920984 kB
Inactive(anon):   308068 kB
Active(file):      51528 kB
Inactive(file):    51684 kB
Unevictable:       99496 kB
Mlocked:           94212 kB
SwapTotal:        520908 kB
SwapFree:         368800 kB
Dirty:                 0 kB
Writeback:             0 kB
AnonPages:       1227688 kB
Mapped:           148456 kB
Shmem:               572 kB
Slab:              77120 kB
SReclaimable:      24524 kB
SUnreclaim:        52596 kB
KernelStack:       15280 kB
PageTables:        16804 kB
NFS_Unstable:          0 kB
Bounce:                0 kB
WritebackTmp:          0 kB
CommitLimit:     1450072 kB
Committed_AS:   24094668 kB
VmallocTotal:   251658176 kB
VmallocUsed:       96504 kB
VmallocChunk:   251482716 kB


[2024-11-19 18:30:33]
MemTotal:        1858332 kB
MemFree:           51800 kB
Buffers:             476 kB
Cached:           202600 kB
SwapCached:        12808 kB
Active:           972664 kB
Inactive:         359836 kB
Active(anon):     921136 kB
Inactive(anon):   308100 kB
Active(file):      51528 kB
Inactive(file):    51736 kB
Unevictable:       99496 kB
Mlocked:           94212 kB
SwapTotal:        520908 kB
SwapFree:         368848 kB
Dirty:                 0 kB
Writeback:             0 kB
AnonPages:       1227804 kB
Mapped:           148420 kB
Shmem:               572 kB
Slab:              77120 kB
SReclaimable:      24524 kB
SUnreclaim:        52596 kB
KernelStack:       15328 kB
PageTables:        16640 kB
NFS_Unstable:          0 kB
Bounce:                0 kB
WritebackTmp:          0 kB
CommitLimit:     1450072 kB
Committed_AS:   24094788 kB
VmallocTotal:   251658176 kB
VmallocUsed:       96476 kB
VmallocChunk:   251482716 kB


[2024-11-19 18:30:35]
MemTotal:        1858332 kB
MemFree:           50940 kB
Buffers:             476 kB
Cached:           202600 kB
SwapCached:        12808 kB
Active:           973040 kB
Inactive:         359840 kB
Active(anon):     921512 kB
Inactive(anon):   308104 kB
Active(file):      51528 kB
Inactive(file):    51736 kB
Unevictable:       99496 kB
Mlocked:           94212 kB
SwapTotal:        520908 kB
SwapFree:         368848 kB
Dirty:                 0 kB
Writeback:             0 kB
AnonPages:       1228232 kB
Mapped:           148420 kB
Shmem:               572 kB
Slab:              77084 kB
SReclaimable:      24524 kB
SUnreclaim:        52560 kB
KernelStack:       15264 kB
PageTables:        16632 kB
NFS_Unstable:          0 kB
Bounce:                0 kB
WritebackTmp:          0 kB
CommitLimit:     1450072 kB
Committed_AS:   24094588 kB
VmallocTotal:   251658176 kB
VmallocUsed:       96476 kB
VmallocChunk:   251482716 kB


[2024-11-19 18:30:37]
MemTotal:        1858332 kB
MemFree:           56672 kB
Buffers:             476 kB
Cached:           202772 kB
SwapCached:        12808 kB
Active:           970852 kB
Inactive:         356212 kB
Active(anon):     915524 kB
Inactive(anon):   308104 kB
Active(file):      55328 kB
Inactive(file):    48108 kB
Unevictable:       99496 kB
Mlocked:           94212 kB
SwapTotal:        520908 kB
SwapFree:         368852 kB
Dirty:                 0 kB
Writeback:             0 kB
AnonPages:       1222312 kB
Mapped:           146904 kB
Shmem:               572 kB
Slab:              77084 kB
SReclaimable:      24524 kB
SUnreclaim:        52560 kB
KernelStack:       15056 kB
PageTables:        16516 kB
NFS_Unstable:          0 kB
Bounce:                0 kB
WritebackTmp:          0 kB
CommitLimit:     1450072 kB
Committed_AS:   23982808 kB
VmallocTotal:   251658176 kB
VmallocUsed:       96476 kB
VmallocChunk:   251482716 kB


[2024-11-19 18:30:39]
MemTotal:        1858332 kB
MemFree:           58288 kB
Buffers:             476 kB
Cached:           202772 kB
SwapCached:        12808 kB
Active:           969844 kB
Inactive:         356212 kB
Active(anon):     914516 kB
Inactive(anon):   308104 kB
Active(file):      55328 kB
Inactive(file):    48108 kB
Unevictable:       99496 kB
Mlocked:           94212 kB
SwapTotal:        520908 kB
SwapFree:         368852 kB
Dirty:                 0 kB
Writeback:             0 kB
AnonPages:       1221296 kB
Mapped:           144368 kB
Shmem:               572 kB
Slab:              77084 kB
SReclaimable:      24524 kB
SUnreclaim:        52560 kB
KernelStack:       15056 kB
PageTables:        16504 kB
NFS_Unstable:          0 kB
Bounce:                0 kB
WritebackTmp:          0 kB
CommitLimit:     1450072 kB
Committed_AS:   23981388 kB
VmallocTotal:   251658176 kB
VmallocUsed:       96476 kB
VmallocChunk:   251482716 kB


[2024-11-19 18:30:41]
MemTotal:        1858332 kB
MemFree:           58024 kB
Buffers:             476 kB
Cached:           202772 kB
SwapCached:        12808 kB
Active:           970012 kB
Inactive:         356212 kB
Active(anon):     914684 kB
Inactive(anon):   308104 kB
Active(file):      55328 kB
Inactive(file):    48108 kB
Unevictable:       99496 kB
Mlocked:           94212 kB
SwapTotal:        520908 kB
SwapFree:         368852 kB
Dirty:                 0 kB
Writeback:             0 kB
AnonPages:       1221248 kB
Mapped:           144324 kB
Shmem:               572 kB
Slab:              77084 kB
SReclaimable:      24524 kB
SUnreclaim:        52560 kB
KernelStack:       15024 kB
PageTables:        16448 kB
NFS_Unstable:          0 kB
Bounce:                0 kB
WritebackTmp:          0 kB
CommitLimit:     1450072 kB
Committed_AS:   23981388 kB
VmallocTotal:   251658176 kB
VmallocUsed:       96476 kB
VmallocChunk:   251482716 kB


[2024-11-19 18:30:43]
MemTotal:        1858332 kB
MemFree:           58216 kB
Buffers:             476 kB
Cached:           202772 kB
SwapCached:        12808 kB
Active:           970060 kB
Inactive:         356216 kB
Active(anon):     914732 kB
Inactive(anon):   308108 kB
Active(file):      55328 kB
Inactive(file):    48108 kB
Unevictable:       99496 kB
Mlocked:           94212 kB
SwapTotal:        520908 kB
SwapFree:         368856 kB
Dirty:                 0 kB
Writeback:             0 kB
AnonPages:       1221288 kB
Mapped:           144324 kB
Shmem:               572 kB
Slab:              77084 kB
SReclaimable:      24524 kB
SUnreclaim:        52560 kB
KernelStack:       15024 kB
PageTables:        16448 kB
NFS_Unstable:          0 kB
Bounce:                0 kB
WritebackTmp:          0 kB
CommitLimit:     1450072 kB
Committed_AS:   23981288 kB
VmallocTotal:   251658176 kB
VmallocUsed:       96476 kB
VmallocChunk:   251482716 kB


[2024-11-19 18:30:45]
MemTotal:        1858332 kB
MemFree:           57824 kB
Buffers:             476 kB
Cached:           202772 kB
SwapCached:        12808 kB
Active:           970460 kB
Inactive:         356216 kB
Active(anon):     915132 kB
Inactive(anon):   308108 kB
Active(file):      55328 kB
Inactive(file):    48108 kB
Unevictable:       99496 kB
Mlocked:           94212 kB
SwapTotal:        520908 kB
SwapFree:         368856 kB
Dirty:                 0 kB
Writeback:             0 kB
AnonPages:       1221740 kB
Mapped:           144324 kB
Shmem:               572 kB
Slab:              77084 kB
SReclaimable:      24524 kB
SUnreclaim:        52560 kB
KernelStack:       15056 kB
PageTables:        16448 kB
NFS_Unstable:          0 kB
Bounce:                0 kB
WritebackTmp:          0 kB
CommitLimit:     1450072 kB
Committed_AS:   23981340 kB
VmallocTotal:   251658176 kB
VmallocUsed:       96476 kB
VmallocChunk:   251482716 kB


[2024-11-19 18:30:47]
MemTotal:        1858332 kB
MemFree:           57676 kB
Buffers:             476 kB
Cached:           202772 kB
SwapCached:        12808 kB
Active:           970320 kB
Inactive:         356216 kB
Active(anon):     914992 kB
Inactive(anon):   308108 kB
Active(file):      55328 kB
Inactive(file):    48108 kB
Unevictable:       99496 kB
Mlocked:           94212 kB
SwapTotal:        520908 kB
SwapFree:         368856 kB
Dirty:                 0 kB
Writeback:             0 kB
AnonPages:       1221532 kB
Mapped:           144324 kB
Shmem:               572 kB
Slab:              77084 kB
SReclaimable:      24524 kB
SUnreclaim:        52560 kB
KernelStack:       15040 kB
PageTables:        16448 kB
NFS_Unstable:          0 kB
Bounce:                0 kB
WritebackTmp:          0 kB
CommitLimit:     1450072 kB
Committed_AS:   23981192 kB
VmallocTotal:   251658176 kB
VmallocUsed:       96476 kB
VmallocChunk:   251482716 kB


[2024-11-19 18:30:49]
MemTotal:        1858332 kB
MemFree:           55824 kB
Buffers:             592 kB
Cached:           204196 kB
SwapCached:        12828 kB
Active:           970876 kB
Inactive:         357688 kB
Active(anon):     915504 kB
Inactive(anon):   308136 kB
Active(file):      55372 kB
Inactive(file):    49552 kB
Unevictable:       99496 kB
Mlocked:           94212 kB
SwapTotal:        520908 kB
SwapFree:         368864 kB
Dirty:                76 kB
Writeback:             0 kB
AnonPages:       1222264 kB
Mapped:           144164 kB
Shmem:               572 kB
Slab:              77084 kB
SReclaimable:      24524 kB
SUnreclaim:        52560 kB
KernelStack:       15040 kB
PageTables:        16416 kB
NFS_Unstable:          0 kB
Bounce:                0 kB
WritebackTmp:          0 kB
CommitLimit:     1450072 kB
Committed_AS:   23981172 kB
VmallocTotal:   251658176 kB
VmallocUsed:       96476 kB
VmallocChunk:   251482716 kB


[2024-11-19 18:30:52]
MemTotal:        1858332 kB
MemFree:           55340 kB
Buffers:             592 kB
Cached:           204196 kB
SwapCached:        12828 kB
Active:           970920 kB
Inactive:         357716 kB
Active(anon):     915524 kB
Inactive(anon):   308136 kB
Active(file):      55396 kB
Inactive(file):    49580 kB
Unevictable:       99496 kB
Mlocked:           94212 kB
SwapTotal:        520908 kB
SwapFree:         368864 kB
Dirty:                76 kB
Writeback:             0 kB
AnonPages:       1222092 kB
Mapped:           144332 kB
Shmem:               572 kB
Slab:              77084 kB
SReclaimable:      24524 kB
SUnreclaim:        52560 kB
KernelStack:       15040 kB
PageTables:        16432 kB
NFS_Unstable:          0 kB
Bounce:                0 kB
WritebackTmp:          0 kB
CommitLimit:     1450072 kB
Committed_AS:   23981152 kB
VmallocTotal:   251658176 kB
VmallocUsed:       96476 kB
VmallocChunk:   251482716 kB


[2024-11-19 18:30:54]
MemTotal:        1858332 kB
MemFree:           55480 kB
Buffers:             592 kB
Cached:           204196 kB
SwapCached:        12828 kB
Active:           971200 kB
Inactive:         357716 kB
Active(anon):     915804 kB
Inactive(anon):   308136 kB
Active(file):      55396 kB
Inactive(file):    49580 kB
Unevictable:       99496 kB
Mlocked:           94212 kB
SwapTotal:        520908 kB
SwapFree:         368864 kB
Dirty:                76 kB
Writeback:             0 kB
AnonPages:       1222412 kB
Mapped:           144308 kB
Shmem:               572 kB
Slab:              77084 kB
SReclaimable:      24524 kB
SUnreclaim:        52560 kB
KernelStack:       15040 kB
PageTables:        16432 kB
NFS_Unstable:          0 kB
Bounce:                0 kB
WritebackTmp:          0 kB
CommitLimit:     1450072 kB
Committed_AS:   23981080 kB
VmallocTotal:   251658176 kB
VmallocUsed:       96476 kB
VmallocChunk:   251482716 kB


[2024-11-19 18:30:56]
MemTotal:        1858332 kB
MemFree:           56636 kB
Buffers:             600 kB
Cached:           204196 kB
SwapCached:        12828 kB
Active:           971256 kB
Inactive:         357728 kB
Active(anon):     915860 kB
Inactive(anon):   308140 kB
Active(file):      55396 kB
Inactive(file):    49588 kB
Unevictable:       99496 kB
Mlocked:           94212 kB
SwapTotal:        520908 kB
SwapFree:         368868 kB
Dirty:                28 kB
Writeback:             0 kB
AnonPages:       1222660 kB
Mapped:           144308 kB
Shmem:               572 kB
Slab:              77084 kB
SReclaimable:      24524 kB
SUnreclaim:        52560 kB
KernelStack:       15104 kB
PageTables:        16440 kB
NFS_Unstable:          0 kB
Bounce:                0 kB
WritebackTmp:          0 kB
CommitLimit:     1450072 kB
Committed_AS:   23981000 kB
VmallocTotal:   251658176 kB
VmallocUsed:       96476 kB
VmallocChunk:   251482716 kB


[2024-11-19 18:30:58]
MemTotal:        1858332 kB
MemFree:           56276 kB
Buffers:             600 kB
Cached:           204196 kB
SwapCached:        12828 kB
Active:           971392 kB
Inactive:         357724 kB
Active(anon):     915996 kB
Inactive(anon):   308136 kB
Active(file):      55396 kB
Inactive(file):    49588 kB
Unevictable:       99496 kB
Mlocked:           94212 kB
SwapTotal:        520908 kB
SwapFree:         368872 kB
Dirty:                28 kB
Writeback:             0 kB
AnonPages:       1222728 kB
Mapped:           144304 kB
Shmem:               572 kB
Slab:              77084 kB
SReclaimable:      24524 kB
SUnreclaim:        52560 kB
KernelStack:       15040 kB
PageTables:        16432 kB
NFS_Unstable:          0 kB
Bounce:                0 kB
WritebackTmp:          0 kB
CommitLimit:     1450072 kB
Committed_AS:   23980952 kB
VmallocTotal:   251658176 kB
VmallocUsed:       96476 kB
VmallocChunk:   251482716 kB


[2024-11-19 18:31:00]
MemTotal:        1858332 kB
MemFree:           56152 kB
Buffers:             600 kB
Cached:           204196 kB
SwapCached:        12828 kB
Active:           971656 kB
Inactive:         357728 kB
Active(anon):     916260 kB
Inactive(anon):   308140 kB
Active(file):      55396 kB
Inactive(file):    49588 kB
Unevictable:       99496 kB
Mlocked:           94212 kB
SwapTotal:        520908 kB
SwapFree:         368872 kB
Dirty:                 0 kB
Writeback:             0 kB
AnonPages:       1222996 kB
Mapped:           144304 kB
Shmem:               572 kB
Slab:              77084 kB
SReclaimable:      24524 kB
SUnreclaim:        52560 kB
KernelStack:       15056 kB
PageTables:        16436 kB
NFS_Unstable:          0 kB
Bounce:                0 kB
WritebackTmp:          0 kB
CommitLimit:     1450072 kB
Committed_AS:   23980952 kB
VmallocTotal:   251658176 kB
VmallocUsed:       96476 kB
VmallocChunk:   251482716 kB


