[2024-11-19 18:45:02]
MemTotal:        1858332 kB
MemFree:           54944 kB
Buffers:             576 kB
Cached:           208544 kB
SwapCached:        13252 kB
Active:           967996 kB
Inactive:         360884 kB
Active(anon):     915376 kB
Inactive(anon):   304312 kB
Active(file):      52620 kB
Inactive(file):    56572 kB
Unevictable:       99496 kB
Mlocked:           94212 kB
SwapTotal:        520908 kB
SwapFree:         362020 kB
Dirty:                 0 kB
Writeback:             0 kB
AnonPages:       1218428 kB
Mapped:           145956 kB
Shmem:               568 kB
Slab:              76944 kB
SReclaimable:      24396 kB
SUnreclaim:        52548 kB
KernelStack:       15008 kB
PageTables:        16440 kB
NFS_Unstable:          0 kB
Bounce:                0 kB
WritebackTmp:          0 kB
CommitLimit:     1450072 kB
Committed_AS:   23981552 kB
VmallocTotal:   251658176 kB
VmallocUsed:       96504 kB
VmallocChunk:   251482716 kB


[2024-11-19 18:45:02]
MemTotal:        1858332 kB
MemFree:           54332 kB
Buffers:             576 kB
Cached:           208512 kB
SwapCached:        13252 kB
Active:           968116 kB
Inactive:         360948 kB
Active(anon):     915484 kB
Inactive(anon):   304340 kB
Active(file):      52632 kB
Inactive(file):    56608 kB
Unevictable:       99496 kB
Mlocked:           94212 kB
SwapTotal:        520908 kB
SwapFree:         362020 kB
Dirty:                 0 kB
Writeback:             0 kB
AnonPages:       1218308 kB
Mapped:           146068 kB
Shmem:               568 kB
Slab:              76880 kB
SReclaimable:      24332 kB
SUnreclaim:        52548 kB
KernelStack:       15056 kB
PageTables:        16524 kB
NFS_Unstable:          0 kB
Bounce:                0 kB
WritebackTmp:          0 kB
CommitLimit:     1450072 kB
Committed_AS:   23981680 kB
VmallocTotal:   251658176 kB
VmallocUsed:       96504 kB
VmallocChunk:   251482716 kB


[2024-11-19 18:45:02]
MemTotal:        1858332 kB
MemFree:           54076 kB
Buffers:             576 kB
Cached:           208512 kB
SwapCached:        13252 kB
Active:           968308 kB
Inactive:         360948 kB
Active(anon):     915676 kB
Inactive(anon):   304340 kB
Active(file):      52632 kB
Inactive(file):    56608 kB
Unevictable:       99496 kB
Mlocked:           94212 kB
SwapTotal:        520908 kB
SwapFree:         362020 kB
Dirty:                 0 kB
Writeback:             0 kB
AnonPages:       1218612 kB
Mapped:           146068 kB
Shmem:               568 kB
Slab:              76880 kB
SReclaimable:      24332 kB
SUnreclaim:        52548 kB
KernelStack:       15024 kB
PageTables:        16492 kB
NFS_Unstable:          0 kB
Bounce:                0 kB
WritebackTmp:          0 kB
CommitLimit:     1450072 kB
Committed_AS:   23981676 kB
VmallocTotal:   251658176 kB
VmallocUsed:       96504 kB
VmallocChunk:   251482716 kB


[2024-11-19 18:45:02]
MemTotal:        1858332 kB
MemFree:           53852 kB
Buffers:             576 kB
Cached:           208512 kB
SwapCached:        13252 kB
Active:           968512 kB
Inactive:         360948 kB
Active(anon):     915880 kB
Inactive(anon):   304340 kB
Active(file):      52632 kB
Inactive(file):    56608 kB
Unevictable:       99496 kB
Mlocked:           94212 kB
SwapTotal:        520908 kB
SwapFree:         362020 kB
Dirty:                 0 kB
Writeback:             0 kB
AnonPages:       1218724 kB
Mapped:           146068 kB
Shmem:               568 kB
Slab:              76880 kB
SReclaimable:      24332 kB
SUnreclaim:        52548 kB
KernelStack:       15024 kB
PageTables:        16492 kB
NFS_Unstable:          0 kB
Bounce:                0 kB
WritebackTmp:          0 kB
CommitLimit:     1450072 kB
Committed_AS:   23981640 kB
VmallocTotal:   251658176 kB
VmallocUsed:       96504 kB
VmallocChunk:   251482716 kB


[2024-11-19 18:45:02]
MemTotal:        1858332 kB
MemFree:           57032 kB
Buffers:             576 kB
Cached:           205196 kB
SwapCached:        13252 kB
Active:           968220 kB
Inactive:         358188 kB
Active(anon):     915588 kB
Inactive(anon):   304896 kB
Active(file):      52632 kB
Inactive(file):    53292 kB
Unevictable:       99496 kB
Mlocked:           94212 kB
SwapTotal:        520908 kB
SwapFree:         362020 kB
Dirty:                 0 kB
Writeback:             0 kB
AnonPages:       1219276 kB
Mapped:           146068 kB
Shmem:               568 kB
Slab:              76880 kB
SReclaimable:      24332 kB
SUnreclaim:        52548 kB
KernelStack:       15024 kB
PageTables:        16492 kB
NFS_Unstable:          0 kB
Bounce:                0 kB
WritebackTmp:          0 kB
CommitLimit:     1450072 kB
Committed_AS:   23981644 kB
VmallocTotal:   251658176 kB
VmallocUsed:       96504 kB
VmallocChunk:   251482716 kB


[2024-11-19 18:45:02]
MemTotal:        1858332 kB
MemFree:           56908 kB
Buffers:             576 kB
Cached:           205196 kB
SwapCached:        13252 kB
Active:           968312 kB
Inactive:         358188 kB
Active(anon):     915680 kB
Inactive(anon):   304896 kB
Active(file):      52632 kB
Inactive(file):    53292 kB
Unevictable:       99496 kB
Mlocked:           94212 kB
SwapTotal:        520908 kB
SwapFree:         362020 kB
Dirty:                 0 kB
Writeback:             0 kB
AnonPages:       1218988 kB
Mapped:           146068 kB
Shmem:               568 kB
Slab:              76880 kB
SReclaimable:      24332 kB
SUnreclaim:        52548 kB
KernelStack:       15024 kB
PageTables:        16476 kB
NFS_Unstable:          0 kB
Bounce:                0 kB
WritebackTmp:          0 kB
CommitLimit:     1450072 kB
Committed_AS:   23981604 kB
VmallocTotal:   251658176 kB
VmallocUsed:       96504 kB
VmallocChunk:   251482716 kB


[2024-11-19 18:45:02]
MemTotal:        1858332 kB
MemFree:           56944 kB
Buffers:             576 kB
Cached:           205196 kB
SwapCached:        13252 kB
Active:           968332 kB
Inactive:         358188 kB
Active(anon):     915700 kB
Inactive(anon):   304896 kB
Active(file):      52632 kB
Inactive(file):    53292 kB
Unevictable:       99496 kB
Mlocked:           94212 kB
SwapTotal:        520908 kB
SwapFree:         362020 kB
Dirty:                 0 kB
Writeback:             0 kB
AnonPages:       1219200 kB
Mapped:           146068 kB
Shmem:               568 kB
Slab:              76880 kB
SReclaimable:      24332 kB
SUnreclaim:        52548 kB
KernelStack:       15056 kB
PageTables:        16496 kB
NFS_Unstable:          0 kB
Bounce:                0 kB
WritebackTmp:          0 kB
CommitLimit:     1450072 kB
Committed_AS:   23981552 kB
VmallocTotal:   251658176 kB
VmallocUsed:       96504 kB
VmallocChunk:   251482716 kB


[2024-11-19 18:45:02]
MemTotal:        1858332 kB
MemFree:           56552 kB
Buffers:             576 kB
Cached:           205196 kB
SwapCached:        13252 kB
Active:           968488 kB
Inactive:         358188 kB
Active(anon):     915856 kB
Inactive(anon):   304896 kB
Active(file):      52632 kB
Inactive(file):    53292 kB
Unevictable:       99496 kB
Mlocked:           94212 kB
SwapTotal:        520908 kB
SwapFree:         362024 kB
Dirty:                 0 kB
Writeback:             0 kB
AnonPages:       1219232 kB
Mapped:           146068 kB
Shmem:               568 kB
Slab:              76880 kB
SReclaimable:      24332 kB
SUnreclaim:        52548 kB
KernelStack:       15024 kB
PageTables:        16492 kB
NFS_Unstable:          0 kB
Bounce:                0 kB
WritebackTmp:          0 kB
CommitLimit:     1450072 kB
Committed_AS:   23981696 kB
VmallocTotal:   251658176 kB
VmallocUsed:       96504 kB
VmallocChunk:   251482716 kB


[2024-11-19 18:45:02]
MemTotal:        1858332 kB
MemFree:           56604 kB
Buffers:             576 kB
Cached:           205196 kB
SwapCached:        13252 kB
Active:           968524 kB
Inactive:         358192 kB
Active(anon):     915892 kB
Inactive(anon):   304900 kB
Active(file):      52632 kB
Inactive(file):    53292 kB
Unevictable:       99496 kB
Mlocked:           94212 kB
SwapTotal:        520908 kB
SwapFree:         362024 kB
Dirty:                 0 kB
Writeback:             0 kB
AnonPages:       1219292 kB
Mapped:           146072 kB
Shmem:               568 kB
Slab:              76880 kB
SReclaimable:      24332 kB
SUnreclaim:        52548 kB
KernelStack:       15024 kB
PageTables:        16492 kB
NFS_Unstable:          0 kB
Bounce:                0 kB
WritebackTmp:          0 kB
CommitLimit:     1450072 kB
Committed_AS:   23981792 kB
VmallocTotal:   251658176 kB
VmallocUsed:       96504 kB
VmallocChunk:   251482716 kB


[2024-11-19 18:45:02]
MemTotal:        1858332 kB
MemFree:           56456 kB
Buffers:             576 kB
Cached:           205196 kB
SwapCached:        13252 kB
Active:           968528 kB
Inactive:         358192 kB
Active(anon):     915896 kB
Inactive(anon):   304900 kB
Active(file):      52632 kB
Inactive(file):    53292 kB
Unevictable:       99496 kB
Mlocked:           94212 kB
SwapTotal:        520908 kB
SwapFree:         362024 kB
Dirty:                 0 kB
Writeback:             0 kB
AnonPages:       1219296 kB
Mapped:           146072 kB
Shmem:               568 kB
Slab:              76880 kB
SReclaimable:      24332 kB
SUnreclaim:        52548 kB
KernelStack:       15024 kB
PageTables:        16492 kB
NFS_Unstable:          0 kB
Bounce:                0 kB
WritebackTmp:          0 kB
CommitLimit:     1450072 kB
Committed_AS:   23981772 kB
VmallocTotal:   251658176 kB
VmallocUsed:       96504 kB
VmallocChunk:   251482716 kB


[2024-11-19 18:45:02]
MemTotal:        1858332 kB
MemFree:           52172 kB
Buffers:             524 kB
Cached:           206500 kB
SwapCached:        13252 kB
Active:           975200 kB
Inactive:         355524 kB
Active(anon):     918264 kB
Inactive(anon):   305264 kB
Active(file):      56936 kB
Inactive(file):    50260 kB
Unevictable:       99496 kB
Mlocked:           94212 kB
SwapTotal:        520908 kB
SwapFree:         362064 kB
Dirty:                 0 kB
Writeback:             0 kB
AnonPages:       1222436 kB
Mapped:           149996 kB
Shmem:               572 kB
Slab:              76888 kB
SReclaimable:      24332 kB
SUnreclaim:        52556 kB
KernelStack:       15200 kB
PageTables:        16744 kB
NFS_Unstable:          0 kB
Bounce:                0 kB
WritebackTmp:          0 kB
CommitLimit:     1450072 kB
Committed_AS:   24095220 kB
VmallocTotal:   251658176 kB
VmallocUsed:       96504 kB
VmallocChunk:   251482716 kB


[2024-11-19 18:45:05]
MemTotal:        1858332 kB
MemFree:           50836 kB
Buffers:             524 kB
Cached:           206604 kB
SwapCached:        13252 kB
Active:           976344 kB
Inactive:         355612 kB
Active(anon):     919364 kB
Inactive(anon):   305276 kB
Active(file):      56980 kB
Inactive(file):    50336 kB
Unevictable:       99496 kB
Mlocked:           94212 kB
SwapTotal:        520908 kB
SwapFree:         362064 kB
Dirty:                 0 kB
Writeback:             0 kB
AnonPages:       1223120 kB
Mapped:           150092 kB
Shmem:               572 kB
Slab:              76888 kB
SReclaimable:      24332 kB
SUnreclaim:        52556 kB
KernelStack:       15280 kB
PageTables:        16760 kB
NFS_Unstable:          0 kB
Bounce:                0 kB
WritebackTmp:          0 kB
CommitLimit:     1450072 kB
Committed_AS:   24103428 kB
VmallocTotal:   251658176 kB
VmallocUsed:       96504 kB
VmallocChunk:   251482716 kB


[2024-11-19 18:45:07]
MemTotal:        1858332 kB
MemFree:           50976 kB
Buffers:             524 kB
Cached:           206604 kB
SwapCached:        13252 kB
Active:           976248 kB
Inactive:         355612 kB
Active(anon):     919268 kB
Inactive(anon):   305276 kB
Active(file):      56980 kB
Inactive(file):    50336 kB
Unevictable:       99496 kB
Mlocked:           94212 kB
SwapTotal:        520908 kB
SwapFree:         362064 kB
Dirty:                 0 kB
Writeback:             0 kB
AnonPages:       1223092 kB
Mapped:           149908 kB
Shmem:               572 kB
Slab:              76888 kB
SReclaimable:      24332 kB
SUnreclaim:        52556 kB
KernelStack:       15280 kB
PageTables:        16760 kB
NFS_Unstable:          0 kB
Bounce:                0 kB
WritebackTmp:          0 kB
CommitLimit:     1450072 kB
Committed_AS:   24103392 kB
VmallocTotal:   251658176 kB
VmallocUsed:       96504 kB
VmallocChunk:   251482716 kB


[2024-11-19 18:45:09]
MemTotal:        1858332 kB
MemFree:           50864 kB
Buffers:             524 kB
Cached:           206604 kB
SwapCached:        13252 kB
Active:           976104 kB
Inactive:         355612 kB
Active(anon):     919124 kB
Inactive(anon):   305276 kB
Active(file):      56980 kB
Inactive(file):    50336 kB
Unevictable:       99496 kB
Mlocked:           94212 kB
SwapTotal:        520908 kB
SwapFree:         362064 kB
Dirty:                 0 kB
Writeback:             0 kB
AnonPages:       1223044 kB
Mapped:           150092 kB
Shmem:               572 kB
Slab:              76888 kB
SReclaimable:      24332 kB
SUnreclaim:        52556 kB
KernelStack:       15264 kB
PageTables:        16760 kB
NFS_Unstable:          0 kB
Bounce:                0 kB
WritebackTmp:          0 kB
CommitLimit:     1450072 kB
Committed_AS:   24095044 kB
VmallocTotal:   251658176 kB
VmallocUsed:       96504 kB
VmallocChunk:   251482716 kB


[2024-11-19 18:45:11]
MemTotal:        1858332 kB
MemFree:           51260 kB
Buffers:             524 kB
Cached:           206604 kB
SwapCached:        13252 kB
Active:           976496 kB
Inactive:         355612 kB
Active(anon):     919516 kB
Inactive(anon):   305276 kB
Active(file):      56980 kB
Inactive(file):    50336 kB
Unevictable:       99496 kB
Mlocked:           94212 kB
SwapTotal:        520908 kB
SwapFree:         362064 kB
Dirty:                 0 kB
Writeback:             0 kB
AnonPages:       1223344 kB
Mapped:           149924 kB
Shmem:               572 kB
Slab:              76888 kB
SReclaimable:      24332 kB
SUnreclaim:        52556 kB
KernelStack:       15264 kB
PageTables:        16760 kB
NFS_Unstable:          0 kB
Bounce:                0 kB
WritebackTmp:          0 kB
CommitLimit:     1450072 kB
Committed_AS:   24095076 kB
VmallocTotal:   251658176 kB
VmallocUsed:       96504 kB
VmallocChunk:   251482716 kB


[2024-11-19 18:45:14]
MemTotal:        1858332 kB
MemFree:           50712 kB
Buffers:             524 kB
Cached:           206604 kB
SwapCached:        13252 kB
Active:           976504 kB
Inactive:         355612 kB
Active(anon):     919524 kB
Inactive(anon):   305276 kB
Active(file):      56980 kB
Inactive(file):    50336 kB
Unevictable:       99496 kB
Mlocked:           94212 kB
SwapTotal:        520908 kB
SwapFree:         362064 kB
Dirty:                 0 kB
Writeback:             0 kB
AnonPages:       1223320 kB
Mapped:           149924 kB
Shmem:               572 kB
Slab:              76888 kB
SReclaimable:      24332 kB
SUnreclaim:        52556 kB
KernelStack:       15264 kB
PageTables:        16760 kB
NFS_Unstable:          0 kB
Bounce:                0 kB
WritebackTmp:          0 kB
CommitLimit:     1450072 kB
Committed_AS:   24103272 kB
VmallocTotal:   251658176 kB
VmallocUsed:       96504 kB
VmallocChunk:   251482716 kB


[2024-11-19 18:45:16]
MemTotal:        1858332 kB
MemFree:           49900 kB
Buffers:             524 kB
Cached:           206604 kB
SwapCached:        13252 kB
Active:           976756 kB
Inactive:         355616 kB
Active(anon):     919776 kB
Inactive(anon):   305280 kB
Active(file):      56980 kB
Inactive(file):    50336 kB
Unevictable:       99496 kB
Mlocked:           94212 kB
SwapTotal:        520908 kB
SwapFree:         362068 kB
Dirty:                 0 kB
Writeback:             0 kB
AnonPages:       1223596 kB
Mapped:           150108 kB
Shmem:               572 kB
Slab:              76888 kB
SReclaimable:      24332 kB
SUnreclaim:        52556 kB
KernelStack:       15232 kB
PageTables:        16760 kB
NFS_Unstable:          0 kB
Bounce:                0 kB
WritebackTmp:          0 kB
CommitLimit:     1450072 kB
Committed_AS:   24103232 kB
VmallocTotal:   251658176 kB
VmallocUsed:       96504 kB
VmallocChunk:   251482716 kB


[2024-11-19 18:45:18]
MemTotal:        1858332 kB
MemFree:           49956 kB
Buffers:             524 kB
Cached:           206604 kB
SwapCached:        13252 kB
Active:           976728 kB
Inactive:         355616 kB
Active(anon):     919748 kB
Inactive(anon):   305280 kB
Active(file):      56980 kB
Inactive(file):    50336 kB
Unevictable:       99496 kB
Mlocked:           94212 kB
SwapTotal:        520908 kB
SwapFree:         362068 kB
Dirty:                 0 kB
Writeback:             0 kB
AnonPages:       1223488 kB
Mapped:           150120 kB
Shmem:               572 kB
Slab:              76888 kB
SReclaimable:      24332 kB
SUnreclaim:        52556 kB
KernelStack:       15264 kB
PageTables:        16760 kB
NFS_Unstable:          0 kB
Bounce:                0 kB
WritebackTmp:          0 kB
CommitLimit:     1450072 kB
Committed_AS:   24103340 kB
VmallocTotal:   251658176 kB
VmallocUsed:       96504 kB
VmallocChunk:   251482716 kB


[2024-11-19 18:45:20]
MemTotal:        1858332 kB
MemFree:           49708 kB
Buffers:             524 kB
Cached:           206604 kB
SwapCached:        13252 kB
Active:           977144 kB
Inactive:         355616 kB
Active(anon):     920164 kB
Inactive(anon):   305280 kB
Active(file):      56980 kB
Inactive(file):    50336 kB
Unevictable:       99496 kB
Mlocked:           94212 kB
SwapTotal:        520908 kB
SwapFree:         362072 kB
Dirty:                 0 kB
Writeback:             0 kB
AnonPages:       1223964 kB
Mapped:           149936 kB
Shmem:               572 kB
Slab:              76888 kB
SReclaimable:      24332 kB
SUnreclaim:        52556 kB
KernelStack:       15312 kB
PageTables:        16760 kB
NFS_Unstable:          0 kB
Bounce:                0 kB
WritebackTmp:          0 kB
CommitLimit:     1450072 kB
Committed_AS:   24103256 kB
VmallocTotal:   251658176 kB
VmallocUsed:       96504 kB
VmallocChunk:   251482716 kB


[2024-11-19 18:45:22]
MemTotal:        1858332 kB
MemFree:           49512 kB
Buffers:             524 kB
Cached:           206604 kB
SwapCached:        13252 kB
Active:           977380 kB
Inactive:         355616 kB
Active(anon):     920400 kB
Inactive(anon):   305280 kB
Active(file):      56980 kB
Inactive(file):    50336 kB
Unevictable:       99496 kB
Mlocked:           94212 kB
SwapTotal:        520908 kB
SwapFree:         362072 kB
Dirty:                 0 kB
Writeback:             0 kB
AnonPages:       1224204 kB
Mapped:           150120 kB
Shmem:               572 kB
Slab:              76888 kB
SReclaimable:      24332 kB
SUnreclaim:        52556 kB
KernelStack:       15312 kB
PageTables:        16760 kB
NFS_Unstable:          0 kB
Bounce:                0 kB
WritebackTmp:          0 kB
CommitLimit:     1450072 kB
Committed_AS:   24103376 kB
VmallocTotal:   251658176 kB
VmallocUsed:       96504 kB
VmallocChunk:   251482716 kB


[2024-11-19 18:45:24]
MemTotal:        1858332 kB
MemFree:           49508 kB
Buffers:             524 kB
Cached:           206604 kB
SwapCached:        13252 kB
Active:           977400 kB
Inactive:         355616 kB
Active(anon):     920420 kB
Inactive(anon):   305280 kB
Active(file):      56980 kB
Inactive(file):    50336 kB
Unevictable:       99496 kB
Mlocked:           94212 kB
SwapTotal:        520908 kB
SwapFree:         362072 kB
Dirty:                 0 kB
Writeback:             0 kB
AnonPages:       1224208 kB
Mapped:           150120 kB
Shmem:               572 kB
Slab:              76888 kB
SReclaimable:      24332 kB
SUnreclaim:        52556 kB
KernelStack:       15312 kB
PageTables:        16760 kB
NFS_Unstable:          0 kB
Bounce:                0 kB
WritebackTmp:          0 kB
CommitLimit:     1450072 kB
Committed_AS:   24103292 kB
VmallocTotal:   251658176 kB
VmallocUsed:       96504 kB
VmallocChunk:   251482716 kB


[2024-11-19 18:45:26]
MemTotal:        1858332 kB
MemFree:           49460 kB
Buffers:             524 kB
Cached:           206604 kB
SwapCached:        13252 kB
Active:           977496 kB
Inactive:         355616 kB
Active(anon):     920516 kB
Inactive(anon):   305280 kB
Active(file):      56980 kB
Inactive(file):    50336 kB
Unevictable:       99496 kB
Mlocked:           94212 kB
SwapTotal:        520908 kB
SwapFree:         362072 kB
Dirty:                 0 kB
Writeback:             0 kB
AnonPages:       1224260 kB
Mapped:           150120 kB
Shmem:               572 kB
Slab:              76888 kB
SReclaimable:      24332 kB
SUnreclaim:        52556 kB
KernelStack:       15312 kB
PageTables:        16760 kB
NFS_Unstable:          0 kB
Bounce:                0 kB
WritebackTmp:          0 kB
CommitLimit:     1450072 kB
Committed_AS:   24095076 kB
VmallocTotal:   251658176 kB
VmallocUsed:       96504 kB
VmallocChunk:   251482716 kB


[2024-11-19 18:45:28]
MemTotal:        1858332 kB
MemFree:           58028 kB
Buffers:             524 kB
Cached:           206604 kB
SwapCached:        13252 kB
Active:           970380 kB
Inactive:         355576 kB
Active(anon):     913340 kB
Inactive(anon):   305300 kB
Active(file):      57040 kB
Inactive(file):    50276 kB
Unevictable:       99496 kB
Mlocked:           94212 kB
SwapTotal:        520908 kB
SwapFree:         362092 kB
Dirty:                 0 kB
Writeback:             0 kB
AnonPages:       1217092 kB
Mapped:           146036 kB
Shmem:               572 kB
Slab:              76820 kB
SReclaimable:      24264 kB
SUnreclaim:        52556 kB
KernelStack:       15104 kB
PageTables:        16604 kB
NFS_Unstable:          0 kB
Bounce:                0 kB
WritebackTmp:          0 kB
CommitLimit:     1450072 kB
Committed_AS:   23981712 kB
VmallocTotal:   251658176 kB
VmallocUsed:       96504 kB
VmallocChunk:   251482716 kB


[2024-11-19 18:45:30]
MemTotal:        1858332 kB
MemFree:           57072 kB
Buffers:             524 kB
Cached:           206604 kB
SwapCached:        13252 kB
Active:           970784 kB
Inactive:         355576 kB
Active(anon):     913744 kB
Inactive(anon):   305300 kB
Active(file):      57040 kB
Inactive(file):    50276 kB
Unevictable:       99496 kB
Mlocked:           94212 kB
SwapTotal:        520908 kB
SwapFree:         362092 kB
Dirty:                 0 kB
Writeback:             0 kB
AnonPages:       1217524 kB
Mapped:           146036 kB
Shmem:               572 kB
Slab:              76820 kB
SReclaimable:      24264 kB
SUnreclaim:        52556 kB
KernelStack:       15088 kB
PageTables:        16572 kB
NFS_Unstable:          0 kB
Bounce:                0 kB
WritebackTmp:          0 kB
CommitLimit:     1450072 kB
Committed_AS:   23981696 kB
VmallocTotal:   251658176 kB
VmallocUsed:       96504 kB
VmallocChunk:   251482716 kB


[2024-11-19 18:45:32]
MemTotal:        1858332 kB
MemFree:           57036 kB
Buffers:             524 kB
Cached:           206604 kB
SwapCached:        13252 kB
Active:           970924 kB
Inactive:         355576 kB
Active(anon):     913884 kB
Inactive(anon):   305300 kB
Active(file):      57040 kB
Inactive(file):    50276 kB
Unevictable:       99496 kB
Mlocked:           94212 kB
SwapTotal:        520908 kB
SwapFree:         362092 kB
Dirty:                 0 kB
Writeback:             0 kB
AnonPages:       1217716 kB
Mapped:           146036 kB
Shmem:               572 kB
Slab:              76820 kB
SReclaimable:      24264 kB
SUnreclaim:        52556 kB
KernelStack:       15088 kB
PageTables:        16572 kB
NFS_Unstable:          0 kB
Bounce:                0 kB
WritebackTmp:          0 kB
CommitLimit:     1450072 kB
Committed_AS:   23981796 kB
VmallocTotal:   251658176 kB
VmallocUsed:       96504 kB
VmallocChunk:   251482716 kB


[2024-11-19 18:45:35]
MemTotal:        1858332 kB
MemFree:           56904 kB
Buffers:             524 kB
Cached:           206604 kB
SwapCached:        13252 kB
Active:           971044 kB
Inactive:         355576 kB
Active(anon):     914004 kB
Inactive(anon):   305300 kB
Active(file):      57040 kB
Inactive(file):    50276 kB
Unevictable:       99496 kB
Mlocked:           94212 kB
SwapTotal:        520908 kB
SwapFree:         362092 kB
Dirty:                 0 kB
Writeback:             0 kB
AnonPages:       1217972 kB
Mapped:           146044 kB
Shmem:               572 kB
Slab:              76820 kB
SReclaimable:      24264 kB
SUnreclaim:        52556 kB
KernelStack:       15088 kB
PageTables:        16572 kB
NFS_Unstable:          0 kB
Bounce:                0 kB
WritebackTmp:          0 kB
CommitLimit:     1450072 kB
Committed_AS:   23981776 kB
VmallocTotal:   251658176 kB
VmallocUsed:       96504 kB
VmallocChunk:   251482716 kB


[2024-11-19 18:45:37]
MemTotal:        1858332 kB
MemFree:           56244 kB
Buffers:             524 kB
Cached:           206604 kB
SwapCached:        13252 kB
Active:           971536 kB
Inactive:         355576 kB
Active(anon):     914496 kB
Inactive(anon):   305300 kB
Active(file):      57040 kB
Inactive(file):    50276 kB
Unevictable:       99496 kB
Mlocked:           94212 kB
SwapTotal:        520908 kB
SwapFree:         362092 kB
Dirty:                 0 kB
Writeback:             0 kB
AnonPages:       1218436 kB
Mapped:           146044 kB
Shmem:               572 kB
Slab:              76820 kB
SReclaimable:      24264 kB
SUnreclaim:        52556 kB
KernelStack:       15088 kB
PageTables:        16572 kB
NFS_Unstable:          0 kB
Bounce:                0 kB
WritebackTmp:          0 kB
CommitLimit:     1450072 kB
Committed_AS:   23981688 kB
VmallocTotal:   251658176 kB
VmallocUsed:       96504 kB
VmallocChunk:   251482716 kB


[2024-11-19 18:45:39]
MemTotal:        1858332 kB
MemFree:           55928 kB
Buffers:             524 kB
Cached:           206604 kB
SwapCached:        13252 kB
Active:           971852 kB
Inactive:         355576 kB
Active(anon):     914812 kB
Inactive(anon):   305300 kB
Active(file):      57040 kB
Inactive(file):    50276 kB
Unevictable:       99496 kB
Mlocked:           94212 kB
SwapTotal:        520908 kB
SwapFree:         362092 kB
Dirty:                 0 kB
Writeback:             0 kB
AnonPages:       1218668 kB
Mapped:           146068 kB
Shmem:               572 kB
Slab:              76820 kB
SReclaimable:      24264 kB
SUnreclaim:        52556 kB
KernelStack:       15088 kB
PageTables:        16572 kB
NFS_Unstable:          0 kB
Bounce:                0 kB
WritebackTmp:          0 kB
CommitLimit:     1450072 kB
Committed_AS:   23981648 kB
VmallocTotal:   251658176 kB
VmallocUsed:       96504 kB
VmallocChunk:   251482716 kB


[2024-11-19 18:45:41]
MemTotal:        1858332 kB
MemFree:           55508 kB
Buffers:             524 kB
Cached:           206604 kB
SwapCached:        13252 kB
Active:           972944 kB
Inactive:         355568 kB
Active(anon):     915904 kB
Inactive(anon):   305292 kB
Active(file):      57040 kB
Inactive(file):    50276 kB
Unevictable:       99496 kB
Mlocked:           94212 kB
SwapTotal:        520908 kB
SwapFree:         362112 kB
Dirty:                 0 kB
Writeback:             0 kB
AnonPages:       1219700 kB
Mapped:           146064 kB
Shmem:               572 kB
Slab:              76820 kB
SReclaimable:      24264 kB
SUnreclaim:        52556 kB
KernelStack:       15120 kB
PageTables:        16604 kB
NFS_Unstable:          0 kB
Bounce:                0 kB
WritebackTmp:          0 kB
CommitLimit:     1450072 kB
Committed_AS:   23981700 kB
VmallocTotal:   251658176 kB
VmallocUsed:       96504 kB
VmallocChunk:   251482716 kB


[2024-11-19 18:45:43]
MemTotal:        1858332 kB
MemFree:           55512 kB
Buffers:             524 kB
Cached:           206604 kB
SwapCached:        13252 kB
Active:           973172 kB
Inactive:         355568 kB
Active(anon):     916132 kB
Inactive(anon):   305292 kB
Active(file):      57040 kB
Inactive(file):    50276 kB
Unevictable:       99496 kB
Mlocked:           94212 kB
SwapTotal:        520908 kB
SwapFree:         362112 kB
Dirty:                 0 kB
Writeback:             0 kB
AnonPages:       1220112 kB
Mapped:           146064 kB
Shmem:               572 kB
Slab:              76820 kB
SReclaimable:      24264 kB
SUnreclaim:        52556 kB
KernelStack:       15104 kB
PageTables:        16604 kB
NFS_Unstable:          0 kB
Bounce:                0 kB
WritebackTmp:          0 kB
CommitLimit:     1450072 kB
Committed_AS:   23981600 kB
VmallocTotal:   251658176 kB
VmallocUsed:       96504 kB
VmallocChunk:   251482716 kB


[2024-11-19 18:45:45]
MemTotal:        1858332 kB
MemFree:           55576 kB
Buffers:             524 kB
Cached:           206604 kB
SwapCached:        13252 kB
Active:           973208 kB
Inactive:         355568 kB
Active(anon):     916168 kB
Inactive(anon):   305292 kB
Active(file):      57040 kB
Inactive(file):    50276 kB
Unevictable:       99496 kB
Mlocked:           94212 kB
SwapTotal:        520908 kB
SwapFree:         362112 kB
Dirty:                 0 kB
Writeback:             0 kB
AnonPages:       1219928 kB
Mapped:           146064 kB
Shmem:               572 kB
Slab:              76820 kB
SReclaimable:      24264 kB
SUnreclaim:        52556 kB
KernelStack:       15104 kB
PageTables:        16572 kB
NFS_Unstable:          0 kB
Bounce:                0 kB
WritebackTmp:          0 kB
CommitLimit:     1450072 kB
Committed_AS:   23981680 kB
VmallocTotal:   251658176 kB
VmallocUsed:       96504 kB
VmallocChunk:   251482716 kB


[2024-11-19 18:45:47]
MemTotal:        1858332 kB
MemFree:           55152 kB
Buffers:             524 kB
Cached:           206604 kB
SwapCached:        13252 kB
Active:           973200 kB
Inactive:         355568 kB
Active(anon):     916160 kB
Inactive(anon):   305292 kB
Active(file):      57040 kB
Inactive(file):    50276 kB
Unevictable:       99496 kB
Mlocked:           94212 kB
SwapTotal:        520908 kB
SwapFree:         362112 kB
Dirty:                 0 kB
Writeback:             0 kB
AnonPages:       1219908 kB
Mapped:           146064 kB
Shmem:               572 kB
Slab:              76820 kB
SReclaimable:      24264 kB
SUnreclaim:        52556 kB
KernelStack:       15088 kB
PageTables:        16572 kB
NFS_Unstable:          0 kB
Bounce:                0 kB
WritebackTmp:          0 kB
CommitLimit:     1450072 kB
Committed_AS:   23981588 kB
VmallocTotal:   251658176 kB
VmallocUsed:       96504 kB
VmallocChunk:   251482716 kB


[2024-11-19 18:45:49]
MemTotal:        1858332 kB
MemFree:           55412 kB
Buffers:             524 kB
Cached:           206604 kB
SwapCached:        13252 kB
Active:           973324 kB
Inactive:         355568 kB
Active(anon):     916284 kB
Inactive(anon):   305292 kB
Active(file):      57040 kB
Inactive(file):    50276 kB
Unevictable:       99496 kB
Mlocked:           94212 kB
SwapTotal:        520908 kB
SwapFree:         362112 kB
Dirty:                 0 kB
Writeback:             0 kB
AnonPages:       1220092 kB
Mapped:           146084 kB
Shmem:               572 kB
Slab:              76820 kB
SReclaimable:      24264 kB
SUnreclaim:        52556 kB
KernelStack:       15072 kB
PageTables:        16572 kB
NFS_Unstable:          0 kB
Bounce:                0 kB
WritebackTmp:          0 kB
CommitLimit:     1450072 kB
Committed_AS:   23981776 kB
VmallocTotal:   251658176 kB
VmallocUsed:       96504 kB
VmallocChunk:   251482716 kB


