[2024-11-19 18:21:36]
MemTotal:        1858332 kB
MemFree:          103288 kB
Buffers:            2236 kB
Cached:          1141008 kB
SwapCached:        13708 kB
Active:           657240 kB
Inactive:         568936 kB
Active(anon):     136116 kB
Inactive(anon):    46692 kB
Active(file):     521124 kB
Inactive(file):   522244 kB
Unevictable:       99496 kB
Mlocked:           94212 kB
SwapTotal:        520908 kB
SwapFree:         377864 kB
Dirty:                 0 kB
Writeback:             0 kB
AnonPages:        181084 kB
Mapped:           863408 kB
Shmem:               636 kB
Slab:              82412 kB
SReclaimable:      29156 kB
SUnreclaim:        53256 kB
KernelStack:       15936 kB
PageTables:        16468 kB
NFS_Unstable:          0 kB
Bounce:                0 kB
WritebackTmp:          0 kB
CommitLimit:     1450072 kB
Committed_AS:   27952280 kB
VmallocTotal:   251658176 kB
VmallocUsed:      101592 kB
VmallocChunk:   251482716 kB


[2024-11-19 18:21:36]
MemTotal:        1858332 kB
MemFree:          102904 kB
Buffers:            2236 kB
Cached:          1141008 kB
SwapCached:        13708 kB
Active:           657444 kB
Inactive:         568924 kB
Active(anon):     136320 kB
Inactive(anon):    46680 kB
Active(file):     521124 kB
Inactive(file):   522244 kB
Unevictable:       99496 kB
Mlocked:           94212 kB
SwapTotal:        520908 kB
SwapFree:         377864 kB
Dirty:                 0 kB
Writeback:             0 kB
AnonPages:        181248 kB
Mapped:           863388 kB
Shmem:               636 kB
Slab:              82420 kB
SReclaimable:      29156 kB
SUnreclaim:        53264 kB
KernelStack:       15936 kB
PageTables:        16488 kB
NFS_Unstable:          0 kB
Bounce:                0 kB
WritebackTmp:          0 kB
CommitLimit:     1450072 kB
Committed_AS:   27952088 kB
VmallocTotal:   251658176 kB
VmallocUsed:      101592 kB
VmallocChunk:   251482716 kB


[2024-11-19 18:21:36]
MemTotal:        1858332 kB
MemFree:          102816 kB
Buffers:            2236 kB
Cached:          1141008 kB
SwapCached:        13708 kB
Active:           657484 kB
Inactive:         568924 kB
Active(anon):     136360 kB
Inactive(anon):    46680 kB
Active(file):     521124 kB
Inactive(file):   522244 kB
Unevictable:       99496 kB
Mlocked:           94212 kB
SwapTotal:        520908 kB
SwapFree:         377864 kB
Dirty:                 0 kB
Writeback:             0 kB
AnonPages:        181248 kB
Mapped:           863388 kB
Shmem:               636 kB
Slab:              82428 kB
SReclaimable:      29156 kB
SUnreclaim:        53272 kB
KernelStack:       15936 kB
PageTables:        16488 kB
NFS_Unstable:          0 kB
Bounce:                0 kB
WritebackTmp:          0 kB
CommitLimit:     1450072 kB
Committed_AS:   27952180 kB
VmallocTotal:   251658176 kB
VmallocUsed:      101592 kB
VmallocChunk:   251482716 kB


[2024-11-19 18:21:36]
MemTotal:        1858332 kB
MemFree:          102780 kB
Buffers:            2236 kB
Cached:          1141008 kB
SwapCached:        13708 kB
Active:           657688 kB
Inactive:         568924 kB
Active(anon):     136564 kB
Inactive(anon):    46680 kB
Active(file):     521124 kB
Inactive(file):   522244 kB
Unevictable:       99496 kB
Mlocked:           94212 kB
SwapTotal:        520908 kB
SwapFree:         377864 kB
Dirty:                 0 kB
Writeback:             0 kB
AnonPages:        181476 kB
Mapped:           863388 kB
Shmem:               636 kB
Slab:              82432 kB
SReclaimable:      29156 kB
SUnreclaim:        53276 kB
KernelStack:       15920 kB
PageTables:        16488 kB
NFS_Unstable:          0 kB
Bounce:                0 kB
WritebackTmp:          0 kB
CommitLimit:     1450072 kB
Committed_AS:   27952048 kB
VmallocTotal:   251658176 kB
VmallocUsed:      101592 kB
VmallocChunk:   251482716 kB


[2024-11-19 18:21:36]
MemTotal:        1858332 kB
MemFree:          104804 kB
Buffers:            2236 kB
Cached:          1141008 kB
SwapCached:        13708 kB
Active:           654552 kB
Inactive:         568924 kB
Active(anon):     133428 kB
Inactive(anon):    46680 kB
Active(file):     521124 kB
Inactive(file):   522244 kB
Unevictable:       99496 kB
Mlocked:           94212 kB
SwapTotal:        520908 kB
SwapFree:         377864 kB
Dirty:                 0 kB
Writeback:             0 kB
AnonPages:        178336 kB
Mapped:           863276 kB
Shmem:               636 kB
Slab:              82436 kB
SReclaimable:      29156 kB
SUnreclaim:        53280 kB
KernelStack:       15920 kB
PageTables:        16460 kB
NFS_Unstable:          0 kB
Bounce:                0 kB
WritebackTmp:          0 kB
CommitLimit:     1450072 kB
Committed_AS:   27952084 kB
VmallocTotal:   251658176 kB
VmallocUsed:      101592 kB
VmallocChunk:   251482716 kB


[2024-11-19 18:21:36]
MemTotal:        1858332 kB
MemFree:          104612 kB
Buffers:            2236 kB
Cached:          1141008 kB
SwapCached:        13708 kB
Active:           654676 kB
Inactive:         568924 kB
Active(anon):     133552 kB
Inactive(anon):    46680 kB
Active(file):     521124 kB
Inactive(file):   522244 kB
Unevictable:       99496 kB
Mlocked:           94212 kB
SwapTotal:        520908 kB
SwapFree:         377864 kB
Dirty:                 0 kB
Writeback:             0 kB
AnonPages:        178524 kB
Mapped:           863280 kB
Shmem:               636 kB
Slab:              82440 kB
SReclaimable:      29156 kB
SUnreclaim:        53284 kB
KernelStack:       15888 kB
PageTables:        16460 kB
NFS_Unstable:          0 kB
Bounce:                0 kB
WritebackTmp:          0 kB
CommitLimit:     1450072 kB
Committed_AS:   27952048 kB
VmallocTotal:   251658176 kB
VmallocUsed:      101592 kB
VmallocChunk:   251482716 kB


[2024-11-19 18:21:36]
MemTotal:        1858332 kB
MemFree:          104816 kB
Buffers:            2236 kB
Cached:          1141008 kB
SwapCached:        13708 kB
Active:           654684 kB
Inactive:         568924 kB
Active(anon):     133560 kB
Inactive(anon):    46680 kB
Active(file):     521124 kB
Inactive(file):   522244 kB
Unevictable:       99496 kB
Mlocked:           94212 kB
SwapTotal:        520908 kB
SwapFree:         377864 kB
Dirty:                 0 kB
Writeback:             0 kB
AnonPages:        178484 kB
Mapped:           863280 kB
Shmem:               636 kB
Slab:              82448 kB
SReclaimable:      29156 kB
SUnreclaim:        53292 kB
KernelStack:       15904 kB
PageTables:        16492 kB
NFS_Unstable:          0 kB
Bounce:                0 kB
WritebackTmp:          0 kB
CommitLimit:     1450072 kB
Committed_AS:   27951932 kB
VmallocTotal:   251658176 kB
VmallocUsed:      101592 kB
VmallocChunk:   251482716 kB


[2024-11-19 18:21:36]
MemTotal:        1858332 kB
MemFree:          104692 kB
Buffers:            2236 kB
Cached:          1141008 kB
SwapCached:        13708 kB
Active:           654904 kB
Inactive:         568924 kB
Active(anon):     133780 kB
Inactive(anon):    46680 kB
Active(file):     521124 kB
Inactive(file):   522244 kB
Unevictable:       99496 kB
Mlocked:           94212 kB
SwapTotal:        520908 kB
SwapFree:         377864 kB
Dirty:                 0 kB
Writeback:             0 kB
AnonPages:        178672 kB
Mapped:           863300 kB
Shmem:               636 kB
Slab:              82452 kB
SReclaimable:      29156 kB
SUnreclaim:        53296 kB
KernelStack:       15888 kB
PageTables:        16472 kB
NFS_Unstable:          0 kB
Bounce:                0 kB
WritebackTmp:          0 kB
CommitLimit:     1450072 kB
Committed_AS:   27951856 kB
VmallocTotal:   251658176 kB
VmallocUsed:      101592 kB
VmallocChunk:   251482716 kB


[2024-11-19 18:21:36]
MemTotal:        1858332 kB
MemFree:          105048 kB
Buffers:            2236 kB
Cached:          1141008 kB
SwapCached:        13708 kB
Active:           654872 kB
Inactive:         568924 kB
Active(anon):     133748 kB
Inactive(anon):    46680 kB
Active(file):     521124 kB
Inactive(file):   522244 kB
Unevictable:       99496 kB
Mlocked:           94212 kB
SwapTotal:        520908 kB
SwapFree:         377864 kB
Dirty:                 0 kB
Writeback:             0 kB
AnonPages:        178604 kB
Mapped:           863280 kB
Shmem:               636 kB
Slab:              82452 kB
SReclaimable:      29156 kB
SUnreclaim:        53296 kB
KernelStack:       15856 kB
PageTables:        16456 kB
NFS_Unstable:          0 kB
Bounce:                0 kB
WritebackTmp:          0 kB
CommitLimit:     1450072 kB
Committed_AS:   27951680 kB
VmallocTotal:   251658176 kB
VmallocUsed:      101592 kB
VmallocChunk:   251482716 kB


[2024-11-19 18:21:36]
MemTotal:        1858332 kB
MemFree:          102468 kB
Buffers:            2272 kB
Cached:          1142844 kB
SwapCached:        13708 kB
Active:           655880 kB
Inactive:         570660 kB
Active(anon):     134756 kB
Inactive(anon):    46680 kB
Active(file):     521124 kB
Inactive(file):   523980 kB
Unevictable:       99496 kB
Mlocked:           94212 kB
SwapTotal:        520908 kB
SwapFree:         377868 kB
Dirty:                 0 kB
Writeback:             0 kB
AnonPages:        179940 kB
Mapped:           865712 kB
Shmem:               636 kB
Slab:              82456 kB
SReclaimable:      29156 kB
SUnreclaim:        53300 kB
KernelStack:       15904 kB
PageTables:        16464 kB
NFS_Unstable:          0 kB
Bounce:                0 kB
WritebackTmp:          0 kB
CommitLimit:     1450072 kB
Committed_AS:   27953600 kB
VmallocTotal:   251658176 kB
VmallocUsed:      101592 kB
VmallocChunk:   251482716 kB


[2024-11-19 18:21:36]
MemTotal:        1858332 kB
MemFree:           73332 kB
Buffers:            2504 kB
Cached:          1153096 kB
SwapCached:        13708 kB
Active:           692076 kB
Inactive:         575624 kB
Active(anon):     164324 kB
Inactive(anon):    47568 kB
Active(file):     527752 kB
Inactive(file):   528056 kB
Unevictable:       99496 kB
Mlocked:           94212 kB
SwapTotal:        520908 kB
SwapFree:         377872 kB
Dirty:                 0 kB
Writeback:             0 kB
AnonPages:        210520 kB
Mapped:           862492 kB
Shmem:               636 kB
Slab:              82476 kB
SReclaimable:      29152 kB
SUnreclaim:        53324 kB
KernelStack:       16112 kB
PageTables:        16736 kB
NFS_Unstable:          0 kB
Bounce:                0 kB
WritebackTmp:          0 kB
CommitLimit:     1450072 kB
Committed_AS:   28145488 kB
VmallocTotal:   251658176 kB
VmallocUsed:      101604 kB
VmallocChunk:   251482716 kB


[2024-11-19 18:21:38]
MemTotal:        1858332 kB
MemFree:           52036 kB
Buffers:            2504 kB
Cached:          1150900 kB
SwapCached:        13708 kB
Active:           713500 kB
Inactive:         575700 kB
Active(anon):     186752 kB
Inactive(anon):    48908 kB
Active(file):     526748 kB
Inactive(file):   526792 kB
Unevictable:       99496 kB
Mlocked:           94212 kB
SwapTotal:        520908 kB
SwapFree:         377872 kB
Dirty:                 0 kB
Writeback:             0 kB
AnonPages:        233908 kB
Mapped:           862756 kB
Shmem:               636 kB
Slab:              82476 kB
SReclaimable:      29152 kB
SUnreclaim:        53324 kB
KernelStack:       16112 kB
PageTables:        16800 kB
NFS_Unstable:          0 kB
Bounce:                0 kB
WritebackTmp:          0 kB
CommitLimit:     1450072 kB
Committed_AS:   28168152 kB
VmallocTotal:   251658176 kB
VmallocUsed:      101604 kB
VmallocChunk:   251482716 kB


[2024-11-19 18:21:40]
MemTotal:        1858332 kB
MemFree:           33576 kB
Buffers:            2200 kB
Cached:          1021988 kB
SwapCached:        13708 kB
Active:           760172 kB
Inactive:         561580 kB
Active(anon):     298340 kB
Inactive(anon):    99356 kB
Active(file):     461832 kB
Inactive(file):   462224 kB
Unevictable:       99496 kB
Mlocked:           94212 kB
SwapTotal:        520908 kB
SwapFree:         377820 kB
Dirty:                 0 kB
Writeback:             0 kB
AnonPages:        396080 kB
Mapped:           780472 kB
Shmem:               636 kB
Slab:              79348 kB
SReclaimable:      26024 kB
SUnreclaim:        53324 kB
KernelStack:       16112 kB
PageTables:        17060 kB
NFS_Unstable:          0 kB
Bounce:                0 kB
WritebackTmp:          0 kB
CommitLimit:     1450072 kB
Committed_AS:   28967388 kB
VmallocTotal:   251658176 kB
VmallocUsed:      101604 kB
VmallocChunk:   251482716 kB


[2024-11-19 18:21:43]
MemTotal:        1858332 kB
MemFree:           35236 kB
Buffers:             112 kB
Cached:           501580 kB
SwapCached:        12492 kB
Active:           897100 kB
Inactive:         433016 kB
Active(anon):     696336 kB
Inactive(anon):   232352 kB
Active(file):     200764 kB
Inactive(file):   200664 kB
Unevictable:       99496 kB
Mlocked:           94212 kB
SwapTotal:        520908 kB
SwapFree:         375780 kB
Dirty:                 0 kB
Writeback:             0 kB
AnonPages:        927976 kB
Mapped:           155492 kB
Shmem:               636 kB
Slab:              78868 kB
SReclaimable:      25552 kB
SUnreclaim:        53316 kB
KernelStack:       16112 kB
PageTables:        18128 kB
NFS_Unstable:          0 kB
Bounce:                0 kB
WritebackTmp:          0 kB
CommitLimit:     1450072 kB
Committed_AS:   28967480 kB
VmallocTotal:   251658176 kB
VmallocUsed:      101604 kB
VmallocChunk:   251482716 kB


[2024-11-19 18:21:45]
MemTotal:        1858332 kB
MemFree:           44488 kB
Buffers:             200 kB
Cached:           211500 kB
SwapCached:        12616 kB
Active:           995556 kB
Inactive:         351096 kB
Active(anon):     955104 kB
Inactive(anon):   279600 kB
Active(file):      40452 kB
Inactive(file):    71496 kB
Unevictable:       99496 kB
Mlocked:           94212 kB
SwapTotal:        520908 kB
SwapFree:         376936 kB
Dirty:                12 kB
Writeback:             0 kB
AnonPages:       1233664 kB
Mapped:           116292 kB
Shmem:               624 kB
Slab:              77804 kB
SReclaimable:      24876 kB
SUnreclaim:        52928 kB
KernelStack:       14976 kB
PageTables:        15744 kB
NFS_Unstable:          0 kB
Bounce:                0 kB
WritebackTmp:          0 kB
CommitLimit:     1450072 kB
Committed_AS:   22180540 kB
VmallocTotal:   251658176 kB
VmallocUsed:       94264 kB
VmallocChunk:   251482716 kB


[2024-11-19 18:21:47]
MemTotal:        1858332 kB
MemFree:           46520 kB
Buffers:             380 kB
Cached:           220692 kB
SwapCached:        13036 kB
Active:           977032 kB
Inactive:         375072 kB
Active(anon):     923536 kB
Inactive(anon):   307808 kB
Active(file):      53496 kB
Inactive(file):    67264 kB
Unevictable:       99496 kB
Mlocked:           94212 kB
SwapTotal:        520908 kB
SwapFree:         376660 kB
Dirty:                48 kB
Writeback:             0 kB
AnonPages:       1229840 kB
Mapped:           130580 kB
Shmem:               620 kB
Slab:              77716 kB
SReclaimable:      24844 kB
SUnreclaim:        52872 kB
KernelStack:       15104 kB
PageTables:        16500 kB
NFS_Unstable:          0 kB
Bounce:                0 kB
WritebackTmp:          0 kB
CommitLimit:     1450072 kB
Committed_AS:   24102000 kB
VmallocTotal:   251658176 kB
VmallocUsed:       95284 kB
VmallocChunk:   251482716 kB


[2024-11-19 18:21:50]
MemTotal:        1858332 kB
MemFree:           46136 kB
Buffers:             316 kB
Cached:           206144 kB
SwapCached:         9592 kB
Active:           975196 kB
Inactive:         361100 kB
Active(anon):     922440 kB
Inactive(anon):   307484 kB
Active(file):      52756 kB
Inactive(file):    53616 kB
Unevictable:       99496 kB
Mlocked:           94212 kB
SwapTotal:        520908 kB
SwapFree:         370188 kB
Dirty:                72 kB
Writeback:             0 kB
AnonPages:       1228400 kB
Mapped:           135144 kB
Shmem:               620 kB
Slab:              77492 kB
SReclaimable:      24828 kB
SUnreclaim:        52664 kB
KernelStack:       15408 kB
PageTables:        16108 kB
NFS_Unstable:          0 kB
Bounce:                0 kB
WritebackTmp:          0 kB
CommitLimit:     1450072 kB
Committed_AS:   22181352 kB
VmallocTotal:   251658176 kB
VmallocUsed:       95484 kB
VmallocChunk:   251482716 kB


[2024-11-19 18:21:52]
MemTotal:        1858332 kB
MemFree:           44524 kB
Buffers:             316 kB
Cached:           205192 kB
SwapCached:         9596 kB
Active:           975940 kB
Inactive:         361020 kB
Active(anon):     923808 kB
Inactive(anon):   307508 kB
Active(file):      52132 kB
Inactive(file):    53512 kB
Unevictable:       99496 kB
Mlocked:           94212 kB
SwapTotal:        520908 kB
SwapFree:         369924 kB
Dirty:                 0 kB
Writeback:             0 kB
AnonPages:       1229756 kB
Mapped:           135824 kB
Shmem:               568 kB
Slab:              77516 kB
SReclaimable:      24812 kB
SUnreclaim:        52704 kB
KernelStack:       15200 kB
PageTables:        16140 kB
NFS_Unstable:          0 kB
Bounce:                0 kB
WritebackTmp:          0 kB
CommitLimit:     1450072 kB
Committed_AS:   22182888 kB
VmallocTotal:   251658176 kB
VmallocUsed:       95484 kB
VmallocChunk:   251482716 kB


[2024-11-19 18:21:54]
MemTotal:        1858332 kB
MemFree:           42096 kB
Buffers:             324 kB
Cached:           207100 kB
SwapCached:         9616 kB
Active:           976724 kB
Inactive:         362628 kB
Active(anon):     924232 kB
Inactive(anon):   307504 kB
Active(file):      52492 kB
Inactive(file):    55124 kB
Unevictable:       99496 kB
Mlocked:           94212 kB
SwapTotal:        520908 kB
SwapFree:         369932 kB
Dirty:                 0 kB
Writeback:             0 kB
AnonPages:       1230152 kB
Mapped:           136216 kB
Shmem:               568 kB
Slab:              77516 kB
SReclaimable:      24812 kB
SUnreclaim:        52704 kB
KernelStack:       15168 kB
PageTables:        16112 kB
NFS_Unstable:          0 kB
Bounce:                0 kB
WritebackTmp:          0 kB
CommitLimit:     1450072 kB
Committed_AS:   22182876 kB
VmallocTotal:   251658176 kB
VmallocUsed:       95484 kB
VmallocChunk:   251482716 kB


[2024-11-19 18:21:56]
MemTotal:        1858332 kB
MemFree:           44088 kB
Buffers:             436 kB
Cached:           204132 kB
SwapCached:         9832 kB
Active:           976364 kB
Inactive:         360212 kB
Active(anon):     924008 kB
Inactive(anon):   307840 kB
Active(file):      52356 kB
Inactive(file):    52372 kB
Unevictable:       99496 kB
Mlocked:           94212 kB
SwapTotal:        520908 kB
SwapFree:         369992 kB
Dirty:                36 kB
Writeback:             0 kB
AnonPages:       1230052 kB
Mapped:           136596 kB
Shmem:               568 kB
Slab:              77536 kB
SReclaimable:      24812 kB
SUnreclaim:        52724 kB
KernelStack:       15344 kB
PageTables:        16692 kB
NFS_Unstable:          0 kB
Bounce:                0 kB
WritebackTmp:          0 kB
CommitLimit:     1450072 kB
Committed_AS:   24103040 kB
VmallocTotal:   251658176 kB
VmallocUsed:       96504 kB
VmallocChunk:   251482716 kB


[2024-11-19 18:21:59]
MemTotal:        1858332 kB
MemFree:           43872 kB
Buffers:             436 kB
Cached:           204232 kB
SwapCached:         9832 kB
Active:           976480 kB
Inactive:         360292 kB
Active(anon):     924008 kB
Inactive(anon):   307908 kB
Active(file):      52472 kB
Inactive(file):    52384 kB
Unevictable:       99496 kB
Mlocked:           94212 kB
SwapTotal:        520908 kB
SwapFree:         369992 kB
Dirty:                36 kB
Writeback:             0 kB
AnonPages:       1230412 kB
Mapped:           136676 kB
Shmem:               572 kB
Slab:              77616 kB
SReclaimable:      24796 kB
SUnreclaim:        52820 kB
KernelStack:       15344 kB
PageTables:        16692 kB
NFS_Unstable:          0 kB
Bounce:                0 kB
WritebackTmp:          0 kB
CommitLimit:     1450072 kB
Committed_AS:   24103056 kB
VmallocTotal:   251658176 kB
VmallocUsed:       96504 kB
VmallocChunk:   251482716 kB


[2024-11-19 18:22:01]
MemTotal:        1858332 kB
MemFree:           43372 kB
Buffers:             436 kB
Cached:           204500 kB
SwapCached:         9840 kB
Active:           976808 kB
Inactive:         360548 kB
Active(anon):     924336 kB
Inactive(anon):   307896 kB
Active(file):      52472 kB
Inactive(file):    52652 kB
Unevictable:       99496 kB
Mlocked:           94212 kB
SwapTotal:        520908 kB
SwapFree:         369992 kB
Dirty:                 0 kB
Writeback:             0 kB
AnonPages:       1230632 kB
Mapped:           136724 kB
Shmem:               572 kB
Slab:              77616 kB
SReclaimable:      24796 kB
SUnreclaim:        52820 kB
KernelStack:       15392 kB
PageTables:        16708 kB
NFS_Unstable:          0 kB
Bounce:                0 kB
WritebackTmp:          0 kB
CommitLimit:     1450072 kB
Committed_AS:   24103152 kB
VmallocTotal:   251658176 kB
VmallocUsed:       96504 kB
VmallocChunk:   251482716 kB


[2024-11-19 18:22:03]
MemTotal:        1858332 kB
MemFree:           44864 kB
Buffers:             436 kB
Cached:           202848 kB
SwapCached:         9872 kB
Active:           975592 kB
Inactive:         359992 kB
Active(anon):     924136 kB
Inactive(anon):   307972 kB
Active(file):      51456 kB
Inactive(file):    52020 kB
Unevictable:       99496 kB
Mlocked:           94212 kB
SwapTotal:        520908 kB
SwapFree:         369968 kB
Dirty:                 0 kB
Writeback:             0 kB
AnonPages:       1230196 kB
Mapped:           136788 kB
Shmem:               568 kB
Slab:              77616 kB
SReclaimable:      24796 kB
SUnreclaim:        52820 kB
KernelStack:       15344 kB
PageTables:        16688 kB
NFS_Unstable:          0 kB
Bounce:                0 kB
WritebackTmp:          0 kB
CommitLimit:     1450072 kB
Committed_AS:   24103208 kB
VmallocTotal:   251658176 kB
VmallocUsed:       96504 kB
VmallocChunk:   251482716 kB


[2024-11-19 18:22:05]
MemTotal:        1858332 kB
MemFree:           44944 kB
Buffers:             436 kB
Cached:           202844 kB
SwapCached:         9876 kB
Active:           975616 kB
Inactive:         359972 kB
Active(anon):     924160 kB
Inactive(anon):   307952 kB
Active(file):      51456 kB
Inactive(file):    52020 kB
Unevictable:       99496 kB
Mlocked:           94212 kB
SwapTotal:        520908 kB
SwapFree:         369972 kB
Dirty:                 0 kB
Writeback:             0 kB
AnonPages:       1230476 kB
Mapped:           136788 kB
Shmem:               568 kB
Slab:              77616 kB
SReclaimable:      24796 kB
SUnreclaim:        52820 kB
KernelStack:       15344 kB
PageTables:        16688 kB
NFS_Unstable:          0 kB
Bounce:                0 kB
WritebackTmp:          0 kB
CommitLimit:     1450072 kB
Committed_AS:   24103200 kB
VmallocTotal:   251658176 kB
VmallocUsed:       96504 kB
VmallocChunk:   251482716 kB


[2024-11-19 18:22:07]
MemTotal:        1858332 kB
MemFree:           43752 kB
Buffers:             436 kB
Cached:           201120 kB
SwapCached:        11432 kB
Active:           975120 kB
Inactive:         361428 kB
Active(anon):     924276 kB
Inactive(anon):   310524 kB
Active(file):      50844 kB
Inactive(file):    50904 kB
Unevictable:       99496 kB
Mlocked:           94212 kB
SwapTotal:        520908 kB
SwapFree:         371320 kB
Dirty:                 0 kB
Writeback:             0 kB
AnonPages:       1233296 kB
Mapped:           136804 kB
Shmem:               568 kB
Slab:              77616 kB
SReclaimable:      24796 kB
SUnreclaim:        52820 kB
KernelStack:       15328 kB
PageTables:        16688 kB
NFS_Unstable:          0 kB
Bounce:                0 kB
WritebackTmp:          0 kB
CommitLimit:     1450072 kB
Committed_AS:   24103204 kB
VmallocTotal:   251658176 kB
VmallocUsed:       96504 kB
VmallocChunk:   251482716 kB


[2024-11-19 18:22:10]
MemTotal:        1858332 kB
MemFree:           48652 kB
Buffers:             508 kB
Cached:           203444 kB
SwapCached:        11432 kB
Active:           972644 kB
Inactive:         360132 kB
Active(anon):     921476 kB
Inactive(anon):   306984 kB
Active(file):      51168 kB
Inactive(file):    53148 kB
Unevictable:       99496 kB
Mlocked:           94212 kB
SwapTotal:        520908 kB
SwapFree:         371284 kB
Dirty:                 0 kB
Writeback:             0 kB
AnonPages:       1226784 kB
Mapped:           137584 kB
Shmem:               568 kB
Slab:              77616 kB
SReclaimable:      24796 kB
SUnreclaim:        52820 kB
KernelStack:       15184 kB
PageTables:        16560 kB
NFS_Unstable:          0 kB
Bounce:                0 kB
WritebackTmp:          0 kB
CommitLimit:     1450072 kB
Committed_AS:   23981284 kB
VmallocTotal:   251658176 kB
VmallocUsed:       96504 kB
VmallocChunk:   251482716 kB


[2024-11-19 18:22:12]
MemTotal:        1858332 kB
MemFree:           49056 kB
Buffers:             508 kB
Cached:           200932 kB
SwapCached:        12364 kB
Active:           972452 kB
Inactive:         359640 kB
Active(anon):     921692 kB
Inactive(anon):   308840 kB
Active(file):      50760 kB
Inactive(file):    50800 kB
Unevictable:       99496 kB
Mlocked:           94212 kB
SwapTotal:        520908 kB
SwapFree:         372384 kB
Dirty:                 0 kB
Writeback:             0 kB
AnonPages:       1228872 kB
Mapped:           137492 kB
Shmem:               568 kB
Slab:              77616 kB
SReclaimable:      24796 kB
SUnreclaim:        52820 kB
KernelStack:       15152 kB
PageTables:        16496 kB
NFS_Unstable:          0 kB
Bounce:                0 kB
WritebackTmp:          0 kB
CommitLimit:     1450072 kB
Committed_AS:   23981360 kB
VmallocTotal:   251658176 kB
VmallocUsed:       96504 kB
VmallocChunk:   251482716 kB


[2024-11-19 18:22:14]
MemTotal:        1858332 kB
MemFree:           48812 kB
Buffers:             508 kB
Cached:           201096 kB
SwapCached:        12364 kB
Active:           972764 kB
Inactive:         359920 kB
Active(anon):     922004 kB
Inactive(anon):   308800 kB
Active(file):      50760 kB
Inactive(file):    51120 kB
Unevictable:       99496 kB
Mlocked:           94212 kB
SwapTotal:        520908 kB
SwapFree:         372384 kB
Dirty:                 0 kB
Writeback:             0 kB
AnonPages:       1229272 kB
Mapped:           137516 kB
Shmem:               568 kB
Slab:              77616 kB
SReclaimable:      24796 kB
SUnreclaim:        52820 kB
KernelStack:       15152 kB
PageTables:        16496 kB
NFS_Unstable:          0 kB
Bounce:                0 kB
WritebackTmp:          0 kB
CommitLimit:     1450072 kB
Committed_AS:   23981336 kB
VmallocTotal:   251658176 kB
VmallocUsed:       96504 kB
VmallocChunk:   251482716 kB


[2024-11-19 18:22:16]
MemTotal:        1858332 kB
MemFree:           64408 kB
Buffers:             416 kB
Cached:           204136 kB
SwapCached:        12892 kB
Active:           958404 kB
Inactive:         362648 kB
Active(anon):     908308 kB
Inactive(anon):   308000 kB
Active(file):      50096 kB
Inactive(file):    54648 kB
Unevictable:       99496 kB
Mlocked:           94212 kB
SwapTotal:        520908 kB
SwapFree:         372584 kB
Dirty:                 4 kB
Writeback:             0 kB
AnonPages:       1214488 kB
Mapped:           131700 kB
Shmem:               564 kB
Slab:              77500 kB
SReclaimable:      24796 kB
SUnreclaim:        52704 kB
KernelStack:       15152 kB
PageTables:        15692 kB
NFS_Unstable:          0 kB
Bounce:                0 kB
WritebackTmp:          0 kB
CommitLimit:     1450072 kB
Committed_AS:   22059532 kB
VmallocTotal:   251658176 kB
VmallocUsed:       94264 kB
VmallocChunk:   251482716 kB


[2024-11-19 18:22:18]
MemTotal:        1858332 kB
MemFree:           62088 kB
Buffers:             384 kB
Cached:           210592 kB
SwapCached:        12976 kB
Active:           960824 kB
Inactive:         367268 kB
Active(anon):     909648 kB
Inactive(anon):   307276 kB
Active(file):      51176 kB
Inactive(file):    59992 kB
Unevictable:       99496 kB
Mlocked:           94212 kB
SwapTotal:        520908 kB
SwapFree:         372688 kB
Dirty:                 4 kB
Writeback:             0 kB
AnonPages:       1215404 kB
Mapped:           133796 kB
Shmem:               564 kB
Slab:              77552 kB
SReclaimable:      24780 kB
SUnreclaim:        52772 kB
KernelStack:       14800 kB
PageTables:        15688 kB
NFS_Unstable:          0 kB
Bounce:                0 kB
WritebackTmp:          0 kB
CommitLimit:     1450072 kB
Committed_AS:   22059496 kB
VmallocTotal:   251658176 kB
VmallocUsed:       94264 kB
VmallocChunk:   251482716 kB


[2024-11-19 18:22:20]
MemTotal:        1858332 kB
MemFree:           60356 kB
Buffers:             416 kB
Cached:           212320 kB
SwapCached:        12964 kB
Active:           963880 kB
Inactive:         366664 kB
Active(anon):     911388 kB
Inactive(anon):   306236 kB
Active(file):      52492 kB
Inactive(file):    60428 kB
Unevictable:       99496 kB
Mlocked:           94212 kB
SwapTotal:        520908 kB
SwapFree:         372512 kB
Dirty:                48 kB
Writeback:             0 kB
AnonPages:       1215936 kB
Mapped:           134360 kB
Shmem:               564 kB
Slab:              77552 kB
SReclaimable:      24876 kB
SUnreclaim:        52676 kB
KernelStack:       14832 kB
PageTables:        15728 kB
NFS_Unstable:          0 kB
Bounce:                0 kB
WritebackTmp:          0 kB
CommitLimit:     1450072 kB
Committed_AS:   22059324 kB
VmallocTotal:   251658176 kB
VmallocUsed:       94264 kB
VmallocChunk:   251482716 kB


[2024-11-19 18:22:22]
MemTotal:        1858332 kB
MemFree:           60748 kB
Buffers:             416 kB
Cached:           212376 kB
SwapCached:        12964 kB
Active:           963968 kB
Inactive:         366776 kB
Active(anon):     911476 kB
Inactive(anon):   306236 kB
Active(file):      52492 kB
Inactive(file):    60540 kB
Unevictable:       99496 kB
Mlocked:           94212 kB
SwapTotal:        520908 kB
SwapFree:         372512 kB
Dirty:                44 kB
Writeback:             0 kB
AnonPages:       1215960 kB
Mapped:           134348 kB
Shmem:               564 kB
Slab:              77552 kB
SReclaimable:      24876 kB
SUnreclaim:        52676 kB
KernelStack:       14800 kB
PageTables:        15700 kB
NFS_Unstable:          0 kB
Bounce:                0 kB
WritebackTmp:          0 kB
CommitLimit:     1450072 kB
Committed_AS:   22059448 kB
VmallocTotal:   251658176 kB
VmallocUsed:       94264 kB
VmallocChunk:   251482716 kB


[2024-11-19 18:22:24]
MemTotal:        1858332 kB
MemFree:           60140 kB
Buffers:             416 kB
Cached:           212376 kB
SwapCached:        12964 kB
Active:           964260 kB
Inactive:         366776 kB
Active(anon):     911768 kB
Inactive(anon):   306236 kB
Active(file):      52492 kB
Inactive(file):    60540 kB
Unevictable:       99496 kB
Mlocked:           94212 kB
SwapTotal:        520908 kB
SwapFree:         372512 kB
Dirty:                44 kB
Writeback:             0 kB
AnonPages:       1216324 kB
Mapped:           134356 kB
Shmem:               564 kB
Slab:              77552 kB
SReclaimable:      24876 kB
SUnreclaim:        52676 kB
KernelStack:       14800 kB
PageTables:        15700 kB
NFS_Unstable:          0 kB
Bounce:                0 kB
WritebackTmp:          0 kB
CommitLimit:     1450072 kB
Committed_AS:   22059568 kB
VmallocTotal:   251658176 kB
VmallocUsed:       94264 kB
VmallocChunk:   251482716 kB


[2024-11-19 18:22:26]
MemTotal:        1858332 kB
MemFree:           60584 kB
Buffers:             424 kB
Cached:           212544 kB
SwapCached:        12984 kB
Active:           964380 kB
Inactive:         366184 kB
Active(anon):     911888 kB
Inactive(anon):   305488 kB
Active(file):      52492 kB
Inactive(file):    60696 kB
Unevictable:       99496 kB
Mlocked:           94212 kB
SwapTotal:        520908 kB
SwapFree:         372512 kB
Dirty:                 0 kB
Writeback:             0 kB
AnonPages:       1215592 kB
Mapped:           134396 kB
Shmem:               564 kB
Slab:              77536 kB
SReclaimable:      24876 kB
SUnreclaim:        52660 kB
KernelStack:       14800 kB
PageTables:        15700 kB
NFS_Unstable:          0 kB
Bounce:                0 kB
WritebackTmp:          0 kB
CommitLimit:     1450072 kB
Committed_AS:   22059444 kB
VmallocTotal:   251658176 kB
VmallocUsed:       94264 kB
VmallocChunk:   251482716 kB


[2024-11-19 18:22:28]
MemTotal:        1858332 kB
MemFree:           60496 kB
Buffers:             424 kB
Cached:           212544 kB
SwapCached:        12984 kB
Active:           964700 kB
Inactive:         366208 kB
Active(anon):     912208 kB
Inactive(anon):   305492 kB
Active(file):      52492 kB
Inactive(file):    60716 kB
Unevictable:       99496 kB
Mlocked:           94212 kB
SwapTotal:        520908 kB
SwapFree:         372516 kB
Dirty:                 0 kB
Writeback:             0 kB
AnonPages:       1215972 kB
Mapped:           134384 kB
Shmem:               564 kB
Slab:              77536 kB
SReclaimable:      24876 kB
SUnreclaim:        52660 kB
KernelStack:       14800 kB
PageTables:        15700 kB
NFS_Unstable:          0 kB
Bounce:                0 kB
WritebackTmp:          0 kB
CommitLimit:     1450072 kB
Committed_AS:   22059532 kB
VmallocTotal:   251658176 kB
VmallocUsed:       94264 kB
VmallocChunk:   251482716 kB


[2024-11-19 18:22:30]
MemTotal:        1858332 kB
MemFree:           60380 kB
Buffers:             424 kB
Cached:           212544 kB
SwapCached:        12984 kB
Active:           964656 kB
Inactive:         366208 kB
Active(anon):     912164 kB
Inactive(anon):   305492 kB
Active(file):      52492 kB
Inactive(file):    60716 kB
Unevictable:       99496 kB
Mlocked:           94212 kB
SwapTotal:        520908 kB
SwapFree:         372516 kB
Dirty:                 0 kB
Writeback:             0 kB
AnonPages:       1215856 kB
Mapped:           134396 kB
Shmem:               564 kB
Slab:              77536 kB
SReclaimable:      24876 kB
SUnreclaim:        52660 kB
KernelStack:       14816 kB
PageTables:        15700 kB
NFS_Unstable:          0 kB
Bounce:                0 kB
WritebackTmp:          0 kB
CommitLimit:     1450072 kB
Committed_AS:   22059516 kB
VmallocTotal:   251658176 kB
VmallocUsed:       94264 kB
VmallocChunk:   251482716 kB


