
[2024-11-19 18:11:06]
MemTotal:        1858332 kB
MemFree:           53696 kB
Buffers:             584 kB
Cached:           218068 kB
SwapCached:        10024 kB
Active:           964556 kB
Inactive:         367088 kB
Active(anon):     908376 kB
Inactive(anon):   304476 kB
Active(file):      56180 kB
Inactive(file):    62612 kB
Unevictable:       99496 kB
Mlocked:           94212 kB
SwapTotal:        520908 kB
SwapFree:         358408 kB
Dirty:                 0 kB
Writeback:             0 kB
AnonPages:       1211660 kB
Mapped:           145208 kB
Shmem:               608 kB
Slab:              77316 kB
SReclaimable:      24572 kB
SUnreclaim:        52744 kB
KernelStack:       15120 kB
PageTables:        16500 kB
NFS_Unstable:          0 kB
Bounce:                0 kB
WritebackTmp:          0 kB
CommitLimit:     1450072 kB
Committed_AS:   24000712 kB
VmallocTotal:   251658176 kB
VmallocUsed:       96556 kB
VmallocChunk:   251482716 kB


[2024-11-19 18:11:06]
MemTotal:        1858332 kB
MemFree:           53440 kB
Buffers:             584 kB
Cached:           218068 kB
SwapCached:        10024 kB
Active:           964784 kB
Inactive:         367088 kB
Active(anon):     908604 kB
Inactive(anon):   304476 kB
Active(file):      56180 kB
Inactive(file):    62612 kB
Unevictable:       99496 kB
Mlocked:           94212 kB
SwapTotal:        520908 kB
SwapFree:         358408 kB
Dirty:                 0 kB
Writeback:             0 kB
AnonPages:       1211828 kB
Mapped:           145208 kB
Shmem:               608 kB
Slab:              77316 kB
SReclaimable:      24572 kB
SUnreclaim:        52744 kB
KernelStack:       15120 kB
PageTables:        16500 kB
NFS_Unstable:          0 kB
Bounce:                0 kB
WritebackTmp:          0 kB
CommitLimit:     1450072 kB
Committed_AS:   24000636 kB
VmallocTotal:   251658176 kB
VmallocUsed:       96556 kB
VmallocChunk:   251482716 kB


[2024-11-19 18:11:06]
MemTotal:        1858332 kB
MemFree:           53328 kB
Buffers:             572 kB
Cached:           205268 kB
SwapCached:         9988 kB
Active:           963028 kB
Inactive:         356296 kB
Active(anon):     910044 kB
Inactive(anon):   303224 kB
Active(file):      52984 kB
Inactive(file):    53072 kB
Unevictable:       99496 kB
Mlocked:           94212 kB
SwapTotal:        520908 kB
SwapFree:         358412 kB
Dirty:                 0 kB
Writeback:             0 kB
AnonPages:       1211960 kB
Mapped:           144900 kB
Shmem:               608 kB
Slab:              77316 kB
SReclaimable:      24572 kB
SUnreclaim:        52744 kB
KernelStack:       15168 kB
PageTables:        16520 kB
NFS_Unstable:          0 kB
Bounce:                0 kB
WritebackTmp:          0 kB
CommitLimit:     1450072 kB
Committed_AS:   24000576 kB
VmallocTotal:   251658176 kB
VmallocUsed:       96584 kB
VmallocChunk:   251482716 kB


[2024-11-19 18:11:06]
MemTotal:        1858332 kB
MemFree:           53188 kB
Buffers:             572 kB
Cached:           205268 kB
SwapCached:         9988 kB
Active:           963028 kB
Inactive:         356296 kB
Active(anon):     910044 kB
Inactive(anon):   303224 kB
Active(file):      52984 kB
Inactive(file):    53072 kB
Unevictable:       99496 kB
Mlocked:           94212 kB
SwapTotal:        520908 kB
SwapFree:         358412 kB
Dirty:                 0 kB
Writeback:             0 kB
AnonPages:       1211964 kB
Mapped:           144900 kB
Shmem:               608 kB
Slab:              77316 kB
SReclaimable:      24572 kB
SUnreclaim:        52744 kB
KernelStack:       15168 kB
PageTables:        16520 kB
NFS_Unstable:          0 kB
Bounce:                0 kB
WritebackTmp:          0 kB
CommitLimit:     1450072 kB
Committed_AS:   24000580 kB
VmallocTotal:   251658176 kB
VmallocUsed:       96584 kB
VmallocChunk:   251482716 kB


[2024-11-19 18:11:06]
MemTotal:        1858332 kB
MemFree:           52720 kB
Buffers:             572 kB
Cached:           205268 kB
SwapCached:         9988 kB
Active:           963576 kB
Inactive:         356296 kB
Active(anon):     910592 kB
Inactive(anon):   303224 kB
Active(file):      52984 kB
Inactive(file):    53072 kB
Unevictable:       99496 kB
Mlocked:           94212 kB
SwapTotal:        520908 kB
SwapFree:         358412 kB
Dirty:                 0 kB
Writeback:             0 kB
AnonPages:       1212604 kB
Mapped:           144888 kB
Shmem:               608 kB
Slab:              77316 kB
SReclaimable:      24572 kB
SUnreclaim:        52744 kB
KernelStack:       15168 kB
PageTables:        16500 kB
NFS_Unstable:          0 kB
Bounce:                0 kB
WritebackTmp:          0 kB
CommitLimit:     1450072 kB
Committed_AS:   24000752 kB
VmallocTotal:   251658176 kB
VmallocUsed:       96584 kB
VmallocChunk:   251482716 kB


[2024-11-19 18:11:06]
MemTotal:        1858332 kB
MemFree:           52488 kB
Buffers:             572 kB
Cached:           205268 kB
SwapCached:         9988 kB
Active:           963532 kB
Inactive:         356308 kB
Active(anon):     910548 kB
Inactive(anon):   303224 kB
Active(file):      52984 kB
Inactive(file):    53084 kB
Unevictable:       99496 kB
Mlocked:           94212 kB
SwapTotal:        520908 kB
SwapFree:         358412 kB
Dirty:                 0 kB
Writeback:             0 kB
AnonPages:       1212476 kB
Mapped:           144904 kB
Shmem:               608 kB
Slab:              77316 kB
SReclaimable:      24572 kB
SUnreclaim:        52744 kB
KernelStack:       15168 kB
PageTables:        16532 kB
NFS_Unstable:          0 kB
Bounce:                0 kB
WritebackTmp:          0 kB
CommitLimit:     1450072 kB
Committed_AS:   24000720 kB
VmallocTotal:   251658176 kB
VmallocUsed:       96584 kB
VmallocChunk:   251482716 kB


[2024-11-19 18:11:06]
MemTotal:        1858332 kB
MemFree:           52468 kB
Buffers:             572 kB
Cached:           205268 kB
SwapCached:         9988 kB
Active:           963968 kB
Inactive:         356312 kB
Active(anon):     910984 kB
Inactive(anon):   303228 kB
Active(file):      52984 kB
Inactive(file):    53084 kB
Unevictable:       99496 kB
Mlocked:           94212 kB
SwapTotal:        520908 kB
SwapFree:         358416 kB
Dirty:                 0 kB
Writeback:             0 kB
AnonPages:       1212856 kB
Mapped:           144904 kB
Shmem:               608 kB
Slab:              77316 kB
SReclaimable:      24572 kB
SUnreclaim:        52744 kB
KernelStack:       15184 kB
PageTables:        16552 kB
NFS_Unstable:          0 kB
Bounce:                0 kB
WritebackTmp:          0 kB
CommitLimit:     1450072 kB
Committed_AS:   24000856 kB
VmallocTotal:   251658176 kB
VmallocUsed:       96584 kB
VmallocChunk:   251482716 kB


[2024-11-19 18:11:06]
MemTotal:        1858332 kB
MemFree:           52144 kB
Buffers:             572 kB
Cached:           205268 kB
SwapCached:         9988 kB
Active:           963852 kB
Inactive:         356312 kB
Active(anon):     910868 kB
Inactive(anon):   303228 kB
Active(file):      52984 kB
Inactive(file):    53084 kB
Unevictable:       99496 kB
Mlocked:           94212 kB
SwapTotal:        520908 kB
SwapFree:         358416 kB
Dirty:                 0 kB
Writeback:             0 kB
AnonPages:       1212860 kB
Mapped:           144904 kB
Shmem:               608 kB
Slab:              77316 kB
SReclaimable:      24572 kB
SUnreclaim:        52744 kB
KernelStack:       15184 kB
PageTables:        16552 kB
NFS_Unstable:          0 kB
Bounce:                0 kB
WritebackTmp:          0 kB
CommitLimit:     1450072 kB
Committed_AS:   24000704 kB
VmallocTotal:   251658176 kB
VmallocUsed:       96584 kB
VmallocChunk:   251482716 kB


[2024-11-19 18:11:06]
MemTotal:        1858332 kB
MemFree:           52000 kB
Buffers:             572 kB
Cached:           205268 kB
SwapCached:         9988 kB
Active:           964212 kB
Inactive:         356312 kB
Active(anon):     911228 kB
Inactive(anon):   303228 kB
Active(file):      52984 kB
Inactive(file):    53084 kB
Unevictable:       99496 kB
Mlocked:           94212 kB
SwapTotal:        520908 kB
SwapFree:         358416 kB
Dirty:                 0 kB
Writeback:             0 kB
AnonPages:       1213220 kB
Mapped:           144904 kB
Shmem:               608 kB
Slab:              77316 kB
SReclaimable:      24572 kB
SUnreclaim:        52744 kB
KernelStack:       15168 kB
PageTables:        16520 kB
NFS_Unstable:          0 kB
Bounce:                0 kB
WritebackTmp:          0 kB
CommitLimit:     1450072 kB
Committed_AS:   24000688 kB
VmallocTotal:   251658176 kB
VmallocUsed:       96584 kB
VmallocChunk:   251482716 kB


[2024-11-19 18:11:06]
MemTotal:        1858332 kB
MemFree:           50716 kB
Buffers:             572 kB
Cached:           205344 kB
SwapCached:         9996 kB
Active:           965248 kB
Inactive:         356312 kB
Active(anon):     912264 kB
Inactive(anon):   303220 kB
Active(file):      52984 kB
Inactive(file):    53092 kB
Unevictable:       99496 kB
Mlocked:           94212 kB
SwapTotal:        520908 kB
SwapFree:         358436 kB
Dirty:                 0 kB
Writeback:             0 kB
AnonPages:       1214320 kB
Mapped:           147228 kB
Shmem:               608 kB
Slab:              77316 kB
SReclaimable:      24572 kB
SUnreclaim:        52744 kB
KernelStack:       15232 kB
PageTables:        16604 kB
NFS_Unstable:          0 kB
Bounce:                0 kB
WritebackTmp:          0 kB
CommitLimit:     1450072 kB
Committed_AS:   24002428 kB
VmallocTotal:   251658176 kB
VmallocUsed:       96584 kB
VmallocChunk:   251482716 kB


[2024-11-19 18:11:06]
MemTotal:        1858332 kB
MemFree:           45280 kB
Buffers:             572 kB
Cached:           205488 kB
SwapCached:         9996 kB
Active:           977768 kB
Inactive:         349772 kB
Active(anon):     918324 kB
Inactive(anon):   303044 kB
Active(file):      59444 kB
Inactive(file):    46728 kB
Unevictable:       99496 kB
Mlocked:           94212 kB
SwapTotal:        520908 kB
SwapFree:         358444 kB
Dirty:                 0 kB
Writeback:             0 kB
AnonPages:       1220132 kB
Mapped:           147980 kB
Shmem:               608 kB
Slab:              77316 kB
SReclaimable:      24572 kB
SUnreclaim:        52744 kB
KernelStack:       15408 kB
PageTables:        16832 kB
NFS_Unstable:          0 kB
Bounce:                0 kB
WritebackTmp:          0 kB
CommitLimit:     1450072 kB
Committed_AS:   24122348 kB
VmallocTotal:   251658176 kB
VmallocUsed:       96584 kB
VmallocChunk:   251482716 kB


[2024-11-19 18:11:08]
MemTotal:        1858332 kB
MemFree:           44840 kB
Buffers:             572 kB
Cached:           205488 kB
SwapCached:         9996 kB
Active:           977904 kB
Inactive:         349812 kB
Active(anon):     918460 kB
Inactive(anon):   303044 kB
Active(file):      59444 kB
Inactive(file):    46768 kB
Unevictable:       99496 kB
Mlocked:           94212 kB
SwapTotal:        520908 kB
SwapFree:         358444 kB
Dirty:                 0 kB
Writeback:             0 kB
AnonPages:       1220292 kB
Mapped:           147980 kB
Shmem:               608 kB
Slab:              77316 kB
SReclaimable:      24572 kB
SUnreclaim:        52744 kB
KernelStack:       15408 kB
PageTables:        16832 kB
NFS_Unstable:          0 kB
Bounce:                0 kB
WritebackTmp:          0 kB
CommitLimit:     1450072 kB
Committed_AS:   24122336 kB
VmallocTotal:   251658176 kB
VmallocUsed:       96584 kB
VmallocChunk:   251482716 kB


[2024-11-19 18:11:11]
MemTotal:        1858332 kB
MemFree:           44376 kB
Buffers:             572 kB
Cached:           205488 kB
SwapCached:         9996 kB
Active:           977980 kB
Inactive:         349812 kB
Active(anon):     918536 kB
Inactive(anon):   303044 kB
Active(file):      59444 kB
Inactive(file):    46768 kB
Unevictable:       99496 kB
Mlocked:           94212 kB
SwapTotal:        520908 kB
SwapFree:         358444 kB
Dirty:                 0 kB
Writeback:             0 kB
AnonPages:       1220272 kB
Mapped:           147812 kB
Shmem:               608 kB
Slab:              77316 kB
SReclaimable:      24572 kB
SUnreclaim:        52744 kB
KernelStack:       15376 kB
PageTables:        16832 kB
NFS_Unstable:          0 kB
Bounce:                0 kB
WritebackTmp:          0 kB
CommitLimit:     1450072 kB
Committed_AS:   24114160 kB
VmallocTotal:   251658176 kB
VmallocUsed:       96584 kB
VmallocChunk:   251482716 kB


[2024-11-19 18:11:13]
MemTotal:        1858332 kB
MemFree:           43348 kB
Buffers:             584 kB
Cached:           205816 kB
SwapCached:         9996 kB
Active:           978924 kB
Inactive:         350132 kB
Active(anon):     919464 kB
Inactive(anon):   303040 kB
Active(file):      59460 kB
Inactive(file):    47092 kB
Unevictable:       99496 kB
Mlocked:           94212 kB
SwapTotal:        520908 kB
SwapFree:         358444 kB
Dirty:                24 kB
Writeback:             0 kB
AnonPages:       1221156 kB
Mapped:           148044 kB
Shmem:               608 kB
Slab:              77508 kB
SReclaimable:      24764 kB
SUnreclaim:        52744 kB
KernelStack:       15440 kB
PageTables:        16860 kB
NFS_Unstable:          0 kB
Bounce:                0 kB
WritebackTmp:          0 kB
CommitLimit:     1450072 kB
Committed_AS:   24122220 kB
VmallocTotal:   251658176 kB
VmallocUsed:       96584 kB
VmallocChunk:   251482716 kB


[2024-11-19 18:11:15]
MemTotal:        1858332 kB
MemFree:           42948 kB
Buffers:             584 kB
Cached:           205816 kB
SwapCached:         9996 kB
Active:           979208 kB
Inactive:         350124 kB
Active(anon):     919748 kB
Inactive(anon):   303032 kB
Active(file):      59460 kB
Inactive(file):    47092 kB
Unevictable:       99496 kB
Mlocked:           94212 kB
SwapTotal:        520908 kB
SwapFree:         358444 kB
Dirty:                24 kB
Writeback:             0 kB
AnonPages:       1221472 kB
Mapped:           148000 kB
Shmem:               608 kB
Slab:              77508 kB
SReclaimable:      24764 kB
SUnreclaim:        52744 kB
KernelStack:       15408 kB
PageTables:        16832 kB
NFS_Unstable:          0 kB
Bounce:                0 kB
WritebackTmp:          0 kB
CommitLimit:     1450072 kB
Committed_AS:   24122208 kB
VmallocTotal:   251658176 kB
VmallocUsed:       96584 kB
VmallocChunk:   251482716 kB


[2024-11-19 18:11:17]
MemTotal:        1858332 kB
MemFree:           48484 kB
Buffers:             592 kB
Cached:           205808 kB
SwapCached:         9996 kB
Active:           972984 kB
Inactive:         350152 kB
Active(anon):     913524 kB
Inactive(anon):   303060 kB
Active(file):      59460 kB
Inactive(file):    47092 kB
Unevictable:       99496 kB
Mlocked:           94212 kB
SwapTotal:        520908 kB
SwapFree:         358472 kB
Dirty:                 0 kB
Writeback:             0 kB
AnonPages:       1215404 kB
Mapped:           147840 kB
Shmem:               608 kB
Slab:              77508 kB
SReclaimable:      24764 kB
SUnreclaim:        52744 kB
KernelStack:       15408 kB
PageTables:        16832 kB
NFS_Unstable:          0 kB
Bounce:                0 kB
WritebackTmp:          0 kB
CommitLimit:     1450072 kB
Committed_AS:   24122236 kB
VmallocTotal:   251658176 kB
VmallocUsed:       96584 kB
VmallocChunk:   251482716 kB


[2024-11-19 18:11:19]
MemTotal:        1858332 kB
MemFree:           48292 kB
Buffers:             592 kB
Cached:           205816 kB
SwapCached:         9996 kB
Active:           973072 kB
Inactive:         350164 kB
Active(anon):     913612 kB
Inactive(anon):   303064 kB
Active(file):      59460 kB
Inactive(file):    47100 kB
Unevictable:       99496 kB
Mlocked:           94212 kB
SwapTotal:        520908 kB
SwapFree:         358476 kB
Dirty:                32 kB
Writeback:             0 kB
AnonPages:       1215416 kB
Mapped:           148024 kB
Shmem:               608 kB
Slab:              77508 kB
SReclaimable:      24764 kB
SUnreclaim:        52744 kB
KernelStack:       15408 kB
PageTables:        16832 kB
NFS_Unstable:          0 kB
Bounce:                0 kB
WritebackTmp:          0 kB
CommitLimit:     1450072 kB
Committed_AS:   24122168 kB
VmallocTotal:   251658176 kB
VmallocUsed:       96584 kB
VmallocChunk:   251482716 kB


[2024-11-19 18:11:22]
MemTotal:        1858332 kB
MemFree:           47736 kB
Buffers:             592 kB
Cached:           205816 kB
SwapCached:         9996 kB
Active:           973208 kB
Inactive:         350164 kB
Active(anon):     913748 kB
Inactive(anon):   303064 kB
Active(file):      59460 kB
Inactive(file):    47100 kB
Unevictable:       99496 kB
Mlocked:           94212 kB
SwapTotal:        520908 kB
SwapFree:         358476 kB
Dirty:                32 kB
Writeback:             0 kB
AnonPages:       1215480 kB
Mapped:           148024 kB
Shmem:               608 kB
Slab:              77508 kB
SReclaimable:      24764 kB
SUnreclaim:        52744 kB
KernelStack:       15328 kB
PageTables:        16832 kB
NFS_Unstable:          0 kB
Bounce:                0 kB
WritebackTmp:          0 kB
CommitLimit:     1450072 kB
Committed_AS:   24122252 kB
VmallocTotal:   251658176 kB
VmallocUsed:       96584 kB
VmallocChunk:   251482716 kB


[2024-11-19 18:11:24]
MemTotal:        1858332 kB
MemFree:           48220 kB
Buffers:             592 kB
Cached:           205816 kB
SwapCached:         9996 kB
Active:           973296 kB
Inactive:         350164 kB
Active(anon):     913836 kB
Inactive(anon):   303064 kB
Active(file):      59460 kB
Inactive(file):    47100 kB
Unevictable:       99496 kB
Mlocked:           94212 kB
SwapTotal:        520908 kB
SwapFree:         358476 kB
Dirty:                 0 kB
Writeback:             0 kB
AnonPages:       1215708 kB
Mapped:           147892 kB
Shmem:               608 kB
Slab:              77524 kB
SReclaimable:      24780 kB
SUnreclaim:        52744 kB
KernelStack:       15376 kB
PageTables:        16852 kB
NFS_Unstable:          0 kB
Bounce:                0 kB
WritebackTmp:          0 kB
CommitLimit:     1450072 kB
Committed_AS:   24122284 kB
VmallocTotal:   251658176 kB
VmallocUsed:       96584 kB
VmallocChunk:   251482716 kB


[2024-11-19 18:11:26]
MemTotal:        1858332 kB
MemFree:           47640 kB
Buffers:             592 kB
Cached:           205816 kB
SwapCached:         9996 kB
Active:           973796 kB
Inactive:         350164 kB
Active(anon):     914336 kB
Inactive(anon):   303064 kB
Active(file):      59460 kB
Inactive(file):    47100 kB
Unevictable:       99496 kB
Mlocked:           94212 kB
SwapTotal:        520908 kB
SwapFree:         358476 kB
Dirty:                 0 kB
Writeback:             0 kB
AnonPages:       1216112 kB
Mapped:           148024 kB
Shmem:               608 kB
Slab:              77524 kB
SReclaimable:      24780 kB
SUnreclaim:        52744 kB
KernelStack:       15408 kB
PageTables:        16832 kB
NFS_Unstable:          0 kB
Bounce:                0 kB
WritebackTmp:          0 kB
CommitLimit:     1450072 kB
Committed_AS:   24113976 kB
VmallocTotal:   251658176 kB
VmallocUsed:       96584 kB
VmallocChunk:   251482716 kB


[2024-11-19 18:11:28]
MemTotal:        1858332 kB
MemFree:           47708 kB
Buffers:             592 kB
Cached:           205816 kB
SwapCached:         9996 kB
Active:           973508 kB
Inactive:         350164 kB
Active(anon):     914048 kB
Inactive(anon):   303064 kB
Active(file):      59460 kB
Inactive(file):    47100 kB
Unevictable:       99496 kB
Mlocked:           94212 kB
SwapTotal:        520908 kB
SwapFree:         358476 kB
Dirty:                 0 kB
Writeback:             0 kB
AnonPages:       1215880 kB
Mapped:           148024 kB
Shmem:               608 kB
Slab:              77524 kB
SReclaimable:      24780 kB
SUnreclaim:        52744 kB
KernelStack:       15424 kB
PageTables:        16832 kB
NFS_Unstable:          0 kB
Bounce:                0 kB
WritebackTmp:          0 kB
CommitLimit:     1450072 kB
Committed_AS:   24122112 kB
VmallocTotal:   251658176 kB
VmallocUsed:       96584 kB
VmallocChunk:   251482716 kB


[2024-11-19 18:11:31]
MemTotal:        1858332 kB
MemFree:           47668 kB
Buffers:             592 kB
Cached:           205816 kB
SwapCached:         9996 kB
Active:           973936 kB
Inactive:         350164 kB
Active(anon):     914476 kB
Inactive(anon):   303064 kB
Active(file):      59460 kB
Inactive(file):    47100 kB
Unevictable:       99496 kB
Mlocked:           94212 kB
SwapTotal:        520908 kB
SwapFree:         358476 kB
Dirty:                 0 kB
Writeback:             0 kB
AnonPages:       1216360 kB
Mapped:           148024 kB
Shmem:               608 kB
Slab:              77524 kB
SReclaimable:      24780 kB
SUnreclaim:        52744 kB
KernelStack:       15408 kB
PageTables:        16832 kB
NFS_Unstable:          0 kB
Bounce:                0 kB
WritebackTmp:          0 kB
CommitLimit:     1450072 kB
Committed_AS:   24114020 kB
VmallocTotal:   251658176 kB
VmallocUsed:       96584 kB
VmallocChunk:   251482716 kB


[2024-11-19 18:11:33]
MemTotal:        1858332 kB
MemFree:           47164 kB
Buffers:             592 kB
Cached:           205816 kB
SwapCached:         9996 kB
Active:           974008 kB
Inactive:         350164 kB
Active(anon):     914548 kB
Inactive(anon):   303064 kB
Active(file):      59460 kB
Inactive(file):    47100 kB
Unevictable:       99496 kB
Mlocked:           94212 kB
SwapTotal:        520908 kB
SwapFree:         358476 kB
Dirty:                 0 kB
Writeback:             0 kB
AnonPages:       1216124 kB
Mapped:           148024 kB
Shmem:               608 kB
Slab:              77524 kB
SReclaimable:      24780 kB
SUnreclaim:        52744 kB
KernelStack:       15440 kB
PageTables:        16832 kB
NFS_Unstable:          0 kB
Bounce:                0 kB
WritebackTmp:          0 kB
CommitLimit:     1450072 kB
Committed_AS:   24122144 kB
VmallocTotal:   251658176 kB
VmallocUsed:       96584 kB
VmallocChunk:   251482716 kB


[2024-11-19 18:11:35]
MemTotal:        1858332 kB
MemFree:           47504 kB
Buffers:             592 kB
Cached:           205816 kB
SwapCached:         9996 kB
Active:           973832 kB
Inactive:         350164 kB
Active(anon):     914372 kB
Inactive(anon):   303064 kB
Active(file):      59460 kB
Inactive(file):    47100 kB
Unevictable:       99496 kB
Mlocked:           94212 kB
SwapTotal:        520908 kB
SwapFree:         358476 kB
Dirty:                 0 kB
Writeback:             0 kB
AnonPages:       1216248 kB
Mapped:           147976 kB
Shmem:               608 kB
Slab:              77524 kB
SReclaimable:      24780 kB
SUnreclaim:        52744 kB
KernelStack:       15440 kB
PageTables:        16836 kB
NFS_Unstable:          0 kB
Bounce:                0 kB
WritebackTmp:          0 kB
CommitLimit:     1450072 kB
Committed_AS:   24122136 kB
VmallocTotal:   251658176 kB
VmallocUsed:       96584 kB
VmallocChunk:   251482716 kB


[2024-11-19 18:11:37]
MemTotal:        1858332 kB
MemFree:           48408 kB
Buffers:             592 kB
Cached:           205816 kB
SwapCached:         9996 kB
Active:           974120 kB
Inactive:         350164 kB
Active(anon):     914660 kB
Inactive(anon):   303064 kB
Active(file):      59460 kB
Inactive(file):    47100 kB
Unevictable:       99496 kB
Mlocked:           94212 kB
SwapTotal:        520908 kB
SwapFree:         358476 kB
Dirty:                 0 kB
Writeback:             0 kB
AnonPages:       1216560 kB
Mapped:           148020 kB
Shmem:               608 kB
Slab:              77524 kB
SReclaimable:      24780 kB
SUnreclaim:        52744 kB
KernelStack:       15424 kB
PageTables:        16856 kB
NFS_Unstable:          0 kB
Bounce:                0 kB
WritebackTmp:          0 kB
CommitLimit:     1450072 kB
Committed_AS:   24122244 kB
VmallocTotal:   251658176 kB
VmallocUsed:       96584 kB
VmallocChunk:   251482716 kB


[2024-11-19 18:11:40]
MemTotal:        1858332 kB
MemFree:           47720 kB
Buffers:             592 kB
Cached:           205816 kB
SwapCached:         9996 kB
Active:           974708 kB
Inactive:         350168 kB
Active(anon):     915248 kB
Inactive(anon):   303068 kB
Active(file):      59460 kB
Inactive(file):    47100 kB
Unevictable:       99496 kB
Mlocked:           94212 kB
SwapTotal:        520908 kB
SwapFree:         358480 kB
Dirty:                 0 kB
Writeback:             0 kB
AnonPages:       1217120 kB
Mapped:           148020 kB
Shmem:               608 kB
Slab:              77524 kB
SReclaimable:      24780 kB
SUnreclaim:        52744 kB
KernelStack:       15440 kB
PageTables:        16844 kB
NFS_Unstable:          0 kB
Bounce:                0 kB
WritebackTmp:          0 kB
CommitLimit:     1450072 kB
Committed_AS:   24122268 kB
VmallocTotal:   251658176 kB
VmallocUsed:       96584 kB
VmallocChunk:   251482716 kB


[2024-11-19 18:11:43]
MemTotal:        1858332 kB
MemFree:           47756 kB
Buffers:             592 kB
Cached:           205816 kB
SwapCached:         9996 kB
Active:           974552 kB
Inactive:         350168 kB
Active(anon):     915092 kB
Inactive(anon):   303068 kB
Active(file):      59460 kB
Inactive(file):    47100 kB
Unevictable:       99496 kB
Mlocked:           94212 kB
SwapTotal:        520908 kB
SwapFree:         358480 kB
Dirty:                 0 kB
Writeback:             0 kB
AnonPages:       1216904 kB
Mapped:           148020 kB
Shmem:               608 kB
Slab:              77524 kB
SReclaimable:      24780 kB
SUnreclaim:        52744 kB
KernelStack:       15408 kB
PageTables:        16832 kB
NFS_Unstable:          0 kB
Bounce:                0 kB
WritebackTmp:          0 kB
CommitLimit:     1450072 kB
Committed_AS:   24122120 kB
VmallocTotal:   251658176 kB
VmallocUsed:       96584 kB
VmallocChunk:   251482716 kB


[2024-11-19 18:11:45]
MemTotal:        1858332 kB
MemFree:           47148 kB
Buffers:             592 kB
Cached:           205816 kB
SwapCached:         9996 kB
Active:           974792 kB
Inactive:         350164 kB
Active(anon):     915332 kB
Inactive(anon):   303064 kB
Active(file):      59460 kB
Inactive(file):    47100 kB
Unevictable:       99496 kB
Mlocked:           94212 kB
SwapTotal:        520908 kB
SwapFree:         358480 kB
Dirty:                 0 kB
Writeback:             0 kB
AnonPages:       1217096 kB
Mapped:           148020 kB
Shmem:               608 kB
Slab:              77524 kB
SReclaimable:      24780 kB
SUnreclaim:        52744 kB
KernelStack:       15408 kB
PageTables:        16832 kB
NFS_Unstable:          0 kB
Bounce:                0 kB
WritebackTmp:          0 kB
CommitLimit:     1450072 kB
Committed_AS:   24122132 kB
VmallocTotal:   251658176 kB
VmallocUsed:       96584 kB
VmallocChunk:   251482716 kB


[2024-11-19 18:11:48]
MemTotal:        1858332 kB
MemFree:           47408 kB
Buffers:             592 kB
Cached:           205816 kB
SwapCached:         9996 kB
Active:           974820 kB
Inactive:         350164 kB
Active(anon):     915360 kB
Inactive(anon):   303064 kB
Active(file):      59460 kB
Inactive(file):    47100 kB
Unevictable:       99496 kB
Mlocked:           94212 kB
SwapTotal:        520908 kB
SwapFree:         358480 kB
Dirty:                 0 kB
Writeback:             0 kB
AnonPages:       1217348 kB
Mapped:           148020 kB
Shmem:               608 kB
Slab:              77524 kB
SReclaimable:      24780 kB
SUnreclaim:        52744 kB
KernelStack:       15408 kB
PageTables:        16832 kB
NFS_Unstable:          0 kB
Bounce:                0 kB
WritebackTmp:          0 kB
CommitLimit:     1450072 kB
Committed_AS:   24122144 kB
VmallocTotal:   251658176 kB
VmallocUsed:       96584 kB
VmallocChunk:   251482716 kB


[2024-11-19 18:11:50]
MemTotal:        1858332 kB
MemFree:           47216 kB
Buffers:             592 kB
Cached:           205816 kB
SwapCached:         9996 kB
Active:           975036 kB
Inactive:         350164 kB
Active(anon):     915576 kB
Inactive(anon):   303064 kB
Active(file):      59460 kB
Inactive(file):    47100 kB
Unevictable:       99496 kB
Mlocked:           94212 kB
SwapTotal:        520908 kB
SwapFree:         358480 kB
Dirty:                 0 kB
Writeback:             0 kB
AnonPages:       1217420 kB
Mapped:           148020 kB
Shmem:               608 kB
Slab:              77524 kB
SReclaimable:      24780 kB
SUnreclaim:        52744 kB
KernelStack:       15408 kB
PageTables:        16832 kB
NFS_Unstable:          0 kB
Bounce:                0 kB
WritebackTmp:          0 kB
CommitLimit:     1450072 kB
Committed_AS:   24122200 kB
VmallocTotal:   251658176 kB
VmallocUsed:       96584 kB
VmallocChunk:   251482716 kB


[2024-11-19 18:11:53]
MemTotal:        1858332 kB
MemFree:           46700 kB
Buffers:             592 kB
Cached:           205816 kB
SwapCached:         9996 kB
Active:           975276 kB
Inactive:         350168 kB
Active(anon):     915816 kB
Inactive(anon):   303068 kB
Active(file):      59460 kB
Inactive(file):    47100 kB
Unevictable:       99496 kB
Mlocked:           94212 kB
SwapTotal:        520908 kB
SwapFree:         358484 kB
Dirty:                 0 kB
Writeback:             0 kB
AnonPages:       1217604 kB
Mapped:           147952 kB
Shmem:               608 kB
Slab:              77524 kB
SReclaimable:      24780 kB
SUnreclaim:        52744 kB
KernelStack:       15440 kB
PageTables:        16868 kB
NFS_Unstable:          0 kB
Bounce:                0 kB
WritebackTmp:          0 kB
CommitLimit:     1450072 kB
Committed_AS:   24122140 kB
VmallocTotal:   251658176 kB
VmallocUsed:       96584 kB
VmallocChunk:   251482716 kB


[2024-11-19 18:11:55]
MemTotal:        1858332 kB
MemFree:           46996 kB
Buffers:             592 kB
Cached:           205816 kB
SwapCached:         9996 kB
Active:           975300 kB
Inactive:         350168 kB
Active(anon):     915840 kB
Inactive(anon):   303068 kB
Active(file):      59460 kB
Inactive(file):    47100 kB
Unevictable:       99496 kB
Mlocked:           94212 kB
SwapTotal:        520908 kB
SwapFree:         358484 kB
Dirty:                 0 kB
Writeback:             0 kB
AnonPages:       1217512 kB
Mapped:           147836 kB
Shmem:               608 kB
Slab:              77524 kB
SReclaimable:      24780 kB
SUnreclaim:        52744 kB
KernelStack:       15408 kB
PageTables:        16832 kB
NFS_Unstable:          0 kB
Bounce:                0 kB
WritebackTmp:          0 kB
CommitLimit:     1450072 kB
Committed_AS:   24122184 kB
VmallocTotal:   251658176 kB
VmallocUsed:       96584 kB
VmallocChunk:   251482716 kB


[2024-11-19 18:11:58]
MemTotal:        1858332 kB
MemFree:           46508 kB
Buffers:             592 kB
Cached:           205816 kB
SwapCached:         9996 kB
Active:           975508 kB
Inactive:         350168 kB
Active(anon):     916048 kB
Inactive(anon):   303068 kB
Active(file):      59460 kB
Inactive(file):    47100 kB
Unevictable:       99496 kB
Mlocked:           94212 kB
SwapTotal:        520908 kB
SwapFree:         358484 kB
Dirty:                 0 kB
Writeback:             0 kB
AnonPages:       1217980 kB
Mapped:           148020 kB
Shmem:               608 kB
Slab:              77524 kB
SReclaimable:      24780 kB
SUnreclaim:        52744 kB
KernelStack:       15408 kB
PageTables:        16832 kB
NFS_Unstable:          0 kB
Bounce:                0 kB
WritebackTmp:          0 kB
CommitLimit:     1450072 kB
Committed_AS:   24122120 kB
VmallocTotal:   251658176 kB
VmallocUsed:       96584 kB
VmallocChunk:   251482716 kB


[2024-11-19 18:12:00]
MemTotal:        1858332 kB
MemFree:           45672 kB
Buffers:             592 kB
Cached:           205816 kB
SwapCached:         9996 kB
Active:           976004 kB
Inactive:         350172 kB
Active(anon):     916544 kB
Inactive(anon):   303072 kB
Active(file):      59460 kB
Inactive(file):    47100 kB
Unevictable:       99496 kB
Mlocked:           94212 kB
SwapTotal:        520908 kB
SwapFree:         358488 kB
Dirty:                 0 kB
Writeback:             0 kB
AnonPages:       1218240 kB
Mapped:           147836 kB
Shmem:               608 kB
Slab:              77520 kB
SReclaimable:      24780 kB
SUnreclaim:        52740 kB
KernelStack:       15408 kB
PageTables:        16832 kB
NFS_Unstable:          0 kB
Bounce:                0 kB
WritebackTmp:          0 kB
CommitLimit:     1450072 kB
Committed_AS:   24121968 kB
VmallocTotal:   251658176 kB
VmallocUsed:       96584 kB
VmallocChunk:   251482716 kB


[2024-11-19 18:12:02]
MemTotal:        1858332 kB
MemFree:           45468 kB
Buffers:             592 kB
Cached:           205816 kB
SwapCached:         9996 kB
Active:           976012 kB
Inactive:         350172 kB
Active(anon):     916552 kB
Inactive(anon):   303072 kB
Active(file):      59460 kB
Inactive(file):    47100 kB
Unevictable:       99496 kB
Mlocked:           94212 kB
SwapTotal:        520908 kB
SwapFree:         358488 kB
Dirty:                 0 kB
Writeback:             0 kB
AnonPages:       1218284 kB
Mapped:           148020 kB
Shmem:               608 kB
Slab:              77520 kB
SReclaimable:      24780 kB
SUnreclaim:        52740 kB
KernelStack:       15408 kB
PageTables:        16832 kB
NFS_Unstable:          0 kB
Bounce:                0 kB
WritebackTmp:          0 kB
CommitLimit:     1450072 kB
Committed_AS:   24122376 kB
VmallocTotal:   251658176 kB
VmallocUsed:       96584 kB
VmallocChunk:   251482716 kB


[2024-11-19 18:12:04]
MemTotal:        1858332 kB
MemFree:           44948 kB
Buffers:             592 kB
Cached:           205632 kB
SwapCached:        10000 kB
Active:           974776 kB
Inactive:         351492 kB
Active(anon):     915500 kB
Inactive(anon):   304392 kB
Active(file):      59276 kB
Inactive(file):    47100 kB
Unevictable:       99496 kB
Mlocked:           94212 kB
SwapTotal:        520908 kB
SwapFree:         358484 kB
Dirty:                 0 kB
Writeback:             0 kB
AnonPages:       1218672 kB
Mapped:           148020 kB
Shmem:               608 kB
Slab:              77520 kB
SReclaimable:      24780 kB
SUnreclaim:        52740 kB
KernelStack:       15408 kB
PageTables:        16832 kB
NFS_Unstable:          0 kB
Bounce:                0 kB
WritebackTmp:          0 kB
CommitLimit:     1450072 kB
Committed_AS:   24122264 kB
VmallocTotal:   251658176 kB
VmallocUsed:       96584 kB
VmallocChunk:   251482716 kB


[2024-11-19 18:12:06]
MemTotal:        1858332 kB
MemFree:           47316 kB
Buffers:             584 kB
Cached:           203484 kB
SwapCached:         9996 kB
Active:           971716 kB
Inactive:         352416 kB
Active(anon):     914852 kB
Inactive(anon):   304996 kB
Active(file):      56864 kB
Inactive(file):    47420 kB
Unevictable:       99496 kB
Mlocked:           94212 kB
SwapTotal:        520908 kB
SwapFree:         358448 kB
Dirty:                 0 kB
Writeback:             0 kB
AnonPages:       1218660 kB
Mapped:           148020 kB
Shmem:               608 kB
Slab:              77520 kB
SReclaimable:      24780 kB
SUnreclaim:        52740 kB
KernelStack:       15408 kB
PageTables:        16832 kB
NFS_Unstable:          0 kB
Bounce:                0 kB
WritebackTmp:          0 kB
CommitLimit:     1450072 kB
Committed_AS:   24122236 kB
VmallocTotal:   251658176 kB
VmallocUsed:       96584 kB
VmallocChunk:   251482716 kB


[2024-11-19 18:12:08]
MemTotal:        1858332 kB
MemFree:           47484 kB
Buffers:             584 kB
Cached:           203572 kB
SwapCached:         9996 kB
Active:           971640 kB
Inactive:         352440 kB
Active(anon):     914776 kB
Inactive(anon):   304996 kB
Active(file):      56864 kB
Inactive(file):    47444 kB
Unevictable:       99496 kB
Mlocked:           94212 kB
SwapTotal:        520908 kB
SwapFree:         358448 kB
Dirty:                 0 kB
Writeback:             0 kB
AnonPages:       1218444 kB
Mapped:           148020 kB
Shmem:               608 kB
Slab:              77520 kB
SReclaimable:      24780 kB
SUnreclaim:        52740 kB
KernelStack:       15408 kB
PageTables:        16832 kB
NFS_Unstable:          0 kB
Bounce:                0 kB
WritebackTmp:          0 kB
CommitLimit:     1450072 kB
Committed_AS:   24122228 kB
VmallocTotal:   251658176 kB
VmallocUsed:       96584 kB
VmallocChunk:   251482716 kB


[2024-11-19 18:12:11]
MemTotal:        1858332 kB
MemFree:           47292 kB
Buffers:             584 kB
Cached:           203572 kB
SwapCached:         9996 kB
Active:           971964 kB
Inactive:         352440 kB
Active(anon):     915100 kB
Inactive(anon):   304996 kB
Active(file):      56864 kB
Inactive(file):    47444 kB
Unevictable:       99496 kB
Mlocked:           94212 kB
SwapTotal:        520908 kB
SwapFree:         358448 kB
Dirty:                 0 kB
Writeback:             0 kB
AnonPages:       1218752 kB
Mapped:           148020 kB
Shmem:               608 kB
Slab:              77520 kB
SReclaimable:      24780 kB
SUnreclaim:        52740 kB
KernelStack:       15408 kB
PageTables:        16832 kB
NFS_Unstable:          0 kB
Bounce:                0 kB
WritebackTmp:          0 kB
CommitLimit:     1450072 kB
Committed_AS:   24122344 kB
VmallocTotal:   251658176 kB
VmallocUsed:       96584 kB
VmallocChunk:   251482716 kB


[2024-11-19 18:12:13]
MemTotal:        1858332 kB
MemFree:           47260 kB
Buffers:             584 kB
Cached:           203572 kB
SwapCached:         9996 kB
Active:           972088 kB
Inactive:         352440 kB
Active(anon):     915224 kB
Inactive(anon):   304996 kB
Active(file):      56864 kB
Inactive(file):    47444 kB
Unevictable:       99496 kB
Mlocked:           94212 kB
SwapTotal:        520908 kB
SwapFree:         358448 kB
Dirty:                 0 kB
Writeback:             0 kB
AnonPages:       1218912 kB
Mapped:           148020 kB
Shmem:               608 kB
Slab:              77520 kB
SReclaimable:      24780 kB
SUnreclaim:        52740 kB
KernelStack:       15408 kB
PageTables:        16832 kB
NFS_Unstable:          0 kB
Bounce:                0 kB
WritebackTmp:          0 kB
CommitLimit:     1450072 kB
Committed_AS:   24122332 kB
VmallocTotal:   251658176 kB
VmallocUsed:       96584 kB
VmallocChunk:   251482716 kB


[2024-11-19 18:12:15]
MemTotal:        1858332 kB
MemFree:           47176 kB
Buffers:             584 kB
Cached:           203572 kB
SwapCached:         9996 kB
Active:           972172 kB
Inactive:         352444 kB
Active(anon):     915308 kB
Inactive(anon):   305000 kB
Active(file):      56864 kB
Inactive(file):    47444 kB
Unevictable:       99496 kB
Mlocked:           94212 kB
SwapTotal:        520908 kB
SwapFree:         358452 kB
Dirty:                 0 kB
Writeback:             0 kB
AnonPages:       1219148 kB
Mapped:           148020 kB
Shmem:               608 kB
Slab:              77520 kB
SReclaimable:      24780 kB
SUnreclaim:        52740 kB
KernelStack:       15408 kB
PageTables:        16832 kB
NFS_Unstable:          0 kB
Bounce:                0 kB
WritebackTmp:          0 kB
CommitLimit:     1450072 kB
Committed_AS:   24122344 kB
VmallocTotal:   251658176 kB
VmallocUsed:       96584 kB
VmallocChunk:   251482716 kB


[2024-11-19 18:12:17]
MemTotal:        1858332 kB
MemFree:           45936 kB
Buffers:             592 kB
Cached:           204280 kB
SwapCached:         9996 kB
Active:           972732 kB
Inactive:         353156 kB
Active(anon):     915860 kB
Inactive(anon):   305004 kB
Active(file):      56872 kB
Inactive(file):    48152 kB
Unevictable:       99496 kB
Mlocked:           94212 kB
SwapTotal:        520908 kB
SwapFree:         358456 kB
Dirty:                28 kB
Writeback:            12 kB
AnonPages:       1219564 kB
Mapped:           148044 kB
Shmem:               608 kB
Slab:              77520 kB
SReclaimable:      24780 kB
SUnreclaim:        52740 kB
KernelStack:       15456 kB
PageTables:        16844 kB
NFS_Unstable:          0 kB
Bounce:                0 kB
WritebackTmp:          0 kB
CommitLimit:     1450072 kB
Committed_AS:   24122404 kB
VmallocTotal:   251658176 kB
VmallocUsed:       96584 kB
VmallocChunk:   251482716 kB


[2024-11-19 18:12:19]
MemTotal:        1858332 kB
MemFree:           46032 kB
Buffers:             592 kB
Cached:           204280 kB
SwapCached:         9996 kB
Active:           972604 kB
Inactive:         353156 kB
Active(anon):     915732 kB
Inactive(anon):   305004 kB
Active(file):      56872 kB
Inactive(file):    48152 kB
Unevictable:       99496 kB
Mlocked:           94212 kB
SwapTotal:        520908 kB
SwapFree:         358456 kB
Dirty:                28 kB
Writeback:             0 kB
AnonPages:       1219368 kB
Mapped:           148028 kB
Shmem:               608 kB
Slab:              77520 kB
SReclaimable:      24780 kB
SUnreclaim:        52740 kB
KernelStack:       15424 kB
PageTables:        16832 kB
NFS_Unstable:          0 kB
Bounce:                0 kB
WritebackTmp:          0 kB
CommitLimit:     1450072 kB
Committed_AS:   24122360 kB
VmallocTotal:   251658176 kB
VmallocUsed:       96584 kB
VmallocChunk:   251482716 kB


[2024-11-19 18:12:21]
MemTotal:        1858332 kB
MemFree:           45320 kB
Buffers:             592 kB
Cached:           204280 kB
SwapCached:         9996 kB
Active:           972984 kB
Inactive:         353156 kB
Active(anon):     916112 kB
Inactive(anon):   305004 kB
Active(file):      56872 kB
Inactive(file):    48152 kB
Unevictable:       99496 kB
Mlocked:           94212 kB
SwapTotal:        520908 kB
SwapFree:         358456 kB
Dirty:                28 kB
Writeback:             0 kB
AnonPages:       1219824 kB
Mapped:           148028 kB
Shmem:               608 kB
Slab:              77520 kB
SReclaimable:      24780 kB
SUnreclaim:        52740 kB
KernelStack:       15424 kB
PageTables:        16832 kB
NFS_Unstable:          0 kB
Bounce:                0 kB
WritebackTmp:          0 kB
CommitLimit:     1450072 kB
Committed_AS:   24122424 kB
VmallocTotal:   251658176 kB
VmallocUsed:       96584 kB
VmallocChunk:   251482716 kB


[2024-11-19 18:12:23]
MemTotal:        1858332 kB
MemFree:           45676 kB
Buffers:             600 kB
Cached:           204280 kB
SwapCached:         9996 kB
Active:           973232 kB
Inactive:         353160 kB
Active(anon):     916360 kB
Inactive(anon):   305004 kB
Active(file):      56872 kB
Inactive(file):    48156 kB
Unevictable:       99496 kB
Mlocked:           94212 kB
SwapTotal:        520908 kB
SwapFree:         358456 kB
Dirty:                32 kB
Writeback:             0 kB
AnonPages:       1220076 kB
Mapped:           148028 kB
Shmem:               608 kB
Slab:              77520 kB
SReclaimable:      24780 kB
SUnreclaim:        52740 kB
KernelStack:       15424 kB
PageTables:        16832 kB
NFS_Unstable:          0 kB
Bounce:                0 kB
WritebackTmp:          0 kB
CommitLimit:     1450072 kB
Committed_AS:   24122268 kB
VmallocTotal:   251658176 kB
VmallocUsed:       96584 kB
VmallocChunk:   251482716 kB


[2024-11-19 18:12:25]
MemTotal:        1858332 kB
MemFree:           45408 kB
Buffers:             600 kB
Cached:           204280 kB
SwapCached:         9996 kB
Active:           973120 kB
Inactive:         353164 kB
Active(anon):     916248 kB
Inactive(anon):   305004 kB
Active(file):      56872 kB
Inactive(file):    48160 kB
Unevictable:       99496 kB
Mlocked:           94212 kB
SwapTotal:        520908 kB
SwapFree:         358456 kB
Dirty:                32 kB
Writeback:             0 kB
AnonPages:       1220068 kB
Mapped:           148028 kB
Shmem:               608 kB
Slab:              77520 kB
SReclaimable:      24780 kB
SUnreclaim:        52740 kB
KernelStack:       15424 kB
PageTables:        16832 kB
NFS_Unstable:          0 kB
Bounce:                0 kB
WritebackTmp:          0 kB
CommitLimit:     1450072 kB
Committed_AS:   24122392 kB
VmallocTotal:   251658176 kB
VmallocUsed:       96584 kB
VmallocChunk:   251482716 kB


[2024-11-19 18:12:27]
MemTotal:        1858332 kB
MemFree:           53008 kB
Buffers:             600 kB
Cached:           204280 kB
SwapCached:         9996 kB
Active:           967380 kB
Inactive:         353144 kB
Active(anon):     910484 kB
Inactive(anon):   305008 kB
Active(file):      56896 kB
Inactive(file):    48136 kB
Unevictable:       99496 kB
Mlocked:           94212 kB
SwapTotal:        520908 kB
SwapFree:         358460 kB
Dirty:                 0 kB
Writeback:             4 kB
AnonPages:       1214260 kB
Mapped:           147528 kB
Shmem:               608 kB
Slab:              77520 kB
SReclaimable:      24780 kB
SUnreclaim:        52740 kB
KernelStack:       15232 kB
PageTables:        16708 kB
NFS_Unstable:          0 kB
Bounce:                0 kB
WritebackTmp:          0 kB
CommitLimit:     1450072 kB
Committed_AS:   24002448 kB
VmallocTotal:   251658176 kB
VmallocUsed:       96584 kB
VmallocChunk:   251482716 kB


[2024-11-19 18:12:29]
MemTotal:        1858332 kB
MemFree:           53424 kB
Buffers:             600 kB
Cached:           204280 kB
SwapCached:         9996 kB
Active:           966708 kB
Inactive:         353144 kB
Active(anon):     909812 kB
Inactive(anon):   305008 kB
Active(file):      56896 kB
Inactive(file):    48136 kB
Unevictable:       99496 kB
Mlocked:           94212 kB
SwapTotal:        520908 kB
SwapFree:         358460 kB
Dirty:                 0 kB
Writeback:             0 kB
AnonPages:       1213456 kB
Mapped:           144876 kB
Shmem:               608 kB
Slab:              77520 kB
SReclaimable:      24780 kB
SUnreclaim:        52740 kB
KernelStack:       15200 kB
PageTables:        16640 kB
NFS_Unstable:          0 kB
Bounce:                0 kB
WritebackTmp:          0 kB
CommitLimit:     1450072 kB
Committed_AS:   24000812 kB
VmallocTotal:   251658176 kB
VmallocUsed:       96584 kB
VmallocChunk:   251482716 kB


[2024-11-19 18:12:31]
MemTotal:        1858332 kB
MemFree:           54112 kB
Buffers:             600 kB
Cached:           204276 kB
SwapCached:        10000 kB
Active:           966980 kB
Inactive:         353144 kB
Active(anon):     910084 kB
Inactive(anon):   305008 kB
Active(file):      56896 kB
Inactive(file):    48136 kB
Unevictable:       99496 kB
Mlocked:           94212 kB
SwapTotal:        520908 kB
SwapFree:         358484 kB
Dirty:                 0 kB
Writeback:             0 kB
AnonPages:       1213836 kB
Mapped:           144876 kB
Shmem:               608 kB
Slab:              77520 kB
SReclaimable:      24780 kB
SUnreclaim:        52740 kB
KernelStack:       15232 kB
PageTables:        16460 kB
NFS_Unstable:          0 kB
Bounce:                0 kB
WritebackTmp:          0 kB
CommitLimit:     1450072 kB
Committed_AS:   24000836 kB
VmallocTotal:   251658176 kB
VmallocUsed:       96572 kB
VmallocChunk:   251482716 kB


[2024-11-19 18:12:34]
MemTotal:        1858332 kB
MemFree:           53920 kB
Buffers:             600 kB
Cached:           204280 kB
SwapCached:        10000 kB
Active:           966940 kB
Inactive:         353164 kB
Active(anon):     910036 kB
Inactive(anon):   305036 kB
Active(file):      56904 kB
Inactive(file):    48128 kB
Unevictable:       99496 kB
Mlocked:           94212 kB
SwapTotal:        520908 kB
SwapFree:         358488 kB
Dirty:                 0 kB
Writeback:             0 kB
AnonPages:       1213696 kB
Mapped:           144804 kB
Shmem:               608 kB
Slab:              77520 kB
SReclaimable:      24780 kB
SUnreclaim:        52740 kB
KernelStack:       15200 kB
PageTables:        16512 kB
NFS_Unstable:          0 kB
Bounce:                0 kB
WritebackTmp:          0 kB
CommitLimit:     1450072 kB
Committed_AS:   24000736 kB
VmallocTotal:   251658176 kB
VmallocUsed:       96556 kB
VmallocChunk:   251482716 kB


[2024-11-19 18:12:36]
MemTotal:        1858332 kB
MemFree:           53636 kB
Buffers:             600 kB
Cached:           204280 kB
SwapCached:        10000 kB
Active:           967176 kB
Inactive:         353164 kB
Active(anon):     910272 kB
Inactive(anon):   305036 kB
Active(file):      56904 kB
Inactive(file):    48128 kB
Unevictable:       99496 kB
Mlocked:           94212 kB
SwapTotal:        520908 kB
SwapFree:         358488 kB
Dirty:                 0 kB
Writeback:             0 kB
AnonPages:       1213932 kB
Mapped:           144804 kB
Shmem:               608 kB
Slab:              77520 kB
SReclaimable:      24780 kB
SUnreclaim:        52740 kB
KernelStack:       15200 kB
PageTables:        16512 kB
NFS_Unstable:          0 kB
Bounce:                0 kB
WritebackTmp:          0 kB
CommitLimit:     1450072 kB
Committed_AS:   24000572 kB
VmallocTotal:   251658176 kB
VmallocUsed:       96556 kB
VmallocChunk:   251482716 kB


[2024-11-19 18:12:38]
MemTotal:        1858332 kB
MemFree:           53844 kB
Buffers:             600 kB
Cached:           204280 kB
SwapCached:        10000 kB
Active:           967092 kB
Inactive:         353164 kB
Active(anon):     910188 kB
Inactive(anon):   305036 kB
Active(file):      56904 kB
Inactive(file):    48128 kB
Unevictable:       99496 kB
Mlocked:           94212 kB
SwapTotal:        520908 kB
SwapFree:         358488 kB
Dirty:                 0 kB
Writeback:             0 kB
AnonPages:       1214048 kB
Mapped:           144804 kB
Shmem:               608 kB
Slab:              77520 kB
SReclaimable:      24780 kB
SUnreclaim:        52740 kB
KernelStack:       15168 kB
PageTables:        16512 kB
NFS_Unstable:          0 kB
Bounce:                0 kB
WritebackTmp:          0 kB
CommitLimit:     1450072 kB
Committed_AS:   24000672 kB
VmallocTotal:   251658176 kB
VmallocUsed:       96556 kB
VmallocChunk:   251482716 kB


[2024-11-19 18:12:40]
MemTotal:        1858332 kB
MemFree:           53448 kB
Buffers:             600 kB
Cached:           204280 kB
SwapCached:        10000 kB
Active:           967428 kB
Inactive:         353168 kB
Active(anon):     910524 kB
Inactive(anon):   305040 kB
Active(file):      56904 kB
Inactive(file):    48128 kB
Unevictable:       99496 kB
Mlocked:           94212 kB
SwapTotal:        520908 kB
SwapFree:         358492 kB
Dirty:                 0 kB
Writeback:             0 kB
AnonPages:       1214328 kB
Mapped:           144808 kB
Shmem:               608 kB
Slab:              77520 kB
SReclaimable:      24780 kB
SUnreclaim:        52740 kB
KernelStack:       15216 kB
PageTables:        16508 kB
NFS_Unstable:          0 kB
Bounce:                0 kB
WritebackTmp:          0 kB
CommitLimit:     1450072 kB
Committed_AS:   24000756 kB
VmallocTotal:   251658176 kB
VmallocUsed:       96556 kB
VmallocChunk:   251482716 kB


[2024-11-19 18:12:42]
MemTotal:        1858332 kB
MemFree:           53556 kB
Buffers:             600 kB
Cached:           204280 kB
SwapCached:        10000 kB
Active:           967368 kB
Inactive:         353168 kB
Active(anon):     910464 kB
Inactive(anon):   305040 kB
Active(file):      56904 kB
Inactive(file):    48128 kB
Unevictable:       99496 kB
Mlocked:           94212 kB
SwapTotal:        520908 kB
SwapFree:         358496 kB
Dirty:                 0 kB
Writeback:             0 kB
AnonPages:       1214140 kB
Mapped:           144804 kB
Shmem:               608 kB
Slab:              77520 kB
SReclaimable:      24780 kB
SUnreclaim:        52740 kB
KernelStack:       15168 kB
PageTables:        16512 kB
NFS_Unstable:          0 kB
Bounce:                0 kB
WritebackTmp:          0 kB
CommitLimit:     1450072 kB
Committed_AS:   24000728 kB
VmallocTotal:   251658176 kB
VmallocUsed:       96556 kB
VmallocChunk:   251482716 kB


[2024-11-19 18:12:44]
MemTotal:        1858332 kB
MemFree:           53408 kB
Buffers:             600 kB
Cached:           204280 kB
SwapCached:        10000 kB
Active:           967728 kB
Inactive:         353172 kB
Active(anon):     910824 kB
Inactive(anon):   305044 kB
Active(file):      56904 kB
Inactive(file):    48128 kB
Unevictable:       99496 kB
Mlocked:           94212 kB
SwapTotal:        520908 kB
SwapFree:         358496 kB
Dirty:                 0 kB
Writeback:             0 kB
AnonPages:       1214448 kB
Mapped:           144800 kB
Shmem:               608 kB
Slab:              77520 kB
SReclaimable:      24780 kB
SUnreclaim:        52740 kB
KernelStack:       15184 kB
PageTables:        16512 kB
NFS_Unstable:          0 kB
Bounce:                0 kB
WritebackTmp:          0 kB
CommitLimit:     1450072 kB
Committed_AS:   24000820 kB
VmallocTotal:   251658176 kB
VmallocUsed:       96556 kB
VmallocChunk:   251482716 kB


[2024-11-19 18:12:46]
MemTotal:        1858332 kB
MemFree:           59248 kB
Buffers:             600 kB
Cached:           204280 kB
SwapCached:        10000 kB
Active:           961420 kB
Inactive:         353172 kB
Active(anon):     904516 kB
Inactive(anon):   305044 kB
Active(file):      56904 kB
Inactive(file):    48128 kB
Unevictable:       99496 kB
Mlocked:           94212 kB
SwapTotal:        520908 kB
SwapFree:         358496 kB
Dirty:                 0 kB
Writeback:             0 kB
AnonPages:       1208204 kB
Mapped:           144788 kB
Shmem:               608 kB
Slab:              77520 kB
SReclaimable:      24780 kB
SUnreclaim:        52740 kB
KernelStack:       15184 kB
PageTables:        16512 kB
NFS_Unstable:          0 kB
Bounce:                0 kB
WritebackTmp:          0 kB
CommitLimit:     1450072 kB
Committed_AS:   24000844 kB
VmallocTotal:   251658176 kB
VmallocUsed:       96556 kB
VmallocChunk:   251482716 kB


[2024-11-19 18:12:48]
MemTotal:        1858332 kB
MemFree:           59060 kB
Buffers:             600 kB
Cached:           204280 kB
SwapCached:        10000 kB
Active:           961672 kB
Inactive:         353156 kB
Active(anon):     904768 kB
Inactive(anon):   305028 kB
Active(file):      56904 kB
Inactive(file):    48128 kB
Unevictable:       99496 kB
Mlocked:           94212 kB
SwapTotal:        520908 kB
SwapFree:         358504 kB
Dirty:                 0 kB
Writeback:             0 kB
AnonPages:       1208448 kB
Mapped:           144804 kB
Shmem:               608 kB
Slab:              77520 kB
SReclaimable:      24780 kB
SUnreclaim:        52740 kB
KernelStack:       15200 kB
PageTables:        16540 kB
NFS_Unstable:          0 kB
Bounce:                0 kB
WritebackTmp:          0 kB
CommitLimit:     1450072 kB
Committed_AS:   24000732 kB
VmallocTotal:   251658176 kB
VmallocUsed:       96556 kB
VmallocChunk:   251482716 kB


[2024-11-19 18:12:50]
MemTotal:        1858332 kB
MemFree:           59188 kB
Buffers:             600 kB
Cached:           204280 kB
SwapCached:        10000 kB
Active:           961532 kB
Inactive:         353156 kB
Active(anon):     904628 kB
Inactive(anon):   305028 kB
Active(file):      56904 kB
Inactive(file):    48128 kB
Unevictable:       99496 kB
Mlocked:           94212 kB
SwapTotal:        520908 kB
SwapFree:         358504 kB
Dirty:                 0 kB
Writeback:             0 kB
AnonPages:       1208324 kB
Mapped:           144804 kB
Shmem:               608 kB
Slab:              77520 kB
SReclaimable:      24780 kB
SUnreclaim:        52740 kB
KernelStack:       15184 kB
PageTables:        16512 kB
NFS_Unstable:          0 kB
Bounce:                0 kB
WritebackTmp:          0 kB
CommitLimit:     1450072 kB
Committed_AS:   24000764 kB
VmallocTotal:   251658176 kB
VmallocUsed:       96556 kB
VmallocChunk:   251482716 kB


