[2024-11-19 18:08:09]
MemTotal:        1858332 kB
MemFree:           53172 kB
Buffers:             556 kB
Cached:           211684 kB
SwapCached:        10044 kB
Active:           966784 kB
Inactive:         361936 kB
Active(anon):     911332 kB
Inactive(anon):   305008 kB
Active(file):      55452 kB
Inactive(file):    56928 kB
Unevictable:       99496 kB
Mlocked:           94212 kB
SwapTotal:        520908 kB
SwapFree:         361152 kB
Dirty:                 0 kB
Writeback:             0 kB
AnonPages:       1215028 kB
Mapped:           144488 kB
Shmem:               612 kB
Slab:              77684 kB
SReclaimable:      24740 kB
SUnreclaim:        52944 kB
KernelStack:       15152 kB
PageTables:        16636 kB
NFS_Unstable:          0 kB
Bounce:                0 kB
WritebackTmp:          0 kB
CommitLimit:     1450072 kB
Committed_AS:   24000684 kB
VmallocTotal:   251658176 kB
VmallocUsed:       96584 kB
VmallocChunk:   251482716 kB


[2024-11-19 18:08:09]
MemTotal:        1858332 kB
MemFree:           52576 kB
Buffers:             556 kB
Cached:           211684 kB
SwapCached:        10044 kB
Active:           966988 kB
Inactive:         361948 kB
Active(anon):     911536 kB
Inactive(anon):   305012 kB
Active(file):      55452 kB
Inactive(file):    56936 kB
Unevictable:       99496 kB
Mlocked:           94212 kB
SwapTotal:        520908 kB
SwapFree:         361152 kB
Dirty:                 0 kB
Writeback:             0 kB
AnonPages:       1215200 kB
Mapped:           144468 kB
Shmem:               612 kB
Slab:              77684 kB
SReclaimable:      24740 kB
SUnreclaim:        52944 kB
KernelStack:       15200 kB
PageTables:        16664 kB
NFS_Unstable:          0 kB
Bounce:                0 kB
WritebackTmp:          0 kB
CommitLimit:     1450072 kB
Committed_AS:   24000656 kB
VmallocTotal:   251658176 kB
VmallocUsed:       96584 kB
VmallocChunk:   251482716 kB


[2024-11-19 18:08:09]
MemTotal:        1858332 kB
MemFree:           52104 kB
Buffers:             556 kB
Cached:           211684 kB
SwapCached:        10044 kB
Active:           967124 kB
Inactive:         361948 kB
Active(anon):     911672 kB
Inactive(anon):   305012 kB
Active(file):      55452 kB
Inactive(file):    56936 kB
Unevictable:       99496 kB
Mlocked:           94212 kB
SwapTotal:        520908 kB
SwapFree:         361152 kB
Dirty:                 0 kB
Writeback:             0 kB
AnonPages:       1215276 kB
Mapped:           144468 kB
Shmem:               612 kB
Slab:              77684 kB
SReclaimable:      24740 kB
SUnreclaim:        52944 kB
KernelStack:       15216 kB
PageTables:        16664 kB
NFS_Unstable:          0 kB
Bounce:                0 kB
WritebackTmp:          0 kB
CommitLimit:     1450072 kB
Committed_AS:   24000632 kB
VmallocTotal:   251658176 kB
VmallocUsed:       96584 kB
VmallocChunk:   251482716 kB


[2024-11-19 18:08:09]
MemTotal:        1858332 kB
MemFree:           51708 kB
Buffers:             556 kB
Cached:           211684 kB
SwapCached:        10044 kB
Active:           967260 kB
Inactive:         361948 kB
Active(anon):     911808 kB
Inactive(anon):   305012 kB
Active(file):      55452 kB
Inactive(file):    56936 kB
Unevictable:       99496 kB
Mlocked:           94212 kB
SwapTotal:        520908 kB
SwapFree:         361152 kB
Dirty:                 0 kB
Writeback:             0 kB
AnonPages:       1215476 kB
Mapped:           144468 kB
Shmem:               612 kB
Slab:              77684 kB
SReclaimable:      24740 kB
SUnreclaim:        52944 kB
KernelStack:       15232 kB
PageTables:        16676 kB
NFS_Unstable:          0 kB
Bounce:                0 kB
WritebackTmp:          0 kB
CommitLimit:     1450072 kB
Committed_AS:   24000680 kB
VmallocTotal:   251658176 kB
VmallocUsed:       96584 kB
VmallocChunk:   251482716 kB


[2024-11-19 18:08:09]
MemTotal:        1858332 kB
MemFree:           51524 kB
Buffers:             556 kB
Cached:           211684 kB
SwapCached:        10044 kB
Active:           967304 kB
Inactive:         361948 kB
Active(anon):     911852 kB
Inactive(anon):   305012 kB
Active(file):      55452 kB
Inactive(file):    56936 kB
Unevictable:       99496 kB
Mlocked:           94212 kB
SwapTotal:        520908 kB
SwapFree:         361156 kB
Dirty:                 0 kB
Writeback:             0 kB
AnonPages:       1215680 kB
Mapped:           144468 kB
Shmem:               612 kB
Slab:              77684 kB
SReclaimable:      24740 kB
SUnreclaim:        52944 kB
KernelStack:       15200 kB
PageTables:        16664 kB
NFS_Unstable:          0 kB
Bounce:                0 kB
WritebackTmp:          0 kB
CommitLimit:     1450072 kB
Committed_AS:   24000780 kB
VmallocTotal:   251658176 kB
VmallocUsed:       96584 kB
VmallocChunk:   251482716 kB


[2024-11-19 18:08:09]
MemTotal:        1858332 kB
MemFree:           51684 kB
Buffers:             556 kB
Cached:           211684 kB
SwapCached:        10044 kB
Active:           967488 kB
Inactive:         361952 kB
Active(anon):     912036 kB
Inactive(anon):   305016 kB
Active(file):      55452 kB
Inactive(file):    56936 kB
Unevictable:       99496 kB
Mlocked:           94212 kB
SwapTotal:        520908 kB
SwapFree:         361156 kB
Dirty:                 0 kB
Writeback:             0 kB
AnonPages:       1215792 kB
Mapped:           144492 kB
Shmem:               612 kB
Slab:              77684 kB
SReclaimable:      24740 kB
SUnreclaim:        52944 kB
KernelStack:       15232 kB
PageTables:        16648 kB
NFS_Unstable:          0 kB
Bounce:                0 kB
WritebackTmp:          0 kB
CommitLimit:     1450072 kB
Committed_AS:   24000792 kB
VmallocTotal:   251658176 kB
VmallocUsed:       96584 kB
VmallocChunk:   251482716 kB


[2024-11-19 18:08:09]
MemTotal:        1858332 kB
MemFree:           51660 kB
Buffers:             556 kB
Cached:           211684 kB
SwapCached:        10044 kB
Active:           967632 kB
Inactive:         361956 kB
Active(anon):     912180 kB
Inactive(anon):   305020 kB
Active(file):      55452 kB
Inactive(file):    56936 kB
Unevictable:       99496 kB
Mlocked:           94212 kB
SwapTotal:        520908 kB
SwapFree:         361160 kB
Dirty:                 0 kB
Writeback:             0 kB
AnonPages:       1215824 kB
Mapped:           144468 kB
Shmem:               612 kB
Slab:              77684 kB
SReclaimable:      24740 kB
SUnreclaim:        52944 kB
KernelStack:       15200 kB
PageTables:        16664 kB
NFS_Unstable:          0 kB
Bounce:                0 kB
WritebackTmp:          0 kB
CommitLimit:     1450072 kB
Committed_AS:   24000692 kB
VmallocTotal:   251658176 kB
VmallocUsed:       96584 kB
VmallocChunk:   251482716 kB


[2024-11-19 18:08:09]
MemTotal:        1858332 kB
MemFree:           51596 kB
Buffers:             556 kB
Cached:           211684 kB
SwapCached:        10044 kB
Active:           967768 kB
Inactive:         361956 kB
Active(anon):     912316 kB
Inactive(anon):   305020 kB
Active(file):      55452 kB
Inactive(file):    56936 kB
Unevictable:       99496 kB
Mlocked:           94212 kB
SwapTotal:        520908 kB
SwapFree:         361160 kB
Dirty:                 0 kB
Writeback:             0 kB
AnonPages:       1215900 kB
Mapped:           144468 kB
Shmem:               612 kB
Slab:              77684 kB
SReclaimable:      24740 kB
SUnreclaim:        52944 kB
KernelStack:       15200 kB
PageTables:        16664 kB
NFS_Unstable:          0 kB
Bounce:                0 kB
WritebackTmp:          0 kB
CommitLimit:     1450072 kB
Committed_AS:   24000800 kB
VmallocTotal:   251658176 kB
VmallocUsed:       96584 kB
VmallocChunk:   251482716 kB


[2024-11-19 18:08:09]
MemTotal:        1858332 kB
MemFree:           51428 kB
Buffers:             556 kB
Cached:           211684 kB
SwapCached:        10044 kB
Active:           967768 kB
Inactive:         361956 kB
Active(anon):     912316 kB
Inactive(anon):   305020 kB
Active(file):      55452 kB
Inactive(file):    56936 kB
Unevictable:       99496 kB
Mlocked:           94212 kB
SwapTotal:        520908 kB
SwapFree:         361160 kB
Dirty:                 0 kB
Writeback:             0 kB
AnonPages:       1215956 kB
Mapped:           144468 kB
Shmem:               612 kB
Slab:              77684 kB
SReclaimable:      24740 kB
SUnreclaim:        52944 kB
KernelStack:       15216 kB
PageTables:        16696 kB
NFS_Unstable:          0 kB
Bounce:                0 kB
WritebackTmp:          0 kB
CommitLimit:     1450072 kB
Committed_AS:   24000820 kB
VmallocTotal:   251658176 kB
VmallocUsed:       96584 kB
VmallocChunk:   251482716 kB


[2024-11-19 18:08:09]
MemTotal:        1858332 kB
MemFree:           50988 kB
Buffers:             556 kB
Cached:           211684 kB
SwapCached:        10044 kB
Active:           968344 kB
Inactive:         361956 kB
Active(anon):     912892 kB
Inactive(anon):   305020 kB
Active(file):      55452 kB
Inactive(file):    56936 kB
Unevictable:       99496 kB
Mlocked:           94212 kB
SwapTotal:        520908 kB
SwapFree:         361160 kB
Dirty:                 0 kB
Writeback:             0 kB
AnonPages:       1216564 kB
Mapped:           144432 kB
Shmem:               612 kB
Slab:              77684 kB
SReclaimable:      24740 kB
SUnreclaim:        52944 kB
KernelStack:       15216 kB
PageTables:        16664 kB
NFS_Unstable:          0 kB
Bounce:                0 kB
WritebackTmp:          0 kB
CommitLimit:     1450072 kB
Committed_AS:   24000688 kB
VmallocTotal:   251658176 kB
VmallocUsed:       96584 kB
VmallocChunk:   251482716 kB


[2024-11-19 18:08:09]
MemTotal:        1858332 kB
MemFree:           43668 kB
Buffers:             556 kB
Cached:           212052 kB
SwapCached:        10044 kB
Active:           976832 kB
Inactive:         360808 kB
Active(anon):     919864 kB
Inactive(anon):   305016 kB
Active(file):      56968 kB
Inactive(file):    55792 kB
Unevictable:       99496 kB
Mlocked:           94212 kB
SwapTotal:        520908 kB
SwapFree:         361164 kB
Dirty:                 0 kB
Writeback:             0 kB
AnonPages:       1223456 kB
Mapped:           147464 kB
Shmem:               612 kB
Slab:              77684 kB
SReclaimable:      24740 kB
SUnreclaim:        52944 kB
KernelStack:       15184 kB
PageTables:        16832 kB
NFS_Unstable:          0 kB
Bounce:                0 kB
WritebackTmp:          0 kB
CommitLimit:     1450072 kB
Committed_AS:   24121872 kB
VmallocTotal:   251658176 kB
VmallocUsed:       96584 kB
VmallocChunk:   251482716 kB


[2024-11-19 18:08:11]
MemTotal:        1858332 kB
MemFree:           42380 kB
Buffers:             556 kB
Cached:           212156 kB
SwapCached:        10044 kB
Active:           978160 kB
Inactive:         360712 kB
Active(anon):     921008 kB
Inactive(anon):   305004 kB
Active(file):      57152 kB
Inactive(file):    55708 kB
Unevictable:       99496 kB
Mlocked:           94212 kB
SwapTotal:        520908 kB
SwapFree:         361164 kB
Dirty:                 0 kB
Writeback:             0 kB
AnonPages:       1224640 kB
Mapped:           147688 kB
Shmem:               612 kB
Slab:              77688 kB
SReclaimable:      24740 kB
SUnreclaim:        52948 kB
KernelStack:       15456 kB
PageTables:        16848 kB
NFS_Unstable:          0 kB
Bounce:                0 kB
WritebackTmp:          0 kB
CommitLimit:     1450072 kB
Committed_AS:   24130084 kB
VmallocTotal:   251658176 kB
VmallocUsed:       96584 kB
VmallocChunk:   251482716 kB


[2024-11-19 18:08:13]
MemTotal:        1858332 kB
MemFree:           42132 kB
Buffers:             556 kB
Cached:           212156 kB
SwapCached:        10044 kB
Active:           978180 kB
Inactive:         360712 kB
Active(anon):     921028 kB
Inactive(anon):   305004 kB
Active(file):      57152 kB
Inactive(file):    55708 kB
Unevictable:       99496 kB
Mlocked:           94212 kB
SwapTotal:        520908 kB
SwapFree:         361164 kB
Dirty:                 0 kB
Writeback:             0 kB
AnonPages:       1224672 kB
Mapped:           147704 kB
Shmem:               612 kB
Slab:              77688 kB
SReclaimable:      24740 kB
SUnreclaim:        52948 kB
KernelStack:       15392 kB
PageTables:        16836 kB
NFS_Unstable:          0 kB
Bounce:                0 kB
WritebackTmp:          0 kB
CommitLimit:     1450072 kB
Committed_AS:   24130060 kB
VmallocTotal:   251658176 kB
VmallocUsed:       96584 kB
VmallocChunk:   251482716 kB


[2024-11-19 18:08:15]
MemTotal:        1858332 kB
MemFree:           41676 kB
Buffers:             556 kB
Cached:           212156 kB
SwapCached:        10044 kB
Active:           978480 kB
Inactive:         360696 kB
Active(anon):     921312 kB
Inactive(anon):   305004 kB
Active(file):      57168 kB
Inactive(file):    55692 kB
Unevictable:       99496 kB
Mlocked:           94212 kB
SwapTotal:        520908 kB
SwapFree:         361164 kB
Dirty:                 0 kB
Writeback:             0 kB
AnonPages:       1224940 kB
Mapped:           147704 kB
Shmem:               612 kB
Slab:              77688 kB
SReclaimable:      24740 kB
SUnreclaim:        52948 kB
KernelStack:       15360 kB
PageTables:        16836 kB
NFS_Unstable:          0 kB
Bounce:                0 kB
WritebackTmp:          0 kB
CommitLimit:     1450072 kB
Committed_AS:   24130160 kB
VmallocTotal:   251658176 kB
VmallocUsed:       96584 kB
VmallocChunk:   251482716 kB


[2024-11-19 18:08:17]
MemTotal:        1858332 kB
MemFree:           41820 kB
Buffers:             556 kB
Cached:           212156 kB
SwapCached:        10044 kB
Active:           978500 kB
Inactive:         360696 kB
Active(anon):     921332 kB
Inactive(anon):   305004 kB
Active(file):      57168 kB
Inactive(file):    55692 kB
Unevictable:       99496 kB
Mlocked:           94212 kB
SwapTotal:        520908 kB
SwapFree:         361164 kB
Dirty:                 0 kB
Writeback:             0 kB
AnonPages:       1224992 kB
Mapped:           147708 kB
Shmem:               612 kB
Slab:              77688 kB
SReclaimable:      24740 kB
SUnreclaim:        52948 kB
KernelStack:       15360 kB
PageTables:        16836 kB
NFS_Unstable:          0 kB
Bounce:                0 kB
WritebackTmp:          0 kB
CommitLimit:     1450072 kB
Committed_AS:   24130100 kB
VmallocTotal:   251658176 kB
VmallocUsed:       96584 kB
VmallocChunk:   251482716 kB


[2024-11-19 18:08:19]
MemTotal:        1858332 kB
MemFree:           41324 kB
Buffers:             556 kB
Cached:           212156 kB
SwapCached:        10044 kB
Active:           978648 kB
Inactive:         360696 kB
Active(anon):     921480 kB
Inactive(anon):   305004 kB
Active(file):      57168 kB
Inactive(file):    55692 kB
Unevictable:       99496 kB
Mlocked:           94212 kB
SwapTotal:        520908 kB
SwapFree:         361164 kB
Dirty:                 0 kB
Writeback:             0 kB
AnonPages:       1225040 kB
Mapped:           147708 kB
Shmem:               612 kB
Slab:              77688 kB
SReclaimable:      24740 kB
SUnreclaim:        52948 kB
KernelStack:       15376 kB
PageTables:        16836 kB
NFS_Unstable:          0 kB
Bounce:                0 kB
WritebackTmp:          0 kB
CommitLimit:     1450072 kB
Committed_AS:   24130184 kB
VmallocTotal:   251658176 kB
VmallocUsed:       96584 kB
VmallocChunk:   251482716 kB


[2024-11-19 18:08:22]
MemTotal:        1858332 kB
MemFree:           41460 kB
Buffers:             556 kB
Cached:           212156 kB
SwapCached:        10044 kB
Active:           978812 kB
Inactive:         360696 kB
Active(anon):     921644 kB
Inactive(anon):   305004 kB
Active(file):      57168 kB
Inactive(file):    55692 kB
Unevictable:       99496 kB
Mlocked:           94212 kB
SwapTotal:        520908 kB
SwapFree:         361164 kB
Dirty:                 0 kB
Writeback:             0 kB
AnonPages:       1225416 kB
Mapped:           147524 kB
Shmem:               612 kB
Slab:              77688 kB
SReclaimable:      24740 kB
SUnreclaim:        52948 kB
KernelStack:       15376 kB
PageTables:        16836 kB
NFS_Unstable:          0 kB
Bounce:                0 kB
WritebackTmp:          0 kB
CommitLimit:     1450072 kB
Committed_AS:   24130176 kB
VmallocTotal:   251658176 kB
VmallocUsed:       96584 kB
VmallocChunk:   251482716 kB


[2024-11-19 18:08:24]
MemTotal:        1858332 kB
MemFree:           41348 kB
Buffers:             556 kB
Cached:           212156 kB
SwapCached:        10044 kB
Active:           979252 kB
Inactive:         360696 kB
Active(anon):     922084 kB
Inactive(anon):   305004 kB
Active(file):      57168 kB
Inactive(file):    55692 kB
Unevictable:       99496 kB
Mlocked:           94212 kB
SwapTotal:        520908 kB
SwapFree:         361164 kB
Dirty:                 0 kB
Writeback:             0 kB
AnonPages:       1225724 kB
Mapped:           147528 kB
Shmem:               612 kB
Slab:              77688 kB
SReclaimable:      24740 kB
SUnreclaim:        52948 kB
KernelStack:       15376 kB
PageTables:        16836 kB
NFS_Unstable:          0 kB
Bounce:                0 kB
WritebackTmp:          0 kB
CommitLimit:     1450072 kB
Committed_AS:   24130216 kB
VmallocTotal:   251658176 kB
VmallocUsed:       96584 kB
VmallocChunk:   251482716 kB


[2024-11-19 18:08:26]
MemTotal:        1858332 kB
MemFree:           41396 kB
Buffers:             556 kB
Cached:           212156 kB
SwapCached:        10044 kB
Active:           979100 kB
Inactive:         360688 kB
Active(anon):     921932 kB
Inactive(anon):   304996 kB
Active(file):      57168 kB
Inactive(file):    55692 kB
Unevictable:       99496 kB
Mlocked:           94212 kB
SwapTotal:        520908 kB
SwapFree:         361184 kB
Dirty:                 0 kB
Writeback:             0 kB
AnonPages:       1225516 kB
Mapped:           147712 kB
Shmem:               612 kB
Slab:              77688 kB
SReclaimable:      24740 kB
SUnreclaim:        52948 kB
KernelStack:       15376 kB
PageTables:        16836 kB
NFS_Unstable:          0 kB
Bounce:                0 kB
WritebackTmp:          0 kB
CommitLimit:     1450072 kB
Committed_AS:   24130060 kB
VmallocTotal:   251658176 kB
VmallocUsed:       96584 kB
VmallocChunk:   251482716 kB


[2024-11-19 18:08:28]
MemTotal:        1858332 kB
MemFree:           41344 kB
Buffers:             556 kB
Cached:           212156 kB
SwapCached:        10044 kB
Active:           979120 kB
Inactive:         360688 kB
Active(anon):     921952 kB
Inactive(anon):   304996 kB
Active(file):      57168 kB
Inactive(file):    55692 kB
Unevictable:       99496 kB
Mlocked:           94212 kB
SwapTotal:        520908 kB
SwapFree:         361184 kB
Dirty:                 0 kB
Writeback:             0 kB
AnonPages:       1225704 kB
Mapped:           147528 kB
Shmem:               612 kB
Slab:              77688 kB
SReclaimable:      24740 kB
SUnreclaim:        52948 kB
KernelStack:       15376 kB
PageTables:        16836 kB
NFS_Unstable:          0 kB
Bounce:                0 kB
WritebackTmp:          0 kB
CommitLimit:     1450072 kB
Committed_AS:   24130196 kB
VmallocTotal:   251658176 kB
VmallocUsed:       96584 kB
VmallocChunk:   251482716 kB


[2024-11-19 18:08:30]
MemTotal:        1858332 kB
MemFree:           40856 kB
Buffers:             556 kB
Cached:           212156 kB
SwapCached:        10044 kB
Active:           979360 kB
Inactive:         360688 kB
Active(anon):     922192 kB
Inactive(anon):   304996 kB
Active(file):      57168 kB
Inactive(file):    55692 kB
Unevictable:       99496 kB
Mlocked:           94212 kB
SwapTotal:        520908 kB
SwapFree:         361184 kB
Dirty:                 0 kB
Writeback:             0 kB
AnonPages:       1225672 kB
Mapped:           147712 kB
Shmem:               612 kB
Slab:              77688 kB
SReclaimable:      24740 kB
SUnreclaim:        52948 kB
KernelStack:       15376 kB
PageTables:        16836 kB
NFS_Unstable:          0 kB
Bounce:                0 kB
WritebackTmp:          0 kB
CommitLimit:     1450072 kB
Committed_AS:   24130140 kB
VmallocTotal:   251658176 kB
VmallocUsed:       96584 kB
VmallocChunk:   251482716 kB


[2024-11-19 18:08:32]
MemTotal:        1858332 kB
MemFree:           40656 kB
Buffers:             556 kB
Cached:           212156 kB
SwapCached:        10044 kB
Active:           979516 kB
Inactive:         360692 kB
Active(anon):     922348 kB
Inactive(anon):   305000 kB
Active(file):      57168 kB
Inactive(file):    55692 kB
Unevictable:       99496 kB
Mlocked:           94212 kB
SwapTotal:        520908 kB
SwapFree:         361188 kB
Dirty:                 0 kB
Writeback:             0 kB
AnonPages:       1225992 kB
Mapped:           147712 kB
Shmem:               612 kB
Slab:              77688 kB
SReclaimable:      24740 kB
SUnreclaim:        52948 kB
KernelStack:       15376 kB
PageTables:        16836 kB
NFS_Unstable:          0 kB
Bounce:                0 kB
WritebackTmp:          0 kB
CommitLimit:     1450072 kB
Committed_AS:   24130116 kB
VmallocTotal:   251658176 kB
VmallocUsed:       96584 kB
VmallocChunk:   251482716 kB


[2024-11-19 18:08:34]
MemTotal:        1858332 kB
MemFree:           40436 kB
Buffers:             556 kB
Cached:           212156 kB
SwapCached:        10044 kB
Active:           979820 kB
Inactive:         360692 kB
Active(anon):     922652 kB
Inactive(anon):   305000 kB
Active(file):      57168 kB
Inactive(file):    55692 kB
Unevictable:       99496 kB
Mlocked:           94212 kB
SwapTotal:        520908 kB
SwapFree:         361188 kB
Dirty:                 0 kB
Writeback:             0 kB
AnonPages:       1226268 kB
Mapped:           147712 kB
Shmem:               612 kB
Slab:              77688 kB
SReclaimable:      24740 kB
SUnreclaim:        52948 kB
KernelStack:       15376 kB
PageTables:        16836 kB
NFS_Unstable:          0 kB
Bounce:                0 kB
WritebackTmp:          0 kB
CommitLimit:     1450072 kB
Committed_AS:   24130280 kB
VmallocTotal:   251658176 kB
VmallocUsed:       96584 kB
VmallocChunk:   251482716 kB


[2024-11-19 18:08:37]
MemTotal:        1858332 kB
MemFree:           40496 kB
Buffers:             556 kB
Cached:           212156 kB
SwapCached:        10044 kB
Active:           979744 kB
Inactive:         360692 kB
Active(anon):     922576 kB
Inactive(anon):   305000 kB
Active(file):      57168 kB
Inactive(file):    55692 kB
Unevictable:       99496 kB
Mlocked:           94212 kB
SwapTotal:        520908 kB
SwapFree:         361188 kB
Dirty:                 0 kB
Writeback:             0 kB
AnonPages:       1226224 kB
Mapped:           147712 kB
Shmem:               612 kB
Slab:              77688 kB
SReclaimable:      24740 kB
SUnreclaim:        52948 kB
KernelStack:       15376 kB
PageTables:        16836 kB
NFS_Unstable:          0 kB
Bounce:                0 kB
WritebackTmp:          0 kB
CommitLimit:     1450072 kB
Committed_AS:   24130288 kB
VmallocTotal:   251658176 kB
VmallocUsed:       96584 kB
VmallocChunk:   251482716 kB


[2024-11-19 18:08:39]
MemTotal:        1858332 kB
MemFree:           40512 kB
Buffers:             556 kB
Cached:           212156 kB
SwapCached:        10044 kB
Active:           979868 kB
Inactive:         360692 kB
Active(anon):     922700 kB
Inactive(anon):   305000 kB
Active(file):      57168 kB
Inactive(file):    55692 kB
Unevictable:       99496 kB
Mlocked:           94212 kB
SwapTotal:        520908 kB
SwapFree:         361188 kB
Dirty:                 0 kB
Writeback:             0 kB
AnonPages:       1226472 kB
Mapped:           147528 kB
Shmem:               612 kB
Slab:              77688 kB
SReclaimable:      24740 kB
SUnreclaim:        52948 kB
KernelStack:       15376 kB
PageTables:        16836 kB
NFS_Unstable:          0 kB
Bounce:                0 kB
WritebackTmp:          0 kB
CommitLimit:     1450072 kB
Committed_AS:   24130176 kB
VmallocTotal:   251658176 kB
VmallocUsed:       96584 kB
VmallocChunk:   251482716 kB


[2024-11-19 18:08:41]
MemTotal:        1858332 kB
MemFree:           39892 kB
Buffers:             556 kB
Cached:           212156 kB
SwapCached:        10044 kB
Active:           980216 kB
Inactive:         360692 kB
Active(anon):     923048 kB
Inactive(anon):   305000 kB
Active(file):      57168 kB
Inactive(file):    55692 kB
Unevictable:       99496 kB
Mlocked:           94212 kB
SwapTotal:        520908 kB
SwapFree:         361188 kB
Dirty:                 0 kB
Writeback:             0 kB
AnonPages:       1226788 kB
Mapped:           147580 kB
Shmem:               612 kB
Slab:              77688 kB
SReclaimable:      24740 kB
SUnreclaim:        52948 kB
KernelStack:       15504 kB
PageTables:        16856 kB
NFS_Unstable:          0 kB
Bounce:                0 kB
WritebackTmp:          0 kB
CommitLimit:     1450072 kB
Committed_AS:   24130180 kB
VmallocTotal:   251658176 kB
VmallocUsed:       96584 kB
VmallocChunk:   251482716 kB


[2024-11-19 18:08:43]
MemTotal:        1858332 kB
MemFree:           40856 kB
Buffers:             556 kB
Cached:           212156 kB
SwapCached:        10060 kB
Active:           980248 kB
Inactive:         360712 kB
Active(anon):     923080 kB
Inactive(anon):   305020 kB
Active(file):      57168 kB
Inactive(file):    55692 kB
Unevictable:       99496 kB
Mlocked:           94212 kB
SwapTotal:        520908 kB
SwapFree:         361192 kB
Dirty:                 0 kB
Writeback:             0 kB
AnonPages:       1226968 kB
Mapped:           147528 kB
Shmem:               612 kB
Slab:              77428 kB
SReclaimable:      24588 kB
SUnreclaim:        52840 kB
KernelStack:       15376 kB
PageTables:        16836 kB
NFS_Unstable:          0 kB
Bounce:                0 kB
WritebackTmp:          0 kB
CommitLimit:     1450072 kB
Committed_AS:   24130068 kB
VmallocTotal:   251658176 kB
VmallocUsed:       96584 kB
VmallocChunk:   251482716 kB


[2024-11-19 18:08:46]
MemTotal:        1858332 kB
MemFree:           40600 kB
Buffers:             556 kB
Cached:           212156 kB
SwapCached:        10060 kB
Active:           980396 kB
Inactive:         360712 kB
Active(anon):     923228 kB
Inactive(anon):   305020 kB
Active(file):      57168 kB
Inactive(file):    55692 kB
Unevictable:       99496 kB
Mlocked:           94212 kB
SwapTotal:        520908 kB
SwapFree:         361192 kB
Dirty:                 0 kB
Writeback:             0 kB
AnonPages:       1226784 kB
Mapped:           147528 kB
Shmem:               612 kB
Slab:              77428 kB
SReclaimable:      24588 kB
SUnreclaim:        52840 kB
KernelStack:       15376 kB
PageTables:        16836 kB
NFS_Unstable:          0 kB
Bounce:                0 kB
WritebackTmp:          0 kB
CommitLimit:     1450072 kB
Committed_AS:   24130104 kB
VmallocTotal:   251658176 kB
VmallocUsed:       96584 kB
VmallocChunk:   251482716 kB


[2024-11-19 18:08:48]
MemTotal:        1858332 kB
MemFree:           40496 kB
Buffers:             556 kB
Cached:           212156 kB
SwapCached:        10060 kB
Active:           980356 kB
Inactive:         360716 kB
Active(anon):     923188 kB
Inactive(anon):   305024 kB
Active(file):      57168 kB
Inactive(file):    55692 kB
Unevictable:       99496 kB
Mlocked:           94212 kB
SwapTotal:        520908 kB
SwapFree:         361196 kB
Dirty:                 0 kB
Writeback:             0 kB
AnonPages:       1226996 kB
Mapped:           147528 kB
Shmem:               612 kB
Slab:              77428 kB
SReclaimable:      24588 kB
SUnreclaim:        52840 kB
KernelStack:       15392 kB
PageTables:        16848 kB
NFS_Unstable:          0 kB
Bounce:                0 kB
WritebackTmp:          0 kB
CommitLimit:     1450072 kB
Committed_AS:   24130108 kB
VmallocTotal:   251658176 kB
VmallocUsed:       96584 kB
VmallocChunk:   251482716 kB


[2024-11-19 18:08:50]
MemTotal:        1858332 kB
MemFree:           40656 kB
Buffers:             556 kB
Cached:           212156 kB
SwapCached:        10060 kB
Active:           980328 kB
Inactive:         360716 kB
Active(anon):     923160 kB
Inactive(anon):   305024 kB
Active(file):      57168 kB
Inactive(file):    55692 kB
Unevictable:       99496 kB
Mlocked:           94212 kB
SwapTotal:        520908 kB
SwapFree:         361196 kB
Dirty:                 0 kB
Writeback:             0 kB
AnonPages:       1227004 kB
Mapped:           147528 kB
Shmem:               612 kB
Slab:              77428 kB
SReclaimable:      24588 kB
SUnreclaim:        52840 kB
KernelStack:       15376 kB
PageTables:        16836 kB
NFS_Unstable:          0 kB
Bounce:                0 kB
WritebackTmp:          0 kB
CommitLimit:     1450072 kB
Committed_AS:   24129948 kB
VmallocTotal:   251658176 kB
VmallocUsed:       96584 kB
VmallocChunk:   251482716 kB


[2024-11-19 18:08:53]
MemTotal:        1858332 kB
MemFree:           40492 kB
Buffers:             556 kB
Cached:           212156 kB
SwapCached:        10060 kB
Active:           980736 kB
Inactive:         360716 kB
Active(anon):     923568 kB
Inactive(anon):   305024 kB
Active(file):      57168 kB
Inactive(file):    55692 kB
Unevictable:       99496 kB
Mlocked:           94212 kB
SwapTotal:        520908 kB
SwapFree:         361196 kB
Dirty:                 0 kB
Writeback:             0 kB
AnonPages:       1227188 kB
Mapped:           147528 kB
Shmem:               612 kB
Slab:              77412 kB
SReclaimable:      24588 kB
SUnreclaim:        52824 kB
KernelStack:       15376 kB
PageTables:        16836 kB
NFS_Unstable:          0 kB
Bounce:                0 kB
WritebackTmp:          0 kB
CommitLimit:     1450072 kB
Committed_AS:   24130004 kB
VmallocTotal:   251658176 kB
VmallocUsed:       96584 kB
VmallocChunk:   251482716 kB


[2024-11-19 18:08:55]
MemTotal:        1858332 kB
MemFree:           39492 kB
Buffers:             556 kB
Cached:           212156 kB
SwapCached:        10060 kB
Active:           981216 kB
Inactive:         360716 kB
Active(anon):     924048 kB
Inactive(anon):   305024 kB
Active(file):      57168 kB
Inactive(file):    55692 kB
Unevictable:       99496 kB
Mlocked:           94212 kB
SwapTotal:        520908 kB
SwapFree:         361196 kB
Dirty:                 0 kB
Writeback:             0 kB
AnonPages:       1227612 kB
Mapped:           147784 kB
Shmem:               612 kB
Slab:              77412 kB
SReclaimable:      24588 kB
SUnreclaim:        52824 kB
KernelStack:       15408 kB
PageTables:        16856 kB
NFS_Unstable:          0 kB
Bounce:                0 kB
WritebackTmp:          0 kB
CommitLimit:     1450072 kB
Committed_AS:   24130124 kB
VmallocTotal:   251658176 kB
VmallocUsed:       96584 kB
VmallocChunk:   251482716 kB


[2024-11-19 18:08:58]
MemTotal:        1858332 kB
MemFree:           46400 kB
Buffers:             556 kB
Cached:           212156 kB
SwapCached:        10060 kB
Active:           974496 kB
Inactive:         360720 kB
Active(anon):     917328 kB
Inactive(anon):   305028 kB
Active(file):      57168 kB
Inactive(file):    55692 kB
Unevictable:       99496 kB
Mlocked:           94212 kB
SwapTotal:        520908 kB
SwapFree:         361200 kB
Dirty:                 0 kB
Writeback:             0 kB
AnonPages:       1220980 kB
Mapped:           147548 kB
Shmem:               612 kB
Slab:              77412 kB
SReclaimable:      24588 kB
SUnreclaim:        52824 kB
KernelStack:       15376 kB
PageTables:        16836 kB
NFS_Unstable:          0 kB
Bounce:                0 kB
WritebackTmp:          0 kB
CommitLimit:     1450072 kB
Committed_AS:   24130012 kB
VmallocTotal:   251658176 kB
VmallocUsed:       96584 kB
VmallocChunk:   251482716 kB


[2024-11-19 18:09:00]
MemTotal:        1858332 kB
MemFree:           46180 kB
Buffers:             556 kB
Cached:           212156 kB
SwapCached:        10060 kB
Active:           974936 kB
Inactive:         360720 kB
Active(anon):     917768 kB
Inactive(anon):   305028 kB
Active(file):      57168 kB
Inactive(file):    55692 kB
Unevictable:       99496 kB
Mlocked:           94212 kB
SwapTotal:        520908 kB
SwapFree:         361200 kB
Dirty:                 0 kB
Writeback:             0 kB
AnonPages:       1221680 kB
Mapped:           147784 kB
Shmem:               612 kB
Slab:              77412 kB
SReclaimable:      24588 kB
SUnreclaim:        52824 kB
KernelStack:       15408 kB
PageTables:        16856 kB
NFS_Unstable:          0 kB
Bounce:                0 kB
WritebackTmp:          0 kB
CommitLimit:     1450072 kB
Committed_AS:   24130104 kB
VmallocTotal:   251658176 kB
VmallocUsed:       96584 kB
VmallocChunk:   251482716 kB


[2024-11-19 18:09:03]
MemTotal:        1858332 kB
MemFree:           45508 kB
Buffers:             556 kB
Cached:           212152 kB
SwapCached:        10064 kB
Active:           974740 kB
Inactive:         360720 kB
Active(anon):     917572 kB
Inactive(anon):   305028 kB
Active(file):      57168 kB
Inactive(file):    55692 kB
Unevictable:       99496 kB
Mlocked:           94212 kB
SwapTotal:        520908 kB
SwapFree:         361216 kB
Dirty:                 0 kB
Writeback:             0 kB
AnonPages:       1221324 kB
Mapped:           147732 kB
Shmem:               612 kB
Slab:              77412 kB
SReclaimable:      24588 kB
SUnreclaim:        52824 kB
KernelStack:       15376 kB
PageTables:        16836 kB
NFS_Unstable:          0 kB
Bounce:                0 kB
WritebackTmp:          0 kB
CommitLimit:     1450072 kB
Committed_AS:   24130032 kB
VmallocTotal:   251658176 kB
VmallocUsed:       96584 kB
VmallocChunk:   251482716 kB


[2024-11-19 18:09:05]
MemTotal:        1858332 kB
MemFree:           45516 kB
Buffers:             556 kB
Cached:           212156 kB
SwapCached:        10064 kB
Active:           974984 kB
Inactive:         360740 kB
Active(anon):     917816 kB
Inactive(anon):   305048 kB
Active(file):      57168 kB
Inactive(file):    55692 kB
Unevictable:       99496 kB
Mlocked:           94212 kB
SwapTotal:        520908 kB
SwapFree:         361216 kB
Dirty:                 0 kB
Writeback:             0 kB
AnonPages:       1221576 kB
Mapped:           147732 kB
Shmem:               612 kB
Slab:              77412 kB
SReclaimable:      24588 kB
SUnreclaim:        52824 kB
KernelStack:       15376 kB
PageTables:        16836 kB
NFS_Unstable:          0 kB
Bounce:                0 kB
WritebackTmp:          0 kB
CommitLimit:     1450072 kB
Committed_AS:   24130000 kB
VmallocTotal:   251658176 kB
VmallocUsed:       96584 kB
VmallocChunk:   251482716 kB


[2024-11-19 18:09:07]
MemTotal:        1858332 kB
MemFree:           45356 kB
Buffers:             556 kB
Cached:           212156 kB
SwapCached:        10064 kB
Active:           975080 kB
Inactive:         360740 kB
Active(anon):     917912 kB
Inactive(anon):   305048 kB
Active(file):      57168 kB
Inactive(file):    55692 kB
Unevictable:       99496 kB
Mlocked:           94212 kB
SwapTotal:        520908 kB
SwapFree:         361216 kB
Dirty:                 0 kB
Writeback:             0 kB
AnonPages:       1221720 kB
Mapped:           147732 kB
Shmem:               612 kB
Slab:              77412 kB
SReclaimable:      24588 kB
SUnreclaim:        52824 kB
KernelStack:       15376 kB
PageTables:        16836 kB
NFS_Unstable:          0 kB
Bounce:                0 kB
WritebackTmp:          0 kB
CommitLimit:     1450072 kB
Committed_AS:   24130004 kB
VmallocTotal:   251658176 kB
VmallocUsed:       96584 kB
VmallocChunk:   251482716 kB


[2024-11-19 18:09:09]
MemTotal:        1858332 kB
MemFree:           45236 kB
Buffers:             556 kB
Cached:           212156 kB
SwapCached:        10064 kB
Active:           975496 kB
Inactive:         360740 kB
Active(anon):     918328 kB
Inactive(anon):   305048 kB
Active(file):      57168 kB
Inactive(file):    55692 kB
Unevictable:       99496 kB
Mlocked:           94212 kB
SwapTotal:        520908 kB
SwapFree:         361216 kB
Dirty:                 0 kB
Writeback:             0 kB
AnonPages:       1222084 kB
Mapped:           147668 kB
Shmem:               612 kB
Slab:              77412 kB
SReclaimable:      24588 kB
SUnreclaim:        52824 kB
KernelStack:       15360 kB
PageTables:        16820 kB
NFS_Unstable:          0 kB
Bounce:                0 kB
WritebackTmp:          0 kB
CommitLimit:     1450072 kB
Committed_AS:   24130200 kB
VmallocTotal:   251658176 kB
VmallocUsed:       96584 kB
VmallocChunk:   251482716 kB


[2024-11-19 18:09:11]
MemTotal:        1858332 kB
MemFree:           44124 kB
Buffers:             556 kB
Cached:           212156 kB
SwapCached:        10064 kB
Active:           975756 kB
Inactive:         360740 kB
Active(anon):     918588 kB
Inactive(anon):   305048 kB
Active(file):      57168 kB
Inactive(file):    55692 kB
Unevictable:       99496 kB
Mlocked:           94212 kB
SwapTotal:        520908 kB
SwapFree:         361216 kB
Dirty:                 0 kB
Writeback:             0 kB
AnonPages:       1222248 kB
Mapped:           147732 kB
Shmem:               612 kB
Slab:              77412 kB
SReclaimable:      24588 kB
SUnreclaim:        52824 kB
KernelStack:       15376 kB
PageTables:        16836 kB
NFS_Unstable:          0 kB
Bounce:                0 kB
WritebackTmp:          0 kB
CommitLimit:     1450072 kB
Committed_AS:   24130264 kB
VmallocTotal:   251658176 kB
VmallocUsed:       96584 kB
VmallocChunk:   251482716 kB


[2024-11-19 18:09:13]
MemTotal:        1858332 kB
MemFree:           43940 kB
Buffers:             556 kB
Cached:           212156 kB
SwapCached:        10064 kB
Active:           975636 kB
Inactive:         360740 kB
Active(anon):     918468 kB
Inactive(anon):   305048 kB
Active(file):      57168 kB
Inactive(file):    55692 kB
Unevictable:       99496 kB
Mlocked:           94212 kB
SwapTotal:        520908 kB
SwapFree:         361216 kB
Dirty:                 0 kB
Writeback:             0 kB
AnonPages:       1222256 kB
Mapped:           147732 kB
Shmem:               612 kB
Slab:              77412 kB
SReclaimable:      24588 kB
SUnreclaim:        52824 kB
KernelStack:       15376 kB
PageTables:        16836 kB
NFS_Unstable:          0 kB
Bounce:                0 kB
WritebackTmp:          0 kB
CommitLimit:     1450072 kB
Committed_AS:   24130184 kB
VmallocTotal:   251658176 kB
VmallocUsed:       96584 kB
VmallocChunk:   251482716 kB


[2024-11-19 18:09:15]
MemTotal:        1858332 kB
MemFree:           44212 kB
Buffers:             556 kB
Cached:           212156 kB
SwapCached:        10064 kB
Active:           975860 kB
Inactive:         360740 kB
Active(anon):     918692 kB
Inactive(anon):   305048 kB
Active(file):      57168 kB
Inactive(file):    55692 kB
Unevictable:       99496 kB
Mlocked:           94212 kB
SwapTotal:        520908 kB
SwapFree:         361216 kB
Dirty:                 0 kB
Writeback:             0 kB
AnonPages:       1222316 kB
Mapped:           147732 kB
Shmem:               612 kB
Slab:              77412 kB
SReclaimable:      24588 kB
SUnreclaim:        52824 kB
KernelStack:       15376 kB
PageTables:        16836 kB
NFS_Unstable:          0 kB
Bounce:                0 kB
WritebackTmp:          0 kB
CommitLimit:     1450072 kB
Committed_AS:   24130072 kB
VmallocTotal:   251658176 kB
VmallocUsed:       96584 kB
VmallocChunk:   251482716 kB


[2024-11-19 18:09:17]
MemTotal:        1858332 kB
MemFree:           57664 kB
Buffers:             556 kB
Cached:           207012 kB
SwapCached:        10064 kB
Active:           964772 kB
Inactive:         358288 kB
Active(anon):     910220 kB
Inactive(anon):   305136 kB
Active(file):      54552 kB
Inactive(file):    53152 kB
Unevictable:       99496 kB
Mlocked:           94212 kB
SwapTotal:        520908 kB
SwapFree:         358508 kB
Dirty:                 0 kB
Writeback:             0 kB
AnonPages:       1214244 kB
Mapped:           147292 kB
Shmem:               612 kB
Slab:              77748 kB
SReclaimable:      24940 kB
SUnreclaim:        52808 kB
KernelStack:       15376 kB
PageTables:        16652 kB
NFS_Unstable:          0 kB
Bounce:                0 kB
WritebackTmp:          0 kB
CommitLimit:     1450072 kB
Committed_AS:   24002340 kB
VmallocTotal:   251658176 kB
VmallocUsed:       96584 kB
VmallocChunk:   251482716 kB


[2024-11-19 18:09:19]
MemTotal:        1858332 kB
MemFree:           58632 kB
Buffers:             556 kB
Cached:           207012 kB
SwapCached:        10064 kB
Active:           965248 kB
Inactive:         356808 kB
Active(anon):     909216 kB
Inactive(anon):   305136 kB
Active(file):      56032 kB
Inactive(file):    51672 kB
Unevictable:       99496 kB
Mlocked:           94212 kB
SwapTotal:        520908 kB
SwapFree:         358508 kB
Dirty:                 0 kB
Writeback:             0 kB
AnonPages:       1212948 kB
Mapped:           145004 kB
Shmem:               612 kB
Slab:              77748 kB
SReclaimable:      24940 kB
SUnreclaim:        52808 kB
KernelStack:       15168 kB
PageTables:        16628 kB
NFS_Unstable:          0 kB
Bounce:                0 kB
WritebackTmp:          0 kB
CommitLimit:     1450072 kB
Committed_AS:   24000796 kB
VmallocTotal:   251658176 kB
VmallocUsed:       96584 kB
VmallocChunk:   251482716 kB


[2024-11-19 18:09:21]
MemTotal:        1858332 kB
MemFree:           58524 kB
Buffers:             556 kB
Cached:           207012 kB
SwapCached:        10064 kB
Active:           965608 kB
Inactive:         356720 kB
Active(anon):     909488 kB
Inactive(anon):   305136 kB
Active(file):      56120 kB
Inactive(file):    51584 kB
Unevictable:       99496 kB
Mlocked:           94212 kB
SwapTotal:        520908 kB
SwapFree:         358508 kB
Dirty:                 0 kB
Writeback:             0 kB
AnonPages:       1213356 kB
Mapped:           145076 kB
Shmem:               612 kB
Slab:              77748 kB
SReclaimable:      24940 kB
SUnreclaim:        52808 kB
KernelStack:       15136 kB
PageTables:        16636 kB
NFS_Unstable:          0 kB
Bounce:                0 kB
WritebackTmp:          0 kB
CommitLimit:     1450072 kB
Committed_AS:   24000756 kB
VmallocTotal:   251658176 kB
VmallocUsed:       96584 kB
VmallocChunk:   251482716 kB


[2024-11-19 18:09:23]
MemTotal:        1858332 kB
MemFree:           53816 kB
Buffers:             556 kB
Cached:           213240 kB
SwapCached:        10068 kB
Active:           965984 kB
Inactive:         362856 kB
Active(anon):     909856 kB
Inactive(anon):   305152 kB
Active(file):      56128 kB
Inactive(file):    57704 kB
Unevictable:       99496 kB
Mlocked:           94212 kB
SwapTotal:        520908 kB
SwapFree:         358528 kB
Dirty:                 0 kB
Writeback:             0 kB
AnonPages:       1213780 kB
Mapped:           145068 kB
Shmem:               608 kB
Slab:              77748 kB
SReclaimable:      24940 kB
SUnreclaim:        52808 kB
KernelStack:       15184 kB
PageTables:        16516 kB
NFS_Unstable:          0 kB
Bounce:                0 kB
WritebackTmp:          0 kB
CommitLimit:     1450072 kB
Committed_AS:   24000828 kB
VmallocTotal:   251658176 kB
VmallocUsed:       96556 kB
VmallocChunk:   251482716 kB


[2024-11-19 18:09:25]
MemTotal:        1858332 kB
MemFree:           54344 kB
Buffers:             556 kB
Cached:           215892 kB
SwapCached:        10016 kB
Active:           966896 kB
Inactive:         364968 kB
Active(anon):     910768 kB
Inactive(anon):   304560 kB
Active(file):      56128 kB
Inactive(file):    60408 kB
Unevictable:       99496 kB
Mlocked:           94212 kB
SwapTotal:        520908 kB
SwapFree:         358368 kB
Dirty:                 0 kB
Writeback:             0 kB
AnonPages:       1213972 kB
Mapped:           145180 kB
Shmem:               608 kB
Slab:              77460 kB
SReclaimable:      24684 kB
SUnreclaim:        52776 kB
KernelStack:       15232 kB
PageTables:        16520 kB
NFS_Unstable:          0 kB
Bounce:                0 kB
WritebackTmp:          0 kB
CommitLimit:     1450072 kB
Committed_AS:   24000780 kB
VmallocTotal:   251658176 kB
VmallocUsed:       96556 kB
VmallocChunk:   251482716 kB


[2024-11-19 18:09:28]
MemTotal:        1858332 kB
MemFree:           53436 kB
Buffers:             556 kB
Cached:           215860 kB
SwapCached:        10016 kB
Active:           967132 kB
Inactive:         364836 kB
Active(anon):     910952 kB
Inactive(anon):   304448 kB
Active(file):      56180 kB
Inactive(file):    60388 kB
Unevictable:       99496 kB
Mlocked:           94212 kB
SwapTotal:        520908 kB
SwapFree:         358368 kB
Dirty:                 0 kB
Writeback:             0 kB
AnonPages:       1214092 kB
Mapped:           145204 kB
Shmem:               608 kB
Slab:              77348 kB
SReclaimable:      24572 kB
SUnreclaim:        52776 kB
KernelStack:       15248 kB
PageTables:        16520 kB
NFS_Unstable:          0 kB
Bounce:                0 kB
WritebackTmp:          0 kB
CommitLimit:     1450072 kB
Committed_AS:   24000700 kB
VmallocTotal:   251658176 kB
VmallocUsed:       96556 kB
VmallocChunk:   251482716 kB


[2024-11-19 18:09:30]
MemTotal:        1858332 kB
MemFree:           56348 kB
Buffers:             556 kB
Cached:           215860 kB
SwapCached:        10016 kB
Active:           964460 kB
Inactive:         364836 kB
Active(anon):     908280 kB
Inactive(anon):   304448 kB
Active(file):      56180 kB
Inactive(file):    60388 kB
Unevictable:       99496 kB
Mlocked:           94212 kB
SwapTotal:        520908 kB
SwapFree:         358372 kB
Dirty:                 0 kB
Writeback:             0 kB
AnonPages:       1211392 kB
Mapped:           145204 kB
Shmem:               608 kB
Slab:              77348 kB
SReclaimable:      24572 kB
SUnreclaim:        52776 kB
KernelStack:       15216 kB
PageTables:        16520 kB
NFS_Unstable:          0 kB
Bounce:                0 kB
WritebackTmp:          0 kB
CommitLimit:     1450072 kB
Committed_AS:   24000868 kB
VmallocTotal:   251658176 kB
VmallocUsed:       96556 kB
VmallocChunk:   251482716 kB


[2024-11-19 18:09:32]
MemTotal:        1858332 kB
MemFree:           55672 kB
Buffers:             556 kB
Cached:           215860 kB
SwapCached:        10016 kB
Active:           964636 kB
Inactive:         364836 kB
Active(anon):     908456 kB
Inactive(anon):   304448 kB
Active(file):      56180 kB
Inactive(file):    60388 kB
Unevictable:       99496 kB
Mlocked:           94212 kB
SwapTotal:        520908 kB
SwapFree:         358372 kB
Dirty:                 0 kB
Writeback:             0 kB
AnonPages:       1211632 kB
Mapped:           145204 kB
Shmem:               608 kB
Slab:              77348 kB
SReclaimable:      24572 kB
SUnreclaim:        52776 kB
KernelStack:       15184 kB
PageTables:        16516 kB
NFS_Unstable:          0 kB
Bounce:                0 kB
WritebackTmp:          0 kB
CommitLimit:     1450072 kB
Committed_AS:   24000628 kB
VmallocTotal:   251658176 kB
VmallocUsed:       96556 kB
VmallocChunk:   251482716 kB


[2024-11-19 18:09:34]
MemTotal:        1858332 kB
MemFree:           54596 kB
Buffers:             556 kB
Cached:           216996 kB
SwapCached:        10016 kB
Active:           964596 kB
Inactive:         365972 kB
Active(anon):     908416 kB
Inactive(anon):   304448 kB
Active(file):      56180 kB
Inactive(file):    61524 kB
Unevictable:       99496 kB
Mlocked:           94212 kB
SwapTotal:        520908 kB
SwapFree:         358372 kB
Dirty:                 0 kB
Writeback:             0 kB
AnonPages:       1211472 kB
Mapped:           145240 kB
Shmem:               608 kB
Slab:              77348 kB
SReclaimable:      24572 kB
SUnreclaim:        52776 kB
KernelStack:       15136 kB
PageTables:        16508 kB
NFS_Unstable:          0 kB
Bounce:                0 kB
WritebackTmp:          0 kB
CommitLimit:     1450072 kB
Committed_AS:   24000796 kB
VmallocTotal:   251658176 kB
VmallocUsed:       96556 kB
VmallocChunk:   251482716 kB


[2024-11-19 18:09:36]
MemTotal:        1858332 kB
MemFree:           54156 kB
Buffers:             556 kB
Cached:           216996 kB
SwapCached:        10016 kB
Active:           964988 kB
Inactive:         365972 kB
Active(anon):     908808 kB
Inactive(anon):   304448 kB
Active(file):      56180 kB
Inactive(file):    61524 kB
Unevictable:       99496 kB
Mlocked:           94212 kB
SwapTotal:        520908 kB
SwapFree:         358372 kB
Dirty:                 0 kB
Writeback:             0 kB
AnonPages:       1212020 kB
Mapped:           145260 kB
Shmem:               608 kB
Slab:              77348 kB
SReclaimable:      24572 kB
SUnreclaim:        52776 kB
KernelStack:       15136 kB
PageTables:        16508 kB
NFS_Unstable:          0 kB
Bounce:                0 kB
WritebackTmp:          0 kB
CommitLimit:     1450072 kB
Committed_AS:   24000808 kB
VmallocTotal:   251658176 kB
VmallocUsed:       96556 kB
VmallocChunk:   251482716 kB


[2024-11-19 18:09:38]
MemTotal:        1858332 kB
MemFree:           54492 kB
Buffers:             556 kB
Cached:           216996 kB
SwapCached:        10016 kB
Active:           965132 kB
Inactive:         365972 kB
Active(anon):     908952 kB
Inactive(anon):   304448 kB
Active(file):      56180 kB
Inactive(file):    61524 kB
Unevictable:       99496 kB
Mlocked:           94212 kB
SwapTotal:        520908 kB
SwapFree:         358372 kB
Dirty:                 0 kB
Writeback:             0 kB
AnonPages:       1212048 kB
Mapped:           145240 kB
Shmem:               608 kB
Slab:              77348 kB
SReclaimable:      24572 kB
SUnreclaim:        52776 kB
KernelStack:       15184 kB
PageTables:        16540 kB
NFS_Unstable:          0 kB
Bounce:                0 kB
WritebackTmp:          0 kB
CommitLimit:     1450072 kB
Committed_AS:   24000628 kB
VmallocTotal:   251658176 kB
VmallocUsed:       96556 kB
VmallocChunk:   251482716 kB


[2024-11-19 18:09:40]
MemTotal:        1858332 kB
MemFree:           54220 kB
Buffers:             556 kB
Cached:           216996 kB
SwapCached:        10016 kB
Active:           965108 kB
Inactive:         365972 kB
Active(anon):     908928 kB
Inactive(anon):   304448 kB
Active(file):      56180 kB
Inactive(file):    61524 kB
Unevictable:       99496 kB
Mlocked:           94212 kB
SwapTotal:        520908 kB
SwapFree:         358372 kB
Dirty:                 0 kB
Writeback:             0 kB
AnonPages:       1211980 kB
Mapped:           145240 kB
Shmem:               608 kB
Slab:              77348 kB
SReclaimable:      24572 kB
SUnreclaim:        52776 kB
KernelStack:       15136 kB
PageTables:        16508 kB
NFS_Unstable:          0 kB
Bounce:                0 kB
WritebackTmp:          0 kB
CommitLimit:     1450072 kB
Committed_AS:   24000640 kB
VmallocTotal:   251658176 kB
VmallocUsed:       96556 kB
VmallocChunk:   251482716 kB


