[2024-11-19 19:22:12]
MemTotal:        1858332 kB
MemFree:           54296 kB
Buffers:             636 kB
Cached:           202624 kB
SwapCached:        15220 kB
Active:           971308 kB
Inactive:         361392 kB
Active(anon):     919176 kB
Inactive(anon):   310080 kB
Active(file):      52132 kB
Inactive(file):    51312 kB
Unevictable:       99496 kB
Mlocked:           94212 kB
SwapTotal:        520908 kB
SwapFree:         357996 kB
Dirty:                 0 kB
Writeback:             0 kB
AnonPages:       1227860 kB
Mapped:           143204 kB
Shmem:               576 kB
Slab:              77280 kB
SReclaimable:      24412 kB
SUnreclaim:        52868 kB
KernelStack:       15040 kB
PageTables:        16468 kB
NFS_Unstable:          0 kB
Bounce:                0 kB
WritebackTmp:          0 kB
CommitLimit:     1450072 kB
Committed_AS:   23996548 kB
VmallocTotal:   251658176 kB
VmallocUsed:       96476 kB
VmallocChunk:   251482716 kB


[2024-11-19 19:22:12]
MemTotal:        1858332 kB
MemFree:           54524 kB
Buffers:             636 kB
Cached:           202624 kB
SwapCached:        15220 kB
Active:           971272 kB
Inactive:         361392 kB
Active(anon):     919140 kB
Inactive(anon):   310080 kB
Active(file):      52132 kB
Inactive(file):    51312 kB
Unevictable:       99496 kB
Mlocked:           94212 kB
SwapTotal:        520908 kB
SwapFree:         357996 kB
Dirty:                 0 kB
Writeback:             0 kB
AnonPages:       1227716 kB
Mapped:           143200 kB
Shmem:               576 kB
Slab:              77280 kB
SReclaimable:      24412 kB
SUnreclaim:        52868 kB
KernelStack:       15040 kB
PageTables:        16488 kB
NFS_Unstable:          0 kB
Bounce:                0 kB
WritebackTmp:          0 kB
CommitLimit:     1450072 kB
Committed_AS:   23996532 kB
VmallocTotal:   251658176 kB
VmallocUsed:       96476 kB
VmallocChunk:   251482716 kB


[2024-11-19 19:22:12]
MemTotal:        1858332 kB
MemFree:           54432 kB
Buffers:             636 kB
Cached:           202624 kB
SwapCached:        15220 kB
Active:           971388 kB
Inactive:         361392 kB
Active(anon):     919256 kB
Inactive(anon):   310080 kB
Active(file):      52132 kB
Inactive(file):    51312 kB
Unevictable:       99496 kB
Mlocked:           94212 kB
SwapTotal:        520908 kB
SwapFree:         357996 kB
Dirty:                 0 kB
Writeback:             0 kB
AnonPages:       1227772 kB
Mapped:           143184 kB
Shmem:               576 kB
Slab:              77280 kB
SReclaimable:      24412 kB
SUnreclaim:        52868 kB
KernelStack:       15040 kB
PageTables:        16520 kB
NFS_Unstable:          0 kB
Bounce:                0 kB
WritebackTmp:          0 kB
CommitLimit:     1450072 kB
Committed_AS:   23996664 kB
VmallocTotal:   251658176 kB
VmallocUsed:       96476 kB
VmallocChunk:   251482716 kB


[2024-11-19 19:22:12]
MemTotal:        1858332 kB
MemFree:           54220 kB
Buffers:             636 kB
Cached:           202624 kB
SwapCached:        15220 kB
Active:           971768 kB
Inactive:         361392 kB
Active(anon):     919636 kB
Inactive(anon):   310080 kB
Active(file):      52132 kB
Inactive(file):    51312 kB
Unevictable:       99496 kB
Mlocked:           94212 kB
SwapTotal:        520908 kB
SwapFree:         358020 kB
Dirty:                 0 kB
Writeback:             0 kB
AnonPages:       1228160 kB
Mapped:           143184 kB
Shmem:               576 kB
Slab:              77280 kB
SReclaimable:      24412 kB
SUnreclaim:        52868 kB
KernelStack:       15040 kB
PageTables:        16488 kB
NFS_Unstable:          0 kB
Bounce:                0 kB
WritebackTmp:          0 kB
CommitLimit:     1450072 kB
Committed_AS:   23996720 kB
VmallocTotal:   251658176 kB
VmallocUsed:       96476 kB
VmallocChunk:   251482716 kB


[2024-11-19 19:22:12]
MemTotal:        1858332 kB
MemFree:           53928 kB
Buffers:             636 kB
Cached:           202624 kB
SwapCached:        15220 kB
Active:           972020 kB
Inactive:         361392 kB
Active(anon):     919888 kB
Inactive(anon):   310080 kB
Active(file):      52132 kB
Inactive(file):    51312 kB
Unevictable:       99496 kB
Mlocked:           94212 kB
SwapTotal:        520908 kB
SwapFree:         358020 kB
Dirty:                 0 kB
Writeback:             0 kB
AnonPages:       1228536 kB
Mapped:           143184 kB
Shmem:               576 kB
Slab:              77280 kB
SReclaimable:      24412 kB
SUnreclaim:        52868 kB
KernelStack:       15056 kB
PageTables:        16488 kB
NFS_Unstable:          0 kB
Bounce:                0 kB
WritebackTmp:          0 kB
CommitLimit:     1450072 kB
Committed_AS:   23996584 kB
VmallocTotal:   251658176 kB
VmallocUsed:       96476 kB
VmallocChunk:   251482716 kB


[2024-11-19 19:22:12]
MemTotal:        1858332 kB
MemFree:           53960 kB
Buffers:             636 kB
Cached:           202624 kB
SwapCached:        15220 kB
Active:           972028 kB
Inactive:         361392 kB
Active(anon):     919896 kB
Inactive(anon):   310080 kB
Active(file):      52132 kB
Inactive(file):    51312 kB
Unevictable:       99496 kB
Mlocked:           94212 kB
SwapTotal:        520908 kB
SwapFree:         358020 kB
Dirty:                 0 kB
Writeback:             0 kB
AnonPages:       1228412 kB
Mapped:           143184 kB
Shmem:               576 kB
Slab:              77280 kB
SReclaimable:      24412 kB
SUnreclaim:        52868 kB
KernelStack:       15040 kB
PageTables:        16488 kB
NFS_Unstable:          0 kB
Bounce:                0 kB
WritebackTmp:          0 kB
CommitLimit:     1450072 kB
Committed_AS:   23996564 kB
VmallocTotal:   251658176 kB
VmallocUsed:       96476 kB
VmallocChunk:   251482716 kB


[2024-11-19 19:22:12]
MemTotal:        1858332 kB
MemFree:           54112 kB
Buffers:             636 kB
Cached:           202624 kB
SwapCached:        15220 kB
Active:           972028 kB
Inactive:         361392 kB
Active(anon):     919896 kB
Inactive(anon):   310080 kB
Active(file):      52132 kB
Inactive(file):    51312 kB
Unevictable:       99496 kB
Mlocked:           94212 kB
SwapTotal:        520908 kB
SwapFree:         358020 kB
Dirty:                 0 kB
Writeback:             0 kB
AnonPages:       1228416 kB
Mapped:           143184 kB
Shmem:               576 kB
Slab:              77280 kB
SReclaimable:      24412 kB
SUnreclaim:        52868 kB
KernelStack:       15024 kB
PageTables:        16488 kB
NFS_Unstable:          0 kB
Bounce:                0 kB
WritebackTmp:          0 kB
CommitLimit:     1450072 kB
Committed_AS:   23996640 kB
VmallocTotal:   251658176 kB
VmallocUsed:       96476 kB
VmallocChunk:   251482716 kB


[2024-11-19 19:22:12]
MemTotal:        1858332 kB
MemFree:           49876 kB
Buffers:             636 kB
Cached:           206044 kB
SwapCached:        15300 kB
Active:           972352 kB
Inactive:         364748 kB
Active(anon):     920220 kB
Inactive(anon):   310144 kB
Active(file):      52132 kB
Inactive(file):    54604 kB
Unevictable:       99496 kB
Mlocked:           94212 kB
SwapTotal:        520908 kB
SwapFree:         358028 kB
Dirty:                 0 kB
Writeback:             0 kB
AnonPages:       1228868 kB
Mapped:           143208 kB
Shmem:               576 kB
Slab:              77312 kB
SReclaimable:      24412 kB
SUnreclaim:        52900 kB
KernelStack:       15024 kB
PageTables:        16488 kB
NFS_Unstable:          0 kB
Bounce:                0 kB
WritebackTmp:          0 kB
CommitLimit:     1450072 kB
Committed_AS:   23996900 kB
VmallocTotal:   251658176 kB
VmallocUsed:       96476 kB
VmallocChunk:   251482716 kB


[2024-11-19 19:22:12]
MemTotal:        1858332 kB
MemFree:           48044 kB
Buffers:             636 kB
Cached:           207052 kB
SwapCached:        15300 kB
Active:           972920 kB
Inactive:         365888 kB
Active(anon):     920788 kB
Inactive(anon):   310200 kB
Active(file):      52132 kB
Inactive(file):    55688 kB
Unevictable:       99496 kB
Mlocked:           94212 kB
SwapTotal:        520908 kB
SwapFree:         358080 kB
Dirty:                 0 kB
Writeback:             0 kB
AnonPages:       1229404 kB
Mapped:           143332 kB
Shmem:               576 kB
Slab:              77400 kB
SReclaimable:      24412 kB
SUnreclaim:        52988 kB
KernelStack:       15040 kB
PageTables:        16544 kB
NFS_Unstable:          0 kB
Bounce:                0 kB
WritebackTmp:          0 kB
CommitLimit:     1450072 kB
Committed_AS:   23997028 kB
VmallocTotal:   251658176 kB
VmallocUsed:       96504 kB
VmallocChunk:   251482716 kB


[2024-11-19 19:22:12]
MemTotal:        1858332 kB
MemFree:           49092 kB
Buffers:             636 kB
Cached:           204508 kB
SwapCached:        15304 kB
Active:           976236 kB
Inactive:         361240 kB
Active(anon):     924104 kB
Inactive(anon):   308360 kB
Active(file):      52132 kB
Inactive(file):    52880 kB
Unevictable:       99496 kB
Mlocked:           94212 kB
SwapTotal:        520908 kB
SwapFree:         358052 kB
Dirty:                 0 kB
Writeback:             0 kB
AnonPages:       1231000 kB
Mapped:           145936 kB
Shmem:               576 kB
Slab:              77400 kB
SReclaimable:      24412 kB
SUnreclaim:        52988 kB
KernelStack:       15072 kB
PageTables:        16648 kB
NFS_Unstable:          0 kB
Bounce:                0 kB
WritebackTmp:          0 kB
CommitLimit:     1450072 kB
Committed_AS:   23998464 kB
VmallocTotal:   251658176 kB
VmallocUsed:       96504 kB
VmallocChunk:   251482716 kB


[2024-11-19 19:22:12]
MemTotal:        1858332 kB
MemFree:           42164 kB
Buffers:             636 kB
Cached:           204528 kB
SwapCached:        15304 kB
Active:           983600 kB
Inactive:         361360 kB
Active(anon):     931388 kB
Inactive(anon):   308224 kB
Active(file):      52212 kB
Inactive(file):    53136 kB
Unevictable:       99496 kB
Mlocked:           94212 kB
SwapTotal:        520908 kB
SwapFree:         358056 kB
Dirty:                 0 kB
Writeback:             0 kB
AnonPages:       1238176 kB
Mapped:           147392 kB
Shmem:               576 kB
Slab:              77304 kB
SReclaimable:      24316 kB
SUnreclaim:        52988 kB
KernelStack:       15264 kB
PageTables:        16828 kB
NFS_Unstable:          0 kB
Bounce:                0 kB
WritebackTmp:          0 kB
CommitLimit:     1450072 kB
Committed_AS:   24109964 kB
VmallocTotal:   251658176 kB
VmallocUsed:       96504 kB
VmallocChunk:   251482716 kB


[2024-11-19 19:22:14]
MemTotal:        1858332 kB
MemFree:           41788 kB
Buffers:             636 kB
Cached:           204560 kB
SwapCached:        15304 kB
Active:           983584 kB
Inactive:         361392 kB
Active(anon):     931372 kB
Inactive(anon):   308224 kB
Active(file):      52212 kB
Inactive(file):    53168 kB
Unevictable:       99496 kB
Mlocked:           94212 kB
SwapTotal:        520908 kB
SwapFree:         358056 kB
Dirty:                 0 kB
Writeback:             0 kB
AnonPages:       1238200 kB
Mapped:           147408 kB
Shmem:               576 kB
Slab:              77304 kB
SReclaimable:      24316 kB
SUnreclaim:        52988 kB
KernelStack:       15264 kB
PageTables:        16828 kB
NFS_Unstable:          0 kB
Bounce:                0 kB
WritebackTmp:          0 kB
CommitLimit:     1450072 kB
Committed_AS:   24118096 kB
VmallocTotal:   251658176 kB
VmallocUsed:       96504 kB
VmallocChunk:   251482716 kB


[2024-11-19 19:22:17]
MemTotal:        1858332 kB
MemFree:           41472 kB
Buffers:             636 kB
Cached:           204560 kB
SwapCached:        15304 kB
Active:           983892 kB
Inactive:         361392 kB
Active(anon):     931680 kB
Inactive(anon):   308224 kB
Active(file):      52212 kB
Inactive(file):    53168 kB
Unevictable:       99496 kB
Mlocked:           94212 kB
SwapTotal:        520908 kB
SwapFree:         358056 kB
Dirty:                 0 kB
Writeback:             0 kB
AnonPages:       1238412 kB
Mapped:           147424 kB
Shmem:               576 kB
Slab:              77304 kB
SReclaimable:      24316 kB
SUnreclaim:        52988 kB
KernelStack:       15264 kB
PageTables:        16828 kB
NFS_Unstable:          0 kB
Bounce:                0 kB
WritebackTmp:          0 kB
CommitLimit:     1450072 kB
Committed_AS:   24118112 kB
VmallocTotal:   251658176 kB
VmallocUsed:       96504 kB
VmallocChunk:   251482716 kB


[2024-11-19 19:22:19]
MemTotal:        1858332 kB
MemFree:           41404 kB
Buffers:             636 kB
Cached:           204560 kB
SwapCached:        15304 kB
Active:           983944 kB
Inactive:         361396 kB
Active(anon):     931732 kB
Inactive(anon):   308228 kB
Active(file):      52212 kB
Inactive(file):    53168 kB
Unevictable:       99496 kB
Mlocked:           94212 kB
SwapTotal:        520908 kB
SwapFree:         358060 kB
Dirty:                 0 kB
Writeback:             0 kB
AnonPages:       1238396 kB
Mapped:           147432 kB
Shmem:               576 kB
Slab:              77304 kB
SReclaimable:      24316 kB
SUnreclaim:        52988 kB
KernelStack:       15264 kB
PageTables:        16828 kB
NFS_Unstable:          0 kB
Bounce:                0 kB
WritebackTmp:          0 kB
CommitLimit:     1450072 kB
Committed_AS:   24110008 kB
VmallocTotal:   251658176 kB
VmallocUsed:       96504 kB
VmallocChunk:   251482716 kB


[2024-11-19 19:22:21]
MemTotal:        1858332 kB
MemFree:           40660 kB
Buffers:             636 kB
Cached:           204560 kB
SwapCached:        15304 kB
Active:           984332 kB
Inactive:         361396 kB
Active(anon):     932120 kB
Inactive(anon):   308228 kB
Active(file):      52212 kB
Inactive(file):    53168 kB
Unevictable:       99496 kB
Mlocked:           94212 kB
SwapTotal:        520908 kB
SwapFree:         358060 kB
Dirty:                 0 kB
Writeback:             0 kB
AnonPages:       1238740 kB
Mapped:           147300 kB
Shmem:               576 kB
Slab:              77304 kB
SReclaimable:      24316 kB
SUnreclaim:        52988 kB
KernelStack:       15296 kB
PageTables:        16852 kB
NFS_Unstable:          0 kB
Bounce:                0 kB
WritebackTmp:          0 kB
CommitLimit:     1450072 kB
Committed_AS:   24109892 kB
VmallocTotal:   251658176 kB
VmallocUsed:       96504 kB
VmallocChunk:   251482716 kB


[2024-11-19 19:22:23]
MemTotal:        1858332 kB
MemFree:           40928 kB
Buffers:             636 kB
Cached:           204652 kB
SwapCached:        15304 kB
Active:           984108 kB
Inactive:         361488 kB
Active(anon):     931896 kB
Inactive(anon):   308228 kB
Active(file):      52212 kB
Inactive(file):    53260 kB
Unevictable:       99496 kB
Mlocked:           94212 kB
SwapTotal:        520908 kB
SwapFree:         358060 kB
Dirty:                 0 kB
Writeback:             0 kB
AnonPages:       1238544 kB
Mapped:           147436 kB
Shmem:               576 kB
Slab:              77304 kB
SReclaimable:      24316 kB
SUnreclaim:        52988 kB
KernelStack:       15264 kB
PageTables:        16828 kB
NFS_Unstable:          0 kB
Bounce:                0 kB
WritebackTmp:          0 kB
CommitLimit:     1450072 kB
Committed_AS:   24118076 kB
VmallocTotal:   251658176 kB
VmallocUsed:       96504 kB
VmallocChunk:   251482716 kB


[2024-11-19 19:22:25]
MemTotal:        1858332 kB
MemFree:           40660 kB
Buffers:             636 kB
Cached:           204652 kB
SwapCached:        15304 kB
Active:           984500 kB
Inactive:         361488 kB
Active(anon):     932288 kB
Inactive(anon):   308228 kB
Active(file):      52212 kB
Inactive(file):    53260 kB
Unevictable:       99496 kB
Mlocked:           94212 kB
SwapTotal:        520908 kB
SwapFree:         358060 kB
Dirty:                 0 kB
Writeback:             0 kB
AnonPages:       1239000 kB
Mapped:           147436 kB
Shmem:               576 kB
Slab:              77304 kB
SReclaimable:      24316 kB
SUnreclaim:        52988 kB
KernelStack:       15264 kB
PageTables:        16828 kB
NFS_Unstable:          0 kB
Bounce:                0 kB
WritebackTmp:          0 kB
CommitLimit:     1450072 kB
Committed_AS:   24109888 kB
VmallocTotal:   251658176 kB
VmallocUsed:       96504 kB
VmallocChunk:   251482716 kB


[2024-11-19 19:22:28]
MemTotal:        1858332 kB
MemFree:           40548 kB
Buffers:             636 kB
Cached:           204652 kB
SwapCached:        15304 kB
Active:           984504 kB
Inactive:         361488 kB
Active(anon):     932292 kB
Inactive(anon):   308228 kB
Active(file):      52212 kB
Inactive(file):    53260 kB
Unevictable:       99496 kB
Mlocked:           94212 kB
SwapTotal:        520908 kB
SwapFree:         358060 kB
Dirty:                 0 kB
Writeback:             0 kB
AnonPages:       1238996 kB
Mapped:           147436 kB
Shmem:               576 kB
Slab:              77304 kB
SReclaimable:      24316 kB
SUnreclaim:        52988 kB
KernelStack:       15264 kB
PageTables:        16828 kB
NFS_Unstable:          0 kB
Bounce:                0 kB
WritebackTmp:          0 kB
CommitLimit:     1450072 kB
Committed_AS:   24118088 kB
VmallocTotal:   251658176 kB
VmallocUsed:       96504 kB
VmallocChunk:   251482716 kB


[2024-11-19 19:22:30]
MemTotal:        1858332 kB
MemFree:           40312 kB
Buffers:             636 kB
Cached:           204652 kB
SwapCached:        15304 kB
Active:           984500 kB
Inactive:         361488 kB
Active(anon):     932288 kB
Inactive(anon):   308228 kB
Active(file):      52212 kB
Inactive(file):    53260 kB
Unevictable:       99496 kB
Mlocked:           94212 kB
SwapTotal:        520908 kB
SwapFree:         358060 kB
Dirty:                 0 kB
Writeback:             0 kB
AnonPages:       1239000 kB
Mapped:           147436 kB
Shmem:               576 kB
Slab:              77304 kB
SReclaimable:      24316 kB
SUnreclaim:        52988 kB
KernelStack:       15264 kB
PageTables:        16828 kB
NFS_Unstable:          0 kB
Bounce:                0 kB
WritebackTmp:          0 kB
CommitLimit:     1450072 kB
Committed_AS:   24118136 kB
VmallocTotal:   251658176 kB
VmallocUsed:       96504 kB
VmallocChunk:   251482716 kB


[2024-11-19 19:22:32]
MemTotal:        1858332 kB
MemFree:           40212 kB
Buffers:             636 kB
Cached:           204652 kB
SwapCached:        15304 kB
Active:           984616 kB
Inactive:         361492 kB
Active(anon):     932404 kB
Inactive(anon):   308232 kB
Active(file):      52212 kB
Inactive(file):    53260 kB
Unevictable:       99496 kB
Mlocked:           94212 kB
SwapTotal:        520908 kB
SwapFree:         358104 kB
Dirty:                 0 kB
Writeback:             0 kB
AnonPages:       1239156 kB
Mapped:           147436 kB
Shmem:               576 kB
Slab:              77304 kB
SReclaimable:      24316 kB
SUnreclaim:        52988 kB
KernelStack:       15264 kB
PageTables:        16828 kB
NFS_Unstable:          0 kB
Bounce:                0 kB
WritebackTmp:          0 kB
CommitLimit:     1450072 kB
Committed_AS:   24118016 kB
VmallocTotal:   251658176 kB
VmallocUsed:       96504 kB
VmallocChunk:   251482716 kB


[2024-11-19 19:22:34]
MemTotal:        1858332 kB
MemFree:           40368 kB
Buffers:             636 kB
Cached:           204652 kB
SwapCached:        15304 kB
Active:           984576 kB
Inactive:         361492 kB
Active(anon):     932364 kB
Inactive(anon):   308232 kB
Active(file):      52212 kB
Inactive(file):    53260 kB
Unevictable:       99496 kB
Mlocked:           94212 kB
SwapTotal:        520908 kB
SwapFree:         358104 kB
Dirty:                 0 kB
Writeback:             0 kB
AnonPages:       1239144 kB
Mapped:           147452 kB
Shmem:               576 kB
Slab:              77304 kB
SReclaimable:      24316 kB
SUnreclaim:        52988 kB
KernelStack:       15392 kB
PageTables:        16844 kB
NFS_Unstable:          0 kB
Bounce:                0 kB
WritebackTmp:          0 kB
CommitLimit:     1450072 kB
Committed_AS:   24118136 kB
VmallocTotal:   251658176 kB
VmallocUsed:       96504 kB
VmallocChunk:   251482716 kB


[2024-11-19 19:22:36]
MemTotal:        1858332 kB
MemFree:           39932 kB
Buffers:             636 kB
Cached:           204652 kB
SwapCached:        15304 kB
Active:           985180 kB
Inactive:         361492 kB
Active(anon):     932968 kB
Inactive(anon):   308232 kB
Active(file):      52212 kB
Inactive(file):    53260 kB
Unevictable:       99496 kB
Mlocked:           94212 kB
SwapTotal:        520908 kB
SwapFree:         358104 kB
Dirty:                 0 kB
Writeback:             0 kB
AnonPages:       1239688 kB
Mapped:           147436 kB
Shmem:               576 kB
Slab:              77304 kB
SReclaimable:      24316 kB
SUnreclaim:        52988 kB
KernelStack:       15264 kB
PageTables:        16828 kB
NFS_Unstable:          0 kB
Bounce:                0 kB
WritebackTmp:          0 kB
CommitLimit:     1450072 kB
Committed_AS:   24118036 kB
VmallocTotal:   251658176 kB
VmallocUsed:       96504 kB
VmallocChunk:   251482716 kB


[2024-11-19 19:22:38]
MemTotal:        1858332 kB
MemFree:           40416 kB
Buffers:             636 kB
Cached:           204652 kB
SwapCached:        15304 kB
Active:           984996 kB
Inactive:         361496 kB
Active(anon):     932784 kB
Inactive(anon):   308236 kB
Active(file):      52212 kB
Inactive(file):    53260 kB
Unevictable:       99496 kB
Mlocked:           94212 kB
SwapTotal:        520908 kB
SwapFree:         358108 kB
Dirty:                 0 kB
Writeback:             0 kB
AnonPages:       1239652 kB
Mapped:           147252 kB
Shmem:               576 kB
Slab:              77304 kB
SReclaimable:      24316 kB
SUnreclaim:        52988 kB
KernelStack:       15264 kB
PageTables:        16828 kB
NFS_Unstable:          0 kB
Bounce:                0 kB
WritebackTmp:          0 kB
CommitLimit:     1450072 kB
Committed_AS:   24118016 kB
VmallocTotal:   251658176 kB
VmallocUsed:       96504 kB
VmallocChunk:   251482716 kB


[2024-11-19 19:22:41]
MemTotal:        1858332 kB
MemFree:           41156 kB
Buffers:             636 kB
Cached:           204652 kB
SwapCached:        15272 kB
Active:           985192 kB
Inactive:         361516 kB
Active(anon):     932980 kB
Inactive(anon):   308256 kB
Active(file):      52212 kB
Inactive(file):    53260 kB
Unevictable:       99496 kB
Mlocked:           94212 kB
SwapTotal:        520908 kB
SwapFree:         358172 kB
Dirty:                 0 kB
Writeback:             0 kB
AnonPages:       1239768 kB
Mapped:           147436 kB
Shmem:               576 kB
Slab:              77192 kB
SReclaimable:      24204 kB
SUnreclaim:        52988 kB
KernelStack:       15264 kB
PageTables:        16828 kB
NFS_Unstable:          0 kB
Bounce:                0 kB
WritebackTmp:          0 kB
CommitLimit:     1450072 kB
Committed_AS:   24118004 kB
VmallocTotal:   251658176 kB
VmallocUsed:       96504 kB
VmallocChunk:   251482716 kB


[2024-11-19 19:22:43]
MemTotal:        1858332 kB
MemFree:           40368 kB
Buffers:             636 kB
Cached:           204652 kB
SwapCached:        15272 kB
Active:           985400 kB
Inactive:         361516 kB
Active(anon):     933188 kB
Inactive(anon):   308256 kB
Active(file):      52212 kB
Inactive(file):    53260 kB
Unevictable:       99496 kB
Mlocked:           94212 kB
SwapTotal:        520908 kB
SwapFree:         358172 kB
Dirty:                 0 kB
Writeback:             0 kB
AnonPages:       1239860 kB
Mapped:           147304 kB
Shmem:               576 kB
Slab:              77184 kB
SReclaimable:      24204 kB
SUnreclaim:        52980 kB
KernelStack:       15296 kB
PageTables:        16852 kB
NFS_Unstable:          0 kB
Bounce:                0 kB
WritebackTmp:          0 kB
CommitLimit:     1450072 kB
Committed_AS:   24117900 kB
VmallocTotal:   251658176 kB
VmallocUsed:       96504 kB
VmallocChunk:   251482716 kB


[2024-11-19 19:22:45]
MemTotal:        1858332 kB
MemFree:           40392 kB
Buffers:             636 kB
Cached:           204652 kB
SwapCached:        15272 kB
Active:           985428 kB
Inactive:         361516 kB
Active(anon):     933216 kB
Inactive(anon):   308256 kB
Active(file):      52212 kB
Inactive(file):    53260 kB
Unevictable:       99496 kB
Mlocked:           94212 kB
SwapTotal:        520908 kB
SwapFree:         358172 kB
Dirty:                 0 kB
Writeback:             0 kB
AnonPages:       1240024 kB
Mapped:           147436 kB
Shmem:               576 kB
Slab:              77184 kB
SReclaimable:      24204 kB
SUnreclaim:        52980 kB
KernelStack:       15264 kB
PageTables:        16828 kB
NFS_Unstable:          0 kB
Bounce:                0 kB
WritebackTmp:          0 kB
CommitLimit:     1450072 kB
Committed_AS:   24117912 kB
VmallocTotal:   251658176 kB
VmallocUsed:       96504 kB
VmallocChunk:   251482716 kB


[2024-11-19 19:22:48]
MemTotal:        1858332 kB
MemFree:           39932 kB
Buffers:             636 kB
Cached:           204652 kB
SwapCached:        15272 kB
Active:           985448 kB
Inactive:         361516 kB
Active(anon):     933236 kB
Inactive(anon):   308256 kB
Active(file):      52212 kB
Inactive(file):    53260 kB
Unevictable:       99496 kB
Mlocked:           94212 kB
SwapTotal:        520908 kB
SwapFree:         358172 kB
Dirty:                 0 kB
Writeback:             0 kB
AnonPages:       1240208 kB
Mapped:           147436 kB
Shmem:               576 kB
Slab:              77184 kB
SReclaimable:      24204 kB
SUnreclaim:        52980 kB
KernelStack:       15264 kB
PageTables:        16828 kB
NFS_Unstable:          0 kB
Bounce:                0 kB
WritebackTmp:          0 kB
CommitLimit:     1450072 kB
Committed_AS:   24118100 kB
VmallocTotal:   251658176 kB
VmallocUsed:       96504 kB
VmallocChunk:   251482716 kB


[2024-11-19 19:22:50]
MemTotal:        1858332 kB
MemFree:           39728 kB
Buffers:             636 kB
Cached:           204652 kB
SwapCached:        15272 kB
Active:           986092 kB
Inactive:         361516 kB
Active(anon):     933880 kB
Inactive(anon):   308256 kB
Active(file):      52212 kB
Inactive(file):    53260 kB
Unevictable:       99496 kB
Mlocked:           94212 kB
SwapTotal:        520908 kB
SwapFree:         358172 kB
Dirty:                 0 kB
Writeback:             0 kB
AnonPages:       1240708 kB
Mapped:           147488 kB
Shmem:               576 kB
Slab:              77184 kB
SReclaimable:      24204 kB
SUnreclaim:        52980 kB
KernelStack:       15296 kB
PageTables:        16848 kB
NFS_Unstable:          0 kB
Bounce:                0 kB
WritebackTmp:          0 kB
CommitLimit:     1450072 kB
Committed_AS:   24118052 kB
VmallocTotal:   251658176 kB
VmallocUsed:       96504 kB
VmallocChunk:   251482716 kB


[2024-11-19 19:22:52]
MemTotal:        1858332 kB
MemFree:           45596 kB
Buffers:             636 kB
Cached:           204660 kB
SwapCached:        15272 kB
Active:           979680 kB
Inactive:         361524 kB
Active(anon):     927468 kB
Inactive(anon):   308264 kB
Active(file):      52212 kB
Inactive(file):    53260 kB
Unevictable:       99496 kB
Mlocked:           94212 kB
SwapTotal:        520908 kB
SwapFree:         358192 kB
Dirty:                 0 kB
Writeback:             0 kB
AnonPages:       1234312 kB
Mapped:           147436 kB
Shmem:               576 kB
Slab:              77184 kB
SReclaimable:      24204 kB
SUnreclaim:        52980 kB
KernelStack:       15264 kB
PageTables:        16828 kB
NFS_Unstable:          0 kB
Bounce:                0 kB
WritebackTmp:          0 kB
CommitLimit:     1450072 kB
Committed_AS:   24117932 kB
VmallocTotal:   251658176 kB
VmallocUsed:       96504 kB
VmallocChunk:   251482716 kB


[2024-11-19 19:22:55]
MemTotal:        1858332 kB
MemFree:           46056 kB
Buffers:             636 kB
Cached:           204652 kB
SwapCached:        15272 kB
Active:           979984 kB
Inactive:         361516 kB
Active(anon):     927772 kB
Inactive(anon):   308256 kB
Active(file):      52212 kB
Inactive(file):    53260 kB
Unevictable:       99496 kB
Mlocked:           94212 kB
SwapTotal:        520908 kB
SwapFree:         358192 kB
Dirty:                 0 kB
Writeback:             0 kB
AnonPages:       1234592 kB
Mapped:           147444 kB
Shmem:               576 kB
Slab:              77184 kB
SReclaimable:      24204 kB
SUnreclaim:        52980 kB
KernelStack:       15296 kB
PageTables:        16856 kB
NFS_Unstable:          0 kB
Bounce:                0 kB
WritebackTmp:          0 kB
CommitLimit:     1450072 kB
Committed_AS:   24118040 kB
VmallocTotal:   251658176 kB
VmallocUsed:       96504 kB
VmallocChunk:   251482716 kB


[2024-11-19 19:22:58]
MemTotal:        1858332 kB
MemFree:           45968 kB
Buffers:             636 kB
Cached:           204652 kB
SwapCached:        15268 kB
Active:           979920 kB
Inactive:         361520 kB
Active(anon):     927708 kB
Inactive(anon):   308260 kB
Active(file):      52212 kB
Inactive(file):    53260 kB
Unevictable:       99496 kB
Mlocked:           94212 kB
SwapTotal:        520908 kB
SwapFree:         358200 kB
Dirty:                 0 kB
Writeback:             0 kB
AnonPages:       1234608 kB
Mapped:           147256 kB
Shmem:               576 kB
Slab:              77184 kB
SReclaimable:      24204 kB
SUnreclaim:        52980 kB
KernelStack:       15264 kB
PageTables:        16828 kB
NFS_Unstable:          0 kB
Bounce:                0 kB
WritebackTmp:          0 kB
CommitLimit:     1450072 kB
Committed_AS:   24118036 kB
VmallocTotal:   251658176 kB
VmallocUsed:       96504 kB
VmallocChunk:   251482716 kB


[2024-11-19 19:23:00]
MemTotal:        1858332 kB
MemFree:           46044 kB
Buffers:             636 kB
Cached:           204652 kB
SwapCached:        15268 kB
Active:           980056 kB
Inactive:         361520 kB
Active(anon):     927844 kB
Inactive(anon):   308260 kB
Active(file):      52212 kB
Inactive(file):    53260 kB
Unevictable:       99496 kB
Mlocked:           94212 kB
SwapTotal:        520908 kB
SwapFree:         358200 kB
Dirty:                 0 kB
Writeback:             0 kB
AnonPages:       1234792 kB
Mapped:           147476 kB
Shmem:               576 kB
Slab:              77184 kB
SReclaimable:      24204 kB
SUnreclaim:        52980 kB
KernelStack:       15296 kB
PageTables:        16856 kB
NFS_Unstable:          0 kB
Bounce:                0 kB
WritebackTmp:          0 kB
CommitLimit:     1450072 kB
Committed_AS:   24118108 kB
VmallocTotal:   251658176 kB
VmallocUsed:       96504 kB
VmallocChunk:   251482716 kB


[2024-11-19 19:23:03]
MemTotal:        1858332 kB
MemFree:           45568 kB
Buffers:             636 kB
Cached:           204652 kB
SwapCached:        15268 kB
Active:           980304 kB
Inactive:         361520 kB
Active(anon):     928092 kB
Inactive(anon):   308260 kB
Active(file):      52212 kB
Inactive(file):    53260 kB
Unevictable:       99496 kB
Mlocked:           94212 kB
SwapTotal:        520908 kB
SwapFree:         358200 kB
Dirty:                 0 kB
Writeback:             0 kB
AnonPages:       1234780 kB
Mapped:           147440 kB
Shmem:               576 kB
Slab:              77184 kB
SReclaimable:      24204 kB
SUnreclaim:        52980 kB
KernelStack:       15264 kB
PageTables:        16828 kB
NFS_Unstable:          0 kB
Bounce:                0 kB
WritebackTmp:          0 kB
CommitLimit:     1450072 kB
Committed_AS:   24118024 kB
VmallocTotal:   251658176 kB
VmallocUsed:       96504 kB
VmallocChunk:   251482716 kB


[2024-11-19 19:23:05]
MemTotal:        1858332 kB
MemFree:           45104 kB
Buffers:             636 kB
Cached:           204652 kB
SwapCached:        15268 kB
Active:           980744 kB
Inactive:         361520 kB
Active(anon):     928532 kB
Inactive(anon):   308260 kB
Active(file):      52212 kB
Inactive(file):    53260 kB
Unevictable:       99496 kB
Mlocked:           94212 kB
SwapTotal:        520908 kB
SwapFree:         358200 kB
Dirty:                 0 kB
Writeback:             0 kB
AnonPages:       1235224 kB
Mapped:           147460 kB
Shmem:               576 kB
Slab:              77184 kB
SReclaimable:      24204 kB
SUnreclaim:        52980 kB
KernelStack:       15296 kB
PageTables:        16864 kB
NFS_Unstable:          0 kB
Bounce:                0 kB
WritebackTmp:          0 kB
CommitLimit:     1450072 kB
Committed_AS:   24118028 kB
VmallocTotal:   251658176 kB
VmallocUsed:       96504 kB
VmallocChunk:   251482716 kB


[2024-11-19 19:23:08]
MemTotal:        1858332 kB
MemFree:           45048 kB
Buffers:             636 kB
Cached:           204652 kB
SwapCached:        15268 kB
Active:           980600 kB
Inactive:         361520 kB
Active(anon):     928388 kB
Inactive(anon):   308260 kB
Active(file):      52212 kB
Inactive(file):    53260 kB
Unevictable:       99496 kB
Mlocked:           94212 kB
SwapTotal:        520908 kB
SwapFree:         358200 kB
Dirty:                 0 kB
Writeback:             0 kB
AnonPages:       1235244 kB
Mapped:           147440 kB
Shmem:               576 kB
Slab:              77184 kB
SReclaimable:      24204 kB
SUnreclaim:        52980 kB
KernelStack:       15264 kB
PageTables:        16828 kB
NFS_Unstable:          0 kB
Bounce:                0 kB
WritebackTmp:          0 kB
CommitLimit:     1450072 kB
Committed_AS:   24118036 kB
VmallocTotal:   251658176 kB
VmallocUsed:       96504 kB
VmallocChunk:   251482716 kB


[2024-11-19 19:23:10]
MemTotal:        1858332 kB
MemFree:           45124 kB
Buffers:             636 kB
Cached:           204652 kB
SwapCached:        15268 kB
Active:           981012 kB
Inactive:         361520 kB
Active(anon):     928800 kB
Inactive(anon):   308260 kB
Active(file):      52212 kB
Inactive(file):    53260 kB
Unevictable:       99496 kB
Mlocked:           94212 kB
SwapTotal:        520908 kB
SwapFree:         358200 kB
Dirty:                 0 kB
Writeback:             0 kB
AnonPages:       1235776 kB
Mapped:           147492 kB
Shmem:               576 kB
Slab:              77184 kB
SReclaimable:      24204 kB
SUnreclaim:        52980 kB
KernelStack:       15296 kB
PageTables:        16852 kB
NFS_Unstable:          0 kB
Bounce:                0 kB
WritebackTmp:          0 kB
CommitLimit:     1450072 kB
Committed_AS:   24117980 kB
VmallocTotal:   251658176 kB
VmallocUsed:       96504 kB
VmallocChunk:   251482716 kB


[2024-11-19 19:23:13]
MemTotal:        1858332 kB
MemFree:           44564 kB
Buffers:             636 kB
Cached:           204652 kB
SwapCached:        15268 kB
Active:           981072 kB
Inactive:         361524 kB
Active(anon):     928860 kB
Inactive(anon):   308264 kB
Active(file):      52212 kB
Inactive(file):    53260 kB
Unevictable:       99496 kB
Mlocked:           94212 kB
SwapTotal:        520908 kB
SwapFree:         358204 kB
Dirty:                 0 kB
Writeback:             0 kB
AnonPages:       1235556 kB
Mapped:           147440 kB
Shmem:               576 kB
Slab:              77184 kB
SReclaimable:      24204 kB
SUnreclaim:        52980 kB
KernelStack:       15328 kB
PageTables:        16828 kB
NFS_Unstable:          0 kB
Bounce:                0 kB
WritebackTmp:          0 kB
CommitLimit:     1450072 kB
Committed_AS:   24117932 kB
VmallocTotal:   251658176 kB
VmallocUsed:       96504 kB
VmallocChunk:   251482716 kB


[2024-11-19 19:23:15]
MemTotal:        1858332 kB
MemFree:           44336 kB
Buffers:             636 kB
Cached:           204652 kB
SwapCached:        15268 kB
Active:           981336 kB
Inactive:         361524 kB
Active(anon):     929124 kB
Inactive(anon):   308264 kB
Active(file):      52212 kB
Inactive(file):    53260 kB
Unevictable:       99496 kB
Mlocked:           94212 kB
SwapTotal:        520908 kB
SwapFree:         358204 kB
Dirty:                 0 kB
Writeback:             0 kB
AnonPages:       1236012 kB
Mapped:           147440 kB
Shmem:               576 kB
Slab:              77184 kB
SReclaimable:      24204 kB
SUnreclaim:        52980 kB
KernelStack:       15264 kB
PageTables:        16828 kB
NFS_Unstable:          0 kB
Bounce:                0 kB
WritebackTmp:          0 kB
CommitLimit:     1450072 kB
Committed_AS:   24117920 kB
VmallocTotal:   251658176 kB
VmallocUsed:       96504 kB
VmallocChunk:   251482716 kB


[2024-11-19 19:23:17]
MemTotal:        1858332 kB
MemFree:           50400 kB
Buffers:             636 kB
Cached:           204652 kB
SwapCached:        15268 kB
Active:           978904 kB
Inactive:         357680 kB
Active(anon):     922848 kB
Inactive(anon):   308264 kB
Active(file):      56056 kB
Inactive(file):    49416 kB
Unevictable:       99496 kB
Mlocked:           94212 kB
SwapTotal:        520908 kB
SwapFree:         358216 kB
Dirty:                 0 kB
Writeback:             0 kB
AnonPages:       1229980 kB
Mapped:           146152 kB
Shmem:               576 kB
Slab:              77184 kB
SReclaimable:      24204 kB
SUnreclaim:        52980 kB
KernelStack:       15264 kB
PageTables:        16644 kB
NFS_Unstable:          0 kB
Bounce:                0 kB
WritebackTmp:          0 kB
CommitLimit:     1450072 kB
Committed_AS:   23998420 kB
VmallocTotal:   251658176 kB
VmallocUsed:       96504 kB
VmallocChunk:   251482716 kB


[2024-11-19 19:23:19]
MemTotal:        1858332 kB
MemFree:           52096 kB
Buffers:             636 kB
Cached:           204652 kB
SwapCached:        15268 kB
Active:           978156 kB
Inactive:         357568 kB
Active(anon):     921988 kB
Inactive(anon):   308264 kB
Active(file):      56168 kB
Inactive(file):    49304 kB
Unevictable:       99496 kB
Mlocked:           94212 kB
SwapTotal:        520908 kB
SwapFree:         358216 kB
Dirty:                 0 kB
Writeback:             0 kB
AnonPages:       1228824 kB
Mapped:           143244 kB
Shmem:               576 kB
Slab:              77168 kB
SReclaimable:      24204 kB
SUnreclaim:        52964 kB
KernelStack:       15040 kB
PageTables:        16620 kB
NFS_Unstable:          0 kB
Bounce:                0 kB
WritebackTmp:          0 kB
CommitLimit:     1450072 kB
Committed_AS:   23996896 kB
VmallocTotal:   251658176 kB
VmallocUsed:       96504 kB
VmallocChunk:   251482716 kB


[2024-11-19 19:23:21]
MemTotal:        1858332 kB
MemFree:           51812 kB
Buffers:             636 kB
Cached:           204652 kB
SwapCached:        15268 kB
Active:           978656 kB
Inactive:         357568 kB
Active(anon):     922488 kB
Inactive(anon):   308264 kB
Active(file):      56168 kB
Inactive(file):    49304 kB
Unevictable:       99496 kB
Mlocked:           94212 kB
SwapTotal:        520908 kB
SwapFree:         358216 kB
Dirty:                 0 kB
Writeback:             0 kB
AnonPages:       1229196 kB
Mapped:           143356 kB
Shmem:               576 kB
Slab:              77168 kB
SReclaimable:      24204 kB
SUnreclaim:        52964 kB
KernelStack:       15056 kB
PageTables:        16664 kB
NFS_Unstable:          0 kB
Bounce:                0 kB
WritebackTmp:          0 kB
CommitLimit:     1450072 kB
Committed_AS:   23996768 kB
VmallocTotal:   251658176 kB
VmallocUsed:       96504 kB
VmallocChunk:   251482716 kB


[2024-11-19 19:23:23]
MemTotal:        1858332 kB
MemFree:           51568 kB
Buffers:             636 kB
Cached:           204652 kB
SwapCached:        15268 kB
Active:           978940 kB
Inactive:         357568 kB
Active(anon):     922772 kB
Inactive(anon):   308264 kB
Active(file):      56168 kB
Inactive(file):    49304 kB
Unevictable:       99496 kB
Mlocked:           94212 kB
SwapTotal:        520908 kB
SwapFree:         358216 kB
Dirty:                 0 kB
Writeback:             0 kB
AnonPages:       1229412 kB
Mapped:           143396 kB
Shmem:               576 kB
Slab:              77168 kB
SReclaimable:      24204 kB
SUnreclaim:        52964 kB
KernelStack:       15056 kB
PageTables:        16664 kB
NFS_Unstable:          0 kB
Bounce:                0 kB
WritebackTmp:          0 kB
CommitLimit:     1450072 kB
Committed_AS:   23996776 kB
VmallocTotal:   251658176 kB
VmallocUsed:       96504 kB
VmallocChunk:   251482716 kB


[2024-11-19 19:23:25]
MemTotal:        1858332 kB
MemFree:           52004 kB
Buffers:             636 kB
Cached:           204652 kB
SwapCached:        15268 kB
Active:           979032 kB
Inactive:         357588 kB
Active(anon):     922864 kB
Inactive(anon):   308284 kB
Active(file):      56168 kB
Inactive(file):    49304 kB
Unevictable:       99496 kB
Mlocked:           94212 kB
SwapTotal:        520908 kB
SwapFree:         358280 kB
Dirty:                 0 kB
Writeback:             0 kB
AnonPages:       1229768 kB
Mapped:           143308 kB
Shmem:               576 kB
Slab:              77168 kB
SReclaimable:      24204 kB
SUnreclaim:        52964 kB
KernelStack:       15072 kB
PageTables:        16528 kB
NFS_Unstable:          0 kB
Bounce:                0 kB
WritebackTmp:          0 kB
CommitLimit:     1450072 kB
Committed_AS:   23996940 kB
VmallocTotal:   251658176 kB
VmallocUsed:       96476 kB
VmallocChunk:   251482716 kB


[2024-11-19 19:23:27]
MemTotal:        1858332 kB
MemFree:           51740 kB
Buffers:             636 kB
Cached:           204652 kB
SwapCached:        15268 kB
Active:           979032 kB
Inactive:         357588 kB
Active(anon):     922864 kB
Inactive(anon):   308284 kB
Active(file):      56168 kB
Inactive(file):    49304 kB
Unevictable:       99496 kB
Mlocked:           94212 kB
SwapTotal:        520908 kB
SwapFree:         358280 kB
Dirty:                 0 kB
Writeback:             0 kB
AnonPages:       1229560 kB
Mapped:           143308 kB
Shmem:               576 kB
Slab:              77168 kB
SReclaimable:      24204 kB
SUnreclaim:        52964 kB
KernelStack:       15040 kB
PageTables:        16492 kB
NFS_Unstable:          0 kB
Bounce:                0 kB
WritebackTmp:          0 kB
CommitLimit:     1450072 kB
Committed_AS:   23996796 kB
VmallocTotal:   251658176 kB
VmallocUsed:       96476 kB
VmallocChunk:   251482716 kB


[2024-11-19 19:23:29]
MemTotal:        1858332 kB
MemFree:           51968 kB
Buffers:             636 kB
Cached:           204652 kB
SwapCached:        15268 kB
Active:           979256 kB
Inactive:         357588 kB
Active(anon):     923088 kB
Inactive(anon):   308284 kB
Active(file):      56168 kB
Inactive(file):    49304 kB
Unevictable:       99496 kB
Mlocked:           94212 kB
SwapTotal:        520908 kB
SwapFree:         358280 kB
Dirty:                 0 kB
Writeback:             0 kB
AnonPages:       1229792 kB
Mapped:           143288 kB
Shmem:               576 kB
Slab:              77168 kB
SReclaimable:      24204 kB
SUnreclaim:        52964 kB
KernelStack:       15056 kB
PageTables:        16492 kB
NFS_Unstable:          0 kB
Bounce:                0 kB
WritebackTmp:          0 kB
CommitLimit:     1450072 kB
Committed_AS:   23996804 kB
VmallocTotal:   251658176 kB
VmallocUsed:       96476 kB
VmallocChunk:   251482716 kB


[2024-11-19 19:23:31]
MemTotal:        1858332 kB
MemFree:           52008 kB
Buffers:             636 kB
Cached:           204652 kB
SwapCached:        15268 kB
Active:           979216 kB
Inactive:         357588 kB
Active(anon):     923048 kB
Inactive(anon):   308284 kB
Active(file):      56168 kB
Inactive(file):    49304 kB
Unevictable:       99496 kB
Mlocked:           94212 kB
SwapTotal:        520908 kB
SwapFree:         358280 kB
Dirty:                 0 kB
Writeback:             0 kB
AnonPages:       1229744 kB
Mapped:           143308 kB
Shmem:               576 kB
Slab:              77168 kB
SReclaimable:      24204 kB
SUnreclaim:        52964 kB
KernelStack:       15056 kB
PageTables:        16492 kB
NFS_Unstable:          0 kB
Bounce:                0 kB
WritebackTmp:          0 kB
CommitLimit:     1450072 kB
Committed_AS:   23996812 kB
VmallocTotal:   251658176 kB
VmallocUsed:       96476 kB
VmallocChunk:   251482716 kB


[2024-11-19 19:23:34]
MemTotal:        1858332 kB
MemFree:           52168 kB
Buffers:             636 kB
Cached:           204652 kB
SwapCached:        15268 kB
Active:           979216 kB
Inactive:         357588 kB
Active(anon):     923048 kB
Inactive(anon):   308284 kB
Active(file):      56168 kB
Inactive(file):    49304 kB
Unevictable:       99496 kB
Mlocked:           94212 kB
SwapTotal:        520908 kB
SwapFree:         358280 kB
Dirty:                 0 kB
Writeback:             0 kB
AnonPages:       1229816 kB
Mapped:           143308 kB
Shmem:               576 kB
Slab:              77168 kB
SReclaimable:      24204 kB
SUnreclaim:        52964 kB
KernelStack:       15072 kB
PageTables:        16524 kB
NFS_Unstable:          0 kB
Bounce:                0 kB
WritebackTmp:          0 kB
CommitLimit:     1450072 kB
Committed_AS:   23996852 kB
VmallocTotal:   251658176 kB
VmallocUsed:       96476 kB
VmallocChunk:   251482716 kB


[2024-11-19 19:23:36]
MemTotal:        1858332 kB
MemFree:           51616 kB
Buffers:             636 kB
Cached:           204652 kB
SwapCached:        15268 kB
Active:           979980 kB
Inactive:         357588 kB
Active(anon):     923812 kB
Inactive(anon):   308284 kB
Active(file):      56168 kB
Inactive(file):    49304 kB
Unevictable:       99496 kB
Mlocked:           94212 kB
SwapTotal:        520908 kB
SwapFree:         358280 kB
Dirty:                 0 kB
Writeback:             0 kB
AnonPages:       1230720 kB
Mapped:           143308 kB
Shmem:               576 kB
Slab:              77168 kB
SReclaimable:      24204 kB
SUnreclaim:        52964 kB
KernelStack:       15072 kB
PageTables:        16524 kB
NFS_Unstable:          0 kB
Bounce:                0 kB
WritebackTmp:          0 kB
CommitLimit:     1450072 kB
Committed_AS:   23996728 kB
VmallocTotal:   251658176 kB
VmallocUsed:       96476 kB
VmallocChunk:   251482716 kB


[2024-11-19 19:23:38]
MemTotal:        1858332 kB
MemFree:           51236 kB
Buffers:             636 kB
Cached:           204652 kB
SwapCached:        15268 kB
Active:           980248 kB
Inactive:         357588 kB
Active(anon):     924080 kB
Inactive(anon):   308284 kB
Active(file):      56168 kB
Inactive(file):    49304 kB
Unevictable:       99496 kB
Mlocked:           94212 kB
SwapTotal:        520908 kB
SwapFree:         358280 kB
Dirty:                 0 kB
Writeback:             0 kB
AnonPages:       1230920 kB
Mapped:           143308 kB
Shmem:               576 kB
Slab:              77168 kB
SReclaimable:      24204 kB
SUnreclaim:        52964 kB
KernelStack:       15056 kB
PageTables:        16492 kB
NFS_Unstable:          0 kB
Bounce:                0 kB
WritebackTmp:          0 kB
CommitLimit:     1450072 kB
Committed_AS:   23996840 kB
VmallocTotal:   251658176 kB
VmallocUsed:       96476 kB
VmallocChunk:   251482716 kB


[2024-11-19 19:23:40]
MemTotal:        1858332 kB
MemFree:           50316 kB
Buffers:             636 kB
Cached:           204652 kB
SwapCached:        15268 kB
Active:           980892 kB
Inactive:         357588 kB
Active(anon):     924724 kB
Inactive(anon):   308284 kB
Active(file):      56168 kB
Inactive(file):    49304 kB
Unevictable:       99496 kB
Mlocked:           94212 kB
SwapTotal:        520908 kB
SwapFree:         358280 kB
Dirty:                 0 kB
Writeback:             0 kB
AnonPages:       1231732 kB
Mapped:           143328 kB
Shmem:               576 kB
Slab:              77168 kB
SReclaimable:      24204 kB
SUnreclaim:        52964 kB
KernelStack:       15072 kB
PageTables:        16492 kB
NFS_Unstable:          0 kB
Bounce:                0 kB
WritebackTmp:          0 kB
CommitLimit:     1450072 kB
Committed_AS:   23996820 kB
VmallocTotal:   251658176 kB
VmallocUsed:       96476 kB
VmallocChunk:   251482716 kB


