
[2024-11-19 20:24:33]
MemTotal:        1858332 kB
MemFree:           40284 kB
Buffers:             644 kB
Cached:           206140 kB
SwapCached:        13636 kB
Active:           979840 kB
Inactive:         360356 kB
Active(anon):     925460 kB
Inactive(anon):   308392 kB
Active(file):      54380 kB
Inactive(file):    51964 kB
Unevictable:       99496 kB
Mlocked:           94212 kB
SwapTotal:        520908 kB
SwapFree:         360320 kB
Dirty:                 0 kB
Writeback:             0 kB
AnonPages:       1233540 kB
Mapped:           145044 kB
Shmem:               612 kB
Slab:              77484 kB
SReclaimable:      24796 kB
SUnreclaim:        52688 kB
KernelStack:       15072 kB
PageTables:        16636 kB
NFS_Unstable:          0 kB
Bounce:                0 kB
WritebackTmp:          0 kB
CommitLimit:     1450072 kB
Committed_AS:   24020980 kB
VmallocTotal:   251658176 kB
VmallocUsed:       96504 kB
VmallocChunk:   251482716 kB


[2024-11-19 20:24:36]
MemTotal:        1858332 kB
MemFree:           41264 kB
Buffers:             644 kB
Cached:           206296 kB
SwapCached:        13632 kB
Active:           976336 kB
Inactive:         362904 kB
Active(anon):     923440 kB
Inactive(anon):   308772 kB
Active(file):      52896 kB
Inactive(file):    54132 kB
Unevictable:       99496 kB
Mlocked:           94212 kB
SwapTotal:        520908 kB
SwapFree:         357032 kB
Dirty:                 0 kB
Writeback:             0 kB
AnonPages:       1231716 kB
Mapped:           147268 kB
Shmem:               596 kB
Slab:              77468 kB
SReclaimable:      24780 kB
SUnreclaim:        52688 kB
KernelStack:       15248 kB
PageTables:        16836 kB
NFS_Unstable:          0 kB
Bounce:                0 kB
WritebackTmp:          0 kB
CommitLimit:     1450072 kB
Committed_AS:   24101544 kB
VmallocTotal:   251658176 kB
VmallocUsed:       96504 kB
VmallocChunk:   251482716 kB


[2024-11-19 20:24:38]
MemTotal:        1858332 kB
MemFree:           41632 kB
Buffers:             644 kB
Cached:           206296 kB
SwapCached:        13632 kB
Active:           976276 kB
Inactive:         362984 kB
Active(anon):     923380 kB
Inactive(anon):   308776 kB
Active(file):      52896 kB
Inactive(file):    54208 kB
Unevictable:       99496 kB
Mlocked:           94212 kB
SwapTotal:        520908 kB
SwapFree:         357036 kB
Dirty:                 0 kB
Writeback:             0 kB
AnonPages:       1231768 kB
Mapped:           147268 kB
Shmem:               596 kB
Slab:              77468 kB
SReclaimable:      24780 kB
SUnreclaim:        52688 kB
KernelStack:       15248 kB
PageTables:        16836 kB
NFS_Unstable:          0 kB
Bounce:                0 kB
WritebackTmp:          0 kB
CommitLimit:     1450072 kB
Committed_AS:   24101444 kB
VmallocTotal:   251658176 kB
VmallocUsed:       96504 kB
VmallocChunk:   251482716 kB


[2024-11-19 20:24:40]
MemTotal:        1858332 kB
MemFree:           41776 kB
Buffers:             644 kB
Cached:           206296 kB
SwapCached:        13632 kB
Active:           976296 kB
Inactive:         362984 kB
Active(anon):     923400 kB
Inactive(anon):   308776 kB
Active(file):      52896 kB
Inactive(file):    54208 kB
Unevictable:       99496 kB
Mlocked:           94212 kB
SwapTotal:        520908 kB
SwapFree:         357036 kB
Dirty:                 0 kB
Writeback:             0 kB
AnonPages:       1231756 kB
Mapped:           147100 kB
Shmem:               596 kB
Slab:              77468 kB
SReclaimable:      24780 kB
SUnreclaim:        52688 kB
KernelStack:       15264 kB
PageTables:        16848 kB
NFS_Unstable:          0 kB
Bounce:                0 kB
WritebackTmp:          0 kB
CommitLimit:     1450072 kB
Committed_AS:   24093396 kB
VmallocTotal:   251658176 kB
VmallocUsed:       96504 kB
VmallocChunk:   251482716 kB


[2024-11-19 20:24:42]
MemTotal:        1858332 kB
MemFree:           41448 kB
Buffers:             644 kB
Cached:           206296 kB
SwapCached:        13632 kB
Active:           976572 kB
Inactive:         362984 kB
Active(anon):     923676 kB
Inactive(anon):   308776 kB
Active(file):      52896 kB
Inactive(file):    54208 kB
Unevictable:       99496 kB
Mlocked:           94212 kB
SwapTotal:        520908 kB
SwapFree:         357036 kB
Dirty:                 0 kB
Writeback:             0 kB
AnonPages:       1231916 kB
Mapped:           147284 kB
Shmem:               596 kB
Slab:              77468 kB
SReclaimable:      24780 kB
SUnreclaim:        52688 kB
KernelStack:       15248 kB
PageTables:        16836 kB
NFS_Unstable:          0 kB
Bounce:                0 kB
WritebackTmp:          0 kB
CommitLimit:     1450072 kB
Committed_AS:   24101588 kB
VmallocTotal:   251658176 kB
VmallocUsed:       96504 kB
VmallocChunk:   251482716 kB


[2024-11-19 20:24:45]
MemTotal:        1858332 kB
MemFree:           40852 kB
Buffers:             644 kB
Cached:           206296 kB
SwapCached:        13632 kB
Active:           976872 kB
Inactive:         362984 kB
Active(anon):     923976 kB
Inactive(anon):   308776 kB
Active(file):      52896 kB
Inactive(file):    54208 kB
Unevictable:       99496 kB
Mlocked:           94212 kB
SwapTotal:        520908 kB
SwapFree:         357036 kB
Dirty:                 0 kB
Writeback:             0 kB
AnonPages:       1232040 kB
Mapped:           147100 kB
Shmem:               596 kB
Slab:              77468 kB
SReclaimable:      24780 kB
SUnreclaim:        52688 kB
KernelStack:       15248 kB
PageTables:        16836 kB
NFS_Unstable:          0 kB
Bounce:                0 kB
WritebackTmp:          0 kB
CommitLimit:     1450072 kB
Committed_AS:   24101296 kB
VmallocTotal:   251658176 kB
VmallocUsed:       96504 kB
VmallocChunk:   251482716 kB


[2024-11-19 20:24:47]
MemTotal:        1858332 kB
MemFree:           40824 kB
Buffers:             644 kB
Cached:           206296 kB
SwapCached:        13632 kB
Active:           976668 kB
Inactive:         362984 kB
Active(anon):     923772 kB
Inactive(anon):   308776 kB
Active(file):      52896 kB
Inactive(file):    54208 kB
Unevictable:       99496 kB
Mlocked:           94212 kB
SwapTotal:        520908 kB
SwapFree:         357036 kB
Dirty:                 0 kB
Writeback:             0 kB
AnonPages:       1232140 kB
Mapped:           147100 kB
Shmem:               596 kB
Slab:              77468 kB
SReclaimable:      24780 kB
SUnreclaim:        52688 kB
KernelStack:       15248 kB
PageTables:        16836 kB
NFS_Unstable:          0 kB
Bounce:                0 kB
WritebackTmp:          0 kB
CommitLimit:     1450072 kB
Committed_AS:   24101476 kB
VmallocTotal:   251658176 kB
VmallocUsed:       96504 kB
VmallocChunk:   251482716 kB


[2024-11-19 20:24:49]
MemTotal:        1858332 kB
MemFree:           41056 kB
Buffers:             644 kB
Cached:           206296 kB
SwapCached:        13632 kB
Active:           976636 kB
Inactive:         362984 kB
Active(anon):     923740 kB
Inactive(anon):   308776 kB
Active(file):      52896 kB
Inactive(file):    54208 kB
Unevictable:       99496 kB
Mlocked:           94212 kB
SwapTotal:        520908 kB
SwapFree:         357036 kB
Dirty:                 0 kB
Writeback:             0 kB
AnonPages:       1231940 kB
Mapped:           147284 kB
Shmem:               596 kB
Slab:              77468 kB
SReclaimable:      24780 kB
SUnreclaim:        52688 kB
KernelStack:       15248 kB
PageTables:        16836 kB
NFS_Unstable:          0 kB
Bounce:                0 kB
WritebackTmp:          0 kB
CommitLimit:     1450072 kB
Committed_AS:   24101444 kB
VmallocTotal:   251658176 kB
VmallocUsed:       96504 kB
VmallocChunk:   251482716 kB


[2024-11-19 20:24:51]
MemTotal:        1858332 kB
MemFree:           40084 kB
Buffers:             644 kB
Cached:           206296 kB
SwapCached:        13632 kB
Active:           977180 kB
Inactive:         362984 kB
Active(anon):     924284 kB
Inactive(anon):   308776 kB
Active(file):      52896 kB
Inactive(file):    54208 kB
Unevictable:       99496 kB
Mlocked:           94212 kB
SwapTotal:        520908 kB
SwapFree:         357036 kB
Dirty:                 0 kB
Writeback:             0 kB
AnonPages:       1232580 kB
Mapped:           147324 kB
Shmem:               596 kB
Slab:              77468 kB
SReclaimable:      24780 kB
SUnreclaim:        52688 kB
KernelStack:       15296 kB
PageTables:        16848 kB
NFS_Unstable:          0 kB
Bounce:                0 kB
WritebackTmp:          0 kB
CommitLimit:     1450072 kB
Committed_AS:   24101464 kB
VmallocTotal:   251658176 kB
VmallocUsed:       96504 kB
VmallocChunk:   251482716 kB


[2024-11-19 20:24:53]
MemTotal:        1858332 kB
MemFree:           40192 kB
Buffers:             644 kB
Cached:           206296 kB
SwapCached:        13632 kB
Active:           977152 kB
Inactive:         362984 kB
Active(anon):     924256 kB
Inactive(anon):   308776 kB
Active(file):      52896 kB
Inactive(file):    54208 kB
Unevictable:       99496 kB
Mlocked:           94212 kB
SwapTotal:        520908 kB
SwapFree:         357036 kB
Dirty:                 0 kB
Writeback:             0 kB
AnonPages:       1232628 kB
Mapped:           147284 kB
Shmem:               596 kB
Slab:              77468 kB
SReclaimable:      24780 kB
SUnreclaim:        52688 kB
KernelStack:       15248 kB
PageTables:        16836 kB
NFS_Unstable:          0 kB
Bounce:                0 kB
WritebackTmp:          0 kB
CommitLimit:     1450072 kB
Committed_AS:   24093304 kB
VmallocTotal:   251658176 kB
VmallocUsed:       96504 kB
VmallocChunk:   251482716 kB


[2024-11-19 20:24:56]
MemTotal:        1858332 kB
MemFree:           41208 kB
Buffers:             644 kB
Cached:           206296 kB
SwapCached:        13632 kB
Active:           976956 kB
Inactive:         362984 kB
Active(anon):     924060 kB
Inactive(anon):   308776 kB
Active(file):      52896 kB
Inactive(file):    54208 kB
Unevictable:       99496 kB
Mlocked:           94212 kB
SwapTotal:        520908 kB
SwapFree:         357036 kB
Dirty:                 0 kB
Writeback:             0 kB
AnonPages:       1232372 kB
Mapped:           147284 kB
Shmem:               596 kB
Slab:              77308 kB
SReclaimable:      24620 kB
SUnreclaim:        52688 kB
KernelStack:       15248 kB
PageTables:        16836 kB
NFS_Unstable:          0 kB
Bounce:                0 kB
WritebackTmp:          0 kB
CommitLimit:     1450072 kB
Committed_AS:   24101336 kB
VmallocTotal:   251658176 kB
VmallocUsed:       96504 kB
VmallocChunk:   251482716 kB


[2024-11-19 20:24:58]
MemTotal:        1858332 kB
MemFree:           40784 kB
Buffers:             644 kB
Cached:           206296 kB
SwapCached:        13632 kB
Active:           977344 kB
Inactive:         362984 kB
Active(anon):     924448 kB
Inactive(anon):   308776 kB
Active(file):      52896 kB
Inactive(file):    54208 kB
Unevictable:       99496 kB
Mlocked:           94212 kB
SwapTotal:        520908 kB
SwapFree:         357036 kB
Dirty:                 0 kB
Writeback:             0 kB
AnonPages:       1232792 kB
Mapped:           147328 kB
Shmem:               596 kB
Slab:              77308 kB
SReclaimable:      24620 kB
SUnreclaim:        52688 kB
KernelStack:       15280 kB
PageTables:        16868 kB
NFS_Unstable:          0 kB
Bounce:                0 kB
WritebackTmp:          0 kB
CommitLimit:     1450072 kB
Committed_AS:   24101500 kB
VmallocTotal:   251658176 kB
VmallocUsed:       96504 kB
VmallocChunk:   251482716 kB


[2024-11-19 20:25:01]
MemTotal:        1858332 kB
MemFree:           40524 kB
Buffers:             644 kB
Cached:           206296 kB
SwapCached:        13632 kB
Active:           977844 kB
Inactive:         362988 kB
Active(anon):     924948 kB
Inactive(anon):   308780 kB
Active(file):      52896 kB
Inactive(file):    54208 kB
Unevictable:       99496 kB
Mlocked:           94212 kB
SwapTotal:        520908 kB
SwapFree:         357040 kB
Dirty:                 0 kB
Writeback:             0 kB
AnonPages:       1233164 kB
Mapped:           147212 kB
Shmem:               596 kB
Slab:              77308 kB
SReclaimable:      24620 kB
SUnreclaim:        52688 kB
KernelStack:       15280 kB
PageTables:        16876 kB
NFS_Unstable:          0 kB
Bounce:                0 kB
WritebackTmp:          0 kB
CommitLimit:     1450072 kB
Committed_AS:   24101420 kB
VmallocTotal:   251658176 kB
VmallocUsed:       96504 kB
VmallocChunk:   251482716 kB


[2024-11-19 20:25:04]
MemTotal:        1858332 kB
MemFree:           40460 kB
Buffers:             644 kB
Cached:           206296 kB
SwapCached:        13632 kB
Active:           977628 kB
Inactive:         362988 kB
Active(anon):     924732 kB
Inactive(anon):   308780 kB
Active(file):      52896 kB
Inactive(file):    54208 kB
Unevictable:       99496 kB
Mlocked:           94212 kB
SwapTotal:        520908 kB
SwapFree:         357040 kB
Dirty:                 0 kB
Writeback:             0 kB
AnonPages:       1233200 kB
Mapped:           147284 kB
Shmem:               596 kB
Slab:              77308 kB
SReclaimable:      24620 kB
SUnreclaim:        52688 kB
KernelStack:       15248 kB
PageTables:        16836 kB
NFS_Unstable:          0 kB
Bounce:                0 kB
WritebackTmp:          0 kB
CommitLimit:     1450072 kB
Committed_AS:   24101304 kB
VmallocTotal:   251658176 kB
VmallocUsed:       96504 kB
VmallocChunk:   251482716 kB


[2024-11-19 20:25:06]
MemTotal:        1858332 kB
MemFree:           47328 kB
Buffers:             644 kB
Cached:           206296 kB
SwapCached:        13632 kB
Active:           971628 kB
Inactive:         362880 kB
Active(anon):     918624 kB
Inactive(anon):   308780 kB
Active(file):      53004 kB
Inactive(file):    54100 kB
Unevictable:       99496 kB
Mlocked:           94212 kB
SwapTotal:        520908 kB
SwapFree:         357064 kB
Dirty:                 0 kB
Writeback:             0 kB
AnonPages:       1227024 kB
Mapped:           143004 kB
Shmem:               596 kB
Slab:              77308 kB
SReclaimable:      24620 kB
SUnreclaim:        52688 kB
KernelStack:       15056 kB
PageTables:        16712 kB
NFS_Unstable:          0 kB
Bounce:                0 kB
WritebackTmp:          0 kB
CommitLimit:     1450072 kB
Committed_AS:   23979940 kB
VmallocTotal:   251658176 kB
VmallocUsed:       96504 kB
VmallocChunk:   251482716 kB


[2024-11-19 20:25:08]
MemTotal:        1858332 kB
MemFree:           47768 kB
Buffers:             644 kB
Cached:           206296 kB
SwapCached:        13632 kB
Active:           971480 kB
Inactive:         362896 kB
Active(anon):     918476 kB
Inactive(anon):   308796 kB
Active(file):      53004 kB
Inactive(file):    54100 kB
Unevictable:       99496 kB
Mlocked:           94212 kB
SwapTotal:        520908 kB
SwapFree:         357064 kB
Dirty:                 0 kB
Writeback:             0 kB
AnonPages:       1226652 kB
Mapped:           143188 kB
Shmem:               596 kB
Slab:              77308 kB
SReclaimable:      24620 kB
SUnreclaim:        52688 kB
KernelStack:       15024 kB
PageTables:        16644 kB
NFS_Unstable:          0 kB
Bounce:                0 kB
WritebackTmp:          0 kB
CommitLimit:     1450072 kB
Committed_AS:   23979992 kB
VmallocTotal:   251658176 kB
VmallocUsed:       96504 kB
VmallocChunk:   251482716 kB


[2024-11-19 20:25:10]
MemTotal:        1858332 kB
MemFree:           47692 kB
Buffers:             644 kB
Cached:           206296 kB
SwapCached:        13632 kB
Active:           971804 kB
Inactive:         362896 kB
Active(anon):     918800 kB
Inactive(anon):   308796 kB
Active(file):      53004 kB
Inactive(file):    54100 kB
Unevictable:       99496 kB
Mlocked:           94212 kB
SwapTotal:        520908 kB
SwapFree:         357064 kB
Dirty:                 0 kB
Writeback:             0 kB
AnonPages:       1227036 kB
Mapped:           143188 kB
Shmem:               596 kB
Slab:              77308 kB
SReclaimable:      24620 kB
SUnreclaim:        52688 kB
KernelStack:       15024 kB
PageTables:        16616 kB
NFS_Unstable:          0 kB
Bounce:                0 kB
WritebackTmp:          0 kB
CommitLimit:     1450072 kB
Committed_AS:   23979880 kB
VmallocTotal:   251658176 kB
VmallocUsed:       96504 kB
VmallocChunk:   251482716 kB


[2024-11-19 20:25:12]
MemTotal:        1858332 kB
MemFree:           47784 kB
Buffers:             644 kB
Cached:           206296 kB
SwapCached:        13632 kB
Active:           971744 kB
Inactive:         362896 kB
Active(anon):     918740 kB
Inactive(anon):   308796 kB
Active(file):      53004 kB
Inactive(file):    54100 kB
Unevictable:       99496 kB
Mlocked:           94212 kB
SwapTotal:        520908 kB
SwapFree:         357064 kB
Dirty:                 0 kB
Writeback:             0 kB
AnonPages:       1226916 kB
Mapped:           143188 kB
Shmem:               596 kB
Slab:              77308 kB
SReclaimable:      24620 kB
SUnreclaim:        52688 kB
KernelStack:       15024 kB
PageTables:        16644 kB
NFS_Unstable:          0 kB
Bounce:                0 kB
WritebackTmp:          0 kB
CommitLimit:     1450072 kB
Committed_AS:   23979876 kB
VmallocTotal:   251658176 kB
VmallocUsed:       96504 kB
VmallocChunk:   251482716 kB


[2024-11-19 20:25:14]
MemTotal:        1858332 kB
MemFree:           48260 kB
Buffers:             644 kB
Cached:           206296 kB
SwapCached:        13632 kB
Active:           971860 kB
Inactive:         362908 kB
Active(anon):     918856 kB
Inactive(anon):   308808 kB
Active(file):      53004 kB
Inactive(file):    54100 kB
Unevictable:       99496 kB
Mlocked:           94212 kB
SwapTotal:        520908 kB
SwapFree:         357088 kB
Dirty:                 0 kB
Writeback:             0 kB
AnonPages:       1227144 kB
Mapped:           143116 kB
Shmem:               596 kB
Slab:              77308 kB
SReclaimable:      24620 kB
SUnreclaim:        52688 kB
KernelStack:       15008 kB
PageTables:        16512 kB
NFS_Unstable:          0 kB
Bounce:                0 kB
WritebackTmp:          0 kB
CommitLimit:     1450072 kB
Committed_AS:   23980040 kB
VmallocTotal:   251658176 kB
VmallocUsed:       96476 kB
VmallocChunk:   251482716 kB


[2024-11-19 20:25:16]
MemTotal:        1858332 kB
MemFree:           47704 kB
Buffers:             644 kB
Cached:           206296 kB
SwapCached:        13632 kB
Active:           972088 kB
Inactive:         362920 kB
Active(anon):     919084 kB
Inactive(anon):   308820 kB
Active(file):      53004 kB
Inactive(file):    54100 kB
Unevictable:       99496 kB
Mlocked:           94212 kB
SwapTotal:        520908 kB
SwapFree:         357088 kB
Dirty:                 0 kB
Writeback:             0 kB
AnonPages:       1227304 kB
Mapped:           143116 kB
Shmem:               596 kB
Slab:              77308 kB
SReclaimable:      24620 kB
SUnreclaim:        52688 kB
KernelStack:       15024 kB
PageTables:        16508 kB
NFS_Unstable:          0 kB
Bounce:                0 kB
WritebackTmp:          0 kB
CommitLimit:     1450072 kB
Committed_AS:   23979892 kB
VmallocTotal:   251658176 kB
VmallocUsed:       96476 kB
VmallocChunk:   251482716 kB


[2024-11-19 20:25:18]
MemTotal:        1858332 kB
MemFree:           47860 kB
Buffers:             644 kB
Cached:           206296 kB
SwapCached:        13632 kB
Active:           972152 kB
Inactive:         362928 kB
Active(anon):     919148 kB
Inactive(anon):   308828 kB
Active(file):      53004 kB
Inactive(file):    54100 kB
Unevictable:       99496 kB
Mlocked:           94212 kB
SwapTotal:        520908 kB
SwapFree:         357104 kB
Dirty:                 0 kB
Writeback:             0 kB
AnonPages:       1227360 kB
Mapped:           143112 kB
Shmem:               596 kB
Slab:              77308 kB
SReclaimable:      24620 kB
SUnreclaim:        52688 kB
KernelStack:       15024 kB
PageTables:        16508 kB
NFS_Unstable:          0 kB
Bounce:                0 kB
WritebackTmp:          0 kB
CommitLimit:     1450072 kB
Committed_AS:   23979884 kB
VmallocTotal:   251658176 kB
VmallocUsed:       96476 kB
VmallocChunk:   251482716 kB


[2024-11-19 20:25:20]
MemTotal:        1858332 kB
MemFree:           47868 kB
Buffers:             644 kB
Cached:           206296 kB
SwapCached:        13632 kB
Active:           972312 kB
Inactive:         362928 kB
Active(anon):     919308 kB
Inactive(anon):   308828 kB
Active(file):      53004 kB
Inactive(file):    54100 kB
Unevictable:       99496 kB
Mlocked:           94212 kB
SwapTotal:        520908 kB
SwapFree:         357104 kB
Dirty:                 0 kB
Writeback:             0 kB
AnonPages:       1227536 kB
Mapped:           143096 kB
Shmem:               596 kB
Slab:              77308 kB
SReclaimable:      24620 kB
SUnreclaim:        52688 kB
KernelStack:       15024 kB
PageTables:        16508 kB
NFS_Unstable:          0 kB
Bounce:                0 kB
WritebackTmp:          0 kB
CommitLimit:     1450072 kB
Committed_AS:   23979840 kB
VmallocTotal:   251658176 kB
VmallocUsed:       96476 kB
VmallocChunk:   251482716 kB


[2024-11-19 20:25:23]
MemTotal:        1858332 kB
MemFree:           47552 kB
Buffers:             644 kB
Cached:           206296 kB
SwapCached:        13632 kB
Active:           972684 kB
Inactive:         362928 kB
Active(anon):     919680 kB
Inactive(anon):   308828 kB
Active(file):      53004 kB
Inactive(file):    54100 kB
Unevictable:       99496 kB
Mlocked:           94212 kB
SwapTotal:        520908 kB
SwapFree:         357104 kB
Dirty:                 0 kB
Writeback:             0 kB
AnonPages:       1228024 kB
Mapped:           143112 kB
Shmem:               596 kB
Slab:              77308 kB
SReclaimable:      24620 kB
SUnreclaim:        52688 kB
KernelStack:       15024 kB
PageTables:        16540 kB
NFS_Unstable:          0 kB
Bounce:                0 kB
WritebackTmp:          0 kB
CommitLimit:     1450072 kB
Committed_AS:   23979868 kB
VmallocTotal:   251658176 kB
VmallocUsed:       96476 kB
VmallocChunk:   251482716 kB


[2024-11-19 20:25:25]
MemTotal:        1858332 kB
MemFree:           47568 kB
Buffers:             644 kB
Cached:           206296 kB
SwapCached:        13632 kB
Active:           972860 kB
Inactive:         362928 kB
Active(anon):     919856 kB
Inactive(anon):   308828 kB
Active(file):      53004 kB
Inactive(file):    54100 kB
Unevictable:       99496 kB
Mlocked:           94212 kB
SwapTotal:        520908 kB
SwapFree:         357104 kB
Dirty:                 0 kB
Writeback:             0 kB
AnonPages:       1228028 kB
Mapped:           143112 kB
Shmem:               596 kB
Slab:              77308 kB
SReclaimable:      24620 kB
SUnreclaim:        52688 kB
KernelStack:       15008 kB
PageTables:        16508 kB
NFS_Unstable:          0 kB
Bounce:                0 kB
WritebackTmp:          0 kB
CommitLimit:     1450072 kB
Committed_AS:   23979960 kB
VmallocTotal:   251658176 kB
VmallocUsed:       96476 kB
VmallocChunk:   251482716 kB


[2024-11-19 20:25:27]
MemTotal:        1858332 kB
MemFree:           47712 kB
Buffers:             644 kB
Cached:           206296 kB
SwapCached:        13632 kB
Active:           972888 kB
Inactive:         362928 kB
Active(anon):     919884 kB
Inactive(anon):   308828 kB
Active(file):      53004 kB
Inactive(file):    54100 kB
Unevictable:       99496 kB
Mlocked:           94212 kB
SwapTotal:        520908 kB
SwapFree:         357104 kB
Dirty:                 0 kB
Writeback:             0 kB
AnonPages:       1228280 kB
Mapped:           143112 kB
Shmem:               596 kB
Slab:              77308 kB
SReclaimable:      24620 kB
SUnreclaim:        52688 kB
KernelStack:       15008 kB
PageTables:        16508 kB
NFS_Unstable:          0 kB
Bounce:                0 kB
WritebackTmp:          0 kB
CommitLimit:     1450072 kB
Committed_AS:   23980044 kB
VmallocTotal:   251658176 kB
VmallocUsed:       96476 kB
VmallocChunk:   251482716 kB


