[2024-11-19 20:12:57]
MemTotal:        1858332 kB
MemFree:           41144 kB
Buffers:             312 kB
Cached:           209240 kB
SwapCached:        15064 kB
Active:           981920 kB
Inactive:         366560 kB
Active(anon):     929428 kB
Inactive(anon):   309364 kB
Active(file):      52492 kB
Inactive(file):    57196 kB
Unevictable:       99496 kB
Mlocked:           94212 kB
SwapTotal:        520908 kB
SwapFree:         365180 kB
Dirty:                 0 kB
Writeback:             0 kB
AnonPages:       1238200 kB
Mapped:           142000 kB
Shmem:               612 kB
Slab:              77752 kB
SReclaimable:      24988 kB
SUnreclaim:        52764 kB
KernelStack:       15040 kB
PageTables:        16556 kB
NFS_Unstable:          0 kB
Bounce:                0 kB
WritebackTmp:          0 kB
CommitLimit:     1450072 kB
Committed_AS:   23979808 kB
VmallocTotal:   251658176 kB
VmallocUsed:       96504 kB
VmallocChunk:   251482716 kB


[2024-11-19 20:12:58]
MemTotal:        1858332 kB
MemFree:           40596 kB
Buffers:             312 kB
Cached:           209240 kB
SwapCached:        15064 kB
Active:           982020 kB
Inactive:         366596 kB
Active(anon):     929528 kB
Inactive(anon):   309364 kB
Active(file):      52492 kB
Inactive(file):    57232 kB
Unevictable:       99496 kB
Mlocked:           94212 kB
SwapTotal:        520908 kB
SwapFree:         365180 kB
Dirty:                 0 kB
Writeback:             0 kB
AnonPages:       1238332 kB
Mapped:           142000 kB
Shmem:               612 kB
Slab:              77752 kB
SReclaimable:      24988 kB
SUnreclaim:        52764 kB
KernelStack:       15024 kB
PageTables:        16536 kB
NFS_Unstable:          0 kB
Bounce:                0 kB
WritebackTmp:          0 kB
CommitLimit:     1450072 kB
Committed_AS:   23979876 kB
VmallocTotal:   251658176 kB
VmallocUsed:       96504 kB
VmallocChunk:   251482716 kB


[2024-11-19 20:12:58]
MemTotal:        1858332 kB
MemFree:           40624 kB
Buffers:             312 kB
Cached:           209240 kB
SwapCached:        15064 kB
Active:           981944 kB
Inactive:         366596 kB
Active(anon):     929452 kB
Inactive(anon):   309364 kB
Active(file):      52492 kB
Inactive(file):    57232 kB
Unevictable:       99496 kB
Mlocked:           94212 kB
SwapTotal:        520908 kB
SwapFree:         365180 kB
Dirty:                 0 kB
Writeback:             0 kB
AnonPages:       1238276 kB
Mapped:           142000 kB
Shmem:               612 kB
Slab:              77752 kB
SReclaimable:      24988 kB
SUnreclaim:        52764 kB
KernelStack:       15072 kB
PageTables:        16588 kB
NFS_Unstable:          0 kB
Bounce:                0 kB
WritebackTmp:          0 kB
CommitLimit:     1450072 kB
Committed_AS:   23979820 kB
VmallocTotal:   251658176 kB
VmallocUsed:       96504 kB
VmallocChunk:   251482716 kB


[2024-11-19 20:12:58]
MemTotal:        1858332 kB
MemFree:           40408 kB
Buffers:             312 kB
Cached:           209240 kB
SwapCached:        15064 kB
Active:           982160 kB
Inactive:         366596 kB
Active(anon):     929668 kB
Inactive(anon):   309364 kB
Active(file):      52492 kB
Inactive(file):    57232 kB
Unevictable:       99496 kB
Mlocked:           94212 kB
SwapTotal:        520908 kB
SwapFree:         365180 kB
Dirty:                 0 kB
Writeback:             0 kB
AnonPages:       1238444 kB
Mapped:           141980 kB
Shmem:               612 kB
Slab:              77752 kB
SReclaimable:      24988 kB
SUnreclaim:        52764 kB
KernelStack:       15024 kB
PageTables:        16556 kB
NFS_Unstable:          0 kB
Bounce:                0 kB
WritebackTmp:          0 kB
CommitLimit:     1450072 kB
Committed_AS:   23979888 kB
VmallocTotal:   251658176 kB
VmallocUsed:       96504 kB
VmallocChunk:   251482716 kB


[2024-11-19 20:12:58]
MemTotal:        1858332 kB
MemFree:           40140 kB
Buffers:             312 kB
Cached:           209240 kB
SwapCached:        15064 kB
Active:           982432 kB
Inactive:         366600 kB
Active(anon):     929940 kB
Inactive(anon):   309368 kB
Active(file):      52492 kB
Inactive(file):    57232 kB
Unevictable:       99496 kB
Mlocked:           94212 kB
SwapTotal:        520908 kB
SwapFree:         365184 kB
Dirty:                 0 kB
Writeback:             0 kB
AnonPages:       1238756 kB
Mapped:           142000 kB
Shmem:               612 kB
Slab:              77752 kB
SReclaimable:      24988 kB
SUnreclaim:        52764 kB
KernelStack:       15040 kB
PageTables:        16588 kB
NFS_Unstable:          0 kB
Bounce:                0 kB
WritebackTmp:          0 kB
CommitLimit:     1450072 kB
Committed_AS:   23979880 kB
VmallocTotal:   251658176 kB
VmallocUsed:       96504 kB
VmallocChunk:   251482716 kB


[2024-11-19 20:12:58]
MemTotal:        1858332 kB
MemFree:           40184 kB
Buffers:             312 kB
Cached:           209240 kB
SwapCached:        15064 kB
Active:           982456 kB
Inactive:         366600 kB
Active(anon):     929964 kB
Inactive(anon):   309368 kB
Active(file):      52492 kB
Inactive(file):    57232 kB
Unevictable:       99496 kB
Mlocked:           94212 kB
SwapTotal:        520908 kB
SwapFree:         365184 kB
Dirty:                 0 kB
Writeback:             0 kB
AnonPages:       1238728 kB
Mapped:           142000 kB
Shmem:               612 kB
Slab:              77752 kB
SReclaimable:      24988 kB
SUnreclaim:        52764 kB
KernelStack:       15040 kB
PageTables:        16556 kB
NFS_Unstable:          0 kB
Bounce:                0 kB
WritebackTmp:          0 kB
CommitLimit:     1450072 kB
Committed_AS:   23979852 kB
VmallocTotal:   251658176 kB
VmallocUsed:       96504 kB
VmallocChunk:   251482716 kB


[2024-11-19 20:12:58]
MemTotal:        1858332 kB
MemFree:           39892 kB
Buffers:             312 kB
Cached:           209240 kB
SwapCached:        15064 kB
Active:           982680 kB
Inactive:         366600 kB
Active(anon):     930188 kB
Inactive(anon):   309368 kB
Active(file):      52492 kB
Inactive(file):    57232 kB
Unevictable:       99496 kB
Mlocked:           94212 kB
SwapTotal:        520908 kB
SwapFree:         365184 kB
Dirty:                 0 kB
Writeback:             0 kB
AnonPages:       1239016 kB
Mapped:           141984 kB
Shmem:               612 kB
Slab:              77748 kB
SReclaimable:      24988 kB
SUnreclaim:        52760 kB
KernelStack:       15072 kB
PageTables:        16588 kB
NFS_Unstable:          0 kB
Bounce:                0 kB
WritebackTmp:          0 kB
CommitLimit:     1450072 kB
Committed_AS:   23979880 kB
VmallocTotal:   251658176 kB
VmallocUsed:       96504 kB
VmallocChunk:   251482716 kB


[2024-11-19 20:12:58]
MemTotal:        1858332 kB
MemFree:           39224 kB
Buffers:             312 kB
Cached:           209240 kB
SwapCached:        15064 kB
Active:           983004 kB
Inactive:         366600 kB
Active(anon):     930512 kB
Inactive(anon):   309368 kB
Active(file):      52492 kB
Inactive(file):    57232 kB
Unevictable:       99496 kB
Mlocked:           94212 kB
SwapTotal:        520908 kB
SwapFree:         365184 kB
Dirty:                 0 kB
Writeback:             0 kB
AnonPages:       1239276 kB
Mapped:           142004 kB
Shmem:               612 kB
Slab:              77748 kB
SReclaimable:      24988 kB
SUnreclaim:        52760 kB
KernelStack:       15024 kB
PageTables:        16536 kB
NFS_Unstable:          0 kB
Bounce:                0 kB
WritebackTmp:          0 kB
CommitLimit:     1450072 kB
Committed_AS:   23979936 kB
VmallocTotal:   251658176 kB
VmallocUsed:       96504 kB
VmallocChunk:   251482716 kB


[2024-11-19 20:12:58]
MemTotal:        1858332 kB
MemFree:           39084 kB
Buffers:             312 kB
Cached:           209240 kB
SwapCached:        15064 kB
Active:           982960 kB
Inactive:         366600 kB
Active(anon):     930468 kB
Inactive(anon):   309368 kB
Active(file):      52492 kB
Inactive(file):    57232 kB
Unevictable:       99496 kB
Mlocked:           94212 kB
SwapTotal:        520908 kB
SwapFree:         365184 kB
Dirty:                 0 kB
Writeback:             0 kB
AnonPages:       1239392 kB
Mapped:           142000 kB
Shmem:               612 kB
Slab:              77748 kB
SReclaimable:      24988 kB
SUnreclaim:        52760 kB
KernelStack:       15040 kB
PageTables:        16556 kB
NFS_Unstable:          0 kB
Bounce:                0 kB
WritebackTmp:          0 kB
CommitLimit:     1450072 kB
Committed_AS:   23979704 kB
VmallocTotal:   251658176 kB
VmallocUsed:       96504 kB
VmallocChunk:   251482716 kB


[2024-11-19 20:12:58]
MemTotal:        1858332 kB
MemFree:           39984 kB
Buffers:             384 kB
Cached:           207532 kB
SwapCached:        15072 kB
Active:           983448 kB
Inactive:         365828 kB
Active(anon):     930956 kB
Inactive(anon):   310440 kB
Active(file):      52492 kB
Inactive(file):    55388 kB
Unevictable:       99496 kB
Mlocked:           94212 kB
SwapTotal:        520908 kB
SwapFree:         365200 kB
Dirty:                 0 kB
Writeback:             0 kB
AnonPages:       1240880 kB
Mapped:           144928 kB
Shmem:               612 kB
Slab:              77692 kB
SReclaimable:      24908 kB
SUnreclaim:        52784 kB
KernelStack:       15120 kB
PageTables:        16604 kB
NFS_Unstable:          0 kB
Bounce:                0 kB
WritebackTmp:          0 kB
CommitLimit:     1450072 kB
Committed_AS:   23981792 kB
VmallocTotal:   251658176 kB
VmallocUsed:       96504 kB
VmallocChunk:   251482716 kB


[2024-11-19 20:12:58]
MemTotal:        1858332 kB
MemFree:           35740 kB
Buffers:             412 kB
Cached:           206952 kB
SwapCached:        15072 kB
Active:           995968 kB
Inactive:         357720 kB
Active(anon):     935272 kB
Inactive(anon):   311012 kB
Active(file):      60696 kB
Inactive(file):    46708 kB
Unevictable:       99496 kB
Mlocked:           94212 kB
SwapTotal:        520908 kB
SwapFree:         365236 kB
Dirty:                 0 kB
Writeback:             0 kB
AnonPages:       1245896 kB
Mapped:           146828 kB
Shmem:               612 kB
Slab:              77900 kB
SReclaimable:      25116 kB
SUnreclaim:        52784 kB
KernelStack:       15216 kB
PageTables:        16792 kB
NFS_Unstable:          0 kB
Bounce:                0 kB
WritebackTmp:          0 kB
CommitLimit:     1450072 kB
Committed_AS:   24093108 kB
VmallocTotal:   251658176 kB
VmallocUsed:       96504 kB
VmallocChunk:   251482716 kB


[2024-11-19 20:13:00]
MemTotal:        1858332 kB
MemFree:           35104 kB
Buffers:             412 kB
Cached:           207048 kB
SwapCached:        15072 kB
Active:           996224 kB
Inactive:         357892 kB
Active(anon):     935500 kB
Inactive(anon):   311008 kB
Active(file):      60724 kB
Inactive(file):    46884 kB
Unevictable:       99496 kB
Mlocked:           94212 kB
SwapTotal:        520908 kB
SwapFree:         365236 kB
Dirty:                 0 kB
Writeback:             0 kB
AnonPages:       1246084 kB
Mapped:           146856 kB
Shmem:               612 kB
Slab:              77900 kB
SReclaimable:      25116 kB
SUnreclaim:        52784 kB
KernelStack:       15232 kB
PageTables:        16792 kB
NFS_Unstable:          0 kB
Bounce:                0 kB
WritebackTmp:          0 kB
CommitLimit:     1450072 kB
Committed_AS:   24093064 kB
VmallocTotal:   251658176 kB
VmallocUsed:       96504 kB
VmallocChunk:   251482716 kB


[2024-11-19 20:13:02]
MemTotal:        1858332 kB
MemFree:           34068 kB
Buffers:             412 kB
Cached:           207744 kB
SwapCached:        15072 kB
Active:           996336 kB
Inactive:         358556 kB
Active(anon):     935612 kB
Inactive(anon):   310976 kB
Active(file):      60724 kB
Inactive(file):    47580 kB
Unevictable:       99496 kB
Mlocked:           94212 kB
SwapTotal:        520908 kB
SwapFree:         365236 kB
Dirty:                 0 kB
Writeback:             0 kB
AnonPages:       1246100 kB
Mapped:           146692 kB
Shmem:               612 kB
Slab:              77860 kB
SReclaimable:      25116 kB
SUnreclaim:        52744 kB
KernelStack:       15232 kB
PageTables:        16792 kB
NFS_Unstable:          0 kB
Bounce:                0 kB
WritebackTmp:          0 kB
CommitLimit:     1450072 kB
Committed_AS:   24093076 kB
VmallocTotal:   251658176 kB
VmallocUsed:       96504 kB
VmallocChunk:   251482716 kB


[2024-11-19 20:13:04]
MemTotal:        1858332 kB
MemFree:           40468 kB
Buffers:             412 kB
Cached:           207604 kB
SwapCached:        15040 kB
Active:           986468 kB
Inactive:         362568 kB
Active(anon):     929144 kB
Inactive(anon):   311728 kB
Active(file):      57324 kB
Inactive(file):    50840 kB
Unevictable:       99496 kB
Mlocked:           94212 kB
SwapTotal:        520908 kB
SwapFree:         365084 kB
Dirty:                 0 kB
Writeback:             0 kB
AnonPages:       1240208 kB
Mapped:           146960 kB
Shmem:               612 kB
Slab:              77460 kB
SReclaimable:      24716 kB
SUnreclaim:        52744 kB
KernelStack:       15248 kB
PageTables:        16824 kB
NFS_Unstable:          0 kB
Bounce:                0 kB
WritebackTmp:          0 kB
CommitLimit:     1450072 kB
Committed_AS:   24092996 kB
VmallocTotal:   251658176 kB
VmallocUsed:       96504 kB
VmallocChunk:   251482716 kB


[2024-11-19 20:13:06]
MemTotal:        1858332 kB
MemFree:           40580 kB
Buffers:             412 kB
Cached:           207604 kB
SwapCached:        15040 kB
Active:           986344 kB
Inactive:         362568 kB
Active(anon):     929020 kB
Inactive(anon):   311728 kB
Active(file):      57324 kB
Inactive(file):    50840 kB
Unevictable:       99496 kB
Mlocked:           94212 kB
SwapTotal:        520908 kB
SwapFree:         365084 kB
Dirty:                 0 kB
Writeback:             0 kB
AnonPages:       1240112 kB
Mapped:           146960 kB
Shmem:               612 kB
Slab:              77448 kB
SReclaimable:      24716 kB
SUnreclaim:        52732 kB
KernelStack:       15232 kB
PageTables:        16792 kB
NFS_Unstable:          0 kB
Bounce:                0 kB
WritebackTmp:          0 kB
CommitLimit:     1450072 kB
Committed_AS:   24092940 kB
VmallocTotal:   251658176 kB
VmallocUsed:       96504 kB
VmallocChunk:   251482716 kB


[2024-11-19 20:13:08]
MemTotal:        1858332 kB
MemFree:           40740 kB
Buffers:             412 kB
Cached:           207604 kB
SwapCached:        15040 kB
Active:           986412 kB
Inactive:         362572 kB
Active(anon):     929088 kB
Inactive(anon):   311732 kB
Active(file):      57324 kB
Inactive(file):    50840 kB
Unevictable:       99496 kB
Mlocked:           94212 kB
SwapTotal:        520908 kB
SwapFree:         365088 kB
Dirty:                 0 kB
Writeback:             0 kB
AnonPages:       1240244 kB
Mapped:           146960 kB
Shmem:               612 kB
Slab:              77448 kB
SReclaimable:      24716 kB
SUnreclaim:        52732 kB
KernelStack:       15184 kB
PageTables:        16792 kB
NFS_Unstable:          0 kB
Bounce:                0 kB
WritebackTmp:          0 kB
CommitLimit:     1450072 kB
Committed_AS:   24092948 kB
VmallocTotal:   251658176 kB
VmallocUsed:       96504 kB
VmallocChunk:   251482716 kB


[2024-11-19 20:13:10]
MemTotal:        1858332 kB
MemFree:           40128 kB
Buffers:             412 kB
Cached:           207604 kB
SwapCached:        15040 kB
Active:           986624 kB
Inactive:         362572 kB
Active(anon):     929300 kB
Inactive(anon):   311732 kB
Active(file):      57324 kB
Inactive(file):    50840 kB
Unevictable:       99496 kB
Mlocked:           94212 kB
SwapTotal:        520908 kB
SwapFree:         365088 kB
Dirty:                 0 kB
Writeback:             0 kB
AnonPages:       1240384 kB
Mapped:           146960 kB
Shmem:               612 kB
Slab:              77448 kB
SReclaimable:      24716 kB
SUnreclaim:        52732 kB
KernelStack:       15232 kB
PageTables:        16792 kB
NFS_Unstable:          0 kB
Bounce:                0 kB
WritebackTmp:          0 kB
CommitLimit:     1450072 kB
Committed_AS:   24092940 kB
VmallocTotal:   251658176 kB
VmallocUsed:       96504 kB
VmallocChunk:   251482716 kB


[2024-11-19 20:13:13]
MemTotal:        1858332 kB
MemFree:           40248 kB
Buffers:             412 kB
Cached:           207604 kB
SwapCached:        15040 kB
Active:           986788 kB
Inactive:         362580 kB
Active(anon):     929464 kB
Inactive(anon):   311740 kB
Active(file):      57324 kB
Inactive(file):    50840 kB
Unevictable:       99496 kB
Mlocked:           94212 kB
SwapTotal:        520908 kB
SwapFree:         365100 kB
Dirty:                 0 kB
Writeback:             0 kB
AnonPages:       1240636 kB
Mapped:           146960 kB
Shmem:               612 kB
Slab:              77448 kB
SReclaimable:      24716 kB
SUnreclaim:        52732 kB
KernelStack:       15232 kB
PageTables:        16792 kB
NFS_Unstable:          0 kB
Bounce:                0 kB
WritebackTmp:          0 kB
CommitLimit:     1450072 kB
Committed_AS:   24092956 kB
VmallocTotal:   251658176 kB
VmallocUsed:       96504 kB
VmallocChunk:   251482716 kB


[2024-11-19 20:13:15]
MemTotal:        1858332 kB
MemFree:           40324 kB
Buffers:             412 kB
Cached:           207604 kB
SwapCached:        15040 kB
Active:           987044 kB
Inactive:         362572 kB
Active(anon):     929720 kB
Inactive(anon):   311732 kB
Active(file):      57324 kB
Inactive(file):    50840 kB
Unevictable:       99496 kB
Mlocked:           94212 kB
SwapTotal:        520908 kB
SwapFree:         365100 kB
Dirty:                 0 kB
Writeback:             0 kB
AnonPages:       1240828 kB
Mapped:           146976 kB
Shmem:               612 kB
Slab:              77448 kB
SReclaimable:      24716 kB
SUnreclaim:        52732 kB
KernelStack:       15264 kB
PageTables:        16808 kB
NFS_Unstable:          0 kB
Bounce:                0 kB
WritebackTmp:          0 kB
CommitLimit:     1450072 kB
Committed_AS:   24093064 kB
VmallocTotal:   251658176 kB
VmallocUsed:       96504 kB
VmallocChunk:   251482716 kB


[2024-11-19 20:13:17]
MemTotal:        1858332 kB
MemFree:           39920 kB
Buffers:             412 kB
Cached:           207604 kB
SwapCached:        15040 kB
Active:           987036 kB
Inactive:         362580 kB
Active(anon):     929712 kB
Inactive(anon):   311740 kB
Active(file):      57324 kB
Inactive(file):    50840 kB
Unevictable:       99496 kB
Mlocked:           94212 kB
SwapTotal:        520908 kB
SwapFree:         365108 kB
Dirty:                 0 kB
Writeback:             0 kB
AnonPages:       1240800 kB
Mapped:           146788 kB
Shmem:               612 kB
Slab:              77768 kB
SReclaimable:      25036 kB
SUnreclaim:        52732 kB
KernelStack:       15232 kB
PageTables:        16792 kB
NFS_Unstable:          0 kB
Bounce:                0 kB
WritebackTmp:          0 kB
CommitLimit:     1450072 kB
Committed_AS:   24093052 kB
VmallocTotal:   251658176 kB
VmallocUsed:       96516 kB
VmallocChunk:   251482716 kB


[2024-11-19 20:13:19]
MemTotal:        1858332 kB
MemFree:           39528 kB
Buffers:             412 kB
Cached:           207636 kB
SwapCached:        15040 kB
Active:           987648 kB
Inactive:         362616 kB
Active(anon):     930324 kB
Inactive(anon):   311744 kB
Active(file):      57324 kB
Inactive(file):    50872 kB
Unevictable:       99496 kB
Mlocked:           94212 kB
SwapTotal:        520908 kB
SwapFree:         365116 kB
Dirty:                 0 kB
Writeback:             0 kB
AnonPages:       1241476 kB
Mapped:           146972 kB
Shmem:               612 kB
Slab:              77768 kB
SReclaimable:      25036 kB
SUnreclaim:        52732 kB
KernelStack:       15232 kB
PageTables:        16792 kB
NFS_Unstable:          0 kB
Bounce:                0 kB
WritebackTmp:          0 kB
CommitLimit:     1450072 kB
Committed_AS:   24092952 kB
VmallocTotal:   251658176 kB
VmallocUsed:       96516 kB
VmallocChunk:   251482716 kB


[2024-11-19 20:13:22]
MemTotal:        1858332 kB
MemFree:           38928 kB
Buffers:             412 kB
Cached:           207636 kB
SwapCached:        15040 kB
Active:           987668 kB
Inactive:         362600 kB
Active(anon):     930344 kB
Inactive(anon):   311728 kB
Active(file):      57324 kB
Inactive(file):    50872 kB
Unevictable:       99496 kB
Mlocked:           94212 kB
SwapTotal:        520908 kB
SwapFree:         365116 kB
Dirty:                 0 kB
Writeback:             0 kB
AnonPages:       1241476 kB
Mapped:           146972 kB
Shmem:               612 kB
Slab:              77768 kB
SReclaimable:      25036 kB
SUnreclaim:        52732 kB
KernelStack:       15232 kB
PageTables:        16792 kB
NFS_Unstable:          0 kB
Bounce:                0 kB
WritebackTmp:          0 kB
CommitLimit:     1450072 kB
Committed_AS:   24092952 kB
VmallocTotal:   251658176 kB
VmallocUsed:       96516 kB
VmallocChunk:   251482716 kB


[2024-11-19 20:13:24]
MemTotal:        1858332 kB
MemFree:           38848 kB
Buffers:             412 kB
Cached:           207636 kB
SwapCached:        15040 kB
Active:           987744 kB
Inactive:         362600 kB
Active(anon):     930420 kB
Inactive(anon):   311728 kB
Active(file):      57324 kB
Inactive(file):    50872 kB
Unevictable:       99496 kB
Mlocked:           94212 kB
SwapTotal:        520908 kB
SwapFree:         365116 kB
Dirty:                 0 kB
Writeback:             0 kB
AnonPages:       1241540 kB
Mapped:           146972 kB
Shmem:               612 kB
Slab:              77768 kB
SReclaimable:      25036 kB
SUnreclaim:        52732 kB
KernelStack:       15232 kB
PageTables:        16792 kB
NFS_Unstable:          0 kB
Bounce:                0 kB
WritebackTmp:          0 kB
CommitLimit:     1450072 kB
Committed_AS:   24093052 kB
VmallocTotal:   251658176 kB
VmallocUsed:       96516 kB
VmallocChunk:   251482716 kB


[2024-11-19 20:13:26]
MemTotal:        1858332 kB
MemFree:           37196 kB
Buffers:             508 kB
Cached:           209556 kB
SwapCached:        15036 kB
Active:           988068 kB
Inactive:         364652 kB
Active(anon):     930700 kB
Inactive(anon):   311808 kB
Active(file):      57368 kB
Inactive(file):    52844 kB
Unevictable:       99496 kB
Mlocked:           94212 kB
SwapTotal:        520908 kB
SwapFree:         365200 kB
Dirty:                80 kB
Writeback:             0 kB
AnonPages:       1241968 kB
Mapped:           146820 kB
Shmem:               612 kB
Slab:              77768 kB
SReclaimable:      25036 kB
SUnreclaim:        52732 kB
KernelStack:       15264 kB
PageTables:        16824 kB
NFS_Unstable:          0 kB
Bounce:                0 kB
WritebackTmp:          0 kB
CommitLimit:     1450072 kB
Committed_AS:   24093092 kB
VmallocTotal:   251658176 kB
VmallocUsed:       96516 kB
VmallocChunk:   251482716 kB


[2024-11-19 20:13:28]
MemTotal:        1858332 kB
MemFree:           36680 kB
Buffers:             508 kB
Cached:           209556 kB
SwapCached:        15036 kB
Active:           988280 kB
Inactive:         364652 kB
Active(anon):     930912 kB
Inactive(anon):   311808 kB
Active(file):      57368 kB
Inactive(file):    52844 kB
Unevictable:       99496 kB
Mlocked:           94212 kB
SwapTotal:        520908 kB
SwapFree:         365200 kB
Dirty:                80 kB
Writeback:             0 kB
AnonPages:       1242236 kB
Mapped:           146984 kB
Shmem:               612 kB
Slab:              77768 kB
SReclaimable:      25036 kB
SUnreclaim:        52732 kB
KernelStack:       15232 kB
PageTables:        16792 kB
NFS_Unstable:          0 kB
Bounce:                0 kB
WritebackTmp:          0 kB
CommitLimit:     1450072 kB
Committed_AS:   24092940 kB
VmallocTotal:   251658176 kB
VmallocUsed:       96516 kB
VmallocChunk:   251482716 kB


[2024-11-19 20:13:30]
MemTotal:        1858332 kB
MemFree:           36376 kB
Buffers:             516 kB
Cached:           209548 kB
SwapCached:        15036 kB
Active:           988172 kB
Inactive:         364652 kB
Active(anon):     930804 kB
Inactive(anon):   311808 kB
Active(file):      57368 kB
Inactive(file):    52844 kB
Unevictable:       99496 kB
Mlocked:           94212 kB
SwapTotal:        520908 kB
SwapFree:         365200 kB
Dirty:                 0 kB
Writeback:             0 kB
AnonPages:       1242236 kB
Mapped:           146984 kB
Shmem:               612 kB
Slab:              77768 kB
SReclaimable:      25036 kB
SUnreclaim:        52732 kB
KernelStack:       15232 kB
PageTables:        16792 kB
NFS_Unstable:          0 kB
Bounce:                0 kB
WritebackTmp:          0 kB
CommitLimit:     1450072 kB
Committed_AS:   24092940 kB
VmallocTotal:   251658176 kB
VmallocUsed:       96516 kB
VmallocChunk:   251482716 kB


[2024-11-19 20:13:33]
MemTotal:        1858332 kB
MemFree:           36756 kB
Buffers:             516 kB
Cached:           209556 kB
SwapCached:        15036 kB
Active:           988304 kB
Inactive:         364660 kB
Active(anon):     930936 kB
Inactive(anon):   311808 kB
Active(file):      57368 kB
Inactive(file):    52852 kB
Unevictable:       99496 kB
Mlocked:           94212 kB
SwapTotal:        520908 kB
SwapFree:         365200 kB
Dirty:                28 kB
Writeback:             0 kB
AnonPages:       1242060 kB
Mapped:           146984 kB
Shmem:               612 kB
Slab:              77768 kB
SReclaimable:      25036 kB
SUnreclaim:        52732 kB
KernelStack:       15232 kB
PageTables:        16792 kB
NFS_Unstable:          0 kB
Bounce:                0 kB
WritebackTmp:          0 kB
CommitLimit:     1450072 kB
Committed_AS:   24092916 kB
VmallocTotal:   251658176 kB
VmallocUsed:       96516 kB
VmallocChunk:   251482716 kB


[2024-11-19 20:13:35]
MemTotal:        1858332 kB
MemFree:           36552 kB
Buffers:             516 kB
Cached:           209556 kB
SwapCached:        15036 kB
Active:           988792 kB
Inactive:         364660 kB
Active(anon):     931424 kB
Inactive(anon):   311808 kB
Active(file):      57368 kB
Inactive(file):    52852 kB
Unevictable:       99496 kB
Mlocked:           94212 kB
SwapTotal:        520908 kB
SwapFree:         365200 kB
Dirty:                28 kB
Writeback:             0 kB
AnonPages:       1242796 kB
Mapped:           146908 kB
Shmem:               612 kB
Slab:              77768 kB
SReclaimable:      25036 kB
SUnreclaim:        52732 kB
KernelStack:       15264 kB
PageTables:        16816 kB
NFS_Unstable:          0 kB
Bounce:                0 kB
WritebackTmp:          0 kB
CommitLimit:     1450072 kB
Committed_AS:   24092964 kB
VmallocTotal:   251658176 kB
VmallocUsed:       96516 kB
VmallocChunk:   251482716 kB


[2024-11-19 20:13:37]
MemTotal:        1858332 kB
MemFree:           36712 kB
Buffers:             516 kB
Cached:           209556 kB
SwapCached:        15036 kB
Active:           988556 kB
Inactive:         364660 kB
Active(anon):     931188 kB
Inactive(anon):   311808 kB
Active(file):      57368 kB
Inactive(file):    52852 kB
Unevictable:       99496 kB
Mlocked:           94212 kB
SwapTotal:        520908 kB
SwapFree:         365200 kB
Dirty:                 0 kB
Writeback:             0 kB
AnonPages:       1242556 kB
Mapped:           146800 kB
Shmem:               612 kB
Slab:              77768 kB
SReclaimable:      25036 kB
SUnreclaim:        52732 kB
KernelStack:       15232 kB
PageTables:        16792 kB
NFS_Unstable:          0 kB
Bounce:                0 kB
WritebackTmp:          0 kB
CommitLimit:     1450072 kB
Committed_AS:   24092760 kB
VmallocTotal:   251658176 kB
VmallocUsed:       96516 kB
VmallocChunk:   251482716 kB


[2024-11-19 20:13:40]
MemTotal:        1858332 kB
MemFree:           36576 kB
Buffers:             516 kB
Cached:           209556 kB
SwapCached:        15036 kB
Active:           989008 kB
Inactive:         364664 kB
Active(anon):     931640 kB
Inactive(anon):   311812 kB
Active(file):      57368 kB
Inactive(file):    52852 kB
Unevictable:       99496 kB
Mlocked:           94212 kB
SwapTotal:        520908 kB
SwapFree:         365204 kB
Dirty:                 0 kB
Writeback:             0 kB
AnonPages:       1243008 kB
Mapped:           146992 kB
Shmem:               612 kB
Slab:              77768 kB
SReclaimable:      25036 kB
SUnreclaim:        52732 kB
KernelStack:       15264 kB
PageTables:        16820 kB
NFS_Unstable:          0 kB
Bounce:                0 kB
WritebackTmp:          0 kB
CommitLimit:     1450072 kB
Committed_AS:   24092804 kB
VmallocTotal:   251658176 kB
VmallocUsed:       96516 kB
VmallocChunk:   251482716 kB


[2024-11-19 20:13:43]
MemTotal:        1858332 kB
MemFree:           36120 kB
Buffers:             516 kB
Cached:           209556 kB
SwapCached:        15036 kB
Active:           989032 kB
Inactive:         364664 kB
Active(anon):     931664 kB
Inactive(anon):   311812 kB
Active(file):      57368 kB
Inactive(file):    52852 kB
Unevictable:       99496 kB
Mlocked:           94212 kB
SwapTotal:        520908 kB
SwapFree:         365204 kB
Dirty:                 0 kB
Writeback:             0 kB
AnonPages:       1242972 kB
Mapped:           146984 kB
Shmem:               612 kB
Slab:              77768 kB
SReclaimable:      25036 kB
SUnreclaim:        52732 kB
KernelStack:       15232 kB
PageTables:        16792 kB
NFS_Unstable:          0 kB
Bounce:                0 kB
WritebackTmp:          0 kB
CommitLimit:     1450072 kB
Committed_AS:   24093032 kB
VmallocTotal:   251658176 kB
VmallocUsed:       96516 kB
VmallocChunk:   251482716 kB


[2024-11-19 20:13:45]
MemTotal:        1858332 kB
MemFree:           36284 kB
Buffers:             516 kB
Cached:           209556 kB
SwapCached:        15036 kB
Active:           989164 kB
Inactive:         364664 kB
Active(anon):     931796 kB
Inactive(anon):   311812 kB
Active(file):      57368 kB
Inactive(file):    52852 kB
Unevictable:       99496 kB
Mlocked:           94212 kB
SwapTotal:        520908 kB
SwapFree:         365204 kB
Dirty:                 0 kB
Writeback:             0 kB
AnonPages:       1242920 kB
Mapped:           146820 kB
Shmem:               612 kB
Slab:              77768 kB
SReclaimable:      25036 kB
SUnreclaim:        52732 kB
KernelStack:       15248 kB
PageTables:        16824 kB
NFS_Unstable:          0 kB
Bounce:                0 kB
WritebackTmp:          0 kB
CommitLimit:     1450072 kB
Committed_AS:   24092936 kB
VmallocTotal:   251658176 kB
VmallocUsed:       96516 kB
VmallocChunk:   251482716 kB


[2024-11-19 20:13:48]
MemTotal:        1858332 kB
MemFree:           36188 kB
Buffers:             516 kB
Cached:           209556 kB
SwapCached:        15036 kB
Active:           989288 kB
Inactive:         364664 kB
Active(anon):     931920 kB
Inactive(anon):   311812 kB
Active(file):      57368 kB
Inactive(file):    52852 kB
Unevictable:       99496 kB
Mlocked:           94212 kB
SwapTotal:        520908 kB
SwapFree:         365204 kB
Dirty:                 0 kB
Writeback:             0 kB
AnonPages:       1243048 kB
Mapped:           146800 kB
Shmem:               612 kB
Slab:              77768 kB
SReclaimable:      25036 kB
SUnreclaim:        52732 kB
KernelStack:       15216 kB
PageTables:        16792 kB
NFS_Unstable:          0 kB
Bounce:                0 kB
WritebackTmp:          0 kB
CommitLimit:     1450072 kB
Committed_AS:   24092980 kB
VmallocTotal:   251658176 kB
VmallocUsed:       96516 kB
VmallocChunk:   251482716 kB


[2024-11-19 20:13:50]
MemTotal:        1858332 kB
MemFree:           36004 kB
Buffers:             516 kB
Cached:           209556 kB
SwapCached:        15036 kB
Active:           989500 kB
Inactive:         364664 kB
Active(anon):     932132 kB
Inactive(anon):   311812 kB
Active(file):      57368 kB
Inactive(file):    52852 kB
Unevictable:       99496 kB
Mlocked:           94212 kB
SwapTotal:        520908 kB
SwapFree:         365204 kB
Dirty:                 0 kB
Writeback:             0 kB
AnonPages:       1243352 kB
Mapped:           147028 kB
Shmem:               612 kB
Slab:              77768 kB
SReclaimable:      25036 kB
SUnreclaim:        52732 kB
KernelStack:       15248 kB
PageTables:        16820 kB
NFS_Unstable:          0 kB
Bounce:                0 kB
WritebackTmp:          0 kB
CommitLimit:     1450072 kB
Committed_AS:   24092936 kB
VmallocTotal:   251658176 kB
VmallocUsed:       96516 kB
VmallocChunk:   251482716 kB


[2024-11-19 20:13:53]
MemTotal:        1858332 kB
MemFree:           35624 kB
Buffers:             516 kB
Cached:           209372 kB
SwapCached:        15036 kB
Active:           989896 kB
Inactive:         364664 kB
Active(anon):     932716 kB
Inactive(anon):   311812 kB
Active(file):      57180 kB
Inactive(file):    52852 kB
Unevictable:       99496 kB
Mlocked:           94212 kB
SwapTotal:        520908 kB
SwapFree:         365192 kB
Dirty:                 0 kB
Writeback:             0 kB
AnonPages:       1244012 kB
Mapped:           146992 kB
Shmem:               612 kB
Slab:              77768 kB
SReclaimable:      25036 kB
SUnreclaim:        52732 kB
KernelStack:       15248 kB
PageTables:        16820 kB
NFS_Unstable:          0 kB
Bounce:                0 kB
WritebackTmp:          0 kB
CommitLimit:     1450072 kB
Committed_AS:   24093044 kB
VmallocTotal:   251658176 kB
VmallocUsed:       96516 kB
VmallocChunk:   251482716 kB


[2024-11-19 20:13:56]
MemTotal:        1858332 kB
MemFree:           37696 kB
Buffers:             516 kB
Cached:           206524 kB
SwapCached:        14956 kB
Active:           987156 kB
Inactive:         364056 kB
Active(anon):     933028 kB
Inactive(anon):   310996 kB
Active(file):      54128 kB
Inactive(file):    53060 kB
Unevictable:       99496 kB
Mlocked:           94212 kB
SwapTotal:        520908 kB
SwapFree:         364968 kB
Dirty:                 0 kB
Writeback:             0 kB
AnonPages:       1243700 kB
Mapped:           146984 kB
Shmem:               612 kB
Slab:              77768 kB
SReclaimable:      25036 kB
SUnreclaim:        52732 kB
KernelStack:       15216 kB
PageTables:        16792 kB
NFS_Unstable:          0 kB
Bounce:                0 kB
WritebackTmp:          0 kB
CommitLimit:     1450072 kB
Committed_AS:   24092820 kB
VmallocTotal:   251658176 kB
VmallocUsed:       96516 kB
VmallocChunk:   251482716 kB


[2024-11-19 20:13:58]
MemTotal:        1858332 kB
MemFree:           37320 kB
Buffers:             516 kB
Cached:           206524 kB
SwapCached:        14956 kB
Active:           987344 kB
Inactive:         364044 kB
Active(anon):     933216 kB
Inactive(anon):   310984 kB
Active(file):      54128 kB
Inactive(file):    53060 kB
Unevictable:       99496 kB
Mlocked:           94212 kB
SwapTotal:        520908 kB
SwapFree:         364976 kB
Dirty:                 0 kB
Writeback:             0 kB
AnonPages:       1243784 kB
Mapped:           146984 kB
Shmem:               612 kB
Slab:              77768 kB
SReclaimable:      25036 kB
SUnreclaim:        52732 kB
KernelStack:       15216 kB
PageTables:        16792 kB
NFS_Unstable:          0 kB
Bounce:                0 kB
WritebackTmp:          0 kB
CommitLimit:     1450072 kB
Committed_AS:   24092864 kB
VmallocTotal:   251658176 kB
VmallocUsed:       96516 kB
VmallocChunk:   251482716 kB


[2024-11-19 20:14:00]
MemTotal:        1858332 kB
MemFree:           37320 kB
Buffers:             516 kB
Cached:           206524 kB
SwapCached:        14956 kB
Active:           987608 kB
Inactive:         364044 kB
Active(anon):     933480 kB
Inactive(anon):   310984 kB
Active(file):      54128 kB
Inactive(file):    53060 kB
Unevictable:       99496 kB
Mlocked:           94212 kB
SwapTotal:        520908 kB
SwapFree:         364976 kB
Dirty:                 0 kB
Writeback:             0 kB
AnonPages:       1243956 kB
Mapped:           146984 kB
Shmem:               612 kB
Slab:              77768 kB
SReclaimable:      25036 kB
SUnreclaim:        52732 kB
KernelStack:       15216 kB
PageTables:        16792 kB
NFS_Unstable:          0 kB
Bounce:                0 kB
WritebackTmp:          0 kB
CommitLimit:     1450072 kB
Committed_AS:   24084760 kB
VmallocTotal:   251658176 kB
VmallocUsed:       96516 kB
VmallocChunk:   251482716 kB


[2024-11-19 20:14:02]
MemTotal:        1858332 kB
MemFree:           37328 kB
Buffers:             516 kB
Cached:           206524 kB
SwapCached:        14956 kB
Active:           987656 kB
Inactive:         364044 kB
Active(anon):     933528 kB
Inactive(anon):   310984 kB
Active(file):      54128 kB
Inactive(file):    53060 kB
Unevictable:       99496 kB
Mlocked:           94212 kB
SwapTotal:        520908 kB
SwapFree:         364976 kB
Dirty:                 0 kB
Writeback:             0 kB
AnonPages:       1243876 kB
Mapped:           146984 kB
Shmem:               612 kB
Slab:              77768 kB
SReclaimable:      25036 kB
SUnreclaim:        52732 kB
KernelStack:       15184 kB
PageTables:        16792 kB
NFS_Unstable:          0 kB
Bounce:                0 kB
WritebackTmp:          0 kB
CommitLimit:     1450072 kB
Committed_AS:   24093084 kB
VmallocTotal:   251658176 kB
VmallocUsed:       96516 kB
VmallocChunk:   251482716 kB


[2024-11-19 20:14:04]
MemTotal:        1858332 kB
MemFree:           37016 kB
Buffers:             516 kB
Cached:           206524 kB
SwapCached:        14956 kB
Active:           987668 kB
Inactive:         364044 kB
Active(anon):     933540 kB
Inactive(anon):   310984 kB
Active(file):      54128 kB
Inactive(file):    53060 kB
Unevictable:       99496 kB
Mlocked:           94212 kB
SwapTotal:        520908 kB
SwapFree:         364976 kB
Dirty:                 0 kB
Writeback:             0 kB
AnonPages:       1243892 kB
Mapped:           146984 kB
Shmem:               612 kB
Slab:              77768 kB
SReclaimable:      25036 kB
SUnreclaim:        52732 kB
KernelStack:       15200 kB
PageTables:        16792 kB
NFS_Unstable:          0 kB
Bounce:                0 kB
WritebackTmp:          0 kB
CommitLimit:     1450072 kB
Committed_AS:   24093096 kB
VmallocTotal:   251658176 kB
VmallocUsed:       96516 kB
VmallocChunk:   251482716 kB


[2024-11-19 20:14:06]
MemTotal:        1858332 kB
MemFree:           36908 kB
Buffers:             516 kB
Cached:           206524 kB
SwapCached:        14956 kB
Active:           987928 kB
Inactive:         364044 kB
Active(anon):     933800 kB
Inactive(anon):   310984 kB
Active(file):      54128 kB
Inactive(file):    53060 kB
Unevictable:       99496 kB
Mlocked:           94212 kB
SwapTotal:        520908 kB
SwapFree:         364976 kB
Dirty:                 0 kB
Writeback:             0 kB
AnonPages:       1244168 kB
Mapped:           146984 kB
Shmem:               612 kB
Slab:              77768 kB
SReclaimable:      25036 kB
SUnreclaim:        52732 kB
KernelStack:       15200 kB
PageTables:        16792 kB
NFS_Unstable:          0 kB
Bounce:                0 kB
WritebackTmp:          0 kB
CommitLimit:     1450072 kB
Committed_AS:   24092980 kB
VmallocTotal:   251658176 kB
VmallocUsed:       96516 kB
VmallocChunk:   251482716 kB


[2024-11-19 20:14:08]
MemTotal:        1858332 kB
MemFree:           36840 kB
Buffers:             516 kB
Cached:           206524 kB
SwapCached:        14956 kB
Active:           987928 kB
Inactive:         364044 kB
Active(anon):     933800 kB
Inactive(anon):   310984 kB
Active(file):      54128 kB
Inactive(file):    53060 kB
Unevictable:       99496 kB
Mlocked:           94212 kB
SwapTotal:        520908 kB
SwapFree:         364976 kB
Dirty:                 0 kB
Writeback:             0 kB
AnonPages:       1244152 kB
Mapped:           146984 kB
Shmem:               612 kB
Slab:              77768 kB
SReclaimable:      25036 kB
SUnreclaim:        52732 kB
KernelStack:       15200 kB
PageTables:        16792 kB
NFS_Unstable:          0 kB
Bounce:                0 kB
WritebackTmp:          0 kB
CommitLimit:     1450072 kB
Committed_AS:   24093084 kB
VmallocTotal:   251658176 kB
VmallocUsed:       96516 kB
VmallocChunk:   251482716 kB


[2024-11-19 20:14:10]
MemTotal:        1858332 kB
MemFree:           36460 kB
Buffers:             516 kB
Cached:           206524 kB
SwapCached:        14956 kB
Active:           988540 kB
Inactive:         364044 kB
Active(anon):     934412 kB
Inactive(anon):   310984 kB
Active(file):      54128 kB
Inactive(file):    53060 kB
Unevictable:       99496 kB
Mlocked:           94212 kB
SwapTotal:        520908 kB
SwapFree:         364976 kB
Dirty:                 0 kB
Writeback:             0 kB
AnonPages:       1244816 kB
Mapped:           146800 kB
Shmem:               612 kB
Slab:              77768 kB
SReclaimable:      25036 kB
SUnreclaim:        52732 kB
KernelStack:       15232 kB
PageTables:        16792 kB
NFS_Unstable:          0 kB
Bounce:                0 kB
WritebackTmp:          0 kB
CommitLimit:     1450072 kB
Committed_AS:   24093108 kB
VmallocTotal:   251658176 kB
VmallocUsed:       96516 kB
VmallocChunk:   251482716 kB


[2024-11-19 20:14:12]
MemTotal:        1858332 kB
MemFree:           36440 kB
Buffers:             516 kB
Cached:           206524 kB
SwapCached:        14956 kB
Active:           988388 kB
Inactive:         364048 kB
Active(anon):     934260 kB
Inactive(anon):   310988 kB
Active(file):      54128 kB
Inactive(file):    53060 kB
Unevictable:       99496 kB
Mlocked:           94212 kB
SwapTotal:        520908 kB
SwapFree:         364980 kB
Dirty:                 0 kB
Writeback:             0 kB
AnonPages:       1244808 kB
Mapped:           146984 kB
Shmem:               612 kB
Slab:              77768 kB
SReclaimable:      25036 kB
SUnreclaim:        52732 kB
KernelStack:       15216 kB
PageTables:        16792 kB
NFS_Unstable:          0 kB
Bounce:                0 kB
WritebackTmp:          0 kB
CommitLimit:     1450072 kB
Committed_AS:   24093096 kB
VmallocTotal:   251658176 kB
VmallocUsed:       96516 kB
VmallocChunk:   251482716 kB


[2024-11-19 20:14:14]
MemTotal:        1858332 kB
MemFree:           36324 kB
Buffers:             516 kB
Cached:           206524 kB
SwapCached:        14956 kB
Active:           988756 kB
Inactive:         364048 kB
Active(anon):     934628 kB
Inactive(anon):   310988 kB
Active(file):      54128 kB
Inactive(file):    53060 kB
Unevictable:       99496 kB
Mlocked:           94212 kB
SwapTotal:        520908 kB
SwapFree:         364980 kB
Dirty:                 0 kB
Writeback:             0 kB
AnonPages:       1245080 kB
Mapped:           146984 kB
Shmem:               612 kB
Slab:              77768 kB
SReclaimable:      25036 kB
SUnreclaim:        52732 kB
KernelStack:       15216 kB
PageTables:        16792 kB
NFS_Unstable:          0 kB
Bounce:                0 kB
WritebackTmp:          0 kB
CommitLimit:     1450072 kB
Committed_AS:   24093096 kB
VmallocTotal:   251658176 kB
VmallocUsed:       96516 kB
VmallocChunk:   251482716 kB


[2024-11-19 20:14:16]
MemTotal:        1858332 kB
MemFree:           36500 kB
Buffers:             516 kB
Cached:           206524 kB
SwapCached:        14956 kB
Active:           988612 kB
Inactive:         364048 kB
Active(anon):     934484 kB
Inactive(anon):   310988 kB
Active(file):      54128 kB
Inactive(file):    53060 kB
Unevictable:       99496 kB
Mlocked:           94212 kB
SwapTotal:        520908 kB
SwapFree:         364980 kB
Dirty:                 0 kB
Writeback:             0 kB
AnonPages:       1245048 kB
Mapped:           146984 kB
Shmem:               612 kB
Slab:              77768 kB
SReclaimable:      25036 kB
SUnreclaim:        52732 kB
KernelStack:       15216 kB
PageTables:        16792 kB
NFS_Unstable:          0 kB
Bounce:                0 kB
WritebackTmp:          0 kB
CommitLimit:     1450072 kB
Committed_AS:   24092996 kB
VmallocTotal:   251658176 kB
VmallocUsed:       96516 kB
VmallocChunk:   251482716 kB


[2024-11-19 20:14:19]
MemTotal:        1858332 kB
MemFree:           37120 kB
Buffers:             516 kB
Cached:           206524 kB
SwapCached:        14956 kB
Active:           988980 kB
Inactive:         364044 kB
Active(anon):     934844 kB
Inactive(anon):   310992 kB
Active(file):      54136 kB
Inactive(file):    53052 kB
Unevictable:       99496 kB
Mlocked:           94212 kB
SwapTotal:        520908 kB
SwapFree:         364984 kB
Dirty:                 0 kB
Writeback:             0 kB
AnonPages:       1245304 kB
Mapped:           146964 kB
Shmem:               612 kB
Slab:              77768 kB
SReclaimable:      25036 kB
SUnreclaim:        52732 kB
KernelStack:       15216 kB
PageTables:        16820 kB
NFS_Unstable:          0 kB
Bounce:                0 kB
WritebackTmp:          0 kB
CommitLimit:     1450072 kB
Committed_AS:   24093096 kB
VmallocTotal:   251658176 kB
VmallocUsed:       96516 kB
VmallocChunk:   251482716 kB


[2024-11-19 20:14:21]
MemTotal:        1858332 kB
MemFree:           36500 kB
Buffers:             516 kB
Cached:           206524 kB
SwapCached:        14956 kB
Active:           988796 kB
Inactive:         364044 kB
Active(anon):     934660 kB
Inactive(anon):   310992 kB
Active(file):      54136 kB
Inactive(file):    53052 kB
Unevictable:       99496 kB
Mlocked:           94212 kB
SwapTotal:        520908 kB
SwapFree:         364984 kB
Dirty:                 0 kB
Writeback:             0 kB
AnonPages:       1245428 kB
Mapped:           147036 kB
Shmem:               612 kB
Slab:              77768 kB
SReclaimable:      25036 kB
SUnreclaim:        52732 kB
KernelStack:       15248 kB
PageTables:        16816 kB
NFS_Unstable:          0 kB
Bounce:                0 kB
WritebackTmp:          0 kB
CommitLimit:     1450072 kB
Committed_AS:   24092912 kB
VmallocTotal:   251658176 kB
VmallocUsed:       96516 kB
VmallocChunk:   251482716 kB


[2024-11-19 20:14:24]
MemTotal:        1858332 kB
MemFree:           36048 kB
Buffers:             516 kB
Cached:           206524 kB
SwapCached:        14956 kB
Active:           989328 kB
Inactive:         364044 kB
Active(anon):     935192 kB
Inactive(anon):   310992 kB
Active(file):      54136 kB
Inactive(file):    53052 kB
Unevictable:       99496 kB
Mlocked:           94212 kB
SwapTotal:        520908 kB
SwapFree:         364984 kB
Dirty:                 0 kB
Writeback:             0 kB
AnonPages:       1245672 kB
Mapped:           146888 kB
Shmem:               612 kB
Slab:              77764 kB
SReclaimable:      25036 kB
SUnreclaim:        52728 kB
KernelStack:       15248 kB
PageTables:        16832 kB
NFS_Unstable:          0 kB
Bounce:                0 kB
WritebackTmp:          0 kB
CommitLimit:     1450072 kB
Committed_AS:   24092856 kB
VmallocTotal:   251658176 kB
VmallocUsed:       96516 kB
VmallocChunk:   251482716 kB


[2024-11-19 20:14:26]
MemTotal:        1858332 kB
MemFree:           36308 kB
Buffers:             516 kB
Cached:           206524 kB
SwapCached:        14956 kB
Active:           989472 kB
Inactive:         364044 kB
Active(anon):     935336 kB
Inactive(anon):   310992 kB
Active(file):      54136 kB
Inactive(file):    53052 kB
Unevictable:       99496 kB
Mlocked:           94212 kB
SwapTotal:        520908 kB
SwapFree:         364984 kB
Dirty:                 0 kB
Writeback:             0 kB
AnonPages:       1245684 kB
Mapped:           146984 kB
Shmem:               612 kB
Slab:              77764 kB
SReclaimable:      25036 kB
SUnreclaim:        52728 kB
KernelStack:       15216 kB
PageTables:        16792 kB
NFS_Unstable:          0 kB
Bounce:                0 kB
WritebackTmp:          0 kB
CommitLimit:     1450072 kB
Committed_AS:   24092932 kB
VmallocTotal:   251658176 kB
VmallocUsed:       96516 kB
VmallocChunk:   251482716 kB


[2024-11-19 20:14:29]
MemTotal:        1858332 kB
MemFree:           36248 kB
Buffers:             516 kB
Cached:           206524 kB
SwapCached:        14956 kB
Active:           989332 kB
Inactive:         364044 kB
Active(anon):     935196 kB
Inactive(anon):   310992 kB
Active(file):      54136 kB
Inactive(file):    53052 kB
Unevictable:       99496 kB
Mlocked:           94212 kB
SwapTotal:        520908 kB
SwapFree:         364984 kB
Dirty:                 0 kB
Writeback:             0 kB
AnonPages:       1245676 kB
Mapped:           146804 kB
Shmem:               612 kB
Slab:              77764 kB
SReclaimable:      25036 kB
SUnreclaim:        52728 kB
KernelStack:       15216 kB
PageTables:        16792 kB
NFS_Unstable:          0 kB
Bounce:                0 kB
WritebackTmp:          0 kB
CommitLimit:     1450072 kB
Committed_AS:   24092948 kB
VmallocTotal:   251658176 kB
VmallocUsed:       96516 kB
VmallocChunk:   251482716 kB


[2024-11-19 20:14:31]
MemTotal:        1858332 kB
MemFree:           35896 kB
Buffers:             516 kB
Cached:           206524 kB
SwapCached:        14956 kB
Active:           989696 kB
Inactive:         364044 kB
Active(anon):     935560 kB
Inactive(anon):   310992 kB
Active(file):      54136 kB
Inactive(file):    53052 kB
Unevictable:       99496 kB
Mlocked:           94212 kB
SwapTotal:        520908 kB
SwapFree:         364984 kB
Dirty:                 0 kB
Writeback:             0 kB
AnonPages:       1246168 kB
Mapped:           146988 kB
Shmem:               612 kB
Slab:              77764 kB
SReclaimable:      25036 kB
SUnreclaim:        52728 kB
KernelStack:       15232 kB
PageTables:        16824 kB
NFS_Unstable:          0 kB
Bounce:                0 kB
WritebackTmp:          0 kB
CommitLimit:     1450072 kB
Committed_AS:   24092904 kB
VmallocTotal:   251658176 kB
VmallocUsed:       96516 kB
VmallocChunk:   251482716 kB


[2024-11-19 20:14:34]
MemTotal:        1858332 kB
MemFree:           35992 kB
Buffers:             516 kB
Cached:           206524 kB
SwapCached:        14956 kB
Active:           989972 kB
Inactive:         364044 kB
Active(anon):     935836 kB
Inactive(anon):   310992 kB
Active(file):      54136 kB
Inactive(file):    53052 kB
Unevictable:       99496 kB
Mlocked:           94212 kB
SwapTotal:        520908 kB
SwapFree:         364984 kB
Dirty:                 0 kB
Writeback:             0 kB
AnonPages:       1246372 kB
Mapped:           146996 kB
Shmem:               612 kB
Slab:              77764 kB
SReclaimable:      25036 kB
SUnreclaim:        52728 kB
KernelStack:       15248 kB
PageTables:        16816 kB
NFS_Unstable:          0 kB
Bounce:                0 kB
WritebackTmp:          0 kB
CommitLimit:     1450072 kB
Committed_AS:   24092748 kB
VmallocTotal:   251658176 kB
VmallocUsed:       96516 kB
VmallocChunk:   251482716 kB


[2024-11-19 20:14:37]
MemTotal:        1858332 kB
MemFree:           35812 kB
Buffers:             516 kB
Cached:           206524 kB
SwapCached:        14956 kB
Active:           989988 kB
Inactive:         364044 kB
Active(anon):     935852 kB
Inactive(anon):   310992 kB
Active(file):      54136 kB
Inactive(file):    53052 kB
Unevictable:       99496 kB
Mlocked:           94212 kB
SwapTotal:        520908 kB
SwapFree:         364984 kB
Dirty:                 0 kB
Writeback:             0 kB
AnonPages:       1246400 kB
Mapped:           146804 kB
Shmem:               612 kB
Slab:              77764 kB
SReclaimable:      25036 kB
SUnreclaim:        52728 kB
KernelStack:       15216 kB
PageTables:        16792 kB
NFS_Unstable:          0 kB
Bounce:                0 kB
WritebackTmp:          0 kB
CommitLimit:     1450072 kB
Committed_AS:   24093044 kB
VmallocTotal:   251658176 kB
VmallocUsed:       96516 kB
VmallocChunk:   251482716 kB


[2024-11-19 20:14:39]
MemTotal:        1858332 kB
MemFree:           35100 kB
Buffers:             516 kB
Cached:           206524 kB
SwapCached:        14956 kB
Active:           990304 kB
Inactive:         364044 kB
Active(anon):     936168 kB
Inactive(anon):   310992 kB
Active(file):      54136 kB
Inactive(file):    53052 kB
Unevictable:       99496 kB
Mlocked:           94212 kB
SwapTotal:        520908 kB
SwapFree:         364984 kB
Dirty:                 0 kB
Writeback:             0 kB
AnonPages:       1246636 kB
Mapped:           146996 kB
Shmem:               612 kB
Slab:              77764 kB
SReclaimable:      25036 kB
SUnreclaim:        52728 kB
KernelStack:       15248 kB
PageTables:        16820 kB
NFS_Unstable:          0 kB
Bounce:                0 kB
WritebackTmp:          0 kB
CommitLimit:     1450072 kB
Committed_AS:   24093040 kB
VmallocTotal:   251658176 kB
VmallocUsed:       96516 kB
VmallocChunk:   251482716 kB


[2024-11-19 20:14:42]
MemTotal:        1858332 kB
MemFree:           34936 kB
Buffers:             516 kB
Cached:           206524 kB
SwapCached:        14956 kB
Active:           990740 kB
Inactive:         364044 kB
Active(anon):     936604 kB
Inactive(anon):   310992 kB
Active(file):      54136 kB
Inactive(file):    53052 kB
Unevictable:       99496 kB
Mlocked:           94212 kB
SwapTotal:        520908 kB
SwapFree:         364984 kB
Dirty:                 0 kB
Writeback:             0 kB
AnonPages:       1247016 kB
Mapped:           147000 kB
Shmem:               612 kB
Slab:              77764 kB
SReclaimable:      25036 kB
SUnreclaim:        52728 kB
KernelStack:       15216 kB
PageTables:        16792 kB
NFS_Unstable:          0 kB
Bounce:                0 kB
WritebackTmp:          0 kB
CommitLimit:     1450072 kB
Committed_AS:   24092996 kB
VmallocTotal:   251658176 kB
VmallocUsed:       96516 kB
VmallocChunk:   251482716 kB


[2024-11-19 20:14:44]
MemTotal:        1858332 kB
MemFree:           41856 kB
Buffers:             516 kB
Cached:           206524 kB
SwapCached:        14956 kB
Active:           984092 kB
Inactive:         364044 kB
Active(anon):     929956 kB
Inactive(anon):   310992 kB
Active(file):      54136 kB
Inactive(file):    53052 kB
Unevictable:       99496 kB
Mlocked:           94212 kB
SwapTotal:        520908 kB
SwapFree:         365008 kB
Dirty:                 0 kB
Writeback:             0 kB
AnonPages:       1240344 kB
Mapped:           147000 kB
Shmem:               612 kB
Slab:              77764 kB
SReclaimable:      25036 kB
SUnreclaim:        52728 kB
KernelStack:       15216 kB
PageTables:        16792 kB
NFS_Unstable:          0 kB
Bounce:                0 kB
WritebackTmp:          0 kB
CommitLimit:     1450072 kB
Committed_AS:   24093076 kB
VmallocTotal:   251658176 kB
VmallocUsed:       96516 kB
VmallocChunk:   251482716 kB


[2024-11-19 20:14:46]
MemTotal:        1858332 kB
MemFree:           41572 kB
Buffers:             516 kB
Cached:           206524 kB
SwapCached:        14956 kB
Active:           984044 kB
Inactive:         364044 kB
Active(anon):     929908 kB
Inactive(anon):   310992 kB
Active(file):      54136 kB
Inactive(file):    53052 kB
Unevictable:       99496 kB
Mlocked:           94212 kB
SwapTotal:        520908 kB
SwapFree:         365008 kB
Dirty:                 0 kB
Writeback:             0 kB
AnonPages:       1240392 kB
Mapped:           147000 kB
Shmem:               612 kB
Slab:              77764 kB
SReclaimable:      25036 kB
SUnreclaim:        52728 kB
KernelStack:       15232 kB
PageTables:        16804 kB
NFS_Unstable:          0 kB
Bounce:                0 kB
WritebackTmp:          0 kB
CommitLimit:     1450072 kB
Committed_AS:   24092932 kB
VmallocTotal:   251658176 kB
VmallocUsed:       96516 kB
VmallocChunk:   251482716 kB


[2024-11-19 20:14:49]
MemTotal:        1858332 kB
MemFree:           41876 kB
Buffers:             516 kB
Cached:           206524 kB
SwapCached:        14956 kB
Active:           984164 kB
Inactive:         364044 kB
Active(anon):     930028 kB
Inactive(anon):   310992 kB
Active(file):      54136 kB
Inactive(file):    53052 kB
Unevictable:       99496 kB
Mlocked:           94212 kB
SwapTotal:        520908 kB
SwapFree:         365008 kB
Dirty:                 0 kB
Writeback:             0 kB
AnonPages:       1240620 kB
Mapped:           147000 kB
Shmem:               612 kB
Slab:              77764 kB
SReclaimable:      25036 kB
SUnreclaim:        52728 kB
KernelStack:       15216 kB
PageTables:        16792 kB
NFS_Unstable:          0 kB
Bounce:                0 kB
WritebackTmp:          0 kB
CommitLimit:     1450072 kB
Committed_AS:   24093000 kB
VmallocTotal:   251658176 kB
VmallocUsed:       96516 kB
VmallocChunk:   251482716 kB


[2024-11-19 20:14:51]
MemTotal:        1858332 kB
MemFree:           41700 kB
Buffers:             516 kB
Cached:           206524 kB
SwapCached:        14956 kB
Active:           984312 kB
Inactive:         364044 kB
Active(anon):     930176 kB
Inactive(anon):   310992 kB
Active(file):      54136 kB
Inactive(file):    53052 kB
Unevictable:       99496 kB
Mlocked:           94212 kB
SwapTotal:        520908 kB
SwapFree:         365008 kB
Dirty:                 0 kB
Writeback:             0 kB
AnonPages:       1240696 kB
Mapped:           147000 kB
Shmem:               612 kB
Slab:              77764 kB
SReclaimable:      25036 kB
SUnreclaim:        52728 kB
KernelStack:       15248 kB
PageTables:        16808 kB
NFS_Unstable:          0 kB
Bounce:                0 kB
WritebackTmp:          0 kB
CommitLimit:     1450072 kB
Committed_AS:   24092956 kB
VmallocTotal:   251658176 kB
VmallocUsed:       96516 kB
VmallocChunk:   251482716 kB


[2024-11-19 20:14:54]
MemTotal:        1858332 kB
MemFree:           41304 kB
Buffers:             516 kB
Cached:           206524 kB
SwapCached:        14956 kB
Active:           984352 kB
Inactive:         364044 kB
Active(anon):     930216 kB
Inactive(anon):   310992 kB
Active(file):      54136 kB
Inactive(file):    53052 kB
Unevictable:       99496 kB
Mlocked:           94212 kB
SwapTotal:        520908 kB
SwapFree:         365008 kB
Dirty:                 0 kB
Writeback:             0 kB
AnonPages:       1240564 kB
Mapped:           146816 kB
Shmem:               612 kB
Slab:              77764 kB
SReclaimable:      25036 kB
SUnreclaim:        52728 kB
KernelStack:       15216 kB
PageTables:        16792 kB
NFS_Unstable:          0 kB
Bounce:                0 kB
WritebackTmp:          0 kB
CommitLimit:     1450072 kB
Committed_AS:   24084660 kB
VmallocTotal:   251658176 kB
VmallocUsed:       96516 kB
VmallocChunk:   251482716 kB


[2024-11-19 20:14:56]
MemTotal:        1858332 kB
MemFree:           40568 kB
Buffers:             516 kB
Cached:           206524 kB
SwapCached:        14956 kB
Active:           985356 kB
Inactive:         364044 kB
Active(anon):     931220 kB
Inactive(anon):   310992 kB
Active(file):      54136 kB
Inactive(file):    53052 kB
Unevictable:       99496 kB
Mlocked:           94212 kB
SwapTotal:        520908 kB
SwapFree:         365008 kB
Dirty:                 0 kB
Writeback:             0 kB
AnonPages:       1241944 kB
Mapped:           147016 kB
Shmem:               612 kB
Slab:              77764 kB
SReclaimable:      25036 kB
SUnreclaim:        52728 kB
KernelStack:       15216 kB
PageTables:        16792 kB
NFS_Unstable:          0 kB
Bounce:                0 kB
WritebackTmp:          0 kB
CommitLimit:     1450072 kB
Committed_AS:   24109496 kB
VmallocTotal:   251658176 kB
VmallocUsed:       96516 kB
VmallocChunk:   251482716 kB


[2024-11-19 20:14:59]
MemTotal:        1858332 kB
MemFree:           39784 kB
Buffers:             516 kB
Cached:           206796 kB
SwapCached:        14956 kB
Active:           986036 kB
Inactive:         364312 kB
Active(anon):     931900 kB
Inactive(anon):   310988 kB
Active(file):      54136 kB
Inactive(file):    53324 kB
Unevictable:       99496 kB
Mlocked:           94212 kB
SwapTotal:        520908 kB
SwapFree:         365008 kB
Dirty:                 0 kB
Writeback:             0 kB
AnonPages:       1242344 kB
Mapped:           146984 kB
Shmem:               612 kB
Slab:              77764 kB
SReclaimable:      25036 kB
SUnreclaim:        52728 kB
KernelStack:       15280 kB
PageTables:        16840 kB
NFS_Unstable:          0 kB
Bounce:                0 kB
WritebackTmp:          0 kB
CommitLimit:     1450072 kB
Committed_AS:   24109328 kB
VmallocTotal:   251658176 kB
VmallocUsed:       96516 kB
VmallocChunk:   251482716 kB


[2024-11-19 20:15:01]
MemTotal:        1858332 kB
MemFree:           37088 kB
Buffers:             516 kB
Cached:           208676 kB
SwapCached:        14956 kB
Active:           986676 kB
Inactive:         366212 kB
Active(anon):     932540 kB
Inactive(anon):   311008 kB
Active(file):      54136 kB
Inactive(file):    55204 kB
Unevictable:       99496 kB
Mlocked:           94212 kB
SwapTotal:        520908 kB
SwapFree:         365032 kB
Dirty:                 0 kB
Writeback:             0 kB
AnonPages:       1243084 kB
Mapped:           147108 kB
Shmem:               612 kB
Slab:              77764 kB
SReclaimable:      25036 kB
SUnreclaim:        52728 kB
KernelStack:       15248 kB
PageTables:        16804 kB
NFS_Unstable:          0 kB
Bounce:                0 kB
WritebackTmp:          0 kB
CommitLimit:     1450072 kB
Committed_AS:   24109408 kB
VmallocTotal:   251658176 kB
VmallocUsed:       96516 kB
VmallocChunk:   251482716 kB


[2024-11-19 20:15:04]
MemTotal:        1858332 kB
MemFree:           36928 kB
Buffers:             516 kB
Cached:           208676 kB
SwapCached:        14956 kB
Active:           986860 kB
Inactive:         366212 kB
Active(anon):     932724 kB
Inactive(anon):   311008 kB
Active(file):      54136 kB
Inactive(file):    55204 kB
Unevictable:       99496 kB
Mlocked:           94212 kB
SwapTotal:        520908 kB
SwapFree:         365032 kB
Dirty:                 0 kB
Writeback:             0 kB
AnonPages:       1243272 kB
Mapped:           147108 kB
Shmem:               612 kB
Slab:              77764 kB
SReclaimable:      25036 kB
SUnreclaim:        52728 kB
KernelStack:       15248 kB
PageTables:        16804 kB
NFS_Unstable:          0 kB
Bounce:                0 kB
WritebackTmp:          0 kB
CommitLimit:     1450072 kB
Committed_AS:   24109404 kB
VmallocTotal:   251658176 kB
VmallocUsed:       96516 kB
VmallocChunk:   251482716 kB


[2024-11-19 20:15:06]
MemTotal:        1858332 kB
MemFree:           36492 kB
Buffers:             516 kB
Cached:           208676 kB
SwapCached:        14956 kB
Active:           987092 kB
Inactive:         366212 kB
Active(anon):     932956 kB
Inactive(anon):   311008 kB
Active(file):      54136 kB
Inactive(file):    55204 kB
Unevictable:       99496 kB
Mlocked:           94212 kB
SwapTotal:        520908 kB
SwapFree:         365032 kB
Dirty:                 0 kB
Writeback:             0 kB
AnonPages:       1243328 kB
Mapped:           147108 kB
Shmem:               612 kB
Slab:              77764 kB
SReclaimable:      25036 kB
SUnreclaim:        52728 kB
KernelStack:       15248 kB
PageTables:        16804 kB
NFS_Unstable:          0 kB
Bounce:                0 kB
WritebackTmp:          0 kB
CommitLimit:     1450072 kB
Committed_AS:   24109492 kB
VmallocTotal:   251658176 kB
VmallocUsed:       96516 kB
VmallocChunk:   251482716 kB


[2024-11-19 20:15:09]
MemTotal:        1858332 kB
MemFree:           36316 kB
Buffers:             516 kB
Cached:           208676 kB
SwapCached:        14956 kB
Active:           987436 kB
Inactive:         366212 kB
Active(anon):     933300 kB
Inactive(anon):   311008 kB
Active(file):      54136 kB
Inactive(file):    55204 kB
Unevictable:       99496 kB
Mlocked:           94212 kB
SwapTotal:        520908 kB
SwapFree:         365032 kB
Dirty:                 0 kB
Writeback:             0 kB
AnonPages:       1243760 kB
Mapped:           147116 kB
Shmem:               612 kB
Slab:              77764 kB
SReclaimable:      25036 kB
SUnreclaim:        52728 kB
KernelStack:       15280 kB
PageTables:        16832 kB
NFS_Unstable:          0 kB
Bounce:                0 kB
WritebackTmp:          0 kB
CommitLimit:     1450072 kB
Committed_AS:   24109556 kB
VmallocTotal:   251658176 kB
VmallocUsed:       96516 kB
VmallocChunk:   251482716 kB


[2024-11-19 20:15:11]
MemTotal:        1858332 kB
MemFree:           39112 kB
Buffers:             516 kB
Cached:           205732 kB
SwapCached:        14956 kB
Active:           986584 kB
Inactive:         364268 kB
Active(anon):     933432 kB
Inactive(anon):   311056 kB
Active(file):      53152 kB
Inactive(file):    53212 kB
Unevictable:       99496 kB
Mlocked:           94212 kB
SwapTotal:        520908 kB
SwapFree:         364952 kB
Dirty:                 0 kB
Writeback:             0 kB
AnonPages:       1243832 kB
Mapped:           146924 kB
Shmem:               612 kB
Slab:              77508 kB
SReclaimable:      24780 kB
SUnreclaim:        52728 kB
KernelStack:       15248 kB
PageTables:        16804 kB
NFS_Unstable:          0 kB
Bounce:                0 kB
WritebackTmp:          0 kB
CommitLimit:     1450072 kB
Committed_AS:   24109356 kB
VmallocTotal:   251658176 kB
VmallocUsed:       96516 kB
VmallocChunk:   251482716 kB


[2024-11-19 20:15:14]
MemTotal:        1858332 kB
MemFree:           39476 kB
Buffers:             516 kB
Cached:           205616 kB
SwapCached:        14956 kB
Active:           986708 kB
Inactive:         364084 kB
Active(anon):     933552 kB
Inactive(anon):   310960 kB
Active(file):      53156 kB
Inactive(file):    53124 kB
Unevictable:       99496 kB
Mlocked:           94212 kB
SwapTotal:        520908 kB
SwapFree:         364952 kB
Dirty:                 0 kB
Writeback:             0 kB
AnonPages:       1244264 kB
Mapped:           146964 kB
Shmem:               612 kB
Slab:              77396 kB
SReclaimable:      24668 kB
SUnreclaim:        52728 kB
KernelStack:       15280 kB
PageTables:        16828 kB
NFS_Unstable:          0 kB
Bounce:                0 kB
WritebackTmp:          0 kB
CommitLimit:     1450072 kB
Committed_AS:   24109388 kB
VmallocTotal:   251658176 kB
VmallocUsed:       96516 kB
VmallocChunk:   251482716 kB


[2024-11-19 20:15:16]
MemTotal:        1858332 kB
MemFree:           39548 kB
Buffers:             516 kB
Cached:           205616 kB
SwapCached:        14956 kB
Active:           986716 kB
Inactive:         364084 kB
Active(anon):     933560 kB
Inactive(anon):   310960 kB
Active(file):      53156 kB
Inactive(file):    53124 kB
Unevictable:       99496 kB
Mlocked:           94212 kB
SwapTotal:        520908 kB
SwapFree:         364952 kB
Dirty:                 0 kB
Writeback:             0 kB
AnonPages:       1244196 kB
Mapped:           146936 kB
Shmem:               612 kB
Slab:              77396 kB
SReclaimable:      24668 kB
SUnreclaim:        52728 kB
KernelStack:       15248 kB
PageTables:        16804 kB
NFS_Unstable:          0 kB
Bounce:                0 kB
WritebackTmp:          0 kB
CommitLimit:     1450072 kB
Committed_AS:   24109316 kB
VmallocTotal:   251658176 kB
VmallocUsed:       96516 kB
VmallocChunk:   251482716 kB


[2024-11-19 20:15:18]
MemTotal:        1858332 kB
MemFree:           38252 kB
Buffers:             524 kB
Cached:           205628 kB
SwapCached:        14956 kB
Active:           986980 kB
Inactive:         364108 kB
Active(anon):     933824 kB
Inactive(anon):   310964 kB
Active(file):      53156 kB
Inactive(file):    53144 kB
Unevictable:       99496 kB
Mlocked:           94212 kB
SwapTotal:        520908 kB
SwapFree:         364956 kB
Dirty:                28 kB
Writeback:             0 kB
AnonPages:       1244160 kB
Mapped:           146936 kB
Shmem:               612 kB
Slab:              77668 kB
SReclaimable:      24940 kB
SUnreclaim:        52728 kB
KernelStack:       15264 kB
PageTables:        16804 kB
NFS_Unstable:          0 kB
Bounce:                0 kB
WritebackTmp:          0 kB
CommitLimit:     1450072 kB
Committed_AS:   24109320 kB
VmallocTotal:   251658176 kB
VmallocUsed:       96516 kB
VmallocChunk:   251482716 kB


[2024-11-19 20:15:21]
MemTotal:        1858332 kB
MemFree:           37924 kB
Buffers:             524 kB
Cached:           205628 kB
SwapCached:        14956 kB
Active:           987208 kB
Inactive:         364108 kB
Active(anon):     934052 kB
Inactive(anon):   310964 kB
Active(file):      53156 kB
Inactive(file):    53144 kB
Unevictable:       99496 kB
Mlocked:           94212 kB
SwapTotal:        520908 kB
SwapFree:         364960 kB
Dirty:                28 kB
Writeback:             0 kB
AnonPages:       1244388 kB
Mapped:           146936 kB
Shmem:               612 kB
Slab:              77684 kB
SReclaimable:      24956 kB
SUnreclaim:        52728 kB
KernelStack:       15264 kB
PageTables:        16804 kB
NFS_Unstable:          0 kB
Bounce:                0 kB
WritebackTmp:          0 kB
CommitLimit:     1450072 kB
Committed_AS:   24109528 kB
VmallocTotal:   251658176 kB
VmallocUsed:       96516 kB
VmallocChunk:   251482716 kB


[2024-11-19 20:15:23]
MemTotal:        1858332 kB
MemFree:           37204 kB
Buffers:             532 kB
Cached:           205620 kB
SwapCached:        14956 kB
Active:           987324 kB
Inactive:         364112 kB
Active(anon):     934168 kB
Inactive(anon):   310968 kB
Active(file):      53156 kB
Inactive(file):    53144 kB
Unevictable:       99496 kB
Mlocked:           94212 kB
SwapTotal:        520908 kB
SwapFree:         364964 kB
Dirty:                 0 kB
Writeback:             0 kB
AnonPages:       1244772 kB
Mapped:           146936 kB
Shmem:               612 kB
Slab:              77684 kB
SReclaimable:      24956 kB
SUnreclaim:        52728 kB
KernelStack:       15264 kB
PageTables:        16804 kB
NFS_Unstable:          0 kB
Bounce:                0 kB
WritebackTmp:          0 kB
CommitLimit:     1450072 kB
Committed_AS:   24109404 kB
VmallocTotal:   251658176 kB
VmallocUsed:       96516 kB
VmallocChunk:   251482716 kB


[2024-11-19 20:15:25]
MemTotal:        1858332 kB
MemFree:           37224 kB
Buffers:             532 kB
Cached:           205628 kB
SwapCached:        14956 kB
Active:           987484 kB
Inactive:         364120 kB
Active(anon):     934328 kB
Inactive(anon):   310968 kB
Active(file):      53156 kB
Inactive(file):    53152 kB
Unevictable:       99496 kB
Mlocked:           94212 kB
SwapTotal:        520908 kB
SwapFree:         364964 kB
Dirty:                32 kB
Writeback:             0 kB
AnonPages:       1244860 kB
Mapped:           146936 kB
Shmem:               612 kB
Slab:              77684 kB
SReclaimable:      24956 kB
SUnreclaim:        52728 kB
KernelStack:       15264 kB
PageTables:        16804 kB
NFS_Unstable:          0 kB
Bounce:                0 kB
WritebackTmp:          0 kB
CommitLimit:     1450072 kB
Committed_AS:   24109352 kB
VmallocTotal:   251658176 kB
VmallocUsed:       96516 kB
VmallocChunk:   251482716 kB


[2024-11-19 20:15:27]
MemTotal:        1858332 kB
MemFree:           37264 kB
Buffers:             532 kB
Cached:           205628 kB
SwapCached:        14956 kB
Active:           987852 kB
Inactive:         364120 kB
Active(anon):     934696 kB
Inactive(anon):   310968 kB
Active(file):      53156 kB
Inactive(file):    53152 kB
Unevictable:       99496 kB
Mlocked:           94212 kB
SwapTotal:        520908 kB
SwapFree:         364964 kB
Dirty:                32 kB
Writeback:             0 kB
AnonPages:       1245100 kB
Mapped:           146936 kB
Shmem:               612 kB
Slab:              77684 kB
SReclaimable:      24956 kB
SUnreclaim:        52728 kB
KernelStack:       15264 kB
PageTables:        16804 kB
NFS_Unstable:          0 kB
Bounce:                0 kB
WritebackTmp:          0 kB
CommitLimit:     1450072 kB
Committed_AS:   24109416 kB
VmallocTotal:   251658176 kB
VmallocUsed:       96516 kB
VmallocChunk:   251482716 kB


[2024-11-19 20:15:29]
MemTotal:        1858332 kB
MemFree:           37228 kB
Buffers:             532 kB
Cached:           205628 kB
SwapCached:        14956 kB
Active:           988016 kB
Inactive:         364120 kB
Active(anon):     934860 kB
Inactive(anon):   310968 kB
Active(file):      53156 kB
Inactive(file):    53152 kB
Unevictable:       99496 kB
Mlocked:           94212 kB
SwapTotal:        520908 kB
SwapFree:         364964 kB
Dirty:                 0 kB
Writeback:             0 kB
AnonPages:       1245296 kB
Mapped:           146936 kB
Shmem:               612 kB
Slab:              77684 kB
SReclaimable:      24956 kB
SUnreclaim:        52728 kB
KernelStack:       15264 kB
PageTables:        16804 kB
NFS_Unstable:          0 kB
Bounce:                0 kB
WritebackTmp:          0 kB
CommitLimit:     1450072 kB
Committed_AS:   24109424 kB
VmallocTotal:   251658176 kB
VmallocUsed:       96516 kB
VmallocChunk:   251482716 kB


[2024-11-19 20:15:31]
MemTotal:        1858332 kB
MemFree:           36948 kB
Buffers:             532 kB
Cached:           205628 kB
SwapCached:        14956 kB
Active:           988044 kB
Inactive:         364120 kB
Active(anon):     934888 kB
Inactive(anon):   310968 kB
Active(file):      53156 kB
Inactive(file):    53152 kB
Unevictable:       99496 kB
Mlocked:           94212 kB
SwapTotal:        520908 kB
SwapFree:         364964 kB
Dirty:                 0 kB
Writeback:             0 kB
AnonPages:       1245276 kB
Mapped:           146936 kB
Shmem:               612 kB
Slab:              77684 kB
SReclaimable:      24956 kB
SUnreclaim:        52728 kB
KernelStack:       15200 kB
PageTables:        16804 kB
NFS_Unstable:          0 kB
Bounce:                0 kB
WritebackTmp:          0 kB
CommitLimit:     1450072 kB
Committed_AS:   24109528 kB
VmallocTotal:   251658176 kB
VmallocUsed:       96516 kB
VmallocChunk:   251482716 kB


[2024-11-19 20:15:33]
MemTotal:        1858332 kB
MemFree:           37136 kB
Buffers:             532 kB
Cached:           205628 kB
SwapCached:        14956 kB
Active:           987892 kB
Inactive:         364120 kB
Active(anon):     934736 kB
Inactive(anon):   310968 kB
Active(file):      53156 kB
Inactive(file):    53152 kB
Unevictable:       99496 kB
Mlocked:           94212 kB
SwapTotal:        520908 kB
SwapFree:         364964 kB
Dirty:                 0 kB
Writeback:             0 kB
AnonPages:       1245108 kB
Mapped:           146936 kB
Shmem:               612 kB
Slab:              77684 kB
SReclaimable:      24956 kB
SUnreclaim:        52728 kB
KernelStack:       15264 kB
PageTables:        16804 kB
NFS_Unstable:          0 kB
Bounce:                0 kB
WritebackTmp:          0 kB
CommitLimit:     1450072 kB
Committed_AS:   24109516 kB
VmallocTotal:   251658176 kB
VmallocUsed:       96516 kB
VmallocChunk:   251482716 kB


[2024-11-19 20:15:35]
MemTotal:        1858332 kB
MemFree:           37744 kB
Buffers:             532 kB
Cached:           205628 kB
SwapCached:        14956 kB
Active:           988156 kB
Inactive:         364120 kB
Active(anon):     935000 kB
Inactive(anon):   310968 kB
Active(file):      53156 kB
Inactive(file):    53152 kB
Unevictable:       99496 kB
Mlocked:           94212 kB
SwapTotal:        520908 kB
SwapFree:         364964 kB
Dirty:                 0 kB
Writeback:             0 kB
AnonPages:       1245356 kB
Mapped:           146936 kB
Shmem:               612 kB
Slab:              77684 kB
SReclaimable:      24956 kB
SUnreclaim:        52728 kB
KernelStack:       15264 kB
PageTables:        16804 kB
NFS_Unstable:          0 kB
Bounce:                0 kB
WritebackTmp:          0 kB
CommitLimit:     1450072 kB
Committed_AS:   24109376 kB
VmallocTotal:   251658176 kB
VmallocUsed:       96516 kB
VmallocChunk:   251482716 kB


[2024-11-19 20:15:38]
MemTotal:        1858332 kB
MemFree:           37180 kB
Buffers:             532 kB
Cached:           205628 kB
SwapCached:        14956 kB
Active:           988244 kB
Inactive:         364120 kB
Active(anon):     935088 kB
Inactive(anon):   310968 kB
Active(file):      53156 kB
Inactive(file):    53152 kB
Unevictable:       99496 kB
Mlocked:           94212 kB
SwapTotal:        520908 kB
SwapFree:         364964 kB
Dirty:                 0 kB
Writeback:             0 kB
AnonPages:       1245532 kB
Mapped:           146928 kB
Shmem:               612 kB
Slab:              77684 kB
SReclaimable:      24956 kB
SUnreclaim:        52728 kB
KernelStack:       15296 kB
PageTables:        16832 kB
NFS_Unstable:          0 kB
Bounce:                0 kB
WritebackTmp:          0 kB
CommitLimit:     1450072 kB
Committed_AS:   24109196 kB
VmallocTotal:   251658176 kB
VmallocUsed:       96516 kB
VmallocChunk:   251482716 kB


[2024-11-19 20:15:41]
MemTotal:        1858332 kB
MemFree:           37168 kB
Buffers:             532 kB
Cached:           205628 kB
SwapCached:        14956 kB
Active:           988436 kB
Inactive:         364120 kB
Active(anon):     935280 kB
Inactive(anon):   310968 kB
Active(file):      53156 kB
Inactive(file):    53152 kB
Unevictable:       99496 kB
Mlocked:           94212 kB
SwapTotal:        520908 kB
SwapFree:         364964 kB
Dirty:                 0 kB
Writeback:             0 kB
AnonPages:       1245808 kB
Mapped:           146752 kB
Shmem:               612 kB
Slab:              77684 kB
SReclaimable:      24956 kB
SUnreclaim:        52728 kB
KernelStack:       15264 kB
PageTables:        16804 kB
NFS_Unstable:          0 kB
Bounce:                0 kB
WritebackTmp:          0 kB
CommitLimit:     1450072 kB
Committed_AS:   24109500 kB
VmallocTotal:   251658176 kB
VmallocUsed:       96516 kB
VmallocChunk:   251482716 kB


[2024-11-19 20:15:43]
MemTotal:        1858332 kB
MemFree:           36944 kB
Buffers:             532 kB
Cached:           205628 kB
SwapCached:        14956 kB
Active:           988692 kB
Inactive:         364120 kB
Active(anon):     935536 kB
Inactive(anon):   310968 kB
Active(file):      53156 kB
Inactive(file):    53152 kB
Unevictable:       99496 kB
Mlocked:           94212 kB
SwapTotal:        520908 kB
SwapFree:         364964 kB
Dirty:                 0 kB
Writeback:             0 kB
AnonPages:       1246108 kB
Mapped:           146860 kB
Shmem:               612 kB
Slab:              77684 kB
SReclaimable:      24956 kB
SUnreclaim:        52728 kB
KernelStack:       15296 kB
PageTables:        16824 kB
NFS_Unstable:          0 kB
Bounce:                0 kB
WritebackTmp:          0 kB
CommitLimit:     1450072 kB
Committed_AS:   24109360 kB
VmallocTotal:   251658176 kB
VmallocUsed:       96516 kB
VmallocChunk:   251482716 kB


[2024-11-19 20:15:46]
MemTotal:        1858332 kB
MemFree:           36360 kB
Buffers:             532 kB
Cached:           205628 kB
SwapCached:        14956 kB
Active:           988856 kB
Inactive:         364120 kB
Active(anon):     935700 kB
Inactive(anon):   310968 kB
Active(file):      53156 kB
Inactive(file):    53152 kB
Unevictable:       99496 kB
Mlocked:           94212 kB
SwapTotal:        520908 kB
SwapFree:         364964 kB
Dirty:                 0 kB
Writeback:             0 kB
AnonPages:       1246148 kB
Mapped:           146936 kB
Shmem:               612 kB
Slab:              77684 kB
SReclaimable:      24956 kB
SUnreclaim:        52728 kB
KernelStack:       15264 kB
PageTables:        16804 kB
NFS_Unstable:          0 kB
Bounce:                0 kB
WritebackTmp:          0 kB
CommitLimit:     1450072 kB
Committed_AS:   24109376 kB
VmallocTotal:   251658176 kB
VmallocUsed:       96516 kB
VmallocChunk:   251482716 kB


[2024-11-19 20:15:48]
MemTotal:        1858332 kB
MemFree:           36636 kB
Buffers:             532 kB
Cached:           205628 kB
SwapCached:        14956 kB
Active:           988880 kB
Inactive:         364120 kB
Active(anon):     935724 kB
Inactive(anon):   310968 kB
Active(file):      53156 kB
Inactive(file):    53152 kB
Unevictable:       99496 kB
Mlocked:           94212 kB
SwapTotal:        520908 kB
SwapFree:         364964 kB
Dirty:                 0 kB
Writeback:             0 kB
AnonPages:       1246288 kB
Mapped:           146868 kB
Shmem:               612 kB
Slab:              77684 kB
SReclaimable:      24956 kB
SUnreclaim:        52728 kB
KernelStack:       15280 kB
PageTables:        16832 kB
NFS_Unstable:          0 kB
Bounce:                0 kB
WritebackTmp:          0 kB
CommitLimit:     1450072 kB
Committed_AS:   24109460 kB
VmallocTotal:   251658176 kB
VmallocUsed:       96516 kB
VmallocChunk:   251482716 kB


[2024-11-19 20:15:51]
MemTotal:        1858332 kB
MemFree:           36308 kB
Buffers:             532 kB
Cached:           205628 kB
SwapCached:        14956 kB
Active:           989092 kB
Inactive:         364120 kB
Active(anon):     935936 kB
Inactive(anon):   310968 kB
Active(file):      53156 kB
Inactive(file):    53152 kB
Unevictable:       99496 kB
Mlocked:           94212 kB
SwapTotal:        520908 kB
SwapFree:         364964 kB
Dirty:                 0 kB
Writeback:             0 kB
AnonPages:       1246384 kB
Mapped:           146936 kB
Shmem:               612 kB
Slab:              77684 kB
SReclaimable:      24956 kB
SUnreclaim:        52728 kB
KernelStack:       15248 kB
PageTables:        16804 kB
NFS_Unstable:          0 kB
Bounce:                0 kB
WritebackTmp:          0 kB
CommitLimit:     1450072 kB
Committed_AS:   24109380 kB
VmallocTotal:   251658176 kB
VmallocUsed:       96516 kB
VmallocChunk:   251482716 kB


[2024-11-19 20:15:53]
MemTotal:        1858332 kB
MemFree:           36376 kB
Buffers:             532 kB
Cached:           205628 kB
SwapCached:        14956 kB
Active:           989044 kB
Inactive:         364120 kB
Active(anon):     935888 kB
Inactive(anon):   310968 kB
Active(file):      53156 kB
Inactive(file):    53152 kB
Unevictable:       99496 kB
Mlocked:           94212 kB
SwapTotal:        520908 kB
SwapFree:         364964 kB
Dirty:                 0 kB
Writeback:             0 kB
AnonPages:       1246412 kB
Mapped:           146756 kB
Shmem:               612 kB
Slab:              77684 kB
SReclaimable:      24956 kB
SUnreclaim:        52728 kB
KernelStack:       15280 kB
PageTables:        16820 kB
NFS_Unstable:          0 kB
Bounce:                0 kB
WritebackTmp:          0 kB
CommitLimit:     1450072 kB
Committed_AS:   24109228 kB
VmallocTotal:   251658176 kB
VmallocUsed:       96516 kB
VmallocChunk:   251482716 kB


[2024-11-19 20:15:56]
MemTotal:        1858332 kB
MemFree:           36024 kB
Buffers:             532 kB
Cached:           205628 kB
SwapCached:        14956 kB
Active:           989488 kB
Inactive:         364120 kB
Active(anon):     936332 kB
Inactive(anon):   310968 kB
Active(file):      53156 kB
Inactive(file):    53152 kB
Unevictable:       99496 kB
Mlocked:           94212 kB
SwapTotal:        520908 kB
SwapFree:         364964 kB
Dirty:                 0 kB
Writeback:             0 kB
AnonPages:       1246752 kB
Mapped:           146968 kB
Shmem:               612 kB
Slab:              77684 kB
SReclaimable:      24956 kB
SUnreclaim:        52728 kB
KernelStack:       15280 kB
PageTables:        16828 kB
NFS_Unstable:          0 kB
Bounce:                0 kB
WritebackTmp:          0 kB
CommitLimit:     1450072 kB
Committed_AS:   24109320 kB
VmallocTotal:   251658176 kB
VmallocUsed:       96516 kB
VmallocChunk:   251482716 kB


[2024-11-19 20:15:59]
MemTotal:        1858332 kB
MemFree:           35704 kB
Buffers:             532 kB
Cached:           205628 kB
SwapCached:        14956 kB
Active:           989756 kB
Inactive:         364120 kB
Active(anon):     936600 kB
Inactive(anon):   310968 kB
Active(file):      53156 kB
Inactive(file):    53152 kB
Unevictable:       99496 kB
Mlocked:           94212 kB
SwapTotal:        520908 kB
SwapFree:         364968 kB
Dirty:                 0 kB
Writeback:             0 kB
AnonPages:       1246984 kB
Mapped:           146936 kB
Shmem:               612 kB
Slab:              77684 kB
SReclaimable:      24956 kB
SUnreclaim:        52728 kB
KernelStack:       15248 kB
PageTables:        16804 kB
NFS_Unstable:          0 kB
Bounce:                0 kB
WritebackTmp:          0 kB
CommitLimit:     1450072 kB
Committed_AS:   24109484 kB
VmallocTotal:   251658176 kB
VmallocUsed:       96516 kB
VmallocChunk:   251482716 kB


[2024-11-19 20:16:01]
MemTotal:        1858332 kB
MemFree:           35132 kB
Buffers:             532 kB
Cached:           205628 kB
SwapCached:        14956 kB
Active:           990576 kB
Inactive:         364120 kB
Active(anon):     937420 kB
Inactive(anon):   310968 kB
Active(file):      53156 kB
Inactive(file):    53152 kB
Unevictable:       99496 kB
Mlocked:           94212 kB
SwapTotal:        520908 kB
SwapFree:         364968 kB
Dirty:                 0 kB
Writeback:             0 kB
AnonPages:       1247740 kB
Mapped:           146936 kB
Shmem:               612 kB
Slab:              77684 kB
SReclaimable:      24956 kB
SUnreclaim:        52728 kB
KernelStack:       15280 kB
PageTables:        16840 kB
NFS_Unstable:          0 kB
Bounce:                0 kB
WritebackTmp:          0 kB
CommitLimit:     1450072 kB
Committed_AS:   24109308 kB
VmallocTotal:   251658176 kB
VmallocUsed:       96516 kB
VmallocChunk:   251482716 kB


[2024-11-19 20:16:04]
MemTotal:        1858332 kB
MemFree:           42224 kB
Buffers:             532 kB
Cached:           205628 kB
SwapCached:        14964 kB
Active:           983096 kB
Inactive:         364140 kB
Active(anon):     929940 kB
Inactive(anon):   310988 kB
Active(file):      53156 kB
Inactive(file):    53152 kB
Unevictable:       99496 kB
Mlocked:           94212 kB
SwapTotal:        520908 kB
SwapFree:         365008 kB
Dirty:                 0 kB
Writeback:             0 kB
AnonPages:       1240644 kB
Mapped:           146752 kB
Shmem:               612 kB
Slab:              77684 kB
SReclaimable:      24956 kB
SUnreclaim:        52728 kB
KernelStack:       15248 kB
PageTables:        16804 kB
NFS_Unstable:          0 kB
Bounce:                0 kB
WritebackTmp:          0 kB
CommitLimit:     1450072 kB
Committed_AS:   24109328 kB
VmallocTotal:   251658176 kB
VmallocUsed:       96516 kB
VmallocChunk:   251482716 kB


[2024-11-19 20:16:06]
MemTotal:        1858332 kB
MemFree:           42396 kB
Buffers:             532 kB
Cached:           205628 kB
SwapCached:        14964 kB
Active:           983168 kB
Inactive:         364140 kB
Active(anon):     930012 kB
Inactive(anon):   310988 kB
Active(file):      53156 kB
Inactive(file):    53152 kB
Unevictable:       99496 kB
Mlocked:           94212 kB
SwapTotal:        520908 kB
SwapFree:         365008 kB
Dirty:                 0 kB
Writeback:             0 kB
AnonPages:       1240312 kB
Mapped:           146796 kB
Shmem:               612 kB
Slab:              77684 kB
SReclaimable:      24956 kB
SUnreclaim:        52728 kB
KernelStack:       15280 kB
PageTables:        16832 kB
NFS_Unstable:          0 kB
Bounce:                0 kB
WritebackTmp:          0 kB
CommitLimit:     1450072 kB
Committed_AS:   24109212 kB
VmallocTotal:   251658176 kB
VmallocUsed:       96516 kB
VmallocChunk:   251482716 kB


[2024-11-19 20:16:09]
MemTotal:        1858332 kB
MemFree:           42196 kB
Buffers:             532 kB
Cached:           205628 kB
SwapCached:        14964 kB
Active:           983152 kB
Inactive:         364140 kB
Active(anon):     929996 kB
Inactive(anon):   310988 kB
Active(file):      53156 kB
Inactive(file):    53152 kB
Unevictable:       99496 kB
Mlocked:           94212 kB
SwapTotal:        520908 kB
SwapFree:         365008 kB
Dirty:                 0 kB
Writeback:             0 kB
AnonPages:       1240708 kB
Mapped:           146936 kB
Shmem:               612 kB
Slab:              77684 kB
SReclaimable:      24956 kB
SUnreclaim:        52728 kB
KernelStack:       15248 kB
PageTables:        16804 kB
NFS_Unstable:          0 kB
Bounce:                0 kB
WritebackTmp:          0 kB
CommitLimit:     1450072 kB
Committed_AS:   24109196 kB
VmallocTotal:   251658176 kB
VmallocUsed:       96516 kB
VmallocChunk:   251482716 kB


[2024-11-19 20:16:11]
MemTotal:        1858332 kB
MemFree:           42104 kB
Buffers:             532 kB
Cached:           205628 kB
SwapCached:        14964 kB
Active:           983324 kB
Inactive:         364140 kB
Active(anon):     930168 kB
Inactive(anon):   310988 kB
Active(file):      53156 kB
Inactive(file):    53152 kB
Unevictable:       99496 kB
Mlocked:           94212 kB
SwapTotal:        520908 kB
SwapFree:         365008 kB
Dirty:                 0 kB
Writeback:             0 kB
AnonPages:       1240656 kB
Mapped:           146752 kB
Shmem:               612 kB
Slab:              77684 kB
SReclaimable:      24956 kB
SUnreclaim:        52728 kB
KernelStack:       15280 kB
PageTables:        16816 kB
NFS_Unstable:          0 kB
Bounce:                0 kB
WritebackTmp:          0 kB
CommitLimit:     1450072 kB
Committed_AS:   24109352 kB
VmallocTotal:   251658176 kB
VmallocUsed:       96516 kB
VmallocChunk:   251482716 kB


[2024-11-19 20:16:14]
MemTotal:        1858332 kB
MemFree:           42408 kB
Buffers:             532 kB
Cached:           205628 kB
SwapCached:        14964 kB
Active:           983424 kB
Inactive:         364140 kB
Active(anon):     930268 kB
Inactive(anon):   310988 kB
Active(file):      53156 kB
Inactive(file):    53152 kB
Unevictable:       99496 kB
Mlocked:           94212 kB
SwapTotal:        520908 kB
SwapFree:         365008 kB
Dirty:                 0 kB
Writeback:             0 kB
AnonPages:       1240936 kB
Mapped:           146924 kB
Shmem:               612 kB
Slab:              77684 kB
SReclaimable:      24956 kB
SUnreclaim:        52728 kB
KernelStack:       15248 kB
PageTables:        16788 kB
NFS_Unstable:          0 kB
Bounce:                0 kB
WritebackTmp:          0 kB
CommitLimit:     1450072 kB
Committed_AS:   24109420 kB
VmallocTotal:   251658176 kB
VmallocUsed:       96516 kB
VmallocChunk:   251482716 kB


[2024-11-19 20:16:16]
MemTotal:        1858332 kB
MemFree:           41732 kB
Buffers:             532 kB
Cached:           205628 kB
SwapCached:        14964 kB
Active:           984108 kB
Inactive:         364140 kB
Active(anon):     930952 kB
Inactive(anon):   310988 kB
Active(file):      53156 kB
Inactive(file):    53152 kB
Unevictable:       99496 kB
Mlocked:           94212 kB
SwapTotal:        520908 kB
SwapFree:         365008 kB
Dirty:                 0 kB
Writeback:             0 kB
AnonPages:       1241360 kB
Mapped:           146752 kB
Shmem:               612 kB
Slab:              77684 kB
SReclaimable:      24956 kB
SUnreclaim:        52728 kB
KernelStack:       15248 kB
PageTables:        16804 kB
NFS_Unstable:          0 kB
Bounce:                0 kB
WritebackTmp:          0 kB
CommitLimit:     1450072 kB
Committed_AS:   24109468 kB
VmallocTotal:   251658176 kB
VmallocUsed:       96516 kB
VmallocChunk:   251482716 kB


[2024-11-19 20:16:18]
MemTotal:        1858332 kB
MemFree:           41632 kB
Buffers:             532 kB
Cached:           205628 kB
SwapCached:        14964 kB
Active:           984028 kB
Inactive:         364144 kB
Active(anon):     930872 kB
Inactive(anon):   310992 kB
Active(file):      53156 kB
Inactive(file):    53152 kB
Unevictable:       99496 kB
Mlocked:           94212 kB
SwapTotal:        520908 kB
SwapFree:         365012 kB
Dirty:                 0 kB
Writeback:             0 kB
AnonPages:       1241328 kB
Mapped:           146940 kB
Shmem:               612 kB
Slab:              77684 kB
SReclaimable:      24956 kB
SUnreclaim:        52728 kB
KernelStack:       15248 kB
PageTables:        16804 kB
NFS_Unstable:          0 kB
Bounce:                0 kB
WritebackTmp:          0 kB
CommitLimit:     1450072 kB
Committed_AS:   24109484 kB
VmallocTotal:   251658176 kB
VmallocUsed:       96516 kB
VmallocChunk:   251482716 kB


[2024-11-19 20:16:21]
MemTotal:        1858332 kB
MemFree:           41196 kB
Buffers:             532 kB
Cached:           205628 kB
SwapCached:        14964 kB
Active:           984400 kB
Inactive:         364144 kB
Active(anon):     931244 kB
Inactive(anon):   310992 kB
Active(file):      53156 kB
Inactive(file):    53152 kB
Unevictable:       99496 kB
Mlocked:           94212 kB
SwapTotal:        520908 kB
SwapFree:         365012 kB
Dirty:                 0 kB
Writeback:             0 kB
AnonPages:       1241692 kB
Mapped:           146920 kB
Shmem:               612 kB
Slab:              77684 kB
SReclaimable:      24956 kB
SUnreclaim:        52728 kB
KernelStack:       15280 kB
PageTables:        16840 kB
NFS_Unstable:          0 kB
Bounce:                0 kB
WritebackTmp:          0 kB
CommitLimit:     1450072 kB
Committed_AS:   24109348 kB
VmallocTotal:   251658176 kB
VmallocUsed:       96516 kB
VmallocChunk:   251482716 kB


[2024-11-19 20:16:23]
MemTotal:        1858332 kB
MemFree:           41236 kB
Buffers:             532 kB
Cached:           205628 kB
SwapCached:        14964 kB
Active:           984184 kB
Inactive:         364144 kB
Active(anon):     931028 kB
Inactive(anon):   310992 kB
Active(file):      53156 kB
Inactive(file):    53152 kB
Unevictable:       99496 kB
Mlocked:           94212 kB
SwapTotal:        520908 kB
SwapFree:         365012 kB
Dirty:                 0 kB
Writeback:             0 kB
AnonPages:       1241688 kB
Mapped:           146756 kB
Shmem:               612 kB
Slab:              77684 kB
SReclaimable:      24956 kB
SUnreclaim:        52728 kB
KernelStack:       15248 kB
PageTables:        16804 kB
NFS_Unstable:          0 kB
Bounce:                0 kB
WritebackTmp:          0 kB
CommitLimit:     1450072 kB
Committed_AS:   24101160 kB
VmallocTotal:   251658176 kB
VmallocUsed:       96516 kB
VmallocChunk:   251482716 kB


[2024-11-19 20:16:26]
MemTotal:        1858332 kB
MemFree:           41032 kB
Buffers:             532 kB
Cached:           205628 kB
SwapCached:        14964 kB
Active:           984576 kB
Inactive:         364144 kB
Active(anon):     931420 kB
Inactive(anon):   310992 kB
Active(file):      53156 kB
Inactive(file):    53152 kB
Unevictable:       99496 kB
Mlocked:           94212 kB
SwapTotal:        520908 kB
SwapFree:         365012 kB
Dirty:                 0 kB
Writeback:             0 kB
AnonPages:       1241852 kB
Mapped:           146896 kB
Shmem:               612 kB
Slab:              77684 kB
SReclaimable:      24956 kB
SUnreclaim:        52728 kB
KernelStack:       15280 kB
PageTables:        16836 kB
NFS_Unstable:          0 kB
Bounce:                0 kB
WritebackTmp:          0 kB
CommitLimit:     1450072 kB
Committed_AS:   24109368 kB
VmallocTotal:   251658176 kB
VmallocUsed:       96516 kB
VmallocChunk:   251482716 kB


[2024-11-19 20:16:29]
MemTotal:        1858332 kB
MemFree:           40868 kB
Buffers:             532 kB
Cached:           205628 kB
SwapCached:        14964 kB
Active:           984824 kB
Inactive:         364144 kB
Active(anon):     931668 kB
Inactive(anon):   310992 kB
Active(file):      53156 kB
Inactive(file):    53152 kB
Unevictable:       99496 kB
Mlocked:           94212 kB
SwapTotal:        520908 kB
SwapFree:         365012 kB
Dirty:                 0 kB
Writeback:             0 kB
AnonPages:       1242040 kB
Mapped:           146756 kB
Shmem:               612 kB
Slab:              77684 kB
SReclaimable:      24956 kB
SUnreclaim:        52728 kB
KernelStack:       15248 kB
PageTables:        16804 kB
NFS_Unstable:          0 kB
Bounce:                0 kB
WritebackTmp:          0 kB
CommitLimit:     1450072 kB
Committed_AS:   24101188 kB
VmallocTotal:   251658176 kB
VmallocUsed:       96516 kB
VmallocChunk:   251482716 kB


[2024-11-19 20:16:31]
MemTotal:        1858332 kB
MemFree:           40800 kB
Buffers:             532 kB
Cached:           205628 kB
SwapCached:        14964 kB
Active:           984920 kB
Inactive:         364144 kB
Active(anon):     931764 kB
Inactive(anon):   310992 kB
Active(file):      53156 kB
Inactive(file):    53152 kB
Unevictable:       99496 kB
Mlocked:           94212 kB
SwapTotal:        520908 kB
SwapFree:         365012 kB
Dirty:                 0 kB
Writeback:             0 kB
AnonPages:       1242220 kB
Mapped:           146932 kB
Shmem:               612 kB
Slab:              77684 kB
SReclaimable:      24956 kB
SUnreclaim:        52728 kB
KernelStack:       15280 kB
PageTables:        16836 kB
NFS_Unstable:          0 kB
Bounce:                0 kB
WritebackTmp:          0 kB
CommitLimit:     1450072 kB
Committed_AS:   24109272 kB
VmallocTotal:   251658176 kB
VmallocUsed:       96516 kB
VmallocChunk:   251482716 kB


[2024-11-19 20:16:34]
MemTotal:        1858332 kB
MemFree:           40904 kB
Buffers:             532 kB
Cached:           205628 kB
SwapCached:        14964 kB
Active:           984872 kB
Inactive:         364144 kB
Active(anon):     931716 kB
Inactive(anon):   310992 kB
Active(file):      53156 kB
Inactive(file):    53152 kB
Unevictable:       99496 kB
Mlocked:           94212 kB
SwapTotal:        520908 kB
SwapFree:         365012 kB
Dirty:                 0 kB
Writeback:             0 kB
AnonPages:       1242432 kB
Mapped:           146940 kB
Shmem:               612 kB
Slab:              77684 kB
SReclaimable:      24956 kB
SUnreclaim:        52728 kB
KernelStack:       15248 kB
PageTables:        16804 kB
NFS_Unstable:          0 kB
Bounce:                0 kB
WritebackTmp:          0 kB
CommitLimit:     1450072 kB
Committed_AS:   24109316 kB
VmallocTotal:   251658176 kB
VmallocUsed:       96516 kB
VmallocChunk:   251482716 kB


[2024-11-19 20:16:36]
MemTotal:        1858332 kB
MemFree:           40256 kB
Buffers:             532 kB
Cached:           205628 kB
SwapCached:        14964 kB
Active:           985340 kB
Inactive:         364144 kB
Active(anon):     932184 kB
Inactive(anon):   310992 kB
Active(file):      53156 kB
Inactive(file):    53152 kB
Unevictable:       99496 kB
Mlocked:           94212 kB
SwapTotal:        520908 kB
SwapFree:         365012 kB
Dirty:                 0 kB
Writeback:             0 kB
AnonPages:       1242652 kB
Mapped:           146960 kB
Shmem:               612 kB
Slab:              77684 kB
SReclaimable:      24956 kB
SUnreclaim:        52728 kB
KernelStack:       15280 kB
PageTables:        16828 kB
NFS_Unstable:          0 kB
Bounce:                0 kB
WritebackTmp:          0 kB
CommitLimit:     1450072 kB
Committed_AS:   24109192 kB
VmallocTotal:   251658176 kB
VmallocUsed:       96516 kB
VmallocChunk:   251482716 kB


[2024-11-19 20:16:39]
MemTotal:        1858332 kB
MemFree:           39688 kB
Buffers:             532 kB
Cached:           205628 kB
SwapCached:        14964 kB
Active:           985512 kB
Inactive:         364144 kB
Active(anon):     932356 kB
Inactive(anon):   310992 kB
Active(file):      53156 kB
Inactive(file):    53152 kB
Unevictable:       99496 kB
Mlocked:           94212 kB
SwapTotal:        520908 kB
SwapFree:         365012 kB
Dirty:                 0 kB
Writeback:             0 kB
AnonPages:       1242584 kB
Mapped:           146940 kB
Shmem:               612 kB
Slab:              77684 kB
SReclaimable:      24956 kB
SUnreclaim:        52728 kB
KernelStack:       15248 kB
PageTables:        16804 kB
NFS_Unstable:          0 kB
Bounce:                0 kB
WritebackTmp:          0 kB
CommitLimit:     1450072 kB
Committed_AS:   24109328 kB
VmallocTotal:   251658176 kB
VmallocUsed:       96516 kB
VmallocChunk:   251482716 kB


[2024-11-19 20:16:41]
MemTotal:        1858332 kB
MemFree:           39928 kB
Buffers:             532 kB
Cached:           205628 kB
SwapCached:        14964 kB
Active:           985568 kB
Inactive:         364144 kB
Active(anon):     932412 kB
Inactive(anon):   310992 kB
Active(file):      53156 kB
Inactive(file):    53152 kB
Unevictable:       99496 kB
Mlocked:           94212 kB
SwapTotal:        520908 kB
SwapFree:         365012 kB
Dirty:                 0 kB
Writeback:             0 kB
AnonPages:       1242984 kB
Mapped:           146756 kB
Shmem:               612 kB
Slab:              77684 kB
SReclaimable:      24956 kB
SUnreclaim:        52728 kB
KernelStack:       15280 kB
PageTables:        16808 kB
NFS_Unstable:          0 kB
Bounce:                0 kB
WritebackTmp:          0 kB
CommitLimit:     1450072 kB
Committed_AS:   24109392 kB
VmallocTotal:   251658176 kB
VmallocUsed:       96516 kB
VmallocChunk:   251482716 kB


[2024-11-19 20:16:44]
MemTotal:        1858332 kB
MemFree:           39792 kB
Buffers:             532 kB
Cached:           205628 kB
SwapCached:        14964 kB
Active:           985696 kB
Inactive:         364144 kB
Active(anon):     932540 kB
