[2024-11-19 20:27:17]
MemTotal:        1858332 kB
MemFree:           44760 kB
Buffers:             644 kB
Cached:           206436 kB
SwapCached:        13632 kB
Active:           974448 kB
Inactive:         363108 kB
Active(anon):     921444 kB
Inactive(anon):   308868 kB
Active(file):      53004 kB
Inactive(file):    54240 kB
Unevictable:       99496 kB
Mlocked:           94212 kB
SwapTotal:        520908 kB
SwapFree:         357160 kB
Dirty:                 0 kB
Writeback:             0 kB
AnonPages:       1229788 kB
Mapped:           143148 kB
Shmem:               596 kB
Slab:              77276 kB
SReclaimable:      24620 kB
SUnreclaim:        52656 kB
KernelStack:       15104 kB
PageTables:        16548 kB
NFS_Unstable:          0 kB
Bounce:                0 kB
WritebackTmp:          0 kB
CommitLimit:     1450072 kB
Committed_AS:   23979836 kB
VmallocTotal:   251658176 kB
VmallocUsed:       96476 kB
VmallocChunk:   251482716 kB


[2024-11-19 20:27:17]
MemTotal:        1858332 kB
MemFree:           44212 kB
Buffers:             644 kB
Cached:           206436 kB
SwapCached:        13632 kB
Active:           974632 kB
Inactive:         363108 kB
Active(anon):     921628 kB
Inactive(anon):   308868 kB
Active(file):      53004 kB
Inactive(file):    54240 kB
Unevictable:       99496 kB
Mlocked:           94212 kB
SwapTotal:        520908 kB
SwapFree:         357160 kB
Dirty:                 0 kB
Writeback:             0 kB
AnonPages:       1230016 kB
Mapped:           143124 kB
Shmem:               596 kB
Slab:              77276 kB
SReclaimable:      24620 kB
SUnreclaim:        52656 kB
KernelStack:       15104 kB
PageTables:        16572 kB
NFS_Unstable:          0 kB
Bounce:                0 kB
WritebackTmp:          0 kB
CommitLimit:     1450072 kB
Committed_AS:   23979944 kB
VmallocTotal:   251658176 kB
VmallocUsed:       96476 kB
VmallocChunk:   251482716 kB


[2024-11-19 20:27:17]
MemTotal:        1858332 kB
MemFree:           44048 kB
Buffers:             644 kB
Cached:           206436 kB
SwapCached:        13632 kB
Active:           974752 kB
Inactive:         363108 kB
Active(anon):     921748 kB
Inactive(anon):   308868 kB
Active(file):      53004 kB
Inactive(file):    54240 kB
Unevictable:       99496 kB
Mlocked:           94212 kB
SwapTotal:        520908 kB
SwapFree:         357160 kB
Dirty:                 0 kB
Writeback:             0 kB
AnonPages:       1230136 kB
Mapped:           143124 kB
Shmem:               596 kB
Slab:              77276 kB
SReclaimable:      24620 kB
SUnreclaim:        52656 kB
KernelStack:       15088 kB
PageTables:        16540 kB
NFS_Unstable:          0 kB
Bounce:                0 kB
WritebackTmp:          0 kB
CommitLimit:     1450072 kB
Committed_AS:   23979912 kB
VmallocTotal:   251658176 kB
VmallocUsed:       96476 kB
VmallocChunk:   251482716 kB


[2024-11-19 20:27:17]
MemTotal:        1858332 kB
MemFree:           44148 kB
Buffers:             644 kB
Cached:           206436 kB
SwapCached:        13632 kB
Active:           974752 kB
Inactive:         363108 kB
Active(anon):     921748 kB
Inactive(anon):   308868 kB
Active(file):      53004 kB
Inactive(file):    54240 kB
Unevictable:       99496 kB
Mlocked:           94212 kB
SwapTotal:        520908 kB
SwapFree:         357160 kB
Dirty:                 0 kB
Writeback:             0 kB
AnonPages:       1230080 kB
Mapped:           143124 kB
Shmem:               596 kB
Slab:              77276 kB
SReclaimable:      24620 kB
SUnreclaim:        52656 kB
KernelStack:       15104 kB
PageTables:        16572 kB
NFS_Unstable:          0 kB
Bounce:                0 kB
WritebackTmp:          0 kB
CommitLimit:     1450072 kB
Committed_AS:   23979888 kB
VmallocTotal:   251658176 kB
VmallocUsed:       96476 kB
VmallocChunk:   251482716 kB


[2024-11-19 20:27:17]
MemTotal:        1858332 kB
MemFree:           43640 kB
Buffers:             644 kB
Cached:           206436 kB
SwapCached:        13632 kB
Active:           974832 kB
Inactive:         363108 kB
Active(anon):     921828 kB
Inactive(anon):   308868 kB
Active(file):      53004 kB
Inactive(file):    54240 kB
Unevictable:       99496 kB
Mlocked:           94212 kB
SwapTotal:        520908 kB
SwapFree:         357160 kB
Dirty:                 0 kB
Writeback:             0 kB
AnonPages:       1230220 kB
Mapped:           143124 kB
Shmem:               596 kB
Slab:              77276 kB
SReclaimable:      24620 kB
SUnreclaim:        52656 kB
KernelStack:       15104 kB
PageTables:        16548 kB
NFS_Unstable:          0 kB
Bounce:                0 kB
WritebackTmp:          0 kB
CommitLimit:     1450072 kB
Committed_AS:   23979828 kB
VmallocTotal:   251658176 kB
VmallocUsed:       96476 kB
VmallocChunk:   251482716 kB


[2024-11-19 20:27:17]
MemTotal:        1858332 kB
MemFree:           44004 kB
Buffers:             644 kB
Cached:           206436 kB
SwapCached:        13632 kB
Active:           974968 kB
Inactive:         363108 kB
Active(anon):     921964 kB
Inactive(anon):   308868 kB
Active(file):      53004 kB
Inactive(file):    54240 kB
Unevictable:       99496 kB
Mlocked:           94212 kB
SwapTotal:        520908 kB
SwapFree:         357160 kB
Dirty:                 0 kB
Writeback:             0 kB
AnonPages:       1230236 kB
Mapped:           143112 kB
Shmem:               596 kB
Slab:              77276 kB
SReclaimable:      24620 kB
SUnreclaim:        52656 kB
KernelStack:       15088 kB
PageTables:        16540 kB
NFS_Unstable:          0 kB
Bounce:                0 kB
WritebackTmp:          0 kB
CommitLimit:     1450072 kB
Committed_AS:   23979792 kB
VmallocTotal:   251658176 kB
VmallocUsed:       96476 kB
VmallocChunk:   251482716 kB


[2024-11-19 20:27:17]
MemTotal:        1858332 kB
MemFree:           44008 kB
Buffers:             644 kB
Cached:           206436 kB
SwapCached:        13632 kB
Active:           974976 kB
Inactive:         363108 kB
Active(anon):     921972 kB
Inactive(anon):   308868 kB
Active(file):      53004 kB
Inactive(file):    54240 kB
Unevictable:       99496 kB
Mlocked:           94212 kB
SwapTotal:        520908 kB
SwapFree:         357160 kB
Dirty:                 0 kB
Writeback:             0 kB
AnonPages:       1230236 kB
Mapped:           143132 kB
Shmem:               596 kB
Slab:              77276 kB
SReclaimable:      24620 kB
SUnreclaim:        52656 kB
KernelStack:       15104 kB
PageTables:        16540 kB
NFS_Unstable:          0 kB
Bounce:                0 kB
WritebackTmp:          0 kB
CommitLimit:     1450072 kB
Committed_AS:   23979900 kB
VmallocTotal:   251658176 kB
VmallocUsed:       96476 kB
VmallocChunk:   251482716 kB


[2024-11-19 20:27:17]
MemTotal:        1858332 kB
MemFree:           43460 kB
Buffers:             644 kB
Cached:           206436 kB
SwapCached:        13632 kB
Active:           975368 kB
Inactive:         363108 kB
Active(anon):     922364 kB
Inactive(anon):   308868 kB
Active(file):      53004 kB
Inactive(file):    54240 kB
Unevictable:       99496 kB
Mlocked:           94212 kB
SwapTotal:        520908 kB
SwapFree:         357160 kB
Dirty:                 0 kB
Writeback:             0 kB
AnonPages:       1230688 kB
Mapped:           143156 kB
Shmem:               596 kB
Slab:              77276 kB
SReclaimable:      24620 kB
SUnreclaim:        52656 kB
KernelStack:       15088 kB
PageTables:        16540 kB
NFS_Unstable:          0 kB
Bounce:                0 kB
WritebackTmp:          0 kB
CommitLimit:     1450072 kB
Committed_AS:   23979772 kB
VmallocTotal:   251658176 kB
VmallocUsed:       96476 kB
VmallocChunk:   251482716 kB


[2024-11-19 20:27:17]
MemTotal:        1858332 kB
MemFree:           43656 kB
Buffers:             644 kB
Cached:           206436 kB
SwapCached:        13632 kB
Active:           975476 kB
Inactive:         363108 kB
Active(anon):     922472 kB
Inactive(anon):   308868 kB
Active(file):      53004 kB
Inactive(file):    54240 kB
Unevictable:       99496 kB
Mlocked:           94212 kB
SwapTotal:        520908 kB
SwapFree:         357160 kB
Dirty:                 0 kB
Writeback:             0 kB
AnonPages:       1230768 kB
Mapped:           143124 kB
Shmem:               596 kB
Slab:              77276 kB
SReclaimable:      24620 kB
SUnreclaim:        52656 kB
KernelStack:       15088 kB
PageTables:        16540 kB
NFS_Unstable:          0 kB
Bounce:                0 kB
WritebackTmp:          0 kB
CommitLimit:     1450072 kB
Committed_AS:   23979992 kB
VmallocTotal:   251658176 kB
VmallocUsed:       96476 kB
VmallocChunk:   251482716 kB


[2024-11-19 20:27:17]
MemTotal:        1858332 kB
MemFree:           41692 kB
Buffers:             644 kB
Cached:           206436 kB
SwapCached:        13636 kB
Active:           976576 kB
Inactive:         363108 kB
Active(anon):     923572 kB
Inactive(anon):   308868 kB
Active(file):      53004 kB
Inactive(file):    54240 kB
Unevictable:       99496 kB
Mlocked:           94212 kB
SwapTotal:        520908 kB
SwapFree:         357224 kB
Dirty:                 0 kB
Writeback:             0 kB
AnonPages:       1232036 kB
Mapped:           145516 kB
Shmem:               596 kB
Slab:              77276 kB
SReclaimable:      24620 kB
SUnreclaim:        52656 kB
KernelStack:       15088 kB
PageTables:        16516 kB
NFS_Unstable:          0 kB
Bounce:                0 kB
WritebackTmp:          0 kB
CommitLimit:     1450072 kB
Committed_AS:   23981532 kB
VmallocTotal:   251658176 kB
VmallocUsed:       96504 kB
VmallocChunk:   251482716 kB


[2024-11-19 20:27:17]
MemTotal:        1858332 kB
MemFree:           34556 kB
Buffers:             644 kB
Cached:           207240 kB
SwapCached:        13636 kB
Active:           983364 kB
Inactive:         363884 kB
Active(anon):     930328 kB
Inactive(anon):   308924 kB
Active(file):      53036 kB
Inactive(file):    54960 kB
Unevictable:       99496 kB
Mlocked:           94212 kB
SwapTotal:        520908 kB
SwapFree:         357244 kB
Dirty:                 0 kB
Writeback:             0 kB
AnonPages:       1238732 kB
Mapped:           147296 kB
Shmem:               596 kB
Slab:              77292 kB
SReclaimable:      24620 kB
SUnreclaim:        52672 kB
KernelStack:       15216 kB
PageTables:        16840 kB
NFS_Unstable:          0 kB
Bounce:                0 kB
WritebackTmp:          0 kB
CommitLimit:     1450072 kB
Committed_AS:   24101432 kB
VmallocTotal:   251658176 kB
VmallocUsed:       96504 kB
VmallocChunk:   251482716 kB


[2024-11-19 20:27:19]
MemTotal:        1858332 kB
MemFree:           40308 kB
Buffers:             644 kB
Cached:           207240 kB
SwapCached:        13636 kB
Active:           977068 kB
Inactive:         363928 kB
Active(anon):     924032 kB
Inactive(anon):   308916 kB
Active(file):      53036 kB
Inactive(file):    55012 kB
Unevictable:       99496 kB
Mlocked:           94212 kB
SwapTotal:        520908 kB
SwapFree:         357244 kB
Dirty:                 0 kB
Writeback:             0 kB
AnonPages:       1232464 kB
Mapped:           147296 kB
Shmem:               596 kB
Slab:              77292 kB
SReclaimable:      24620 kB
SUnreclaim:        52672 kB
KernelStack:       15232 kB
PageTables:        16840 kB
NFS_Unstable:          0 kB
Bounce:                0 kB
WritebackTmp:          0 kB
CommitLimit:     1450072 kB
Committed_AS:   24101504 kB
VmallocTotal:   251658176 kB
VmallocUsed:       96504 kB
VmallocChunk:   251482716 kB


[2024-11-19 20:27:21]
MemTotal:        1858332 kB
MemFree:           40232 kB
Buffers:             644 kB
Cached:           207240 kB
SwapCached:        13636 kB
Active:           977012 kB
Inactive:         363928 kB
Active(anon):     923976 kB
Inactive(anon):   308916 kB
Active(file):      53036 kB
Inactive(file):    55012 kB
Unevictable:       99496 kB
Mlocked:           94212 kB
SwapTotal:        520908 kB
SwapFree:         357244 kB
Dirty:                 0 kB
Writeback:             0 kB
AnonPages:       1232488 kB
Mapped:           147312 kB
Shmem:               596 kB
Slab:              77292 kB
SReclaimable:      24620 kB
SUnreclaim:        52672 kB
KernelStack:       15280 kB
PageTables:        16840 kB
NFS_Unstable:          0 kB
Bounce:                0 kB
WritebackTmp:          0 kB
CommitLimit:     1450072 kB
Committed_AS:   24101536 kB
VmallocTotal:   251658176 kB
VmallocUsed:       96504 kB
VmallocChunk:   251482716 kB


[2024-11-19 20:27:24]
MemTotal:        1858332 kB
MemFree:           39832 kB
Buffers:             644 kB
Cached:           207240 kB
SwapCached:        13636 kB
Active:           976996 kB
Inactive:         363920 kB
Active(anon):     923960 kB
Inactive(anon):   308908 kB
Active(file):      53036 kB
Inactive(file):    55012 kB
Unevictable:       99496 kB
Mlocked:           94212 kB
SwapTotal:        520908 kB
SwapFree:         357244 kB
Dirty:                 0 kB
Writeback:             0 kB
AnonPages:       1232464 kB
Mapped:           147312 kB
Shmem:               596 kB
Slab:              77292 kB
SReclaimable:      24620 kB
SUnreclaim:        52672 kB
KernelStack:       15248 kB
PageTables:        16840 kB
NFS_Unstable:          0 kB
Bounce:                0 kB
WritebackTmp:          0 kB
CommitLimit:     1450072 kB
Committed_AS:   24101524 kB
VmallocTotal:   251658176 kB
VmallocUsed:       96504 kB
VmallocChunk:   251482716 kB


[2024-11-19 20:27:26]
MemTotal:        1858332 kB
MemFree:           39392 kB
Buffers:             644 kB
Cached:           207240 kB
SwapCached:        13636 kB
Active:           977536 kB
Inactive:         363916 kB
Active(anon):     924500 kB
Inactive(anon):   308904 kB
Active(file):      53036 kB
Inactive(file):    55012 kB
Unevictable:       99496 kB
Mlocked:           94212 kB
SwapTotal:        520908 kB
SwapFree:         357248 kB
Dirty:                 0 kB
Writeback:             0 kB
AnonPages:       1232924 kB
Mapped:           147360 kB
Shmem:               596 kB
Slab:              77292 kB
SReclaimable:      24620 kB
SUnreclaim:        52672 kB
KernelStack:       15280 kB
PageTables:        16856 kB
NFS_Unstable:          0 kB
Bounce:                0 kB
WritebackTmp:          0 kB
CommitLimit:     1450072 kB
Committed_AS:   24101444 kB
VmallocTotal:   251658176 kB
VmallocUsed:       96504 kB
VmallocChunk:   251482716 kB


[2024-11-19 20:27:28]
MemTotal:        1858332 kB
MemFree:           39164 kB
Buffers:             644 kB
Cached:           207240 kB
SwapCached:        13636 kB
Active:           977416 kB
Inactive:         363916 kB
Active(anon):     924380 kB
Inactive(anon):   308904 kB
Active(file):      53036 kB
Inactive(file):    55012 kB
Unevictable:       99496 kB
Mlocked:           94212 kB
SwapTotal:        520908 kB
SwapFree:         357248 kB
Dirty:                 0 kB
Writeback:             0 kB
AnonPages:       1232896 kB
Mapped:           147312 kB
Shmem:               596 kB
Slab:              77292 kB
SReclaimable:      24620 kB
SUnreclaim:        52672 kB
KernelStack:       15248 kB
PageTables:        16840 kB
NFS_Unstable:          0 kB
Bounce:                0 kB
WritebackTmp:          0 kB
CommitLimit:     1450072 kB
Committed_AS:   24101528 kB
VmallocTotal:   251658176 kB
VmallocUsed:       96504 kB
VmallocChunk:   251482716 kB


[2024-11-19 20:27:30]
MemTotal:        1858332 kB
MemFree:           38748 kB
Buffers:             644 kB
Cached:           207240 kB
SwapCached:        13636 kB
Active:           977612 kB
Inactive:         363916 kB
Active(anon):     924576 kB
Inactive(anon):   308904 kB
Active(file):      53036 kB
Inactive(file):    55012 kB
Unevictable:       99496 kB
Mlocked:           94212 kB
SwapTotal:        520908 kB
SwapFree:         357248 kB
Dirty:                 0 kB
Writeback:             0 kB
AnonPages:       1232936 kB
Mapped:           147312 kB
Shmem:               596 kB
Slab:              77292 kB
SReclaimable:      24620 kB
SUnreclaim:        52672 kB
KernelStack:       15248 kB
PageTables:        16840 kB
NFS_Unstable:          0 kB
Bounce:                0 kB
WritebackTmp:          0 kB
CommitLimit:     1450072 kB
Committed_AS:   24093196 kB
VmallocTotal:   251658176 kB
VmallocUsed:       96504 kB
VmallocChunk:   251482716 kB


[2024-11-19 20:27:32]
MemTotal:        1858332 kB
MemFree:           38588 kB
Buffers:             644 kB
Cached:           207240 kB
SwapCached:        13636 kB
Active:           977880 kB
Inactive:         363916 kB
Active(anon):     924844 kB
Inactive(anon):   308904 kB
Active(file):      53036 kB
Inactive(file):    55012 kB
Unevictable:       99496 kB
Mlocked:           94212 kB
SwapTotal:        520908 kB
SwapFree:         357248 kB
Dirty:                 0 kB
Writeback:             0 kB
AnonPages:       1233204 kB
Mapped:           147312 kB
Shmem:               596 kB
Slab:              77292 kB
SReclaimable:      24620 kB
SUnreclaim:        52672 kB
KernelStack:       15248 kB
PageTables:        16840 kB
NFS_Unstable:          0 kB
Bounce:                0 kB
WritebackTmp:          0 kB
CommitLimit:     1450072 kB
Committed_AS:   24101436 kB
VmallocTotal:   251658176 kB
VmallocUsed:       96504 kB
VmallocChunk:   251482716 kB


[2024-11-19 20:27:35]
MemTotal:        1858332 kB
MemFree:           38752 kB
Buffers:             644 kB
Cached:           207240 kB
SwapCached:        13636 kB
Active:           977936 kB
Inactive:         363916 kB
Active(anon):     924900 kB
Inactive(anon):   308904 kB
Active(file):      53036 kB
Inactive(file):    55012 kB
Unevictable:       99496 kB
Mlocked:           94212 kB
SwapTotal:        520908 kB
SwapFree:         357248 kB
Dirty:                 0 kB
Writeback:             0 kB
AnonPages:       1233324 kB
Mapped:           147128 kB
Shmem:               596 kB
Slab:              77292 kB
SReclaimable:      24620 kB
SUnreclaim:        52672 kB
KernelStack:       15248 kB
PageTables:        16840 kB
NFS_Unstable:          0 kB
Bounce:                0 kB
WritebackTmp:          0 kB
CommitLimit:     1450072 kB
Committed_AS:   24101460 kB
VmallocTotal:   251658176 kB
VmallocUsed:       96504 kB
VmallocChunk:   251482716 kB


[2024-11-19 20:27:37]
MemTotal:        1858332 kB
MemFree:           38956 kB
Buffers:             644 kB
Cached:           207240 kB
SwapCached:        13636 kB
Active:           977968 kB
Inactive:         363916 kB
Active(anon):     924932 kB
Inactive(anon):   308904 kB
Active(file):      53036 kB
Inactive(file):    55012 kB
Unevictable:       99496 kB
Mlocked:           94212 kB
SwapTotal:        520908 kB
SwapFree:         357248 kB
Dirty:                 0 kB
Writeback:             0 kB
AnonPages:       1233276 kB
Mapped:           147312 kB
Shmem:               596 kB
Slab:              77292 kB
SReclaimable:      24620 kB
SUnreclaim:        52672 kB
KernelStack:       15200 kB
PageTables:        16840 kB
NFS_Unstable:          0 kB
Bounce:                0 kB
WritebackTmp:          0 kB
CommitLimit:     1450072 kB
Committed_AS:   24101456 kB
VmallocTotal:   251658176 kB
VmallocUsed:       96504 kB
VmallocChunk:   251482716 kB


[2024-11-19 20:27:39]
MemTotal:        1858332 kB
MemFree:           39844 kB
Buffers:             644 kB
Cached:           207240 kB
SwapCached:        13636 kB
Active:           977892 kB
Inactive:         363916 kB
Active(anon):     924856 kB
Inactive(anon):   308904 kB
Active(file):      53036 kB
Inactive(file):    55012 kB
Unevictable:       99496 kB
Mlocked:           94212 kB
SwapTotal:        520908 kB
SwapFree:         357248 kB
Dirty:                 0 kB
Writeback:             0 kB
AnonPages:       1233168 kB
Mapped:           147312 kB
Shmem:               596 kB
Slab:              77260 kB
SReclaimable:      24588 kB
SUnreclaim:        52672 kB
KernelStack:       15280 kB
PageTables:        16856 kB
NFS_Unstable:          0 kB
Bounce:                0 kB
WritebackTmp:          0 kB
CommitLimit:     1450072 kB
Committed_AS:   24101340 kB
VmallocTotal:   251658176 kB
VmallocUsed:       96504 kB
VmallocChunk:   251482716 kB


[2024-11-19 20:27:42]
MemTotal:        1858332 kB
MemFree:           39540 kB
Buffers:             644 kB
Cached:           207240 kB
SwapCached:        13636 kB
Active:           978344 kB
Inactive:         363916 kB
Active(anon):     925308 kB
Inactive(anon):   308904 kB
Active(file):      53036 kB
Inactive(file):    55012 kB
Unevictable:       99496 kB
Mlocked:           94212 kB
SwapTotal:        520908 kB
SwapFree:         357248 kB
Dirty:                 0 kB
Writeback:             0 kB
AnonPages:       1233756 kB
Mapped:           147312 kB
Shmem:               596 kB
Slab:              77260 kB
SReclaimable:      24588 kB
SUnreclaim:        52672 kB
KernelStack:       15248 kB
PageTables:        16840 kB
NFS_Unstable:          0 kB
Bounce:                0 kB
WritebackTmp:          0 kB
CommitLimit:     1450072 kB
Committed_AS:   24101316 kB
VmallocTotal:   251658176 kB
VmallocUsed:       96504 kB
VmallocChunk:   251482716 kB


[2024-11-19 20:27:44]
MemTotal:        1858332 kB
MemFree:           39068 kB
Buffers:             644 kB
Cached:           207240 kB
SwapCached:        13636 kB
Active:           978568 kB
Inactive:         363916 kB
Active(anon):     925532 kB
Inactive(anon):   308904 kB
Active(file):      53036 kB
Inactive(file):    55012 kB
Unevictable:       99496 kB
Mlocked:           94212 kB
SwapTotal:        520908 kB
SwapFree:         357248 kB
Dirty:                 0 kB
Writeback:             0 kB
AnonPages:       1234072 kB
Mapped:           147180 kB
Shmem:               596 kB
Slab:              77260 kB
SReclaimable:      24588 kB
SUnreclaim:        52672 kB
KernelStack:       15280 kB
PageTables:        16860 kB
NFS_Unstable:          0 kB
Bounce:                0 kB
WritebackTmp:          0 kB
CommitLimit:     1450072 kB
Committed_AS:   24101428 kB
VmallocTotal:   251658176 kB
VmallocUsed:       96504 kB
VmallocChunk:   251482716 kB


[2024-11-19 20:27:47]
MemTotal:        1858332 kB
MemFree:           39024 kB
Buffers:             644 kB
Cached:           207240 kB
SwapCached:        13636 kB
Active:           978848 kB
Inactive:         363916 kB
Active(anon):     925812 kB
Inactive(anon):   308904 kB
Active(file):      53036 kB
Inactive(file):    55012 kB
Unevictable:       99496 kB
Mlocked:           94212 kB
SwapTotal:        520908 kB
SwapFree:         357248 kB
Dirty:                 0 kB
Writeback:             0 kB
AnonPages:       1234176 kB
Mapped:           147248 kB
Shmem:               596 kB
Slab:              77260 kB
SReclaimable:      24588 kB
SUnreclaim:        52672 kB
KernelStack:       15280 kB
PageTables:        16880 kB
NFS_Unstable:          0 kB
Bounce:                0 kB
WritebackTmp:          0 kB
CommitLimit:     1450072 kB
Committed_AS:   24101332 kB
VmallocTotal:   251658176 kB
VmallocUsed:       96504 kB
VmallocChunk:   251482716 kB


[2024-11-19 20:27:49]
MemTotal:        1858332 kB
MemFree:           39580 kB
Buffers:             644 kB
Cached:           207240 kB
SwapCached:        13636 kB
Active:           978508 kB
Inactive:         363920 kB
Active(anon):     925472 kB
Inactive(anon):   308908 kB
Active(file):      53036 kB
Inactive(file):    55012 kB
Unevictable:       99496 kB
Mlocked:           94212 kB
SwapTotal:        520908 kB
SwapFree:         357252 kB
Dirty:                 0 kB
Writeback:             0 kB
AnonPages:       1234028 kB
Mapped:           147128 kB
Shmem:               596 kB
Slab:              77260 kB
SReclaimable:      24588 kB
SUnreclaim:        52672 kB
KernelStack:       15248 kB
PageTables:        16840 kB
NFS_Unstable:          0 kB
Bounce:                0 kB
WritebackTmp:          0 kB
CommitLimit:     1450072 kB
Committed_AS:   24101320 kB
VmallocTotal:   251658176 kB
VmallocUsed:       96504 kB
VmallocChunk:   251482716 kB


[2024-11-19 20:27:52]
MemTotal:        1858332 kB
MemFree:           38904 kB
Buffers:             644 kB
Cached:           207240 kB
SwapCached:        13636 kB
Active:           979084 kB
Inactive:         363920 kB
Active(anon):     926048 kB
Inactive(anon):   308908 kB
Active(file):      53036 kB
Inactive(file):    55012 kB
Unevictable:       99496 kB
Mlocked:           94212 kB
SwapTotal:        520908 kB
SwapFree:         357252 kB
Dirty:                 0 kB
Writeback:             0 kB
AnonPages:       1234444 kB
Mapped:           147312 kB
Shmem:               596 kB
Slab:              77260 kB
SReclaimable:      24588 kB
SUnreclaim:        52672 kB
KernelStack:       15280 kB
PageTables:        16864 kB
NFS_Unstable:          0 kB
Bounce:                0 kB
WritebackTmp:          0 kB
CommitLimit:     1450072 kB
Committed_AS:   24101428 kB
VmallocTotal:   251658176 kB
VmallocUsed:       96504 kB
VmallocChunk:   251482716 kB


[2024-11-19 20:27:55]
MemTotal:        1858332 kB
MemFree:           38532 kB
Buffers:             644 kB
Cached:           207240 kB
SwapCached:        13636 kB
Active:           979024 kB
Inactive:         363920 kB
Active(anon):     925988 kB
Inactive(anon):   308908 kB
Active(file):      53036 kB
Inactive(file):    55012 kB
Unevictable:       99496 kB
Mlocked:           94212 kB
SwapTotal:        520908 kB
SwapFree:         357252 kB
Dirty:                 0 kB
Writeback:             0 kB
AnonPages:       1234296 kB
Mapped:           147312 kB
Shmem:               596 kB
Slab:              77260 kB
SReclaimable:      24588 kB
SUnreclaim:        52672 kB
KernelStack:       15248 kB
PageTables:        16840 kB
NFS_Unstable:          0 kB
Bounce:                0 kB
WritebackTmp:          0 kB
CommitLimit:     1450072 kB
Committed_AS:   24101524 kB
VmallocTotal:   251658176 kB
VmallocUsed:       96504 kB
VmallocChunk:   251482716 kB


[2024-11-19 20:27:57]
MemTotal:        1858332 kB
MemFree:           38048 kB
Buffers:             644 kB
Cached:           207240 kB
SwapCached:        13636 kB
Active:           979336 kB
Inactive:         363924 kB
Active(anon):     926300 kB
Inactive(anon):   308912 kB
Active(file):      53036 kB
Inactive(file):    55012 kB
Unevictable:       99496 kB
Mlocked:           94212 kB
SwapTotal:        520908 kB
SwapFree:         357256 kB
Dirty:                 0 kB
Writeback:             0 kB
AnonPages:       1234896 kB
Mapped:           147368 kB
Shmem:               596 kB
Slab:              77260 kB
SReclaimable:      24588 kB
SUnreclaim:        52672 kB
KernelStack:       15280 kB
PageTables:        16860 kB
NFS_Unstable:          0 kB
Bounce:                0 kB
WritebackTmp:          0 kB
CommitLimit:     1450072 kB
Committed_AS:   24101372 kB
VmallocTotal:   251658176 kB
VmallocUsed:       96504 kB
VmallocChunk:   251482716 kB


[2024-11-19 20:28:00]
MemTotal:        1858332 kB
MemFree:           37744 kB
Buffers:             644 kB
Cached:           207240 kB
SwapCached:        13636 kB
Active:           980008 kB
Inactive:         363924 kB
Active(anon):     926972 kB
Inactive(anon):   308912 kB
Active(file):      53036 kB
Inactive(file):    55012 kB
Unevictable:       99496 kB
Mlocked:           94212 kB
SwapTotal:        520908 kB
SwapFree:         357256 kB
Dirty:                 0 kB
Writeback:             0 kB
AnonPages:       1235408 kB
Mapped:           147324 kB
Shmem:               596 kB
Slab:              77260 kB
SReclaimable:      24588 kB
SUnreclaim:        52672 kB
KernelStack:       15280 kB
PageTables:        16864 kB
NFS_Unstable:          0 kB
Bounce:                0 kB
WritebackTmp:          0 kB
CommitLimit:     1450072 kB
Committed_AS:   24101500 kB
VmallocTotal:   251658176 kB
VmallocUsed:       96504 kB
VmallocChunk:   251482716 kB


[2024-11-19 20:28:02]
MemTotal:        1858332 kB
MemFree:           37444 kB
Buffers:             644 kB
Cached:           207240 kB
SwapCached:        13636 kB
Active:           979808 kB
Inactive:         363924 kB
Active(anon):     926772 kB
Inactive(anon):   308912 kB
Active(file):      53036 kB
Inactive(file):    55012 kB
Unevictable:       99496 kB
Mlocked:           94212 kB
SwapTotal:        520908 kB
SwapFree:         357256 kB
Dirty:                 0 kB
Writeback:             0 kB
AnonPages:       1235188 kB
Mapped:           147316 kB
Shmem:               596 kB
Slab:              77260 kB
SReclaimable:      24588 kB
SUnreclaim:        52672 kB
KernelStack:       15248 kB
PageTables:        16840 kB
NFS_Unstable:          0 kB
Bounce:                0 kB
WritebackTmp:          0 kB
CommitLimit:     1450072 kB
Committed_AS:   24101384 kB
VmallocTotal:   251658176 kB
VmallocUsed:       96504 kB
VmallocChunk:   251482716 kB


[2024-11-19 20:28:05]
MemTotal:        1858332 kB
MemFree:           37312 kB
Buffers:             644 kB
Cached:           207240 kB
SwapCached:        13636 kB
Active:           980052 kB
Inactive:         363928 kB
Active(anon):     927016 kB
Inactive(anon):   308916 kB
Active(file):      53036 kB
Inactive(file):    55012 kB
Unevictable:       99496 kB
Mlocked:           94212 kB
SwapTotal:        520908 kB
SwapFree:         357260 kB
Dirty:                 0 kB
Writeback:             0 kB
AnonPages:       1235388 kB
Mapped:           147324 kB
Shmem:               596 kB
Slab:              77260 kB
SReclaimable:      24588 kB
SUnreclaim:        52672 kB
KernelStack:       15264 kB
PageTables:        16864 kB
NFS_Unstable:          0 kB
Bounce:                0 kB
WritebackTmp:          0 kB
CommitLimit:     1450072 kB
Committed_AS:   24101328 kB
VmallocTotal:   251658176 kB
VmallocUsed:       96504 kB
VmallocChunk:   251482716 kB


[2024-11-19 20:28:08]
MemTotal:        1858332 kB
MemFree:           37376 kB
Buffers:             644 kB
Cached:           207240 kB
SwapCached:        13636 kB
Active:           980020 kB
Inactive:         363928 kB
Active(anon):     926984 kB
Inactive(anon):   308916 kB
Active(file):      53036 kB
Inactive(file):    55012 kB
Unevictable:       99496 kB
Mlocked:           94212 kB
SwapTotal:        520908 kB
SwapFree:         357260 kB
Dirty:                 0 kB
Writeback:             0 kB
AnonPages:       1235616 kB
Mapped:           147316 kB
Shmem:               596 kB
Slab:              77260 kB
SReclaimable:      24588 kB
SUnreclaim:        52672 kB
KernelStack:       15232 kB
PageTables:        16840 kB
NFS_Unstable:          0 kB
Bounce:                0 kB
WritebackTmp:          0 kB
CommitLimit:     1450072 kB
Committed_AS:   24101344 kB
VmallocTotal:   251658176 kB
VmallocUsed:       96504 kB
VmallocChunk:   251482716 kB


[2024-11-19 20:28:10]
MemTotal:        1858332 kB
MemFree:           37604 kB
Buffers:             644 kB
Cached:           207240 kB
SwapCached:        13636 kB
Active:           980368 kB
Inactive:         363928 kB
Active(anon):     927332 kB
Inactive(anon):   308916 kB
Active(file):      53036 kB
Inactive(file):    55012 kB
Unevictable:       99496 kB
Mlocked:           94212 kB
SwapTotal:        520908 kB
SwapFree:         357260 kB
Dirty:                 0 kB
Writeback:             0 kB
AnonPages:       1235744 kB
Mapped:           147368 kB
Shmem:               596 kB
Slab:              77260 kB
SReclaimable:      24588 kB
SUnreclaim:        52672 kB
KernelStack:       15264 kB
PageTables:        16860 kB
NFS_Unstable:          0 kB
Bounce:                0 kB
WritebackTmp:          0 kB
CommitLimit:     1450072 kB
Committed_AS:   24101412 kB
VmallocTotal:   251658176 kB
VmallocUsed:       96504 kB
VmallocChunk:   251482716 kB


[2024-11-19 20:28:13]
MemTotal:        1858332 kB
MemFree:           37416 kB
Buffers:             644 kB
Cached:           207240 kB
SwapCached:        13640 kB
Active:           980408 kB
Inactive:         363932 kB
Active(anon):     927372 kB
Inactive(anon):   308920 kB
Active(file):      53036 kB
Inactive(file):    55012 kB
Unevictable:       99496 kB
Mlocked:           94212 kB
SwapTotal:        520908 kB
SwapFree:         357260 kB
Dirty:                 0 kB
Writeback:             0 kB
AnonPages:       1235736 kB
Mapped:           147324 kB
Shmem:               596 kB
Slab:              77260 kB
SReclaimable:      24588 kB
SUnreclaim:        52672 kB
KernelStack:       15264 kB
PageTables:        16872 kB
NFS_Unstable:          0 kB
Bounce:                0 kB
WritebackTmp:          0 kB
CommitLimit:     1450072 kB
Committed_AS:   24101440 kB
VmallocTotal:   251658176 kB
VmallocUsed:       96504 kB
VmallocChunk:   251482716 kB


[2024-11-19 20:28:16]
MemTotal:        1858332 kB
MemFree:           39020 kB
Buffers:             644 kB
Cached:           207240 kB
SwapCached:        13640 kB
Active:           978956 kB
Inactive:         363932 kB
Active(anon):     925920 kB
Inactive(anon):   308920 kB
Active(file):      53036 kB
Inactive(file):    55012 kB
Unevictable:       99496 kB
Mlocked:           94212 kB
SwapTotal:        520908 kB
SwapFree:         357260 kB
Dirty:                 0 kB
Writeback:             0 kB
AnonPages:       1234568 kB
Mapped:           147132 kB
Shmem:               596 kB
Slab:              77260 kB
SReclaimable:      24588 kB
SUnreclaim:        52672 kB
KernelStack:       15232 kB
PageTables:        16840 kB
NFS_Unstable:          0 kB
Bounce:                0 kB
WritebackTmp:          0 kB
CommitLimit:     1450072 kB
Committed_AS:   24101436 kB
VmallocTotal:   251658176 kB
VmallocUsed:       95484 kB
VmallocChunk:   251482716 kB


[2024-11-19 20:28:18]
MemTotal:        1858332 kB
MemFree:           36700 kB
Buffers:             644 kB
Cached:           207256 kB
SwapCached:        13640 kB
Active:           981652 kB
Inactive:         363792 kB
Active(anon):     928460 kB
Inactive(anon):   308920 kB
Active(file):      53192 kB
Inactive(file):    54872 kB
Unevictable:       99496 kB
Mlocked:           94212 kB
SwapTotal:        520908 kB
SwapFree:         357260 kB
Dirty:                 0 kB
Writeback:             0 kB
AnonPages:       1236844 kB
Mapped:           147316 kB
Shmem:               596 kB
Slab:              77260 kB
SReclaimable:      24588 kB
SUnreclaim:        52672 kB
KernelStack:       15264 kB
PageTables:        16876 kB
NFS_Unstable:          0 kB
Bounce:                0 kB
WritebackTmp:          0 kB
CommitLimit:     1450072 kB
Committed_AS:   24101204 kB
VmallocTotal:   251658176 kB
VmallocUsed:       96504 kB
VmallocChunk:   251482716 kB


[2024-11-19 20:28:21]
MemTotal:        1858332 kB
MemFree:           35364 kB
Buffers:             644 kB
Cached:           207256 kB
SwapCached:        13640 kB
Active:           982752 kB
Inactive:         363792 kB
Active(anon):     929560 kB
Inactive(anon):   308920 kB
Active(file):      53192 kB
Inactive(file):    54872 kB
Unevictable:       99496 kB
Mlocked:           94212 kB
SwapTotal:        520908 kB
SwapFree:         357264 kB
Dirty:                 0 kB
Writeback:             0 kB
AnonPages:       1237980 kB
Mapped:           147324 kB
Shmem:               596 kB
Slab:              77260 kB
SReclaimable:      24588 kB
SUnreclaim:        52672 kB
KernelStack:       15264 kB
PageTables:        16868 kB
NFS_Unstable:          0 kB
Bounce:                0 kB
WritebackTmp:          0 kB
CommitLimit:     1450072 kB
Committed_AS:   24101332 kB
VmallocTotal:   251658176 kB
VmallocUsed:       96504 kB
VmallocChunk:   251482716 kB


[2024-11-19 20:28:24]
MemTotal:        1858332 kB
MemFree:           35152 kB
Buffers:             644 kB
Cached:           207256 kB
SwapCached:        13640 kB
Active:           982528 kB
Inactive:         363796 kB
Active(anon):     929336 kB
Inactive(anon):   308924 kB
Active(file):      53192 kB
Inactive(file):    54872 kB
Unevictable:       99496 kB
Mlocked:           94212 kB
SwapTotal:        520908 kB
SwapFree:         357264 kB
Dirty:                 0 kB
Writeback:             0 kB
AnonPages:       1237952 kB
Mapped:           147316 kB
Shmem:               596 kB
Slab:              77260 kB
SReclaimable:      24588 kB
SUnreclaim:        52672 kB
KernelStack:       15232 kB
PageTables:        16840 kB
NFS_Unstable:          0 kB
Bounce:                0 kB
WritebackTmp:          0 kB
CommitLimit:     1450072 kB
Committed_AS:   24101336 kB
VmallocTotal:   251658176 kB
VmallocUsed:       96504 kB
VmallocChunk:   251482716 kB


[2024-11-19 20:28:26]
MemTotal:        1858332 kB
MemFree:           37192 kB
Buffers:             644 kB
Cached:           204332 kB
SwapCached:        13640 kB
Active:           981548 kB
Inactive:         362248 kB
Active(anon):     928864 kB
Inactive(anon):   309920 kB
Active(file):      52684 kB
Inactive(file):    52328 kB
Unevictable:       99496 kB
Mlocked:           94212 kB
SwapTotal:        520908 kB
SwapFree:         357232 kB
Dirty:                 0 kB
Writeback:             0 kB
AnonPages:       1238220 kB
Mapped:           147152 kB
Shmem:               596 kB
Slab:              77260 kB
SReclaimable:      24588 kB
SUnreclaim:        52672 kB
KernelStack:       15264 kB
PageTables:        16868 kB
NFS_Unstable:          0 kB
Bounce:                0 kB
WritebackTmp:          0 kB
CommitLimit:     1450072 kB
Committed_AS:   24101400 kB
VmallocTotal:   251658176 kB
VmallocUsed:       96504 kB
VmallocChunk:   251482716 kB


[2024-11-19 20:28:29]
MemTotal:        1858332 kB
MemFree:           37824 kB
Buffers:             644 kB
Cached:           204296 kB
SwapCached:        13640 kB
Active:           981712 kB
Inactive:         362248 kB
Active(anon):     928936 kB
Inactive(anon):   309920 kB
Active(file):      52776 kB
Inactive(file):    52328 kB
Unevictable:       99496 kB
Mlocked:           94212 kB
SwapTotal:        520908 kB
SwapFree:         357232 kB
Dirty:                 0 kB
Writeback:             0 kB
AnonPages:       1238244 kB
Mapped:           147132 kB
Shmem:               596 kB
Slab:              77260 kB
SReclaimable:      24588 kB
SUnreclaim:        52672 kB
KernelStack:       15232 kB
PageTables:        16840 kB
NFS_Unstable:          0 kB
Bounce:                0 kB
WritebackTmp:          0 kB
CommitLimit:     1450072 kB
Committed_AS:   24101404 kB
VmallocTotal:   251658176 kB
VmallocUsed:       96504 kB
VmallocChunk:   251482716 kB


[2024-11-19 20:28:31]
MemTotal:        1858332 kB
MemFree:           37604 kB
Buffers:             644 kB
Cached:           204296 kB
SwapCached:        13640 kB
Active:           981936 kB
Inactive:         362248 kB
Active(anon):     929160 kB
Inactive(anon):   309920 kB
Active(file):      52776 kB
Inactive(file):    52328 kB
Unevictable:       99496 kB
Mlocked:           94212 kB
SwapTotal:        520908 kB
SwapFree:         357232 kB
Dirty:                 0 kB
Writeback:             0 kB
AnonPages:       1238720 kB
Mapped:           147240 kB
Shmem:               596 kB
Slab:              77260 kB
SReclaimable:      24588 kB
SUnreclaim:        52672 kB
KernelStack:       15264 kB
PageTables:        16864 kB
NFS_Unstable:          0 kB
Bounce:                0 kB
WritebackTmp:          0 kB
CommitLimit:     1450072 kB
Committed_AS:   24101396 kB
VmallocTotal:   251658176 kB
VmallocUsed:       96504 kB
VmallocChunk:   251482716 kB


[2024-11-19 20:28:33]
MemTotal:        1858332 kB
MemFree:           37320 kB
Buffers:             644 kB
Cached:           204296 kB
SwapCached:        13640 kB
Active:           981976 kB
Inactive:         362248 kB
Active(anon):     929200 kB
Inactive(anon):   309920 kB
Active(file):      52776 kB
Inactive(file):    52328 kB
Unevictable:       99496 kB
Mlocked:           94212 kB
SwapTotal:        520908 kB
SwapFree:         357232 kB
Dirty:                 0 kB
Writeback:             0 kB
AnonPages:       1238684 kB
Mapped:           147316 kB
Shmem:               596 kB
Slab:              77260 kB
SReclaimable:      24588 kB
SUnreclaim:        52672 kB
KernelStack:       15232 kB
PageTables:        16840 kB
NFS_Unstable:          0 kB
Bounce:                0 kB
WritebackTmp:          0 kB
CommitLimit:     1450072 kB
Committed_AS:   24101292 kB
VmallocTotal:   251658176 kB
VmallocUsed:       96504 kB
VmallocChunk:   251482716 kB


[2024-11-19 20:28:36]
MemTotal:        1858332 kB
MemFree:           37344 kB
Buffers:             644 kB
Cached:           204296 kB
SwapCached:        13640 kB
Active:           981856 kB
Inactive:         362248 kB
Active(anon):     929080 kB
Inactive(anon):   309920 kB
Active(file):      52776 kB
Inactive(file):    52328 kB
Unevictable:       99496 kB
Mlocked:           94212 kB
SwapTotal:        520908 kB
SwapFree:         357232 kB
Dirty:                 0 kB
Writeback:             0 kB
AnonPages:       1238504 kB
Mapped:           147316 kB
Shmem:               596 kB
Slab:              77260 kB
SReclaimable:      24588 kB
SUnreclaim:        52672 kB
KernelStack:       15232 kB
PageTables:        16840 kB
NFS_Unstable:          0 kB
Bounce:                0 kB
WritebackTmp:          0 kB
CommitLimit:     1450072 kB
Committed_AS:   24101424 kB
VmallocTotal:   251658176 kB
VmallocUsed:       96504 kB
VmallocChunk:   251482716 kB


[2024-11-19 20:28:38]
MemTotal:        1858332 kB
MemFree:           36972 kB
Buffers:             644 kB
Cached:           204296 kB
SwapCached:        13640 kB
Active:           982344 kB
Inactive:         362248 kB
Active(anon):     929568 kB
Inactive(anon):   309920 kB
Active(file):      52776 kB
Inactive(file):    52328 kB
Unevictable:       99496 kB
Mlocked:           94212 kB
SwapTotal:        520908 kB
SwapFree:         357236 kB
Dirty:                 0 kB
Writeback:             0 kB
AnonPages:       1238944 kB
Mapped:           147152 kB
Shmem:               596 kB
Slab:              77260 kB
SReclaimable:      24588 kB
SUnreclaim:        52672 kB
KernelStack:       15264 kB
PageTables:        16860 kB
NFS_Unstable:          0 kB
Bounce:                0 kB
WritebackTmp:          0 kB
CommitLimit:     1450072 kB
Committed_AS:   24101344 kB
VmallocTotal:   251658176 kB
VmallocUsed:       96504 kB
VmallocChunk:   251482716 kB


[2024-11-19 20:28:41]
MemTotal:        1858332 kB
MemFree:           43004 kB
Buffers:             644 kB
Cached:           204296 kB
SwapCached:        13640 kB
Active:           976540 kB
Inactive:         362252 kB
Active(anon):     923764 kB
Inactive(anon):   309924 kB
Active(file):      52776 kB
Inactive(file):    52328 kB
Unevictable:       99496 kB
Mlocked:           94212 kB
SwapTotal:        520908 kB
SwapFree:         357240 kB
Dirty:                 0 kB
Writeback:             0 kB
AnonPages:       1233104 kB
Mapped:           147344 kB
Shmem:               596 kB
Slab:              77260 kB
SReclaimable:      24588 kB
SUnreclaim:        52672 kB
KernelStack:       15232 kB
PageTables:        16852 kB
NFS_Unstable:          0 kB
Bounce:                0 kB
WritebackTmp:          0 kB
CommitLimit:     1450072 kB
Committed_AS:   24093156 kB
VmallocTotal:   251658176 kB
VmallocUsed:       96504 kB
VmallocChunk:   251482716 kB


[2024-11-19 20:28:43]
MemTotal:        1858332 kB
MemFree:           43436 kB
Buffers:             644 kB
Cached:           204296 kB
SwapCached:        13640 kB
Active:           976208 kB
Inactive:         362252 kB
Active(anon):     923432 kB
Inactive(anon):   309924 kB
Active(file):      52776 kB
Inactive(file):    52328 kB
Unevictable:       99496 kB
Mlocked:           94212 kB
SwapTotal:        520908 kB
SwapFree:         357240 kB
Dirty:                 0 kB
Writeback:             0 kB
AnonPages:       1232940 kB
Mapped:           147316 kB
Shmem:               596 kB
Slab:              77260 kB
SReclaimable:      24588 kB
SUnreclaim:        52672 kB
KernelStack:       15232 kB
PageTables:        16840 kB
NFS_Unstable:          0 kB
Bounce:                0 kB
WritebackTmp:          0 kB
CommitLimit:     1450072 kB
Committed_AS:   24101536 kB
VmallocTotal:   251658176 kB
VmallocUsed:       96504 kB
VmallocChunk:   251482716 kB


[2024-11-19 20:28:46]
MemTotal:        1858332 kB
MemFree:           43272 kB
Buffers:             644 kB
Cached:           204296 kB
SwapCached:        13640 kB
Active:           976240 kB
Inactive:         362252 kB
Active(anon):     923464 kB
Inactive(anon):   309924 kB
Active(file):      52776 kB
Inactive(file):    52328 kB
Unevictable:       99496 kB
Mlocked:           94212 kB
SwapTotal:        520908 kB
SwapFree:         357240 kB
Dirty:                 0 kB
Writeback:             0 kB
AnonPages:       1232960 kB
Mapped:           147240 kB
Shmem:               596 kB
Slab:              77260 kB
SReclaimable:      24588 kB
SUnreclaim:        52672 kB
KernelStack:       15264 kB
PageTables:        16872 kB
NFS_Unstable:          0 kB
Bounce:                0 kB
WritebackTmp:          0 kB
CommitLimit:     1450072 kB
Committed_AS:   24093240 kB
VmallocTotal:   251658176 kB
VmallocUsed:       96504 kB
VmallocChunk:   251482716 kB


[2024-11-19 20:28:48]
MemTotal:        1858332 kB
MemFree:           43028 kB
Buffers:             644 kB
Cached:           204296 kB
SwapCached:        13640 kB
Active:           976492 kB
Inactive:         362252 kB
Active(anon):     923716 kB
Inactive(anon):   309924 kB
Active(file):      52776 kB
Inactive(file):    52328 kB
Unevictable:       99496 kB
Mlocked:           94212 kB
SwapTotal:        520908 kB
SwapFree:         357240 kB
Dirty:                 0 kB
Writeback:             0 kB
AnonPages:       1233108 kB
Mapped:           147316 kB
Shmem:               596 kB
Slab:              77260 kB
SReclaimable:      24588 kB
SUnreclaim:        52672 kB
KernelStack:       15232 kB
PageTables:        16840 kB
NFS_Unstable:          0 kB
Bounce:                0 kB
WritebackTmp:          0 kB
CommitLimit:     1450072 kB
Committed_AS:   24101376 kB
VmallocTotal:   251658176 kB
VmallocUsed:       96504 kB
VmallocChunk:   251482716 kB


[2024-11-19 20:28:51]
MemTotal:        1858332 kB
MemFree:           42904 kB
Buffers:             644 kB
Cached:           204296 kB
SwapCached:        13640 kB
Active:           976616 kB
Inactive:         362252 kB
Active(anon):     923840 kB
Inactive(anon):   309924 kB
Active(file):      52776 kB
Inactive(file):    52328 kB
Unevictable:       99496 kB
Mlocked:           94212 kB
SwapTotal:        520908 kB
SwapFree:         357240 kB
Dirty:                 0 kB
Writeback:             0 kB
AnonPages:       1233252 kB
Mapped:           147244 kB
Shmem:               596 kB
Slab:              77260 kB
SReclaimable:      24588 kB
SUnreclaim:        52672 kB
KernelStack:       15280 kB
PageTables:        16868 kB
NFS_Unstable:          0 kB
Bounce:                0 kB
WritebackTmp:          0 kB
CommitLimit:     1450072 kB
Committed_AS:   24101484 kB
VmallocTotal:   251658176 kB
VmallocUsed:       96504 kB
VmallocChunk:   251482716 kB


[2024-11-19 20:28:53]
MemTotal:        1858332 kB
MemFree:           43104 kB
Buffers:             644 kB
Cached:           204296 kB
SwapCached:        13640 kB
Active:           976520 kB
Inactive:         362252 kB
Active(anon):     923744 kB
Inactive(anon):   309924 kB
Active(file):      52776 kB
Inactive(file):    52328 kB
Unevictable:       99496 kB
Mlocked:           94212 kB
SwapTotal:        520908 kB
SwapFree:         357240 kB
Dirty:                 0 kB
Writeback:             0 kB
AnonPages:       1233384 kB
Mapped:           147316 kB
Shmem:               596 kB
Slab:              77260 kB
SReclaimable:      24588 kB
SUnreclaim:        52672 kB
KernelStack:       15248 kB
PageTables:        16840 kB
NFS_Unstable:          0 kB
Bounce:                0 kB
WritebackTmp:          0 kB
CommitLimit:     1450072 kB
Committed_AS:   24101408 kB
VmallocTotal:   251658176 kB
VmallocUsed:       96504 kB
VmallocChunk:   251482716 kB


[2024-11-19 20:28:56]
MemTotal:        1858332 kB
MemFree:           42820 kB
Buffers:             644 kB
Cached:           204296 kB
SwapCached:        13640 kB
Active:           977036 kB
Inactive:         362252 kB
Active(anon):     924260 kB
Inactive(anon):   309924 kB
Active(file):      52776 kB
Inactive(file):    52328 kB
Unevictable:       99496 kB
Mlocked:           94212 kB
SwapTotal:        520908 kB
SwapFree:         357240 kB
Dirty:                 0 kB
Writeback:             0 kB
AnonPages:       1233644 kB
Mapped:           147132 kB
Shmem:               596 kB
Slab:              77260 kB
SReclaimable:      24588 kB
SUnreclaim:        52672 kB
KernelStack:       15248 kB
PageTables:        16840 kB
NFS_Unstable:          0 kB
Bounce:                0 kB
WritebackTmp:          0 kB
CommitLimit:     1450072 kB
Committed_AS:   24101380 kB
VmallocTotal:   251658176 kB
VmallocUsed:       96504 kB
VmallocChunk:   251482716 kB


[2024-11-19 20:28:58]
MemTotal:        1858332 kB
MemFree:           42604 kB
Buffers:             644 kB
Cached:           204296 kB
SwapCached:        13640 kB
Active:           977196 kB
Inactive:         362256 kB
Active(anon):     924420 kB
Inactive(anon):   309928 kB
Active(file):      52776 kB
Inactive(file):    52328 kB
Unevictable:       99496 kB
Mlocked:           94212 kB
SwapTotal:        520908 kB
SwapFree:         357244 kB
Dirty:                 0 kB
Writeback:             0 kB
AnonPages:       1234092 kB
Mapped:           147316 kB
Shmem:               596 kB
Slab:              77260 kB
SReclaimable:      24588 kB
SUnreclaim:        52672 kB
KernelStack:       15248 kB
PageTables:        16840 kB
NFS_Unstable:          0 kB
Bounce:                0 kB
WritebackTmp:          0 kB
CommitLimit:     1450072 kB
Committed_AS:   24101392 kB
VmallocTotal:   251658176 kB
VmallocUsed:       96504 kB
VmallocChunk:   251482716 kB


[2024-11-19 20:29:01]
MemTotal:        1858332 kB
MemFree:           42072 kB
Buffers:             644 kB
Cached:           204296 kB
SwapCached:        13640 kB
Active:           977728 kB
Inactive:         362256 kB
Active(anon):     924952 kB
Inactive(anon):   309928 kB
Active(file):      52776 kB
Inactive(file):    52328 kB
Unevictable:       99496 kB
Mlocked:           94212 kB
SwapTotal:        520908 kB
SwapFree:         357244 kB
Dirty:                 0 kB
Writeback:             0 kB
AnonPages:       1234388 kB
Mapped:           147324 kB
Shmem:               596 kB
Slab:              77260 kB
SReclaimable:      24588 kB
SUnreclaim:        52672 kB
KernelStack:       15280 kB
PageTables:        16868 kB
NFS_Unstable:          0 kB
Bounce:                0 kB
WritebackTmp:          0 kB
CommitLimit:     1450072 kB
Committed_AS:   24101500 kB
VmallocTotal:   251658176 kB
VmallocUsed:       96504 kB
VmallocChunk:   251482716 kB


[2024-11-19 20:29:03]
MemTotal:        1858332 kB
MemFree:           42080 kB
Buffers:             644 kB
Cached:           204296 kB
SwapCached:        13640 kB
Active:           977620 kB
Inactive:         362256 kB
Active(anon):     924844 kB
Inactive(anon):   309928 kB
Active(file):      52776 kB
Inactive(file):    52328 kB
Unevictable:       99496 kB
Mlocked:           94212 kB
SwapTotal:        520908 kB
SwapFree:         357244 kB
Dirty:                 0 kB
Writeback:             0 kB
AnonPages:       1234384 kB
Mapped:           147316 kB
Shmem:               596 kB
Slab:              77260 kB
SReclaimable:      24588 kB
SUnreclaim:        52672 kB
KernelStack:       15248 kB
PageTables:        16840 kB
NFS_Unstable:          0 kB
Bounce:                0 kB
WritebackTmp:          0 kB
CommitLimit:     1450072 kB
Committed_AS:   24101304 kB
VmallocTotal:   251658176 kB
VmallocUsed:       96504 kB
VmallocChunk:   251482716 kB


[2024-11-19 20:29:06]
MemTotal:        1858332 kB
MemFree:           41560 kB
Buffers:             644 kB
Cached:           204296 kB
SwapCached:        13640 kB
Active:           977664 kB
Inactive:         362256 kB
Active(anon):     924888 kB
Inactive(anon):   309928 kB
Active(file):      52776 kB
Inactive(file):    52328 kB
Unevictable:       99496 kB
Mlocked:           94212 kB
SwapTotal:        520908 kB
SwapFree:         357244 kB
Dirty:                 0 kB
Writeback:             0 kB
AnonPages:       1234460 kB
Mapped:           147316 kB
Shmem:               596 kB
Slab:              77260 kB
SReclaimable:      24588 kB
SUnreclaim:        52672 kB
KernelStack:       15248 kB
PageTables:        16840 kB
NFS_Unstable:          0 kB
Bounce:                0 kB
WritebackTmp:          0 kB
CommitLimit:     1450072 kB
Committed_AS:   24101344 kB
VmallocTotal:   251658176 kB
VmallocUsed:       96504 kB
VmallocChunk:   251482716 kB


[2024-11-19 20:29:08]
MemTotal:        1858332 kB
MemFree:           41752 kB
Buffers:             644 kB
Cached:           204296 kB
SwapCached:        13640 kB
Active:           977940 kB
Inactive:         362256 kB
Active(anon):     925164 kB
Inactive(anon):   309928 kB
Active(file):      52776 kB
Inactive(file):    52328 kB
Unevictable:       99496 kB
Mlocked:           94212 kB
SwapTotal:        520908 kB
SwapFree:         357244 kB
Dirty:                 0 kB
Writeback:             0 kB
AnonPages:       1234676 kB
Mapped:           147316 kB
Shmem:               596 kB
Slab:              77260 kB
SReclaimable:      24588 kB
SUnreclaim:        52672 kB
KernelStack:       15248 kB
PageTables:        16840 kB
NFS_Unstable:          0 kB
Bounce:                0 kB
WritebackTmp:          0 kB
CommitLimit:     1450072 kB
Committed_AS:   24101304 kB
VmallocTotal:   251658176 kB
VmallocUsed:       96504 kB
VmallocChunk:   251482716 kB


[2024-11-19 20:29:11]
MemTotal:        1858332 kB
MemFree:           41472 kB
Buffers:             644 kB
Cached:           204296 kB
SwapCached:        13640 kB
Active:           978332 kB
Inactive:         362256 kB
Active(anon):     925556 kB
Inactive(anon):   309928 kB
Active(file):      52776 kB
Inactive(file):    52328 kB
Unevictable:       99496 kB
Mlocked:           94212 kB
SwapTotal:        520908 kB
SwapFree:         357244 kB
Dirty:                 0 kB
Writeback:             0 kB
AnonPages:       1235044 kB
Mapped:           147316 kB
Shmem:               596 kB
Slab:              77260 kB
SReclaimable:      24588 kB
SUnreclaim:        52672 kB
KernelStack:       15248 kB
PageTables:        16840 kB
NFS_Unstable:          0 kB
Bounce:                0 kB
WritebackTmp:          0 kB
CommitLimit:     1450072 kB
Committed_AS:   24101188 kB
VmallocTotal:   251658176 kB
VmallocUsed:       96504 kB
VmallocChunk:   251482716 kB


[2024-11-19 20:29:13]
MemTotal:        1858332 kB
MemFree:           41284 kB
Buffers:             644 kB
Cached:           204296 kB
SwapCached:        13640 kB
Active:           978300 kB
Inactive:         362256 kB
Active(anon):     925524 kB
Inactive(anon):   309928 kB
Active(file):      52776 kB
Inactive(file):    52328 kB
Unevictable:       99496 kB
Mlocked:           94212 kB
SwapTotal:        520908 kB
SwapFree:         357244 kB
Dirty:                 0 kB
Writeback:             0 kB
AnonPages:       1235152 kB
Mapped:           147316 kB
Shmem:               596 kB
Slab:              77260 kB
SReclaimable:      24588 kB
SUnreclaim:        52672 kB
KernelStack:       15248 kB
PageTables:        16840 kB
NFS_Unstable:          0 kB
Bounce:                0 kB
WritebackTmp:          0 kB
CommitLimit:     1450072 kB
Committed_AS:   24101420 kB
VmallocTotal:   251658176 kB
VmallocUsed:       96504 kB
VmallocChunk:   251482716 kB


[2024-11-19 20:29:16]
MemTotal:        1858332 kB
MemFree:           41076 kB
Buffers:             644 kB
Cached:           204296 kB
SwapCached:        13640 kB
Active:           978796 kB
Inactive:         362260 kB
Active(anon):     926020 kB
Inactive(anon):   309932 kB
Active(file):      52776 kB
Inactive(file):    52328 kB
Unevictable:       99496 kB
Mlocked:           94212 kB
SwapTotal:        520908 kB
SwapFree:         357248 kB
Dirty:                 0 kB
Writeback:             0 kB
AnonPages:       1235452 kB
Mapped:           147324 kB
Shmem:               596 kB
Slab:              77260 kB
SReclaimable:      24588 kB
SUnreclaim:        52672 kB
KernelStack:       15280 kB
PageTables:        16868 kB
NFS_Unstable:          0 kB
Bounce:                0 kB
WritebackTmp:          0 kB
CommitLimit:     1450072 kB
Committed_AS:   24101352 kB
VmallocTotal:   251658176 kB
VmallocUsed:       96504 kB
VmallocChunk:   251482716 kB


[2024-11-19 20:29:19]
MemTotal:        1858332 kB
MemFree:           40300 kB
Buffers:             644 kB
Cached:           204372 kB
SwapCached:        13640 kB
Active:           978752 kB
Inactive:         362336 kB
Active(anon):     925976 kB
Inactive(anon):   309932 kB
Active(file):      52776 kB
Inactive(file):    52404 kB
Unevictable:       99496 kB
Mlocked:           94212 kB
SwapTotal:        520908 kB
SwapFree:         357248 kB
Dirty:                 0 kB
Writeback:             0 kB
AnonPages:       1235456 kB
Mapped:           147332 kB
Shmem:               596 kB
Slab:              77260 kB
SReclaimable:      24588 kB
SUnreclaim:        52672 kB
KernelStack:       15248 kB
PageTables:        16840 kB
NFS_Unstable:          0 kB
Bounce:                0 kB
WritebackTmp:          0 kB
CommitLimit:     1450072 kB
Committed_AS:   24101268 kB
VmallocTotal:   251658176 kB
VmallocUsed:       96504 kB
VmallocChunk:   251482716 kB


[2024-11-19 20:29:21]
MemTotal:        1858332 kB
MemFree:           40240 kB
Buffers:             644 kB
Cached:           204372 kB
SwapCached:        13640 kB
Active:           979188 kB
Inactive:         362336 kB
Active(anon):     926412 kB
Inactive(anon):   309932 kB
Active(file):      52776 kB
Inactive(file):    52404 kB
Unevictable:       99496 kB
Mlocked:           94212 kB
SwapTotal:        520908 kB
SwapFree:         357248 kB
Dirty:                 0 kB
Writeback:             0 kB
AnonPages:       1235924 kB
Mapped:           147332 kB
Shmem:               596 kB
Slab:              77260 kB
SReclaimable:      24588 kB
SUnreclaim:        52672 kB
KernelStack:       15280 kB
PageTables:        16844 kB
NFS_Unstable:          0 kB
Bounce:                0 kB
WritebackTmp:          0 kB
CommitLimit:     1450072 kB
Committed_AS:   24101548 kB
VmallocTotal:   251658176 kB
VmallocUsed:       96504 kB
VmallocChunk:   251482716 kB


[2024-11-19 20:29:24]
MemTotal:        1858332 kB
MemFree:           40348 kB
Buffers:             644 kB
Cached:           204372 kB
SwapCached:        13640 kB
Active:           979048 kB
Inactive:         362336 kB
Active(anon):     926272 kB
Inactive(anon):   309932 kB
Active(file):      52776 kB
Inactive(file):    52404 kB
Unevictable:       99496 kB
Mlocked:           94212 kB
SwapTotal:        520908 kB
SwapFree:         357248 kB
Dirty:                 0 kB
Writeback:             0 kB
AnonPages:       1235660 kB
Mapped:           147332 kB
Shmem:               596 kB
Slab:              77260 kB
SReclaimable:      24588 kB
SUnreclaim:        52672 kB
KernelStack:       15248 kB
PageTables:        16840 kB
NFS_Unstable:          0 kB
Bounce:                0 kB
WritebackTmp:          0 kB
CommitLimit:     1450072 kB
Committed_AS:   24101492 kB
VmallocTotal:   251658176 kB
VmallocUsed:       96504 kB
VmallocChunk:   251482716 kB


[2024-11-19 20:29:26]
MemTotal:        1858332 kB
MemFree:           39968 kB
Buffers:             644 kB
Cached:           204372 kB
SwapCached:        13640 kB
Active:           979028 kB
Inactive:         362336 kB
Active(anon):     926252 kB
Inactive(anon):   309932 kB
Active(file):      52776 kB
Inactive(file):    52404 kB
Unevictable:       99496 kB
Mlocked:           94212 kB
SwapTotal:        520908 kB
SwapFree:         357248 kB
Dirty:                 0 kB
Writeback:             0 kB
AnonPages:       1235604 kB
Mapped:           147384 kB
Shmem:               596 kB
Slab:              77260 kB
SReclaimable:      24588 kB
SUnreclaim:        52672 kB
KernelStack:       15280 kB
PageTables:        16860 kB
NFS_Unstable:          0 kB
Bounce:                0 kB
WritebackTmp:          0 kB
CommitLimit:     1450072 kB
Committed_AS:   24101328 kB
VmallocTotal:   251658176 kB
VmallocUsed:       96504 kB
VmallocChunk:   251482716 kB


[2024-11-19 20:29:29]
MemTotal:        1858332 kB
MemFree:           40260 kB
Buffers:             644 kB
Cached:           204372 kB
SwapCached:        13640 kB
Active:           979028 kB
Inactive:         362336 kB
Active(anon):     926252 kB
Inactive(anon):   309932 kB
Active(file):      52776 kB
Inactive(file):    52404 kB
Unevictable:       99496 kB
Mlocked:           94212 kB
SwapTotal:        520908 kB
SwapFree:         357248 kB
Dirty:                 0 kB
Writeback:             0 kB
AnonPages:       1235884 kB
Mapped:           147332 kB
Shmem:               596 kB
Slab:              77260 kB
SReclaimable:      24588 kB
SUnreclaim:        52672 kB
KernelStack:       15248 kB
PageTables:        16840 kB
NFS_Unstable:          0 kB
Bounce:                0 kB
WritebackTmp:          0 kB
CommitLimit:     1450072 kB
Committed_AS:   24101340 kB
VmallocTotal:   251658176 kB
VmallocUsed:       96504 kB
VmallocChunk:   251482716 kB


[2024-11-19 20:29:31]
MemTotal:        1858332 kB
MemFree:           40184 kB
Buffers:             644 kB
Cached:           204372 kB
SwapCached:        13640 kB
Active:           979676 kB
Inactive:         362336 kB
Active(anon):     926900 kB
Inactive(anon):   309932 kB
Active(file):      52776 kB
Inactive(file):    52404 kB
Unevictable:       99496 kB
Mlocked:           94212 kB
SwapTotal:        520908 kB
SwapFree:         357248 kB
Dirty:                 0 kB
Writeback:             0 kB
AnonPages:       1236192 kB
Mapped:           147360 kB
Shmem:               596 kB
Slab:              77260 kB
SReclaimable:      24588 kB
SUnreclaim:        52672 kB
KernelStack:       15280 kB
PageTables:        16856 kB
NFS_Unstable:          0 kB
Bounce:                0 kB
WritebackTmp:          0 kB
CommitLimit:     1450072 kB
Committed_AS:   24101416 kB
VmallocTotal:   251658176 kB
VmallocUsed:       96504 kB
VmallocChunk:   251482716 kB


[2024-11-19 20:29:34]
MemTotal:        1858332 kB
MemFree:           40032 kB
Buffers:             644 kB
Cached:           204372 kB
SwapCached:        13640 kB
Active:           979596 kB
Inactive:         362340 kB
Active(anon):     926820 kB
Inactive(anon):   309936 kB
Active(file):      52776 kB
Inactive(file):    52404 kB
Unevictable:       99496 kB
Mlocked:           94212 kB
SwapTotal:        520908 kB
SwapFree:         357252 kB
Dirty:                 0 kB
Writeback:             0 kB
AnonPages:       1236364 kB
Mapped:           147332 kB
Shmem:               596 kB
Slab:              77260 kB
SReclaimable:      24588 kB
SUnreclaim:        52672 kB
KernelStack:       15280 kB
PageTables:        16868 kB
NFS_Unstable:          0 kB
Bounce:                0 kB
WritebackTmp:          0 kB
CommitLimit:     1450072 kB
Committed_AS:   24101396 kB
VmallocTotal:   251658176 kB
VmallocUsed:       96504 kB
VmallocChunk:   251482716 kB


[2024-11-19 20:29:37]
MemTotal:        1858332 kB
MemFree:           39884 kB
Buffers:             644 kB
Cached:           204372 kB
SwapCached:        13640 kB
Active:           979784 kB
Inactive:         362340 kB
Active(anon):     927008 kB
Inactive(anon):   309936 kB
Active(file):      52776 kB
Inactive(file):    52404 kB
Unevictable:       99496 kB
Mlocked:           94212 kB
SwapTotal:        520908 kB
SwapFree:         357252 kB
Dirty:                 0 kB
Writeback:             0 kB
AnonPages:       1236640 kB
Mapped:           147148 kB
Shmem:               596 kB
Slab:              77260 kB
SReclaimable:      24588 kB
SUnreclaim:        52672 kB
KernelStack:       15248 kB
PageTables:        16840 kB
NFS_Unstable:          0 kB
Bounce:                0 kB
WritebackTmp:          0 kB
CommitLimit:     1450072 kB
Committed_AS:   24101468 kB
VmallocTotal:   251658176 kB
VmallocUsed:       96504 kB
VmallocChunk:   251482716 kB


[2024-11-19 20:29:39]
MemTotal:        1858332 kB
MemFree:           39548 kB
Buffers:             644 kB
Cached:           204372 kB
SwapCached:        13640 kB
Active:           980116 kB
Inactive:         362340 kB
Active(anon):     927340 kB
Inactive(anon):   309936 kB
Active(file):      52776 kB
Inactive(file):    52404 kB
Unevictable:       99496 kB
Mlocked:           94212 kB
SwapTotal:        520908 kB
SwapFree:         357252 kB
Dirty:                 0 kB
Writeback:             0 kB
AnonPages:       1236740 kB
Mapped:           147228 kB
Shmem:               596 kB
Slab:              77260 kB
SReclaimable:      24588 kB
SUnreclaim:        52672 kB
KernelStack:       15280 kB
PageTables:        16856 kB
NFS_Unstable:          0 kB
Bounce:                0 kB
WritebackTmp:          0 kB
CommitLimit:     1450072 kB
Committed_AS:   24101512 kB
VmallocTotal:   251658176 kB
VmallocUsed:       96504 kB
VmallocChunk:   251482716 kB


[2024-11-19 20:29:42]
MemTotal:        1858332 kB
MemFree:           39220 kB
Buffers:             644 kB
Cached:           204372 kB
SwapCached:        13640 kB
Active:           980184 kB
Inactive:         362340 kB
Active(anon):     927408 kB
Inactive(anon):   309936 kB
Active(file):      52776 kB
Inactive(file):    52404 kB
Unevictable:       99496 kB
Mlocked:           94212 kB
SwapTotal:        520908 kB
SwapFree:         357252 kB
Dirty:                 0 kB
Writeback:             0 kB
AnonPages:       1236792 kB
Mapped:           147260 kB
Shmem:               596 kB
Slab:              77260 kB
SReclaimable:      24588 kB
SUnreclaim:        52672 kB
KernelStack:       15280 kB
PageTables:        16864 kB
NFS_Unstable:          0 kB
Bounce:                0 kB
WritebackTmp:          0 kB
CommitLimit:     1450072 kB
Committed_AS:   24101476 kB
VmallocTotal:   251658176 kB
VmallocUsed:       96504 kB
VmallocChunk:   251482716 kB


[2024-11-19 20:29:44]
MemTotal:        1858332 kB
MemFree:           38976 kB
Buffers:             644 kB
Cached:           204372 kB
SwapCached:        13644 kB
Active:           980396 kB
Inactive:         362344 kB
Active(anon):     927620 kB
Inactive(anon):   309940 kB
Active(file):      52776 kB
Inactive(file):    52404 kB
Unevictable:       99496 kB
Mlocked:           94212 kB
SwapTotal:        520908 kB
SwapFree:         357252 kB
Dirty:                 0 kB
Writeback:             0 kB
AnonPages:       1236956 kB
Mapped:           147332 kB
Shmem:               596 kB
Slab:              77260 kB
SReclaimable:      24588 kB
SUnreclaim:        52672 kB
KernelStack:       15248 kB
PageTables:        16840 kB
NFS_Unstable:          0 kB
Bounce:                0 kB
WritebackTmp:          0 kB
CommitLimit:     1450072 kB
Committed_AS:   24101244 kB
VmallocTotal:   251658176 kB
VmallocUsed:       96504 kB
VmallocChunk:   251482716 kB


[2024-11-19 20:29:47]
MemTotal:        1858332 kB
MemFree:           39016 kB
Buffers:             644 kB
Cached:           204372 kB
SwapCached:        13644 kB
Active:           980516 kB
Inactive:         362344 kB
Active(anon):     927740 kB
Inactive(anon):   309940 kB
Active(file):      52776 kB
Inactive(file):    52404 kB
Unevictable:       99496 kB
Mlocked:           94212 kB
SwapTotal:        520908 kB
SwapFree:         357252 kB
Dirty:                 0 kB
Writeback:             0 kB
AnonPages:       1237148 kB
Mapped:           147364 kB
Shmem:               596 kB
Slab:              77260 kB
SReclaimable:      24588 kB
SUnreclaim:        52672 kB
KernelStack:       15280 kB
PageTables:        16864 kB
NFS_Unstable:          0 kB
Bounce:                0 kB
WritebackTmp:          0 kB
CommitLimit:     1450072 kB
Committed_AS:   24101232 kB
VmallocTotal:   251658176 kB
VmallocUsed:       96504 kB
VmallocChunk:   251482716 kB


[2024-11-19 20:29:50]
MemTotal:        1858332 kB
MemFree:           38716 kB
Buffers:             644 kB
Cached:           204372 kB
SwapCached:        13644 kB
Active:           980772 kB
Inactive:         362344 kB
Active(anon):     927996 kB
Inactive(anon):   309940 kB
Active(file):      52776 kB
Inactive(file):    52404 kB
Unevictable:       99496 kB
Mlocked:           94212 kB
SwapTotal:        520908 kB
SwapFree:         357252 kB
Dirty:                 0 kB
Writeback:             0 kB
AnonPages:       1237540 kB
Mapped:           147148 kB
Shmem:               596 kB
Slab:              77260 kB
SReclaimable:      24588 kB
SUnreclaim:        52672 kB
KernelStack:       15248 kB
PageTables:        16840 kB
NFS_Unstable:          0 kB
Bounce:                0 kB
WritebackTmp:          0 kB
CommitLimit:     1450072 kB
Committed_AS:   24101420 kB
VmallocTotal:   251658176 kB
VmallocUsed:       96504 kB
VmallocChunk:   251482716 kB


[2024-11-19 20:29:52]
MemTotal:        1858332 kB
MemFree:           38648 kB
Buffers:             644 kB
Cached:           204372 kB
SwapCached:        13644 kB
Active:           980632 kB
Inactive:         362344 kB
Active(anon):     927856 kB
Inactive(anon):   309940 kB
Active(file):      52776 kB
Inactive(file):    52404 kB
Unevictable:       99496 kB
Mlocked:           94212 kB
SwapTotal:        520908 kB
SwapFree:         357252 kB
Dirty:                 0 kB
Writeback:             0 kB
AnonPages:       1237416 kB
Mapped:           147384 kB
Shmem:               596 kB
Slab:              77260 kB
SReclaimable:      24588 kB
SUnreclaim:        52672 kB
KernelStack:       15280 kB
PageTables:        16860 kB
NFS_Unstable:          0 kB
Bounce:                0 kB
WritebackTmp:          0 kB
CommitLimit:     1450072 kB
Committed_AS:   24101416 kB
VmallocTotal:   251658176 kB
VmallocUsed:       96504 kB
VmallocChunk:   251482716 kB


[2024-11-19 20:29:55]
MemTotal:        1858332 kB
MemFree:           38392 kB
Buffers:             644 kB
Cached:           204372 kB
SwapCached:        13644 kB
Active:           981068 kB
Inactive:         362344 kB
Active(anon):     928292 kB
Inactive(anon):   309940 kB
Active(file):      52776 kB
Inactive(file):    52404 kB
Unevictable:       99496 kB
Mlocked:           94212 kB
SwapTotal:        520908 kB
SwapFree:         357252 kB
Dirty:                 0 kB
Writeback:             0 kB
AnonPages:       1237672 kB
Mapped:           147340 kB
Shmem:               596 kB
Slab:              77260 kB
SReclaimable:      24588 kB
SUnreclaim:        52672 kB
KernelStack:       15280 kB
PageTables:        16864 kB
NFS_Unstable:          0 kB
Bounce:                0 kB
WritebackTmp:          0 kB
CommitLimit:     1450072 kB
Committed_AS:   24101384 kB
VmallocTotal:   251658176 kB
VmallocUsed:       96504 kB
VmallocChunk:   251482716 kB


[2024-11-19 20:29:58]
MemTotal:        1858332 kB
MemFree:           38368 kB
Buffers:             644 kB
Cached:           204372 kB
SwapCached:        13644 kB
Active:           981112 kB
Inactive:         362344 kB
Active(anon):     928336 kB
Inactive(anon):   309940 kB
Active(file):      52776 kB
Inactive(file):    52404 kB
Unevictable:       99496 kB
Mlocked:           94212 kB
SwapTotal:        520908 kB
SwapFree:         357252 kB
Dirty:                 0 kB
Writeback:             0 kB
AnonPages:       1237876 kB
Mapped:           147332 kB
Shmem:               596 kB
Slab:              77260 kB
SReclaimable:      24588 kB
SUnreclaim:        52672 kB
KernelStack:       15248 kB
PageTables:        16840 kB
NFS_Unstable:          0 kB
Bounce:                0 kB
WritebackTmp:          0 kB
CommitLimit:     1450072 kB
Committed_AS:   24101460 kB
VmallocTotal:   251658176 kB
VmallocUsed:       96504 kB
VmallocChunk:   251482716 kB


[2024-11-19 20:30:00]
MemTotal:        1858332 kB
MemFree:           38180 kB
Buffers:             644 kB
Cached:           204372 kB
SwapCached:        13644 kB
Active:           981280 kB
Inactive:         362344 kB
Active(anon):     928504 kB
Inactive(anon):   309940 kB
Active(file):      52776 kB
Inactive(file):    52404 kB
Unevictable:       99496 kB
Mlocked:           94212 kB
SwapTotal:        520908 kB
SwapFree:         357252 kB
Dirty:                 0 kB
Writeback:             0 kB
AnonPages:       1237972 kB
Mapped:           147364 kB
Shmem:               596 kB
Slab:              77260 kB
SReclaimable:      24588 kB
SUnreclaim:        52672 kB
KernelStack:       15280 kB
PageTables:        16868 kB
NFS_Unstable:          0 kB
Bounce:                0 kB
WritebackTmp:          0 kB
CommitLimit:     1450072 kB
Committed_AS:   24101420 kB
VmallocTotal:   251658176 kB
VmallocUsed:       96504 kB
VmallocChunk:   251482716 kB


[2024-11-19 20:30:03]
MemTotal:        1858332 kB
MemFree:           37816 kB
Buffers:             644 kB
Cached:           204372 kB
SwapCached:        13644 kB
Active:           981528 kB
Inactive:         362344 kB
Active(anon):     928752 kB
Inactive(anon):   309940 kB
Active(file):      52776 kB
Inactive(file):    52404 kB
Unevictable:       99496 kB
Mlocked:           94212 kB
SwapTotal:        520908 kB
SwapFree:         357252 kB
Dirty:                 0 kB
Writeback:             0 kB
AnonPages:       1238200 kB
Mapped:           147332 kB
Shmem:               596 kB
Slab:              77260 kB
SReclaimable:      24588 kB
SUnreclaim:        52672 kB
KernelStack:       15248 kB
PageTables:        16840 kB
NFS_Unstable:          0 kB
Bounce:                0 kB
WritebackTmp:          0 kB
CommitLimit:     1450072 kB
Committed_AS:   24101272 kB
VmallocTotal:   251658176 kB
VmallocUsed:       96504 kB
VmallocChunk:   251482716 kB


[2024-11-19 20:30:05]
MemTotal:        1858332 kB
MemFree:           37232 kB
Buffers:             644 kB
Cached:           204372 kB
SwapCached:        13644 kB
Active:           982140 kB
Inactive:         362344 kB
Active(anon):     929364 kB
Inactive(anon):   309940 kB
Active(file):      52776 kB
Inactive(file):    52404 kB
Unevictable:       99496 kB
Mlocked:           94212 kB
SwapTotal:        520908 kB
SwapFree:         357252 kB
Dirty:                 0 kB
Writeback:             0 kB
AnonPages:       1238796 kB
Mapped:           147372 kB
Shmem:               596 kB
Slab:              77260 kB
SReclaimable:      24588 kB
SUnreclaim:        52672 kB
KernelStack:       15280 kB
PageTables:        16856 kB
NFS_Unstable:          0 kB
Bounce:                0 kB
WritebackTmp:          0 kB
CommitLimit:     1450072 kB
Committed_AS:   24101384 kB
VmallocTotal:   251658176 kB
VmallocUsed:       96504 kB
VmallocChunk:   251482716 kB


[2024-11-19 20:30:08]
MemTotal:        1858332 kB
MemFree:           43136 kB
Buffers:             644 kB
Cached:           204372 kB
SwapCached:        13644 kB
Active:           975596 kB
Inactive:         362348 kB
Active(anon):     922820 kB
Inactive(anon):   309944 kB
Active(file):      52776 kB
Inactive(file):    52404 kB
Unevictable:       99496 kB
Mlocked:           94212 kB
SwapTotal:        520908 kB
SwapFree:         357256 kB
Dirty:                 0 kB
Writeback:             0 kB
AnonPages:       1232308 kB
Mapped:           147332 kB
Shmem:               596 kB
Slab:              77260 kB
SReclaimable:      24588 kB
SUnreclaim:        52672 kB
KernelStack:       15248 kB
PageTables:        16840 kB
NFS_Unstable:          0 kB
Bounce:                0 kB
WritebackTmp:          0 kB
CommitLimit:     1450072 kB
Committed_AS:   24101420 kB
VmallocTotal:   251658176 kB
VmallocUsed:       96504 kB
VmallocChunk:   251482716 kB


[2024-11-19 20:30:10]
MemTotal:        1858332 kB
MemFree:           43460 kB
Buffers:             644 kB
Cached:           204372 kB
SwapCached:        13644 kB
Active:           975956 kB
Inactive:         362348 kB
Active(anon):     923180 kB
Inactive(anon):   309944 kB
Active(file):      52776 kB
Inactive(file):    52404 kB
Unevictable:       99496 kB
Mlocked:           94212 kB
SwapTotal:        520908 kB
SwapFree:         357256 kB
Dirty:                 0 kB
Writeback:             0 kB
AnonPages:       1232656 kB
Mapped:           147384 kB
Shmem:               596 kB
Slab:              77260 kB
SReclaimable:      24588 kB
SUnreclaim:        52672 kB
KernelStack:       15280 kB
PageTables:        16860 kB
NFS_Unstable:          0 kB
Bounce:                0 kB
WritebackTmp:          0 kB
CommitLimit:     1450072 kB
Committed_AS:   24101348 kB
VmallocTotal:   251658176 kB
VmallocUsed:       96504 kB
VmallocChunk:   251482716 kB


[2024-11-19 20:30:13]
MemTotal:        1858332 kB
MemFree:           43108 kB
Buffers:             644 kB
Cached:           204372 kB
SwapCached:        13644 kB
Active:           975928 kB
Inactive:         362348 kB
Active(anon):     923152 kB
Inactive(anon):   309944 kB
Active(file):      52776 kB
Inactive(file):    52404 kB
Unevictable:       99496 kB
Mlocked:           94212 kB
SwapTotal:        520908 kB
SwapFree:         357256 kB
Dirty:                 0 kB
Writeback:             0 kB
AnonPages:       1232476 kB
Mapped:           147332 kB
Shmem:               596 kB
Slab:              77260 kB
SReclaimable:      24588 kB
SUnreclaim:        52672 kB
KernelStack:       15248 kB
PageTables:        16840 kB
NFS_Unstable:          0 kB
Bounce:                0 kB
WritebackTmp:          0 kB
CommitLimit:     1450072 kB
Committed_AS:   24101316 kB
VmallocTotal:   251658176 kB
VmallocUsed:       96504 kB
VmallocChunk:   251482716 kB


[2024-11-19 20:30:15]
MemTotal:        1858332 kB
MemFree:           43072 kB
Buffers:             644 kB
Cached:           204372 kB
SwapCached:        13644 kB
Active:           976336 kB
Inactive:         362348 kB
Active(anon):     923560 kB
Inactive(anon):   309944 kB
Active(file):      52776 kB
Inactive(file):    52404 kB
Unevictable:       99496 kB
Mlocked:           94212 kB
SwapTotal:        520908 kB
SwapFree:         357256 kB
Dirty:                 0 kB
Writeback:             0 kB
AnonPages:       1233008 kB
Mapped:           147340 kB
Shmem:               596 kB
Slab:              77260 kB
SReclaimable:      24588 kB
SUnreclaim:        52672 kB
KernelStack:       15280 kB
PageTables:        16864 kB
NFS_Unstable:          0 kB
Bounce:                0 kB
WritebackTmp:          0 kB
CommitLimit:     1450072 kB
Committed_AS:   24101276 kB
VmallocTotal:   251658176 kB
VmallocUsed:       96504 kB
VmallocChunk:   251482716 kB


[2024-11-19 20:30:17]
MemTotal:        1858332 kB
MemFree:           42604 kB
Buffers:             644 kB
Cached:           204372 kB
SwapCached:        13644 kB
Active:           976552 kB
Inactive:         362352 kB
Active(anon):     923776 kB
Inactive(anon):   309948 kB
Active(file):      52776 kB
Inactive(file):    52404 kB
Unevictable:       99496 kB
Mlocked:           94212 kB
SwapTotal:        520908 kB
SwapFree:         357260 kB
Dirty:                 0 kB
Writeback:             0 kB
AnonPages:       1233356 kB
Mapped:           147332 kB
Shmem:               596 kB
Slab:              77260 kB
SReclaimable:      24588 kB
SUnreclaim:        52672 kB
KernelStack:       15248 kB
PageTables:        16840 kB
NFS_Unstable:          0 kB
Bounce:                0 kB
WritebackTmp:          0 kB
CommitLimit:     1450072 kB
Committed_AS:   24101360 kB
VmallocTotal:   251658176 kB
VmallocUsed:       96504 kB
VmallocChunk:   251482716 kB


[2024-11-19 20:30:20]
MemTotal:        1858332 kB
MemFree:           42412 kB
Buffers:             644 kB
Cached:           204372 kB
SwapCached:        13644 kB
Active:           976700 kB
Inactive:         362352 kB
Active(anon):     923924 kB
Inactive(anon):   309948 kB
Active(file):      52776 kB
Inactive(file):    52404 kB
Unevictable:       99496 kB
Mlocked:           94212 kB
SwapTotal:        520908 kB
SwapFree:         357260 kB
Dirty:                 0 kB
Writeback:             0 kB
AnonPages:       1233544 kB
Mapped:           147332 kB
Shmem:               596 kB
Slab:              77260 kB
SReclaimable:      24588 kB
SUnreclaim:        52672 kB
KernelStack:       15248 kB
PageTables:        16840 kB
NFS_Unstable:          0 kB
Bounce:                0 kB
WritebackTmp:          0 kB
CommitLimit:     1450072 kB
Committed_AS:   24101292 kB
VmallocTotal:   251658176 kB
VmallocUsed:       96504 kB
VmallocChunk:   251482716 kB


[2024-11-19 20:30:22]
MemTotal:        1858332 kB
MemFree:           42444 kB
Buffers:             644 kB
Cached:           204372 kB
SwapCached:        13644 kB
Active:           976808 kB
Inactive:         362352 kB
Active(anon):     924032 kB
Inactive(anon):   309948 kB
Active(file):      52776 kB
Inactive(file):    52404 kB
Unevictable:       99496 kB
Mlocked:           94212 kB
SwapTotal:        520908 kB
SwapFree:         357260 kB
Dirty:                 0 kB
Writeback:             0 kB
AnonPages:       1233472 kB
Mapped:           147368 kB
Shmem:               596 kB
Slab:              77260 kB
SReclaimable:      24588 kB
SUnreclaim:        52672 kB
KernelStack:       15248 kB
PageTables:        16860 kB
NFS_Unstable:          0 kB
Bounce:                0 kB
WritebackTmp:          0 kB
CommitLimit:     1450072 kB
Committed_AS:   24101452 kB
VmallocTotal:   251658176 kB
VmallocUsed:       96504 kB
VmallocChunk:   251482716 kB


[2024-11-19 20:30:25]
MemTotal:        1858332 kB
MemFree:           41944 kB
Buffers:             644 kB
Cached:           204372 kB
SwapCached:        13644 kB
Active:           977256 kB
Inactive:         362352 kB
Active(anon):     924480 kB
Inactive(anon):   309948 kB
Active(file):      52776 kB
Inactive(file):    52404 kB
Unevictable:       99496 kB
Mlocked:           94212 kB
SwapTotal:        520908 kB
SwapFree:         357260 kB
Dirty:                 0 kB
Writeback:             0 kB
AnonPages:       1234016 kB
Mapped:           147148 kB
Shmem:               596 kB
Slab:              77260 kB
SReclaimable:      24588 kB
SUnreclaim:        52672 kB
KernelStack:       15248 kB
PageTables:        16856 kB
NFS_Unstable:          0 kB
Bounce:                0 kB
WritebackTmp:          0 kB
CommitLimit:     1450072 kB
Committed_AS:   24093176 kB
VmallocTotal:   251658176 kB
VmallocUsed:       96504 kB
VmallocChunk:   251482716 kB


[2024-11-19 20:30:28]
MemTotal:        1858332 kB
MemFree:           42124 kB
Buffers:             644 kB
Cached:           204372 kB
SwapCached:        13644 kB
Active:           977080 kB
Inactive:         362352 kB
Active(anon):     924304 kB
Inactive(anon):   309948 kB
Active(file):      52776 kB
Inactive(file):    52404 kB
Unevictable:       99496 kB
Mlocked:           94212 kB
SwapTotal:        520908 kB
SwapFree:         357260 kB
Dirty:                 0 kB
Writeback:             0 kB
AnonPages:       1233852 kB
Mapped:           147332 kB
Shmem:               596 kB
Slab:              77260 kB
SReclaimable:      24588 kB
SUnreclaim:        52672 kB
KernelStack:       15216 kB
PageTables:        16840 kB
NFS_Unstable:          0 kB
Bounce:                0 kB
WritebackTmp:          0 kB
CommitLimit:     1450072 kB
Committed_AS:   24101416 kB
VmallocTotal:   251658176 kB
VmallocUsed:       96504 kB
VmallocChunk:   251482716 kB


[2024-11-19 20:30:30]
MemTotal:        1858332 kB
MemFree:           41692 kB
Buffers:             644 kB
Cached:           204372 kB
SwapCached:        13644 kB
Active:           977436 kB
Inactive:         362352 kB
Active(anon):     924660 kB
Inactive(anon):   309948 kB
Active(file):      52776 kB
Inactive(file):    52404 kB
Unevictable:       99496 kB
Mlocked:           94212 kB
SwapTotal:        520908 kB
SwapFree:         357260 kB
Dirty:                 0 kB
Writeback:             0 kB
AnonPages:       1234128 kB
Mapped:           147332 kB
Shmem:               596 kB
Slab:              77260 kB
SReclaimable:      24588 kB
SUnreclaim:        52672 kB
KernelStack:       15232 kB
PageTables:        16852 kB
NFS_Unstable:          0 kB
Bounce:                0 kB
WritebackTmp:          0 kB
CommitLimit:     1450072 kB
Committed_AS:   24093244 kB
VmallocTotal:   251658176 kB
VmallocUsed:       96504 kB
VmallocChunk:   251482716 kB


[2024-11-19 20:30:33]
MemTotal:        1858332 kB
MemFree:           41700 kB
Buffers:             644 kB
Cached:           204372 kB
SwapCached:        13644 kB
Active:           977392 kB
Inactive:         362352 kB
Active(anon):     924616 kB
Inactive(anon):   309948 kB
Active(file):      52776 kB
Inactive(file):    52404 kB
Unevictable:       99496 kB
Mlocked:           94212 kB
SwapTotal:        520908 kB
SwapFree:         357260 kB
Dirty:                 0 kB
Writeback:             0 kB
AnonPages:       1234156 kB
Mapped:           147332 kB
Shmem:               596 kB
Slab:              77260 kB
SReclaimable:      24588 kB
SUnreclaim:        52672 kB
KernelStack:       15216 kB
PageTables:        16840 kB
NFS_Unstable:          0 kB
Bounce:                0 kB
WritebackTmp:          0 kB
CommitLimit:     1450072 kB
Committed_AS:   24101456 kB
VmallocTotal:   251658176 kB
VmallocUsed:       96504 kB
VmallocChunk:   251482716 kB


[2024-11-19 20:30:35]
MemTotal:        1858332 kB
MemFree:           41528 kB
Buffers:             644 kB
Cached:           204372 kB
SwapCached:        13644 kB
Active:           977832 kB
Inactive:         362352 kB
Active(anon):     925056 kB
Inactive(anon):   309948 kB
Active(file):      52776 kB
Inactive(file):    52404 kB
Unevictable:       99496 kB
Mlocked:           94212 kB
SwapTotal:        520908 kB
SwapFree:         357260 kB
Dirty:                 0 kB
Writeback:             0 kB
AnonPages:       1234340 kB
Mapped:           147384 kB
Shmem:               596 kB
Slab:              77260 kB
SReclaimable:      24588 kB
SUnreclaim:        52672 kB
KernelStack:       15216 kB
PageTables:        16864 kB
NFS_Unstable:          0 kB
Bounce:                0 kB
WritebackTmp:          0 kB
CommitLimit:     1450072 kB
Committed_AS:   24101456 kB
VmallocTotal:   251658176 kB
VmallocUsed:       96504 kB
VmallocChunk:   251482716 kB


[2024-11-19 20:30:38]
MemTotal:        1858332 kB
MemFree:           41160 kB
Buffers:             644 kB
Cached:           204372 kB
SwapCached:        13644 kB
Active:           977908 kB
Inactive:         362352 kB
Active(anon):     925132 kB
Inactive(anon):   309948 kB
Active(file):      52776 kB
Inactive(file):    52404 kB
Unevictable:       99496 kB
Mlocked:           94212 kB
SwapTotal:        520908 kB
SwapFree:         357260 kB
Dirty:                 0 kB
Writeback:             0 kB
AnonPages:       1234664 kB
Mapped:           147148 kB
Shmem:               596 kB
Slab:              77260 kB
SReclaimable:      24588 kB
SUnreclaim:        52672 kB
KernelStack:       15184 kB
PageTables:        16840 kB
NFS_Unstable:          0 kB
Bounce:                0 kB
WritebackTmp:          0 kB
CommitLimit:     1450072 kB
Committed_AS:   24101332 kB
VmallocTotal:   251658176 kB
VmallocUsed:       96504 kB
VmallocChunk:   251482716 kB


[2024-11-19 20:30:40]
MemTotal:        1858332 kB
MemFree:           40932 kB
Buffers:             644 kB
Cached:           204372 kB
SwapCached:        13644 kB
Active:           978060 kB
Inactive:         362352 kB
Active(anon):     925284 kB
Inactive(anon):   309948 kB
Active(file):      52776 kB
Inactive(file):    52404 kB
Unevictable:       99496 kB
Mlocked:           94212 kB
SwapTotal:        520908 kB
SwapFree:         357260 kB
Dirty:                 0 kB
Writeback:             0 kB
AnonPages:       1234876 kB
Mapped:           147332 kB
Shmem:               596 kB
Slab:              77260 kB
SReclaimable:      24588 kB
SUnreclaim:        52672 kB
KernelStack:       15232 kB
PageTables:        16852 kB
NFS_Unstable:          0 kB
Bounce:                0 kB
WritebackTmp:          0 kB
CommitLimit:     1450072 kB
Committed_AS:   24101392 kB
VmallocTotal:   251658176 kB
VmallocUsed:       96504 kB
VmallocChunk:   251482716 kB


[2024-11-19 20:30:42]
MemTotal:        1858332 kB
MemFree:           48408 kB
Buffers:             644 kB
Cached:           204372 kB
SwapCached:        13644 kB
Active:           975036 kB
Inactive:         358364 kB
Active(anon):     918272 kB
Inactive(anon):   309948 kB
Active(file):      56764 kB
Inactive(file):    48416 kB
Unevictable:       99496 kB
Mlocked:           94212 kB
SwapTotal:        520908 kB
SwapFree:         357260 kB
Dirty:                 0 kB
Writeback:             0 kB
AnonPages:       1227620 kB
Mapped:           143240 kB
Shmem:               596 kB
Slab:              77260 kB
SReclaimable:      24588 kB
SUnreclaim:        52672 kB
KernelStack:       14976 kB
PageTables:        16644 kB
NFS_Unstable:          0 kB
Bounce:                0 kB
WritebackTmp:          0 kB
CommitLimit:     1450072 kB
Committed_AS:   23980000 kB
VmallocTotal:   251658176 kB
VmallocUsed:       96504 kB
VmallocChunk:   251482716 kB


[2024-11-19 20:30:45]
MemTotal:        1858332 kB
MemFree:           48164 kB
Buffers:             644 kB
Cached:           204372 kB
SwapCached:        13644 kB
Active:           975508 kB
Inactive:         358364 kB
Active(anon):     918744 kB
Inactive(anon):   309948 kB
Active(file):      56764 kB
Inactive(file):    48416 kB
Unevictable:       99496 kB
Mlocked:           94212 kB
SwapTotal:        520908 kB
SwapFree:         357260 kB
Dirty:                 0 kB
Writeback:             0 kB
AnonPages:       1228236 kB
Mapped:           143256 kB
Shmem:               596 kB
Slab:              77260 kB
SReclaimable:      24588 kB
SUnreclaim:        52672 kB
KernelStack:       14960 kB
PageTables:        16644 kB
NFS_Unstable:          0 kB
Bounce:                0 kB
WritebackTmp:          0 kB
CommitLimit:     1450072 kB
Committed_AS:   23979980 kB
VmallocTotal:   251658176 kB
VmallocUsed:       96504 kB
VmallocChunk:   251482716 kB


[2024-11-19 20:30:47]
MemTotal:        1858332 kB
MemFree:           47836 kB
Buffers:             644 kB
Cached:           204372 kB
SwapCached:        13644 kB
Active:           975660 kB
Inactive:         358364 kB
Active(anon):     918896 kB
Inactive(anon):   309948 kB
Active(file):      56764 kB
Inactive(file):    48416 kB
Unevictable:       99496 kB
Mlocked:           94212 kB
SwapTotal:        520908 kB
SwapFree:         357260 kB
Dirty:                 0 kB
Writeback:             0 kB
AnonPages:       1228476 kB
Mapped:           143240 kB
Shmem:               596 kB
Slab:              77260 kB
SReclaimable:      24588 kB
SUnreclaim:        52672 kB
KernelStack:       14976 kB
PageTables:        16644 kB
NFS_Unstable:          0 kB
Bounce:                0 kB
WritebackTmp:          0 kB
CommitLimit:     1450072 kB
Committed_AS:   23979968 kB
VmallocTotal:   251658176 kB
VmallocUsed:       96504 kB
VmallocChunk:   251482716 kB


[2024-11-19 20:30:49]
MemTotal:        1858332 kB
MemFree:           47960 kB
Buffers:             644 kB
Cached:           204372 kB
SwapCached:        13644 kB
Active:           975824 kB
Inactive:         358364 kB
Active(anon):     919060 kB
Inactive(anon):   309948 kB
Active(file):      56764 kB
Inactive(file):    48416 kB
Unevictable:       99496 kB
Mlocked:           94212 kB
SwapTotal:        520908 kB
SwapFree:         357260 kB
Dirty:                 0 kB
Writeback:             0 kB
AnonPages:       1228388 kB
Mapped:           143240 kB
Shmem:               596 kB
Slab:              77260 kB
SReclaimable:      24588 kB
SUnreclaim:        52672 kB
KernelStack:       14992 kB
PageTables:        16644 kB
NFS_Unstable:          0 kB
Bounce:                0 kB
WritebackTmp:          0 kB
CommitLimit:     1450072 kB
Committed_AS:   23979940 kB
VmallocTotal:   251658176 kB
VmallocUsed:       96504 kB
VmallocChunk:   251482716 kB


[2024-11-19 20:30:51]
MemTotal:        1858332 kB
MemFree:           48032 kB
Buffers:             644 kB
Cached:           204372 kB
SwapCached:        13644 kB
Active:           975876 kB
Inactive:         358364 kB
Active(anon):     919112 kB
Inactive(anon):   309948 kB
Active(file):      56764 kB
Inactive(file):    48416 kB
Unevictable:       99496 kB
Mlocked:           94212 kB
SwapTotal:        520908 kB
SwapFree:         357260 kB
Dirty:                 0 kB
Writeback:             0 kB
AnonPages:       1228372 kB
Mapped:           143240 kB
Shmem:               596 kB
Slab:              77260 kB
SReclaimable:      24588 kB
SUnreclaim:        52672 kB
KernelStack:       14976 kB
PageTables:        16644 kB
NFS_Unstable:          0 kB
Bounce:                0 kB
WritebackTmp:          0 kB
CommitLimit:     1450072 kB
Committed_AS:   23979812 kB
VmallocTotal:   251658176 kB
VmallocUsed:       96504 kB
VmallocChunk:   251482716 kB


[2024-11-19 20:30:53]
MemTotal:        1858332 kB
MemFree:           47932 kB
Buffers:             644 kB
Cached:           204372 kB
SwapCached:        13644 kB
Active:           975952 kB
Inactive:         358364 kB
Active(anon):     919188 kB
Inactive(anon):   309948 kB
Active(file):      56764 kB
Inactive(file):    48416 kB
Unevictable:       99496 kB
Mlocked:           94212 kB
SwapTotal:        520908 kB
SwapFree:         357260 kB
Dirty:                 0 kB
Writeback:             0 kB
AnonPages:       1228580 kB
Mapped:           143260 kB
Shmem:               596 kB
Slab:              77260 kB
SReclaimable:      24588 kB
SUnreclaim:        52672 kB
KernelStack:       14992 kB
PageTables:        16644 kB
NFS_Unstable:          0 kB
Bounce:                0 kB
WritebackTmp:          0 kB
CommitLimit:     1450072 kB
Committed_AS:   23979904 kB
VmallocTotal:   251658176 kB
VmallocUsed:       96504 kB
VmallocChunk:   251482716 kB


[2024-11-19 20:30:55]
MemTotal:        1858332 kB
MemFree:           47916 kB
Buffers:             644 kB
Cached:           204372 kB
SwapCached:        13644 kB
Active:           976240 kB
Inactive:         358364 kB
Active(anon):     919476 kB
Inactive(anon):   309948 kB
Active(file):      56764 kB
Inactive(file):    48416 kB
Unevictable:       99496 kB
Mlocked:           94212 kB
SwapTotal:        520908 kB
SwapFree:         357260 kB
Dirty:                 0 kB
Writeback:             0 kB
AnonPages:       1228996 kB
Mapped:           143228 kB
Shmem:               596 kB
Slab:              77260 kB
SReclaimable:      24588 kB
SUnreclaim:        52672 kB
KernelStack:       14976 kB
PageTables:        16648 kB
NFS_Unstable:          0 kB
Bounce:                0 kB
WritebackTmp:          0 kB
CommitLimit:     1450072 kB
Committed_AS:   23979864 kB
VmallocTotal:   251658176 kB
VmallocUsed:       96504 kB
VmallocChunk:   251482716 kB


[2024-11-19 20:30:57]
MemTotal:        1858332 kB
MemFree:           46912 kB
Buffers:             644 kB
Cached:           204372 kB
SwapCached:        13644 kB
Active:           976848 kB
Inactive:         358364 kB
Active(anon):     920084 kB
Inactive(anon):   309948 kB
Active(file):      56764 kB
Inactive(file):    48416 kB
Unevictable:       99496 kB
Mlocked:           94212 kB
SwapTotal:        520908 kB
SwapFree:         357264 kB
Dirty:                 0 kB
Writeback:             0 kB
AnonPages:       1229640 kB
Mapped:           143240 kB
Shmem:               596 kB
Slab:              77260 kB
SReclaimable:      24588 kB
SUnreclaim:        52672 kB
KernelStack:       14976 kB
PageTables:        16644 kB
NFS_Unstable:          0 kB
Bounce:                0 kB
WritebackTmp:          0 kB
CommitLimit:     1450072 kB
Committed_AS:   23979760 kB
VmallocTotal:   251658176 kB
VmallocUsed:       96504 kB
VmallocChunk:   251482716 kB


[2024-11-19 20:30:59]
MemTotal:        1858332 kB
MemFree:           46328 kB
Buffers:             644 kB
Cached:           204372 kB
SwapCached:        13644 kB
Active:           977292 kB
Inactive:         358364 kB
Active(anon):     920528 kB
Inactive(anon):   309948 kB
Active(file):      56764 kB
Inactive(file):    48416 kB
Unevictable:       99496 kB
Mlocked:           94212 kB
SwapTotal:        520908 kB
SwapFree:         357264 kB
Dirty:                 0 kB
Writeback:             0 kB
AnonPages:       1229868 kB
Mapped:           143248 kB
Shmem:               596 kB
Slab:              77260 kB
SReclaimable:      24588 kB
SUnreclaim:        52672 kB
KernelStack:       14976 kB
PageTables:        16644 kB
NFS_Unstable:          0 kB
Bounce:                0 kB
WritebackTmp:          0 kB
CommitLimit:     1450072 kB
Committed_AS:   23979752 kB
VmallocTotal:   251658176 kB
VmallocUsed:       96504 kB
VmallocChunk:   251482716 kB


[2024-11-19 20:31:01]
MemTotal:        1858332 kB
MemFree:           45744 kB
Buffers:             644 kB
Cached:           204372 kB
SwapCached:        13644 kB
Active:           977908 kB
Inactive:         358364 kB
Active(anon):     921144 kB
Inactive(anon):   309948 kB
Active(file):      56764 kB
Inactive(file):    48416 kB
Unevictable:       99496 kB
Mlocked:           94212 kB
SwapTotal:        520908 kB
SwapFree:         357264 kB
Dirty:                 0 kB
Writeback:             0 kB
AnonPages:       1230500 kB
Mapped:           143240 kB
Shmem:               596 kB
Slab:              77260 kB
SReclaimable:      24588 kB
SUnreclaim:        52672 kB
KernelStack:       14992 kB
PageTables:        16644 kB
NFS_Unstable:          0 kB
Bounce:                0 kB
WritebackTmp:          0 kB
CommitLimit:     1450072 kB
Committed_AS:   23979868 kB
VmallocTotal:   251658176 kB
VmallocUsed:       96504 kB
VmallocChunk:   251482716 kB


[2024-11-19 20:31:03]
MemTotal:        1858332 kB
MemFree:           45368 kB
Buffers:             644 kB
Cached:           204372 kB
SwapCached:        13644 kB
Active:           978168 kB
Inactive:         358364 kB
Active(anon):     921404 kB
Inactive(anon):   309948 kB
Active(file):      56764 kB
Inactive(file):    48416 kB
Unevictable:       99496 kB
Mlocked:           94212 kB
SwapTotal:        520908 kB
SwapFree:         357264 kB
Dirty:                 0 kB
Writeback:             0 kB
AnonPages:       1230756 kB
Mapped:           143240 kB
Shmem:               596 kB
Slab:              77260 kB
SReclaimable:      24588 kB
SUnreclaim:        52672 kB
KernelStack:       14976 kB
PageTables:        16644 kB
NFS_Unstable:          0 kB
Bounce:                0 kB
WritebackTmp:          0 kB
CommitLimit:     1450072 kB
Committed_AS:   23979752 kB
VmallocTotal:   251658176 kB
VmallocUsed:       96504 kB
VmallocChunk:   251482716 kB


