[2024-11-20 05:09:41]
MemTotal:        1858332 kB
MemFree:          473192 kB
Buffers:            2664 kB
Cached:           862360 kB
SwapCached:        16944 kB
Active:           164456 kB
Inactive:         723080 kB
Active(anon):     109324 kB
Inactive(anon):    13288 kB
Active(file):      55132 kB
Inactive(file):   709792 kB
Unevictable:       99496 kB
Mlocked:           94212 kB
SwapTotal:        520908 kB
SwapFree:         358792 kB
Dirty:             52920 kB
Writeback:          7544 kB
AnonPages:        120800 kB
Mapped:           332660 kB
Shmem:               716 kB
Slab:              88608 kB
SReclaimable:      35236 kB
SUnreclaim:        53372 kB
KernelStack:       15104 kB
PageTables:        13028 kB
NFS_Unstable:          0 kB
Bounce:                0 kB
WritebackTmp:          0 kB
CommitLimit:     1450072 kB
Committed_AS:   22178580 kB
VmallocTotal:   251658176 kB
VmallocUsed:       96580 kB
VmallocChunk:   251482716 kB


[2024-11-20 05:09:41]
MemTotal:        1858332 kB
MemFree:          379256 kB
Buffers:            2676 kB
Cached:           954036 kB
SwapCached:        16944 kB
Active:           164624 kB
Inactive:         814756 kB
Active(anon):     109480 kB
Inactive(anon):    13288 kB
Active(file):      55144 kB
Inactive(file):   801468 kB
Unevictable:       99496 kB
Mlocked:           94212 kB
SwapTotal:        520908 kB
SwapFree:         358792 kB
Dirty:              6416 kB
Writeback:           168 kB
AnonPages:        121124 kB
Mapped:           359632 kB
Shmem:               716 kB
Slab:              90764 kB
SReclaimable:      37152 kB
SUnreclaim:        53612 kB
KernelStack:       15072 kB
PageTables:        13092 kB
NFS_Unstable:          0 kB
Bounce:                0 kB
WritebackTmp:          0 kB
CommitLimit:     1450072 kB
Committed_AS:   22178564 kB
VmallocTotal:   251658176 kB
VmallocUsed:       96580 kB
VmallocChunk:   251482716 kB


[2024-11-20 05:09:41]
MemTotal:        1858332 kB
MemFree:          230492 kB
Buffers:            2680 kB
Cached:          1099540 kB
SwapCached:        16944 kB
Active:           164740 kB
Inactive:         960452 kB
Active(anon):     109596 kB
Inactive(anon):    13288 kB
Active(file):      55144 kB
Inactive(file):   947164 kB
Unevictable:       99496 kB
Mlocked:           94212 kB
SwapTotal:        520908 kB
SwapFree:         358792 kB
Dirty:             52176 kB
Writeback:          8096 kB
AnonPages:        121240 kB
Mapped:           402276 kB
Shmem:               716 kB
Slab:              93272 kB
SReclaimable:      39916 kB
SUnreclaim:        53356 kB
KernelStack:       15040 kB
PageTables:        13156 kB
NFS_Unstable:          0 kB
Bounce:                0 kB
WritebackTmp:          0 kB
CommitLimit:     1450072 kB
Committed_AS:   22178476 kB
VmallocTotal:   251658176 kB
VmallocUsed:       96580 kB
VmallocChunk:   251482716 kB


[2024-11-20 05:09:41]
MemTotal:        1858332 kB
MemFree:          142652 kB
Buffers:            2516 kB
Cached:          1197236 kB
SwapCached:        16940 kB
Active:           156964 kB
Inactive:        1065524 kB
Active(anon):      99576 kB
Inactive(anon):    23260 kB
Active(file):      57388 kB
Inactive(file):  1042264 kB
Unevictable:       99496 kB
Mlocked:           94212 kB
SwapTotal:        520908 kB
SwapFree:         358940 kB
Dirty:             53452 kB
Writeback:          5520 kB
AnonPages:        121300 kB
Mapped:           436664 kB
Shmem:               716 kB
Slab:              95740 kB
SReclaimable:      42384 kB
SUnreclaim:        53356 kB
KernelStack:       14896 kB
PageTables:        13212 kB
NFS_Unstable:          0 kB
Bounce:                0 kB
WritebackTmp:          0 kB
CommitLimit:     1450072 kB
Committed_AS:   22178112 kB
VmallocTotal:   251658176 kB
VmallocUsed:       96580 kB
VmallocChunk:   251482716 kB


[2024-11-20 05:09:41]
MemTotal:        1858332 kB
MemFree:          143100 kB
Buffers:            1068 kB
Cached:          1199644 kB
SwapCached:        16940 kB
Active:           171388 kB
Inactive:        1052280 kB
Active(anon):      92384 kB
Inactive(anon):    30784 kB
Active(file):      79004 kB
Inactive(file):  1021496 kB
Unevictable:       99496 kB
Mlocked:           94212 kB
SwapTotal:        520908 kB
SwapFree:         358940 kB
Dirty:             55208 kB
Writeback:             0 kB
AnonPages:        121604 kB
Mapped:           470884 kB
Shmem:               716 kB
Slab:              97392 kB
SReclaimable:      43908 kB
SUnreclaim:        53484 kB
KernelStack:       14896 kB
PageTables:        13268 kB
NFS_Unstable:          0 kB
Bounce:                0 kB
WritebackTmp:          0 kB
CommitLimit:     1450072 kB
Committed_AS:   22177976 kB
VmallocTotal:   251658176 kB
VmallocUsed:       96580 kB
VmallocChunk:   251482716 kB


[2024-11-20 05:09:41]
MemTotal:        1858332 kB
MemFree:          141920 kB
Buffers:            1080 kB
Cached:          1204144 kB
SwapCached:        16940 kB
Active:           225652 kB
Inactive:        1002560 kB
Active(anon):      92336 kB
Inactive(anon):    30784 kB
Active(file):     133316 kB
Inactive(file):   971776 kB
Unevictable:       99496 kB
Mlocked:           94212 kB
SwapTotal:        520908 kB
SwapFree:         358940 kB
Dirty:             60164 kB
Writeback:             0 kB
AnonPages:        121328 kB
Mapped:           507668 kB
Shmem:               716 kB
Slab:              96544 kB
SReclaimable:      43188 kB
SUnreclaim:        53356 kB
KernelStack:       14896 kB
PageTables:        13380 kB
NFS_Unstable:          0 kB
Bounce:                0 kB
WritebackTmp:          0 kB
CommitLimit:     1450072 kB
Committed_AS:   22177772 kB
VmallocTotal:   251658176 kB
VmallocUsed:       96580 kB
VmallocChunk:   251482716 kB


[2024-11-20 05:09:41]
MemTotal:        1858332 kB
MemFree:          142872 kB
Buffers:            1072 kB
Cached:          1205164 kB
SwapCached:        16960 kB
Active:           267424 kB
Inactive:         962268 kB
Active(anon):      92556 kB
Inactive(anon):    30884 kB
Active(file):     174868 kB
Inactive(file):   931384 kB
Unevictable:       99496 kB
Mlocked:           94212 kB
SwapTotal:        520908 kB
SwapFree:         358940 kB
Dirty:             23296 kB
Writeback:             0 kB
AnonPages:        121576 kB
Mapped:           538512 kB
Shmem:               716 kB
Slab:              95708 kB
SReclaimable:      42288 kB
SUnreclaim:        53420 kB
KernelStack:       14896 kB
PageTables:        13432 kB
NFS_Unstable:          0 kB
Bounce:                0 kB
WritebackTmp:          0 kB
CommitLimit:     1450072 kB
Committed_AS:   22177856 kB
VmallocTotal:   251658176 kB
VmallocUsed:       96580 kB
VmallocChunk:   251482716 kB


[2024-11-20 05:09:41]
MemTotal:        1858332 kB
MemFree:          142956 kB
Buffers:            1072 kB
Cached:          1207196 kB
SwapCached:        16960 kB
Active:           319844 kB
Inactive:         911864 kB
Active(anon):      92804 kB
Inactive(anon):    30916 kB
Active(file):     227040 kB
Inactive(file):   880948 kB
Unevictable:       99496 kB
Mlocked:           94212 kB
SwapTotal:        520908 kB
SwapFree:         358940 kB
Dirty:             58680 kB
Writeback:            72 kB
AnonPages:        121896 kB
Mapped:           578164 kB
Shmem:               716 kB
Slab:              94692 kB
SReclaimable:      41336 kB
SUnreclaim:        53356 kB
KernelStack:       14896 kB
PageTables:        13504 kB
NFS_Unstable:          0 kB
Bounce:                0 kB
WritebackTmp:          0 kB
CommitLimit:     1450072 kB
Committed_AS:   22177960 kB
VmallocTotal:   251658176 kB
VmallocUsed:       96580 kB
VmallocChunk:   251482716 kB


[2024-11-20 05:09:41]
MemTotal:        1858332 kB
MemFree:          142440 kB
Buffers:            1076 kB
Cached:          1209188 kB
SwapCached:        16952 kB
Active:           369188 kB
Inactive:         864484 kB
Active(anon):      92640 kB
Inactive(anon):    30780 kB
Active(file):     276548 kB
Inactive(file):   833704 kB
Unevictable:       99496 kB
Mlocked:           94212 kB
SwapTotal:        520908 kB
SwapFree:         358940 kB
Dirty:               684 kB
Writeback:         56024 kB
AnonPages:        121760 kB
Mapped:           612972 kB
Shmem:               716 kB
Slab:              94216 kB
SReclaimable:      40588 kB
SUnreclaim:        53628 kB
KernelStack:       14896 kB
PageTables:        13576 kB
NFS_Unstable:          0 kB
Bounce:                0 kB
WritebackTmp:          0 kB
CommitLimit:     1450072 kB
Committed_AS:   22178072 kB
VmallocTotal:   251658176 kB
VmallocUsed:       96580 kB
VmallocChunk:   251482716 kB


[2024-11-20 05:09:41]
MemTotal:        1858332 kB
MemFree:          141424 kB
Buffers:            1076 kB
Cached:          1211612 kB
SwapCached:        16940 kB
Active:           414732 kB
Inactive:         821224 kB
Active(anon):      92896 kB
Inactive(anon):    30896 kB
Active(file):     321836 kB
Inactive(file):   790328 kB
Unevictable:       99496 kB
Mlocked:           94212 kB
SwapTotal:        520908 kB
SwapFree:         358948 kB
Dirty:             55448 kB
Writeback:             0 kB
AnonPages:        121984 kB
Mapped:           645332 kB
Shmem:               716 kB
Slab:              93156 kB
SReclaimable:      39696 kB
SUnreclaim:        53460 kB
KernelStack:       14896 kB
PageTables:        13632 kB
NFS_Unstable:          0 kB
Bounce:                0 kB
WritebackTmp:          0 kB
CommitLimit:     1450072 kB
Committed_AS:   22177840 kB
VmallocTotal:   251658176 kB
VmallocUsed:       96580 kB
VmallocChunk:   251482716 kB


[2024-11-20 05:09:41]
MemTotal:        1858332 kB
MemFree:          136364 kB
Buffers:            1284 kB
Cached:          1211224 kB
SwapCached:        16940 kB
Active:           477256 kB
Inactive:         765008 kB
Active(anon):      97588 kB
Inactive(anon):    32692 kB
Active(file):     379668 kB
Inactive(file):   732316 kB
Unevictable:       99496 kB
Mlocked:           94212 kB
SwapTotal:        520908 kB
SwapFree:         358960 kB
Dirty:             57584 kB
Writeback:             0 kB
AnonPages:        128576 kB
Mapped:           681628 kB
Shmem:               716 kB
Slab:              92040 kB
SReclaimable:      38676 kB
SUnreclaim:        53364 kB
KernelStack:       14976 kB
PageTables:        13804 kB
NFS_Unstable:          0 kB
Bounce:                0 kB
WritebackTmp:          0 kB
CommitLimit:     1450072 kB
Committed_AS:   22291760 kB
VmallocTotal:   251658176 kB
VmallocUsed:       96580 kB
VmallocChunk:   251482716 kB


[2024-11-20 05:09:43]
MemTotal:        1858332 kB
MemFree:          137592 kB
Buffers:            1280 kB
Cached:          1211128 kB
SwapCached:        16872 kB
Active:           523856 kB
Inactive:         718668 kB
Active(anon):      97916 kB
Inactive(anon):    32616 kB
Active(file):     425940 kB
Inactive(file):   686052 kB
Unevictable:       99496 kB
Mlocked:           94212 kB
SwapTotal:        520908 kB
SwapFree:         358960 kB
Dirty:             40344 kB
Writeback:             0 kB
AnonPages:        128992 kB
Mapped:           713088 kB
Shmem:               716 kB
Slab:              91304 kB
SReclaimable:      37836 kB
SUnreclaim:        53468 kB
KernelStack:       15056 kB
PageTables:        13968 kB
NFS_Unstable:          0 kB
Bounce:                0 kB
WritebackTmp:          0 kB
CommitLimit:     1450072 kB
Committed_AS:   22291588 kB
VmallocTotal:   251658176 kB
VmallocUsed:       96580 kB
VmallocChunk:   251482716 kB


[2024-11-20 05:09:45]
MemTotal:        1858332 kB
MemFree:          137436 kB
Buffers:            1284 kB
Cached:          1212616 kB
SwapCached:        16796 kB
Active:           574792 kB
Inactive:         669288 kB
Active(anon):      97996 kB
Inactive(anon):    32668 kB
Active(file):     476796 kB
Inactive(file):   636620 kB
Unevictable:       99496 kB
Mlocked:           94212 kB
SwapTotal:        520908 kB
SwapFree:         358960 kB
Dirty:             55792 kB
Writeback:             0 kB
AnonPages:        128860 kB
Mapped:           750568 kB
Shmem:               716 kB
Slab:              90476 kB
SReclaimable:      37136 kB
SUnreclaim:        53340 kB
KernelStack:       15040 kB
PageTables:        14048 kB
NFS_Unstable:          0 kB
Bounce:                0 kB
WritebackTmp:          0 kB
CommitLimit:     1450072 kB
Committed_AS:   22291676 kB
VmallocTotal:   251658176 kB
VmallocUsed:       96580 kB
VmallocChunk:   251482716 kB


[2024-11-20 05:09:48]
MemTotal:        1858332 kB
MemFree:          137480 kB
Buffers:            1288 kB
Cached:          1213240 kB
SwapCached:        16428 kB
Active:           621356 kB
Inactive:         623184 kB
Active(anon):      97784 kB
Inactive(anon):    32596 kB
Active(file):     523572 kB
Inactive(file):   590588 kB
Unevictable:       99496 kB
Mlocked:           94212 kB
SwapTotal:        520908 kB
SwapFree:         358960 kB
Dirty:              4836 kB
Writeback:         27124 kB
AnonPages:        128996 kB
Mapped:           782568 kB
Shmem:               716 kB
Slab:              89492 kB
SReclaimable:      36184 kB
SUnreclaim:        53308 kB
KernelStack:       15056 kB
PageTables:        14112 kB
NFS_Unstable:          0 kB
Bounce:                0 kB
WritebackTmp:          0 kB
CommitLimit:     1450072 kB
Committed_AS:   22291716 kB
VmallocTotal:   251658176 kB
VmallocUsed:       96580 kB
VmallocChunk:   251482716 kB


[2024-11-20 05:09:50]
MemTotal:        1858332 kB
MemFree:          137756 kB
Buffers:            1288 kB
Cached:          1214388 kB
SwapCached:        15920 kB
Active:           654200 kB
Inactive:         591248 kB
Active(anon):      97556 kB
Inactive(anon):    32444 kB
Active(file):     556644 kB
Inactive(file):   558804 kB
Unevictable:       99496 kB
Mlocked:           94212 kB
SwapTotal:        520908 kB
SwapFree:         358960 kB
Dirty:             55336 kB
Writeback:           184 kB
AnonPages:        129132 kB
Mapped:           819356 kB
Shmem:               716 kB
Slab:              88956 kB
SReclaimable:      35552 kB
SUnreclaim:        53404 kB
KernelStack:       15056 kB
PageTables:        14176 kB
NFS_Unstable:          0 kB
Bounce:                0 kB
WritebackTmp:          0 kB
CommitLimit:     1450072 kB
Committed_AS:   22291676 kB
VmallocTotal:   251658176 kB
VmallocUsed:       96580 kB
VmallocChunk:   251482716 kB


[2024-11-20 05:09:52]
MemTotal:        1858332 kB
MemFree:          137120 kB
Buffers:            1112 kB
Cached:          1216240 kB
SwapCached:        15808 kB
Active:           655208 kB
Inactive:         591992 kB
Active(anon):      97576 kB
Inactive(anon):    32656 kB
Active(file):     557632 kB
Inactive(file):   559336 kB
Unevictable:       99496 kB
Mlocked:           94212 kB
SwapTotal:        520908 kB
SwapFree:         358964 kB
Dirty:             57160 kB
Writeback:             0 kB
AnonPages:        129628 kB
Mapped:           854660 kB
Shmem:               716 kB
Slab:              88064 kB
SReclaimable:      34724 kB
SUnreclaim:        53340 kB
KernelStack:       15056 kB
PageTables:        14244 kB
NFS_Unstable:          0 kB
Bounce:                0 kB
WritebackTmp:          0 kB
CommitLimit:     1450072 kB
Committed_AS:   22291660 kB
VmallocTotal:   251658176 kB
VmallocUsed:       96580 kB
VmallocChunk:   251482716 kB


[2024-11-20 05:09:54]
MemTotal:        1858332 kB
MemFree:          137628 kB
Buffers:            1112 kB
Cached:          1215640 kB
SwapCached:        15808 kB
Active:           655396 kB
Inactive:         591336 kB
Active(anon):      97660 kB
Inactive(anon):    32532 kB
Active(file):     557736 kB
Inactive(file):   558804 kB
Unevictable:       99496 kB
Mlocked:           94212 kB
SwapTotal:        520908 kB
SwapFree:         358964 kB
Dirty:             46496 kB
Writeback:            16 kB
AnonPages:        129584 kB
Mapped:           887260 kB
Shmem:               716 kB
Slab:              87292 kB
SReclaimable:      33872 kB
SUnreclaim:        53420 kB
KernelStack:       15056 kB
PageTables:        14296 kB
NFS_Unstable:          0 kB
Bounce:                0 kB
WritebackTmp:          0 kB
CommitLimit:     1450072 kB
Committed_AS:   22291696 kB
VmallocTotal:   251658176 kB
VmallocUsed:       96580 kB
VmallocChunk:   251482716 kB


[2024-11-20 05:09:56]
MemTotal:        1858332 kB
MemFree:          137548 kB
Buffers:            1120 kB
Cached:          1216768 kB
SwapCached:        15808 kB
Active:           655848 kB
Inactive:         592196 kB
Active(anon):      97692 kB
Inactive(anon):    32612 kB
Active(file):     558156 kB
Inactive(file):   559584 kB
Unevictable:       99496 kB
Mlocked:           94212 kB
SwapTotal:        520908 kB
SwapFree:         359112 kB
Dirty:             58880 kB
Writeback:             0 kB
AnonPages:        129564 kB
Mapped:           923172 kB
Shmem:               716 kB
Slab:              86364 kB
SReclaimable:      33008 kB
SUnreclaim:        53356 kB
KernelStack:       15024 kB
PageTables:        14420 kB
NFS_Unstable:          0 kB
Bounce:                0 kB
WritebackTmp:          0 kB
CommitLimit:     1450072 kB
Committed_AS:   22291264 kB
VmallocTotal:   251658176 kB
VmallocUsed:       96580 kB
VmallocChunk:   251482716 kB


[2024-11-20 05:09:58]
MemTotal:        1858332 kB
MemFree:          137716 kB
Buffers:             168 kB
Cached:          1217236 kB
SwapCached:        15808 kB
Active:           655980 kB
Inactive:         591568 kB
Active(anon):      97744 kB
Inactive(anon):    32488 kB
Active(file):     558236 kB
Inactive(file):   559080 kB
Unevictable:       99496 kB
Mlocked:           94212 kB
SwapTotal:        520908 kB
SwapFree:         359112 kB
Dirty:               904 kB
Writeback:          7668 kB
AnonPages:        129488 kB
Mapped:           929116 kB
Shmem:               716 kB
Slab:              86624 kB
SReclaimable:      32900 kB
SUnreclaim:        53724 kB
KernelStack:       15024 kB
PageTables:        14496 kB
NFS_Unstable:          0 kB
Bounce:                0 kB
WritebackTmp:          0 kB
CommitLimit:     1450072 kB
Committed_AS:   22291380 kB
VmallocTotal:   251658176 kB
VmallocUsed:       96580 kB
VmallocChunk:   251482716 kB


[2024-11-20 05:10:00]
MemTotal:        1858332 kB
MemFree:          137628 kB
Buffers:             176 kB
Cached:          1217464 kB
SwapCached:        15928 kB
Active:           656668 kB
Inactive:         591452 kB
Active(anon):      98092 kB
Inactive(anon):    32812 kB
Active(file):     558576 kB
Inactive(file):   558640 kB
Unevictable:       99496 kB
Mlocked:           94212 kB
SwapTotal:        520908 kB
SwapFree:         359184 kB
Dirty:             45136 kB
Writeback:             0 kB
AnonPages:        130144 kB
Mapped:           916112 kB
Shmem:               716 kB
Slab:              86020 kB
SReclaimable:      32592 kB
SUnreclaim:        53428 kB
KernelStack:       14992 kB
PageTables:        14496 kB
NFS_Unstable:          0 kB
Bounce:                0 kB
WritebackTmp:          0 kB
CommitLimit:     1450072 kB
Committed_AS:   22291432 kB
VmallocTotal:   251658176 kB
VmallocUsed:       96580 kB
VmallocChunk:   251482716 kB


[2024-11-20 05:10:02]
MemTotal:        1858332 kB
MemFree:          137084 kB
Buffers:             184 kB
Cached:          1218072 kB
SwapCached:        15928 kB
Active:           656676 kB
Inactive:         592240 kB
Active(anon):      98260 kB
Inactive(anon):    32776 kB
Active(file):     558416 kB
Inactive(file):   559464 kB
Unevictable:       99496 kB
Mlocked:           94212 kB
SwapTotal:        520908 kB
SwapFree:         359184 kB
Dirty:             57080 kB
Writeback:            40 kB
AnonPages:        130476 kB
Mapped:           913520 kB
Shmem:               716 kB
Slab:              86100 kB
SReclaimable:      32736 kB
SUnreclaim:        53364 kB
KernelStack:       14992 kB
PageTables:        14512 kB
NFS_Unstable:          0 kB
Bounce:                0 kB
WritebackTmp:          0 kB
CommitLimit:     1450072 kB
Committed_AS:   22291408 kB
VmallocTotal:   251658176 kB
VmallocUsed:       96580 kB
VmallocChunk:   251482716 kB


[2024-11-20 05:10:04]
MemTotal:        1858332 kB
MemFree:          137360 kB
Buffers:             184 kB
Cached:          1217056 kB
SwapCached:        15928 kB
Active:           656560 kB
Inactive:         591540 kB
Active(anon):      98460 kB
Inactive(anon):    32876 kB
Active(file):     558100 kB
Inactive(file):   558664 kB
Unevictable:       99496 kB
Mlocked:           94212 kB
SwapTotal:        520908 kB
SwapFree:         359184 kB
Dirty:             14984 kB
Writeback:             0 kB
AnonPages:        131104 kB
Mapped:           910028 kB
Shmem:               716 kB
Slab:              86136 kB
SReclaimable:      32732 kB
SUnreclaim:        53404 kB
KernelStack:       14992 kB
PageTables:        14528 kB
NFS_Unstable:          0 kB
Bounce:                0 kB
WritebackTmp:          0 kB
CommitLimit:     1450072 kB
Committed_AS:   22291392 kB
VmallocTotal:   251658176 kB
VmallocUsed:       96580 kB
VmallocChunk:   251482716 kB


[2024-11-20 05:10:06]
MemTotal:        1858332 kB
MemFree:          143204 kB
Buffers:             192 kB
Cached:          1216888 kB
SwapCached:        15928 kB
Active:           650904 kB
Inactive:         591892 kB
Active(anon):      92896 kB
Inactive(anon):    33068 kB
Active(file):     558008 kB
Inactive(file):   558824 kB
Unevictable:       99496 kB
Mlocked:           94212 kB
SwapTotal:        520908 kB
SwapFree:         359200 kB
Dirty:             55264 kB
Writeback:             0 kB
AnonPages:        125208 kB
Mapped:           904312 kB
Shmem:               716 kB
Slab:              86392 kB
SReclaimable:      32988 kB
SUnreclaim:        53404 kB
KernelStack:       14992 kB
PageTables:        14560 kB
NFS_Unstable:          0 kB
Bounce:                0 kB
WritebackTmp:          0 kB
CommitLimit:     1450072 kB
Committed_AS:   22291540 kB
VmallocTotal:   251658176 kB
VmallocUsed:       96580 kB
VmallocChunk:   251482716 kB


[2024-11-20 05:10:09]
MemTotal:        1858332 kB
MemFree:          140444 kB
Buffers:             192 kB
Cached:          1218656 kB
SwapCached:        15928 kB
Active:           652540 kB
Inactive:         592216 kB
Active(anon):      93252 kB
Inactive(anon):    32968 kB
Active(file):     559288 kB
Inactive(file):   559248 kB
Unevictable:       99496 kB
Mlocked:           94212 kB
SwapTotal:        520908 kB
SwapFree:         359200 kB
Dirty:               872 kB
Writeback:             0 kB
AnonPages:        125532 kB
Mapped:           902936 kB
Shmem:               716 kB
Slab:              86464 kB
SReclaimable:      32908 kB
SUnreclaim:        53556 kB
KernelStack:       14992 kB
PageTables:        14584 kB
NFS_Unstable:          0 kB
Bounce:                0 kB
WritebackTmp:          0 kB
CommitLimit:     1450072 kB
Committed_AS:   22291372 kB
VmallocTotal:   251658176 kB
VmallocUsed:       96580 kB
VmallocChunk:   251482716 kB


[2024-11-20 05:10:11]
MemTotal:        1858332 kB
MemFree:          139044 kB
Buffers:             188 kB
Cached:          1220236 kB
SwapCached:        15928 kB
Active:           652792 kB
Inactive:         593660 kB
Active(anon):      93352 kB
Inactive(anon):    32932 kB
Active(file):     559440 kB
Inactive(file):   560728 kB
Unevictable:       99496 kB
Mlocked:           94212 kB
SwapTotal:        520908 kB
SwapFree:         359200 kB
Dirty:             34064 kB
Writeback:             0 kB
AnonPages:        125792 kB
Mapped:           898236 kB
Shmem:               716 kB
Slab:              86492 kB
SReclaimable:      32952 kB
SUnreclaim:        53540 kB
KernelStack:       14992 kB
PageTables:        14604 kB
NFS_Unstable:          0 kB
Bounce:                0 kB
WritebackTmp:          0 kB
CommitLimit:     1450072 kB
Committed_AS:   22291444 kB
VmallocTotal:   251658176 kB
VmallocUsed:       96580 kB
VmallocChunk:   251482716 kB


[2024-11-20 05:10:13]
MemTotal:        1858332 kB
MemFree:          139912 kB
Buffers:             188 kB
Cached:          1218812 kB
SwapCached:        15900 kB
Active:           651988 kB
Inactive:         592756 kB
Active(anon):      93452 kB
Inactive(anon):    32884 kB
Active(file):     558536 kB
Inactive(file):   559872 kB
Unevictable:       99496 kB
Mlocked:           94212 kB
SwapTotal:        520908 kB
SwapFree:         359204 kB
Dirty:             58272 kB
Writeback:             0 kB
AnonPages:        125712 kB
Mapped:           893900 kB
Shmem:               716 kB
Slab:              86564 kB
SReclaimable:      33024 kB
SUnreclaim:        53540 kB
KernelStack:       14992 kB
PageTables:        14628 kB
NFS_Unstable:          0 kB
Bounce:                0 kB
WritebackTmp:          0 kB
CommitLimit:     1450072 kB
Committed_AS:   22291288 kB
VmallocTotal:   251658176 kB
VmallocUsed:       96580 kB
VmallocChunk:   251482716 kB


[2024-11-20 05:10:15]
MemTotal:        1858332 kB
MemFree:          139480 kB
Buffers:             520 kB
Cached:          1217768 kB
SwapCached:        15864 kB
Active:           660632 kB
Inactive:         585320 kB
Active(anon):      94784 kB
Inactive(anon):    32848 kB
Active(file):     565848 kB
Inactive(file):   552472 kB
Unevictable:       99496 kB
Mlocked:           94212 kB
SwapTotal:        520908 kB
SwapFree:         359212 kB
Dirty:              5420 kB
Writeback:             0 kB
AnonPages:        127256 kB
Mapped:           889504 kB
Shmem:               716 kB
Slab:              86424 kB
SReclaimable:      33036 kB
SUnreclaim:        53388 kB
KernelStack:       14992 kB
PageTables:        14652 kB
NFS_Unstable:          0 kB
Bounce:                0 kB
WritebackTmp:          0 kB
CommitLimit:     1450072 kB
Committed_AS:   22291976 kB
VmallocTotal:   251658176 kB
VmallocUsed:       96580 kB
VmallocChunk:   251482716 kB


[2024-11-20 05:10:17]
MemTotal:        1858332 kB
MemFree:          107176 kB
Buffers:             564 kB
Cached:          1216112 kB
SwapCached:        15856 kB
Active:           686988 kB
Inactive:         591368 kB
Active(anon):     128524 kB
Inactive(anon):    33212 kB
Active(file):     558464 kB
Inactive(file):   558156 kB
Unevictable:       99496 kB
Mlocked:           94212 kB
SwapTotal:        520908 kB
SwapFree:         359216 kB
Dirty:              5456 kB
Writeback:             0 kB
AnonPages:        161312 kB
Mapped:           888504 kB
Shmem:               716 kB
Slab:              86320 kB
SReclaimable:      32932 kB
SUnreclaim:        53388 kB
KernelStack:       15152 kB
PageTables:        14812 kB
NFS_Unstable:          0 kB
Bounce:                0 kB
WritebackTmp:          0 kB
CommitLimit:     1450072 kB
Committed_AS:   22382936 kB
VmallocTotal:   251658176 kB
VmallocUsed:       96580 kB
VmallocChunk:   251482716 kB


[2024-11-20 05:10:19]
MemTotal:        1858332 kB
MemFree:           71388 kB
Buffers:             564 kB
Cached:          1213776 kB
SwapCached:        15852 kB
Active:           721852 kB
Inactive:         591760 kB
Active(anon):     164844 kB
Inactive(anon):    34552 kB
Active(file):     557008 kB
Inactive(file):   557208 kB
Unevictable:       99496 kB
Mlocked:           94212 kB
SwapTotal:        520908 kB
SwapFree:         359216 kB
Dirty:                 0 kB
Writeback:             0 kB
AnonPages:        198676 kB
Mapped:           888324 kB
Shmem:               716 kB
Slab:              86544 kB
SReclaimable:      33156 kB
SUnreclaim:        53388 kB
KernelStack:       15120 kB
PageTables:        14848 kB
NFS_Unstable:          0 kB
Bounce:                0 kB
WritebackTmp:          0 kB
CommitLimit:     1450072 kB
Committed_AS:   22419680 kB
VmallocTotal:   251658176 kB
VmallocUsed:       96580 kB
VmallocChunk:   251482716 kB


[2024-11-20 05:10:21]
MemTotal:        1858332 kB
MemFree:           31812 kB
Buffers:             204 kB
Cached:           749748 kB
SwapCached:        14432 kB
Active:           856100 kB
Inactive:         502440 kB
Active(anon):     531604 kB
Inactive(anon):   177308 kB
Active(file):     324496 kB
Inactive(file):   325132 kB
Unevictable:       99496 kB
Mlocked:           94212 kB
SwapTotal:        520908 kB
SwapFree:         357164 kB
Dirty:                 0 kB
Writeback:             0 kB
AnonPages:        708820 kB
Mapped:           438904 kB
Shmem:               708 kB
Slab:              79492 kB
SReclaimable:      26104 kB
SUnreclaim:        53388 kB
KernelStack:       15120 kB
PageTables:        15736 kB
NFS_Unstable:          0 kB
Bounce:                0 kB
WritebackTmp:          0 kB
CommitLimit:     1450072 kB
Committed_AS:   23193848 kB
VmallocTotal:   251658176 kB
VmallocUsed:       96580 kB
VmallocChunk:   251482716 kB


[2024-11-20 05:10:23]
MemTotal:        1858332 kB
MemFree:           33948 kB
Buffers:             116 kB
Cached:           238204 kB
SwapCached:        14284 kB
Active:          1000412 kB
Inactive:         356836 kB
Active(anon):     932116 kB
Inactive(anon):   287104 kB
Active(file):      68296 kB
Inactive(file):    69732 kB
Unevictable:       99496 kB
Mlocked:           94212 kB
SwapTotal:        520908 kB
SwapFree:         356424 kB
Dirty:                 0 kB
Writeback:             0 kB
AnonPages:       1218924 kB
Mapped:           109412 kB
Shmem:               680 kB
Slab:              78800 kB
SReclaimable:      25380 kB
SUnreclaim:        53420 kB
KernelStack:       14960 kB
PageTables:        16160 kB
NFS_Unstable:          0 kB
Bounce:                0 kB
WritebackTmp:          0 kB
CommitLimit:     1450072 kB
Committed_AS:   22180372 kB
VmallocTotal:   251658176 kB
VmallocUsed:       95560 kB
VmallocChunk:   251482716 kB


[2024-11-20 05:10:26]
MemTotal:        1858332 kB
MemFree:           44988 kB
Buffers:             216 kB
Cached:           192152 kB
SwapCached:        14164 kB
Active:           987328 kB
Inactive:         361780 kB
Active(anon):     949040 kB
Inactive(anon):   307856 kB
Active(file):      38288 kB
Inactive(file):    53924 kB
Unevictable:       99496 kB
Mlocked:           94212 kB
SwapTotal:        520908 kB
SwapFree:         355432 kB
Dirty:                16 kB
Writeback:             0 kB
AnonPages:       1256220 kB
Mapped:           114208 kB
Shmem:               676 kB
Slab:              78584 kB
SReclaimable:      25236 kB
SUnreclaim:        53348 kB
KernelStack:       14752 kB
PageTables:        15840 kB
NFS_Unstable:          0 kB
Bounce:                0 kB
WritebackTmp:          0 kB
CommitLimit:     1450072 kB
Committed_AS:   22194468 kB
VmallocTotal:   251658176 kB
VmallocUsed:       94276 kB
VmallocChunk:   251482716 kB


[2024-11-20 05:10:28]
MemTotal:        1858332 kB
MemFree:           39048 kB
Buffers:             436 kB
Cached:           214972 kB
SwapCached:        11960 kB
Active:           997520 kB
Inactive:         376716 kB
Active(anon):     944644 kB
Inactive(anon):   314700 kB
Active(file):      52876 kB
Inactive(file):    62016 kB
Unevictable:       99496 kB
Mlocked:           94212 kB
SwapTotal:        520908 kB
SwapFree:         349408 kB
Dirty:                60 kB
Writeback:             4 kB
AnonPages:       1258116 kB
Mapped:           131024 kB
Shmem:               676 kB
Slab:              78552 kB
SReclaimable:      25124 kB
SUnreclaim:        53428 kB
KernelStack:       15120 kB
PageTables:        16692 kB
NFS_Unstable:          0 kB
Bounce:                0 kB
WritebackTmp:          0 kB
CommitLimit:     1450072 kB
Committed_AS:   24116272 kB
VmallocTotal:   251658176 kB
VmallocUsed:       95296 kB
VmallocChunk:   251482716 kB


[2024-11-20 05:10:31]
MemTotal:        1858332 kB
MemFree:           25164 kB
Buffers:             332 kB
Cached:           202008 kB
SwapCached:        12444 kB
Active:           994464 kB
Inactive:         368092 kB
Active(anon):     945448 kB
Inactive(anon):   315152 kB
Active(file):      49016 kB
Inactive(file):    52940 kB
Unevictable:       99496 kB
Mlocked:           94212 kB
SwapTotal:        520908 kB
SwapFree:         345396 kB
Dirty:                84 kB
Writeback:             0 kB
AnonPages:       1258808 kB
Mapped:           133368 kB
Shmem:               656 kB
Slab:              78536 kB
SReclaimable:      25140 kB
SUnreclaim:        53396 kB
KernelStack:       15200 kB
PageTables:        16832 kB
NFS_Unstable:          0 kB
Bounce:                0 kB
WritebackTmp:          0 kB
CommitLimit:     1450072 kB
Committed_AS:   24117656 kB
VmallocTotal:   251658176 kB
VmallocUsed:       95296 kB
VmallocChunk:   251482716 kB


[2024-11-20 05:10:33]
MemTotal:        1858332 kB
MemFree:           51048 kB
Buffers:             324 kB
Cached:           190116 kB
SwapCached:        12616 kB
Active:           973932 kB
Inactive:         365232 kB
Active(anon):     933320 kB
Inactive(anon):   315404 kB
Active(file):      40612 kB
Inactive(file):    49828 kB
Unevictable:       99496 kB
Mlocked:           94212 kB
SwapTotal:        520908 kB
SwapFree:         345588 kB
Dirty:               132 kB
Writeback:             0 kB
AnonPages:       1246604 kB
Mapped:           123312 kB
Shmem:               668 kB
Slab:              78520 kB
SReclaimable:      25140 kB
SUnreclaim:        53380 kB
KernelStack:       14784 kB
PageTables:        15516 kB
NFS_Unstable:          0 kB
Bounce:                0 kB
WritebackTmp:          0 kB
CommitLimit:     1450072 kB
Committed_AS:   20274692 kB
VmallocTotal:   251658176 kB
VmallocUsed:       93256 kB
VmallocChunk:   251482716 kB


[2024-11-20 05:10:35]
MemTotal:        1858332 kB
MemFree:           48512 kB
Buffers:             328 kB
Cached:           190932 kB
SwapCached:        12640 kB
Active:           975368 kB
Inactive:         365776 kB
Active(anon):     934500 kB
Inactive(anon):   315388 kB
Active(file):      40868 kB
Inactive(file):    50388 kB
Unevictable:       99496 kB
Mlocked:           94212 kB
SwapTotal:        520908 kB
SwapFree:         345604 kB
Dirty:                 0 kB
Writeback:             0 kB
AnonPages:       1248028 kB
Mapped:           124932 kB
Shmem:               672 kB
Slab:              78520 kB
SReclaimable:      25140 kB
SUnreclaim:        53380 kB
KernelStack:       14752 kB
PageTables:        15856 kB
NFS_Unstable:          0 kB
Bounce:                0 kB
WritebackTmp:          0 kB
CommitLimit:     1450072 kB
Committed_AS:   22194276 kB
VmallocTotal:   251658176 kB
VmallocUsed:       94276 kB
VmallocChunk:   251482716 kB


[2024-11-20 05:10:38]
MemTotal:        1858332 kB
MemFree:           37824 kB
Buffers:             416 kB
Cached:           198048 kB
SwapCached:        12440 kB
Active:           990688 kB
Inactive:         372984 kB
Active(anon):     949356 kB
Inactive(anon):   316288 kB
Active(file):      41332 kB
Inactive(file):    56696 kB
Unevictable:       99496 kB
Mlocked:           94212 kB
SwapTotal:        520908 kB
SwapFree:         346544 kB
Dirty:                52 kB
Writeback:             0 kB
AnonPages:       1264548 kB
Mapped:           136020 kB
Shmem:               676 kB
Slab:              78488 kB
SReclaimable:      25140 kB
SUnreclaim:        53348 kB
KernelStack:       15136 kB
PageTables:        16692 kB
NFS_Unstable:          0 kB
Bounce:                0 kB
WritebackTmp:          0 kB
CommitLimit:     1450072 kB
Committed_AS:   24121304 kB
VmallocTotal:   251658176 kB
VmallocUsed:       95296 kB
VmallocChunk:   251482716 kB


[2024-11-20 05:10:40]
MemTotal:        1858332 kB
MemFree:           54932 kB
Buffers:             360 kB
Cached:           185984 kB
SwapCached:        12620 kB
Active:           971984 kB
Inactive:         360920 kB
Active(anon):     930360 kB
Inactive(anon):   316004 kB
Active(file):      41624 kB
Inactive(file):    44916 kB
Unevictable:       99496 kB
Mlocked:           94212 kB
SwapTotal:        520908 kB
SwapFree:         346812 kB
Dirty:               136 kB
Writeback:             0 kB
AnonPages:       1244432 kB
Mapped:           125044 kB
Shmem:               676 kB
Slab:              78472 kB
SReclaimable:      25100 kB
SUnreclaim:        53372 kB
KernelStack:       14784 kB
PageTables:        15508 kB
NFS_Unstable:          0 kB
Bounce:                0 kB
WritebackTmp:          0 kB
CommitLimit:     1450072 kB
Committed_AS:   20274484 kB
VmallocTotal:   251658176 kB
VmallocUsed:       93256 kB
VmallocChunk:   251482716 kB


[2024-11-20 05:10:43]
MemTotal:        1858332 kB
MemFree:           54400 kB
Buffers:             360 kB
Cached:           186300 kB
SwapCached:        12616 kB
Active:           972332 kB
Inactive:         361116 kB
Active(anon):     930708 kB
Inactive(anon):   315996 kB
Active(file):      41624 kB
Inactive(file):    45120 kB
Unevictable:       99496 kB
Mlocked:           94212 kB
SwapTotal:        520908 kB
SwapFree:         346856 kB
Dirty:                 0 kB
Writeback:             0 kB
AnonPages:       1244896 kB
Mapped:           124728 kB
Shmem:               676 kB
Slab:              78472 kB
SReclaimable:      25100 kB
SUnreclaim:        53372 kB
KernelStack:       14752 kB
PageTables:        15488 kB
NFS_Unstable:          0 kB
Bounce:                0 kB
WritebackTmp:          0 kB
CommitLimit:     1450072 kB
Committed_AS:   20274532 kB
VmallocTotal:   251658176 kB
VmallocUsed:       93256 kB
VmallocChunk:   251482716 kB


[2024-11-20 05:10:45]
MemTotal:        1858332 kB
MemFree:           47408 kB
Buffers:             368 kB
Cached:           191552 kB
SwapCached:        13544 kB
Active:           972780 kB
Inactive:         367908 kB
Active(anon):     931156 kB
Inactive(anon):   317524 kB
Active(file):      41624 kB
Inactive(file):    50384 kB
Unevictable:       99496 kB
Mlocked:           94212 kB
SwapTotal:        520908 kB
SwapFree:         347604 kB
Dirty:                32 kB
Writeback:             0 kB
AnonPages:       1246768 kB
Mapped:           125496 kB
Shmem:               676 kB
Slab:              78472 kB
SReclaimable:      25100 kB
SUnreclaim:        53372 kB
KernelStack:       14784 kB
PageTables:        15516 kB
NFS_Unstable:          0 kB
Bounce:                0 kB
WritebackTmp:          0 kB
CommitLimit:     1450072 kB
Committed_AS:   20274412 kB
VmallocTotal:   251658176 kB
VmallocUsed:       93256 kB
VmallocChunk:   251482716 kB


[2024-11-20 05:10:48]
MemTotal:        1858332 kB
MemFree:           49040 kB
Buffers:             368 kB
Cached:           190052 kB
SwapCached:        14192 kB
Active:           972668 kB
Inactive:         367100 kB
Active(anon):     931044 kB
Inactive(anon):   318220 kB
Active(file):      41624 kB
Inactive(file):    48880 kB
Unevictable:       99496 kB
Mlocked:           94212 kB
SwapTotal:        520908 kB
SwapFree:         347864 kB
Dirty:                32 kB
Writeback:             0 kB
AnonPages:       1247284 kB
Mapped:           125484 kB
Shmem:               676 kB
Slab:              78472 kB
SReclaimable:      25100 kB
SUnreclaim:        53372 kB
KernelStack:       14752 kB
PageTables:        15488 kB
NFS_Unstable:          0 kB
Bounce:                0 kB
WritebackTmp:          0 kB
CommitLimit:     1450072 kB
Committed_AS:   20274504 kB
VmallocTotal:   251658176 kB
VmallocUsed:       93256 kB
VmallocChunk:   251482716 kB


[2024-11-20 05:10:50]
MemTotal:        1858332 kB
MemFree:           47012 kB
Buffers:             368 kB
Cached:           190152 kB
SwapCached:        15708 kB
Active:           973124 kB
Inactive:         370004 kB
Active(anon):     931496 kB
Inactive(anon):   321012 kB
Active(file):      41628 kB
Inactive(file):    48992 kB
Unevictable:       99496 kB
Mlocked:           94212 kB
SwapTotal:        520908 kB
SwapFree:         349384 kB
Dirty:                 0 kB
Writeback:             0 kB
AnonPages:       1250584 kB
Mapped:           125484 kB
Shmem:               676 kB
Slab:              78472 kB
SReclaimable:      25100 kB
SUnreclaim:        53372 kB
KernelStack:       14784 kB
PageTables:        15508 kB
NFS_Unstable:          0 kB
Bounce:                0 kB
WritebackTmp:          0 kB
CommitLimit:     1450072 kB
Committed_AS:   20274312 kB
VmallocTotal:   251658176 kB
VmallocUsed:       93256 kB
VmallocChunk:   251482716 kB


[2024-11-20 05:10:53]
MemTotal:        1858332 kB
MemFree:           47028 kB
Buffers:             368 kB
Cached:           190168 kB
SwapCached:        15716 kB
Active:           973364 kB
Inactive:         370068 kB
Active(anon):     931736 kB
Inactive(anon):   321076 kB
Active(file):      41628 kB
Inactive(file):    48992 kB
Unevictable:       99496 kB
Mlocked:           94212 kB
SwapTotal:        520908 kB
SwapFree:         349388 kB
Dirty:                 0 kB
Writeback:             0 kB
AnonPages:       1250904 kB
Mapped:           125556 kB
Shmem:               676 kB
Slab:              78472 kB
SReclaimable:      25100 kB
SUnreclaim:        53372 kB
KernelStack:       14752 kB
PageTables:        15488 kB
NFS_Unstable:          0 kB
Bounce:                0 kB
WritebackTmp:          0 kB
CommitLimit:     1450072 kB
Committed_AS:   20274300 kB
VmallocTotal:   251658176 kB
VmallocUsed:       93256 kB
VmallocChunk:   251482716 kB


[2024-11-20 05:10:56]
MemTotal:        1858332 kB
MemFree:           46340 kB
Buffers:             344 kB
Cached:           193044 kB
SwapCached:        16700 kB
Active:           975972 kB
Inactive:         374944 kB
Active(anon):     934224 kB
Inactive(anon):   323212 kB
Active(file):      41748 kB
Inactive(file):    51732 kB
Unevictable:       99496 kB
Mlocked:           94212 kB
SwapTotal:        520908 kB
SwapFree:         350768 kB
Dirty:                 0 kB
Writeback:             0 kB
AnonPages:       1255648 kB
Mapped:           128660 kB
Shmem:               676 kB
Slab:              78352 kB
SReclaimable:      25100 kB
SUnreclaim:        53252 kB
KernelStack:       14816 kB
PageTables:        16108 kB
NFS_Unstable:          0 kB
Bounce:                0 kB
WritebackTmp:          0 kB
CommitLimit:     1450072 kB
Committed_AS:   22195436 kB
VmallocTotal:   251658176 kB
VmallocUsed:       94276 kB
VmallocChunk:   251482716 kB


[2024-11-20 05:10:58]
MemTotal:        1858332 kB
MemFree:           43904 kB
Buffers:             352 kB
Cached:           191740 kB
SwapCached:        16700 kB
Active:           982224 kB
Inactive:         373336 kB
Active(anon):     940448 kB
Inactive(anon):   323404 kB
Active(file):      41776 kB
Inactive(file):    49932 kB
Unevictable:       99496 kB
Mlocked:           94212 kB
SwapTotal:        520908 kB
SwapFree:         351164 kB
Dirty:                28 kB
Writeback:             0 kB
AnonPages:       1262168 kB
Mapped:           133168 kB
Shmem:               676 kB
Slab:              78352 kB
SReclaimable:      25100 kB
SUnreclaim:        53252 kB
KernelStack:       15152 kB
PageTables:        16720 kB
NFS_Unstable:          0 kB
Bounce:                0 kB
WritebackTmp:          0 kB
CommitLimit:     1450072 kB
Committed_AS:   24116504 kB
VmallocTotal:   251658176 kB
VmallocUsed:       95296 kB
VmallocChunk:   251482716 kB


[2024-11-20 05:11:01]
MemTotal:        1858332 kB
MemFree:           50500 kB
Buffers:             352 kB
Cached:           195368 kB
SwapCached:        16756 kB
Active:           974828 kB
Inactive:         377428 kB
Active(anon):     932852 kB
Inactive(anon):   323620 kB
Active(file):      41976 kB
Inactive(file):    53808 kB
Unevictable:       99496 kB
Mlocked:           94212 kB
SwapTotal:        520908 kB
SwapFree:         351384 kB
Dirty:                60 kB
Writeback:             0 kB
AnonPages:       1254652 kB
Mapped:           127264 kB
Shmem:               676 kB
Slab:              78348 kB
SReclaimable:      25100 kB
SUnreclaim:        53248 kB
KernelStack:       14752 kB
PageTables:        15488 kB
NFS_Unstable:          0 kB
Bounce:                0 kB
WritebackTmp:          0 kB
CommitLimit:     1450072 kB
Committed_AS:   20274576 kB
VmallocTotal:   251658176 kB
VmallocUsed:       93244 kB
VmallocChunk:   251482716 kB


[2024-11-20 05:11:03]
MemTotal:        1858332 kB
MemFree:           50656 kB
Buffers:             360 kB
Cached:           195448 kB
SwapCached:        16756 kB
Active:           975364 kB
Inactive:         377528 kB
Active(anon):     933388 kB
Inactive(anon):   323620 kB
Active(file):      41976 kB
Inactive(file):    53908 kB
Unevictable:       99496 kB
Mlocked:           94212 kB
SwapTotal:        520908 kB
SwapFree:         351384 kB
Dirty:                44 kB
Writeback:             0 kB
AnonPages:       1255128 kB
Mapped:           127268 kB
Shmem:               676 kB
Slab:              78348 kB
SReclaimable:      25100 kB
SUnreclaim:        53248 kB
KernelStack:       14752 kB
PageTables:        15488 kB
NFS_Unstable:          0 kB
Bounce:                0 kB
WritebackTmp:          0 kB
CommitLimit:     1450072 kB
Committed_AS:   20274432 kB
VmallocTotal:   251658176 kB
VmallocUsed:       93244 kB
VmallocChunk:   251482716 kB


[2024-11-20 05:11:06]
MemTotal:        1858332 kB
MemFree:           47196 kB
Buffers:             360 kB
Cached:           198940 kB
SwapCached:        16788 kB
Active:           975864 kB
Inactive:         380068 kB
Active(anon):     933888 kB
Inactive(anon):   322748 kB
Active(file):      41976 kB
Inactive(file):    57320 kB
Unevictable:       99496 kB
Mlocked:           94212 kB
SwapTotal:        520908 kB
SwapFree:         351388 kB
Dirty:                44 kB
Writeback:             0 kB
AnonPages:       1254720 kB
Mapped:           127664 kB
Shmem:               676 kB
Slab:              78348 kB
SReclaimable:      25100 kB
SUnreclaim:        53248 kB
KernelStack:       14752 kB
PageTables:        15488 kB
NFS_Unstable:          0 kB
Bounce:                0 kB
WritebackTmp:          0 kB
CommitLimit:     1450072 kB
Committed_AS:   20274468 kB
VmallocTotal:   251658176 kB
VmallocUsed:       93244 kB
VmallocChunk:   251482716 kB


[2024-11-20 05:11:08]
MemTotal:        1858332 kB
MemFree:           47020 kB
Buffers:             360 kB
Cached:           199212 kB
SwapCached:        16788 kB
Active:           976196 kB
Inactive:         380392 kB
Active(anon):     934220 kB
Inactive(anon):   322712 kB
Active(file):      41976 kB
Inactive(file):    57680 kB
Unevictable:       99496 kB
Mlocked:           94212 kB
SwapTotal:        520908 kB
SwapFree:         351392 kB
Dirty:                 0 kB
Writeback:             0 kB
AnonPages:       1254900 kB
Mapped:           127452 kB
Shmem:               676 kB
Slab:              78348 kB
SReclaimable:      25100 kB
SUnreclaim:        53248 kB
KernelStack:       14784 kB
PageTables:        15504 kB
NFS_Unstable:          0 kB
Bounce:                0 kB
WritebackTmp:          0 kB
CommitLimit:     1450072 kB
Committed_AS:   20274628 kB
VmallocTotal:   251658176 kB
VmallocUsed:       93244 kB
VmallocChunk:   251482716 kB


[2024-11-20 05:11:11]
MemTotal:        1858332 kB
MemFree:           46780 kB
Buffers:             360 kB
Cached:           199212 kB
SwapCached:        16788 kB
Active:           976332 kB
Inactive:         380376 kB
Active(anon):     934356 kB
Inactive(anon):   322696 kB
Active(file):      41976 kB
Inactive(file):    57680 kB
Unevictable:       99496 kB
Mlocked:           94212 kB
SwapTotal:        520908 kB
SwapFree:         351392 kB
Dirty:                 0 kB
Writeback:             0 kB
AnonPages:       1254924 kB
Mapped:           127500 kB
Shmem:               676 kB
Slab:              78348 kB
SReclaimable:      25100 kB
SUnreclaim:        53248 kB
KernelStack:       14752 kB
PageTables:        15492 kB
NFS_Unstable:          0 kB
Bounce:                0 kB
WritebackTmp:          0 kB
CommitLimit:     1450072 kB
Committed_AS:   20274524 kB
VmallocTotal:   251658176 kB
VmallocUsed:       93244 kB
VmallocChunk:   251482716 kB


[2024-11-20 05:11:14]
MemTotal:        1858332 kB
MemFree:           46832 kB
Buffers:             360 kB
Cached:           199212 kB
SwapCached:        16788 kB
Active:           976280 kB
Inactive:         380364 kB
Active(anon):     934304 kB
Inactive(anon):   322684 kB
Active(file):      41976 kB
Inactive(file):    57680 kB
Unevictable:       99496 kB
Mlocked:           94212 kB
SwapTotal:        520908 kB
SwapFree:         351392 kB
Dirty:                 0 kB
Writeback:             0 kB
AnonPages:       1254984 kB
Mapped:           127688 kB
Shmem:               676 kB
Slab:              78348 kB
SReclaimable:      25100 kB
SUnreclaim:        53248 kB
KernelStack:       14752 kB
PageTables:        15488 kB
NFS_Unstable:          0 kB
Bounce:                0 kB
WritebackTmp:          0 kB
CommitLimit:     1450072 kB
Committed_AS:   20274304 kB
VmallocTotal:   251658176 kB
VmallocUsed:       93244 kB
VmallocChunk:   251482716 kB


[2024-11-20 05:11:16]
MemTotal:        1858332 kB
MemFree:           46648 kB
Buffers:             360 kB
Cached:           199212 kB
SwapCached:        16788 kB
Active:           976392 kB
Inactive:         380364 kB
Active(anon):     934416 kB
Inactive(anon):   322684 kB
Active(file):      41976 kB
Inactive(file):    57680 kB
Unevictable:       99496 kB
Mlocked:           94212 kB
SwapTotal:        520908 kB
SwapFree:         351392 kB
Dirty:                 0 kB
Writeback:             0 kB
AnonPages:       1255156 kB
Mapped:           127664 kB
Shmem:               676 kB
Slab:              78348 kB
SReclaimable:      25100 kB
SUnreclaim:        53248 kB
KernelStack:       14784 kB
PageTables:        15528 kB
NFS_Unstable:          0 kB
Bounce:                0 kB
WritebackTmp:          0 kB
CommitLimit:     1450072 kB
Committed_AS:   20274392 kB
VmallocTotal:   251658176 kB
VmallocUsed:       93244 kB
VmallocChunk:   251482716 kB


[2024-11-20 05:11:19]
MemTotal:        1858332 kB
MemFree:           46408 kB
Buffers:             360 kB
Cached:           199212 kB
SwapCached:        16788 kB
Active:           976728 kB
Inactive:         380332 kB
Active(anon):     934752 kB
Inactive(anon):   322652 kB
Active(file):      41976 kB
Inactive(file):    57680 kB
Unevictable:       99496 kB
Mlocked:           94212 kB
SwapTotal:        520908 kB
SwapFree:         351392 kB
Dirty:                 0 kB
Writeback:             0 kB
AnonPages:       1255524 kB
Mapped:           127504 kB
Shmem:               676 kB
Slab:              78348 kB
SReclaimable:      25100 kB
SUnreclaim:        53248 kB
KernelStack:       14752 kB
PageTables:        15488 kB
NFS_Unstable:          0 kB
Bounce:                0 kB
WritebackTmp:          0 kB
CommitLimit:     1450072 kB
Committed_AS:   20274520 kB
VmallocTotal:   251658176 kB
VmallocUsed:       93244 kB
VmallocChunk:   251482716 kB


[2024-11-20 05:11:21]
MemTotal:        1858332 kB
MemFree:           45860 kB
Buffers:             360 kB
Cached:           199656 kB
SwapCached:        16788 kB
Active:           977056 kB
Inactive:         380752 kB
Active(anon):     935080 kB
Inactive(anon):   322628 kB
Active(file):      41976 kB
Inactive(file):    58124 kB
Unevictable:       99496 kB
Mlocked:           94212 kB
SwapTotal:        520908 kB
SwapFree:         351392 kB
Dirty:                 0 kB
Writeback:             0 kB
AnonPages:       1255716 kB
Mapped:           127572 kB
Shmem:               676 kB
Slab:              78348 kB
SReclaimable:      25100 kB
SUnreclaim:        53248 kB
KernelStack:       14784 kB
PageTables:        15520 kB
NFS_Unstable:          0 kB
Bounce:                0 kB
WritebackTmp:          0 kB
CommitLimit:     1450072 kB
Committed_AS:   20274468 kB
VmallocTotal:   251658176 kB
VmallocUsed:       93244 kB
VmallocChunk:   251482716 kB


[2024-11-20 05:11:24]
MemTotal:        1858332 kB
MemFree:           47188 kB
Buffers:             352 kB
Cached:           197924 kB
SwapCached:        16788 kB
Active:           977096 kB
Inactive:         378948 kB
Active(anon):     935120 kB
Inactive(anon):   322564 kB
Active(file):      41976 kB
Inactive(file):    56384 kB
Unevictable:       99496 kB
Mlocked:           94212 kB
SwapTotal:        520908 kB
SwapFree:         351392 kB
Dirty:                 0 kB
Writeback:             0 kB
AnonPages:       1255860 kB
Mapped:           127704 kB
Shmem:               676 kB
Slab:              78348 kB
SReclaimable:      25100 kB
SUnreclaim:        53248 kB
KernelStack:       14752 kB
PageTables:        15488 kB
NFS_Unstable:          0 kB
Bounce:                0 kB
WritebackTmp:          0 kB
CommitLimit:     1450072 kB
Committed_AS:   20274564 kB
VmallocTotal:   251658176 kB
VmallocUsed:       93244 kB
VmallocChunk:   251482716 kB


[2024-11-20 05:11:26]
MemTotal:        1858332 kB
MemFree:           47352 kB
Buffers:             352 kB
Cached:           197948 kB
SwapCached:        16792 kB
Active:           977212 kB
Inactive:         378976 kB
Active(anon):     935236 kB
Inactive(anon):   322568 kB
Active(file):      41976 kB
Inactive(file):    56408 kB
Unevictable:       99496 kB
Mlocked:           94212 kB
SwapTotal:        520908 kB
SwapFree:         351392 kB
Dirty:                 0 kB
Writeback:             0 kB
AnonPages:       1256096 kB
Mapped:           127508 kB
Shmem:               676 kB
Slab:              78348 kB
SReclaimable:      25100 kB
SUnreclaim:        53248 kB
KernelStack:       14784 kB
PageTables:        15520 kB
NFS_Unstable:          0 kB
Bounce:                0 kB
WritebackTmp:          0 kB
CommitLimit:     1450072 kB
Committed_AS:   20274688 kB
VmallocTotal:   251658176 kB
VmallocUsed:       93244 kB
VmallocChunk:   251482716 kB


[2024-11-20 05:11:29]
MemTotal:        1858332 kB
MemFree:           47400 kB
Buffers:             352 kB
Cached:           197948 kB
SwapCached:        16792 kB
Active:           977448 kB
Inactive:         378976 kB
Active(anon):     935472 kB
Inactive(anon):   322568 kB
Active(file):      41976 kB
Inactive(file):    56408 kB
Unevictable:       99496 kB
Mlocked:           94212 kB
SwapTotal:        520908 kB
SwapFree:         351420 kB
Dirty:                 0 kB
Writeback:             0 kB
AnonPages:       1256208 kB
Mapped:           127356 kB
Shmem:               676 kB
Slab:              78348 kB
SReclaimable:      25100 kB
SUnreclaim:        53248 kB
KernelStack:       14752 kB
PageTables:        15488 kB
NFS_Unstable:          0 kB
Bounce:                0 kB
WritebackTmp:          0 kB
CommitLimit:     1450072 kB
Committed_AS:   20274528 kB
VmallocTotal:   251658176 kB
VmallocUsed:       93244 kB
VmallocChunk:   251482716 kB


[2024-11-20 05:11:31]
MemTotal:        1858332 kB
MemFree:           47076 kB
Buffers:             352 kB
Cached:           198000 kB
SwapCached:        16792 kB
Active:           977584 kB
Inactive:         378980 kB
Active(anon):     935608 kB
Inactive(anon):   322572 kB
Active(file):      41976 kB
Inactive(file):    56408 kB
Unevictable:       99496 kB
Mlocked:           94212 kB
SwapTotal:        520908 kB
SwapFree:         351516 kB
Dirty:                 0 kB
Writeback:             0 kB
AnonPages:       1255924 kB
Mapped:           127652 kB
Shmem:               676 kB
Slab:              78348 kB
SReclaimable:      25100 kB
SUnreclaim:        53248 kB
KernelStack:       14784 kB
PageTables:        15516 kB
NFS_Unstable:          0 kB
Bounce:                0 kB
WritebackTmp:          0 kB
CommitLimit:     1450072 kB
Committed_AS:   20274504 kB
VmallocTotal:   251658176 kB
VmallocUsed:       93244 kB
VmallocChunk:   251482716 kB


[2024-11-20 05:11:34]
MemTotal:        1858332 kB
MemFree:           47112 kB
Buffers:             352 kB
Cached:           198000 kB
SwapCached:        16792 kB
Active:           977828 kB
Inactive:         379012 kB
Active(anon):     935852 kB
Inactive(anon):   322552 kB
Active(file):      41976 kB
Inactive(file):    56460 kB
Unevictable:       99496 kB
Mlocked:           94212 kB
SwapTotal:        520908 kB
SwapFree:         351516 kB
Dirty:                 0 kB
Writeback:             0 kB
AnonPages:       1256504 kB
Mapped:           127732 kB
Shmem:               676 kB
Slab:              78348 kB
SReclaimable:      25100 kB
SUnreclaim:        53248 kB
KernelStack:       14752 kB
PageTables:        15488 kB
NFS_Unstable:          0 kB
Bounce:                0 kB
WritebackTmp:          0 kB
CommitLimit:     1450072 kB
Committed_AS:   20274416 kB
VmallocTotal:   251658176 kB
VmallocUsed:       93244 kB
VmallocChunk:   251482716 kB


[2024-11-20 05:11:36]
MemTotal:        1858332 kB
MemFree:           46844 kB
Buffers:             352 kB
Cached:           198000 kB
SwapCached:        16792 kB
Active:           977984 kB
Inactive:         379012 kB
Active(anon):     936008 kB
Inactive(anon):   322552 kB
Active(file):      41976 kB
Inactive(file):    56460 kB
Unevictable:       99496 kB
Mlocked:           94212 kB
SwapTotal:        520908 kB
SwapFree:         351516 kB
Dirty:                 0 kB
Writeback:             0 kB
AnonPages:       1256788 kB
Mapped:           127556 kB
Shmem:               676 kB
Slab:              78348 kB
SReclaimable:      25100 kB
SUnreclaim:        53248 kB
KernelStack:       14784 kB
PageTables:        15512 kB
NFS_Unstable:          0 kB
Bounce:                0 kB
WritebackTmp:          0 kB
CommitLimit:     1450072 kB
Committed_AS:   20274552 kB
VmallocTotal:   251658176 kB
VmallocUsed:       93244 kB
VmallocChunk:   251482716 kB


[2024-11-20 05:11:39]
MemTotal:        1858332 kB
MemFree:           46496 kB
Buffers:             352 kB
Cached:           198000 kB
SwapCached:        16788 kB
Active:           978268 kB
Inactive:         379028 kB
Active(anon):     936292 kB
Inactive(anon):   322568 kB
Active(file):      41976 kB
Inactive(file):    56460 kB
Unevictable:       99496 kB
Mlocked:           94212 kB
SwapTotal:        520908 kB
SwapFree:         351536 kB
Dirty:                 0 kB
Writeback:             0 kB
AnonPages:       1257012 kB
Mapped:           127736 kB
Shmem:               676 kB
Slab:              78348 kB
SReclaimable:      25100 kB
SUnreclaim:        53248 kB
KernelStack:       14752 kB
PageTables:        15488 kB
NFS_Unstable:          0 kB
Bounce:                0 kB
WritebackTmp:          0 kB
CommitLimit:     1450072 kB
Committed_AS:   20274420 kB
VmallocTotal:   251658176 kB
VmallocUsed:       93244 kB
VmallocChunk:   251482716 kB


[2024-11-20 05:11:41]
MemTotal:        1858332 kB
MemFree:           50492 kB
Buffers:             348 kB
Cached:           196284 kB
SwapCached:        16788 kB
Active:           978672 kB
Inactive:         377168 kB
Active(anon):     936648 kB
Inactive(anon):   322476 kB
Active(file):      42024 kB
Inactive(file):    54692 kB
Unevictable:       99496 kB
Mlocked:           94212 kB
SwapTotal:        520908 kB
SwapFree:         351536 kB
Dirty:                 0 kB
Writeback:             0 kB
AnonPages:       1257152 kB
Mapped:           127992 kB
Shmem:               676 kB
Slab:              78348 kB
SReclaimable:      25100 kB
SUnreclaim:        53248 kB
KernelStack:       14784 kB
PageTables:        15524 kB
NFS_Unstable:          0 kB
Bounce:                0 kB
WritebackTmp:          0 kB
CommitLimit:     1450072 kB
Committed_AS:   20274396 kB
VmallocTotal:   251658176 kB
VmallocUsed:       93244 kB
VmallocChunk:   251482716 kB


[2024-11-20 05:11:44]
MemTotal:        1858332 kB
MemFree:           50592 kB
Buffers:             348 kB
Cached:           196284 kB
SwapCached:        16788 kB
Active:           978732 kB
Inactive:         377164 kB
Active(anon):     936708 kB
Inactive(anon):   322472 kB
Active(file):      42024 kB
Inactive(file):    54692 kB
Unevictable:       99496 kB
Mlocked:           94212 kB
SwapTotal:        520908 kB
SwapFree:         351536 kB
Dirty:                 0 kB
Writeback:             0 kB
AnonPages:       1257120 kB
Mapped:           127908 kB
Shmem:               676 kB
Slab:              78348 kB
SReclaimable:      25100 kB
SUnreclaim:        53248 kB
KernelStack:       14752 kB
PageTables:        15488 kB
NFS_Unstable:          0 kB
Bounce:                0 kB
WritebackTmp:          0 kB
CommitLimit:     1450072 kB
Committed_AS:   20274532 kB
VmallocTotal:   251658176 kB
VmallocUsed:       93244 kB
VmallocChunk:   251482716 kB


[2024-11-20 05:11:46]
MemTotal:        1858332 kB
MemFree:           50268 kB
Buffers:             348 kB
Cached:           196400 kB
SwapCached:        16788 kB
Active:           978820 kB
Inactive:         377280 kB
Active(anon):     936796 kB
Inactive(anon):   322472 kB
Active(file):      42024 kB
Inactive(file):    54808 kB
Unevictable:       99496 kB
Mlocked:           94212 kB
SwapTotal:        520908 kB
SwapFree:         351536 kB
Dirty:                 0 kB
Writeback:             0 kB
AnonPages:       1257244 kB
Mapped:           127904 kB
Shmem:               676 kB
Slab:              78348 kB
SReclaimable:      25100 kB
SUnreclaim:        53248 kB
KernelStack:       14784 kB
PageTables:        15516 kB
NFS_Unstable:          0 kB
Bounce:                0 kB
WritebackTmp:          0 kB
CommitLimit:     1450072 kB
Committed_AS:   20274480 kB
VmallocTotal:   251658176 kB
VmallocUsed:       93244 kB
VmallocChunk:   251482716 kB


[2024-11-20 05:11:49]
MemTotal:        1858332 kB
MemFree:           50128 kB
Buffers:             348 kB
Cached:           196400 kB
SwapCached:        16788 kB
Active:           978960 kB
Inactive:         377280 kB
Active(anon):     936936 kB
Inactive(anon):   322472 kB
Active(file):      42024 kB
Inactive(file):    54808 kB
Unevictable:       99496 kB
Mlocked:           94212 kB
SwapTotal:        520908 kB
SwapFree:         351536 kB
Dirty:                 0 kB
Writeback:             0 kB
AnonPages:       1257552 kB
Mapped:           128096 kB
Shmem:               676 kB
Slab:              78348 kB
SReclaimable:      25100 kB
SUnreclaim:        53248 kB
KernelStack:       14752 kB
PageTables:        15488 kB
NFS_Unstable:          0 kB
Bounce:                0 kB
WritebackTmp:          0 kB
CommitLimit:     1450072 kB
Committed_AS:   20274436 kB
VmallocTotal:   251658176 kB
VmallocUsed:       93244 kB
VmallocChunk:   251482716 kB


[2024-11-20 05:11:51]
MemTotal:        1858332 kB
MemFree:           46432 kB
Buffers:             388 kB
Cached:           197900 kB
SwapCached:        16744 kB
Active:           981652 kB
Inactive:         378672 kB
Active(anon):     939560 kB
Inactive(anon):   322412 kB
Active(file):      42092 kB
Inactive(file):    56260 kB
Unevictable:       99496 kB
Mlocked:           94212 kB
SwapTotal:        520908 kB
SwapFree:         354056 kB
Dirty:                 0 kB
Writeback:             0 kB
AnonPages:       1259948 kB
Mapped:           128632 kB
Shmem:               684 kB
Slab:              78344 kB
SReclaimable:      25100 kB
SUnreclaim:        53244 kB
KernelStack:       14784 kB
PageTables:        15504 kB
NFS_Unstable:          0 kB
Bounce:                0 kB
WritebackTmp:          0 kB
CommitLimit:     1450072 kB
Committed_AS:   20274432 kB
VmallocTotal:   251658176 kB
VmallocUsed:       93244 kB
VmallocChunk:   251482716 kB


[2024-11-20 05:11:54]
MemTotal:        1858332 kB
MemFree:           46184 kB
Buffers:             388 kB
Cached:           197900 kB
SwapCached:        16744 kB
Active:           982008 kB
Inactive:         378680 kB
Active(anon):     939916 kB
Inactive(anon):   322408 kB
Active(file):      42092 kB
Inactive(file):    56272 kB
Unevictable:       99496 kB
Mlocked:           94212 kB
SwapTotal:        520908 kB
SwapFree:         354060 kB
Dirty:                 0 kB
Writeback:             0 kB
AnonPages:       1260352 kB
Mapped:           128576 kB
Shmem:               684 kB
Slab:              78344 kB
SReclaimable:      25100 kB
SUnreclaim:        53244 kB
KernelStack:       14784 kB
PageTables:        15516 kB
NFS_Unstable:          0 kB
Bounce:                0 kB
WritebackTmp:          0 kB
CommitLimit:     1450072 kB
Committed_AS:   20274536 kB
VmallocTotal:   251658176 kB
VmallocUsed:       93244 kB
VmallocChunk:   251482716 kB


[2024-11-20 05:11:56]
MemTotal:        1858332 kB
MemFree:           45824 kB
Buffers:             388 kB
Cached:           197900 kB
SwapCached:        16744 kB
Active:           982004 kB
Inactive:         378688 kB
Active(anon):     939912 kB
Inactive(anon):   322416 kB
Active(file):      42092 kB
Inactive(file):    56272 kB
Unevictable:       99496 kB
Mlocked:           94212 kB
SwapTotal:        520908 kB
SwapFree:         354064 kB
Dirty:                 0 kB
Writeback:             0 kB
AnonPages:       1260376 kB
Mapped:           128644 kB
Shmem:               684 kB
Slab:              78344 kB
SReclaimable:      25100 kB
SUnreclaim:        53244 kB
KernelStack:       14752 kB
PageTables:        15488 kB
NFS_Unstable:          0 kB
Bounce:                0 kB
WritebackTmp:          0 kB
CommitLimit:     1450072 kB
Committed_AS:   20274528 kB
VmallocTotal:   251658176 kB
VmallocUsed:       93244 kB
VmallocChunk:   251482716 kB


[2024-11-20 05:11:59]
MemTotal:        1858332 kB
MemFree:           45448 kB
Buffers:             388 kB
Cached:           197900 kB
SwapCached:        16744 kB
Active:           982348 kB
Inactive:         378688 kB
Active(anon):     940256 kB
Inactive(anon):   322416 kB
Active(file):      42092 kB
Inactive(file):    56272 kB
Unevictable:       99496 kB
Mlocked:           94212 kB
SwapTotal:        520908 kB
SwapFree:         354064 kB
Dirty:                 0 kB
Writeback:             0 kB
AnonPages:       1260836 kB
Mapped:           128588 kB
Shmem:               684 kB
Slab:              78344 kB
SReclaimable:      25100 kB
SUnreclaim:        53244 kB
KernelStack:       14784 kB
PageTables:        15540 kB
NFS_Unstable:          0 kB
Bounce:                0 kB
WritebackTmp:          0 kB
CommitLimit:     1450072 kB
Committed_AS:   20274480 kB
VmallocTotal:   251658176 kB
VmallocUsed:       93244 kB
VmallocChunk:   251482716 kB


[2024-11-20 05:12:01]
MemTotal:        1858332 kB
MemFree:           45136 kB
Buffers:             388 kB
Cached:           197900 kB
SwapCached:        16744 kB
Active:           982320 kB
Inactive:         378688 kB
Active(anon):     940228 kB
Inactive(anon):   322416 kB
Active(file):      42092 kB
Inactive(file):    56272 kB
Unevictable:       99496 kB
Mlocked:           94212 kB
SwapTotal:        520908 kB
SwapFree:         354092 kB
Dirty:                 0 kB
Writeback:             0 kB
AnonPages:       1260712 kB
Mapped:           128648 kB
Shmem:               684 kB
Slab:              78344 kB
SReclaimable:      25100 kB
SUnreclaim:        53244 kB
KernelStack:       14752 kB
PageTables:        15488 kB
NFS_Unstable:          0 kB
Bounce:                0 kB
WritebackTmp:          0 kB
CommitLimit:     1450072 kB
Committed_AS:   20274664 kB
VmallocTotal:   251658176 kB
VmallocUsed:       93244 kB
VmallocChunk:   251482716 kB


[2024-11-20 05:12:04]
MemTotal:        1858332 kB
MemFree:           42892 kB
Buffers:             396 kB
Cached:           196476 kB
SwapCached:        16744 kB
Active:           986216 kB
Inactive:         377020 kB
Active(anon):     943944 kB
Inactive(anon):   322372 kB
Active(file):      42272 kB
Inactive(file):    54648 kB
Unevictable:       99496 kB
Mlocked:           94212 kB
SwapTotal:        520908 kB
SwapFree:         354192 kB
Dirty:                28 kB
Writeback:             0 kB
AnonPages:       1264712 kB
Mapped:           132332 kB
Shmem:               684 kB
Slab:              78344 kB
SReclaimable:      25100 kB
SUnreclaim:        53244 kB
KernelStack:       14960 kB
PageTables:        16140 kB
NFS_Unstable:          0 kB
Bounce:                0 kB
WritebackTmp:          0 kB
CommitLimit:     1450072 kB
Committed_AS:   22195908 kB
VmallocTotal:   251658176 kB
VmallocUsed:       94264 kB
VmallocChunk:   251482716 kB


[2024-11-20 05:12:07]
MemTotal:        1858332 kB
MemFree:           39444 kB
Buffers:             360 kB
Cached:           192920 kB
SwapCached:        16744 kB
Active:           996308 kB
Inactive:         371240 kB
Active(anon):     952452 kB
Inactive(anon):   321736 kB
Active(file):      43856 kB
Inactive(file):    49504 kB
Unevictable:       99496 kB
Mlocked:           94212 kB
SwapTotal:        520908 kB
SwapFree:         354248 kB
Dirty:                28 kB
Writeback:             0 kB
AnonPages:       1272484 kB
Mapped:           136952 kB
Shmem:               684 kB
Slab:              78352 kB
SReclaimable:      25100 kB
SUnreclaim:        53252 kB
KernelStack:       15120 kB
PageTables:        16716 kB
NFS_Unstable:          0 kB
Bounce:                0 kB
WritebackTmp:          0 kB
CommitLimit:     1450072 kB
Committed_AS:   24116464 kB
VmallocTotal:   251658176 kB
VmallocUsed:       95284 kB
VmallocChunk:   251482716 kB


[2024-11-20 05:12:09]
MemTotal:        1858332 kB
MemFree:           38392 kB
Buffers:             368 kB
Cached:           198004 kB
SwapCached:        16624 kB
Active:           998516 kB
Inactive:         373004 kB
Active(anon):     953952 kB
Inactive(anon):   319188 kB
Active(file):      44564 kB
Inactive(file):    53816 kB
Unevictable:       99496 kB
Mlocked:           94212 kB
SwapTotal:        520908 kB
SwapFree:         354116 kB
Dirty:                 8 kB
Writeback:             0 kB
AnonPages:       1271448 kB
Mapped:           139680 kB
Shmem:               684 kB
Slab:              78360 kB
SReclaimable:      25100 kB
SUnreclaim:        53260 kB
KernelStack:       15248 kB
PageTables:        16844 kB
NFS_Unstable:          0 kB
Bounce:                0 kB
WritebackTmp:          0 kB
CommitLimit:     1450072 kB
Committed_AS:   24117652 kB
VmallocTotal:   251658176 kB
VmallocUsed:       95284 kB
VmallocChunk:   251482716 kB


[2024-11-20 05:12:12]
MemTotal:        1858332 kB
MemFree:           19904 kB
Buffers:             412 kB
Cached:           203112 kB
SwapCached:        16572 kB
Active:           996252 kB
Inactive:         373292 kB
Active(anon):     949888 kB
Inactive(anon):   316648 kB
Active(file):      46364 kB
Inactive(file):    56644 kB
Unevictable:       99496 kB
Mlocked:           94212 kB
SwapTotal:        520908 kB
SwapFree:         353880 kB
Dirty:                44 kB
Writeback:             0 kB
AnonPages:       1264780 kB
Mapped:           137656 kB
Shmem:               688 kB
Slab:              78304 kB
SReclaimable:      25100 kB
SUnreclaim:        53204 kB
KernelStack:       15104 kB
PageTables:        16256 kB
NFS_Unstable:          0 kB
Bounce:                0 kB
WritebackTmp:          0 kB
CommitLimit:     1450072 kB
Committed_AS:   22197128 kB
VmallocTotal:   251658176 kB
VmallocUsed:       94400 kB
VmallocChunk:   251482716 kB


[2024-11-20 05:12:15]
MemTotal:        1858332 kB
MemFree:           50752 kB
Buffers:             344 kB
Cached:           182828 kB
SwapCached:        16904 kB
Active:           982844 kB
Inactive:         357480 kB
Active(anon):     940316 kB
Inactive(anon):   316980 kB
Active(file):      42528 kB
Inactive(file):    40500 kB
Unevictable:       99496 kB
Mlocked:           94212 kB
SwapTotal:        520908 kB
SwapFree:         354084 kB
Dirty:                 4 kB
Writeback:             0 kB
AnonPages:       1255244 kB
Mapped:           128668 kB
Shmem:               688 kB
Slab:              78288 kB
SReclaimable:      25084 kB
SUnreclaim:        53204 kB
KernelStack:       14768 kB
PageTables:        15476 kB
NFS_Unstable:          0 kB
Bounce:                0 kB
WritebackTmp:          0 kB
CommitLimit:     1450072 kB
Committed_AS:   20282684 kB
VmallocTotal:   251658176 kB
VmallocUsed:      101608 kB
VmallocChunk:   251482716 kB


[2024-11-20 05:12:17]
MemTotal:        1858332 kB
MemFree:           51004 kB
Buffers:             352 kB
Cached:           182968 kB
SwapCached:        16904 kB
Active:           982968 kB
Inactive:         357672 kB
Active(anon):     940352 kB
Inactive(anon):   316896 kB
Active(file):      42616 kB
Inactive(file):    40776 kB
Unevictable:       99496 kB
Mlocked:           94212 kB
SwapTotal:        520908 kB
SwapFree:         354084 kB
Dirty:                24 kB
Writeback:             0 kB
AnonPages:       1255308 kB
Mapped:           128640 kB
Shmem:               688 kB
Slab:              78288 kB
SReclaimable:      25084 kB
SUnreclaim:        53204 kB
KernelStack:       14800 kB
PageTables:        15520 kB
NFS_Unstable:          0 kB
Bounce:                0 kB
WritebackTmp:          0 kB
CommitLimit:     1450072 kB
Committed_AS:   20282600 kB
VmallocTotal:   251658176 kB
VmallocUsed:       93244 kB
VmallocChunk:   251482716 kB


[2024-11-20 05:12:20]
MemTotal:        1858332 kB
MemFree:           45068 kB
Buffers:             352 kB
Cached:           188684 kB
SwapCached:        16904 kB
Active:           983636 kB
Inactive:         363344 kB
Active(anon):     941020 kB
Inactive(anon):   316900 kB
Active(file):      42616 kB
Inactive(file):    46444 kB
Unevictable:       99496 kB
Mlocked:           94212 kB
SwapTotal:        520908 kB
SwapFree:         354088 kB
Dirty:                 0 kB
Writeback:             0 kB
AnonPages:       1255732 kB
Mapped:           128732 kB
Shmem:               688 kB
Slab:              78320 kB
SReclaimable:      25084 kB
SUnreclaim:        53236 kB
KernelStack:       14784 kB
PageTables:        15484 kB
NFS_Unstable:          0 kB
Bounce:                0 kB
WritebackTmp:          0 kB
CommitLimit:     1450072 kB
Committed_AS:   20282604 kB
VmallocTotal:   251658176 kB
VmallocUsed:       93244 kB
VmallocChunk:   251482716 kB


[2024-11-20 05:12:22]
MemTotal:        1858332 kB
MemFree:           46000 kB
Buffers:             352 kB
Cached:           188684 kB
SwapCached:        16904 kB
Active:           982408 kB
Inactive:         363392 kB
Active(anon):     939792 kB
Inactive(anon):   316900 kB
Active(file):      42616 kB
Inactive(file):    46492 kB
Unevictable:       99496 kB
Mlocked:           94212 kB
SwapTotal:        520908 kB
SwapFree:         354096 kB
Dirty:                 0 kB
Writeback:             0 kB
AnonPages:       1254444 kB
Mapped:           128548 kB
Shmem:               688 kB
Slab:              78320 kB
SReclaimable:      25084 kB
SUnreclaim:        53236 kB
KernelStack:       14800 kB
PageTables:        15520 kB
NFS_Unstable:          0 kB
Bounce:                0 kB
WritebackTmp:          0 kB
CommitLimit:     1450072 kB
Committed_AS:   20282592 kB
VmallocTotal:   251658176 kB
VmallocUsed:       93244 kB
VmallocChunk:   251482716 kB


[2024-11-20 05:12:25]
MemTotal:        1858332 kB
MemFree:           48420 kB
Buffers:             360 kB
Cached:           188328 kB
SwapCached:        16900 kB
Active:           982824 kB
Inactive:         362600 kB
Active(anon):     940208 kB
Inactive(anon):   316512 kB
Active(file):      42616 kB
Inactive(file):    46088 kB
Unevictable:       99496 kB
Mlocked:           94212 kB
SwapTotal:        520908 kB
SwapFree:         354224 kB
Dirty:                12 kB
Writeback:             0 kB
AnonPages:       1254708 kB
Mapped:           128816 kB
Shmem:               688 kB
Slab:              78328 kB
SReclaimable:      25084 kB
SUnreclaim:        53244 kB
KernelStack:       14816 kB
PageTables:        15516 kB
NFS_Unstable:          0 kB
Bounce:                0 kB
WritebackTmp:          0 kB
CommitLimit:     1450072 kB
Committed_AS:   20282704 kB
VmallocTotal:   251658176 kB
VmallocUsed:       93244 kB
VmallocChunk:   251482716 kB


[2024-11-20 05:12:28]
MemTotal:        1858332 kB
MemFree:           48540 kB
Buffers:             360 kB
Cached:           188328 kB
SwapCached:        16904 kB
Active:           982564 kB
Inactive:         362648 kB
Active(anon):     939948 kB
Inactive(anon):   316504 kB
Active(file):      42616 kB
Inactive(file):    46144 kB
Unevictable:       99496 kB
Mlocked:           94212 kB
SwapTotal:        520908 kB
SwapFree:         354228 kB
Dirty:                12 kB
Writeback:             0 kB
AnonPages:       1254392 kB
Mapped:           128792 kB
Shmem:               688 kB
Slab:              78328 kB
SReclaimable:      25084 kB
SUnreclaim:        53244 kB
KernelStack:       14784 kB
PageTables:        15484 kB
NFS_Unstable:          0 kB
Bounce:                0 kB
WritebackTmp:          0 kB
CommitLimit:     1450072 kB
Committed_AS:   20282616 kB
VmallocTotal:   251658176 kB
VmallocUsed:       93244 kB
VmallocChunk:   251482716 kB


[2024-11-20 05:12:30]
MemTotal:        1858332 kB
MemFree:           47016 kB
Buffers:             360 kB
Cached:           189936 kB
SwapCached:        16904 kB
Active:           983124 kB
Inactive:         364216 kB
Active(anon):     940508 kB
Inactive(anon):   316464 kB
Active(file):      42616 kB
Inactive(file):    47752 kB
Unevictable:       99496 kB
Mlocked:           94212 kB
SwapTotal:        520908 kB
SwapFree:         354256 kB
Dirty:                 0 kB
Writeback:             0 kB
AnonPages:       1254864 kB
Mapped:           128856 kB
Shmem:               688 kB
Slab:              78328 kB
SReclaimable:      25084 kB
SUnreclaim:        53244 kB
KernelStack:       14816 kB
PageTables:        15512 kB
NFS_Unstable:          0 kB
Bounce:                0 kB
WritebackTmp:          0 kB
CommitLimit:     1450072 kB
Committed_AS:   20282616 kB
VmallocTotal:   251658176 kB
VmallocUsed:       93244 kB
VmallocChunk:   251482716 kB


[2024-11-20 05:12:32]
MemTotal:        1858332 kB
MemFree:           46048 kB
Buffers:             360 kB
Cached:           189936 kB
SwapCached:        16904 kB
Active:           983356 kB
Inactive:         364220 kB
Active(anon):     940740 kB
Inactive(anon):   316468 kB
Active(file):      42616 kB
Inactive(file):    47752 kB
Unevictable:       99496 kB
Mlocked:           94212 kB
SwapTotal:        520908 kB
SwapFree:         354264 kB
Dirty:                 0 kB
Writeback:             0 kB
AnonPages:       1255184 kB
Mapped:           128648 kB
Shmem:               688 kB
Slab:              78328 kB
SReclaimable:      25084 kB
SUnreclaim:        53244 kB
KernelStack:       14784 kB
PageTables:        15484 kB
NFS_Unstable:          0 kB
Bounce:                0 kB
WritebackTmp:          0 kB
CommitLimit:     1450072 kB
Committed_AS:   20282780 kB
VmallocTotal:   251658176 kB
VmallocUsed:       93244 kB
VmallocChunk:   251482716 kB


[2024-11-20 05:12:35]
MemTotal:        1858332 kB
MemFree:           45804 kB
Buffers:             360 kB
Cached:           190136 kB
SwapCached:        16900 kB
Active:           983516 kB
Inactive:         364416 kB
Active(anon):     940900 kB
Inactive(anon):   316464 kB
Active(file):      42616 kB
Inactive(file):    47952 kB
Unevictable:       99496 kB
Mlocked:           94212 kB
SwapTotal:        520908 kB
SwapFree:         354268 kB
Dirty:                 0 kB
Writeback:             0 kB
AnonPages:       1255220 kB
Mapped:           128796 kB
Shmem:               688 kB
Slab:              78328 kB
SReclaimable:      25084 kB
SUnreclaim:        53244 kB
KernelStack:       14816 kB
PageTables:        15524 kB
NFS_Unstable:          0 kB
Bounce:                0 kB
WritebackTmp:          0 kB
CommitLimit:     1450072 kB
Committed_AS:   20282568 kB
VmallocTotal:   251658176 kB
VmallocUsed:       93244 kB
VmallocChunk:   251482716 kB


[2024-11-20 05:12:38]
MemTotal:        1858332 kB
MemFree:           45396 kB
Buffers:             360 kB
Cached:           190132 kB
SwapCached:        16904 kB
Active:           983680 kB
Inactive:         364400 kB
Active(anon):     941064 kB
Inactive(anon):   316448 kB
Active(file):      42616 kB
Inactive(file):    47952 kB
Unevictable:       99496 kB
Mlocked:           94212 kB
SwapTotal:        520908 kB
SwapFree:         354268 kB
Dirty:                 0 kB
Writeback:             0 kB
AnonPages:       1255340 kB
Mapped:           128852 kB
Shmem:               688 kB
Slab:              78328 kB
SReclaimable:      25084 kB
SUnreclaim:        53244 kB
KernelStack:       14784 kB
PageTables:        15484 kB
NFS_Unstable:          0 kB
Bounce:                0 kB
WritebackTmp:          0 kB
CommitLimit:     1450072 kB
Committed_AS:   20282492 kB
VmallocTotal:   251658176 kB
VmallocUsed:       93244 kB
VmallocChunk:   251482716 kB


[2024-11-20 05:12:40]
MemTotal:        1858332 kB
MemFree:           47036 kB
Buffers:             368 kB
Cached:           189448 kB
SwapCached:        16900 kB
Active:           983880 kB
Inactive:         363524 kB
Active(anon):     941264 kB
Inactive(anon):   316252 kB
Active(file):      42616 kB
Inactive(file):    47272 kB
Unevictable:       99496 kB
Mlocked:           94212 kB
SwapTotal:        520908 kB
SwapFree:         354312 kB
Dirty:                 0 kB
Writeback:             0 kB
AnonPages:       1255368 kB
Mapped:           128804 kB
Shmem:               688 kB
Slab:              78328 kB
SReclaimable:      25084 kB
SUnreclaim:        53244 kB
KernelStack:       14816 kB
PageTables:        15504 kB
NFS_Unstable:          0 kB
Bounce:                0 kB
WritebackTmp:          0 kB
CommitLimit:     1450072 kB
Committed_AS:   20282544 kB
VmallocTotal:   251658176 kB
VmallocUsed:       93244 kB
VmallocChunk:   251482716 kB


[2024-11-20 05:12:42]
MemTotal:        1858332 kB
MemFree:           46824 kB
Buffers:             368 kB
Cached:           189448 kB
SwapCached:        16900 kB
Active:           983960 kB
Inactive:         363512 kB
Active(anon):     941344 kB
Inactive(anon):   316240 kB
Active(file):      42616 kB
Inactive(file):    47272 kB
Unevictable:       99496 kB
Mlocked:           94212 kB
SwapTotal:        520908 kB
SwapFree:         354312 kB
Dirty:                 0 kB
Writeback:             0 kB
AnonPages:       1255220 kB
Mapped:           128736 kB
Shmem:               688 kB
Slab:              78328 kB
SReclaimable:      25084 kB
SUnreclaim:        53244 kB
KernelStack:       14784 kB
PageTables:        15484 kB
NFS_Unstable:          0 kB
Bounce:                0 kB
WritebackTmp:          0 kB
CommitLimit:     1450072 kB
Committed_AS:   20282760 kB
VmallocTotal:   251658176 kB
VmallocUsed:       93244 kB
VmallocChunk:   251482716 kB


[2024-11-20 05:12:45]
MemTotal:        1858332 kB
MemFree:           46664 kB
Buffers:             368 kB
Cached:           189448 kB
SwapCached:        16900 kB
Active:           984224 kB
Inactive:         363516 kB
Active(anon):     941608 kB
Inactive(anon):   316244 kB
Active(file):      42616 kB
Inactive(file):    47272 kB
Unevictable:       99496 kB
Mlocked:           94212 kB
SwapTotal:        520908 kB
SwapFree:         354316 kB
Dirty:                 0 kB
Writeback:             0 kB
AnonPages:       1255896 kB
Mapped:           128920 kB
Shmem:               688 kB
Slab:              78328 kB
SReclaimable:      25084 kB
SUnreclaim:        53244 kB
KernelStack:       14784 kB
PageTables:        15484 kB
NFS_Unstable:          0 kB
Bounce:                0 kB
WritebackTmp:          0 kB
CommitLimit:     1450072 kB
Committed_AS:   20282804 kB
VmallocTotal:   251658176 kB
VmallocUsed:       93244 kB
VmallocChunk:   251482716 kB


[2024-11-20 05:12:47]
MemTotal:        1858332 kB
MemFree:           46452 kB
Buffers:             368 kB
Cached:           189448 kB
SwapCached:        16900 kB
Active:           984408 kB
Inactive:         363512 kB
Active(anon):     941792 kB
Inactive(anon):   316240 kB
Active(file):      42616 kB
Inactive(file):    47272 kB
Unevictable:       99496 kB
Mlocked:           94212 kB
SwapTotal:        520908 kB
SwapFree:         354316 kB
Dirty:                 0 kB
Writeback:             0 kB
AnonPages:       1256044 kB
Mapped:           128736 kB
Shmem:               688 kB
Slab:              78328 kB
SReclaimable:      25084 kB
SUnreclaim:        53244 kB
KernelStack:       14800 kB
PageTables:        15520 kB
NFS_Unstable:          0 kB
Bounce:                0 kB
WritebackTmp:          0 kB
CommitLimit:     1450072 kB
Committed_AS:   20282676 kB
VmallocTotal:   251658176 kB
VmallocUsed:       93244 kB
VmallocChunk:   251482716 kB


[2024-11-20 05:12:50]
MemTotal:        1858332 kB
MemFree:           46536 kB
Buffers:             368 kB
Cached:           189448 kB
SwapCached:        16900 kB
Active:           984528 kB
Inactive:         363528 kB
Active(anon):     941912 kB
Inactive(anon):   316256 kB
Active(file):      42616 kB
Inactive(file):    47272 kB
Unevictable:       99496 kB
Mlocked:           94212 kB
SwapTotal:        520908 kB
SwapFree:         354368 kB
Dirty:                 0 kB
Writeback:             0 kB
AnonPages:       1256048 kB
Mapped:           128920 kB
Shmem:               688 kB
Slab:              78328 kB
SReclaimable:      25084 kB
SUnreclaim:        53244 kB
KernelStack:       14784 kB
PageTables:        15484 kB
NFS_Unstable:          0 kB
Bounce:                0 kB
WritebackTmp:          0 kB
CommitLimit:     1450072 kB
Committed_AS:   20282668 kB
VmallocTotal:   251658176 kB
VmallocUsed:       93244 kB
VmallocChunk:   251482716 kB


[2024-11-20 05:12:52]
MemTotal:        1858332 kB
MemFree:           46572 kB
Buffers:             368 kB
Cached:           189448 kB
SwapCached:        16900 kB
Active:           984600 kB
Inactive:         363528 kB
Active(anon):     941984 kB
Inactive(anon):   316256 kB
Active(file):      42616 kB
Inactive(file):    47272 kB
Unevictable:       99496 kB
Mlocked:           94212 kB
SwapTotal:        520908 kB
SwapFree:         354368 kB
Dirty:                 0 kB
Writeback:             0 kB
AnonPages:       1256300 kB
Mapped:           128920 kB
Shmem:               688 kB
Slab:              78328 kB
SReclaimable:      25084 kB
SUnreclaim:        53244 kB
KernelStack:       14784 kB
PageTables:        15484 kB
NFS_Unstable:          0 kB
Bounce:                0 kB
WritebackTmp:          0 kB
CommitLimit:     1450072 kB
Committed_AS:   20282680 kB
VmallocTotal:   251658176 kB
VmallocUsed:       93244 kB
VmallocChunk:   251482716 kB


[2024-11-20 05:12:55]
MemTotal:        1858332 kB
MemFree:           48964 kB
Buffers:             368 kB
Cached:           190880 kB
SwapCached:        17048 kB
Active:           985868 kB
Inactive:         364660 kB
Active(anon):     943156 kB
Inactive(anon):   316060 kB
Active(file):      42712 kB
Inactive(file):    48600 kB
Unevictable:       99496 kB
Mlocked:           94212 kB
SwapTotal:        520908 kB
SwapFree:         354416 kB
Dirty:                 0 kB
Writeback:             0 kB
AnonPages:       1256896 kB
Mapped:           129356 kB
Shmem:               684 kB
Slab:              78344 kB
SReclaimable:      25084 kB
SUnreclaim:        53260 kB
KernelStack:       14784 kB
PageTables:        15484 kB
NFS_Unstable:          0 kB
Bounce:                0 kB
WritebackTmp:          0 kB
CommitLimit:     1450072 kB
Committed_AS:   20282604 kB
VmallocTotal:   251658176 kB
VmallocUsed:       93244 kB
VmallocChunk:   251482716 kB


[2024-11-20 05:12:57]
MemTotal:        1858332 kB
MemFree:           47308 kB
Buffers:             368 kB
Cached:           192048 kB
SwapCached:        17048 kB
Active:           986252 kB
Inactive:         365872 kB
Active(anon):     943540 kB
Inactive(anon):   316092 kB
Active(file):      42712 kB
Inactive(file):    49780 kB
Unevictable:       99496 kB
Mlocked:           94212 kB
SwapTotal:        520908 kB
SwapFree:         354436 kB
Dirty:                 0 kB
Writeback:             0 kB
AnonPages:       1257636 kB
Mapped:           129412 kB
Shmem:               684 kB
Slab:              78344 kB
SReclaimable:      25084 kB
SUnreclaim:        53260 kB
KernelStack:       14800 kB
PageTables:        15520 kB
NFS_Unstable:          0 kB
Bounce:                0 kB
WritebackTmp:          0 kB
CommitLimit:     1450072 kB
Committed_AS:   20282788 kB
VmallocTotal:   251658176 kB
VmallocUsed:       93244 kB
VmallocChunk:   251482716 kB


[2024-11-20 05:13:00]
MemTotal:        1858332 kB
MemFree:           46296 kB
Buffers:             368 kB
Cached:           192920 kB
SwapCached:        17252 kB
Active:           987296 kB
Inactive:         367184 kB
Active(anon):     944560 kB
Inactive(anon):   316608 kB
Active(file):      42736 kB
Inactive(file):    50576 kB
Unevictable:       99496 kB
Mlocked:           94212 kB
SwapTotal:        520908 kB
SwapFree:         354824 kB
Dirty:                 0 kB
Writeback:             0 kB
AnonPages:       1259036 kB
Mapped:           130212 kB
Shmem:               684 kB
Slab:              78256 kB
SReclaimable:      25084 kB
SUnreclaim:        53172 kB
KernelStack:       14784 kB
PageTables:        15484 kB
NFS_Unstable:          0 kB
Bounce:                0 kB
WritebackTmp:          0 kB
CommitLimit:     1450072 kB
Committed_AS:   20282772 kB
VmallocTotal:   251658176 kB
VmallocUsed:       93244 kB
VmallocChunk:   251482716 kB


[2024-11-20 05:13:02]
MemTotal:        1858332 kB
MemFree:           46168 kB
Buffers:             368 kB
Cached:           192920 kB
SwapCached:        17252 kB
Active:           987388 kB
Inactive:         367228 kB
Active(anon):     944652 kB
Inactive(anon):   316600 kB
Active(file):      42736 kB
Inactive(file):    50628 kB
Unevictable:       99496 kB
Mlocked:           94212 kB
SwapTotal:        520908 kB
SwapFree:         354824 kB
Dirty:                 0 kB
Writeback:             0 kB
AnonPages:       1259156 kB
Mapped:           130080 kB
Shmem:               684 kB
Slab:              78256 kB
SReclaimable:      25084 kB
SUnreclaim:        53172 kB
KernelStack:       14816 kB
PageTables:        15512 kB
NFS_Unstable:          0 kB
Bounce:                0 kB
WritebackTmp:          0 kB
CommitLimit:     1450072 kB
Committed_AS:   20282764 kB
VmallocTotal:   251658176 kB
VmallocUsed:       93244 kB
VmallocChunk:   251482716 kB


[2024-11-20 05:13:05]
MemTotal:        1858332 kB
MemFree:           46004 kB
Buffers:             368 kB
Cached:           192920 kB
SwapCached:        17252 kB
Active:           987580 kB
Inactive:         367228 kB
Active(anon):     944844 kB
Inactive(anon):   316600 kB
Active(file):      42736 kB
Inactive(file):    50628 kB
Unevictable:       99496 kB
Mlocked:           94212 kB
SwapTotal:        520908 kB
SwapFree:         354824 kB
Dirty:                 0 kB
Writeback:             0 kB
AnonPages:       1259332 kB
Mapped:           130036 kB
Shmem:               684 kB
Slab:              78256 kB
SReclaimable:      25084 kB
SUnreclaim:        53172 kB
KernelStack:       14768 kB
PageTables:        15484 kB
NFS_Unstable:          0 kB
Bounce:                0 kB
WritebackTmp:          0 kB
CommitLimit:     1450072 kB
Committed_AS:   20282628 kB
VmallocTotal:   251658176 kB
VmallocUsed:       93244 kB
VmallocChunk:   251482716 kB


[2024-11-20 05:13:07]
MemTotal:        1858332 kB
MemFree:           45832 kB
Buffers:             368 kB
Cached:           192920 kB
SwapCached:        17252 kB
Active:           987836 kB
Inactive:         367228 kB
Active(anon):     945100 kB
Inactive(anon):   316600 kB
Active(file):      42736 kB
Inactive(file):    50628 kB
Unevictable:       99496 kB
Mlocked:           94212 kB
SwapTotal:        520908 kB
SwapFree:         354824 kB
Dirty:                 0 kB
Writeback:             0 kB
AnonPages:       1259480 kB
Mapped:           130224 kB
Shmem:               684 kB
Slab:              78256 kB
SReclaimable:      25084 kB
SUnreclaim:        53172 kB
KernelStack:       14784 kB
PageTables:        15484 kB
NFS_Unstable:          0 kB
Bounce:                0 kB
WritebackTmp:          0 kB
CommitLimit:     1450072 kB
Committed_AS:   20282736 kB
VmallocTotal:   251658176 kB
VmallocUsed:       93244 kB
VmallocChunk:   251482716 kB


[2024-11-20 05:13:09]
MemTotal:        1858332 kB
MemFree:           38196 kB
Buffers:             368 kB
Cached:           193024 kB
SwapCached:        17252 kB
Active:           995432 kB
Inactive:         367340 kB
Active(anon):     952696 kB
Inactive(anon):   316608 kB
Active(file):      42736 kB
Inactive(file):    50732 kB
Unevictable:       99496 kB
Mlocked:           94212 kB
SwapTotal:        520908 kB
SwapFree:         354836 kB
Dirty:                 0 kB
Writeback:             0 kB
AnonPages:       1266972 kB
Mapped:           130232 kB
Shmem:               684 kB
Slab:              78256 kB
SReclaimable:      25084 kB
SUnreclaim:        53172 kB
KernelStack:       14784 kB
PageTables:        15488 kB
NFS_Unstable:          0 kB
Bounce:                0 kB
WritebackTmp:          0 kB
CommitLimit:     1450072 kB
Committed_AS:   20282556 kB
VmallocTotal:   251658176 kB
VmallocUsed:       93244 kB
VmallocChunk:   251482716 kB


[2024-11-20 05:13:12]
MemTotal:        1858332 kB
MemFree:           37596 kB
Buffers:             368 kB
Cached:           193024 kB
SwapCached:        17252 kB
Active:           995816 kB
Inactive:         367344 kB
Active(anon):     953080 kB
Inactive(anon):   316612 kB
Active(file):      42736 kB
Inactive(file):    50732 kB
Unevictable:       99496 kB
Mlocked:           94212 kB
SwapTotal:        520908 kB
SwapFree:         354836 kB
Dirty:                 0 kB
Writeback:             0 kB
AnonPages:       1267632 kB
Mapped:           130232 kB
Shmem:               684 kB
Slab:              78256 kB
SReclaimable:      25084 kB
SUnreclaim:        53172 kB
KernelStack:       14784 kB
PageTables:        15488 kB
NFS_Unstable:          0 kB
Bounce:                0 kB
WritebackTmp:          0 kB
CommitLimit:     1450072 kB
Committed_AS:   20282676 kB
VmallocTotal:   251658176 kB
VmallocUsed:       93244 kB
VmallocChunk:   251482716 kB


[2024-11-20 05:13:14]
MemTotal:        1858332 kB
MemFree:           37548 kB
Buffers:             368 kB
Cached:           193040 kB
SwapCached:        17252 kB
Active:           995744 kB
Inactive:         367360 kB
Active(anon):     953008 kB
Inactive(anon):   316612 kB
Active(file):      42736 kB
Inactive(file):    50748 kB
Unevictable:       99496 kB
Mlocked:           94212 kB
SwapTotal:        520908 kB
SwapFree:         354836 kB
Dirty:                 0 kB
Writeback:             0 kB
AnonPages:       1267616 kB
Mapped:           130056 kB
Shmem:               684 kB
Slab:              78256 kB
SReclaimable:      25084 kB
SUnreclaim:        53172 kB
KernelStack:       14784 kB
PageTables:        15488 kB
NFS_Unstable:          0 kB
Bounce:                0 kB
WritebackTmp:          0 kB
CommitLimit:     1450072 kB
Committed_AS:   20282704 kB
VmallocTotal:   251658176 kB
VmallocUsed:       93244 kB
VmallocChunk:   251482716 kB


[2024-11-20 05:13:17]
MemTotal:        1858332 kB
MemFree:           37008 kB
Buffers:             368 kB
Cached:           193040 kB
SwapCached:        17252 kB
Active:           996008 kB
Inactive:         367360 kB
Active(anon):     953272 kB
Inactive(anon):   316612 kB
Active(file):      42736 kB
Inactive(file):    50748 kB
Unevictable:       99496 kB
Mlocked:           94212 kB
SwapTotal:        520908 kB
SwapFree:         354836 kB
Dirty:                 0 kB
Writeback:             0 kB
AnonPages:       1267864 kB
Mapped:           130056 kB
Shmem:               684 kB
Slab:              78256 kB
SReclaimable:      25084 kB
SUnreclaim:        53172 kB
KernelStack:       14784 kB
PageTables:        15488 kB
NFS_Unstable:          0 kB
Bounce:                0 kB
WritebackTmp:          0 kB
CommitLimit:     1450072 kB
Committed_AS:   20282700 kB
VmallocTotal:   251658176 kB
VmallocUsed:       93244 kB
VmallocChunk:   251482716 kB


[2024-11-20 05:13:19]
MemTotal:        1858332 kB
MemFree:           37188 kB
Buffers:             368 kB
Cached:           193040 kB
SwapCached:        17252 kB
Active:           996044 kB
Inactive:         367360 kB
Active(anon):     953308 kB
Inactive(anon):   316612 kB
Active(file):      42736 kB
Inactive(file):    50748 kB
Unevictable:       99496 kB
Mlocked:           94212 kB
SwapTotal:        520908 kB
SwapFree:         354836 kB
Dirty:                 0 kB
Writeback:             0 kB
AnonPages:       1267744 kB
Mapped:           130292 kB
Shmem:               684 kB
Slab:              78256 kB
SReclaimable:      25084 kB
SUnreclaim:        53172 kB
KernelStack:       14816 kB
PageTables:        15512 kB
NFS_Unstable:          0 kB
Bounce:                0 kB
WritebackTmp:          0 kB
CommitLimit:     1450072 kB
Committed_AS:   20282624 kB
VmallocTotal:   251658176 kB
VmallocUsed:       93244 kB
VmallocChunk:   251482716 kB


[2024-11-20 05:13:22]
MemTotal:        1858332 kB
MemFree:           36916 kB
Buffers:             368 kB
Cached:           193040 kB
SwapCached:        17252 kB
Active:           996220 kB
Inactive:         367360 kB
Active(anon):     953484 kB
Inactive(anon):   316612 kB
Active(file):      42736 kB
Inactive(file):    50748 kB
Unevictable:       99496 kB
Mlocked:           94212 kB
SwapTotal:        520908 kB
SwapFree:         354836 kB
Dirty:                 0 kB
Writeback:             0 kB
AnonPages:       1267948 kB
Mapped:           130240 kB
Shmem:               684 kB
Slab:              78256 kB
SReclaimable:      25084 kB
SUnreclaim:        53172 kB
KernelStack:       14784 kB
PageTables:        15488 kB
NFS_Unstable:          0 kB
Bounce:                0 kB
WritebackTmp:          0 kB
CommitLimit:     1450072 kB
Committed_AS:   20282592 kB
VmallocTotal:   251658176 kB
VmallocUsed:       93244 kB
VmallocChunk:   251482716 kB


[2024-11-20 05:13:24]
MemTotal:        1858332 kB
MemFree:           36504 kB
Buffers:             368 kB
Cached:           193040 kB
SwapCached:        17252 kB
Active:           996772 kB
Inactive:         367352 kB
Active(anon):     954036 kB
Inactive(anon):   316604 kB
Active(file):      42736 kB
Inactive(file):    50748 kB
Unevictable:       99496 kB
Mlocked:           94212 kB
SwapTotal:        520908 kB
SwapFree:         355044 kB
Dirty:                 0 kB
Writeback:             0 kB
AnonPages:       1268500 kB
Mapped:           130276 kB
Shmem:               684 kB
Slab:              78256 kB
SReclaimable:      25084 kB
SUnreclaim:        53172 kB
KernelStack:       14816 kB
PageTables:        15508 kB
NFS_Unstable:          0 kB
Bounce:                0 kB
WritebackTmp:          0 kB
CommitLimit:     1450072 kB
Committed_AS:   20282744 kB
VmallocTotal:   251658176 kB
VmallocUsed:       93244 kB
VmallocChunk:   251482716 kB


[2024-11-20 05:13:27]
MemTotal:        1858332 kB
MemFree:           42452 kB
Buffers:             368 kB
Cached:           193040 kB
SwapCached:        17252 kB
Active:           990280 kB
Inactive:         367364 kB
Active(anon):     947544 kB
Inactive(anon):   316616 kB
Active(file):      42736 kB
Inactive(file):    50748 kB
Unevictable:       99496 kB
Mlocked:           94212 kB
SwapTotal:        520908 kB
SwapFree:         355148 kB
Dirty:                 0 kB
Writeback:             0 kB
AnonPages:       1261952 kB
Mapped:           130244 kB
Shmem:               684 kB
Slab:              78256 kB
SReclaimable:      25084 kB
SUnreclaim:        53172 kB
KernelStack:       14784 kB
PageTables:        15488 kB
NFS_Unstable:          0 kB
Bounce:                0 kB
WritebackTmp:          0 kB
CommitLimit:     1450072 kB
Committed_AS:   20282760 kB
VmallocTotal:   251658176 kB
VmallocUsed:       93244 kB
VmallocChunk:   251482716 kB


[2024-11-20 05:13:29]
MemTotal:        1858332 kB
MemFree:           43004 kB
Buffers:             368 kB
Cached:           193040 kB
SwapCached:        17252 kB
Active:           990372 kB
Inactive:         367364 kB
Active(anon):     947636 kB
Inactive(anon):   316616 kB
Active(file):      42736 kB
Inactive(file):    50748 kB
Unevictable:       99496 kB
Mlocked:           94212 kB
SwapTotal:        520908 kB
SwapFree:         355148 kB
Dirty:                 0 kB
Writeback:             0 kB
AnonPages:       1262028 kB
Mapped:           130260 kB
Shmem:               684 kB
Slab:              78256 kB
SReclaimable:      25084 kB
SUnreclaim:        53172 kB
KernelStack:       14816 kB
PageTables:        15528 kB
NFS_Unstable:          0 kB
Bounce:                0 kB
WritebackTmp:          0 kB
CommitLimit:     1450072 kB
Committed_AS:   20282612 kB
VmallocTotal:   251658176 kB
VmallocUsed:       93244 kB
VmallocChunk:   251482716 kB


[2024-11-20 05:13:32]
MemTotal:        1858332 kB
MemFree:           42976 kB
Buffers:             368 kB
Cached:           193040 kB
SwapCached:        17252 kB
Active:           990708 kB
Inactive:         367364 kB
Active(anon):     947972 kB
