
[2024-11-20 06:39:10]
MemTotal:        1858332 kB
MemFree:          142128 kB
Buffers:            2336 kB
Cached:          1188456 kB
SwapCached:        17284 kB
Active:           147588 kB
Inactive:        1069104 kB
Active(anon):      94720 kB
Inactive(anon):    31384 kB
Active(file):      52868 kB
Inactive(file):  1037720 kB
Unevictable:       99496 kB
Mlocked:           94212 kB
SwapTotal:        520908 kB
SwapFree:         361660 kB
Dirty:             53168 kB
Writeback:          3496 kB
AnonPages:        124492 kB
Mapped:           425028 kB
Shmem:               572 kB
Slab:              95204 kB
SReclaimable:      41808 kB
SUnreclaim:        53396 kB
KernelStack:       14880 kB
PageTables:        13140 kB
NFS_Unstable:          0 kB
Bounce:                0 kB
WritebackTmp:          0 kB
CommitLimit:     1450072 kB
Committed_AS:   22169284 kB
VmallocTotal:   251658176 kB
VmallocUsed:       96568 kB
VmallocChunk:   251482716 kB


[2024-11-20 06:39:10]
MemTotal:        1858332 kB
MemFree:          141892 kB
Buffers:            1256 kB
Cached:          1204672 kB
SwapCached:        17284 kB
Active:           158884 kB
Inactive:        1072916 kB
Active(anon):      94520 kB
Inactive(anon):    31612 kB
Active(file):      64364 kB
Inactive(file):  1041304 kB
Unevictable:       99496 kB
Mlocked:           94212 kB
SwapTotal:        520908 kB
SwapFree:         361660 kB
Dirty:             54664 kB
Writeback:             0 kB
AnonPages:        124748 kB
Mapped:           457952 kB
Shmem:               572 kB
Slab:              97196 kB
SReclaimable:      43648 kB
SUnreclaim:        53548 kB
KernelStack:       14816 kB
PageTables:        13184 kB
NFS_Unstable:          0 kB
Bounce:                0 kB
WritebackTmp:          0 kB
CommitLimit:     1450072 kB
Committed_AS:   22169132 kB
VmallocTotal:   251658176 kB
VmallocUsed:       96568 kB
VmallocChunk:   251482716 kB


[2024-11-20 06:39:10]
MemTotal:        1858332 kB
MemFree:          144408 kB
Buffers:            1004 kB
Cached:          1205536 kB
SwapCached:        17284 kB
Active:           203124 kB
Inactive:        1029044 kB
Active(anon):      94472 kB
Inactive(anon):    31612 kB
Active(file):     108652 kB
Inactive(file):   997432 kB
Unevictable:       99496 kB
Mlocked:           94212 kB
SwapTotal:        520908 kB
SwapFree:         361660 kB
Dirty:             60064 kB
Writeback:             0 kB
AnonPages:        124532 kB
Mapped:           492668 kB
Shmem:               572 kB
Slab:              97096 kB
SReclaimable:      43676 kB
SUnreclaim:        53420 kB
KernelStack:       14816 kB
PageTables:        13284 kB
NFS_Unstable:          0 kB
Bounce:                0 kB
WritebackTmp:          0 kB
CommitLimit:     1450072 kB
Committed_AS:   22169292 kB
VmallocTotal:   251658176 kB
VmallocUsed:       96568 kB
VmallocChunk:   251482716 kB


[2024-11-20 06:39:10]
MemTotal:        1858332 kB
MemFree:          143736 kB
Buffers:            1004 kB
Cached:          1206784 kB
SwapCached:        17284 kB
Active:           241640 kB
Inactive:         992536 kB
Active(anon):      94752 kB
Inactive(anon):    31596 kB
Active(file):     146888 kB
Inactive(file):   960940 kB
Unevictable:       99496 kB
Mlocked:           94212 kB
SwapTotal:        520908 kB
SwapFree:         361660 kB
Dirty:             10608 kB
Writeback:             0 kB
AnonPages:        124964 kB
Mapped:           518520 kB
Shmem:               572 kB
Slab:              96376 kB
SReclaimable:      42924 kB
SUnreclaim:        53452 kB
KernelStack:       14816 kB
PageTables:        13336 kB
NFS_Unstable:          0 kB
Bounce:                0 kB
WritebackTmp:          0 kB
CommitLimit:     1450072 kB
Committed_AS:   22169176 kB
VmallocTotal:   251658176 kB
VmallocUsed:       96568 kB
VmallocChunk:   251482716 kB


[2024-11-20 06:39:10]
MemTotal:        1858332 kB
MemFree:          143772 kB
Buffers:             992 kB
Cached:          1209424 kB
SwapCached:        17284 kB
Active:           293880 kB
Inactive:         942980 kB
Active(anon):      95112 kB
Inactive(anon):    31684 kB
Active(file):     198768 kB
Inactive(file):   911296 kB
Unevictable:       99496 kB
Mlocked:           94212 kB
SwapTotal:        520908 kB
SwapFree:         361668 kB
Dirty:             58152 kB
Writeback:            96 kB
AnonPages:        125072 kB
Mapped:           558124 kB
Shmem:               572 kB
Slab:              95576 kB
SReclaimable:      42156 kB
SUnreclaim:        53420 kB
KernelStack:       14816 kB
PageTables:        13416 kB
NFS_Unstable:          0 kB
Bounce:                0 kB
WritebackTmp:          0 kB
CommitLimit:     1450072 kB
Committed_AS:   22168992 kB
VmallocTotal:   251658176 kB
VmallocUsed:       96568 kB
VmallocChunk:   251482716 kB


[2024-11-20 06:39:10]
MemTotal:        1858332 kB
MemFree:          144812 kB
Buffers:             984 kB
Cached:          1209200 kB
SwapCached:        17284 kB
Active:           340316 kB
Inactive:         896436 kB
Active(anon):      94932 kB
Inactive(anon):    31752 kB
Active(file):     245384 kB
Inactive(file):   864684 kB
Unevictable:       99496 kB
Mlocked:           94212 kB
SwapTotal:        520908 kB
SwapFree:         361668 kB
Dirty:             55448 kB
Writeback:             0 kB
AnonPages:        125128 kB
Mapped:           592076 kB
Shmem:               572 kB
Slab:              94660 kB
SReclaimable:      41240 kB
SUnreclaim:        53420 kB
KernelStack:       14800 kB
PageTables:        13476 kB
NFS_Unstable:          0 kB
Bounce:                0 kB
WritebackTmp:          0 kB
CommitLimit:     1450072 kB
Committed_AS:   22169216 kB
VmallocTotal:   251658176 kB
VmallocUsed:       96568 kB
VmallocChunk:   251482716 kB


[2024-11-20 06:39:10]
MemTotal:        1858332 kB
MemFree:          144944 kB
Buffers:             988 kB
Cached:          1210464 kB
SwapCached:        17284 kB
Active:           385776 kB
Inactive:         852124 kB
Active(anon):      95024 kB
Inactive(anon):    31660 kB
Active(file):     290752 kB
Inactive(file):   820464 kB
Unevictable:       99496 kB
Mlocked:           94212 kB
SwapTotal:        520908 kB
SwapFree:         361668 kB
Dirty:             54704 kB
Writeback:          1472 kB
AnonPages:        125072 kB
Mapped:           623908 kB
Shmem:               572 kB
Slab:              93896 kB
SReclaimable:      40404 kB
SUnreclaim:        53492 kB
KernelStack:       14800 kB
PageTables:        13536 kB
NFS_Unstable:          0 kB
Bounce:                0 kB
WritebackTmp:          0 kB
CommitLimit:     1450072 kB
Committed_AS:   22169128 kB
VmallocTotal:   251658176 kB
VmallocUsed:       96568 kB
VmallocChunk:   251482716 kB


[2024-11-20 06:39:10]
MemTotal:        1858332 kB
MemFree:          140628 kB
Buffers:             992 kB
Cached:          1215860 kB
SwapCached:        17284 kB
Active:           430860 kB
Inactive:         812840 kB
Active(anon):      95408 kB
Inactive(anon):    31776 kB
Active(file):     335452 kB
Inactive(file):   781064 kB
Unevictable:       99496 kB
Mlocked:           94212 kB
SwapTotal:        520908 kB
SwapFree:         361664 kB
Dirty:             54064 kB
Writeback:          5520 kB
AnonPages:        125824 kB
Mapped:           656660 kB
Shmem:               572 kB
Slab:              93028 kB
SReclaimable:      39664 kB
SUnreclaim:        53364 kB
KernelStack:       14800 kB
PageTables:        13596 kB
NFS_Unstable:          0 kB
Bounce:                0 kB
WritebackTmp:          0 kB
CommitLimit:     1450072 kB
Committed_AS:   22169220 kB
VmallocTotal:   251658176 kB
VmallocUsed:       96568 kB
VmallocChunk:   251482716 kB


[2024-11-20 06:39:10]
MemTotal:        1858332 kB
MemFree:          144368 kB
Buffers:             996 kB
Cached:          1212504 kB
SwapCached:        17240 kB
Active:           471112 kB
Inactive:         769204 kB
Active(anon):      95228 kB
Inactive(anon):    31804 kB
Active(file):     375884 kB
Inactive(file):   737400 kB
Unevictable:       99496 kB
Mlocked:           94212 kB
SwapTotal:        520908 kB
SwapFree:         361624 kB
Dirty:             26828 kB
Writeback:            40 kB
AnonPages:        125568 kB
Mapped:           681116 kB
Shmem:               572 kB
Slab:              92432 kB
SReclaimable:      39036 kB
SUnreclaim:        53396 kB
KernelStack:       14800 kB
PageTables:        13644 kB
NFS_Unstable:          0 kB
Bounce:                0 kB
WritebackTmp:          0 kB
CommitLimit:     1450072 kB
Committed_AS:   22169236 kB
VmallocTotal:   251658176 kB
VmallocUsed:       96568 kB
VmallocChunk:   251482716 kB


[2024-11-20 06:39:10]
MemTotal:        1858332 kB
MemFree:          143392 kB
Buffers:             988 kB
Cached:          1214860 kB
SwapCached:        17140 kB
Active:           525792 kB
Inactive:         716976 kB
Active(anon):      95352 kB
Inactive(anon):    31784 kB
Active(file):     430440 kB
Inactive(file):   685192 kB
Unevictable:       99496 kB
Mlocked:           94212 kB
SwapTotal:        520908 kB
SwapFree:         361480 kB
Dirty:             54032 kB
Writeback:          3496 kB
AnonPages:        125712 kB
Mapped:           719212 kB
Shmem:               572 kB
Slab:              91644 kB
SReclaimable:      38312 kB
SUnreclaim:        53332 kB
KernelStack:       14800 kB
PageTables:        13720 kB
NFS_Unstable:          0 kB
Bounce:                0 kB
WritebackTmp:          0 kB
CommitLimit:     1450072 kB
Committed_AS:   22169132 kB
VmallocTotal:   251658176 kB
VmallocUsed:       96568 kB
VmallocChunk:   251482716 kB


[2024-11-20 06:39:10]
MemTotal:        1858332 kB
MemFree:          138812 kB
Buffers:            1076 kB
Cached:          1214688 kB
SwapCached:        17132 kB
Active:           582772 kB
Inactive:         665812 kB
Active(anon):      99916 kB
Inactive(anon):    33196 kB
Active(file):     482856 kB
Inactive(file):   632616 kB
Unevictable:       99496 kB
Mlocked:           94212 kB
SwapTotal:        520908 kB
SwapFree:         361524 kB
Dirty:               104 kB
Writeback:         49312 kB
AnonPages:        131808 kB
Mapped:           753176 kB
Shmem:               572 kB
Slab:              90664 kB
SReclaimable:      37044 kB
SUnreclaim:        53620 kB
KernelStack:       14896 kB
PageTables:        13884 kB
NFS_Unstable:          0 kB
Bounce:                0 kB
WritebackTmp:          0 kB
CommitLimit:     1450072 kB
Committed_AS:   22266332 kB
VmallocTotal:   251658176 kB
VmallocUsed:       96568 kB
VmallocChunk:   251482716 kB


[2024-11-20 06:39:12]
MemTotal:        1858332 kB
MemFree:          138604 kB
Buffers:            1076 kB
Cached:          1215448 kB
SwapCached:        17132 kB
Active:           629500 kB
Inactive:         620160 kB
Active(anon):     100176 kB
Inactive(anon):    33400 kB
Active(file):     529324 kB
Inactive(file):   586760 kB
Unevictable:       99496 kB
Mlocked:           94212 kB
SwapTotal:        520908 kB
SwapFree:         361524 kB
Dirty:             56204 kB
Writeback:             0 kB
AnonPages:        131848 kB
Mapped:           786772 kB
Shmem:               572 kB
Slab:              89768 kB
SReclaimable:      36372 kB
SUnreclaim:        53396 kB
KernelStack:       14944 kB
PageTables:        14036 kB
NFS_Unstable:          0 kB
Bounce:                0 kB
WritebackTmp:          0 kB
CommitLimit:     1450072 kB
Committed_AS:   22266300 kB
VmallocTotal:   251658176 kB
VmallocUsed:       96568 kB
VmallocChunk:   251482716 kB


[2024-11-20 06:39:14]
MemTotal:        1858332 kB
MemFree:          137400 kB
Buffers:            1080 kB
Cached:          1217376 kB
SwapCached:        17132 kB
Active:           659088 kB
Inactive:         592504 kB
Active(anon):     100012 kB
Inactive(anon):    33536 kB
Active(file):     559076 kB
Inactive(file):   558968 kB
Unevictable:       99496 kB
Mlocked:           94212 kB
SwapTotal:        520908 kB
SwapFree:         361524 kB
Dirty:             60100 kB
Writeback:             0 kB
AnonPages:        132004 kB
Mapped:           821900 kB
Shmem:               572 kB
Slab:              88472 kB
SReclaimable:      35108 kB
SUnreclaim:        53364 kB
KernelStack:       14944 kB
PageTables:        14100 kB
NFS_Unstable:          0 kB
Bounce:                0 kB
WritebackTmp:          0 kB
CommitLimit:     1450072 kB
Committed_AS:   22266152 kB
VmallocTotal:   251658176 kB
VmallocUsed:       96568 kB
VmallocChunk:   251482716 kB


[2024-11-20 06:39:16]
MemTotal:        1858332 kB
MemFree:          141700 kB
Buffers:            1084 kB
Cached:          1219628 kB
SwapCached:        17140 kB
Active:           654640 kB
Inactive:         593940 kB
Active(anon):      95072 kB
Inactive(anon):    32864 kB
Active(file):     559568 kB
Inactive(file):   561076 kB
Unevictable:       99496 kB
Mlocked:           94212 kB
SwapTotal:        520908 kB
SwapFree:         361620 kB
Dirty:             35796 kB
Writeback:             0 kB
AnonPages:        126324 kB
Mapped:           853108 kB
Shmem:               572 kB
Slab:              88120 kB
SReclaimable:      34612 kB
SUnreclaim:        53508 kB
KernelStack:       14944 kB
PageTables:        14164 kB
NFS_Unstable:          0 kB
Bounce:                0 kB
WritebackTmp:          0 kB
CommitLimit:     1450072 kB
Committed_AS:   22266116 kB
VmallocTotal:   251658176 kB
VmallocUsed:       96568 kB
VmallocChunk:   251482716 kB


[2024-11-20 06:39:18]
MemTotal:        1858332 kB
MemFree:          143116 kB
Buffers:            1004 kB
Cached:          1218008 kB
SwapCached:        17140 kB
Active:           654912 kB
Inactive:         592160 kB
Active(anon):      95616 kB
Inactive(anon):    32424 kB
Active(file):     559296 kB
Inactive(file):   559736 kB
Unevictable:       99496 kB
Mlocked:           94212 kB
SwapTotal:        520908 kB
SwapFree:         361620 kB
Dirty:             54388 kB
Writeback:          5700 kB
AnonPages:        126612 kB
Mapped:           888720 kB
Shmem:               572 kB
Slab:              87248 kB
SReclaimable:      33860 kB
SUnreclaim:        53388 kB
KernelStack:       14944 kB
PageTables:        14228 kB
NFS_Unstable:          0 kB
Bounce:                0 kB
WritebackTmp:          0 kB
CommitLimit:     1450072 kB
Committed_AS:   22266232 kB
VmallocTotal:   251658176 kB
VmallocUsed:       96568 kB
VmallocChunk:   251482716 kB


[2024-11-20 06:39:21]
MemTotal:        1858332 kB
MemFree:          141148 kB
Buffers:            1008 kB
Cached:          1220160 kB
SwapCached:        17140 kB
Active:           655572 kB
Inactive:         593632 kB
Active(anon):      95776 kB
Inactive(anon):    32224 kB
Active(file):     559796 kB
Inactive(file):   561408 kB
Unevictable:       99496 kB
Mlocked:           94212 kB
SwapTotal:        520908 kB
SwapFree:         361620 kB
Dirty:              2416 kB
Writeback:             0 kB
AnonPages:        126440 kB
Mapped:           920708 kB
Shmem:               572 kB
Slab:              86544 kB
SReclaimable:      33060 kB
SUnreclaim:        53484 kB
KernelStack:       14960 kB
PageTables:        14360 kB
NFS_Unstable:          0 kB
Bounce:                0 kB
WritebackTmp:          0 kB
CommitLimit:     1450072 kB
Committed_AS:   22266332 kB
VmallocTotal:   251658176 kB
VmallocUsed:       96568 kB
VmallocChunk:   251482716 kB


[2024-11-20 06:39:23]
MemTotal:        1858332 kB
MemFree:          141576 kB
Buffers:             144 kB
Cached:          1221736 kB
SwapCached:        17140 kB
Active:           656108 kB
Inactive:         593980 kB
Active(anon):      95876 kB
Inactive(anon):    32092 kB
Active(file):     560232 kB
Inactive(file):   561888 kB
Unevictable:       99496 kB
Mlocked:           94212 kB
SwapTotal:        520908 kB
SwapFree:         361616 kB
Dirty:             57288 kB
Writeback:             0 kB
AnonPages:        126372 kB
Mapped:           931676 kB
Shmem:               572 kB
Slab:              86192 kB
SReclaimable:      32804 kB
SUnreclaim:        53388 kB
KernelStack:       14944 kB
PageTables:        14376 kB
NFS_Unstable:          0 kB
Bounce:                0 kB
WritebackTmp:          0 kB
CommitLimit:     1450072 kB
Committed_AS:   22266224 kB
VmallocTotal:   251658176 kB
VmallocUsed:       96568 kB
VmallocChunk:   251482716 kB


[2024-11-20 06:39:25]
MemTotal:        1858332 kB
MemFree:          142220 kB
Buffers:             152 kB
Cached:          1220476 kB
SwapCached:        17140 kB
Active:           656168 kB
Inactive:         592844 kB
Active(anon):      96184 kB
Inactive(anon):    32036 kB
Active(file):     559984 kB
Inactive(file):   560808 kB
Unevictable:       99496 kB
Mlocked:           94212 kB
SwapTotal:        520908 kB
SwapFree:         361616 kB
Dirty:             53136 kB
Writeback:          8096 kB
AnonPages:        126848 kB
Mapped:           926488 kB
Shmem:               572 kB
Slab:              86380 kB
SReclaimable:      32992 kB
SUnreclaim:        53388 kB
KernelStack:       14944 kB
PageTables:        14400 kB
NFS_Unstable:          0 kB
Bounce:                0 kB
WritebackTmp:          0 kB
CommitLimit:     1450072 kB
Committed_AS:   22266296 kB
VmallocTotal:   251658176 kB
VmallocUsed:       96568 kB
VmallocChunk:   251482716 kB


[2024-11-20 06:39:27]
MemTotal:        1858332 kB
MemFree:          142592 kB
Buffers:             152 kB
Cached:          1220208 kB
SwapCached:        17140 kB
Active:           655688 kB
Inactive:         592824 kB
Active(anon):      96240 kB
Inactive(anon):    32132 kB
Active(file):     559448 kB
Inactive(file):   560692 kB
Unevictable:       99496 kB
Mlocked:           94212 kB
SwapTotal:        520908 kB
SwapFree:         361616 kB
Dirty:             11328 kB
Writeback:             0 kB
AnonPages:        126848 kB
Mapped:           924136 kB
Shmem:               572 kB
Slab:              86684 kB
SReclaimable:      33136 kB
SUnreclaim:        53548 kB
KernelStack:       14944 kB
PageTables:        14416 kB
NFS_Unstable:          0 kB
Bounce:                0 kB
WritebackTmp:          0 kB
CommitLimit:     1450072 kB
Committed_AS:   22266308 kB
VmallocTotal:   251658176 kB
VmallocUsed:       96568 kB
VmallocChunk:   251482716 kB


[2024-11-20 06:39:29]
MemTotal:        1858332 kB
MemFree:          143124 kB
Buffers:             160 kB
Cached:          1219732 kB
SwapCached:        17140 kB
Active:           655364 kB
Inactive:         592400 kB
Active(anon):      95628 kB
Inactive(anon):    32100 kB
Active(file):     559736 kB
Inactive(file):   560300 kB
Unevictable:       99496 kB
Mlocked:           94212 kB
SwapTotal:        520908 kB
SwapFree:         361616 kB
Dirty:             42548 kB
Writeback:             0 kB
AnonPages:        126012 kB
Mapped:           921400 kB
Shmem:               572 kB
Slab:              86668 kB
SReclaimable:      33216 kB
SUnreclaim:        53452 kB
KernelStack:       14944 kB
PageTables:        14444 kB
NFS_Unstable:          0 kB
Bounce:                0 kB
WritebackTmp:          0 kB
CommitLimit:     1450072 kB
Committed_AS:   22266316 kB
VmallocTotal:   251658176 kB
VmallocUsed:       96568 kB
VmallocChunk:   251482716 kB


[2024-11-20 06:39:31]
MemTotal:        1858332 kB
MemFree:          143612 kB
Buffers:             160 kB
Cached:          1218236 kB
SwapCached:        17140 kB
Active:           655580 kB
Inactive:         591516 kB
Active(anon):      96408 kB
Inactive(anon):    32184 kB
Active(file):     559172 kB
Inactive(file):   559332 kB
Unevictable:       99496 kB
Mlocked:           94212 kB
SwapTotal:        520908 kB
SwapFree:         361616 kB
Dirty:               824 kB
Writeback:          3916 kB
AnonPages:        127060 kB
Mapped:           918844 kB
Shmem:               572 kB
Slab:              86868 kB
SReclaimable:      33296 kB
SUnreclaim:        53572 kB
KernelStack:       14976 kB
PageTables:        14508 kB
NFS_Unstable:          0 kB
Bounce:                0 kB
WritebackTmp:          0 kB
CommitLimit:     1450072 kB
Committed_AS:   22266304 kB
VmallocTotal:   251658176 kB
VmallocUsed:       96568 kB
VmallocChunk:   251482716 kB


[2024-11-20 06:39:33]
MemTotal:        1858332 kB
MemFree:          143356 kB
Buffers:             168 kB
Cached:          1218712 kB
SwapCached:        17140 kB
Active:           655464 kB
Inactive:         591720 kB
Active(anon):      96064 kB
Inactive(anon):    32160 kB
Active(file):     559400 kB
Inactive(file):   559560 kB
Unevictable:       99496 kB
Mlocked:           94212 kB
SwapTotal:        520908 kB
SwapFree:         361616 kB
Dirty:             28620 kB
Writeback:             0 kB
AnonPages:        126880 kB
Mapped:           917644 kB
Shmem:               572 kB
Slab:              86860 kB
SReclaimable:      33288 kB
SUnreclaim:        53572 kB
KernelStack:       14944 kB
PageTables:        14488 kB
NFS_Unstable:          0 kB
Bounce:                0 kB
WritebackTmp:          0 kB
CommitLimit:     1450072 kB
Committed_AS:   22266100 kB
VmallocTotal:   251658176 kB
VmallocUsed:       96568 kB
VmallocChunk:   251482716 kB


[2024-11-20 06:39:35]
MemTotal:        1858332 kB
MemFree:          142152 kB
Buffers:             160 kB
Cached:          1220512 kB
SwapCached:        17140 kB
Active:           655488 kB
Inactive:         593596 kB
Active(anon):      96400 kB
Inactive(anon):    32124 kB
Active(file):     559088 kB
Inactive(file):   561472 kB
Unevictable:       99496 kB
Mlocked:           94212 kB
SwapTotal:        520908 kB
SwapFree:         361616 kB
Dirty:             57232 kB
Writeback:             0 kB
AnonPages:        126936 kB
Mapped:           914904 kB
Shmem:               572 kB
Slab:              86948 kB
SReclaimable:      33376 kB
SUnreclaim:        53572 kB
KernelStack:       14944 kB
PageTables:        14512 kB
NFS_Unstable:          0 kB
Bounce:                0 kB
WritebackTmp:          0 kB
CommitLimit:     1450072 kB
Committed_AS:   22266196 kB
VmallocTotal:   251658176 kB
VmallocUsed:       96568 kB
VmallocChunk:   251482716 kB


[2024-11-20 06:39:37]
MemTotal:        1858332 kB
MemFree:          142832 kB
Buffers:             160 kB
Cached:          1219528 kB
SwapCached:        17140 kB
Active:           655728 kB
Inactive:         592312 kB
Active(anon):      96328 kB
Inactive(anon):    32096 kB
Active(file):     559400 kB
Inactive(file):   560216 kB
Unevictable:       99496 kB
Mlocked:           94212 kB
SwapTotal:        520908 kB
SwapFree:         361612 kB
Dirty:             17664 kB
Writeback:             0 kB
AnonPages:        126940 kB
Mapped:           912852 kB
Shmem:               572 kB
Slab:              86924 kB
SReclaimable:      33320 kB
SUnreclaim:        53604 kB
KernelStack:       14944 kB
PageTables:        14528 kB
NFS_Unstable:          0 kB
Bounce:                0 kB
WritebackTmp:          0 kB
CommitLimit:     1450072 kB
Committed_AS:   22266072 kB
VmallocTotal:   251658176 kB
VmallocUsed:       96568 kB
VmallocChunk:   251482716 kB


[2024-11-20 06:39:39]
MemTotal:        1858332 kB
MemFree:          141432 kB
Buffers:             168 kB
Cached:          1219400 kB
SwapCached:        17140 kB
Active:           656248 kB
Inactive:         592348 kB
Active(anon):      96800 kB
Inactive(anon):    32188 kB
Active(file):     559448 kB
Inactive(file):   560160 kB
Unevictable:       99496 kB
Mlocked:           94212 kB
SwapTotal:        520908 kB
SwapFree:         361612 kB
Dirty:             50224 kB
Writeback:             0 kB
AnonPages:        127216 kB
Mapped:           908360 kB
Shmem:               572 kB
Slab:              87036 kB
SReclaimable:      33432 kB
SUnreclaim:        53604 kB
KernelStack:       14944 kB
PageTables:        14548 kB
NFS_Unstable:          0 kB
Bounce:                0 kB
WritebackTmp:          0 kB
CommitLimit:     1450072 kB
Committed_AS:   22266196 kB
VmallocTotal:   251658176 kB
VmallocUsed:       96568 kB
VmallocChunk:   251482716 kB


[2024-11-20 06:39:42]
MemTotal:        1858332 kB
MemFree:          140964 kB
Buffers:             448 kB
Cached:          1220012 kB
SwapCached:        17136 kB
Active:           656400 kB
Inactive:         593272 kB
Active(anon):      96984 kB
Inactive(anon):    32272 kB
Active(file):     559416 kB
Inactive(file):   561000 kB
Unevictable:       99496 kB
Mlocked:           94212 kB
SwapTotal:        520908 kB
SwapFree:         361612 kB
Dirty:              2920 kB
Writeback:           152 kB
AnonPages:        127720 kB
Mapped:           903304 kB
Shmem:               572 kB
Slab:              86928 kB
SReclaimable:      33412 kB
SUnreclaim:        53516 kB
KernelStack:       14944 kB
PageTables:        14568 kB
NFS_Unstable:          0 kB
Bounce:                0 kB
WritebackTmp:          0 kB
CommitLimit:     1450072 kB
Committed_AS:   22266460 kB
VmallocTotal:   251658176 kB
VmallocUsed:       96568 kB
VmallocChunk:   251482716 kB


[2024-11-20 06:39:44]
MemTotal:        1858332 kB
MemFree:          113820 kB
Buffers:             560 kB
Cached:          1217788 kB
SwapCached:        17136 kB
Active:           683208 kB
Inactive:         593292 kB
Active(anon):     124200 kB
Inactive(anon):    34040 kB
Active(file):     559008 kB
Inactive(file):   559252 kB
Unevictable:       99496 kB
Mlocked:           94212 kB
SwapTotal:        520908 kB
SwapFree:         361612 kB
Dirty:              3100 kB
Writeback:             0 kB
AnonPages:        156920 kB
Mapped:           899576 kB
Shmem:               572 kB
Slab:              86636 kB
SReclaimable:      33120 kB
SUnreclaim:        53516 kB
KernelStack:       15120 kB
PageTables:        14712 kB
NFS_Unstable:          0 kB
Bounce:                0 kB
WritebackTmp:          0 kB
CommitLimit:     1450072 kB
Committed_AS:   22377292 kB
VmallocTotal:   251658176 kB
VmallocUsed:       96568 kB
VmallocChunk:   251482716 kB


[2024-11-20 06:39:46]
MemTotal:        1858332 kB
MemFree:           89968 kB
Buffers:             560 kB
Cached:          1218060 kB
SwapCached:        17136 kB
Active:           706956 kB
Inactive:         593740 kB
Active(anon):     147904 kB
Inactive(anon):    34040 kB
Active(file):     559052 kB
Inactive(file):   559700 kB
Unevictable:       99496 kB
Mlocked:           94212 kB
SwapTotal:        520908 kB
SwapFree:         361612 kB
Dirty:                 0 kB
Writeback:          1656 kB
AnonPages:        180712 kB
Mapped:           899792 kB
Shmem:               572 kB
Slab:              86636 kB
SReclaimable:      33120 kB
SUnreclaim:        53516 kB
KernelStack:       15136 kB
PageTables:        14756 kB
NFS_Unstable:          0 kB
Bounce:                0 kB
WritebackTmp:          0 kB
CommitLimit:     1450072 kB
Committed_AS:   22400644 kB
VmallocTotal:   251658176 kB
VmallocUsed:       96568 kB
VmallocChunk:   251482716 kB


[2024-11-20 06:39:48]
MemTotal:        1858332 kB
MemFree:           34044 kB
Buffers:             208 kB
Cached:           998428 kB
SwapCached:        17132 kB
Active:           827172 kB
Inactive:         535520 kB
Active(anon):     353220 kB
Inactive(anon):   110632 kB
Active(file):     473952 kB
Inactive(file):   424888 kB
Unevictable:       99496 kB
Mlocked:           94212 kB
SwapTotal:        520908 kB
SwapFree:         361588 kB
Dirty:                 0 kB
Writeback:             0 kB
AnonPages:        462548 kB
Mapped:           773800 kB
Shmem:               572 kB
Slab:              79708 kB
SReclaimable:      26192 kB
SUnreclaim:        53516 kB
KernelStack:       15136 kB
PageTables:        15364 kB
NFS_Unstable:          0 kB
Bounce:                0 kB
WritebackTmp:          0 kB
CommitLimit:     1450072 kB
Committed_AS:   23193972 kB
VmallocTotal:   251658176 kB
VmallocUsed:       96568 kB
VmallocChunk:   251482716 kB


[2024-11-20 06:39:50]
MemTotal:        1858332 kB
MemFree:           32440 kB
Buffers:             104 kB
Cached:           492072 kB
SwapCached:        15924 kB
Active:           924600 kB
Inactive:         438828 kB
Active(anon):     728916 kB
Inactive(anon):   243108 kB
Active(file):     195684 kB
Inactive(file):   195720 kB
Unevictable:       99496 kB
Mlocked:           94212 kB
SwapTotal:        520908 kB
SwapFree:         361356 kB
Dirty:                 0 kB
Writeback:             0 kB
AnonPages:        971668 kB
Mapped:           147912 kB
Shmem:               572 kB
Slab:              78996 kB
SReclaimable:      25496 kB
SUnreclaim:        53500 kB
KernelStack:       15168 kB
PageTables:        16284 kB
NFS_Unstable:          0 kB
Bounce:                0 kB
WritebackTmp:          0 kB
CommitLimit:     1450072 kB
Committed_AS:   23193924 kB
VmallocTotal:   251658176 kB
VmallocUsed:       96568 kB
VmallocChunk:   251482716 kB


[2024-11-20 06:39:52]
MemTotal:        1858332 kB
MemFree:           56952 kB
Buffers:             184 kB
Cached:           180228 kB
SwapCached:        15860 kB
Active:           989920 kB
Inactive:         352016 kB
Active(anon):     947984 kB
Inactive(anon):   313696 kB
Active(file):      41936 kB
Inactive(file):    38320 kB
Unevictable:       99496 kB
Mlocked:           94212 kB
SwapTotal:        520908 kB
SwapFree:         362104 kB
Dirty:                16 kB
Writeback:             0 kB
AnonPages:       1261412 kB
Mapped:           113580 kB
Shmem:               572 kB
Slab:              78640 kB
SReclaimable:      25200 kB
SUnreclaim:        53440 kB
KernelStack:       15056 kB
PageTables:        15568 kB
NFS_Unstable:          0 kB
Bounce:                0 kB
WritebackTmp:          0 kB
CommitLimit:     1450072 kB
Committed_AS:   20274404 kB
VmallocTotal:   251658176 kB
VmallocUsed:       93244 kB
VmallocChunk:   251482716 kB


[2024-11-20 06:39:55]
MemTotal:        1858332 kB
MemFree:           43640 kB
Buffers:             384 kB
Cached:           205984 kB
SwapCached:        16688 kB
Active:           994392 kB
Inactive:         377704 kB
Active(anon):     949448 kB
Inactive(anon):   316376 kB
Active(file):      44944 kB
Inactive(file):    61328 kB
Unevictable:       99496 kB
Mlocked:           94212 kB
SwapTotal:        520908 kB
SwapFree:         362108 kB
Dirty:                20 kB
Writeback:             0 kB
AnonPages:       1264768 kB
Mapped:           127468 kB
Shmem:               568 kB
Slab:              78576 kB
SReclaimable:      25168 kB
SUnreclaim:        53408 kB
KernelStack:       14928 kB
PageTables:        16012 kB
NFS_Unstable:          0 kB
Bounce:                0 kB
WritebackTmp:          0 kB
CommitLimit:     1450072 kB
Committed_AS:   22195724 kB
VmallocTotal:   251658176 kB
VmallocUsed:       94264 kB
VmallocChunk:   251482716 kB


[2024-11-20 06:39:57]
MemTotal:        1858332 kB
MemFree:           41068 kB
Buffers:             476 kB
Cached:           209364 kB
SwapCached:        15748 kB
Active:          1007796 kB
Inactive:         372832 kB
Active(anon):     953276 kB
Inactive(anon):   317656 kB
Active(file):      54520 kB
Inactive(file):    55176 kB
Unevictable:       99496 kB
Mlocked:           94212 kB
SwapTotal:        520908 kB
SwapFree:         355776 kB
Dirty:                32 kB
Writeback:             0 kB
AnonPages:       1269704 kB
Mapped:           135484 kB
Shmem:               564 kB
Slab:              78648 kB
SReclaimable:      25192 kB
SUnreclaim:        53456 kB
KernelStack:       15232 kB
PageTables:        16748 kB
NFS_Unstable:          0 kB
Bounce:                0 kB
WritebackTmp:          0 kB
CommitLimit:     1450072 kB
Committed_AS:   24116832 kB
VmallocTotal:   251658176 kB
VmallocUsed:       95284 kB
VmallocChunk:   251482716 kB


[2024-11-20 06:40:00]
MemTotal:        1858332 kB
MemFree:           46468 kB
Buffers:             356 kB
Cached:           201308 kB
SwapCached:        13856 kB
Active:           979848 kB
Inactive:         374680 kB
Active(anon):     935668 kB
Inactive(anon):   317180 kB
Active(file):      44180 kB
Inactive(file):    57500 kB
Unevictable:       99496 kB
Mlocked:           94212 kB
SwapTotal:        520908 kB
SwapFree:         350436 kB
Dirty:                 0 kB
Writeback:             0 kB
AnonPages:       1251052 kB
Mapped:           125916 kB
Shmem:               556 kB
Slab:              78680 kB
SReclaimable:      25176 kB
SUnreclaim:        53504 kB
KernelStack:       14768 kB
PageTables:        15456 kB
NFS_Unstable:          0 kB
Bounce:                0 kB
WritebackTmp:          0 kB
CommitLimit:     1450072 kB
Committed_AS:   20274544 kB
VmallocTotal:   251658176 kB
VmallocUsed:       93244 kB
VmallocChunk:   251482716 kB


[2024-11-20 06:40:02]
MemTotal:        1858332 kB
MemFree:           45872 kB
Buffers:             356 kB
Cached:           204660 kB
SwapCached:        14316 kB
Active:           980440 kB
Inactive:         378804 kB
Active(anon):     936112 kB
Inactive(anon):   317868 kB
Active(file):      44328 kB
Inactive(file):    60936 kB
Unevictable:       99496 kB
Mlocked:           94212 kB
SwapTotal:        520908 kB
SwapFree:         350744 kB
Dirty:                 4 kB
Writeback:             0 kB
AnonPages:       1252240 kB
Mapped:           126872 kB
Shmem:               556 kB
Slab:              78608 kB
SReclaimable:      25176 kB
SUnreclaim:        53432 kB
KernelStack:       14768 kB
PageTables:        15456 kB
NFS_Unstable:          0 kB
Bounce:                0 kB
WritebackTmp:          0 kB
CommitLimit:     1450072 kB
Committed_AS:   20274592 kB
VmallocTotal:   251658176 kB
VmallocUsed:       93244 kB
VmallocChunk:   251482716 kB


[2024-11-20 06:40:04]
MemTotal:        1858332 kB
MemFree:           43736 kB
Buffers:             388 kB
Cached:           206384 kB
SwapCached:        14384 kB
Active:           984136 kB
Inactive:         379780 kB
Active(anon):     939192 kB
Inactive(anon):   317880 kB
Active(file):      44944 kB
Inactive(file):    61900 kB
Unevictable:       99496 kB
Mlocked:           94212 kB
SwapTotal:        520908 kB
SwapFree:         350572 kB
Dirty:                 4 kB
Writeback:             0 kB
AnonPages:       1255556 kB
Mapped:           131508 kB
Shmem:               560 kB
Slab:              78632 kB
SReclaimable:      25176 kB
SUnreclaim:        53456 kB
KernelStack:       14976 kB
PageTables:        16100 kB
NFS_Unstable:          0 kB
Bounce:                0 kB
WritebackTmp:          0 kB
CommitLimit:     1450072 kB
Committed_AS:   22195780 kB
VmallocTotal:   251658176 kB
VmallocUsed:       94264 kB
VmallocChunk:   251482716 kB


[2024-11-20 06:40:06]
MemTotal:        1858332 kB
MemFree:           34964 kB
Buffers:             392 kB
Cached:           199704 kB
SwapCached:        14132 kB
Active:          1000132 kB
Inactive:         372392 kB
Active(anon):     954412 kB
Inactive(anon):   317840 kB
Active(file):      45720 kB
Inactive(file):    54552 kB
Unevictable:       99496 kB
Mlocked:           94212 kB
SwapTotal:        520908 kB
SwapFree:         350688 kB
Dirty:                84 kB
Writeback:             0 kB
AnonPages:       1271112 kB
Mapped:           139376 kB
Shmem:               560 kB
Slab:              78568 kB
SReclaimable:      25128 kB
SUnreclaim:        53440 kB
KernelStack:       15216 kB
PageTables:        16768 kB
NFS_Unstable:          0 kB
Bounce:                0 kB
WritebackTmp:          0 kB
CommitLimit:     1450072 kB
Committed_AS:   24117592 kB
VmallocTotal:   251658176 kB
VmallocUsed:       95284 kB
VmallocChunk:   251482716 kB


[2024-11-20 06:40:09]
MemTotal:        1858332 kB
MemFree:           52472 kB
Buffers:             308 kB
Cached:           176828 kB
SwapCached:        13984 kB
Active:           987956 kB
Inactive:         351880 kB
Active(anon):     946852 kB
Inactive(anon):   315696 kB
Active(file):      41104 kB
Inactive(file):    36184 kB
Unevictable:       99496 kB
Mlocked:           94212 kB
SwapTotal:        520908 kB
SwapFree:         350396 kB
Dirty:                 0 kB
Writeback:             0 kB
AnonPages:       1249832 kB
Mapped:           132260 kB
Shmem:               564 kB
Slab:              78220 kB
SReclaimable:      24940 kB
SUnreclaim:        53280 kB
KernelStack:       14832 kB
PageTables:        16228 kB
NFS_Unstable:          0 kB
Bounce:                0 kB
WritebackTmp:          0 kB
CommitLimit:     1450072 kB
Committed_AS:   22196608 kB
VmallocTotal:   251658176 kB
VmallocUsed:       94400 kB
VmallocChunk:   251482716 kB


[2024-11-20 06:40:12]
MemTotal:        1858332 kB
MemFree:           61796 kB
Buffers:             328 kB
Cached:           181372 kB
SwapCached:        14100 kB
Active:           974264 kB
Inactive:         356720 kB
Active(anon):     933152 kB
Inactive(anon):   315944 kB
Active(file):      41112 kB
Inactive(file):    40776 kB
Unevictable:       99496 kB
Mlocked:           94212 kB
SwapTotal:        520908 kB
SwapFree:         350572 kB
Dirty:                 0 kB
Writeback:             0 kB
AnonPages:       1247252 kB
Mapped:           127164 kB
Shmem:               560 kB
Slab:              78252 kB
SReclaimable:      24940 kB
SUnreclaim:        53312 kB
KernelStack:       14768 kB
PageTables:        15444 kB
NFS_Unstable:          0 kB
Bounce:                0 kB
WritebackTmp:          0 kB
CommitLimit:     1450072 kB
Committed_AS:   20274376 kB
VmallocTotal:   251658176 kB
VmallocUsed:      101608 kB
VmallocChunk:   251430828 kB


[2024-11-20 06:40:14]
MemTotal:        1858332 kB
MemFree:           53372 kB
Buffers:             336 kB
Cached:           189248 kB
SwapCached:        14236 kB
Active:           974788 kB
Inactive:         364772 kB
Active(anon):     933676 kB
Inactive(anon):   316100 kB
Active(file):      41112 kB
Inactive(file):    48672 kB
Unevictable:       99496 kB
Mlocked:           94212 kB
SwapTotal:        520908 kB
SwapFree:         350712 kB
Dirty:                 4 kB
Writeback:             0 kB
AnonPages:       1247956 kB
Mapped:           127636 kB
Shmem:               560 kB
Slab:              78308 kB
SReclaimable:      24940 kB
SUnreclaim:        53368 kB
KernelStack:       14800 kB
PageTables:        15480 kB
NFS_Unstable:          0 kB
Bounce:                0 kB
WritebackTmp:          0 kB
CommitLimit:     1450072 kB
Committed_AS:   20274400 kB
VmallocTotal:   251658176 kB
VmallocUsed:       93244 kB
VmallocChunk:   251482716 kB


[2024-11-20 06:40:17]
MemTotal:        1858332 kB
MemFree:           52752 kB
Buffers:             336 kB
Cached:           189276 kB
SwapCached:        14236 kB
Active:           975632 kB
Inactive:         364788 kB
Active(anon):     934520 kB
Inactive(anon):   316100 kB
Active(file):      41112 kB
Inactive(file):    48688 kB
Unevictable:       99496 kB
Mlocked:           94212 kB
SwapTotal:        520908 kB
SwapFree:         350740 kB
Dirty:                32 kB
Writeback:             0 kB
AnonPages:       1248708 kB
Mapped:           127472 kB
Shmem:               560 kB
Slab:              78308 kB
SReclaimable:      24940 kB
SUnreclaim:        53368 kB
KernelStack:       14768 kB
PageTables:        15444 kB
NFS_Unstable:          0 kB
Bounce:                0 kB
WritebackTmp:          0 kB
CommitLimit:     1450072 kB
Committed_AS:   20274484 kB
VmallocTotal:   251658176 kB
VmallocUsed:       93244 kB
VmallocChunk:   251482716 kB


[2024-11-20 06:40:19]
MemTotal:        1858332 kB
MemFree:           49232 kB
Buffers:             336 kB
Cached:           192848 kB
SwapCached:        14428 kB
Active:           974928 kB
Inactive:         368736 kB
Active(anon):     933816 kB
Inactive(anon):   316464 kB
Active(file):      41112 kB
Inactive(file):    52272 kB
Unevictable:       99496 kB
Mlocked:           94212 kB
SwapTotal:        520908 kB
SwapFree:         351252 kB
Dirty:                32 kB
Writeback:             0 kB
AnonPages:       1248500 kB
Mapped:           128368 kB
Shmem:               560 kB
Slab:              78308 kB
SReclaimable:      24940 kB
SUnreclaim:        53368 kB
KernelStack:       14800 kB
PageTables:        15460 kB
NFS_Unstable:          0 kB
Bounce:                0 kB
WritebackTmp:          0 kB
CommitLimit:     1450072 kB
Committed_AS:   20274508 kB
VmallocTotal:   251658176 kB
VmallocUsed:       93244 kB
VmallocChunk:   251482716 kB


[2024-11-20 06:40:22]
MemTotal:        1858332 kB
MemFree:           49172 kB
Buffers:             336 kB
Cached:           193368 kB
SwapCached:        14540 kB
Active:           975556 kB
Inactive:         369496 kB
Active(anon):     934444 kB
Inactive(anon):   316704 kB
Active(file):      41112 kB
Inactive(file):    52792 kB
Unevictable:       99496 kB
Mlocked:           94212 kB
SwapTotal:        520908 kB
SwapFree:         351400 kB
Dirty:                12 kB
Writeback:             0 kB
AnonPages:       1249400 kB
Mapped:           128736 kB
Shmem:               560 kB
Slab:              78308 kB
SReclaimable:      24940 kB
SUnreclaim:        53368 kB
KernelStack:       14800 kB
PageTables:        15472 kB
NFS_Unstable:          0 kB
Bounce:                0 kB
WritebackTmp:          0 kB
CommitLimit:     1450072 kB
Committed_AS:   20274240 kB
VmallocTotal:   251658176 kB
VmallocUsed:       93244 kB
VmallocChunk:   251482716 kB


[2024-11-20 06:40:24]
MemTotal:        1858332 kB
MemFree:           49664 kB
Buffers:             336 kB
Cached:           192740 kB
SwapCached:        15328 kB
Active:           975816 kB
Inactive:         370340 kB
Active(anon):     934704 kB
Inactive(anon):   318104 kB
Active(file):      41112 kB
Inactive(file):    52236 kB
Unevictable:       99496 kB
Mlocked:           94212 kB
SwapTotal:        520908 kB
SwapFree:         352092 kB
Dirty:                12 kB
Writeback:             0 kB
AnonPages:       1251088 kB
Mapped:           128944 kB
Shmem:               560 kB
Slab:              78308 kB
SReclaimable:      24940 kB
SUnreclaim:        53368 kB
KernelStack:       14768 kB
PageTables:        15444 kB
NFS_Unstable:          0 kB
Bounce:                0 kB
WritebackTmp:          0 kB
CommitLimit:     1450072 kB
Committed_AS:   20274408 kB
VmallocTotal:   251658176 kB
VmallocUsed:       93244 kB
VmallocChunk:   251482716 kB


[2024-11-20 06:40:27]
MemTotal:        1858332 kB
MemFree:           48828 kB
Buffers:             336 kB
Cached:           192804 kB
SwapCached:        15912 kB
Active:           976068 kB
Inactive:         370920 kB
Active(anon):     934956 kB
Inactive(anon):   318692 kB
Active(file):      41112 kB
Inactive(file):    52228 kB
Unevictable:       99496 kB
Mlocked:           94212 kB
SwapTotal:        520908 kB
SwapFree:         352256 kB
Dirty:                 0 kB
Writeback:             0 kB
AnonPages:       1251800 kB
Mapped:           128972 kB
Shmem:               560 kB
Slab:              78308 kB
SReclaimable:      24940 kB
SUnreclaim:        53368 kB
KernelStack:       14768 kB
PageTables:        15444 kB
NFS_Unstable:          0 kB
Bounce:                0 kB
WritebackTmp:          0 kB
CommitLimit:     1450072 kB
Committed_AS:   20274388 kB
VmallocTotal:   251658176 kB
VmallocUsed:       93244 kB
VmallocChunk:   251482716 kB


[2024-11-20 06:40:29]
MemTotal:        1858332 kB
MemFree:           45212 kB
Buffers:             368 kB
Cached:           193856 kB
SwapCached:        17420 kB
Active:           980944 kB
Inactive:         374840 kB
Active(anon):     939832 kB
Inactive(anon):   321616 kB
Active(file):      41112 kB
Inactive(file):    53224 kB
Unevictable:       99496 kB
Mlocked:           94212 kB
SwapTotal:        520908 kB
SwapFree:         354076 kB
Dirty:                32 kB
Writeback:             0 kB
AnonPages:       1259692 kB
Mapped:           133960 kB
Shmem:               560 kB
Slab:              78308 kB
SReclaimable:      24940 kB
SUnreclaim:        53368 kB
KernelStack:       14976 kB
PageTables:        16104 kB
NFS_Unstable:          0 kB
Bounce:                0 kB
WritebackTmp:          0 kB
CommitLimit:     1450072 kB
Committed_AS:   22195756 kB
VmallocTotal:   251658176 kB
VmallocUsed:       94264 kB
VmallocChunk:   251482716 kB


[2024-11-20 06:40:32]
MemTotal:        1858332 kB
MemFree:           50800 kB
Buffers:             396 kB
Cached:           194212 kB
SwapCached:        17448 kB
Active:           977544 kB
Inactive:         375168 kB
Active(anon):     935976 kB
Inactive(anon):   321764 kB
Active(file):      41568 kB
Inactive(file):    53404 kB
Unevictable:       99496 kB
Mlocked:           94212 kB
SwapTotal:        520908 kB
SwapFree:         354008 kB
Dirty:                32 kB
Writeback:             0 kB
AnonPages:       1255816 kB
Mapped:           129876 kB
Shmem:               560 kB
Slab:              78308 kB
SReclaimable:      24940 kB
SUnreclaim:        53368 kB
KernelStack:       14928 kB
PageTables:        15492 kB
NFS_Unstable:          0 kB
Bounce:                0 kB
WritebackTmp:          0 kB
CommitLimit:     1450072 kB
Committed_AS:   20274532 kB
VmallocTotal:   251658176 kB
VmallocUsed:       93244 kB
VmallocChunk:   251482716 kB


[2024-11-20 06:40:34]
MemTotal:        1858332 kB
MemFree:           50692 kB
Buffers:             404 kB
Cached:           194304 kB
SwapCached:        17476 kB
Active:           977680 kB
Inactive:         375032 kB
Active(anon):     936104 kB
Inactive(anon):   321672 kB
Active(file):      41576 kB
Inactive(file):    53360 kB
Unevictable:       99496 kB
Mlocked:           94212 kB
SwapTotal:        520908 kB
SwapFree:         354012 kB
Dirty:                 0 kB
Writeback:             0 kB
AnonPages:       1255848 kB
Mapped:           129960 kB
Shmem:               560 kB
Slab:              78308 kB
SReclaimable:      24940 kB
SUnreclaim:        53368 kB
KernelStack:       14800 kB
PageTables:        15480 kB
NFS_Unstable:          0 kB
Bounce:                0 kB
WritebackTmp:          0 kB
CommitLimit:     1450072 kB
Committed_AS:   20274316 kB
VmallocTotal:   251658176 kB
VmallocUsed:       93244 kB
VmallocChunk:   251482716 kB


[2024-11-20 06:40:37]
MemTotal:        1858332 kB
MemFree:           48944 kB
Buffers:             404 kB
Cached:           194632 kB
SwapCached:        18392 kB
Active:           978000 kB
Inactive:         377164 kB
Active(anon):     936424 kB
Inactive(anon):   323504 kB
Active(file):      41576 kB
Inactive(file):    53660 kB
Unevictable:       99496 kB
Mlocked:           94212 kB
SwapTotal:        520908 kB
SwapFree:         354928 kB
Dirty:                32 kB
Writeback:             0 kB
AnonPages:       1258020 kB
Mapped:           129736 kB
Shmem:               560 kB
Slab:              78308 kB
SReclaimable:      24940 kB
SUnreclaim:        53368 kB
KernelStack:       14800 kB
PageTables:        15496 kB
NFS_Unstable:          0 kB
Bounce:                0 kB
WritebackTmp:          0 kB
CommitLimit:     1450072 kB
Committed_AS:   20274220 kB
VmallocTotal:   251658176 kB
VmallocUsed:       93244 kB
VmallocChunk:   251482716 kB


[2024-11-20 06:40:39]
MemTotal:        1858332 kB
MemFree:           48640 kB
Buffers:             404 kB
Cached:           194632 kB
SwapCached:        18428 kB
Active:           978224 kB
Inactive:         377448 kB
Active(anon):     936648 kB
Inactive(anon):   323788 kB
Active(file):      41576 kB
Inactive(file):    53660 kB
Unevictable:       99496 kB
Mlocked:           94212 kB
SwapTotal:        520908 kB
SwapFree:         355208 kB
Dirty:                32 kB
Writeback:             0 kB
AnonPages:       1258604 kB
Mapped:           129860 kB
Shmem:               560 kB
Slab:              78308 kB
SReclaimable:      24940 kB
SUnreclaim:        53368 kB
KernelStack:       14768 kB
PageTables:        15456 kB
NFS_Unstable:          0 kB
Bounce:                0 kB
WritebackTmp:          0 kB
CommitLimit:     1450072 kB
Committed_AS:   20274360 kB
VmallocTotal:   251658176 kB
VmallocUsed:       93244 kB
VmallocChunk:   251482716 kB


[2024-11-20 06:40:42]
MemTotal:        1858332 kB
MemFree:           47896 kB
Buffers:             408 kB
Cached:           196012 kB
SwapCached:        18448 kB
Active:           978860 kB
Inactive:         377656 kB
Active(anon):     937284 kB
Inactive(anon):   323092 kB
Active(file):      41576 kB
Inactive(file):    54564 kB
Unevictable:       99496 kB
Mlocked:           94212 kB
SwapTotal:        520908 kB
SwapFree:         355112 kB
Dirty:                 0 kB
Writeback:             0 kB
AnonPages:       1258152 kB
Mapped:           130072 kB
Shmem:               560 kB
Slab:              78316 kB
SReclaimable:      24940 kB
SUnreclaim:        53376 kB
KernelStack:       14768 kB
PageTables:        15468 kB
NFS_Unstable:          0 kB
Bounce:                0 kB
WritebackTmp:          0 kB
CommitLimit:     1450072 kB
Committed_AS:   20274324 kB
VmallocTotal:   251658176 kB
VmallocUsed:       93244 kB
VmallocChunk:   251482716 kB


[2024-11-20 06:40:44]
MemTotal:        1858332 kB
MemFree:           47640 kB
Buffers:             408 kB
Cached:           197684 kB
SwapCached:        18472 kB
Active:           979044 kB
Inactive:         379592 kB
Active(anon):     937440 kB
Inactive(anon):   322904 kB
Active(file):      41604 kB
Inactive(file):    56688 kB
Unevictable:       99496 kB
Mlocked:           94212 kB
SwapTotal:        520908 kB
SwapFree:         355120 kB
Dirty:                 0 kB
Writeback:             0 kB
AnonPages:       1258500 kB
Mapped:           130284 kB
Shmem:               560 kB
Slab:              78316 kB
SReclaimable:      24940 kB
SUnreclaim:        53376 kB
KernelStack:       14768 kB
PageTables:        15456 kB
NFS_Unstable:          0 kB
Bounce:                0 kB
WritebackTmp:          0 kB
CommitLimit:     1450072 kB
Committed_AS:   20274304 kB
VmallocTotal:   251658176 kB
VmallocUsed:       93244 kB
VmallocChunk:   251482716 kB


[2024-11-20 06:40:47]
MemTotal:        1858332 kB
MemFree:           47796 kB
Buffers:             408 kB
Cached:           197840 kB
SwapCached:        18472 kB
Active:           979088 kB
Inactive:         379708 kB
Active(anon):     937484 kB
Inactive(anon):   322884 kB
Active(file):      41604 kB
Inactive(file):    56824 kB
Unevictable:       99496 kB
Mlocked:           94212 kB
SwapTotal:        520908 kB
SwapFree:         355120 kB
Dirty:                 0 kB
Writeback:             0 kB
AnonPages:       1258536 kB
Mapped:           130624 kB
Shmem:               560 kB
Slab:              78316 kB
SReclaimable:      24940 kB
SUnreclaim:        53376 kB
KernelStack:       14752 kB
PageTables:        15456 kB
NFS_Unstable:          0 kB
Bounce:                0 kB
WritebackTmp:          0 kB
CommitLimit:     1450072 kB
Committed_AS:   20274340 kB
VmallocTotal:   251658176 kB
VmallocUsed:       93244 kB
VmallocChunk:   251482716 kB


[2024-11-20 06:40:49]
MemTotal:        1858332 kB
MemFree:           47856 kB
Buffers:             408 kB
Cached:           197840 kB
SwapCached:        18472 kB
Active:           979300 kB
Inactive:         379712 kB
Active(anon):     937696 kB
Inactive(anon):   322868 kB
Active(file):      41604 kB
Inactive(file):    56844 kB
Unevictable:       99496 kB
Mlocked:           94212 kB
SwapTotal:        520908 kB
SwapFree:         355120 kB
Dirty:                 0 kB
Writeback:             0 kB
AnonPages:       1258624 kB
Mapped:           130516 kB
Shmem:               560 kB
Slab:              78316 kB
SReclaimable:      24940 kB
SUnreclaim:        53376 kB
KernelStack:       14784 kB
PageTables:        15488 kB
NFS_Unstable:          0 kB
Bounce:                0 kB
WritebackTmp:          0 kB
CommitLimit:     1450072 kB
Committed_AS:   20274312 kB
VmallocTotal:   251658176 kB
VmallocUsed:       93244 kB
VmallocChunk:   251482716 kB


[2024-11-20 06:40:52]
MemTotal:        1858332 kB
MemFree:           47696 kB
Buffers:             408 kB
Cached:           198180 kB
SwapCached:        18472 kB
Active:           979488 kB
Inactive:         380064 kB
Active(anon):     937884 kB
Inactive(anon):   322880 kB
Active(file):      41604 kB
Inactive(file):    57184 kB
Unevictable:       99496 kB
Mlocked:           94212 kB
SwapTotal:        520908 kB
SwapFree:         355136 kB
Dirty:                 0 kB
Writeback:             0 kB
AnonPages:       1258792 kB
Mapped:           130516 kB
Shmem:               560 kB
Slab:              78316 kB
SReclaimable:      24940 kB
SUnreclaim:        53376 kB
KernelStack:       14784 kB
PageTables:        15496 kB
NFS_Unstable:          0 kB
Bounce:                0 kB
WritebackTmp:          0 kB
CommitLimit:     1450072 kB
Committed_AS:   20274400 kB
VmallocTotal:   251658176 kB
VmallocUsed:       93244 kB
VmallocChunk:   251482716 kB


[2024-11-20 06:40:54]
MemTotal:        1858332 kB
MemFree:           47304 kB
Buffers:             408 kB
Cached:           198296 kB
SwapCached:        18472 kB
Active:           979436 kB
Inactive:         380176 kB
Active(anon):     937832 kB
Inactive(anon):   322880 kB
Active(file):      41604 kB
Inactive(file):    57296 kB
Unevictable:       99496 kB
Mlocked:           94212 kB
SwapTotal:        520908 kB
SwapFree:         355136 kB
Dirty:                 0 kB
Writeback:             0 kB
AnonPages:       1258856 kB
Mapped:           130456 kB
Shmem:               560 kB
Slab:              78316 kB
SReclaimable:      24940 kB
SUnreclaim:        53376 kB
KernelStack:       14768 kB
PageTables:        15456 kB
NFS_Unstable:          0 kB
Bounce:                0 kB
WritebackTmp:          0 kB
CommitLimit:     1450072 kB
Committed_AS:   20274240 kB
VmallocTotal:   251658176 kB
VmallocUsed:       93244 kB
VmallocChunk:   251482716 kB


[2024-11-20 06:40:57]
MemTotal:        1858332 kB
MemFree:           47056 kB
Buffers:             408 kB
Cached:           198476 kB
SwapCached:        18476 kB
Active:           979760 kB
Inactive:         380372 kB
Active(anon):     938156 kB
Inactive(anon):   322892 kB
Active(file):      41604 kB
Inactive(file):    57480 kB
Unevictable:       99496 kB
Mlocked:           94212 kB
SwapTotal:        520908 kB
SwapFree:         355148 kB
Dirty:                 0 kB
Writeback:             0 kB
AnonPages:       1259064 kB
Mapped:           130612 kB
Shmem:               560 kB
Slab:              78316 kB
SReclaimable:      24940 kB
SUnreclaim:        53376 kB
KernelStack:       14800 kB
PageTables:        15496 kB
NFS_Unstable:          0 kB
Bounce:                0 kB
WritebackTmp:          0 kB
CommitLimit:     1450072 kB
Committed_AS:   20274308 kB
VmallocTotal:   251658176 kB
VmallocUsed:       93244 kB
VmallocChunk:   251482716 kB


[2024-11-20 06:41:00]
MemTotal:        1858332 kB
MemFree:           46656 kB
Buffers:             408 kB
Cached:           198476 kB
SwapCached:        18476 kB
Active:           979812 kB
Inactive:         380372 kB
Active(anon):     938208 kB
Inactive(anon):   322892 kB
Active(file):      41604 kB
Inactive(file):    57480 kB
Unevictable:       99496 kB
Mlocked:           94212 kB
SwapTotal:        520908 kB
SwapFree:         355188 kB
Dirty:                 0 kB
Writeback:             0 kB
AnonPages:       1259172 kB
Mapped:           130716 kB
Shmem:               560 kB
Slab:              78316 kB
SReclaimable:      24940 kB
SUnreclaim:        53376 kB
KernelStack:       14768 kB
PageTables:        15456 kB
NFS_Unstable:          0 kB
Bounce:                0 kB
WritebackTmp:          0 kB
CommitLimit:     1450072 kB
Committed_AS:   20274368 kB
VmallocTotal:   251658176 kB
VmallocUsed:       93244 kB
VmallocChunk:   251482716 kB


[2024-11-20 06:41:02]
MemTotal:        1858332 kB
MemFree:           46180 kB
Buffers:             408 kB
Cached:           198476 kB
SwapCached:        18476 kB
Active:           980276 kB
Inactive:         380336 kB
Active(anon):     938672 kB
Inactive(anon):   322856 kB
Active(file):      41604 kB
Inactive(file):    57480 kB
Unevictable:       99496 kB
Mlocked:           94212 kB
SwapTotal:        520908 kB
SwapFree:         355188 kB
Dirty:                 0 kB
Writeback:             0 kB
AnonPages:       1259624 kB
Mapped:           130608 kB
Shmem:               560 kB
Slab:              78316 kB
SReclaimable:      24940 kB
SUnreclaim:        53376 kB
KernelStack:       14800 kB
PageTables:        15492 kB
NFS_Unstable:          0 kB
Bounce:                0 kB
WritebackTmp:          0 kB
CommitLimit:     1450072 kB
Committed_AS:   20274296 kB
VmallocTotal:   251658176 kB
VmallocUsed:       93244 kB
VmallocChunk:   251482716 kB


[2024-11-20 06:41:04]
MemTotal:        1858332 kB
MemFree:           46072 kB
Buffers:             408 kB
Cached:           198476 kB
SwapCached:        18476 kB
Active:           980532 kB
Inactive:         380316 kB
Active(anon):     938928 kB
Inactive(anon):   322836 kB
Active(file):      41604 kB
Inactive(file):    57480 kB
Unevictable:       99496 kB
Mlocked:           94212 kB
SwapTotal:        520908 kB
SwapFree:         355192 kB
Dirty:                 0 kB
Writeback:             0 kB
AnonPages:       1259844 kB
Mapped:           130532 kB
Shmem:               560 kB
Slab:              78316 kB
SReclaimable:      24940 kB
SUnreclaim:        53376 kB
KernelStack:       14768 kB
PageTables:        15456 kB
NFS_Unstable:          0 kB
Bounce:                0 kB
WritebackTmp:          0 kB
CommitLimit:     1450072 kB
Committed_AS:   20274360 kB
VmallocTotal:   251658176 kB
VmallocUsed:       93244 kB
VmallocChunk:   251482716 kB


[2024-11-20 06:41:07]
MemTotal:        1858332 kB
MemFree:           46128 kB
Buffers:             408 kB
Cached:           198472 kB
SwapCached:        18480 kB
Active:           980356 kB
Inactive:         380316 kB
Active(anon):     938752 kB
Inactive(anon):   322836 kB
Active(file):      41604 kB
Inactive(file):    57480 kB
Unevictable:       99496 kB
Mlocked:           94212 kB
SwapTotal:        520908 kB
SwapFree:         355252 kB
Dirty:                 0 kB
Writeback:             0 kB
AnonPages:       1259872 kB
Mapped:           130532 kB
Shmem:               560 kB
Slab:              78316 kB
SReclaimable:      24940 kB
SUnreclaim:        53376 kB
KernelStack:       14768 kB
PageTables:        15456 kB
NFS_Unstable:          0 kB
Bounce:                0 kB
WritebackTmp:          0 kB
CommitLimit:     1450072 kB
Committed_AS:   20274268 kB
VmallocTotal:   251658176 kB
VmallocUsed:       93244 kB
VmallocChunk:   251482716 kB


[2024-11-20 06:41:09]
MemTotal:        1858332 kB
MemFree:           46608 kB
Buffers:             408 kB
Cached:           197740 kB
SwapCached:        18476 kB
Active:           980660 kB
Inactive:         379256 kB
Active(anon):     939056 kB
Inactive(anon):   322880 kB
Active(file):      41604 kB
Inactive(file):    56376 kB
Unevictable:       99496 kB
Mlocked:           94212 kB
SwapTotal:        520908 kB
SwapFree:         355232 kB
Dirty:                 0 kB
Writeback:             0 kB
AnonPages:       1259940 kB
Mapped:           130524 kB
Shmem:               560 kB
Slab:              78316 kB
SReclaimable:      24940 kB
SUnreclaim:        53376 kB
KernelStack:       14800 kB
PageTables:        15492 kB
NFS_Unstable:          0 kB
Bounce:                0 kB
WritebackTmp:          0 kB
CommitLimit:     1450072 kB
Committed_AS:   20274252 kB
VmallocTotal:   251658176 kB
VmallocUsed:       93244 kB
VmallocChunk:   251482716 kB


[2024-11-20 06:41:12]
MemTotal:        1858332 kB
MemFree:           48236 kB
Buffers:             408 kB
Cached:           196752 kB
SwapCached:        18476 kB
Active:           980504 kB
Inactive:         378596 kB
Active(anon):     938900 kB
Inactive(anon):   322840 kB
Active(file):      41604 kB
Inactive(file):    55756 kB
Unevictable:       99496 kB
Mlocked:           94212 kB
SwapTotal:        520908 kB
SwapFree:         355232 kB
Dirty:                 0 kB
Writeback:             0 kB
AnonPages:       1259904 kB
Mapped:           130536 kB
Shmem:               560 kB
Slab:              78316 kB
SReclaimable:      24940 kB
SUnreclaim:        53376 kB
KernelStack:       14768 kB
PageTables:        15456 kB
NFS_Unstable:          0 kB
Bounce:                0 kB
WritebackTmp:          0 kB
CommitLimit:     1450072 kB
Committed_AS:   20274364 kB
VmallocTotal:   251658176 kB
VmallocUsed:       93244 kB
VmallocChunk:   251482716 kB


[2024-11-20 06:41:14]
MemTotal:        1858332 kB
MemFree:           47972 kB
Buffers:             408 kB
Cached:           196752 kB
SwapCached:        18476 kB
Active:           980900 kB
Inactive:         378596 kB
Active(anon):     939296 kB
Inactive(anon):   322840 kB
Active(file):      41604 kB
Inactive(file):    55756 kB
Unevictable:       99496 kB
Mlocked:           94212 kB
SwapTotal:        520908 kB
SwapFree:         355232 kB
Dirty:                 0 kB
Writeback:             0 kB
AnonPages:       1260360 kB
Mapped:           130600 kB
Shmem:               560 kB
Slab:              78316 kB
SReclaimable:      24940 kB
SUnreclaim:        53376 kB
KernelStack:       14800 kB
PageTables:        15492 kB
NFS_Unstable:          0 kB
Bounce:                0 kB
WritebackTmp:          0 kB
CommitLimit:     1450072 kB
Committed_AS:   20274112 kB
VmallocTotal:   251658176 kB
VmallocUsed:       93244 kB
VmallocChunk:   251482716 kB


[2024-11-20 06:41:17]
MemTotal:        1858332 kB
MemFree:           47728 kB
Buffers:             408 kB
Cached:           196752 kB
SwapCached:        18476 kB
Active:           980972 kB
Inactive:         378600 kB
Active(anon):     939368 kB
Inactive(anon):   322844 kB
Active(file):      41604 kB
Inactive(file):    55756 kB
Unevictable:       99496 kB
Mlocked:           94212 kB
SwapTotal:        520908 kB
SwapFree:         355236 kB
Dirty:                 0 kB
Writeback:             0 kB
AnonPages:       1260168 kB
Mapped:           130724 kB
Shmem:               560 kB
Slab:              78316 kB
SReclaimable:      24940 kB
SUnreclaim:        53376 kB
KernelStack:       14768 kB
PageTables:        15456 kB
NFS_Unstable:          0 kB
Bounce:                0 kB
WritebackTmp:          0 kB
CommitLimit:     1450072 kB
Committed_AS:   20274364 kB
VmallocTotal:   251658176 kB
VmallocUsed:       93244 kB
VmallocChunk:   251482716 kB


[2024-11-20 06:41:19]
MemTotal:        1858332 kB
MemFree:           47396 kB
Buffers:             408 kB
Cached:           196776 kB
SwapCached:        18480 kB
Active:           981540 kB
Inactive:         378628 kB
Active(anon):     939936 kB
Inactive(anon):   322848 kB
Active(file):      41604 kB
Inactive(file):    55780 kB
Unevictable:       99496 kB
Mlocked:           94212 kB
SwapTotal:        520908 kB
SwapFree:         355236 kB
Dirty:                 0 kB
Writeback:             0 kB
AnonPages:       1260832 kB
Mapped:           130564 kB
Shmem:               560 kB
Slab:              78316 kB
SReclaimable:      24940 kB
SUnreclaim:        53376 kB
KernelStack:       14800 kB
PageTables:        15488 kB
NFS_Unstable:          0 kB
Bounce:                0 kB
WritebackTmp:          0 kB
CommitLimit:     1450072 kB
Committed_AS:   20274412 kB
VmallocTotal:   251658176 kB
VmallocUsed:       93244 kB
VmallocChunk:   251482716 kB


[2024-11-20 06:41:22]
MemTotal:        1858332 kB
MemFree:           47388 kB
Buffers:             408 kB
Cached:           196776 kB
SwapCached:        18484 kB
Active:           981568 kB
Inactive:         378636 kB
Active(anon):     939964 kB
Inactive(anon):   322856 kB
Active(file):      41604 kB
Inactive(file):    55780 kB
Unevictable:       99496 kB
Mlocked:           94212 kB
SwapTotal:        520908 kB
SwapFree:         355264 kB
Dirty:                 0 kB
Writeback:             0 kB
AnonPages:       1260856 kB
Mapped:           130728 kB
Shmem:               560 kB
Slab:              78316 kB
SReclaimable:      24940 kB
SUnreclaim:        53376 kB
KernelStack:       14768 kB
PageTables:        15456 kB
NFS_Unstable:          0 kB
Bounce:                0 kB
WritebackTmp:          0 kB
CommitLimit:     1450072 kB
Committed_AS:   20274208 kB
VmallocTotal:   251658176 kB
VmallocUsed:       93244 kB
VmallocChunk:   251482716 kB


[2024-11-20 06:41:24]
MemTotal:        1858332 kB
MemFree:           47572 kB
Buffers:             408 kB
Cached:           196776 kB
SwapCached:        18484 kB
Active:           981512 kB
Inactive:         378636 kB
Active(anon):     939908 kB
Inactive(anon):   322856 kB
Active(file):      41604 kB
Inactive(file):    55780 kB
Unevictable:       99496 kB
Mlocked:           94212 kB
SwapTotal:        520908 kB
SwapFree:         355264 kB
Dirty:                 0 kB
Writeback:             0 kB
AnonPages:       1260880 kB
Mapped:           130604 kB
Shmem:               560 kB
Slab:              78316 kB
SReclaimable:      24940 kB
SUnreclaim:        53376 kB
KernelStack:       14800 kB
PageTables:        15488 kB
NFS_Unstable:          0 kB
Bounce:                0 kB
WritebackTmp:          0 kB
CommitLimit:     1450072 kB
Committed_AS:   20274164 kB
VmallocTotal:   251658176 kB
VmallocUsed:       93244 kB
VmallocChunk:   251482716 kB


[2024-11-20 06:41:26]
MemTotal:        1858332 kB
MemFree:           46956 kB
Buffers:             408 kB
Cached:           196776 kB
SwapCached:        18484 kB
Active:           981768 kB
Inactive:         378636 kB
Active(anon):     940164 kB
Inactive(anon):   322856 kB
Active(file):      41604 kB
Inactive(file):    55780 kB
Unevictable:       99496 kB
Mlocked:           94212 kB
SwapTotal:        520908 kB
SwapFree:         355264 kB
Dirty:                 0 kB
Writeback:             0 kB
AnonPages:       1261112 kB
Mapped:           130552 kB
Shmem:               560 kB
Slab:              78316 kB
SReclaimable:      24940 kB
SUnreclaim:        53376 kB
KernelStack:       14768 kB
PageTables:        15456 kB
NFS_Unstable:          0 kB
Bounce:                0 kB
WritebackTmp:          0 kB
CommitLimit:     1450072 kB
Committed_AS:   20274504 kB
VmallocTotal:   251658176 kB
VmallocUsed:       93244 kB
VmallocChunk:   251482716 kB


[2024-11-20 06:41:29]
MemTotal:        1858332 kB
MemFree:           46820 kB
Buffers:             408 kB
Cached:           196776 kB
SwapCached:        18484 kB
Active:           982136 kB
Inactive:         378636 kB
Active(anon):     940532 kB
Inactive(anon):   322856 kB
Active(file):      41604 kB
Inactive(file):    55780 kB
Unevictable:       99496 kB
Mlocked:           94212 kB
SwapTotal:        520908 kB
SwapFree:         355264 kB
Dirty:                 0 kB
Writeback:             0 kB
AnonPages:       1261392 kB
Mapped:           130588 kB
Shmem:               560 kB
Slab:              78316 kB
SReclaimable:      24940 kB
SUnreclaim:        53376 kB
KernelStack:       14800 kB
PageTables:        15496 kB
NFS_Unstable:          0 kB
Bounce:                0 kB
WritebackTmp:          0 kB
CommitLimit:     1450072 kB
Committed_AS:   20274264 kB
VmallocTotal:   251658176 kB
VmallocUsed:       93244 kB
VmallocChunk:   251482716 kB


[2024-11-20 06:41:32]
MemTotal:        1858332 kB
MemFree:           47196 kB
Buffers:             408 kB
Cached:           196776 kB
SwapCached:        18484 kB
Active:           981868 kB
Inactive:         378636 kB
Active(anon):     940264 kB
Inactive(anon):   322856 kB
Active(file):      41604 kB
Inactive(file):    55780 kB
Unevictable:       99496 kB
Mlocked:           94212 kB
SwapTotal:        520908 kB
SwapFree:         355264 kB
Dirty:                 0 kB
Writeback:             0 kB
AnonPages:       1261408 kB
Mapped:           130544 kB
Shmem:               560 kB
Slab:              78316 kB
SReclaimable:      24940 kB
SUnreclaim:        53376 kB
KernelStack:       14768 kB
PageTables:        15456 kB
NFS_Unstable:          0 kB
Bounce:                0 kB
WritebackTmp:          0 kB
CommitLimit:     1450072 kB
Committed_AS:   20274212 kB
VmallocTotal:   251658176 kB
VmallocUsed:       93244 kB
VmallocChunk:   251482716 kB


[2024-11-20 06:41:34]
MemTotal:        1858332 kB
MemFree:           46788 kB
Buffers:             408 kB
Cached:           196776 kB
SwapCached:        18484 kB
Active:           982188 kB
Inactive:         378636 kB
Active(anon):     940584 kB
Inactive(anon):   322856 kB
Active(file):      41604 kB
Inactive(file):    55780 kB
Unevictable:       99496 kB
Mlocked:           94212 kB
SwapTotal:        520908 kB
SwapFree:         355264 kB
Dirty:                 0 kB
Writeback:             0 kB
AnonPages:       1261640 kB
Mapped:           130800 kB
Shmem:               560 kB
Slab:              78316 kB
SReclaimable:      24940 kB
SUnreclaim:        53376 kB
KernelStack:       14800 kB
PageTables:        15484 kB
NFS_Unstable:          0 kB
Bounce:                0 kB
WritebackTmp:          0 kB
CommitLimit:     1450072 kB
Committed_AS:   20274448 kB
VmallocTotal:   251658176 kB
VmallocUsed:       93244 kB
VmallocChunk:   251482716 kB


[2024-11-20 06:41:37]
MemTotal:        1858332 kB
MemFree:           44292 kB
Buffers:             416 kB
Cached:           195264 kB
SwapCached:        18496 kB
Active:           986456 kB
Inactive:         376892 kB
Active(anon):     944632 kB
Inactive(anon):   322832 kB
Active(file):      41824 kB
Inactive(file):    54060 kB
Unevictable:       99496 kB
Mlocked:           94212 kB
SwapTotal:        520908 kB
SwapFree:         355296 kB
Dirty:                 0 kB
Writeback:             0 kB
AnonPages:       1265808 kB
Mapped:           134632 kB
Shmem:               560 kB
Slab:              78316 kB
SReclaimable:      24940 kB
SUnreclaim:        53376 kB
KernelStack:       14944 kB
PageTables:        16064 kB
NFS_Unstable:          0 kB
Bounce:                0 kB
WritebackTmp:          0 kB
CommitLimit:     1450072 kB
Committed_AS:   22195872 kB
VmallocTotal:   251658176 kB
VmallocUsed:       94264 kB
VmallocChunk:   251482716 kB


[2024-11-20 06:41:39]
MemTotal:        1858332 kB
MemFree:           43268 kB
Buffers:             420 kB
Cached:           196216 kB
SwapCached:        18140 kB
Active:           989600 kB
Inactive:         376908 kB
Active(anon):     947224 kB
Inactive(anon):   322328 kB
Active(file):      42376 kB
Inactive(file):    54580 kB
Unevictable:       99496 kB
Mlocked:           94212 kB
SwapTotal:        520908 kB
SwapFree:         355640 kB
Dirty:                64 kB
Writeback:             0 kB
AnonPages:       1266052 kB
Mapped:           133104 kB
Shmem:               556 kB
Slab:              78280 kB
SReclaimable:      24904 kB
SUnreclaim:        53376 kB
KernelStack:       15024 kB
PageTables:        16108 kB
NFS_Unstable:          0 kB
Bounce:                0 kB
WritebackTmp:          0 kB
CommitLimit:     1450072 kB
Committed_AS:   22195148 kB
VmallocTotal:   251658176 kB
VmallocUsed:       94264 kB
VmallocChunk:   251482716 kB


[2024-11-20 06:41:42]
MemTotal:        1858332 kB
MemFree:           56164 kB
Buffers:             428 kB
Cached:           197500 kB
SwapCached:        18144 kB
Active:           977888 kB
Inactive:         377032 kB
Active(anon):     935280 kB
Inactive(anon):   321512 kB
Active(file):      42608 kB
Inactive(file):    55520 kB
Unevictable:       99496 kB
Mlocked:           94212 kB
SwapTotal:        520908 kB
SwapFree:         355816 kB
Dirty:                 0 kB
Writeback:             0 kB
AnonPages:       1255124 kB
Mapped:           130080 kB
Shmem:               556 kB
Slab:              78248 kB
SReclaimable:      24872 kB
SUnreclaim:        53376 kB
KernelStack:       14800 kB
PageTables:        15472 kB
NFS_Unstable:          0 kB
Bounce:                0 kB
WritebackTmp:          0 kB
CommitLimit:     1450072 kB
Committed_AS:   20274340 kB
VmallocTotal:   251658176 kB
VmallocUsed:       93244 kB
VmallocChunk:   251482716 kB


[2024-11-20 06:41:45]
MemTotal:        1858332 kB
MemFree:           55712 kB
Buffers:             428 kB
Cached:           197580 kB
SwapCached:        18140 kB
Active:           978120 kB
Inactive:         376996 kB
Active(anon):     935512 kB
Inactive(anon):   321392 kB
Active(file):      42608 kB
Inactive(file):    55604 kB
Unevictable:       99496 kB
Mlocked:           94212 kB
SwapTotal:        520908 kB
SwapFree:         355820 kB
Dirty:                40 kB
Writeback:             0 kB
AnonPages:       1255392 kB
Mapped:           130032 kB
Shmem:               556 kB
Slab:              78248 kB
SReclaimable:      24872 kB
SUnreclaim:        53376 kB
KernelStack:       14768 kB
PageTables:        15444 kB
NFS_Unstable:          0 kB
Bounce:                0 kB
WritebackTmp:          0 kB
CommitLimit:     1450072 kB
Committed_AS:   20274468 kB
VmallocTotal:   251658176 kB
VmallocUsed:       93244 kB
VmallocChunk:   251482716 kB


[2024-11-20 06:41:47]
MemTotal:        1858332 kB
MemFree:           54944 kB
Buffers:             428 kB
Cached:           197680 kB
SwapCached:        18140 kB
Active:           978852 kB
Inactive:         377096 kB
Active(anon):     936244 kB
Inactive(anon):   321392 kB
Active(file):      42608 kB
Inactive(file):    55704 kB
Unevictable:       99496 kB
Mlocked:           94212 kB
SwapTotal:        520908 kB
SwapFree:         355824 kB
Dirty:                40 kB
Writeback:             0 kB
AnonPages:       1256064 kB
Mapped:           130132 kB
Shmem:               556 kB
Slab:              78248 kB
SReclaimable:      24872 kB
SUnreclaim:        53376 kB
KernelStack:       14800 kB
PageTables:        15472 kB
NFS_Unstable:          0 kB
Bounce:                0 kB
WritebackTmp:          0 kB
CommitLimit:     1450072 kB
Committed_AS:   20274204 kB
VmallocTotal:   251658176 kB
VmallocUsed:       93244 kB
VmallocChunk:   251482716 kB


[2024-11-20 06:41:50]
MemTotal:        1858332 kB
MemFree:           56748 kB
Buffers:             428 kB
Cached:           197680 kB
SwapCached:        18140 kB
Active:           977808 kB
Inactive:         376840 kB
Active(anon):     935200 kB
Inactive(anon):   321136 kB
Active(file):      42608 kB
Inactive(file):    55704 kB
Unevictable:       99496 kB
Mlocked:           94212 kB
SwapTotal:        520908 kB
SwapFree:         355824 kB
Dirty:                 0 kB
Writeback:             0 kB
AnonPages:       1254740 kB
Mapped:           129856 kB
Shmem:               556 kB
Slab:              78248 kB
SReclaimable:      24872 kB
SUnreclaim:        53376 kB
KernelStack:       14768 kB
PageTables:        15444 kB
NFS_Unstable:          0 kB
Bounce:                0 kB
WritebackTmp:          0 kB
CommitLimit:     1450072 kB
Committed_AS:   20274288 kB
VmallocTotal:   251658176 kB
VmallocUsed:       93244 kB
VmallocChunk:   251482716 kB


[2024-11-20 06:41:52]
MemTotal:        1858332 kB
MemFree:           56376 kB
Buffers:             428 kB
Cached:           197680 kB
SwapCached:        18140 kB
Active:           977632 kB
Inactive:         376828 kB
Active(anon):     935024 kB
Inactive(anon):   321124 kB
Active(file):      42608 kB
Inactive(file):    55704 kB
Unevictable:       99496 kB
Mlocked:           94212 kB
SwapTotal:        520908 kB
SwapFree:         355824 kB
Dirty:                 0 kB
Writeback:             0 kB
AnonPages:       1254432 kB
Mapped:           130288 kB
Shmem:               556 kB
Slab:              78248 kB
SReclaimable:      24872 kB
SUnreclaim:        53376 kB
KernelStack:       14800 kB
PageTables:        15476 kB
NFS_Unstable:          0 kB
Bounce:                0 kB
WritebackTmp:          0 kB
CommitLimit:     1450072 kB
Committed_AS:   20274380 kB
VmallocTotal:   251658176 kB
VmallocUsed:       93244 kB
VmallocChunk:   251482716 kB


[2024-11-20 06:41:55]
MemTotal:        1858332 kB
MemFree:           56112 kB
Buffers:             428 kB
Cached:           197680 kB
SwapCached:        18140 kB
Active:           978204 kB
Inactive:         376836 kB
Active(anon):     935596 kB
Inactive(anon):   321132 kB
Active(file):      42608 kB
Inactive(file):    55704 kB
Unevictable:       99496 kB
Mlocked:           94212 kB
SwapTotal:        520908 kB
SwapFree:         355832 kB
Dirty:                 0 kB
Writeback:             0 kB
AnonPages:       1255152 kB
Mapped:           130040 kB
Shmem:               556 kB
Slab:              78248 kB
SReclaimable:      24872 kB
SUnreclaim:        53376 kB
KernelStack:       14768 kB
PageTables:        15444 kB
NFS_Unstable:          0 kB
Bounce:                0 kB
WritebackTmp:          0 kB
CommitLimit:     1450072 kB
Committed_AS:   20274408 kB
VmallocTotal:   251658176 kB
VmallocUsed:       93244 kB
VmallocChunk:   251482716 kB


[2024-11-20 06:41:57]
MemTotal:        1858332 kB
MemFree:           55808 kB
Buffers:             428 kB
Cached:           197680 kB
SwapCached:        18136 kB
Active:           978440 kB
Inactive:         376804 kB
Active(anon):     935832 kB
Inactive(anon):   321100 kB
Active(file):      42608 kB
Inactive(file):    55704 kB
Unevictable:       99496 kB
Mlocked:           94212 kB
SwapTotal:        520908 kB
SwapFree:         355872 kB
Dirty:                 0 kB
Writeback:             0 kB
AnonPages:       1255264 kB
Mapped:           130148 kB
Shmem:               556 kB
Slab:              78248 kB
SReclaimable:      24872 kB
SUnreclaim:        53376 kB
KernelStack:       14800 kB
PageTables:        15472 kB
NFS_Unstable:          0 kB
Bounce:                0 kB
WritebackTmp:          0 kB
CommitLimit:     1450072 kB
Committed_AS:   20274256 kB
VmallocTotal:   251658176 kB
VmallocUsed:       93244 kB
VmallocChunk:   251482716 kB


[2024-11-20 06:42:00]
MemTotal:        1858332 kB
MemFree:           55608 kB
Buffers:             428 kB
Cached:           197680 kB
SwapCached:        18136 kB
Active:           978508 kB
Inactive:         376804 kB
Active(anon):     935900 kB
Inactive(anon):   321100 kB
Active(file):      42608 kB
Inactive(file):    55704 kB
Unevictable:       99496 kB
Mlocked:           94212 kB
SwapTotal:        520908 kB
SwapFree:         355872 kB
Dirty:                 0 kB
Writeback:             0 kB
AnonPages:       1255436 kB
Mapped:           130044 kB
Shmem:               556 kB
Slab:              78248 kB
SReclaimable:      24872 kB
SUnreclaim:        53376 kB
KernelStack:       14768 kB
PageTables:        15444 kB
NFS_Unstable:          0 kB
Bounce:                0 kB
WritebackTmp:          0 kB
CommitLimit:     1450072 kB
Committed_AS:   20274396 kB
VmallocTotal:   251658176 kB
VmallocUsed:       93244 kB
VmallocChunk:   251482716 kB


[2024-11-20 06:42:02]
MemTotal:        1858332 kB
MemFree:           55584 kB
Buffers:             428 kB
Cached:           197680 kB
SwapCached:        18132 kB
Active:           978712 kB
Inactive:         376800 kB
Active(anon):     936104 kB
Inactive(anon):   321096 kB
Active(file):      42608 kB
Inactive(file):    55704 kB
Unevictable:       99496 kB
Mlocked:           94212 kB
SwapTotal:        520908 kB
SwapFree:         355876 kB
Dirty:                 0 kB
Writeback:             0 kB
AnonPages:       1255624 kB
Mapped:           130312 kB
Shmem:               556 kB
Slab:              78248 kB
SReclaimable:      24872 kB
SUnreclaim:        53376 kB
KernelStack:       14800 kB
PageTables:        15476 kB
NFS_Unstable:          0 kB
Bounce:                0 kB
WritebackTmp:          0 kB
CommitLimit:     1450072 kB
Committed_AS:   20274288 kB
VmallocTotal:   251658176 kB
VmallocUsed:       93244 kB
VmallocChunk:   251482716 kB


[2024-11-20 06:42:04]
MemTotal:        1858332 kB
MemFree:           55508 kB
Buffers:             428 kB
Cached:           197680 kB
SwapCached:        18132 kB
Active:           978904 kB
Inactive:         376800 kB
Active(anon):     936296 kB
Inactive(anon):   321096 kB
Active(file):      42608 kB
Inactive(file):    55704 kB
Unevictable:       99496 kB
Mlocked:           94212 kB
SwapTotal:        520908 kB
SwapFree:         355876 kB
Dirty:                 0 kB
Writeback:             0 kB
AnonPages:       1255892 kB
Mapped:           130048 kB
Shmem:               556 kB
Slab:              78248 kB
SReclaimable:      24872 kB
SUnreclaim:        53376 kB
KernelStack:       14768 kB
PageTables:        15444 kB
NFS_Unstable:          0 kB
Bounce:                0 kB
WritebackTmp:          0 kB
CommitLimit:     1450072 kB
Committed_AS:   20274228 kB
VmallocTotal:   251658176 kB
VmallocUsed:       93244 kB
VmallocChunk:   251482716 kB


[2024-11-20 06:42:07]
MemTotal:        1858332 kB
MemFree:           55144 kB
Buffers:             428 kB
Cached:           197680 kB
SwapCached:        18132 kB
Active:           979280 kB
Inactive:         376636 kB
Active(anon):     936672 kB
Inactive(anon):   320932 kB
Active(file):      42608 kB
Inactive(file):    55704 kB
Unevictable:       99496 kB
Mlocked:           94212 kB
SwapTotal:        520908 kB
SwapFree:         355880 kB
Dirty:                 0 kB
Writeback:             0 kB
AnonPages:       1255940 kB
Mapped:           130252 kB
Shmem:               556 kB
Slab:              78248 kB
SReclaimable:      24872 kB
SUnreclaim:        53376 kB
KernelStack:       14800 kB
PageTables:        15476 kB
NFS_Unstable:          0 kB
Bounce:                0 kB
WritebackTmp:          0 kB
CommitLimit:     1450072 kB
Committed_AS:   20274360 kB
VmallocTotal:   251658176 kB
VmallocUsed:       93244 kB
VmallocChunk:   251482716 kB


[2024-11-20 06:42:09]
MemTotal:        1858332 kB
MemFree:           54860 kB
Buffers:             428 kB
Cached:           197680 kB
SwapCached:        18132 kB
Active:           979584 kB
Inactive:         376636 kB
Active(anon):     936976 kB
Inactive(anon):   320932 kB
Active(file):      42608 kB
Inactive(file):    55704 kB
Unevictable:       99496 kB
Mlocked:           94212 kB
SwapTotal:        520908 kB
SwapFree:         355880 kB
Dirty:                 0 kB
Writeback:             0 kB
AnonPages:       1256208 kB
Mapped:           130232 kB
Shmem:               556 kB
Slab:              78248 kB
SReclaimable:      24872 kB
SUnreclaim:        53376 kB
KernelStack:       14768 kB
PageTables:        15444 kB
NFS_Unstable:          0 kB
Bounce:                0 kB
WritebackTmp:          0 kB
CommitLimit:     1450072 kB
Committed_AS:   20274496 kB
VmallocTotal:   251658176 kB
VmallocUsed:       93244 kB
VmallocChunk:   251482716 kB


[2024-11-20 06:42:12]
MemTotal:        1858332 kB
MemFree:           54836 kB
Buffers:             428 kB
Cached:           197680 kB
SwapCached:        18132 kB
Active:           979640 kB
Inactive:         376640 kB
Active(anon):     937032 kB
Inactive(anon):   320936 kB
Active(file):      42608 kB
Inactive(file):    55704 kB
Unevictable:       99496 kB
Mlocked:           94212 kB
SwapTotal:        520908 kB
SwapFree:         355884 kB
Dirty:                 0 kB
Writeback:             0 kB
AnonPages:       1256272 kB
Mapped:           130072 kB
Shmem:               556 kB
Slab:              78248 kB
SReclaimable:      24872 kB
SUnreclaim:        53376 kB
KernelStack:       14800 kB
PageTables:        15476 kB
NFS_Unstable:          0 kB
Bounce:                0 kB
WritebackTmp:          0 kB
CommitLimit:     1450072 kB
Committed_AS:   20274276 kB
VmallocTotal:   251658176 kB
VmallocUsed:       93244 kB
VmallocChunk:   251482716 kB


[2024-11-20 06:42:15]
MemTotal:        1858332 kB
MemFree:           54280 kB
Buffers:             428 kB
Cached:           197680 kB
SwapCached:        18132 kB
Active:           979860 kB
Inactive:         376640 kB
Active(anon):     937252 kB
Inactive(anon):   320936 kB
Active(file):      42608 kB
Inactive(file):    55704 kB
Unevictable:       99496 kB
Mlocked:           94212 kB
SwapTotal:        520908 kB
SwapFree:         355884 kB
Dirty:                 0 kB
Writeback:             0 kB
AnonPages:       1256672 kB
Mapped:           130048 kB
Shmem:               556 kB
Slab:              78248 kB
SReclaimable:      24872 kB
SUnreclaim:        53376 kB
KernelStack:       14768 kB
PageTables:        15444 kB
NFS_Unstable:          0 kB
Bounce:                0 kB
WritebackTmp:          0 kB
CommitLimit:     1450072 kB
Committed_AS:   20274212 kB
VmallocTotal:   251658176 kB
VmallocUsed:       93244 kB
VmallocChunk:   251482716 kB


[2024-11-20 06:42:17]
MemTotal:        1858332 kB
MemFree:           54120 kB
Buffers:             428 kB
Cached:           197680 kB
SwapCached:        18132 kB
Active:           979892 kB
Inactive:         376640 kB
Active(anon):     937284 kB
Inactive(anon):   320936 kB
Active(file):      42608 kB
Inactive(file):    55704 kB
Unevictable:       99496 kB
Mlocked:           94212 kB
SwapTotal:        520908 kB
SwapFree:         355884 kB
Dirty:                 0 kB
Writeback:             0 kB
AnonPages:       1256512 kB
Mapped:           130116 kB
Shmem:               556 kB
Slab:              78248 kB
SReclaimable:      24872 kB
SUnreclaim:        53376 kB
KernelStack:       14800 kB
PageTables:        15472 kB
NFS_Unstable:          0 kB
Bounce:                0 kB
WritebackTmp:          0 kB
CommitLimit:     1450072 kB
Committed_AS:   20274300 kB
VmallocTotal:   251658176 kB
VmallocUsed:       93244 kB
VmallocChunk:   251482716 kB


[2024-11-20 06:42:20]
MemTotal:        1858332 kB
MemFree:           53708 kB
Buffers:             428 kB
Cached:           197680 kB
SwapCached:        18136 kB
Active:           980140 kB
Inactive:         376648 kB
Active(anon):     937532 kB
Inactive(anon):   320944 kB
Active(file):      42608 kB
Inactive(file):    55704 kB
Unevictable:       99496 kB
Mlocked:           94212 kB
SwapTotal:        520908 kB
SwapFree:         355888 kB
Dirty:                 0 kB
Writeback:             0 kB
AnonPages:       1256736 kB
Mapped:           130048 kB
Shmem:               556 kB
Slab:              78248 kB
SReclaimable:      24872 kB
SUnreclaim:        53376 kB
KernelStack:       14768 kB
PageTables:        15444 kB
NFS_Unstable:          0 kB
Bounce:                0 kB
WritebackTmp:          0 kB
CommitLimit:     1450072 kB
Committed_AS:   20274480 kB
VmallocTotal:   251658176 kB
VmallocUsed:       93244 kB
VmallocChunk:   251482716 kB


[2024-11-20 06:42:22]
MemTotal:        1858332 kB
MemFree:           53912 kB
Buffers:             428 kB
Cached:           197680 kB
SwapCached:        18136 kB
Active:           980060 kB
Inactive:         376648 kB
Active(anon):     937452 kB
Inactive(anon):   320944 kB
Active(file):      42608 kB
Inactive(file):    55704 kB
Unevictable:       99496 kB
Mlocked:           94212 kB
SwapTotal:        520908 kB
SwapFree:         355888 kB
Dirty:                 0 kB
Writeback:             0 kB
AnonPages:       1256956 kB
Mapped:           130048 kB
Shmem:               556 kB
Slab:              78248 kB
SReclaimable:      24872 kB
SUnreclaim:        53376 kB
KernelStack:       14768 kB
PageTables:        15444 kB
NFS_Unstable:          0 kB
Bounce:                0 kB
WritebackTmp:          0 kB
CommitLimit:     1450072 kB
Committed_AS:   20274392 kB
VmallocTotal:   251658176 kB
VmallocUsed:       93244 kB
VmallocChunk:   251482716 kB


[2024-11-20 06:42:24]
MemTotal:        1858332 kB
MemFree:           53520 kB
Buffers:             428 kB
Cached:           197680 kB
SwapCached:        18136 kB
Active:           980296 kB
Inactive:         376648 kB
Active(anon):     937688 kB
Inactive(anon):   320944 kB
Active(file):      42608 kB
Inactive(file):    55704 kB
Unevictable:       99496 kB
Mlocked:           94212 kB
SwapTotal:        520908 kB
SwapFree:         355888 kB
Dirty:                 0 kB
Writeback:             0 kB
AnonPages:       1257200 kB
Mapped:           130232 kB
Shmem:               556 kB
Slab:              78248 kB
SReclaimable:      24872 kB
SUnreclaim:        53376 kB
KernelStack:       14768 kB
PageTables:        15444 kB
NFS_Unstable:          0 kB
Bounce:                0 kB
WritebackTmp:          0 kB
CommitLimit:     1450072 kB
Committed_AS:   20274288 kB
VmallocTotal:   251658176 kB
VmallocUsed:       93244 kB
VmallocChunk:   251482716 kB


[2024-11-20 06:42:27]
MemTotal:        1858332 kB
MemFree:           53796 kB
Buffers:             428 kB
Cached:           197680 kB
SwapCached:        18136 kB
Active:           980276 kB
Inactive:         376648 kB
Active(anon):     937668 kB
Inactive(anon):   320944 kB
Active(file):      42608 kB
Inactive(file):    55704 kB
Unevictable:       99496 kB
Mlocked:           94212 kB
SwapTotal:        520908 kB
SwapFree:         355888 kB
Dirty:                 0 kB
Writeback:             0 kB
AnonPages:       1257060 kB
Mapped:           129864 kB
Shmem:               556 kB
Slab:              78248 kB
SReclaimable:      24872 kB
SUnreclaim:        53376 kB
KernelStack:       14768 kB
PageTables:        15444 kB
NFS_Unstable:          0 kB
Bounce:                0 kB
WritebackTmp:          0 kB
CommitLimit:     1450072 kB
Committed_AS:   20274408 kB
VmallocTotal:   251658176 kB
VmallocUsed:       93244 kB
VmallocChunk:   251482716 kB


[2024-11-20 06:42:29]
MemTotal:        1858332 kB
MemFree:           53228 kB
Buffers:             428 kB
Cached:           197780 kB
SwapCached:        18136 kB
Active:           980664 kB
Inactive:         376748 kB
Active(anon):     938056 kB
Inactive(anon):   320944 kB
Active(file):      42608 kB
Inactive(file):    55804 kB
Unevictable:       99496 kB
Mlocked:           94212 kB
SwapTotal:        520908 kB
SwapFree:         355888 kB
Dirty:                 0 kB
Writeback:             0 kB
AnonPages:       1257516 kB
Mapped:           130244 kB
Shmem:               556 kB
Slab:              78248 kB
SReclaimable:      24872 kB
SUnreclaim:        53376 kB
KernelStack:       14768 kB
PageTables:        15444 kB
NFS_Unstable:          0 kB
Bounce:                0 kB
WritebackTmp:          0 kB
CommitLimit:     1450072 kB
Committed_AS:   20274420 kB
VmallocTotal:   251658176 kB
VmallocUsed:       93244 kB
VmallocChunk:   251482716 kB


[2024-11-20 06:42:32]
MemTotal:        1858332 kB
MemFree:           53128 kB
Buffers:             428 kB
Cached:           197780 kB
SwapCached:        18136 kB
Active:           980860 kB
Inactive:         376748 kB
Active(anon):     938252 kB
Inactive(anon):   320944 kB
Active(file):      42608 kB
Inactive(file):    55804 kB
Unevictable:       99496 kB
Mlocked:           94212 kB
SwapTotal:        520908 kB
SwapFree:         355888 kB
Dirty:                 0 kB
Writeback:             0 kB
AnonPages:       1257452 kB
Mapped:           130244 kB
Shmem:               556 kB
Slab:              78248 kB
SReclaimable:      24872 kB
SUnreclaim:        53376 kB
KernelStack:       14768 kB
PageTables:        15444 kB
NFS_Unstable:          0 kB
Bounce:                0 kB
WritebackTmp:          0 kB
CommitLimit:     1450072 kB
Committed_AS:   20274348 kB
VmallocTotal:   251658176 kB
VmallocUsed:       93244 kB
VmallocChunk:   251482716 kB


[2024-11-20 06:42:34]
MemTotal:        1858332 kB
MemFree:           52760 kB
Buffers:             428 kB
Cached:           197780 kB
SwapCached:        18136 kB
Active:           981104 kB
Inactive:         376752 kB
Active(anon):     938496 kB
Inactive(anon):   320948 kB
Active(file):      42608 kB
Inactive(file):    55804 kB
Unevictable:       99496 kB
Mlocked:           94212 kB
SwapTotal:        520908 kB
SwapFree:         355892 kB
Dirty:                 0 kB
Writeback:             0 kB
AnonPages:       1257948 kB
Mapped:           130208 kB
Shmem:               556 kB
Slab:              78248 kB
SReclaimable:      24872 kB
SUnreclaim:        53376 kB
KernelStack:       14800 kB
PageTables:        15480 kB
NFS_Unstable:          0 kB
Bounce:                0 kB
WritebackTmp:          0 kB
CommitLimit:     1450072 kB
Committed_AS:   20274332 kB
VmallocTotal:   251658176 kB
VmallocUsed:       93244 kB
VmallocChunk:   251482716 kB


[2024-11-20 06:42:37]
MemTotal:        1858332 kB
MemFree:           53120 kB
Buffers:             428 kB
Cached:           197780 kB
SwapCached:        18136 kB
Active:           980984 kB
Inactive:         376752 kB
Active(anon):     938376 kB
Inactive(anon):   320948 kB
Active(file):      42608 kB
Inactive(file):    55804 kB
Unevictable:       99496 kB
Mlocked:           94212 kB
SwapTotal:        520908 kB
SwapFree:         355892 kB
Dirty:                 0 kB
Writeback:             0 kB
AnonPages:       1257964 kB
Mapped:           130060 kB
Shmem:               556 kB
Slab:              78248 kB
SReclaimable:      24872 kB
SUnreclaim:        53376 kB
KernelStack:       14768 kB
PageTables:        15444 kB
NFS_Unstable:          0 kB
Bounce:                0 kB
WritebackTmp:          0 kB
CommitLimit:     1450072 kB
Committed_AS:   20274288 kB
VmallocTotal:   251658176 kB
VmallocUsed:       93244 kB
VmallocChunk:   251482716 kB


[2024-11-20 06:42:39]
MemTotal:        1858332 kB
MemFree:           45628 kB
Buffers:             428 kB
Cached:           197884 kB
SwapCached:        18136 kB
Active:           988604 kB
Inactive:         376856 kB
Active(anon):     945996 kB
Inactive(anon):   320948 kB
Active(file):      42608 kB
Inactive(file):    55908 kB
Unevictable:       99496 kB
Mlocked:           94212 kB
SwapTotal:        520908 kB
SwapFree:         355892 kB
Dirty:                 0 kB
Writeback:             0 kB
AnonPages:       1265324 kB
Mapped:           130092 kB
Shmem:               556 kB
Slab:              78248 kB
SReclaimable:      24872 kB
SUnreclaim:        53376 kB
KernelStack:       14800 kB
PageTables:        15476 kB
NFS_Unstable:          0 kB
Bounce:                0 kB
WritebackTmp:          0 kB
CommitLimit:     1450072 kB
Committed_AS:   20274472 kB
VmallocTotal:   251658176 kB
VmallocUsed:       93244 kB
VmallocChunk:   251482716 kB


[2024-11-20 06:42:41]
MemTotal:        1858332 kB
MemFree:           45200 kB
Buffers:             428 kB
Cached:           197884 kB
SwapCached:        18136 kB
Active:           988588 kB
Inactive:         376856 kB
Active(anon):     945980 kB
Inactive(anon):   320948 kB
Active(file):      42608 kB
Inactive(file):    55908 kB
Unevictable:       99496 kB
Mlocked:           94212 kB
SwapTotal:        520908 kB
SwapFree:         355892 kB
Dirty:                 0 kB
Writeback:             0 kB
AnonPages:       1265204 kB
Mapped:           130068 kB
Shmem:               556 kB
Slab:              78248 kB
SReclaimable:      24872 kB
SUnreclaim:        53376 kB
KernelStack:       14768 kB
PageTables:        15444 kB
NFS_Unstable:          0 kB
Bounce:                0 kB
WritebackTmp:          0 kB
CommitLimit:     1450072 kB
Committed_AS:   20274416 kB
VmallocTotal:   251658176 kB
VmallocUsed:       93244 kB
VmallocChunk:   251482716 kB


[2024-11-20 06:42:44]
MemTotal:        1858332 kB
MemFree:           45020 kB
Buffers:             428 kB
Cached:           197884 kB
SwapCached:        18136 kB
Active:           988760 kB
Inactive:         376856 kB
Active(anon):     946152 kB
Inactive(anon):   320948 kB
Active(file):      42608 kB
Inactive(file):    55908 kB
Unevictable:       99496 kB
Mlocked:           94212 kB
SwapTotal:        520908 kB
SwapFree:         355892 kB
Dirty:                 0 kB
Writeback:             0 kB
AnonPages:       1265396 kB
Mapped:           130160 kB
Shmem:               556 kB
Slab:              78248 kB
SReclaimable:      24872 kB
SUnreclaim:        53376 kB
KernelStack:       14800 kB
PageTables:        15472 kB
NFS_Unstable:          0 kB
Bounce:                0 kB
WritebackTmp:          0 kB
CommitLimit:     1450072 kB
Committed_AS:   20274248 kB
VmallocTotal:   251658176 kB
VmallocUsed:       93244 kB
VmallocChunk:   251482716 kB


[2024-11-20 06:42:47]
MemTotal:        1858332 kB
MemFree:           44680 kB
Buffers:             428 kB
Cached:           197884 kB
SwapCached:        18136 kB
Active:           989124 kB
Inactive:         376856 kB
Active(anon):     946516 kB
Inactive(anon):   320948 kB
Active(file):      42608 kB
Inactive(file):    55908 kB
Unevictable:       99496 kB
Mlocked:           94212 kB
SwapTotal:        520908 kB
SwapFree:         355892 kB
Dirty:                 0 kB
Writeback:             0 kB
AnonPages:       1265828 kB
Mapped:           130068 kB
Shmem:               556 kB
Slab:              78248 kB
SReclaimable:      24872 kB
SUnreclaim:        53376 kB
KernelStack:       14768 kB
PageTables:        15444 kB
NFS_Unstable:          0 kB
Bounce:                0 kB
WritebackTmp:          0 kB
CommitLimit:     1450072 kB
Committed_AS:   20274312 kB
VmallocTotal:   251658176 kB
VmallocUsed:       93244 kB
VmallocChunk:   251482716 kB


[2024-11-20 06:42:49]
MemTotal:        1858332 kB
MemFree:           44520 kB
Buffers:             428 kB
Cached:           197884 kB
SwapCached:        18136 kB
Active:           989180 kB
Inactive:         376856 kB
Active(anon):     946572 kB
Inactive(anon):   320948 kB
Active(file):      42608 kB
Inactive(file):    55908 kB
Unevictable:       99496 kB
Mlocked:           94212 kB
SwapTotal:        520908 kB
SwapFree:         355920 kB
Dirty:                 0 kB
Writeback:             0 kB
AnonPages:       1265832 kB
Mapped:           130304 kB
Shmem:               556 kB
Slab:              78248 kB
SReclaimable:      24872 kB
SUnreclaim:        53376 kB
KernelStack:       14800 kB
PageTables:        15480 kB
NFS_Unstable:          0 kB
Bounce:                0 kB
WritebackTmp:          0 kB
CommitLimit:     1450072 kB
Committed_AS:   20274348 kB
VmallocTotal:   251658176 kB
VmallocUsed:       93244 kB
VmallocChunk:   251482716 kB


[2024-11-20 06:42:52]
MemTotal:        1858332 kB
MemFree:           46668 kB
Buffers:             428 kB
Cached:           197884 kB
SwapCached:        18136 kB
Active:           989548 kB
Inactive:         374624 kB
Active(anon):     946940 kB
Inactive(anon):   318716 kB
Active(file):      42608 kB
Inactive(file):    55908 kB
Unevictable:       99496 kB
Mlocked:           94212 kB
SwapTotal:        520908 kB
SwapFree:         355920 kB
Dirty:                 0 kB
Writeback:             0 kB
AnonPages:       1264044 kB
Mapped:           130068 kB
Shmem:               556 kB
Slab:              78248 kB
SReclaimable:      24872 kB
SUnreclaim:        53376 kB
KernelStack:       14752 kB
PageTables:        15444 kB
NFS_Unstable:          0 kB
Bounce:                0 kB
WritebackTmp:          0 kB
CommitLimit:     1450072 kB
Committed_AS:   20274428 kB
VmallocTotal:   251658176 kB
VmallocUsed:       93244 kB
VmallocChunk:   251482716 kB


[2024-11-20 06:42:54]
MemTotal:        1858332 kB
MemFree:           45928 kB
Buffers:             428 kB
Cached:           197884 kB
SwapCached:        18136 kB
Active:           989836 kB
Inactive:         374576 kB
Active(anon):     947228 kB
Inactive(anon):   318668 kB
Active(file):      42608 kB
Inactive(file):    55908 kB
Unevictable:       99496 kB
Mlocked:           94212 kB
SwapTotal:        520908 kB
SwapFree:         355920 kB
Dirty:                 0 kB
Writeback:             0 kB
AnonPages:       1264352 kB
Mapped:           130068 kB
Shmem:               556 kB
Slab:              78248 kB
SReclaimable:      24872 kB
SUnreclaim:        53376 kB
KernelStack:       14752 kB
PageTables:        15444 kB
NFS_Unstable:          0 kB
Bounce:                0 kB
WritebackTmp:          0 kB
CommitLimit:     1450072 kB
Committed_AS:   20274364 kB
VmallocTotal:   251658176 kB
VmallocUsed:       93244 kB
VmallocChunk:   251482716 kB


[2024-11-20 06:42:57]
MemTotal:        1858332 kB
MemFree:           45672 kB
Buffers:             428 kB
Cached:           197884 kB
SwapCached:        18136 kB
Active:           990496 kB
Inactive:         374576 kB
Active(anon):     947888 kB
Inactive(anon):   318668 kB
Active(file):      42608 kB
Inactive(file):    55908 kB
Unevictable:       99496 kB
Mlocked:           94212 kB
SwapTotal:        520908 kB
SwapFree:         355920 kB
Dirty:                 0 kB
Writeback:             0 kB
AnonPages:       1264884 kB
Mapped:           130128 kB
Shmem:               556 kB
Slab:              78248 kB
SReclaimable:      24872 kB
SUnreclaim:        53376 kB
KernelStack:       14784 kB
PageTables:        15484 kB
NFS_Unstable:          0 kB
Bounce:                0 kB
WritebackTmp:          0 kB
CommitLimit:     1450072 kB
Committed_AS:   20274368 kB
VmallocTotal:   251658176 kB
VmallocUsed:       93244 kB
VmallocChunk:   251482716 kB


[2024-11-20 06:43:00]
MemTotal:        1858332 kB
MemFree:           44536 kB
Buffers:             428 kB
Cached:           197884 kB
SwapCached:        18132 kB
Active:           991520 kB
Inactive:         374580 kB
Active(anon):     948912 kB
