[2024-11-20 05:23:38]
MemTotal:        1858332 kB
MemFree:         1050772 kB
Buffers:             872 kB
Cached:           323156 kB
SwapCached:        16276 kB
Active:            86072 kB
Inactive:         258616 kB
Active(anon):      46604 kB
Inactive(anon):    73868 kB
Active(file):      39468 kB
Inactive(file):   184748 kB
Unevictable:       99496 kB
Mlocked:           94212 kB
SwapTotal:        520908 kB
SwapFree:         357688 kB
Dirty:                 0 kB
Writeback:             0 kB
AnonPages:        119188 kB
Mapped:           142248 kB
Shmem:               572 kB
Slab:              78592 kB
SReclaimable:      25036 kB
SUnreclaim:        53556 kB
KernelStack:       14928 kB
PageTables:        14352 kB
NFS_Unstable:          0 kB
Bounce:                0 kB
WritebackTmp:          0 kB
CommitLimit:     1450072 kB
Committed_AS:   22197612 kB
VmallocTotal:   251658176 kB
VmallocUsed:       96504 kB
VmallocChunk:   251482716 kB


[2024-11-20 05:23:38]
MemTotal:        1858332 kB
MemFree:         1050352 kB
Buffers:             872 kB
Cached:           323156 kB
SwapCached:        16276 kB
Active:            86480 kB
Inactive:         258612 kB
Active(anon):      47012 kB
Inactive(anon):    73864 kB
Active(file):      39468 kB
Inactive(file):   184748 kB
Unevictable:       99496 kB
Mlocked:           94212 kB
SwapTotal:        520908 kB
SwapFree:         357688 kB
Dirty:                 0 kB
Writeback:             0 kB
AnonPages:        119612 kB
Mapped:           142428 kB
Shmem:               572 kB
Slab:              78592 kB
SReclaimable:      25036 kB
SUnreclaim:        53556 kB
KernelStack:       14928 kB
PageTables:        14352 kB
NFS_Unstable:          0 kB
Bounce:                0 kB
WritebackTmp:          0 kB
CommitLimit:     1450072 kB
Committed_AS:   22197568 kB
VmallocTotal:   251658176 kB
VmallocUsed:       96504 kB
VmallocChunk:   251482716 kB


[2024-11-20 05:23:38]
MemTotal:        1858332 kB
MemFree:         1049544 kB
Buffers:             872 kB
Cached:           323292 kB
SwapCached:        16276 kB
Active:            87048 kB
Inactive:         258724 kB
Active(anon):      47580 kB
Inactive(anon):    73864 kB
Active(file):      39468 kB
Inactive(file):   184860 kB
Unevictable:       99496 kB
Mlocked:           94212 kB
SwapTotal:        520908 kB
SwapFree:         357688 kB
Dirty:                 0 kB
Writeback:             0 kB
AnonPages:        119996 kB
Mapped:           142316 kB
Shmem:               572 kB
Slab:              78592 kB
SReclaimable:      25036 kB
SUnreclaim:        53556 kB
KernelStack:       14928 kB
PageTables:        14352 kB
NFS_Unstable:          0 kB
Bounce:                0 kB
WritebackTmp:          0 kB
CommitLimit:     1450072 kB
Committed_AS:   22197680 kB
VmallocTotal:   251658176 kB
VmallocUsed:       96504 kB
VmallocChunk:   251482716 kB


[2024-11-20 05:23:38]
MemTotal:        1858332 kB
MemFree:         1049676 kB
Buffers:             872 kB
Cached:           323292 kB
SwapCached:        16276 kB
Active:            87228 kB
Inactive:         258748 kB
Active(anon):      47760 kB
Inactive(anon):    73864 kB
Active(file):      39468 kB
Inactive(file):   184884 kB
Unevictable:       99496 kB
Mlocked:           94212 kB
SwapTotal:        520908 kB
SwapFree:         357688 kB
Dirty:                 0 kB
Writeback:             0 kB
AnonPages:        120116 kB
Mapped:           142336 kB
Shmem:               572 kB
Slab:              78592 kB
SReclaimable:      25036 kB
SUnreclaim:        53556 kB
KernelStack:       14944 kB
PageTables:        14368 kB
NFS_Unstable:          0 kB
Bounce:                0 kB
WritebackTmp:          0 kB
CommitLimit:     1450072 kB
Committed_AS:   22197688 kB
VmallocTotal:   251658176 kB
VmallocUsed:       96504 kB
VmallocChunk:   251482716 kB


[2024-11-20 05:23:38]
MemTotal:        1858332 kB
MemFree:         1048864 kB
Buffers:             872 kB
Cached:           323292 kB
SwapCached:        16276 kB
Active:            87380 kB
Inactive:         258748 kB
Active(anon):      47912 kB
Inactive(anon):    73864 kB
Active(file):      39468 kB
Inactive(file):   184884 kB
Unevictable:       99496 kB
Mlocked:           94212 kB
SwapTotal:        520908 kB
SwapFree:         357688 kB
Dirty:                 0 kB
Writeback:             0 kB
AnonPages:        120544 kB
Mapped:           142300 kB
Shmem:               572 kB
Slab:              78592 kB
SReclaimable:      25036 kB
SUnreclaim:        53556 kB
KernelStack:       14928 kB
PageTables:        14352 kB
NFS_Unstable:          0 kB
Bounce:                0 kB
WritebackTmp:          0 kB
CommitLimit:     1450072 kB
Committed_AS:   22197496 kB
VmallocTotal:   251658176 kB
VmallocUsed:       96504 kB
VmallocChunk:   251482716 kB


[2024-11-20 05:23:39]
MemTotal:        1858332 kB
MemFree:         1047992 kB
Buffers:             872 kB
Cached:           323292 kB
SwapCached:        16276 kB
Active:            87988 kB
Inactive:         258748 kB
Active(anon):      48520 kB
Inactive(anon):    73864 kB
Active(file):      39468 kB
Inactive(file):   184884 kB
Unevictable:       99496 kB
Mlocked:           94212 kB
SwapTotal:        520908 kB
SwapFree:         357688 kB
Dirty:                 0 kB
Writeback:             0 kB
AnonPages:        120936 kB
Mapped:           142300 kB
Shmem:               572 kB
Slab:              78592 kB
SReclaimable:      25036 kB
SUnreclaim:        53556 kB
KernelStack:       14960 kB
PageTables:        14392 kB
NFS_Unstable:          0 kB
Bounce:                0 kB
WritebackTmp:          0 kB
CommitLimit:     1450072 kB
Committed_AS:   22197608 kB
VmallocTotal:   251658176 kB
VmallocUsed:       96504 kB
VmallocChunk:   251482716 kB


[2024-11-20 05:23:39]
MemTotal:        1858332 kB
MemFree:         1047776 kB
Buffers:             872 kB
Cached:           323292 kB
SwapCached:        16276 kB
Active:            88020 kB
Inactive:         258748 kB
Active(anon):      48552 kB
Inactive(anon):    73864 kB
Active(file):      39468 kB
Inactive(file):   184884 kB
Unevictable:       99496 kB
Mlocked:           94212 kB
SwapTotal:        520908 kB
SwapFree:         357688 kB
Dirty:                 0 kB
Writeback:             0 kB
AnonPages:        120872 kB
Mapped:           142336 kB
Shmem:               572 kB
Slab:              78592 kB
SReclaimable:      25036 kB
SUnreclaim:        53556 kB
KernelStack:       14928 kB
PageTables:        14332 kB
NFS_Unstable:          0 kB
Bounce:                0 kB
WritebackTmp:          0 kB
CommitLimit:     1450072 kB
Committed_AS:   22197580 kB
VmallocTotal:   251658176 kB
VmallocUsed:       96504 kB
VmallocChunk:   251482716 kB


[2024-11-20 05:23:39]
MemTotal:        1858332 kB
MemFree:         1047628 kB
Buffers:             872 kB
Cached:           323292 kB
SwapCached:        16276 kB
Active:            88220 kB
Inactive:         258748 kB
Active(anon):      48752 kB
Inactive(anon):    73864 kB
Active(file):      39468 kB
Inactive(file):   184884 kB
Unevictable:       99496 kB
Mlocked:           94212 kB
SwapTotal:        520908 kB
SwapFree:         357688 kB
Dirty:                 0 kB
Writeback:             0 kB
AnonPages:        121248 kB
Mapped:           142312 kB
Shmem:               572 kB
Slab:              78592 kB
SReclaimable:      25036 kB
SUnreclaim:        53556 kB
KernelStack:       14928 kB
PageTables:        14352 kB
NFS_Unstable:          0 kB
Bounce:                0 kB
WritebackTmp:          0 kB
CommitLimit:     1450072 kB
Committed_AS:   22197704 kB
VmallocTotal:   251658176 kB
VmallocUsed:       96504 kB
VmallocChunk:   251482716 kB


[2024-11-20 05:23:39]
MemTotal:        1858332 kB
MemFree:         1043432 kB
Buffers:             872 kB
Cached:           327340 kB
SwapCached:        16276 kB
Active:            88316 kB
Inactive:         262840 kB
Active(anon):      48848 kB
Inactive(anon):    73864 kB
Active(file):      39468 kB
Inactive(file):   188976 kB
Unevictable:       99496 kB
Mlocked:           94212 kB
SwapTotal:        520908 kB
SwapFree:         357688 kB
Dirty:                 0 kB
Writeback:             0 kB
AnonPages:        121480 kB
Mapped:           142688 kB
Shmem:               572 kB
Slab:              78592 kB
SReclaimable:      25036 kB
SUnreclaim:        53556 kB
KernelStack:       14928 kB
PageTables:        14352 kB
NFS_Unstable:          0 kB
Bounce:                0 kB
WritebackTmp:          0 kB
CommitLimit:     1450072 kB
Committed_AS:   22197456 kB
VmallocTotal:   251658176 kB
VmallocUsed:       96504 kB
VmallocChunk:   251482716 kB


[2024-11-20 05:23:39]
MemTotal:        1858332 kB
MemFree:         1031836 kB
Buffers:             960 kB
Cached:           335788 kB
SwapCached:        16276 kB
Active:            90328 kB
Inactive:         270928 kB
Active(anon):      50860 kB
Inactive(anon):    73864 kB
Active(file):      39468 kB
Inactive(file):   197064 kB
Unevictable:       99496 kB
Mlocked:           94212 kB
SwapTotal:        520908 kB
SwapFree:         357696 kB
Dirty:                 0 kB
Writeback:             0 kB
AnonPages:        123212 kB
Mapped:           145488 kB
Shmem:               572 kB
Slab:              78592 kB
SReclaimable:      25036 kB
SUnreclaim:        53556 kB
KernelStack:       14928 kB
PageTables:        14352 kB
NFS_Unstable:          0 kB
Bounce:                0 kB
WritebackTmp:          0 kB
CommitLimit:     1450072 kB
Committed_AS:   22200196 kB
VmallocTotal:   251658176 kB
VmallocUsed:       96504 kB
VmallocChunk:   251482716 kB


[2024-11-20 05:23:39]
MemTotal:        1858332 kB
MemFree:         1005040 kB
Buffers:            1000 kB
Cached:           357252 kB
SwapCached:        16280 kB
Active:           104332 kB
Inactive:         283816 kB
Active(anon):      57052 kB
Inactive(anon):    72940 kB
Active(file):      47280 kB
Inactive(file):   210876 kB
Unevictable:       99496 kB
Mlocked:           94212 kB
SwapTotal:        520908 kB
SwapFree:         357696 kB
Dirty:                 0 kB
Writeback:             0 kB
AnonPages:        128520 kB
Mapped:           149248 kB
Shmem:               572 kB
Slab:              78596 kB
SReclaimable:      25040 kB
SUnreclaim:        53556 kB
KernelStack:       15072 kB
PageTables:        14628 kB
NFS_Unstable:          0 kB
Bounce:                0 kB
WritebackTmp:          0 kB
CommitLimit:     1450072 kB
Committed_AS:   22303668 kB
VmallocTotal:   251658176 kB
VmallocUsed:       96504 kB
VmallocChunk:   251482716 kB


[2024-11-20 05:23:41]
MemTotal:        1858332 kB
MemFree:          971096 kB
Buffers:            1064 kB
Cached:           360344 kB
SwapCached:        16280 kB
Active:           135884 kB
Inactive:         286244 kB
Active(anon):      88340 kB
Inactive(anon):    72264 kB
Active(file):      47544 kB
Inactive(file):   213980 kB
Unevictable:       99496 kB
Mlocked:           94212 kB
SwapTotal:        520908 kB
SwapFree:         357696 kB
Dirty:                 0 kB
Writeback:             0 kB
AnonPages:        159252 kB
Mapped:           151428 kB
Shmem:               572 kB
Slab:              78596 kB
SReclaimable:      25040 kB
SUnreclaim:        53556 kB
KernelStack:       15200 kB
PageTables:        14756 kB
NFS_Unstable:          0 kB
Bounce:                0 kB
WritebackTmp:          0 kB
CommitLimit:     1450072 kB
Committed_AS:   22397376 kB
VmallocTotal:   251658176 kB
VmallocUsed:       96504 kB
VmallocChunk:   251482716 kB


[2024-11-20 05:23:43]
MemTotal:        1858332 kB
MemFree:          933416 kB
Buffers:            1064 kB
Cached:           360344 kB
SwapCached:        16280 kB
Active:           173912 kB
Inactive:         286124 kB
Active(anon):     126368 kB
Inactive(anon):    72112 kB
Active(file):      47544 kB
Inactive(file):   214012 kB
Unevictable:       99496 kB
Mlocked:           94212 kB
SwapTotal:        520908 kB
SwapFree:         357696 kB
Dirty:                 0 kB
Writeback:             0 kB
AnonPages:        197504 kB
Mapped:           151432 kB
Shmem:               572 kB
Slab:              78596 kB
SReclaimable:      25040 kB
SUnreclaim:        53556 kB
KernelStack:       15136 kB
PageTables:        14804 kB
NFS_Unstable:          0 kB
Bounce:                0 kB
WritebackTmp:          0 kB
CommitLimit:     1450072 kB
Committed_AS:   22435340 kB
VmallocTotal:   251658176 kB
VmallocUsed:       96504 kB
VmallocChunk:   251482716 kB


[2024-11-20 05:23:45]
MemTotal:        1858332 kB
MemFree:           51596 kB
Buffers:            1064 kB
Cached:           679556 kB
SwapCached:        16280 kB
Active:           921664 kB
Inactive:         418436 kB
Active(anon):     687252 kB
Inactive(anon):    72108 kB
Active(file):     234412 kB
Inactive(file):   346328 kB
Unevictable:       99496 kB
Mlocked:           94212 kB
SwapTotal:        520908 kB
SwapFree:         357696 kB
Dirty:                 0 kB
Writeback:             0 kB
AnonPages:        757876 kB
Mapped:           151548 kB
Shmem:               572 kB
Slab:              78596 kB
SReclaimable:      25040 kB
SUnreclaim:        53556 kB
KernelStack:       15136 kB
PageTables:        15952 kB
NFS_Unstable:          0 kB
Bounce:                0 kB
WritebackTmp:          0 kB
CommitLimit:     1450072 kB
Committed_AS:   23205444 kB
VmallocTotal:   251658176 kB
VmallocUsed:       96504 kB
VmallocChunk:   251482716 kB


[2024-11-20 05:23:47]
MemTotal:        1858332 kB
MemFree:           33236 kB
Buffers:             112 kB
Cached:           233056 kB
SwapCached:        15420 kB
Active:           986892 kB
Inactive:         369904 kB
Active(anon):     920708 kB
Inactive(anon):   303384 kB
Active(file):      66184 kB
Inactive(file):    66520 kB
Unevictable:       99496 kB
Mlocked:           94212 kB
SwapTotal:        520908 kB
SwapFree:         355548 kB
Dirty:                 0 kB
Writeback:             0 kB
AnonPages:       1222532 kB
Mapped:           145688 kB
Shmem:               572 kB
Slab:              78524 kB
SReclaimable:      24944 kB
SUnreclaim:        53580 kB
KernelStack:       15152 kB
PageTables:        16976 kB
NFS_Unstable:          0 kB
Bounce:                0 kB
WritebackTmp:          0 kB
CommitLimit:     1450072 kB
Committed_AS:   24120820 kB
VmallocTotal:   251658176 kB
VmallocUsed:       96504 kB
VmallocChunk:   251482716 kB


[2024-11-20 05:23:49]
MemTotal:        1858332 kB
MemFree:           45216 kB
Buffers:             180 kB
Cached:           191332 kB
SwapCached:        15416 kB
Active:           996204 kB
Inactive:         350340 kB
Active(anon):     953600 kB
Inactive(anon):   301272 kB
Active(file):      42604 kB
Inactive(file):    49068 kB
Unevictable:       99496 kB
Mlocked:           94212 kB
SwapTotal:        520908 kB
SwapFree:         355816 kB
Dirty:                 4 kB
Writeback:             0 kB
AnonPages:       1253348 kB
Mapped:           137684 kB
Shmem:               568 kB
Slab:              78524 kB
SReclaimable:      24912 kB
SUnreclaim:        53612 kB
KernelStack:       14784 kB
PageTables:        15840 kB
NFS_Unstable:          0 kB
Bounce:                0 kB
WritebackTmp:          0 kB
CommitLimit:     1450072 kB
Committed_AS:   22205864 kB
VmallocTotal:   251658176 kB
VmallocUsed:       94264 kB
VmallocChunk:   251482716 kB


[2024-11-20 05:23:51]
MemTotal:        1858332 kB
MemFree:           37264 kB
Buffers:             332 kB
Cached:           197984 kB
SwapCached:        15416 kB
Active:           993308 kB
Inactive:         369912 kB
Active(anon):     948860 kB
Inactive(anon):   316316 kB
Active(file):      44448 kB
Inactive(file):    53596 kB
Unevictable:       99496 kB
Mlocked:           94212 kB
SwapTotal:        520908 kB
SwapFree:         355936 kB
Dirty:                40 kB
Writeback:             0 kB
AnonPages:       1263944 kB
Mapped:           144024 kB
Shmem:               568 kB
Slab:              78436 kB
SReclaimable:      24912 kB
SUnreclaim:        53524 kB
KernelStack:       15040 kB
PageTables:        16564 kB
NFS_Unstable:          0 kB
Bounce:                0 kB
WritebackTmp:          0 kB
CommitLimit:     1450072 kB
Committed_AS:   24127792 kB
VmallocTotal:   251658176 kB
VmallocUsed:       95284 kB
VmallocChunk:   251482716 kB


[2024-11-20 05:23:54]
MemTotal:        1858332 kB
MemFree:           34676 kB
Buffers:             500 kB
Cached:           185920 kB
SwapCached:        15204 kB
Active:           996064 kB
Inactive:         360416 kB
Active(anon):     952592 kB
Inactive(anon):   317600 kB
Active(file):      43472 kB
Inactive(file):    42816 kB
Unevictable:       99496 kB
Mlocked:           94212 kB
SwapTotal:        520908 kB
SwapFree:         355580 kB
Dirty:               132 kB
Writeback:             0 kB
AnonPages:       1257948 kB
Mapped:           142316 kB
Shmem:               564 kB
Slab:              78448 kB
SReclaimable:      24912 kB
SUnreclaim:        53536 kB
KernelStack:       15232 kB
PageTables:        16276 kB
NFS_Unstable:          0 kB
Bounce:                0 kB
WritebackTmp:          0 kB
CommitLimit:     1450072 kB
Committed_AS:   22208196 kB
VmallocTotal:   251658176 kB
VmallocUsed:       94400 kB
VmallocChunk:   251482716 kB


[2024-11-20 05:23:56]
MemTotal:        1858332 kB
MemFree:           39108 kB
Buffers:             520 kB
Cached:           195328 kB
SwapCached:        15200 kB
Active:           983900 kB
Inactive:         369428 kB
Active(anon):     940020 kB
Inactive(anon):   317372 kB
Active(file):      43880 kB
Inactive(file):    52056 kB
Unevictable:       99496 kB
Mlocked:           94212 kB
SwapTotal:        520908 kB
SwapFree:         355604 kB
Dirty:                68 kB
Writeback:             0 kB
AnonPages:       1255860 kB
Mapped:           138180 kB
Shmem:               564 kB
Slab:              78424 kB
SReclaimable:      24864 kB
SUnreclaim:        53560 kB
KernelStack:       14784 kB
PageTables:        15488 kB
NFS_Unstable:          0 kB
Bounce:                0 kB
WritebackTmp:          0 kB
CommitLimit:     1450072 kB
Committed_AS:   20286092 kB
VmallocTotal:   251658176 kB
VmallocUsed:       93244 kB
VmallocChunk:   251482716 kB


[2024-11-20 05:23:58]
MemTotal:        1858332 kB
MemFree:           39088 kB
Buffers:             520 kB
Cached:           195372 kB
SwapCached:        15200 kB
Active:           984372 kB
Inactive:         369532 kB
Active(anon):     940460 kB
Inactive(anon):   317356 kB
Active(file):      43912 kB
Inactive(file):    52176 kB
Unevictable:       99496 kB
Mlocked:           94212 kB
SwapTotal:        520908 kB
SwapFree:         355604 kB
Dirty:                68 kB
Writeback:             0 kB
AnonPages:       1256100 kB
Mapped:           138144 kB
Shmem:               564 kB
Slab:              78440 kB
SReclaimable:      24864 kB
SUnreclaim:        53576 kB
KernelStack:       14816 kB
PageTables:        15516 kB
NFS_Unstable:          0 kB
Bounce:                0 kB
WritebackTmp:          0 kB
CommitLimit:     1450072 kB
Committed_AS:   20286168 kB
VmallocTotal:   251658176 kB
VmallocUsed:       93244 kB
VmallocChunk:   251482716 kB


[2024-11-20 05:24:00]
MemTotal:        1858332 kB
MemFree:           45184 kB
Buffers:             448 kB
Cached:           193092 kB
SwapCached:        15212 kB
Active:           997400 kB
Inactive:         361048 kB
Active(anon):     945948 kB
Inactive(anon):   318864 kB
Active(file):      51452 kB
Inactive(file):    42184 kB
Unevictable:       99496 kB
Mlocked:           94212 kB
SwapTotal:        520908 kB
SwapFree:         355112 kB
Dirty:               140 kB
Writeback:             0 kB
AnonPages:       1263392 kB
Mapped:           145188 kB
Shmem:               560 kB
Slab:              78452 kB
SReclaimable:      24864 kB
SUnreclaim:        53588 kB
KernelStack:       15024 kB
PageTables:        16160 kB
NFS_Unstable:          0 kB
Bounce:                0 kB
WritebackTmp:          0 kB
CommitLimit:     1450072 kB
Committed_AS:   22207256 kB
VmallocTotal:   251658176 kB
VmallocUsed:       94264 kB
VmallocChunk:   251482716 kB


[2024-11-20 05:24:03]
MemTotal:        1858332 kB
MemFree:           44624 kB
Buffers:             448 kB
Cached:           193172 kB
SwapCached:        15212 kB
Active:           997952 kB
Inactive:         361204 kB
Active(anon):     946500 kB
Inactive(anon):   318840 kB
Active(file):      51452 kB
Inactive(file):    42364 kB
Unevictable:       99496 kB
Mlocked:           94212 kB
SwapTotal:        520908 kB
SwapFree:         355116 kB
Dirty:               140 kB
Writeback:             0 kB
AnonPages:       1263832 kB
Mapped:           145020 kB
Shmem:               560 kB
Slab:              78452 kB
SReclaimable:      24864 kB
SUnreclaim:        53588 kB
KernelStack:       15024 kB
PageTables:        16160 kB
NFS_Unstable:          0 kB
Bounce:                0 kB
WritebackTmp:          0 kB
CommitLimit:     1450072 kB
Committed_AS:   22207380 kB
VmallocTotal:   251658176 kB
VmallocUsed:       94264 kB
VmallocChunk:   251482716 kB


[2024-11-20 05:24:05]
MemTotal:        1858332 kB
MemFree:           43140 kB
Buffers:             456 kB
Cached:           194332 kB
SwapCached:        15212 kB
Active:           997776 kB
Inactive:         362176 kB
Active(anon):     946324 kB
Inactive(anon):   318648 kB
Active(file):      51452 kB
Inactive(file):    43528 kB
Unevictable:       99496 kB
Mlocked:           94212 kB
SwapTotal:        520908 kB
SwapFree:         355116 kB
Dirty:                 0 kB
Writeback:             0 kB
AnonPages:       1263468 kB
Mapped:           145344 kB
Shmem:               560 kB
Slab:              78452 kB
SReclaimable:      24864 kB
SUnreclaim:        53588 kB
KernelStack:       15024 kB
PageTables:        16160 kB
NFS_Unstable:          0 kB
Bounce:                0 kB
WritebackTmp:          0 kB
CommitLimit:     1450072 kB
Committed_AS:   22207232 kB
VmallocTotal:   251658176 kB
VmallocUsed:       94264 kB
VmallocChunk:   251482716 kB


[2024-11-20 05:24:07]
MemTotal:        1858332 kB
MemFree:           45108 kB
Buffers:             456 kB
Cached:           195468 kB
SwapCached:        15212 kB
Active:           995672 kB
Inactive:         362464 kB
Active(anon):     944208 kB
Inactive(anon):   317836 kB
Active(file):      51464 kB
Inactive(file):    44628 kB
Unevictable:       99496 kB
Mlocked:           94212 kB
SwapTotal:        520908 kB
SwapFree:         355132 kB
Dirty:                28 kB
Writeback:             0 kB
AnonPages:       1260608 kB
Mapped:           144516 kB
Shmem:               560 kB
Slab:              78452 kB
SReclaimable:      24864 kB
SUnreclaim:        53588 kB
KernelStack:       15024 kB
PageTables:        16148 kB
NFS_Unstable:          0 kB
Bounce:                0 kB
WritebackTmp:          0 kB
CommitLimit:     1450072 kB
Committed_AS:   22207276 kB
VmallocTotal:   251658176 kB
VmallocUsed:       94264 kB
VmallocChunk:   251482716 kB


[2024-11-20 05:24:10]
MemTotal:        1858332 kB
MemFree:           45800 kB
Buffers:             456 kB
Cached:           195468 kB
SwapCached:        15212 kB
Active:           996224 kB
Inactive:         362476 kB
Active(anon):     944760 kB
Inactive(anon):   317816 kB
Active(file):      51464 kB
Inactive(file):    44660 kB
Unevictable:       99496 kB
Mlocked:           94212 kB
SwapTotal:        520908 kB
SwapFree:         355132 kB
Dirty:                28 kB
Writeback:             0 kB
AnonPages:       1261224 kB
Mapped:           144600 kB
Shmem:               560 kB
Slab:              78388 kB
SReclaimable:      24808 kB
SUnreclaim:        53580 kB
KernelStack:       15056 kB
PageTables:        16176 kB
NFS_Unstable:          0 kB
Bounce:                0 kB
WritebackTmp:          0 kB
CommitLimit:     1450072 kB
Committed_AS:   22207084 kB
VmallocTotal:   251658176 kB
VmallocUsed:       94264 kB
VmallocChunk:   251482716 kB


[2024-11-20 05:24:12]
MemTotal:        1858332 kB
MemFree:           43928 kB
Buffers:             456 kB
Cached:           197820 kB
SwapCached:        15212 kB
Active:           996556 kB
Inactive:         364356 kB
Active(anon):     945092 kB
Inactive(anon):   317344 kB
Active(file):      51464 kB
Inactive(file):    47012 kB
Unevictable:       99496 kB
Mlocked:           94212 kB
SwapTotal:        520908 kB
SwapFree:         355132 kB
Dirty:                 0 kB
Writeback:             0 kB
AnonPages:       1261108 kB
Mapped:           144756 kB
Shmem:               560 kB
Slab:              78388 kB
SReclaimable:      24808 kB
SUnreclaim:        53580 kB
KernelStack:       15024 kB
PageTables:        16148 kB
NFS_Unstable:          0 kB
Bounce:                0 kB
WritebackTmp:          0 kB
CommitLimit:     1450072 kB
Committed_AS:   22207140 kB
VmallocTotal:   251658176 kB
VmallocUsed:       94264 kB
VmallocChunk:   251482716 kB


[2024-11-20 05:24:15]
MemTotal:        1858332 kB
MemFree:           43464 kB
Buffers:             456 kB
Cached:           197816 kB
SwapCached:        15216 kB
Active:           996960 kB
Inactive:         364300 kB
Active(anon):     945496 kB
Inactive(anon):   317288 kB
Active(file):      51464 kB
Inactive(file):    47012 kB
Unevictable:       99496 kB
Mlocked:           94212 kB
SwapTotal:        520908 kB
SwapFree:         355132 kB
Dirty:                 0 kB
Writeback:             0 kB
AnonPages:       1261340 kB
Mapped:           144576 kB
Shmem:               560 kB
Slab:              78388 kB
SReclaimable:      24808 kB
SUnreclaim:        53580 kB
KernelStack:       15024 kB
PageTables:        16148 kB
NFS_Unstable:          0 kB
Bounce:                0 kB
WritebackTmp:          0 kB
CommitLimit:     1450072 kB
Committed_AS:   22207272 kB
VmallocTotal:   251658176 kB
VmallocUsed:       94264 kB
VmallocChunk:   251482716 kB


[2024-11-20 05:24:17]
MemTotal:        1858332 kB
MemFree:           37044 kB
Buffers:             464 kB
Cached:           199476 kB
SwapCached:        15372 kB
Active:          1001276 kB
Inactive:         365960 kB
Active(anon):     949636 kB
Inactive(anon):   317400 kB
Active(file):      51640 kB
Inactive(file):    48560 kB
Unevictable:       99496 kB
Mlocked:           94212 kB
SwapTotal:        520908 kB
SwapFree:         355388 kB
Dirty:                 0 kB
Writeback:             0 kB
AnonPages:       1265692 kB
Mapped:           147016 kB
Shmem:               560 kB
Slab:              78388 kB
SReclaimable:      24808 kB
SUnreclaim:        53580 kB
KernelStack:       15232 kB
PageTables:        16796 kB
NFS_Unstable:          0 kB
Bounce:                0 kB
WritebackTmp:          0 kB
CommitLimit:     1450072 kB
Committed_AS:   24128356 kB
VmallocTotal:   251658176 kB
VmallocUsed:       95284 kB
VmallocChunk:   251482716 kB


[2024-11-20 05:24:20]
MemTotal:        1858332 kB
MemFree:           41540 kB
Buffers:             464 kB
Cached:           196900 kB
SwapCached:        15376 kB
Active:           998496 kB
Inactive:         365468 kB
Active(anon):     948424 kB
Inactive(anon):   317968 kB
Active(file):      50072 kB
Inactive(file):    47500 kB
Unevictable:       99496 kB
Mlocked:           94212 kB
SwapTotal:        520908 kB
SwapFree:         355336 kB
Dirty:                28 kB
Writeback:             0 kB
AnonPages:       1264644 kB
Mapped:           145196 kB
Shmem:               560 kB
Slab:              78388 kB
SReclaimable:      24808 kB
SUnreclaim:        53580 kB
KernelStack:       15264 kB
PageTables:        16868 kB
NFS_Unstable:          0 kB
Bounce:                0 kB
WritebackTmp:          0 kB
CommitLimit:     1450072 kB
Committed_AS:   24128532 kB
VmallocTotal:   251658176 kB
VmallocUsed:       95284 kB
VmallocChunk:   251482716 kB


[2024-11-20 05:24:23]
MemTotal:        1858332 kB
MemFree:           38800 kB
Buffers:             464 kB
Cached:           197036 kB
SwapCached:        15376 kB
Active:          1001944 kB
Inactive:         365524 kB
Active(anon):     951848 kB
Inactive(anon):   317928 kB
Active(file):      50096 kB
Inactive(file):    47596 kB
Unevictable:       99496 kB
Mlocked:           94212 kB
SwapTotal:        520908 kB
SwapFree:         355348 kB
Dirty:                28 kB
Writeback:             0 kB
AnonPages:       1267948 kB
Mapped:           146312 kB
Shmem:               560 kB
Slab:              78388 kB
SReclaimable:      24808 kB
SUnreclaim:        53580 kB
KernelStack:       14992 kB
PageTables:        16172 kB
NFS_Unstable:          0 kB
Bounce:                0 kB
WritebackTmp:          0 kB
CommitLimit:     1450072 kB
Committed_AS:   22208340 kB
VmallocTotal:   251658176 kB
VmallocUsed:       94264 kB
VmallocChunk:   251482716 kB


[2024-11-20 05:24:25]
MemTotal:        1858332 kB
MemFree:           76936 kB
Buffers:             356 kB
Cached:           182020 kB
SwapCached:        15364 kB
Active:           979852 kB
Inactive:         354072 kB
Active(anon):     938596 kB
Inactive(anon):   312752 kB
Active(file):      41256 kB
Inactive(file):    41320 kB
Unevictable:       99496 kB
Mlocked:           94212 kB
SwapTotal:        520908 kB
SwapFree:         348952 kB
Dirty:                40 kB
Writeback:             0 kB
AnonPages:       1249824 kB
Mapped:           137564 kB
Shmem:               560 kB
Slab:              78312 kB
SReclaimable:      24808 kB
SUnreclaim:        53504 kB
KernelStack:       14800 kB
PageTables:        15520 kB
NFS_Unstable:          0 kB
Bounce:                0 kB
WritebackTmp:          0 kB
CommitLimit:     1450072 kB
Committed_AS:   20285956 kB
VmallocTotal:   251658176 kB
VmallocUsed:       93244 kB
VmallocChunk:   251482716 kB


[2024-11-20 05:24:28]
MemTotal:        1858332 kB
MemFree:           77224 kB
Buffers:             356 kB
Cached:           182096 kB
SwapCached:        15364 kB
Active:           980156 kB
Inactive:         354112 kB
Active(anon):     938900 kB
Inactive(anon):   312716 kB
Active(file):      41256 kB
Inactive(file):    41396 kB
Unevictable:       99496 kB
Mlocked:           94212 kB
SwapTotal:        520908 kB
SwapFree:         348952 kB
Dirty:                40 kB
Writeback:             0 kB
AnonPages:       1250064 kB
Mapped:           137280 kB
Shmem:               560 kB
Slab:              78312 kB
SReclaimable:      24808 kB
SUnreclaim:        53504 kB
KernelStack:       14768 kB
PageTables:        15488 kB
NFS_Unstable:          0 kB
Bounce:                0 kB
WritebackTmp:          0 kB
CommitLimit:     1450072 kB
Committed_AS:   20285960 kB
VmallocTotal:   251658176 kB
VmallocUsed:       93244 kB
VmallocChunk:   251482716 kB


[2024-11-20 05:24:30]
MemTotal:        1858332 kB
MemFree:           77092 kB
Buffers:             364 kB
Cached:           182296 kB
SwapCached:        15364 kB
Active:           980404 kB
Inactive:         354264 kB
Active(anon):     939148 kB
Inactive(anon):   312660 kB
Active(file):      41256 kB
Inactive(file):    41604 kB
Unevictable:       99496 kB
Mlocked:           94212 kB
SwapTotal:        520908 kB
SwapFree:         348956 kB
Dirty:                16 kB
Writeback:             0 kB
AnonPages:       1249940 kB
Mapped:           137376 kB
Shmem:               560 kB
Slab:              78312 kB
SReclaimable:      24808 kB
SUnreclaim:        53504 kB
KernelStack:       14800 kB
PageTables:        15520 kB
NFS_Unstable:          0 kB
Bounce:                0 kB
WritebackTmp:          0 kB
CommitLimit:     1450072 kB
Committed_AS:   20285876 kB
VmallocTotal:   251658176 kB
VmallocUsed:       93244 kB
VmallocChunk:   251482716 kB


[2024-11-20 05:24:33]
MemTotal:        1858332 kB
MemFree:           76796 kB
Buffers:             364 kB
Cached:           182296 kB
SwapCached:        15364 kB
Active:           980572 kB
Inactive:         354268 kB
Active(anon):     939316 kB
Inactive(anon):   312664 kB
Active(file):      41256 kB
Inactive(file):    41604 kB
Unevictable:       99496 kB
Mlocked:           94212 kB
SwapTotal:        520908 kB
SwapFree:         348960 kB
Dirty:                16 kB
Writeback:             0 kB
AnonPages:       1250412 kB
Mapped:           137296 kB
Shmem:               560 kB
Slab:              78312 kB
SReclaimable:      24808 kB
SUnreclaim:        53504 kB
KernelStack:       14768 kB
PageTables:        15488 kB
NFS_Unstable:          0 kB
Bounce:                0 kB
WritebackTmp:          0 kB
CommitLimit:     1450072 kB
Committed_AS:   20286040 kB
VmallocTotal:   251658176 kB
VmallocUsed:       93244 kB
VmallocChunk:   251482716 kB


[2024-11-20 05:24:35]
MemTotal:        1858332 kB
MemFree:           76072 kB
Buffers:             364 kB
Cached:           183428 kB
SwapCached:        15364 kB
Active:           980704 kB
Inactive:         355192 kB
Active(anon):     939448 kB
Inactive(anon):   312456 kB
Active(file):      41256 kB
Inactive(file):    42736 kB
Unevictable:       99496 kB
Mlocked:           94212 kB
SwapTotal:        520908 kB
SwapFree:         348980 kB
Dirty:                 0 kB
Writeback:             0 kB
AnonPages:       1250116 kB
Mapped:           137516 kB
Shmem:               560 kB
Slab:              78312 kB
SReclaimable:      24808 kB
SUnreclaim:        53504 kB
KernelStack:       14800 kB
PageTables:        15524 kB
NFS_Unstable:          0 kB
Bounce:                0 kB
WritebackTmp:          0 kB
CommitLimit:     1450072 kB
Committed_AS:   20286028 kB
VmallocTotal:   251658176 kB
VmallocUsed:       93244 kB
VmallocChunk:   251482716 kB


[2024-11-20 05:24:38]
MemTotal:        1858332 kB
MemFree:           75792 kB
Buffers:             364 kB
Cached:           183428 kB
SwapCached:        15364 kB
Active:           981036 kB
Inactive:         355192 kB
Active(anon):     939780 kB
Inactive(anon):   312456 kB
Active(file):      41256 kB
Inactive(file):    42736 kB
Unevictable:       99496 kB
Mlocked:           94212 kB
SwapTotal:        520908 kB
SwapFree:         348980 kB
Dirty:                 0 kB
Writeback:             0 kB
AnonPages:       1250520 kB
Mapped:           137436 kB
Shmem:               560 kB
Slab:              78312 kB
SReclaimable:      24808 kB
SUnreclaim:        53504 kB
KernelStack:       14752 kB
PageTables:        15488 kB
NFS_Unstable:          0 kB
Bounce:                0 kB
WritebackTmp:          0 kB
CommitLimit:     1450072 kB
Committed_AS:   20286036 kB
VmallocTotal:   251658176 kB
VmallocUsed:       93244 kB
VmallocChunk:   251482716 kB


[2024-11-20 05:24:40]
MemTotal:        1858332 kB
MemFree:           66936 kB
Buffers:             368 kB
Cached:           192116 kB
SwapCached:        15368 kB
Active:           981456 kB
Inactive:         363872 kB
Active(anon):     940200 kB
Inactive(anon):   312460 kB
Active(file):      41256 kB
Inactive(file):    51412 kB
Unevictable:       99496 kB
Mlocked:           94212 kB
SwapTotal:        520908 kB
SwapFree:         348984 kB
Dirty:                 0 kB
Writeback:             0 kB
AnonPages:       1251064 kB
Mapped:           137704 kB
Shmem:               560 kB
Slab:              78248 kB
SReclaimable:      24808 kB
SUnreclaim:        53440 kB
KernelStack:       14784 kB
PageTables:        15512 kB
NFS_Unstable:          0 kB
Bounce:                0 kB
WritebackTmp:          0 kB
CommitLimit:     1450072 kB
Committed_AS:   20286036 kB
VmallocTotal:   251658176 kB
VmallocUsed:       93244 kB
VmallocChunk:   251482716 kB


[2024-11-20 05:24:43]
MemTotal:        1858332 kB
MemFree:           66556 kB
Buffers:             368 kB
Cached:           192116 kB
SwapCached:        15368 kB
Active:           981728 kB
Inactive:         363888 kB
Active(anon):     940472 kB
Inactive(anon):   312460 kB
Active(file):      41256 kB
Inactive(file):    51428 kB
Unevictable:       99496 kB
Mlocked:           94212 kB
SwapTotal:        520908 kB
SwapFree:         349000 kB
Dirty:                 0 kB
Writeback:             0 kB
AnonPages:       1251316 kB
Mapped:           137648 kB
Shmem:               560 kB
Slab:              78248 kB
SReclaimable:      24808 kB
SUnreclaim:        53440 kB
KernelStack:       14752 kB
PageTables:        15488 kB
NFS_Unstable:          0 kB
Bounce:                0 kB
WritebackTmp:          0 kB
CommitLimit:     1450072 kB
Committed_AS:   20286008 kB
VmallocTotal:   251658176 kB
VmallocUsed:       93244 kB
VmallocChunk:   251482716 kB


[2024-11-20 05:24:45]
MemTotal:        1858332 kB
MemFree:           66552 kB
Buffers:             368 kB
Cached:           192116 kB
SwapCached:        15368 kB
Active:           981828 kB
Inactive:         363888 kB
Active(anon):     940572 kB
Inactive(anon):   312460 kB
Active(file):      41256 kB
Inactive(file):    51428 kB
Unevictable:       99496 kB
Mlocked:           94212 kB
SwapTotal:        520908 kB
SwapFree:         349000 kB
Dirty:                 0 kB
Writeback:             0 kB
AnonPages:       1251412 kB
Mapped:           137748 kB
Shmem:               560 kB
Slab:              78248 kB
SReclaimable:      24808 kB
SUnreclaim:        53440 kB
KernelStack:       14800 kB
PageTables:        15520 kB
NFS_Unstable:          0 kB
Bounce:                0 kB
WritebackTmp:          0 kB
CommitLimit:     1450072 kB
Committed_AS:   20285848 kB
VmallocTotal:   251658176 kB
VmallocUsed:       93244 kB
VmallocChunk:   251482716 kB


[2024-11-20 05:24:47]
MemTotal:        1858332 kB
MemFree:           66268 kB
Buffers:             368 kB
Cached:           192116 kB
SwapCached:        15368 kB
Active:           981808 kB
Inactive:         363888 kB
Active(anon):     940552 kB
Inactive(anon):   312460 kB
Active(file):      41256 kB
Inactive(file):    51428 kB
Unevictable:       99496 kB
Mlocked:           94212 kB
SwapTotal:        520908 kB
SwapFree:         349004 kB
Dirty:                 0 kB
Writeback:             0 kB
AnonPages:       1251360 kB
Mapped:           137648 kB
Shmem:               560 kB
Slab:              78248 kB
SReclaimable:      24808 kB
SUnreclaim:        53440 kB
KernelStack:       14768 kB
PageTables:        15488 kB
NFS_Unstable:          0 kB
Bounce:                0 kB
WritebackTmp:          0 kB
CommitLimit:     1450072 kB
Committed_AS:   20285960 kB
VmallocTotal:   251658176 kB
VmallocUsed:       93244 kB
VmallocChunk:   251482716 kB


[2024-11-20 05:24:50]
MemTotal:        1858332 kB
MemFree:           65908 kB
Buffers:             368 kB
Cached:           192116 kB
SwapCached:        15368 kB
Active:           982376 kB
Inactive:         363872 kB
Active(anon):     941120 kB
Inactive(anon):   312444 kB
Active(file):      41256 kB
Inactive(file):    51428 kB
Unevictable:       99496 kB
Mlocked:           94212 kB
SwapTotal:        520908 kB
SwapFree:         349016 kB
Dirty:                 0 kB
Writeback:             0 kB
AnonPages:       1251856 kB
Mapped:           137748 kB
Shmem:               560 kB
Slab:              78248 kB
SReclaimable:      24808 kB
SUnreclaim:        53440 kB
KernelStack:       14800 kB
PageTables:        15520 kB
NFS_Unstable:          0 kB
Bounce:                0 kB
WritebackTmp:          0 kB
CommitLimit:     1450072 kB
Committed_AS:   20285928 kB
VmallocTotal:   251658176 kB
VmallocUsed:       93244 kB
VmallocChunk:   251482716 kB


[2024-11-20 05:24:52]
MemTotal:        1858332 kB
MemFree:           65908 kB
Buffers:             368 kB
Cached:           192116 kB
SwapCached:        15368 kB
Active:           982164 kB
Inactive:         363872 kB
Active(anon):     940908 kB
Inactive(anon):   312444 kB
Active(file):      41256 kB
Inactive(file):    51428 kB
Unevictable:       99496 kB
Mlocked:           94212 kB
SwapTotal:        520908 kB
SwapFree:         349016 kB
Dirty:                 0 kB
Writeback:             0 kB
AnonPages:       1251844 kB
Mapped:           138016 kB
Shmem:               560 kB
Slab:              78248 kB
SReclaimable:      24808 kB
SUnreclaim:        53440 kB
KernelStack:       14768 kB
PageTables:        15488 kB
NFS_Unstable:          0 kB
Bounce:                0 kB
WritebackTmp:          0 kB
CommitLimit:     1450072 kB
Committed_AS:   20285892 kB
VmallocTotal:   251658176 kB
VmallocUsed:       93244 kB
VmallocChunk:   251482716 kB


[2024-11-20 05:24:55]
MemTotal:        1858332 kB
MemFree:           65784 kB
Buffers:             368 kB
Cached:           192116 kB
SwapCached:        15368 kB
Active:           982636 kB
Inactive:         363872 kB
Active(anon):     941380 kB
Inactive(anon):   312444 kB
Active(file):      41256 kB
Inactive(file):    51428 kB
Unevictable:       99496 kB
Mlocked:           94212 kB
SwapTotal:        520908 kB
SwapFree:         349016 kB
Dirty:                 0 kB
Writeback:             0 kB
AnonPages:       1252068 kB
Mapped:           137736 kB
Shmem:               560 kB
Slab:              78248 kB
SReclaimable:      24808 kB
SUnreclaim:        53440 kB
KernelStack:       14800 kB
PageTables:        15516 kB
NFS_Unstable:          0 kB
Bounce:                0 kB
WritebackTmp:          0 kB
CommitLimit:     1450072 kB
Committed_AS:   20285960 kB
VmallocTotal:   251658176 kB
VmallocUsed:       93244 kB
VmallocChunk:   251482716 kB


[2024-11-20 05:24:58]
MemTotal:        1858332 kB
MemFree:           65104 kB
Buffers:             368 kB
Cached:           192560 kB
SwapCached:        15368 kB
Active:           982532 kB
Inactive:         364324 kB
Active(anon):     941276 kB
Inactive(anon):   312452 kB
Active(file):      41256 kB
Inactive(file):    51872 kB
Unevictable:       99496 kB
Mlocked:           94212 kB
SwapTotal:        520908 kB
SwapFree:         349024 kB
Dirty:                 0 kB
Writeback:             0 kB
AnonPages:       1252008 kB
Mapped:           137740 kB
Shmem:               560 kB
Slab:              78248 kB
SReclaimable:      24808 kB
SUnreclaim:        53440 kB
KernelStack:       14768 kB
PageTables:        15488 kB
NFS_Unstable:          0 kB
Bounce:                0 kB
WritebackTmp:          0 kB
CommitLimit:     1450072 kB
Committed_AS:   20286080 kB
VmallocTotal:   251658176 kB
VmallocUsed:       93256 kB
VmallocChunk:   251482716 kB


[2024-11-20 05:25:00]
MemTotal:        1858332 kB
MemFree:           64704 kB
Buffers:             368 kB
Cached:           192560 kB
SwapCached:        15368 kB
Active:           982740 kB
Inactive:         364324 kB
Active(anon):     941484 kB
Inactive(anon):   312452 kB
Active(file):      41256 kB
Inactive(file):    51872 kB
Unevictable:       99496 kB
Mlocked:           94212 kB
SwapTotal:        520908 kB
SwapFree:         349024 kB
Dirty:                 0 kB
Writeback:             0 kB
AnonPages:       1252312 kB
Mapped:           137640 kB
Shmem:               560 kB
Slab:              78248 kB
SReclaimable:      24808 kB
SUnreclaim:        53440 kB
KernelStack:       14800 kB
PageTables:        15512 kB
NFS_Unstable:          0 kB
Bounce:                0 kB
WritebackTmp:          0 kB
CommitLimit:     1450072 kB
Committed_AS:   20285940 kB
VmallocTotal:   251658176 kB
VmallocUsed:       93256 kB
VmallocChunk:   251482716 kB


[2024-11-20 05:25:03]
MemTotal:        1858332 kB
MemFree:           64964 kB
Buffers:             368 kB
Cached:           192560 kB
SwapCached:        15368 kB
Active:           982824 kB
Inactive:         364324 kB
Active(anon):     941568 kB
Inactive(anon):   312452 kB
Active(file):      41256 kB
Inactive(file):    51872 kB
Unevictable:       99496 kB
Mlocked:           94212 kB
SwapTotal:        520908 kB
SwapFree:         349024 kB
Dirty:                 0 kB
Writeback:             0 kB
AnonPages:       1252308 kB
Mapped:           137740 kB
Shmem:               560 kB
Slab:              78248 kB
SReclaimable:      24808 kB
SUnreclaim:        53440 kB
KernelStack:       14768 kB
PageTables:        15488 kB
NFS_Unstable:          0 kB
Bounce:                0 kB
WritebackTmp:          0 kB
CommitLimit:     1450072 kB
Committed_AS:   20286192 kB
VmallocTotal:   251658176 kB
VmallocUsed:       93256 kB
VmallocChunk:   251482716 kB


[2024-11-20 05:25:05]
MemTotal:        1858332 kB
MemFree:           64084 kB
Buffers:             368 kB
Cached:           192560 kB
SwapCached:        15368 kB
Active:           983444 kB
Inactive:         364324 kB
Active(anon):     942188 kB
Inactive(anon):   312452 kB
Active(file):      41256 kB
Inactive(file):    51872 kB
Unevictable:       99496 kB
Mlocked:           94212 kB
SwapTotal:        520908 kB
SwapFree:         349024 kB
Dirty:                 0 kB
Writeback:             0 kB
AnonPages:       1252924 kB
Mapped:           137904 kB
Shmem:               560 kB
Slab:              78248 kB
SReclaimable:      24808 kB
SUnreclaim:        53440 kB
KernelStack:       14800 kB
PageTables:        15516 kB
NFS_Unstable:          0 kB
Bounce:                0 kB
WritebackTmp:          0 kB
CommitLimit:     1450072 kB
Committed_AS:   20285992 kB
VmallocTotal:   251658176 kB
VmallocUsed:       93256 kB
VmallocChunk:   251482716 kB


[2024-11-20 05:25:08]
MemTotal:        1858332 kB
MemFree:           63744 kB
Buffers:             368 kB
Cached:           192560 kB
SwapCached:        15368 kB
Active:           983880 kB
Inactive:         364324 kB
Active(anon):     942624 kB
Inactive(anon):   312452 kB
Active(file):      41256 kB
Inactive(file):    51872 kB
Unevictable:       99496 kB
Mlocked:           94212 kB
SwapTotal:        520908 kB
SwapFree:         349024 kB
Dirty:                 0 kB
Writeback:             0 kB
AnonPages:       1253324 kB
Mapped:           137788 kB
Shmem:               560 kB
Slab:              78248 kB
SReclaimable:      24808 kB
SUnreclaim:        53440 kB
KernelStack:       14768 kB
PageTables:        15504 kB
NFS_Unstable:          0 kB
Bounce:                0 kB
WritebackTmp:          0 kB
CommitLimit:     1450072 kB
Committed_AS:   20286056 kB
VmallocTotal:   251658176 kB
VmallocUsed:       93256 kB
VmallocChunk:   251482716 kB


[2024-11-20 05:25:11]
MemTotal:        1858332 kB
MemFree:           63184 kB
Buffers:             368 kB
Cached:           192560 kB
SwapCached:        15368 kB
Active:           984168 kB
Inactive:         364324 kB
Active(anon):     942912 kB
Inactive(anon):   312452 kB
Active(file):      41256 kB
Inactive(file):    51872 kB
Unevictable:       99496 kB
Mlocked:           94212 kB
SwapTotal:        520908 kB
SwapFree:         349024 kB
Dirty:                 0 kB
Writeback:             0 kB
AnonPages:       1253732 kB
Mapped:           138112 kB
Shmem:               560 kB
Slab:              78248 kB
SReclaimable:      24808 kB
SUnreclaim:        53440 kB
KernelStack:       14768 kB
PageTables:        15488 kB
NFS_Unstable:          0 kB
Bounce:                0 kB
WritebackTmp:          0 kB
CommitLimit:     1450072 kB
Committed_AS:   20286084 kB
VmallocTotal:   251658176 kB
VmallocUsed:       93256 kB
VmallocChunk:   251482716 kB


[2024-11-20 05:25:13]
MemTotal:        1858332 kB
MemFree:           63052 kB
Buffers:             368 kB
Cached:           192560 kB
SwapCached:        15368 kB
Active:           984712 kB
Inactive:         364320 kB
Active(anon):     943456 kB
Inactive(anon):   312448 kB
Active(file):      41256 kB
Inactive(file):    51872 kB
Unevictable:       99496 kB
Mlocked:           94212 kB
SwapTotal:        520908 kB
SwapFree:         349024 kB
Dirty:                 0 kB
Writeback:             0 kB
AnonPages:       1254144 kB
Mapped:           137892 kB
Shmem:               560 kB
Slab:              78248 kB
SReclaimable:      24808 kB
SUnreclaim:        53440 kB
KernelStack:       14800 kB
PageTables:        15516 kB
NFS_Unstable:          0 kB
Bounce:                0 kB
WritebackTmp:          0 kB
CommitLimit:     1450072 kB
Committed_AS:   20286028 kB
VmallocTotal:   251658176 kB
VmallocUsed:       93256 kB
VmallocChunk:   251482716 kB


[2024-11-20 05:25:16]
MemTotal:        1858332 kB
MemFree:           69556 kB
Buffers:             368 kB
Cached:           192560 kB
SwapCached:        15368 kB
Active:           978468 kB
Inactive:         363984 kB
Active(anon):     937212 kB
Inactive(anon):   312112 kB
Active(file):      41256 kB
Inactive(file):    51872 kB
Unevictable:       99496 kB
Mlocked:           94212 kB
SwapTotal:        520908 kB
SwapFree:         349060 kB
Dirty:                 0 kB
Writeback:             0 kB
AnonPages:       1247636 kB
Mapped:           136828 kB
Shmem:               560 kB
Slab:              78248 kB
SReclaimable:      24808 kB
SUnreclaim:        53440 kB
KernelStack:       14768 kB
PageTables:        15476 kB
NFS_Unstable:          0 kB
Bounce:                0 kB
WritebackTmp:          0 kB
CommitLimit:     1450072 kB
Committed_AS:   20286072 kB
VmallocTotal:   251658176 kB
VmallocUsed:       93256 kB
VmallocChunk:   251482716 kB


[2024-11-20 05:25:18]
MemTotal:        1858332 kB
MemFree:           68844 kB
Buffers:             368 kB
Cached:           192560 kB
SwapCached:        15368 kB
Active:           978636 kB
Inactive:         363972 kB
Active(anon):     937380 kB
Inactive(anon):   312100 kB
Active(file):      41256 kB
Inactive(file):    51872 kB
Unevictable:       99496 kB
Mlocked:           94212 kB
SwapTotal:        520908 kB
SwapFree:         349064 kB
Dirty:                 0 kB
Writeback:             0 kB
AnonPages:       1247716 kB
Mapped:           137068 kB
Shmem:               560 kB
Slab:              78536 kB
SReclaimable:      25096 kB
SUnreclaim:        53440 kB
KernelStack:       14800 kB
PageTables:        15508 kB
NFS_Unstable:          0 kB
Bounce:                0 kB
WritebackTmp:          0 kB
CommitLimit:     1450072 kB
Committed_AS:   20286060 kB
VmallocTotal:   251658176 kB
VmallocUsed:       93256 kB
VmallocChunk:   251482716 kB


[2024-11-20 05:25:20]
MemTotal:        1858332 kB
MemFree:           68664 kB
Buffers:             368 kB
Cached:           192560 kB
SwapCached:        15368 kB
Active:           979016 kB
Inactive:         363972 kB
Active(anon):     937760 kB
Inactive(anon):   312100 kB
Active(file):      41256 kB
Inactive(file):    51872 kB
Unevictable:       99496 kB
Mlocked:           94212 kB
SwapTotal:        520908 kB
SwapFree:         349064 kB
Dirty:                 0 kB
Writeback:             0 kB
AnonPages:       1247860 kB
Mapped:           137028 kB
Shmem:               560 kB
Slab:              78536 kB
SReclaimable:      25096 kB
SUnreclaim:        53440 kB
KernelStack:       14768 kB
PageTables:        15476 kB
NFS_Unstable:          0 kB
Bounce:                0 kB
WritebackTmp:          0 kB
CommitLimit:     1450072 kB
Committed_AS:   20286056 kB
VmallocTotal:   251658176 kB
VmallocUsed:       93256 kB
VmallocChunk:   251482716 kB


[2024-11-20 05:25:23]
MemTotal:        1858332 kB
MemFree:           64836 kB
Buffers:             368 kB
Cached:           195872 kB
SwapCached:        15456 kB
Active:           979580 kB
Inactive:         367164 kB
Active(anon):     938324 kB
Inactive(anon):   312136 kB
Active(file):      41256 kB
Inactive(file):    55028 kB
Unevictable:       99496 kB
Mlocked:           94212 kB
SwapTotal:        520908 kB
SwapFree:         349144 kB
Dirty:                 0 kB
Writeback:             0 kB
AnonPages:       1248844 kB
Mapped:           137580 kB
Shmem:               560 kB
Slab:              78536 kB
SReclaimable:      25096 kB
SUnreclaim:        53440 kB
KernelStack:       14768 kB
PageTables:        15476 kB
NFS_Unstable:          0 kB
Bounce:                0 kB
WritebackTmp:          0 kB
CommitLimit:     1450072 kB
Committed_AS:   20285972 kB
VmallocTotal:   251658176 kB
VmallocUsed:       93256 kB
VmallocChunk:   251482716 kB


[2024-11-20 05:25:25]
MemTotal:        1858332 kB
MemFree:           64440 kB
Buffers:             368 kB
Cached:           195892 kB
SwapCached:        15456 kB
Active:           979436 kB
Inactive:         367472 kB
Active(anon):     938180 kB
Inactive(anon):   312268 kB
Active(file):      41256 kB
Inactive(file):    55204 kB
Unevictable:       99496 kB
Mlocked:           94212 kB
SwapTotal:        520908 kB
SwapFree:         349144 kB
Dirty:                 0 kB
Writeback:             0 kB
AnonPages:       1248820 kB
Mapped:           137556 kB
Shmem:               560 kB
Slab:              78464 kB
SReclaimable:      25096 kB
SUnreclaim:        53368 kB
KernelStack:       14800 kB
PageTables:        15504 kB
NFS_Unstable:          0 kB
Bounce:                0 kB
WritebackTmp:          0 kB
CommitLimit:     1450072 kB
Committed_AS:   20286000 kB
VmallocTotal:   251658176 kB
VmallocUsed:       93256 kB
VmallocChunk:   251482716 kB


[2024-11-20 05:25:28]
MemTotal:        1858332 kB
MemFree:           61964 kB
Buffers:             368 kB
Cached:           197364 kB
SwapCached:        15456 kB
Active:           980232 kB
Inactive:         368836 kB
Active(anon):     938976 kB
Inactive(anon):   312268 kB
Active(file):      41256 kB
Inactive(file):    56568 kB
Unevictable:       99496 kB
Mlocked:           94212 kB
SwapTotal:        520908 kB
SwapFree:         349144 kB
Dirty:                 0 kB
Writeback:             0 kB
AnonPages:       1249404 kB
Mapped:           137828 kB
Shmem:               560 kB
Slab:              78464 kB
SReclaimable:      25096 kB
SUnreclaim:        53368 kB
KernelStack:       14768 kB
PageTables:        15844 kB
NFS_Unstable:          0 kB
Bounce:                0 kB
WritebackTmp:          0 kB
CommitLimit:     1450072 kB
Committed_AS:   22205820 kB
VmallocTotal:   251658176 kB
VmallocUsed:       94276 kB
VmallocChunk:   251482716 kB


[2024-11-20 05:25:31]
MemTotal:        1858332 kB
MemFree:           55404 kB
Buffers:             376 kB
Cached:           197372 kB
SwapCached:        15476 kB
Active:           986372 kB
Inactive:         368952 kB
Active(anon):     945088 kB
Inactive(anon):   312292 kB
Active(file):      41284 kB
Inactive(file):    56660 kB
Unevictable:       99496 kB
Mlocked:           94212 kB
SwapTotal:        520908 kB
SwapFree:         349320 kB
Dirty:                28 kB
Writeback:             0 kB
AnonPages:       1256104 kB
Mapped:           142772 kB
Shmem:               560 kB
Slab:              78432 kB
SReclaimable:      25096 kB
SUnreclaim:        53336 kB
KernelStack:       15024 kB
PageTables:        16516 kB
NFS_Unstable:          0 kB
Bounce:                0 kB
WritebackTmp:          0 kB
CommitLimit:     1450072 kB
Committed_AS:   24127468 kB
VmallocTotal:   251658176 kB
VmallocUsed:       95296 kB
VmallocChunk:   251482716 kB


[2024-11-20 05:25:33]
MemTotal:        1858332 kB
MemFree:           42916 kB
Buffers:             384 kB
Cached:           198228 kB
SwapCached:        15476 kB
Active:           997680 kB
Inactive:         369848 kB
Active(anon):     956364 kB
Inactive(anon):   312360 kB
Active(file):      41316 kB
Inactive(file):    57488 kB
Unevictable:       99496 kB
Mlocked:           94212 kB
SwapTotal:        520908 kB
SwapFree:         349328 kB
Dirty:                60 kB
Writeback:             0 kB
AnonPages:       1267204 kB
Mapped:           147680 kB
Shmem:               568 kB
Slab:              78432 kB
SReclaimable:      25096 kB
SUnreclaim:        53336 kB
KernelStack:       15264 kB
PageTables:        16820 kB
NFS_Unstable:          0 kB
Bounce:                0 kB
WritebackTmp:          0 kB
CommitLimit:     1450072 kB
Committed_AS:   24128920 kB
VmallocTotal:   251658176 kB
VmallocUsed:       95296 kB
VmallocChunk:   251482716 kB


[2024-11-20 05:25:36]
MemTotal:        1858332 kB
MemFree:           19244 kB
Buffers:             444 kB
Cached:           197944 kB
SwapCached:        15576 kB
Active:          1005772 kB
Inactive:         366228 kB
Active(anon):     956784 kB
Inactive(anon):   316736 kB
Active(file):      48988 kB
Inactive(file):    49492 kB
Unevictable:       99496 kB
Mlocked:           94212 kB
SwapTotal:        520908 kB
SwapFree:         349368 kB
Dirty:                64 kB
Writeback:             0 kB
AnonPages:       1267308 kB
Mapped:           148360 kB
Shmem:               560 kB
Slab:              78432 kB
SReclaimable:      25096 kB
SUnreclaim:        53336 kB
KernelStack:       15248 kB
PageTables:        16832 kB
NFS_Unstable:          0 kB
Bounce:                0 kB
WritebackTmp:          0 kB
CommitLimit:     1450072 kB
Committed_AS:   24129772 kB
VmallocTotal:   251658176 kB
VmallocUsed:       95432 kB
VmallocChunk:   251482716 kB


[2024-11-20 05:25:39]
MemTotal:        1858332 kB
MemFree:           62500 kB
Buffers:             448 kB
Cached:           182384 kB
SwapCached:        15260 kB
Active:           979668 kB
Inactive:         350528 kB
Active(anon):     932224 kB
Inactive(anon):   315004 kB
Active(file):      47444 kB
Inactive(file):    35524 kB
Unevictable:       99496 kB
Mlocked:           94212 kB
SwapTotal:        520908 kB
SwapFree:         344168 kB
Dirty:                64 kB
Writeback:             0 kB
AnonPages:       1245528 kB
Mapped:           138160 kB
Shmem:               512 kB
Slab:              78412 kB
SReclaimable:      25108 kB
SUnreclaim:        53304 kB
KernelStack:       14816 kB
PageTables:        15552 kB
NFS_Unstable:          0 kB
Bounce:                0 kB
WritebackTmp:          0 kB
CommitLimit:     1450072 kB
Committed_AS:   20294128 kB
VmallocTotal:   251658176 kB
VmallocUsed:      101620 kB
VmallocChunk:   251448236 kB


[2024-11-20 05:25:41]
MemTotal:        1858332 kB
MemFree:           62376 kB
Buffers:             456 kB
Cached:           182460 kB
SwapCached:        15260 kB
Active:           980076 kB
Inactive:         350708 kB
Active(anon):     932596 kB
Inactive(anon):   315020 kB
Active(file):      47480 kB
Inactive(file):    35688 kB
Unevictable:       99496 kB
Mlocked:           94212 kB
SwapTotal:        520908 kB
SwapFree:         344168 kB
Dirty:                32 kB
Writeback:             0 kB
AnonPages:       1245892 kB
Mapped:           138076 kB
Shmem:               508 kB
Slab:              78412 kB
SReclaimable:      25108 kB
SUnreclaim:        53304 kB
KernelStack:       14816 kB
PageTables:        15524 kB
NFS_Unstable:          0 kB
Bounce:                0 kB
WritebackTmp:          0 kB
CommitLimit:     1450072 kB
Committed_AS:   20294304 kB
VmallocTotal:   251658176 kB
VmallocUsed:      101620 kB
VmallocChunk:   251430828 kB


[2024-11-20 05:25:44]
MemTotal:        1858332 kB
MemFree:           62404 kB
Buffers:             456 kB
Cached:           182460 kB
SwapCached:        15260 kB
Active:           980132 kB
Inactive:         350708 kB
Active(anon):     932652 kB
Inactive(anon):   315020 kB
Active(file):      47480 kB
Inactive(file):    35688 kB
Unevictable:       99496 kB
Mlocked:           94212 kB
SwapTotal:        520908 kB
SwapFree:         344280 kB
Dirty:                32 kB
Writeback:             0 kB
AnonPages:       1245780 kB
Mapped:           138344 kB
Shmem:               508 kB
Slab:              78412 kB
SReclaimable:      25108 kB
SUnreclaim:        53304 kB
KernelStack:       14784 kB
PageTables:        15492 kB
NFS_Unstable:          0 kB
Bounce:                0 kB
WritebackTmp:          0 kB
CommitLimit:     1450072 kB
Committed_AS:   20294268 kB
VmallocTotal:   251658176 kB
VmallocUsed:       93256 kB
VmallocChunk:   251482716 kB


[2024-11-20 05:25:46]
MemTotal:        1858332 kB
MemFree:           65408 kB
Buffers:             456 kB
Cached:           182460 kB
SwapCached:        15260 kB
Active:           976952 kB
Inactive:         350708 kB
Active(anon):     929472 kB
Inactive(anon):   315020 kB
Active(file):      47480 kB
Inactive(file):    35688 kB
Unevictable:       99496 kB
Mlocked:           94212 kB
SwapTotal:        520908 kB
SwapFree:         344284 kB
Dirty:                 0 kB
Writeback:             0 kB
AnonPages:       1242696 kB
Mapped:           137424 kB
Shmem:               508 kB
Slab:              78412 kB
SReclaimable:      25108 kB
SUnreclaim:        53304 kB
KernelStack:       14784 kB
PageTables:        15492 kB
NFS_Unstable:          0 kB
Bounce:                0 kB
WritebackTmp:          0 kB
CommitLimit:     1450072 kB
Committed_AS:   20294260 kB
VmallocTotal:   251658176 kB
VmallocUsed:       93256 kB
VmallocChunk:   251482716 kB


[2024-11-20 05:25:49]
MemTotal:        1858332 kB
MemFree:           64848 kB
Buffers:             456 kB
Cached:           182460 kB
SwapCached:        15260 kB
Active:           977108 kB
Inactive:         350712 kB
Active(anon):     929628 kB
Inactive(anon):   315024 kB
Active(file):      47480 kB
Inactive(file):    35688 kB
Unevictable:       99496 kB
Mlocked:           94212 kB
SwapTotal:        520908 kB
SwapFree:         344284 kB
Dirty:                 0 kB
Writeback:             0 kB
AnonPages:       1242876 kB
Mapped:           137500 kB
Shmem:               508 kB
Slab:              78412 kB
SReclaimable:      25108 kB
SUnreclaim:        53304 kB
KernelStack:       14816 kB
PageTables:        15500 kB
NFS_Unstable:          0 kB
Bounce:                0 kB
WritebackTmp:          0 kB
CommitLimit:     1450072 kB
Committed_AS:   20293952 kB
VmallocTotal:   251658176 kB
VmallocUsed:       93256 kB
VmallocChunk:   251482716 kB


[2024-11-20 05:25:51]
MemTotal:        1858332 kB
MemFree:           64648 kB
Buffers:             464 kB
Cached:           182460 kB
SwapCached:        15260 kB
Active:           977456 kB
Inactive:         350644 kB
Active(anon):     929976 kB
Inactive(anon):   314948 kB
Active(file):      47480 kB
Inactive(file):    35696 kB
Unevictable:       99496 kB
Mlocked:           94212 kB
SwapTotal:        520908 kB
SwapFree:         344288 kB
Dirty:                12 kB
Writeback:             0 kB
AnonPages:       1243204 kB
Mapped:           137408 kB
Shmem:               508 kB
Slab:              78412 kB
SReclaimable:      25108 kB
SUnreclaim:        53304 kB
KernelStack:       14784 kB
PageTables:        15480 kB
NFS_Unstable:          0 kB
Bounce:                0 kB
WritebackTmp:          0 kB
CommitLimit:     1450072 kB
Committed_AS:   20294176 kB
VmallocTotal:   251658176 kB
VmallocUsed:       93256 kB
VmallocChunk:   251482716 kB


[2024-11-20 05:25:54]
MemTotal:        1858332 kB
MemFree:           64824 kB
Buffers:             464 kB
Cached:           182456 kB
SwapCached:        15264 kB
Active:           977664 kB
Inactive:         350648 kB
Active(anon):     930184 kB
Inactive(anon):   314952 kB
Active(file):      47480 kB
Inactive(file):    35696 kB
Unevictable:       99496 kB
Mlocked:           94212 kB
SwapTotal:        520908 kB
SwapFree:         344320 kB
Dirty:                12 kB
Writeback:             0 kB
AnonPages:       1243472 kB
Mapped:           137444 kB
Shmem:               508 kB
Slab:              78380 kB
SReclaimable:      25108 kB
SUnreclaim:        53272 kB
KernelStack:       14800 kB
PageTables:        15508 kB
NFS_Unstable:          0 kB
Bounce:                0 kB
WritebackTmp:          0 kB
CommitLimit:     1450072 kB
Committed_AS:   20294152 kB
VmallocTotal:   251658176 kB
VmallocUsed:       93256 kB
VmallocChunk:   251482716 kB


[2024-11-20 05:25:57]
MemTotal:        1858332 kB
MemFree:           64988 kB
Buffers:             464 kB
Cached:           182460 kB
SwapCached:        15264 kB
Active:           977692 kB
Inactive:         350640 kB
Active(anon):     930212 kB
Inactive(anon):   314944 kB
Active(file):      47480 kB
Inactive(file):    35696 kB
Unevictable:       99496 kB
Mlocked:           94212 kB
SwapTotal:        520908 kB
SwapFree:         344320 kB
Dirty:                 0 kB
Writeback:             0 kB
AnonPages:       1243380 kB
Mapped:           137592 kB
Shmem:               508 kB
Slab:              78380 kB
SReclaimable:      25108 kB
SUnreclaim:        53272 kB
KernelStack:       14784 kB
PageTables:        15480 kB
NFS_Unstable:          0 kB
Bounce:                0 kB
WritebackTmp:          0 kB
CommitLimit:     1450072 kB
Committed_AS:   20294104 kB
VmallocTotal:   251658176 kB
VmallocUsed:       93256 kB
VmallocChunk:   251482716 kB


[2024-11-20 05:25:59]
MemTotal:        1858332 kB
MemFree:           64884 kB
Buffers:             464 kB
Cached:           182460 kB
SwapCached:        15264 kB
Active:           978044 kB
Inactive:         350636 kB
Active(anon):     930564 kB
Inactive(anon):   314940 kB
Active(file):      47480 kB
Inactive(file):    35696 kB
Unevictable:       99496 kB
Mlocked:           94212 kB
SwapTotal:        520908 kB
SwapFree:         344320 kB
Dirty:                 0 kB
Writeback:             0 kB
AnonPages:       1243820 kB
Mapped:           137468 kB
Shmem:               508 kB
Slab:              78348 kB
SReclaimable:      25108 kB
SUnreclaim:        53240 kB
KernelStack:       14784 kB
PageTables:        15512 kB
NFS_Unstable:          0 kB
Bounce:                0 kB
WritebackTmp:          0 kB
CommitLimit:     1450072 kB
Committed_AS:   20294132 kB
VmallocTotal:   251658176 kB
VmallocUsed:       93256 kB
VmallocChunk:   251482716 kB


[2024-11-20 05:26:02]
MemTotal:        1858332 kB
MemFree:           64716 kB
Buffers:             464 kB
Cached:           182460 kB
SwapCached:        15264 kB
Active:           977996 kB
Inactive:         350632 kB
Active(anon):     930516 kB
Inactive(anon):   314936 kB
Active(file):      47480 kB
Inactive(file):    35696 kB
Unevictable:       99496 kB
Mlocked:           94212 kB
SwapTotal:        520908 kB
SwapFree:         344320 kB
Dirty:                 0 kB
Writeback:             0 kB
AnonPages:       1243668 kB
Mapped:           137408 kB
Shmem:               508 kB
Slab:              78348 kB
SReclaimable:      25108 kB
SUnreclaim:        53240 kB
KernelStack:       14752 kB
PageTables:        15480 kB
NFS_Unstable:          0 kB
Bounce:                0 kB
WritebackTmp:          0 kB
CommitLimit:     1450072 kB
Committed_AS:   20294184 kB
VmallocTotal:   251658176 kB
VmallocUsed:       93256 kB
VmallocChunk:   251482716 kB


[2024-11-20 05:26:04]
MemTotal:        1858332 kB
MemFree:           64528 kB
Buffers:             464 kB
Cached:           182460 kB
SwapCached:        15264 kB
Active:           978252 kB
Inactive:         350628 kB
Active(anon):     930772 kB
Inactive(anon):   314932 kB
Active(file):      47480 kB
Inactive(file):    35696 kB
Unevictable:       99496 kB
Mlocked:           94212 kB
SwapTotal:        520908 kB
SwapFree:         344320 kB
Dirty:                 0 kB
Writeback:             0 kB
AnonPages:       1244196 kB
Mapped:           137472 kB
Shmem:               508 kB
Slab:              78348 kB
SReclaimable:      25108 kB
SUnreclaim:        53240 kB
KernelStack:       14784 kB
PageTables:        15512 kB
NFS_Unstable:          0 kB
Bounce:                0 kB
WritebackTmp:          0 kB
CommitLimit:     1450072 kB
Committed_AS:   20294276 kB
VmallocTotal:   251658176 kB
VmallocUsed:       93256 kB
VmallocChunk:   251482716 kB


[2024-11-20 05:26:07]
MemTotal:        1858332 kB
MemFree:           64580 kB
Buffers:             464 kB
Cached:           182460 kB
SwapCached:        15264 kB
Active:           978432 kB
Inactive:         350436 kB
Active(anon):     930952 kB
Inactive(anon):   314740 kB
Active(file):      47480 kB
Inactive(file):    35696 kB
Unevictable:       99496 kB
Mlocked:           94212 kB
SwapTotal:        520908 kB
SwapFree:         344320 kB
Dirty:                 0 kB
Writeback:             0 kB
AnonPages:       1244164 kB
Mapped:           137408 kB
Shmem:               508 kB
Slab:              78348 kB
SReclaimable:      25108 kB
SUnreclaim:        53240 kB
KernelStack:       14752 kB
PageTables:        15480 kB
NFS_Unstable:          0 kB
Bounce:                0 kB
WritebackTmp:          0 kB
CommitLimit:     1450072 kB
Committed_AS:   20294268 kB
VmallocTotal:   251658176 kB
VmallocUsed:       93256 kB
VmallocChunk:   251482716 kB


[2024-11-20 05:26:09]
MemTotal:        1858332 kB
MemFree:           64148 kB
Buffers:             464 kB
Cached:           182460 kB
SwapCached:        15264 kB
Active:           978720 kB
Inactive:         350436 kB
Active(anon):     931240 kB
Inactive(anon):   314740 kB
Active(file):      47480 kB
Inactive(file):    35696 kB
Unevictable:       99496 kB
Mlocked:           94212 kB
SwapTotal:        520908 kB
SwapFree:         344324 kB
Dirty:                 0 kB
Writeback:             0 kB
AnonPages:       1244216 kB
Mapped:           137592 kB
Shmem:               508 kB
Slab:              78348 kB
SReclaimable:      25108 kB
SUnreclaim:        53240 kB
KernelStack:       14752 kB
PageTables:        15480 kB
NFS_Unstable:          0 kB
Bounce:                0 kB
WritebackTmp:          0 kB
CommitLimit:     1450072 kB
Committed_AS:   20294244 kB
VmallocTotal:   251658176 kB
VmallocUsed:       93256 kB
VmallocChunk:   251482716 kB


[2024-11-20 05:26:12]
MemTotal:        1858332 kB
MemFree:           63680 kB
Buffers:             464 kB
Cached:           182460 kB
SwapCached:        15264 kB
Active:           979012 kB
Inactive:         350436 kB
Active(anon):     931532 kB
Inactive(anon):   314740 kB
Active(file):      47480 kB
Inactive(file):    35696 kB
Unevictable:       99496 kB
Mlocked:           94212 kB
SwapTotal:        520908 kB
SwapFree:         344352 kB
Dirty:                 0 kB
Writeback:             0 kB
AnonPages:       1244780 kB
Mapped:           137376 kB
Shmem:               508 kB
Slab:              78348 kB
SReclaimable:      25108 kB
SUnreclaim:        53240 kB
KernelStack:       14752 kB
PageTables:        15488 kB
NFS_Unstable:          0 kB
Bounce:                0 kB
WritebackTmp:          0 kB
CommitLimit:     1450072 kB
Committed_AS:   20294196 kB
VmallocTotal:   251658176 kB
VmallocUsed:       93256 kB
VmallocChunk:   251482716 kB


[2024-11-20 05:26:14]
MemTotal:        1858332 kB
MemFree:           63396 kB
Buffers:             464 kB
Cached:           182460 kB
SwapCached:        15264 kB
Active:           979088 kB
Inactive:         350436 kB
Active(anon):     931608 kB
Inactive(anon):   314740 kB
Active(file):      47480 kB
Inactive(file):    35696 kB
Unevictable:       99496 kB
Mlocked:           94212 kB
SwapTotal:        520908 kB
SwapFree:         344352 kB
Dirty:                 0 kB
Writeback:             0 kB
AnonPages:       1244988 kB
Mapped:           137612 kB
Shmem:               508 kB
Slab:              78348 kB
SReclaimable:      25108 kB
SUnreclaim:        53240 kB
KernelStack:       14752 kB
PageTables:        15480 kB
NFS_Unstable:          0 kB
Bounce:                0 kB
WritebackTmp:          0 kB
CommitLimit:     1450072 kB
Committed_AS:   20294292 kB
VmallocTotal:   251658176 kB
VmallocUsed:       93256 kB
VmallocChunk:   251482716 kB


[2024-11-20 05:26:17]
MemTotal:        1858332 kB
MemFree:           62832 kB
Buffers:             464 kB
Cached:           182888 kB
SwapCached:        15268 kB
Active:           979880 kB
Inactive:         350872 kB
Active(anon):     932400 kB
Inactive(anon):   314748 kB
Active(file):      47480 kB
Inactive(file):    36124 kB
Unevictable:       99496 kB
Mlocked:           94212 kB
SwapTotal:        520908 kB
SwapFree:         344356 kB
Dirty:                 0 kB
Writeback:             0 kB
AnonPages:       1245416 kB
Mapped:           137508 kB
Shmem:               508 kB
Slab:              78348 kB
SReclaimable:      25108 kB
SUnreclaim:        53240 kB
KernelStack:       14784 kB
PageTables:        15508 kB
NFS_Unstable:          0 kB
Bounce:                0 kB
WritebackTmp:          0 kB
CommitLimit:     1450072 kB
Committed_AS:   20294252 kB
VmallocTotal:   251658176 kB
VmallocUsed:       93256 kB
VmallocChunk:   251482716 kB


[2024-11-20 05:26:20]
MemTotal:        1858332 kB
MemFree:           61484 kB
Buffers:             464 kB
Cached:           183528 kB
SwapCached:        15268 kB
Active:           980456 kB
Inactive:         351492 kB
Active(anon):     932976 kB
Inactive(anon):   314752 kB
Active(file):      47480 kB
Inactive(file):    36740 kB
Unevictable:       99496 kB
Mlocked:           94212 kB
SwapTotal:        520908 kB
SwapFree:         344360 kB
Dirty:                 0 kB
Writeback:             0 kB
AnonPages:       1245912 kB
Mapped:           137468 kB
Shmem:               508 kB
Slab:              78348 kB
SReclaimable:      25108 kB
SUnreclaim:        53240 kB
KernelStack:       14752 kB
PageTables:        15480 kB
NFS_Unstable:          0 kB
Bounce:                0 kB
WritebackTmp:          0 kB
CommitLimit:     1450072 kB
Committed_AS:   20294216 kB
VmallocTotal:   251658176 kB
VmallocUsed:       93256 kB
VmallocChunk:   251482716 kB


[2024-11-20 05:26:22]
MemTotal:        1858332 kB
MemFree:           61232 kB
Buffers:             464 kB
Cached:           183528 kB
SwapCached:        15268 kB
Active:           980708 kB
Inactive:         351516 kB
Active(anon):     933228 kB
Inactive(anon):   314752 kB
Active(file):      47480 kB
Inactive(file):    36764 kB
Unevictable:       99496 kB
Mlocked:           94212 kB
SwapTotal:        520908 kB
SwapFree:         344368 kB
Dirty:                 0 kB
Writeback:             0 kB
AnonPages:       1246228 kB
Mapped:           137552 kB
Shmem:               508 kB
Slab:              78348 kB
SReclaimable:      25108 kB
SUnreclaim:        53240 kB
KernelStack:       14784 kB
PageTables:        15500 kB
NFS_Unstable:          0 kB
Bounce:                0 kB
WritebackTmp:          0 kB
CommitLimit:     1450072 kB
Committed_AS:   20294152 kB
VmallocTotal:   251658176 kB
VmallocUsed:       93256 kB
VmallocChunk:   251482716 kB


[2024-11-20 05:26:25]
MemTotal:        1858332 kB
MemFree:           61104 kB
Buffers:             464 kB
Cached:           183528 kB
SwapCached:        15268 kB
Active:           980824 kB
Inactive:         351516 kB
Active(anon):     933344 kB
Inactive(anon):   314752 kB
Active(file):      47480 kB
Inactive(file):    36764 kB
Unevictable:       99496 kB
Mlocked:           94212 kB
SwapTotal:        520908 kB
SwapFree:         344368 kB
Dirty:                 0 kB
Writeback:             0 kB
AnonPages:       1246744 kB
Mapped:           137468 kB
Shmem:               508 kB
Slab:              78348 kB
SReclaimable:      25108 kB
SUnreclaim:        53240 kB
KernelStack:       14752 kB
PageTables:        15480 kB
NFS_Unstable:          0 kB
Bounce:                0 kB
WritebackTmp:          0 kB
CommitLimit:     1450072 kB
Committed_AS:   20294228 kB
VmallocTotal:   251658176 kB
VmallocUsed:       93256 kB
VmallocChunk:   251482716 kB


[2024-11-20 05:26:27]
MemTotal:        1858332 kB
MemFree:           56132 kB
Buffers:             464 kB
Cached:           183528 kB
SwapCached:        15268 kB
Active:           985300 kB
Inactive:         351516 kB
Active(anon):     937820 kB
Inactive(anon):   314752 kB
Active(file):      47480 kB
Inactive(file):    36764 kB
Unevictable:       99496 kB
Mlocked:           94212 kB
SwapTotal:        520908 kB
SwapFree:         344368 kB
Dirty:                 0 kB
Writeback:             0 kB
AnonPages:       1250980 kB
Mapped:           137652 kB
Shmem:               508 kB
Slab:              78348 kB
SReclaimable:      25108 kB
SUnreclaim:        53240 kB
KernelStack:       14784 kB
PageTables:        15492 kB
NFS_Unstable:          0 kB
Bounce:                0 kB
WritebackTmp:          0 kB
CommitLimit:     1450072 kB
Committed_AS:   20294148 kB
VmallocTotal:   251658176 kB
VmallocUsed:       93256 kB
VmallocChunk:   251482716 kB


[2024-11-20 05:26:30]
MemTotal:        1858332 kB
MemFree:           53248 kB
Buffers:             464 kB
Cached:           183632 kB
SwapCached:        15268 kB
Active:           988472 kB
Inactive:         351572 kB
Active(anon):     940992 kB
Inactive(anon):   314752 kB
Active(file):      47480 kB
Inactive(file):    36820 kB
Unevictable:       99496 kB
Mlocked:           94212 kB
SwapTotal:        520908 kB
SwapFree:         344368 kB
Dirty:                 0 kB
Writeback:             0 kB
AnonPages:       1254020 kB
Mapped:           137660 kB
Shmem:               508 kB
Slab:              78348 kB
SReclaimable:      25108 kB
SUnreclaim:        53240 kB
KernelStack:       14752 kB
PageTables:        15480 kB
NFS_Unstable:          0 kB
Bounce:                0 kB
WritebackTmp:          0 kB
CommitLimit:     1450072 kB
Committed_AS:   20294364 kB
VmallocTotal:   251658176 kB
VmallocUsed:       93256 kB
VmallocChunk:   251482716 kB


[2024-11-20 05:26:32]
MemTotal:        1858332 kB
MemFree:           53228 kB
Buffers:             464 kB
Cached:           183632 kB
SwapCached:        15268 kB
Active:           988224 kB
Inactive:         351620 kB
Active(anon):     940744 kB
Inactive(anon):   314752 kB
Active(file):      47480 kB
Inactive(file):    36868 kB
Unevictable:       99496 kB
Mlocked:           94212 kB
SwapTotal:        520908 kB
SwapFree:         344376 kB
Dirty:                 0 kB
Writeback:             0 kB
AnonPages:       1254052 kB
Mapped:           137576 kB
Shmem:               508 kB
Slab:              78348 kB
SReclaimable:      25108 kB
SUnreclaim:        53240 kB
KernelStack:       14768 kB
PageTables:        15508 kB
NFS_Unstable:          0 kB
Bounce:                0 kB
WritebackTmp:          0 kB
CommitLimit:     1450072 kB
Committed_AS:   20294288 kB
VmallocTotal:   251658176 kB
VmallocUsed:       93256 kB
VmallocChunk:   251482716 kB


[2024-11-20 05:26:35]
MemTotal:        1858332 kB
MemFree:           52792 kB
Buffers:             464 kB
Cached:           183632 kB
SwapCached:        15268 kB
Active:           988624 kB
Inactive:         351620 kB
Active(anon):     941144 kB
Inactive(anon):   314752 kB
Active(file):      47480 kB
Inactive(file):    36868 kB
Unevictable:       99496 kB
Mlocked:           94212 kB
SwapTotal:        520908 kB
SwapFree:         344376 kB
Dirty:                 0 kB
Writeback:             0 kB
AnonPages:       1254116 kB
Mapped:           137476 kB
Shmem:               508 kB
Slab:              78348 kB
SReclaimable:      25108 kB
SUnreclaim:        53240 kB
KernelStack:       14736 kB
PageTables:        15480 kB
NFS_Unstable:          0 kB
Bounce:                0 kB
WritebackTmp:          0 kB
CommitLimit:     1450072 kB
Committed_AS:   20294412 kB
VmallocTotal:   251658176 kB
VmallocUsed:       93256 kB
VmallocChunk:   251482716 kB


[2024-11-20 05:26:37]
MemTotal:        1858332 kB
MemFree:           52864 kB
Buffers:             464 kB
Cached:           183632 kB
SwapCached:        15268 kB
Active:           988612 kB
Inactive:         351620 kB
Active(anon):     941132 kB
Inactive(anon):   314752 kB
Active(file):      47480 kB
Inactive(file):    36868 kB
Unevictable:       99496 kB
Mlocked:           94212 kB
SwapTotal:        520908 kB
SwapFree:         344376 kB
Dirty:                 0 kB
Writeback:             0 kB
AnonPages:       1254180 kB
Mapped:           137476 kB
Shmem:               508 kB
Slab:              78348 kB
SReclaimable:      25108 kB
SUnreclaim:        53240 kB
KernelStack:       14736 kB
PageTables:        15480 kB
NFS_Unstable:          0 kB
Bounce:                0 kB
WritebackTmp:          0 kB
CommitLimit:     1450072 kB
Committed_AS:   20294280 kB
VmallocTotal:   251658176 kB
VmallocUsed:       93256 kB
VmallocChunk:   251482716 kB


[2024-11-20 05:26:40]
MemTotal:        1858332 kB
MemFree:           52204 kB
Buffers:             464 kB
Cached:           183632 kB
SwapCached:        15268 kB
Active:           989256 kB
Inactive:         351620 kB
Active(anon):     941776 kB
Inactive(anon):   314752 kB
Active(file):      47480 kB
Inactive(file):    36868 kB
Unevictable:       99496 kB
Mlocked:           94212 kB
SwapTotal:        520908 kB
SwapFree:         344376 kB
Dirty:                 0 kB
Writeback:             0 kB
AnonPages:       1254780 kB
Mapped:           137476 kB
Shmem:               508 kB
Slab:              78348 kB
SReclaimable:      25108 kB
SUnreclaim:        53240 kB
KernelStack:       14704 kB
PageTables:        15480 kB
NFS_Unstable:          0 kB
Bounce:                0 kB
WritebackTmp:          0 kB
CommitLimit:     1450072 kB
Committed_AS:   20294236 kB
VmallocTotal:   251658176 kB
VmallocUsed:       93256 kB
VmallocChunk:   251482716 kB


[2024-11-20 05:26:42]
MemTotal:        1858332 kB
MemFree:           52092 kB
Buffers:             464 kB
Cached:           183632 kB
SwapCached:        15268 kB
Active:           989280 kB
Inactive:         351624 kB
Active(anon):     941800 kB
Inactive(anon):   314756 kB
Active(file):      47480 kB
Inactive(file):    36868 kB
Unevictable:       99496 kB
Mlocked:           94212 kB
SwapTotal:        520908 kB
SwapFree:         344380 kB
Dirty:                 0 kB
Writeback:             0 kB
AnonPages:       1254816 kB
Mapped:           137424 kB
Shmem:               508 kB
Slab:              78348 kB
SReclaimable:      25108 kB
SUnreclaim:        53240 kB
KernelStack:       14736 kB
PageTables:        15492 kB
NFS_Unstable:          0 kB
Bounce:                0 kB
WritebackTmp:          0 kB
CommitLimit:     1450072 kB
Committed_AS:   20294200 kB
VmallocTotal:   251658176 kB
VmallocUsed:       93256 kB
VmallocChunk:   251482716 kB


[2024-11-20 05:26:45]
MemTotal:        1858332 kB
MemFree:           52104 kB
Buffers:             464 kB
Cached:           183632 kB
SwapCached:        15268 kB
Active:           989592 kB
Inactive:         351624 kB
Active(anon):     942112 kB
Inactive(anon):   314756 kB
Active(file):      47480 kB
Inactive(file):    36868 kB
Unevictable:       99496 kB
Mlocked:           94212 kB
SwapTotal:        520908 kB
SwapFree:         344380 kB
Dirty:                 0 kB
Writeback:             0 kB
AnonPages:       1254976 kB
Mapped:           137660 kB
Shmem:               508 kB
Slab:              78348 kB
SReclaimable:      25108 kB
SUnreclaim:        53240 kB
KernelStack:       14720 kB
PageTables:        15480 kB
NFS_Unstable:          0 kB
Bounce:                0 kB
WritebackTmp:          0 kB
CommitLimit:     1450072 kB
Committed_AS:   20294116 kB
VmallocTotal:   251658176 kB
VmallocUsed:       93256 kB
VmallocChunk:   251482716 kB


[2024-11-20 05:26:47]
MemTotal:        1858332 kB
MemFree:           52312 kB
Buffers:             464 kB
Cached:           183632 kB
SwapCached:        15268 kB
Active:           989524 kB
Inactive:         351624 kB
Active(anon):     942044 kB
Inactive(anon):   314756 kB
Active(file):      47480 kB
Inactive(file):    36868 kB
Unevictable:       99496 kB
Mlocked:           94212 kB
SwapTotal:        520908 kB
SwapFree:         344380 kB
Dirty:                 0 kB
Writeback:             0 kB
AnonPages:       1255144 kB
Mapped:           137520 kB
Shmem:               508 kB
Slab:              78348 kB
SReclaimable:      25108 kB
SUnreclaim:        53240 kB
KernelStack:       14752 kB
PageTables:        15504 kB
NFS_Unstable:          0 kB
Bounce:                0 kB
WritebackTmp:          0 kB
CommitLimit:     1450072 kB
Committed_AS:   20294112 kB
VmallocTotal:   251658176 kB
VmallocUsed:       93256 kB
VmallocChunk:   251482716 kB


[2024-11-20 05:26:50]
MemTotal:        1858332 kB
MemFree:           52276 kB
Buffers:             464 kB
Cached:           183632 kB
SwapCached:        15268 kB
Active:           989768 kB
Inactive:         351624 kB
Active(anon):     942288 kB
Inactive(anon):   314756 kB
Active(file):      47480 kB
Inactive(file):    36868 kB
Unevictable:       99496 kB
Mlocked:           94212 kB
SwapTotal:        520908 kB
SwapFree:         344380 kB
Dirty:                 0 kB
Writeback:             0 kB
AnonPages:       1255320 kB
Mapped:           137584 kB
Shmem:               508 kB
Slab:              78348 kB
SReclaimable:      25108 kB
SUnreclaim:        53240 kB
KernelStack:       14752 kB
PageTables:        15504 kB
NFS_Unstable:          0 kB
Bounce:                0 kB
WritebackTmp:          0 kB
CommitLimit:     1450072 kB
Committed_AS:   20294168 kB
VmallocTotal:   251658176 kB
VmallocUsed:       93256 kB
VmallocChunk:   251482716 kB


[2024-11-20 05:26:53]
MemTotal:        1858332 kB
MemFree:           51612 kB
Buffers:             464 kB
Cached:           183632 kB
SwapCached:        15268 kB
Active:           990076 kB
Inactive:         351624 kB
Active(anon):     942596 kB
Inactive(anon):   314756 kB
Active(file):      47480 kB
Inactive(file):    36868 kB
Unevictable:       99496 kB
Mlocked:           94212 kB
SwapTotal:        520908 kB
SwapFree:         344380 kB
Dirty:                 0 kB
Writeback:             0 kB
AnonPages:       1255448 kB
Mapped:           137660 kB
Shmem:               508 kB
Slab:              78348 kB
SReclaimable:      25108 kB
SUnreclaim:        53240 kB
KernelStack:       14720 kB
PageTables:        15480 kB
NFS_Unstable:          0 kB
Bounce:                0 kB
WritebackTmp:          0 kB
CommitLimit:     1450072 kB
Committed_AS:   20294184 kB
VmallocTotal:   251658176 kB
VmallocUsed:       93256 kB
VmallocChunk:   251482716 kB


[2024-11-20 05:26:55]
MemTotal:        1858332 kB
MemFree:           51216 kB
Buffers:             464 kB
Cached:           183632 kB
SwapCached:        15268 kB
Active:           989924 kB
Inactive:         351624 kB
Active(anon):     942444 kB
Inactive(anon):   314756 kB
Active(file):      47480 kB
Inactive(file):    36868 kB
Unevictable:       99496 kB
Mlocked:           94212 kB
SwapTotal:        520908 kB
SwapFree:         344380 kB
Dirty:                 0 kB
Writeback:             0 kB
AnonPages:       1255508 kB
Mapped:           137612 kB
Shmem:               508 kB
Slab:              78348 kB
SReclaimable:      25108 kB
SUnreclaim:        53240 kB
KernelStack:       14736 kB
PageTables:        15516 kB
NFS_Unstable:          0 kB
Bounce:                0 kB
WritebackTmp:          0 kB
CommitLimit:     1450072 kB
Committed_AS:   20294220 kB
VmallocTotal:   251658176 kB
VmallocUsed:       93256 kB
VmallocChunk:   251482716 kB


[2024-11-20 05:26:58]
MemTotal:        1858332 kB
MemFree:           51136 kB
Buffers:             464 kB
Cached:           183632 kB
SwapCached:        15268 kB
Active:           990248 kB
Inactive:         351624 kB
Active(anon):     942768 kB
Inactive(anon):   314756 kB
Active(file):      47480 kB
Inactive(file):    36868 kB
Unevictable:       99496 kB
Mlocked:           94212 kB
SwapTotal:        520908 kB
SwapFree:         344400 kB
Dirty:                 0 kB
Writeback:             0 kB
AnonPages:       1255748 kB
Mapped:           137296 kB
Shmem:               508 kB
Slab:              78348 kB
SReclaimable:      25108 kB
SUnreclaim:        53240 kB
KernelStack:       14704 kB
PageTables:        15480 kB
NFS_Unstable:          0 kB
Bounce:                0 kB
WritebackTmp:          0 kB
CommitLimit:     1450072 kB
Committed_AS:   20294040 kB
VmallocTotal:   251658176 kB
VmallocUsed:       93256 kB
VmallocChunk:   251482716 kB


[2024-11-20 05:27:00]
MemTotal:        1858332 kB
MemFree:           50848 kB
Buffers:             464 kB
Cached:           183632 kB
SwapCached:        15268 kB
Active:           990560 kB
Inactive:         351624 kB
Active(anon):     943080 kB
Inactive(anon):   314756 kB
Active(file):      47480 kB
Inactive(file):    36868 kB
Unevictable:       99496 kB
Mlocked:           94212 kB
SwapTotal:        520908 kB
SwapFree:         344400 kB
Dirty:                 0 kB
Writeback:             0 kB
AnonPages:       1256220 kB
Mapped:           137484 kB
Shmem:               508 kB
Slab:              78348 kB
SReclaimable:      25108 kB
SUnreclaim:        53240 kB
KernelStack:       14704 kB
PageTables:        15480 kB
NFS_Unstable:          0 kB
Bounce:                0 kB
WritebackTmp:          0 kB
CommitLimit:     1450072 kB
Committed_AS:   20294232 kB
VmallocTotal:   251658176 kB
VmallocUsed:       93256 kB
VmallocChunk:   251482716 kB


[2024-11-20 05:27:03]
MemTotal:        1858332 kB
MemFree:           50552 kB
Buffers:             464 kB
Cached:           183632 kB
SwapCached:        15268 kB
Active:           990692 kB
Inactive:         351628 kB
Active(anon):     943212 kB
Inactive(anon):   314760 kB
Active(file):      47480 kB
Inactive(file):    36868 kB
Unevictable:       99496 kB
Mlocked:           94212 kB
SwapTotal:        520908 kB
SwapFree:         344404 kB
Dirty:                 0 kB
Writeback:             0 kB
AnonPages:       1256100 kB
Mapped:           137704 kB
Shmem:               508 kB
Slab:              78348 kB
SReclaimable:      25108 kB
SUnreclaim:        53240 kB
KernelStack:       14752 kB
PageTables:        15512 kB
NFS_Unstable:          0 kB
Bounce:                0 kB
WritebackTmp:          0 kB
CommitLimit:     1450072 kB
Committed_AS:   20294180 kB
VmallocTotal:   251658176 kB
VmallocUsed:       93256 kB
VmallocChunk:   251482716 kB


[2024-11-20 05:27:06]
MemTotal:        1858332 kB
MemFree:           50436 kB
Buffers:             464 kB
Cached:           183632 kB
SwapCached:        15268 kB
Active:           991188 kB
Inactive:         351628 kB
Active(anon):     943708 kB
Inactive(anon):   314760 kB
Active(file):      47480 kB
Inactive(file):    36868 kB
Unevictable:       99496 kB
Mlocked:           94212 kB
SwapTotal:        520908 kB
SwapFree:         344404 kB
Dirty:                 0 kB
Writeback:             0 kB
AnonPages:       1256688 kB
Mapped:           137504 kB
Shmem:               508 kB
Slab:              78348 kB
SReclaimable:      25108 kB
SUnreclaim:        53240 kB
KernelStack:       14720 kB
PageTables:        15480 kB
NFS_Unstable:          0 kB
Bounce:                0 kB
WritebackTmp:          0 kB
CommitLimit:     1450072 kB
Committed_AS:   20294332 kB
VmallocTotal:   251658176 kB
VmallocUsed:       93256 kB
VmallocChunk:   251482716 kB


[2024-11-20 05:27:08]
MemTotal:        1858332 kB
MemFree:           56288 kB
Buffers:             464 kB
Cached:           183632 kB
SwapCached:        15268 kB
Active:           984624 kB
Inactive:         351628 kB
Active(anon):     937144 kB
Inactive(anon):   314760 kB
Active(file):      47480 kB
Inactive(file):    36868 kB
Unevictable:       99496 kB
Mlocked:           94212 kB
SwapTotal:        520908 kB
SwapFree:         344412 kB
Dirty:                 0 kB
Writeback:             0 kB
AnonPages:       1250240 kB
Mapped:           137620 kB
Shmem:               508 kB
Slab:              78348 kB
SReclaimable:      25108 kB
SUnreclaim:        53240 kB
KernelStack:       14752 kB
PageTables:        15512 kB
NFS_Unstable:          0 kB
Bounce:                0 kB
WritebackTmp:          0 kB
CommitLimit:     1450072 kB
Committed_AS:   20294168 kB
VmallocTotal:   251658176 kB
VmallocUsed:       93256 kB
VmallocChunk:   251482716 kB


[2024-11-20 05:27:11]
MemTotal:        1858332 kB
MemFree:           56680 kB
Buffers:             464 kB
Cached:           183632 kB
SwapCached:        15268 kB
Active:           984848 kB
Inactive:         351628 kB
Active(anon):     937368 kB
Inactive(anon):   314760 kB
Active(file):      47480 kB
Inactive(file):    36868 kB
Unevictable:       99496 kB
Mlocked:           94212 kB
SwapTotal:        520908 kB
SwapFree:         344412 kB
Dirty:                 0 kB
Writeback:             0 kB
AnonPages:       1250420 kB
Mapped:           137504 kB
Shmem:               508 kB
Slab:              78348 kB
SReclaimable:      25108 kB
SUnreclaim:        53240 kB
KernelStack:       14720 kB
PageTables:        15480 kB
NFS_Unstable:          0 kB
Bounce:                0 kB
WritebackTmp:          0 kB
CommitLimit:     1450072 kB
Committed_AS:   20294264 kB
VmallocTotal:   251658176 kB
VmallocUsed:       93256 kB
VmallocChunk:   251482716 kB


[2024-11-20 05:27:13]
MemTotal:        1858332 kB
MemFree:           56248 kB
Buffers:             464 kB
Cached:           183632 kB
SwapCached:        15268 kB
Active:           984920 kB
Inactive:         351628 kB
Active(anon):     937440 kB
Inactive(anon):   314760 kB
Active(file):      47480 kB
Inactive(file):    36868 kB
Unevictable:       99496 kB
Mlocked:           94212 kB
SwapTotal:        520908 kB
SwapFree:         344412 kB
Dirty:                 0 kB
Writeback:             0 kB
AnonPages:       1250668 kB
Mapped:           137476 kB
Shmem:               508 kB
Slab:              78348 kB
SReclaimable:      25108 kB
SUnreclaim:        53240 kB
KernelStack:       14752 kB
PageTables:        15504 kB
NFS_Unstable:          0 kB
Bounce:                0 kB
WritebackTmp:          0 kB
CommitLimit:     1450072 kB
Committed_AS:   20294176 kB
VmallocTotal:   251658176 kB
VmallocUsed:       93256 kB
VmallocChunk:   251482716 kB


[2024-11-20 05:27:16]
MemTotal:        1858332 kB
MemFree:           55924 kB
Buffers:             464 kB
Cached:           183700 kB
SwapCached:        15268 kB
Active:           985180 kB
Inactive:         351684 kB
Active(anon):     937700 kB
Inactive(anon):   314760 kB
Active(file):      47480 kB
Inactive(file):    36924 kB
Unevictable:       99496 kB
Mlocked:           94212 kB
SwapTotal:        520908 kB
SwapFree:         344412 kB
Dirty:                 0 kB
Writeback:             0 kB
AnonPages:       1250716 kB
Mapped:           137508 kB
Shmem:               508 kB
Slab:              78348 kB
SReclaimable:      25108 kB
SUnreclaim:        53240 kB
KernelStack:       14720 kB
PageTables:        15480 kB
NFS_Unstable:          0 kB
Bounce:                0 kB
WritebackTmp:          0 kB
CommitLimit:     1450072 kB
Committed_AS:   20294248 kB
VmallocTotal:   251658176 kB
VmallocUsed:       93256 kB
VmallocChunk:   251482716 kB


[2024-11-20 05:27:18]
MemTotal:        1858332 kB
MemFree:           57192 kB
Buffers:             464 kB
Cached:           183700 kB
SwapCached:        15268 kB
Active:           984380 kB
Inactive:         351072 kB
Active(anon):     936900 kB
Inactive(anon):   314136 kB
Active(file):      47480 kB
Inactive(file):    36936 kB
Unevictable:       99496 kB
Mlocked:           94212 kB
SwapTotal:        520908 kB
SwapFree:         344468 kB
Dirty:                 0 kB
Writeback:             0 kB
AnonPages:       1249332 kB
Mapped:           137692 kB
Shmem:               508 kB
Slab:              78348 kB
SReclaimable:      25108 kB
SUnreclaim:        53240 kB
KernelStack:       14720 kB
PageTables:        15480 kB
NFS_Unstable:          0 kB
Bounce:                0 kB
WritebackTmp:          0 kB
CommitLimit:     1450072 kB
Committed_AS:   20294196 kB
VmallocTotal:   251658176 kB
VmallocUsed:       93256 kB
VmallocChunk:   251482716 kB


[2024-11-20 05:27:21]
MemTotal:        1858332 kB
MemFree:           57052 kB
Buffers:             464 kB
Cached:           183700 kB
SwapCached:        15268 kB
Active:           984392 kB
Inactive:         351072 kB
Active(anon):     936912 kB
Inactive(anon):   314136 kB
Active(file):      47480 kB
Inactive(file):    36936 kB
Unevictable:       99496 kB
Mlocked:           94212 kB
SwapTotal:        520908 kB
SwapFree:         344468 kB
Dirty:                 0 kB
Writeback:             0 kB
AnonPages:       1249372 kB
Mapped:           137564 kB
Shmem:               508 kB
Slab:              78348 kB
SReclaimable:      25108 kB
SUnreclaim:        53240 kB
KernelStack:       14752 kB
PageTables:        15512 kB
NFS_Unstable:          0 kB
Bounce:                0 kB
WritebackTmp:          0 kB
CommitLimit:     1450072 kB
Committed_AS:   20294232 kB
VmallocTotal:   251658176 kB
VmallocUsed:       93256 kB
VmallocChunk:   251482716 kB


[2024-11-20 05:27:24]
MemTotal:        1858332 kB
MemFree:           57180 kB
Buffers:             464 kB
Cached:           183808 kB
SwapCached:        15264 kB
Active:           984588 kB
Inactive:         351180 kB
Active(anon):     937108 kB
Inactive(anon):   314136 kB
Active(file):      47480 kB
Inactive(file):    37044 kB
Unevictable:       99496 kB
Mlocked:           94212 kB
SwapTotal:        520908 kB
SwapFree:         344472 kB
Dirty:                 0 kB
Writeback:             0 kB
AnonPages:       1249556 kB
Mapped:           137328 kB
Shmem:               508 kB
Slab:              78348 kB
SReclaimable:      25108 kB
SUnreclaim:        53240 kB
KernelStack:       14720 kB
PageTables:        15480 kB
NFS_Unstable:          0 kB
Bounce:                0 kB
WritebackTmp:          0 kB
CommitLimit:     1450072 kB
Committed_AS:   20294236 kB
VmallocTotal:   251658176 kB
VmallocUsed:       93256 kB
VmallocChunk:   251482716 kB


[2024-11-20 05:27:26]
MemTotal:        1858332 kB
MemFree:           57376 kB
Buffers:             464 kB
Cached:           183808 kB
SwapCached:        15264 kB
Active:           984480 kB
Inactive:         351180 kB
Active(anon):     937000 kB
Inactive(anon):   314136 kB
Active(file):      47480 kB
Inactive(file):    37044 kB
Unevictable:       99496 kB
Mlocked:           94212 kB
SwapTotal:        520908 kB
SwapFree:         344472 kB
Dirty:                 0 kB
Writeback:             0 kB
AnonPages:       1249604 kB
Mapped:           137500 kB
Shmem:               508 kB
Slab:              78348 kB
SReclaimable:      25108 kB
SUnreclaim:        53240 kB
KernelStack:       14752 kB
PageTables:        15500 kB
NFS_Unstable:          0 kB
Bounce:                0 kB
WritebackTmp:          0 kB
CommitLimit:     1450072 kB
Committed_AS:   20294228 kB
VmallocTotal:   251658176 kB
VmallocUsed:       93256 kB
VmallocChunk:   251482716 kB


[2024-11-20 05:27:29]
MemTotal:        1858332 kB
MemFree:           57260 kB
Buffers:             464 kB
Cached:           183808 kB
SwapCached:        15264 kB
Active:           984448 kB
Inactive:         351180 kB
Active(anon):     936968 kB
Inactive(anon):   314136 kB
Active(file):      47480 kB
Inactive(file):    37044 kB
Unevictable:       99496 kB
Mlocked:           94212 kB
SwapTotal:        520908 kB
SwapFree:         344484 kB
Dirty:                 0 kB
Writeback:             0 kB
AnonPages:       1249420 kB
Mapped:           137700 kB
Shmem:               508 kB
Slab:              78348 kB
SReclaimable:      25108 kB
SUnreclaim:        53240 kB
KernelStack:       14720 kB
PageTables:        15480 kB
NFS_Unstable:          0 kB
Bounce:                0 kB
WritebackTmp:          0 kB
CommitLimit:     1450072 kB
Committed_AS:   20294056 kB
VmallocTotal:   251658176 kB
VmallocUsed:       93256 kB
VmallocChunk:   251482716 kB


[2024-11-20 05:27:31]
MemTotal:        1858332 kB
MemFree:           56460 kB
Buffers:             464 kB
Cached:           183808 kB
SwapCached:        15264 kB
Active:           985212 kB
Inactive:         351188 kB
Active(anon):     937732 kB
Inactive(anon):   314144 kB
Active(file):      47480 kB
Inactive(file):    37044 kB
Unevictable:       99496 kB
Mlocked:           94212 kB
SwapTotal:        520908 kB
SwapFree:         344488 kB
Dirty:                 0 kB
Writeback:             0 kB
AnonPages:       1250012 kB
Mapped:           137576 kB
Shmem:               508 kB
Slab:              78348 kB
SReclaimable:      25108 kB
SUnreclaim:        53240 kB
KernelStack:       14752 kB
PageTables:        15512 kB
NFS_Unstable:          0 kB
Bounce:                0 kB
WritebackTmp:          0 kB
CommitLimit:     1450072 kB
Committed_AS:   20294164 kB
VmallocTotal:   251658176 kB
VmallocUsed:       93256 kB
VmallocChunk:   251482716 kB


[2024-11-20 05:27:34]
MemTotal:        1858332 kB
MemFree:           56528 kB
Buffers:             464 kB
Cached:           183808 kB
SwapCached:        15264 kB
Active:           985320 kB
Inactive:         351188 kB
Active(anon):     937840 kB
Inactive(anon):   314144 kB
Active(file):      47480 kB
Inactive(file):    37044 kB
Unevictable:       99496 kB
Mlocked:           94212 kB
SwapTotal:        520908 kB
SwapFree:         344488 kB
Dirty:                 0 kB
Writeback:             0 kB
AnonPages:       1250252 kB
Mapped:           137516 kB
Shmem:               508 kB
Slab:              78348 kB
SReclaimable:      25108 kB
SUnreclaim:        53240 kB
KernelStack:       14720 kB
PageTables:        15480 kB
NFS_Unstable:          0 kB
Bounce:                0 kB
WritebackTmp:          0 kB
CommitLimit:     1450072 kB
Committed_AS:   20294216 kB
VmallocTotal:   251658176 kB
VmallocUsed:       93256 kB
VmallocChunk:   251482716 kB


[2024-11-20 05:27:36]
MemTotal:        1858332 kB
MemFree:           53472 kB
Buffers:             464 kB
Cached:           184964 kB
SwapCached:        15264 kB
Active:           987424 kB
Inactive:         352296 kB
Active(anon):     939944 kB
