[2024-11-20 04:32:39]
MemTotal:        1858332 kB
MemFree:         1014276 kB
Buffers:             924 kB
Cached:           333344 kB
SwapCached:        18696 kB
Active:            84080 kB
Inactive:         278692 kB
Active(anon):      48748 kB
Inactive(anon):    79768 kB
Active(file):      35332 kB
Inactive(file):   198924 kB
Unevictable:       99496 kB
Mlocked:           94212 kB
SwapTotal:        520908 kB
SwapFree:         364788 kB
Dirty:                 0 kB
Writeback:             0 kB
AnonPages:        126724 kB
Mapped:           142556 kB
Shmem:               724 kB
Slab:              78376 kB
SReclaimable:      24732 kB
SUnreclaim:        53644 kB
KernelStack:       15040 kB
PageTables:        14996 kB
NFS_Unstable:          0 kB
Bounce:                0 kB
WritebackTmp:          0 kB
CommitLimit:     1450072 kB
Committed_AS:   24106056 kB
VmallocTotal:   251658176 kB
VmallocUsed:       97536 kB
VmallocChunk:   251482716 kB


[2024-11-20 04:32:39]
MemTotal:        1858332 kB
MemFree:         1007220 kB
Buffers:             924 kB
Cached:           341084 kB
SwapCached:        18696 kB
Active:            84256 kB
Inactive:         286416 kB
Active(anon):      48924 kB
Inactive(anon):    79672 kB
Active(file):      35332 kB
Inactive(file):   206744 kB
Unevictable:       99496 kB
Mlocked:           94212 kB
SwapTotal:        520908 kB
SwapFree:         364792 kB
Dirty:                 0 kB
Writeback:             0 kB
AnonPages:        127064 kB
Mapped:           144320 kB
Shmem:               724 kB
Slab:              78376 kB
SReclaimable:      24732 kB
SUnreclaim:        53644 kB
KernelStack:       15104 kB
PageTables:        15024 kB
NFS_Unstable:          0 kB
Bounce:                0 kB
WritebackTmp:          0 kB
CommitLimit:     1450072 kB
Committed_AS:   24106276 kB
VmallocTotal:   251658176 kB
VmallocUsed:       97536 kB
VmallocChunk:   251482716 kB


[2024-11-20 04:32:39]
MemTotal:        1858332 kB
MemFree:         1000300 kB
Buffers:             924 kB
Cached:           347184 kB
SwapCached:        18696 kB
Active:            84616 kB
Inactive:         292524 kB
Active(anon):      49284 kB
Inactive(anon):    79668 kB
Active(file):      35332 kB
Inactive(file):   212856 kB
Unevictable:       99496 kB
Mlocked:           94212 kB
SwapTotal:        520908 kB
SwapFree:         364792 kB
Dirty:                 0 kB
Writeback:             0 kB
AnonPages:        127280 kB
Mapped:           145248 kB
Shmem:               724 kB
Slab:              78376 kB
SReclaimable:      24732 kB
SUnreclaim:        53644 kB
KernelStack:       15056 kB
PageTables:        15008 kB
NFS_Unstable:          0 kB
Bounce:                0 kB
WritebackTmp:          0 kB
CommitLimit:     1450072 kB
Committed_AS:   24106120 kB
VmallocTotal:   251658176 kB
VmallocUsed:       97536 kB
VmallocChunk:   251482716 kB


[2024-11-20 04:32:39]
MemTotal:        1858332 kB
MemFree:          999928 kB
Buffers:             924 kB
Cached:           347184 kB
SwapCached:        18696 kB
Active:            84684 kB
Inactive:         292524 kB
Active(anon):      49352 kB
Inactive(anon):    79668 kB
Active(file):      35332 kB
Inactive(file):   212856 kB
Unevictable:       99496 kB
Mlocked:           94212 kB
SwapTotal:        520908 kB
SwapFree:         364792 kB
Dirty:                 0 kB
Writeback:             0 kB
AnonPages:        127368 kB
Mapped:           145260 kB
Shmem:               724 kB
Slab:              78376 kB
SReclaimable:      24732 kB
SUnreclaim:        53644 kB
KernelStack:       15072 kB
PageTables:        15024 kB
NFS_Unstable:          0 kB
Bounce:                0 kB
WritebackTmp:          0 kB
CommitLimit:     1450072 kB
Committed_AS:   24106032 kB
VmallocTotal:   251658176 kB
VmallocUsed:       97536 kB
VmallocChunk:   251482716 kB


[2024-11-20 04:32:39]
MemTotal:        1858332 kB
MemFree:          999416 kB
Buffers:             924 kB
Cached:           347184 kB
SwapCached:        18696 kB
Active:            85188 kB
Inactive:         292524 kB
Active(anon):      49856 kB
Inactive(anon):    79668 kB
Active(file):      35332 kB
Inactive(file):   212856 kB
Unevictable:       99496 kB
Mlocked:           94212 kB
SwapTotal:        520908 kB
SwapFree:         364792 kB
Dirty:                 0 kB
Writeback:             0 kB
AnonPages:        127824 kB
Mapped:           145260 kB
Shmem:               724 kB
Slab:              78376 kB
SReclaimable:      24732 kB
SUnreclaim:        53644 kB
KernelStack:       15072 kB
PageTables:        15024 kB
NFS_Unstable:          0 kB
Bounce:                0 kB
WritebackTmp:          0 kB
CommitLimit:     1450072 kB
Committed_AS:   24106020 kB
VmallocTotal:   251658176 kB
VmallocUsed:       97536 kB
VmallocChunk:   251482716 kB


[2024-11-20 04:32:39]
MemTotal:        1858332 kB
MemFree:          999412 kB
Buffers:             924 kB
Cached:           347184 kB
SwapCached:        18696 kB
Active:            85096 kB
Inactive:         292524 kB
Active(anon):      49764 kB
Inactive(anon):    79668 kB
Active(file):      35332 kB
Inactive(file):   212856 kB
Unevictable:       99496 kB
Mlocked:           94212 kB
SwapTotal:        520908 kB
SwapFree:         364792 kB
Dirty:                 0 kB
Writeback:             0 kB
AnonPages:        127712 kB
Mapped:           145260 kB
Shmem:               724 kB
Slab:              78376 kB
SReclaimable:      24732 kB
SUnreclaim:        53644 kB
KernelStack:       15072 kB
PageTables:        15044 kB
NFS_Unstable:          0 kB
Bounce:                0 kB
WritebackTmp:          0 kB
CommitLimit:     1450072 kB
Committed_AS:   24106068 kB
VmallocTotal:   251658176 kB
VmallocUsed:       97536 kB
VmallocChunk:   251482716 kB


[2024-11-20 04:32:39]
MemTotal:        1858332 kB
MemFree:         1000172 kB
Buffers:             924 kB
Cached:           347184 kB
SwapCached:        18696 kB
Active:            85092 kB
Inactive:         291568 kB
Active(anon):      49760 kB
Inactive(anon):    78712 kB
Active(file):      35332 kB
Inactive(file):   212856 kB
Unevictable:       99496 kB
Mlocked:           94212 kB
SwapTotal:        520908 kB
SwapFree:         364792 kB
Dirty:                 0 kB
Writeback:             0 kB
AnonPages:        126720 kB
Mapped:           145260 kB
Shmem:               724 kB
Slab:              78376 kB
SReclaimable:      24732 kB
SUnreclaim:        53644 kB
KernelStack:       15056 kB
PageTables:        15008 kB
NFS_Unstable:          0 kB
Bounce:                0 kB
WritebackTmp:          0 kB
CommitLimit:     1450072 kB
Committed_AS:   24106052 kB
VmallocTotal:   251658176 kB
VmallocUsed:       97536 kB
VmallocChunk:   251482716 kB


[2024-11-20 04:32:39]
MemTotal:        1858332 kB
MemFree:         1000124 kB
Buffers:             924 kB
Cached:           347184 kB
SwapCached:        18696 kB
Active:            85388 kB
Inactive:         291568 kB
Active(anon):      50056 kB
Inactive(anon):    78712 kB
Active(file):      35332 kB
Inactive(file):   212856 kB
Unevictable:       99496 kB
Mlocked:           94212 kB
SwapTotal:        520908 kB
SwapFree:         364792 kB
Dirty:                 0 kB
Writeback:             0 kB
AnonPages:        127048 kB
Mapped:           145260 kB
Shmem:               724 kB
Slab:              78376 kB
SReclaimable:      24732 kB
SUnreclaim:        53644 kB
KernelStack:       15088 kB
PageTables:        15048 kB
NFS_Unstable:          0 kB
Bounce:                0 kB
WritebackTmp:          0 kB
CommitLimit:     1450072 kB
Committed_AS:   24106256 kB
VmallocTotal:   251658176 kB
VmallocUsed:       97536 kB
VmallocChunk:   251482716 kB


[2024-11-20 04:32:39]
MemTotal:        1858332 kB
MemFree:         1000108 kB
Buffers:             924 kB
Cached:           347184 kB
SwapCached:        18696 kB
Active:            85460 kB
Inactive:         291568 kB
Active(anon):      50128 kB
Inactive(anon):    78712 kB
Active(file):      35332 kB
Inactive(file):   212856 kB
Unevictable:       99496 kB
Mlocked:           94212 kB
SwapTotal:        520908 kB
SwapFree:         364792 kB
Dirty:                 0 kB
Writeback:             0 kB
AnonPages:        127156 kB
Mapped:           145260 kB
Shmem:               724 kB
Slab:              78376 kB
SReclaimable:      24732 kB
SUnreclaim:        53644 kB
KernelStack:       15072 kB
PageTables:        15044 kB
NFS_Unstable:          0 kB
Bounce:                0 kB
WritebackTmp:          0 kB
CommitLimit:     1450072 kB
Committed_AS:   24106244 kB
VmallocTotal:   251658176 kB
VmallocUsed:       97536 kB
VmallocChunk:   251482716 kB


[2024-11-20 04:32:39]
MemTotal:        1858332 kB
MemFree:          999104 kB
Buffers:             924 kB
Cached:           347428 kB
SwapCached:        18704 kB
Active:            85860 kB
Inactive:         291748 kB
Active(anon):      50528 kB
Inactive(anon):    78712 kB
Active(file):      35332 kB
Inactive(file):   213036 kB
Unevictable:       99496 kB
Mlocked:           94212 kB
SwapTotal:        520908 kB
SwapFree:         364808 kB
Dirty:                 0 kB
Writeback:             0 kB
AnonPages:        127540 kB
Mapped:           145800 kB
Shmem:               724 kB
Slab:              78680 kB
SReclaimable:      25036 kB
SUnreclaim:        53644 kB
KernelStack:       15072 kB
PageTables:        14984 kB
NFS_Unstable:          0 kB
Bounce:                0 kB
WritebackTmp:          0 kB
CommitLimit:     1450072 kB
Committed_AS:   24106160 kB
VmallocTotal:   251658176 kB
VmallocUsed:       97536 kB
VmallocChunk:   251482716 kB


[2024-11-20 04:32:39]
MemTotal:        1858332 kB
MemFree:          989176 kB
Buffers:            1024 kB
Cached:           355372 kB
SwapCached:        18700 kB
Active:            87796 kB
Inactive:         299452 kB
Active(anon):      52464 kB
Inactive(anon):    78728 kB
Active(file):      35332 kB
Inactive(file):   220724 kB
Unevictable:       99496 kB
Mlocked:           94212 kB
SwapTotal:        520908 kB
SwapFree:         364832 kB
Dirty:                 0 kB
Writeback:             0 kB
AnonPages:        129712 kB
Mapped:           149340 kB
Shmem:               724 kB
Slab:              78744 kB
SReclaimable:      25100 kB
SUnreclaim:        53644 kB
KernelStack:       15152 kB
PageTables:        15036 kB
NFS_Unstable:          0 kB
Bounce:                0 kB
WritebackTmp:          0 kB
CommitLimit:     1450072 kB
Committed_AS:   24108844 kB
VmallocTotal:   251658176 kB
VmallocUsed:       97536 kB
VmallocChunk:   251482716 kB


[2024-11-20 04:32:41]
MemTotal:        1858332 kB
MemFree:          937404 kB
Buffers:            1168 kB
Cached:           377264 kB
SwapCached:        18700 kB
Active:           125408 kB
Inactive:         313412 kB
Active(anon):      82000 kB
Inactive(anon):    78460 kB
Active(file):      43408 kB
Inactive(file):   234952 kB
Unevictable:       99496 kB
Mlocked:           94212 kB
SwapTotal:        520908 kB
SwapFree:         364840 kB
Dirty:                 0 kB
Writeback:             0 kB
AnonPages:        159088 kB
Mapped:           153088 kB
Shmem:               724 kB
Slab:              78740 kB
SReclaimable:      25100 kB
SUnreclaim:        53640 kB
KernelStack:       15376 kB
PageTables:        15340 kB
NFS_Unstable:          0 kB
Bounce:                0 kB
WritebackTmp:          0 kB
CommitLimit:     1450072 kB
Committed_AS:   24301336 kB
VmallocTotal:   251658176 kB
VmallocUsed:       97536 kB
VmallocChunk:   251482716 kB


[2024-11-20 04:32:44]
MemTotal:        1858332 kB
MemFree:          912976 kB
Buffers:            1168 kB
Cached:           377432 kB
SwapCached:        18700 kB
Active:           149464 kB
Inactive:         313620 kB
Active(anon):     106056 kB
Inactive(anon):    78432 kB
Active(file):      43408 kB
Inactive(file):   235188 kB
Unevictable:       99496 kB
Mlocked:           94212 kB
SwapTotal:        520908 kB
SwapFree:         364840 kB
Dirty:                 0 kB
Writeback:             0 kB
AnonPages:        182940 kB
Mapped:           153532 kB
Shmem:               724 kB
Slab:              78740 kB
SReclaimable:      25100 kB
SUnreclaim:        53640 kB
KernelStack:       15376 kB
PageTables:        15408 kB
NFS_Unstable:          0 kB
Bounce:                0 kB
WritebackTmp:          0 kB
CommitLimit:     1450072 kB
Committed_AS:   24324376 kB
VmallocTotal:   251658176 kB
VmallocUsed:       97536 kB
VmallocChunk:   251482716 kB


[2024-11-20 04:32:46]
MemTotal:        1858332 kB
MemFree:          540696 kB
Buffers:            1168 kB
Cached:           549400 kB
SwapCached:        18700 kB
Active:           349052 kB
Inactive:         485692 kB
Active(anon):     305644 kB
Inactive(anon):    78424 kB
Active(file):      43408 kB
Inactive(file):   407268 kB
Unevictable:       99496 kB
Mlocked:           94212 kB
SwapTotal:        520908 kB
SwapFree:         364840 kB
Dirty:                 0 kB
Writeback:             0 kB
AnonPages:        382648 kB
Mapped:           153552 kB
Shmem:               724 kB
Slab:              78740 kB
SReclaimable:      25100 kB
SUnreclaim:        53640 kB
KernelStack:       15376 kB
PageTables:        15728 kB
NFS_Unstable:          0 kB
Bounce:                0 kB
WritebackTmp:          0 kB
CommitLimit:     1450072 kB
Committed_AS:   25121984 kB
VmallocTotal:   251658176 kB
VmallocUsed:       97536 kB
VmallocChunk:   251482716 kB


[2024-11-20 04:32:48]
MemTotal:        1858332 kB
MemFree:           33044 kB
Buffers:             376 kB
Cached:           477792 kB
SwapCached:        18648 kB
Active:           911104 kB
Inactive:         429820 kB
Active(anon):     722248 kB
Inactive(anon):   240904 kB
Active(file):     188856 kB
Inactive(file):   188916 kB
Unevictable:       99496 kB
Mlocked:           94212 kB
SwapTotal:        520908 kB
SwapFree:         364440 kB
Dirty:                 0 kB
Writeback:             0 kB
AnonPages:        961324 kB
Mapped:           148380 kB
Shmem:               724 kB
Slab:              78420 kB
SReclaimable:      24780 kB
SUnreclaim:        53640 kB
KernelStack:       15376 kB
PageTables:        16832 kB
NFS_Unstable:          0 kB
Bounce:                0 kB
WritebackTmp:          0 kB
CommitLimit:     1450072 kB
Committed_AS:   25122220 kB
VmallocTotal:   251658176 kB
VmallocUsed:       97536 kB
VmallocChunk:   251482716 kB


[2024-11-20 04:32:50]
MemTotal:        1858332 kB
MemFree:           34360 kB
Buffers:             144 kB
Cached:           178740 kB
SwapCached:        18648 kB
Active:          1012860 kB
Inactive:         336700 kB
Active(anon):     974288 kB
Inactive(anon):   296284 kB
Active(file):      38572 kB
Inactive(file):    40416 kB
Unevictable:       99496 kB
Mlocked:           94212 kB
SwapTotal:        520908 kB
SwapFree:         364460 kB
Dirty:                 4 kB
Writeback:             0 kB
AnonPages:       1268800 kB
Mapped:           139384 kB
Shmem:               720 kB
Slab:              78428 kB
SReclaimable:      24816 kB
SUnreclaim:        53612 kB
KernelStack:       14880 kB
PageTables:        15544 kB
NFS_Unstable:          0 kB
Bounce:                0 kB
WritebackTmp:          0 kB
CommitLimit:     1450072 kB
Committed_AS:   20282388 kB
VmallocTotal:   251658176 kB
VmallocUsed:       93256 kB
VmallocChunk:   251482716 kB


[2024-11-20 04:32:52]
MemTotal:        1858332 kB
MemFree:           40584 kB
Buffers:             228 kB
Cached:           184708 kB
SwapCached:        18132 kB
Active:           996360 kB
Inactive:         358860 kB
Active(anon):     952504 kB
Inactive(anon):   317868 kB
Active(file):      43856 kB
Inactive(file):    40992 kB
Unevictable:       99496 kB
Mlocked:           94212 kB
SwapTotal:        520908 kB
SwapFree:         362776 kB
Dirty:                56 kB
Writeback:             0 kB
AnonPages:       1268172 kB
Mapped:           137284 kB
Shmem:               668 kB
Slab:              78400 kB
SReclaimable:      24800 kB
SUnreclaim:        53600 kB
KernelStack:       15008 kB
PageTables:        15424 kB
NFS_Unstable:          0 kB
Bounce:                0 kB
WritebackTmp:          0 kB
CommitLimit:     1450072 kB
Committed_AS:   20381660 kB
VmallocTotal:   251658176 kB
VmallocUsed:       94276 kB
VmallocChunk:   251482716 kB


[2024-11-20 04:32:55]
MemTotal:        1858332 kB
MemFree:           43744 kB
Buffers:             228 kB
Cached:           186576 kB
SwapCached:        18136 kB
Active:           998132 kB
Inactive:         355424 kB
Active(anon):     954160 kB
Inactive(anon):   312500 kB
Active(file):      43972 kB
Inactive(file):    42924 kB
Unevictable:       99496 kB
Mlocked:           94212 kB
SwapTotal:        520908 kB
SwapFree:         362860 kB
Dirty:                56 kB
Writeback:             0 kB
AnonPages:       1264664 kB
Mapped:           137160 kB
Shmem:               668 kB
Slab:              78392 kB
SReclaimable:      24800 kB
SUnreclaim:        53592 kB
KernelStack:       14832 kB
PageTables:        15532 kB
NFS_Unstable:          0 kB
Bounce:                0 kB
WritebackTmp:          0 kB
CommitLimit:     1450072 kB
Committed_AS:   20282408 kB
VmallocTotal:   251658176 kB
VmallocUsed:       93256 kB
VmallocChunk:   251482716 kB


[2024-11-20 04:32:57]
MemTotal:        1858332 kB
MemFree:           35408 kB
Buffers:             228 kB
Cached:           195756 kB
SwapCached:        18056 kB
Active:           993396 kB
Inactive:         368404 kB
Active(anon):     949424 kB
Inactive(anon):   316352 kB
Active(file):      43972 kB
Inactive(file):    52052 kB
Unevictable:       99496 kB
Mlocked:           94212 kB
SwapTotal:        520908 kB
SwapFree:         361880 kB
Dirty:                 0 kB
Writeback:             0 kB
AnonPages:       1264008 kB
Mapped:           137628 kB
Shmem:               668 kB
Slab:              78408 kB
SReclaimable:      24800 kB
SUnreclaim:        53608 kB
KernelStack:       14864 kB
PageTables:        15548 kB
NFS_Unstable:          0 kB
Bounce:                0 kB
WritebackTmp:          0 kB
CommitLimit:     1450072 kB
Committed_AS:   20282528 kB
VmallocTotal:   251658176 kB
VmallocUsed:       93256 kB
VmallocChunk:   251482716 kB


[2024-11-20 04:32:59]
MemTotal:        1858332 kB
MemFree:           35248 kB
Buffers:             236 kB
Cached:           195756 kB
SwapCached:        18056 kB
Active:           993624 kB
Inactive:         368304 kB
Active(anon):     949652 kB
Inactive(anon):   316192 kB
Active(file):      43972 kB
Inactive(file):    52112 kB
Unevictable:       99496 kB
Mlocked:           94212 kB
SwapTotal:        520908 kB
SwapFree:         361880 kB
Dirty:                36 kB
Writeback:             0 kB
AnonPages:       1263924 kB
Mapped:           137504 kB
Shmem:               668 kB
Slab:              78408 kB
SReclaimable:      24800 kB
SUnreclaim:        53608 kB
KernelStack:       14832 kB
PageTables:        15532 kB
NFS_Unstable:          0 kB
Bounce:                0 kB
WritebackTmp:          0 kB
CommitLimit:     1450072 kB
Committed_AS:   20282520 kB
VmallocTotal:   251658176 kB
VmallocUsed:       93256 kB
VmallocChunk:   251482716 kB


[2024-11-20 04:33:02]
MemTotal:        1858332 kB
MemFree:           35564 kB
Buffers:             204 kB
Cached:           196208 kB
SwapCached:        17656 kB
Active:           993048 kB
Inactive:         368612 kB
Active(anon):     949016 kB
Inactive(anon):   316328 kB
Active(file):      44032 kB
Inactive(file):    52284 kB
Unevictable:       99496 kB
Mlocked:           94212 kB
SwapTotal:        520908 kB
SwapFree:         360612 kB
Dirty:                36 kB
Writeback:             0 kB
AnonPages:       1263708 kB
Mapped:           139160 kB
Shmem:               668 kB
Slab:              78536 kB
SReclaimable:      24928 kB
SUnreclaim:        53608 kB
KernelStack:       15008 kB
PageTables:        16120 kB
NFS_Unstable:          0 kB
Bounce:                0 kB
WritebackTmp:          0 kB
CommitLimit:     1450072 kB
Committed_AS:   22202536 kB
VmallocTotal:   251658176 kB
VmallocUsed:       94276 kB
VmallocChunk:   251482716 kB


[2024-11-20 04:33:04]
MemTotal:        1858332 kB
MemFree:           35608 kB
Buffers:             204 kB
Cached:           196300 kB
SwapCached:        17656 kB
Active:           993384 kB
Inactive:         368668 kB
Active(anon):     949240 kB
Inactive(anon):   316228 kB
Active(file):      44144 kB
Inactive(file):    52440 kB
Unevictable:       99496 kB
Mlocked:           94212 kB
SwapTotal:        520908 kB
SwapFree:         360612 kB
Dirty:                 0 kB
Writeback:             0 kB
AnonPages:       1263688 kB
Mapped:           139316 kB
Shmem:               664 kB
Slab:              78696 kB
SReclaimable:      24960 kB
SUnreclaim:        53736 kB
KernelStack:       15008 kB
PageTables:        16108 kB
NFS_Unstable:          0 kB
Bounce:                0 kB
WritebackTmp:          0 kB
CommitLimit:     1450072 kB
Committed_AS:   22202568 kB
VmallocTotal:   251658176 kB
VmallocUsed:       94276 kB
VmallocChunk:   251482716 kB


[2024-11-20 04:33:06]
MemTotal:        1858332 kB
MemFree:           37448 kB
Buffers:             192 kB
Cached:           194172 kB
SwapCached:        17656 kB
Active:           993448 kB
Inactive:         366840 kB
Active(anon):     949304 kB
Inactive(anon):   316436 kB
Active(file):      44144 kB
Inactive(file):    50404 kB
Unevictable:       99496 kB
Mlocked:           94212 kB
SwapTotal:        520908 kB
SwapFree:         360608 kB
Dirty:                 0 kB
Writeback:             0 kB
AnonPages:       1263956 kB
Mapped:           139556 kB
Shmem:               664 kB
Slab:              78648 kB
SReclaimable:      24960 kB
SUnreclaim:        53688 kB
KernelStack:       15008 kB
PageTables:        16108 kB
NFS_Unstable:          0 kB
Bounce:                0 kB
WritebackTmp:          0 kB
CommitLimit:     1450072 kB
Committed_AS:   22202504 kB
VmallocTotal:   251658176 kB
VmallocUsed:       94276 kB
VmallocChunk:   251482716 kB


[2024-11-20 04:33:09]
MemTotal:        1858332 kB
MemFree:           37732 kB
Buffers:             192 kB
Cached:           194216 kB
SwapCached:        17656 kB
Active:           993660 kB
Inactive:         366040 kB
Active(anon):     949516 kB
Inactive(anon):   315680 kB
Active(file):      44144 kB
Inactive(file):    50360 kB
Unevictable:       99496 kB
Mlocked:           94212 kB
SwapTotal:        520908 kB
SwapFree:         360616 kB
Dirty:                 0 kB
Writeback:             0 kB
AnonPages:       1263388 kB
Mapped:           139528 kB
Shmem:               664 kB
Slab:              78648 kB
SReclaimable:      24960 kB
SUnreclaim:        53688 kB
KernelStack:       15008 kB
PageTables:        16108 kB
NFS_Unstable:          0 kB
Bounce:                0 kB
WritebackTmp:          0 kB
CommitLimit:     1450072 kB
Committed_AS:   22202376 kB
VmallocTotal:   251658176 kB
VmallocUsed:       94276 kB
VmallocChunk:   251482716 kB


[2024-11-20 04:33:11]
MemTotal:        1858332 kB
MemFree:           35744 kB
Buffers:             196 kB
Cached:           192736 kB
SwapCached:        17660 kB
Active:           995152 kB
Inactive:         366004 kB
Active(anon):     951008 kB
Inactive(anon):   317072 kB
Active(file):      44144 kB
Inactive(file):    48932 kB
Unevictable:       99496 kB
Mlocked:           94212 kB
SwapTotal:        520908 kB
SwapFree:         360640 kB
Dirty:                 0 kB
Writeback:             0 kB
AnonPages:       1266444 kB
Mapped:           140632 kB
Shmem:               664 kB
Slab:              78648 kB
SReclaimable:      24960 kB
SUnreclaim:        53688 kB
KernelStack:       15008 kB
PageTables:        16660 kB
NFS_Unstable:          0 kB
Bounce:                0 kB
WritebackTmp:          0 kB
CommitLimit:     1450072 kB
Committed_AS:   24123820 kB
VmallocTotal:   251658176 kB
VmallocUsed:       95296 kB
VmallocChunk:   251482716 kB


[2024-11-20 04:33:13]
MemTotal:        1858332 kB
MemFree:           43140 kB
Buffers:             212 kB
Cached:           191200 kB
SwapCached:        17712 kB
Active:           992188 kB
Inactive:         363816 kB
Active(anon):     946604 kB
Inactive(anon):   317892 kB
Active(file):      45584 kB
Inactive(file):    45924 kB
Unevictable:       99496 kB
Mlocked:           94212 kB
SwapTotal:        520908 kB
SwapFree:         360788 kB
Dirty:                24 kB
Writeback:             0 kB
AnonPages:       1262556 kB
Mapped:           137056 kB
Shmem:               664 kB
Slab:              78684 kB
SReclaimable:      24960 kB
SUnreclaim:        53724 kB
KernelStack:       14864 kB
PageTables:        15564 kB
NFS_Unstable:          0 kB
Bounce:                0 kB
WritebackTmp:          0 kB
CommitLimit:     1450072 kB
Committed_AS:   20282400 kB
VmallocTotal:   251658176 kB
VmallocUsed:       93256 kB
VmallocChunk:   251482716 kB


[2024-11-20 04:33:15]
MemTotal:        1858332 kB
MemFree:           43068 kB
Buffers:             212 kB
Cached:           191200 kB
SwapCached:        17712 kB
Active:           992592 kB
Inactive:         363816 kB
Active(anon):     947008 kB
Inactive(anon):   317892 kB
Active(file):      45584 kB
Inactive(file):    45924 kB
Unevictable:       99496 kB
Mlocked:           94212 kB
SwapTotal:        520908 kB
SwapFree:         360788 kB
Dirty:                24 kB
Writeback:             0 kB
AnonPages:       1262896 kB
Mapped:           137328 kB
Shmem:               664 kB
Slab:              78684 kB
SReclaimable:      24960 kB
SUnreclaim:        53724 kB
KernelStack:       14832 kB
PageTables:        15532 kB
NFS_Unstable:          0 kB
Bounce:                0 kB
WritebackTmp:          0 kB
CommitLimit:     1450072 kB
Committed_AS:   20282420 kB
VmallocTotal:   251658176 kB
VmallocUsed:       93256 kB
VmallocChunk:   251482716 kB


[2024-11-20 04:33:18]
MemTotal:        1858332 kB
MemFree:           43128 kB
Buffers:             220 kB
Cached:           191376 kB
SwapCached:        17712 kB
Active:           992460 kB
Inactive:         363904 kB
Active(anon):     946876 kB
Inactive(anon):   317856 kB
Active(file):      45584 kB
Inactive(file):    46048 kB
Unevictable:       99496 kB
Mlocked:           94212 kB
SwapTotal:        520908 kB
SwapFree:         360788 kB
Dirty:                 0 kB
Writeback:             0 kB
AnonPages:       1262560 kB
Mapped:           137144 kB
Shmem:               664 kB
Slab:              78684 kB
SReclaimable:      24960 kB
SUnreclaim:        53724 kB
KernelStack:       14832 kB
PageTables:        15532 kB
NFS_Unstable:          0 kB
Bounce:                0 kB
WritebackTmp:          0 kB
CommitLimit:     1450072 kB
Committed_AS:   20282412 kB
VmallocTotal:   251658176 kB
VmallocUsed:       93256 kB
VmallocChunk:   251482716 kB


[2024-11-20 04:33:20]
MemTotal:        1858332 kB
MemFree:           42664 kB
Buffers:             220 kB
Cached:           191400 kB
SwapCached:        17708 kB
Active:           992900 kB
Inactive:         363952 kB
Active(anon):     947316 kB
Inactive(anon):   317820 kB
Active(file):      45584 kB
Inactive(file):    46132 kB
Unevictable:       99496 kB
Mlocked:           94212 kB
SwapTotal:        520908 kB
SwapFree:         360836 kB
Dirty:                28 kB
Writeback:             0 kB
AnonPages:       1263080 kB
Mapped:           137248 kB
Shmem:               664 kB
Slab:              78684 kB
SReclaimable:      24960 kB
SUnreclaim:        53724 kB
KernelStack:       14864 kB
PageTables:        15556 kB
NFS_Unstable:          0 kB
Bounce:                0 kB
WritebackTmp:          0 kB
CommitLimit:     1450072 kB
Committed_AS:   20282420 kB
VmallocTotal:   251658176 kB
VmallocUsed:       93256 kB
VmallocChunk:   251482716 kB


[2024-11-20 04:33:22]
MemTotal:        1858332 kB
MemFree:           42160 kB
Buffers:             220 kB
Cached:           191400 kB
SwapCached:        17708 kB
Active:           993088 kB
Inactive:         363928 kB
Active(anon):     947504 kB
Inactive(anon):   317796 kB
Active(file):      45584 kB
Inactive(file):    46132 kB
Unevictable:       99496 kB
Mlocked:           94212 kB
SwapTotal:        520908 kB
SwapFree:         360836 kB
Dirty:                28 kB
Writeback:             0 kB
AnonPages:       1263408 kB
Mapped:           137344 kB
Shmem:               664 kB
Slab:              78684 kB
SReclaimable:      24960 kB
SUnreclaim:        53724 kB
KernelStack:       14832 kB
PageTables:        15532 kB
NFS_Unstable:          0 kB
Bounce:                0 kB
WritebackTmp:          0 kB
CommitLimit:     1450072 kB
Committed_AS:   20282424 kB
VmallocTotal:   251658176 kB
VmallocUsed:       93256 kB
VmallocChunk:   251482716 kB


[2024-11-20 04:33:25]
MemTotal:        1858332 kB
MemFree:           40164 kB
Buffers:             220 kB
Cached:           193520 kB
SwapCached:        17708 kB
Active:           993492 kB
Inactive:         365800 kB
Active(anon):     947908 kB
Inactive(anon):   317548 kB
Active(file):      45584 kB
Inactive(file):    48252 kB
Unevictable:       99496 kB
Mlocked:           94212 kB
SwapTotal:        520908 kB
SwapFree:         360836 kB
Dirty:                 0 kB
Writeback:             0 kB
AnonPages:       1263524 kB
Mapped:           137492 kB
Shmem:               664 kB
Slab:              78660 kB
SReclaimable:      24960 kB
SUnreclaim:        53700 kB
KernelStack:       14832 kB
PageTables:        15532 kB
NFS_Unstable:          0 kB
Bounce:                0 kB
WritebackTmp:          0 kB
CommitLimit:     1450072 kB
Committed_AS:   20282384 kB
VmallocTotal:   251658176 kB
VmallocUsed:       93256 kB
VmallocChunk:   251482716 kB


[2024-11-20 04:33:27]
MemTotal:        1858332 kB
MemFree:           39936 kB
Buffers:             220 kB
Cached:           193520 kB
SwapCached:        17708 kB
Active:           993584 kB
Inactive:         365772 kB
Active(anon):     948000 kB
Inactive(anon):   317520 kB
Active(file):      45584 kB
Inactive(file):    48252 kB
Unevictable:       99496 kB
Mlocked:           94212 kB
SwapTotal:        520908 kB
SwapFree:         360836 kB
Dirty:                 0 kB
Writeback:             0 kB
AnonPages:       1263604 kB
Mapped:           137416 kB
Shmem:               664 kB
Slab:              78660 kB
SReclaimable:      24960 kB
SUnreclaim:        53700 kB
KernelStack:       14864 kB
PageTables:        15552 kB
NFS_Unstable:          0 kB
Bounce:                0 kB
WritebackTmp:          0 kB
CommitLimit:     1450072 kB
Committed_AS:   20282400 kB
VmallocTotal:   251658176 kB
VmallocUsed:       93256 kB
VmallocChunk:   251482716 kB


[2024-11-20 04:33:30]
MemTotal:        1858332 kB
MemFree:           40124 kB
Buffers:             272 kB
Cached:           193560 kB
SwapCached:        17744 kB
Active:           993836 kB
Inactive:         365968 kB
Active(anon):     948244 kB
Inactive(anon):   317632 kB
Active(file):      45592 kB
Inactive(file):    48336 kB
Unevictable:       99496 kB
Mlocked:           94212 kB
SwapTotal:        520908 kB
SwapFree:         361024 kB
Dirty:                24 kB
Writeback:             0 kB
AnonPages:       1263768 kB
Mapped:           137312 kB
Shmem:               664 kB
Slab:              78632 kB
SReclaimable:      25008 kB
SUnreclaim:        53624 kB
KernelStack:       14832 kB
PageTables:        15532 kB
NFS_Unstable:          0 kB
Bounce:                0 kB
WritebackTmp:          0 kB
CommitLimit:     1450072 kB
Committed_AS:   20282332 kB
VmallocTotal:   251658176 kB
VmallocUsed:       93256 kB
VmallocChunk:   251482716 kB


[2024-11-20 04:33:32]
MemTotal:        1858332 kB
MemFree:           40304 kB
Buffers:             272 kB
Cached:           193560 kB
SwapCached:        17744 kB
Active:           993992 kB
Inactive:         365924 kB
Active(anon):     948400 kB
Inactive(anon):   317588 kB
Active(file):      45592 kB
Inactive(file):    48336 kB
Unevictable:       99496 kB
Mlocked:           94212 kB
SwapTotal:        520908 kB
SwapFree:         361024 kB
Dirty:                24 kB
Writeback:             0 kB
AnonPages:       1263952 kB
Mapped:           137136 kB
Shmem:               664 kB
Slab:              78632 kB
SReclaimable:      25008 kB
SUnreclaim:        53624 kB
KernelStack:       14864 kB
PageTables:        15556 kB
NFS_Unstable:          0 kB
Bounce:                0 kB
WritebackTmp:          0 kB
CommitLimit:     1450072 kB
Committed_AS:   20282228 kB
VmallocTotal:   251658176 kB
VmallocUsed:       93256 kB
VmallocChunk:   251482716 kB


[2024-11-20 04:33:35]
MemTotal:        1858332 kB
MemFree:           39600 kB
Buffers:             280 kB
Cached:           193560 kB
SwapCached:        17744 kB
Active:           994264 kB
Inactive:         365920 kB
Active(anon):     948672 kB
Inactive(anon):   317584 kB
Active(file):      45592 kB
Inactive(file):    48336 kB
Unevictable:       99496 kB
Mlocked:           94212 kB
SwapTotal:        520908 kB
SwapFree:         361028 kB
Dirty:                32 kB
Writeback:             0 kB
AnonPages:       1264228 kB
Mapped:           137312 kB
Shmem:               664 kB
Slab:              78632 kB
SReclaimable:      25008 kB
SUnreclaim:        53624 kB
KernelStack:       14832 kB
PageTables:        15532 kB
NFS_Unstable:          0 kB
Bounce:                0 kB
WritebackTmp:          0 kB
CommitLimit:     1450072 kB
Committed_AS:   20282316 kB
VmallocTotal:   251658176 kB
VmallocUsed:       93256 kB
VmallocChunk:   251482716 kB


[2024-11-20 04:33:37]
MemTotal:        1858332 kB
MemFree:           39700 kB
Buffers:             280 kB
Cached:           193560 kB
SwapCached:        17744 kB
Active:           994552 kB
Inactive:         365928 kB
Active(anon):     948960 kB
Inactive(anon):   317584 kB
Active(file):      45592 kB
Inactive(file):    48344 kB
Unevictable:       99496 kB
Mlocked:           94212 kB
SwapTotal:        520908 kB
SwapFree:         361028 kB
Dirty:                32 kB
Writeback:             0 kB
AnonPages:       1264732 kB
Mapped:           137552 kB
Shmem:               664 kB
Slab:              78632 kB
SReclaimable:      25008 kB
SUnreclaim:        53624 kB
KernelStack:       14848 kB
PageTables:        15556 kB
NFS_Unstable:          0 kB
Bounce:                0 kB
WritebackTmp:          0 kB
CommitLimit:     1450072 kB
Committed_AS:   20282484 kB
VmallocTotal:   251658176 kB
VmallocUsed:       93256 kB
VmallocChunk:   251482716 kB


[2024-11-20 04:33:40]
MemTotal:        1858332 kB
MemFree:           39244 kB
Buffers:             284 kB
Cached:           193624 kB
SwapCached:        17744 kB
Active:           994812 kB
Inactive:         365964 kB
Active(anon):     949220 kB
Inactive(anon):   317584 kB
Active(file):      45592 kB
Inactive(file):    48380 kB
Unevictable:       99496 kB
Mlocked:           94212 kB
SwapTotal:        520908 kB
SwapFree:         361028 kB
Dirty:                32 kB
Writeback:             0 kB
AnonPages:       1264956 kB
Mapped:           137500 kB
Shmem:               664 kB
Slab:              78632 kB
SReclaimable:      25008 kB
SUnreclaim:        53624 kB
KernelStack:       14800 kB
PageTables:        15532 kB
NFS_Unstable:          0 kB
Bounce:                0 kB
WritebackTmp:          0 kB
CommitLimit:     1450072 kB
Committed_AS:   20282212 kB
VmallocTotal:   251658176 kB
VmallocUsed:       93256 kB
VmallocChunk:   251482716 kB


[2024-11-20 04:33:42]
MemTotal:        1858332 kB
MemFree:           39452 kB
Buffers:             284 kB
Cached:           193624 kB
SwapCached:        17744 kB
Active:           994612 kB
Inactive:         365996 kB
Active(anon):     949020 kB
Inactive(anon):   317584 kB
Active(file):      45592 kB
Inactive(file):    48412 kB
Unevictable:       99496 kB
Mlocked:           94212 kB
SwapTotal:        520908 kB
SwapFree:         361028 kB
Dirty:                 0 kB
Writeback:             0 kB
AnonPages:       1264932 kB
Mapped:           137396 kB
Shmem:               664 kB
Slab:              78632 kB
SReclaimable:      25008 kB
SUnreclaim:        53624 kB
KernelStack:       14832 kB
PageTables:        15552 kB
NFS_Unstable:          0 kB
Bounce:                0 kB
WritebackTmp:          0 kB
CommitLimit:     1450072 kB
Committed_AS:   20282272 kB
VmallocTotal:   251658176 kB
VmallocUsed:       93256 kB
VmallocChunk:   251482716 kB


[2024-11-20 04:33:45]
MemTotal:        1858332 kB
MemFree:           38484 kB
Buffers:             284 kB
Cached:           194072 kB
SwapCached:        17744 kB
Active:           995096 kB
Inactive:         366444 kB
Active(anon):     949504 kB
Inactive(anon):   317584 kB
Active(file):      45592 kB
Inactive(file):    48860 kB
Unevictable:       99496 kB
Mlocked:           94212 kB
SwapTotal:        520908 kB
SwapFree:         361032 kB
Dirty:                 0 kB
Writeback:             0 kB
AnonPages:       1265012 kB
Mapped:           137388 kB
Shmem:               664 kB
Slab:              78632 kB
SReclaimable:      25008 kB
SUnreclaim:        53624 kB
KernelStack:       14800 kB
PageTables:        15532 kB
NFS_Unstable:          0 kB
Bounce:                0 kB
WritebackTmp:          0 kB
CommitLimit:     1450072 kB
Committed_AS:   20282176 kB
VmallocTotal:   251658176 kB
VmallocUsed:       93256 kB
VmallocChunk:   251482716 kB


[2024-11-20 04:33:47]
MemTotal:        1858332 kB
MemFree:           38424 kB
Buffers:             284 kB
Cached:           194072 kB
SwapCached:        17744 kB
Active:           995136 kB
Inactive:         366444 kB
Active(anon):     949544 kB
Inactive(anon):   317584 kB
Active(file):      45592 kB
Inactive(file):    48860 kB
Unevictable:       99496 kB
Mlocked:           94212 kB
SwapTotal:        520908 kB
SwapFree:         361032 kB
Dirty:                 0 kB
Writeback:             0 kB
AnonPages:       1265044 kB
Mapped:           137572 kB
Shmem:               664 kB
Slab:              78632 kB
SReclaimable:      25008 kB
SUnreclaim:        53624 kB
KernelStack:       14816 kB
PageTables:        15552 kB
NFS_Unstable:          0 kB
Bounce:                0 kB
WritebackTmp:          0 kB
CommitLimit:     1450072 kB
Committed_AS:   20282396 kB
VmallocTotal:   251658176 kB
VmallocUsed:       93256 kB
VmallocChunk:   251482716 kB


[2024-11-20 04:33:50]
MemTotal:        1858332 kB
MemFree:           38260 kB
Buffers:             284 kB
Cached:           194072 kB
SwapCached:        17744 kB
Active:           995420 kB
Inactive:         366444 kB
Active(anon):     949828 kB
Inactive(anon):   317584 kB
Active(file):      45592 kB
Inactive(file):    48860 kB
Unevictable:       99496 kB
Mlocked:           94212 kB
SwapTotal:        520908 kB
SwapFree:         361032 kB
Dirty:                 0 kB
Writeback:             0 kB
AnonPages:       1265460 kB
Mapped:           137484 kB
Shmem:               664 kB
Slab:              78632 kB
SReclaimable:      25008 kB
SUnreclaim:        53624 kB
KernelStack:       14832 kB
PageTables:        15560 kB
NFS_Unstable:          0 kB
Bounce:                0 kB
WritebackTmp:          0 kB
CommitLimit:     1450072 kB
Committed_AS:   20282264 kB
VmallocTotal:   251658176 kB
VmallocUsed:       93256 kB
VmallocChunk:   251482716 kB


[2024-11-20 04:33:52]
MemTotal:        1858332 kB
MemFree:           37680 kB
Buffers:             284 kB
Cached:           194072 kB
SwapCached:        17744 kB
Active:           995848 kB
Inactive:         366444 kB
Active(anon):     950256 kB
Inactive(anon):   317584 kB
Active(file):      45592 kB
Inactive(file):    48860 kB
Unevictable:       99496 kB
Mlocked:           94212 kB
SwapTotal:        520908 kB
SwapFree:         361032 kB
Dirty:                 0 kB
Writeback:             0 kB
AnonPages:       1265688 kB
Mapped:           137388 kB
Shmem:               664 kB
Slab:              78632 kB
SReclaimable:      25008 kB
SUnreclaim:        53624 kB
KernelStack:       14800 kB
PageTables:        15532 kB
NFS_Unstable:          0 kB
Bounce:                0 kB
WritebackTmp:          0 kB
CommitLimit:     1450072 kB
Committed_AS:   20282176 kB
VmallocTotal:   251658176 kB
VmallocUsed:       93256 kB
VmallocChunk:   251482716 kB


[2024-11-20 04:33:55]
MemTotal:        1858332 kB
MemFree:           37784 kB
Buffers:             284 kB
Cached:           194072 kB
SwapCached:        17744 kB
Active:           995920 kB
Inactive:         366444 kB
Active(anon):     950328 kB
Inactive(anon):   317584 kB
Active(file):      45592 kB
Inactive(file):    48860 kB
Unevictable:       99496 kB
Mlocked:           94212 kB
SwapTotal:        520908 kB
SwapFree:         361032 kB
Dirty:                 0 kB
Writeback:             0 kB
AnonPages:       1265976 kB
Mapped:           137696 kB
Shmem:               664 kB
Slab:              78632 kB
SReclaimable:      25008 kB
SUnreclaim:        53624 kB
KernelStack:       14832 kB
PageTables:        15560 kB
NFS_Unstable:          0 kB
Bounce:                0 kB
WritebackTmp:          0 kB
CommitLimit:     1450072 kB
Committed_AS:   20282272 kB
VmallocTotal:   251658176 kB
VmallocUsed:       93256 kB
VmallocChunk:   251482716 kB


[2024-11-20 04:33:58]
MemTotal:        1858332 kB
MemFree:           34960 kB
Buffers:             284 kB
Cached:           194336 kB
SwapCached:        17740 kB
Active:           997920 kB
Inactive:         366688 kB
Active(anon):     952300 kB
Inactive(anon):   317592 kB
Active(file):      45620 kB
Inactive(file):    49096 kB
Unevictable:       99496 kB
Mlocked:           94212 kB
SwapTotal:        520908 kB
SwapFree:         361048 kB
Dirty:                 0 kB
Writeback:             0 kB
AnonPages:       1268044 kB
Mapped:           139124 kB
Shmem:               664 kB
Slab:              78632 kB
SReclaimable:      25008 kB
SUnreclaim:        53624 kB
KernelStack:       14976 kB
PageTables:        16120 kB
NFS_Unstable:          0 kB
Bounce:                0 kB
WritebackTmp:          0 kB
CommitLimit:     1450072 kB
Committed_AS:   22202504 kB
VmallocTotal:   251658176 kB
VmallocUsed:       94276 kB
VmallocChunk:   251482716 kB


[2024-11-20 04:34:00]
MemTotal:        1858332 kB
MemFree:           34324 kB
Buffers:             284 kB
Cached:           194692 kB
SwapCached:        17740 kB
Active:           998348 kB
Inactive:         367044 kB
Active(anon):     952728 kB
Inactive(anon):   317592 kB
Active(file):      45620 kB
Inactive(file):    49452 kB
Unevictable:       99496 kB
Mlocked:           94212 kB
SwapTotal:        520908 kB
SwapFree:         361048 kB
Dirty:                 0 kB
Writeback:             0 kB
AnonPages:       1268508 kB
Mapped:           139196 kB
Shmem:               664 kB
Slab:              78632 kB
SReclaimable:      25008 kB
SUnreclaim:        53624 kB
KernelStack:       15008 kB
PageTables:        16148 kB
NFS_Unstable:          0 kB
Bounce:                0 kB
WritebackTmp:          0 kB
CommitLimit:     1450072 kB
Committed_AS:   22202532 kB
VmallocTotal:   251658176 kB
VmallocUsed:       94276 kB
VmallocChunk:   251482716 kB


[2024-11-20 04:34:02]
MemTotal:        1858332 kB
MemFree:           34160 kB
Buffers:             284 kB
Cached:           194692 kB
SwapCached:        17740 kB
Active:           998768 kB
Inactive:         367040 kB
Active(anon):     953148 kB
Inactive(anon):   317588 kB
Active(file):      45620 kB
Inactive(file):    49452 kB
Unevictable:       99496 kB
Mlocked:           94212 kB
SwapTotal:        520908 kB
SwapFree:         361048 kB
Dirty:                 0 kB
Writeback:             0 kB
AnonPages:       1268876 kB
Mapped:           139244 kB
Shmem:               664 kB
Slab:              78632 kB
SReclaimable:      25008 kB
SUnreclaim:        53624 kB
KernelStack:       14976 kB
PageTables:        16120 kB
NFS_Unstable:          0 kB
Bounce:                0 kB
WritebackTmp:          0 kB
CommitLimit:     1450072 kB
Committed_AS:   22202556 kB
VmallocTotal:   251658176 kB
VmallocUsed:       94276 kB
VmallocChunk:   251482716 kB


[2024-11-20 04:34:05]
MemTotal:        1858332 kB
MemFree:           33520 kB
Buffers:             284 kB
Cached:           194692 kB
SwapCached:        17740 kB
Active:           998912 kB
Inactive:         367040 kB
Active(anon):     953292 kB
Inactive(anon):   317588 kB
Active(file):      45620 kB
Inactive(file):    49452 kB
Unevictable:       99496 kB
Mlocked:           94212 kB
SwapTotal:        520908 kB
SwapFree:         361052 kB
Dirty:                 0 kB
Writeback:             0 kB
AnonPages:       1269032 kB
Mapped:           139244 kB
Shmem:               664 kB
Slab:              78632 kB
SReclaimable:      25008 kB
SUnreclaim:        53624 kB
KernelStack:       14976 kB
PageTables:        16120 kB
NFS_Unstable:          0 kB
Bounce:                0 kB
WritebackTmp:          0 kB
CommitLimit:     1450072 kB
Committed_AS:   22202544 kB
VmallocTotal:   251658176 kB
VmallocUsed:       94276 kB
VmallocChunk:   251482716 kB


[2024-11-20 04:34:07]
MemTotal:        1858332 kB
MemFree:           33348 kB
Buffers:             284 kB
Cached:           194692 kB
SwapCached:        17740 kB
Active:           999112 kB
Inactive:         366996 kB
Active(anon):     953492 kB
Inactive(anon):   317544 kB
Active(file):      45620 kB
Inactive(file):    49452 kB
Unevictable:       99496 kB
Mlocked:           94212 kB
SwapTotal:        520908 kB
SwapFree:         361112 kB
Dirty:                 0 kB
Writeback:             0 kB
AnonPages:       1269048 kB
Mapped:           139248 kB
Shmem:               664 kB
Slab:              78632 kB
SReclaimable:      25008 kB
SUnreclaim:        53624 kB
KernelStack:       14976 kB
PageTables:        16120 kB
NFS_Unstable:          0 kB
Bounce:                0 kB
WritebackTmp:          0 kB
CommitLimit:     1450072 kB
Committed_AS:   22202600 kB
VmallocTotal:   251658176 kB
VmallocUsed:       94276 kB
VmallocChunk:   251482716 kB


[2024-11-20 04:34:10]
MemTotal:        1858332 kB
MemFree:           33584 kB
Buffers:             284 kB
Cached:           194692 kB
SwapCached:        17740 kB
Active:           999300 kB
Inactive:         366996 kB
Active(anon):     953680 kB
Inactive(anon):   317544 kB
Active(file):      45620 kB
Inactive(file):    49452 kB
Unevictable:       99496 kB
Mlocked:           94212 kB
SwapTotal:        520908 kB
SwapFree:         361112 kB
Dirty:                 0 kB
Writeback:             0 kB
AnonPages:       1269316 kB
Mapped:           139248 kB
Shmem:               664 kB
Slab:              78632 kB
SReclaimable:      25008 kB
SUnreclaim:        53624 kB
KernelStack:       14976 kB
PageTables:        16120 kB
NFS_Unstable:          0 kB
Bounce:                0 kB
WritebackTmp:          0 kB
CommitLimit:     1450072 kB
Committed_AS:   22202484 kB
VmallocTotal:   251658176 kB
VmallocUsed:       94276 kB
VmallocChunk:   251482716 kB


[2024-11-20 04:34:12]
MemTotal:        1858332 kB
MemFree:           32780 kB
Buffers:             284 kB
Cached:           194812 kB
SwapCached:        17740 kB
Active:           999576 kB
Inactive:         367108 kB
Active(anon):     953956 kB
Inactive(anon):   317544 kB
Active(file):      45620 kB
Inactive(file):    49564 kB
Unevictable:       99496 kB
Mlocked:           94212 kB
SwapTotal:        520908 kB
SwapFree:         361116 kB
Dirty:                 0 kB
Writeback:             0 kB
AnonPages:       1269556 kB
Mapped:           139068 kB
Shmem:               664 kB
Slab:              78632 kB
SReclaimable:      25008 kB
SUnreclaim:        53624 kB
KernelStack:       15008 kB
PageTables:        16160 kB
NFS_Unstable:          0 kB
Bounce:                0 kB
WritebackTmp:          0 kB
CommitLimit:     1450072 kB
Committed_AS:   22202644 kB
VmallocTotal:   251658176 kB
VmallocUsed:       94276 kB
VmallocChunk:   251482716 kB


[2024-11-20 04:34:15]
MemTotal:        1858332 kB
MemFree:           33864 kB
Buffers:             284 kB
Cached:           192764 kB
SwapCached:        17740 kB
Active:          1000140 kB
Inactive:         365420 kB
Active(anon):     954484 kB
Inactive(anon):   317956 kB
Active(file):      45656 kB
Inactive(file):    47464 kB
Unevictable:       99496 kB
Mlocked:           94212 kB
SwapTotal:        520908 kB
SwapFree:         361112 kB
Dirty:                 0 kB
Writeback:             0 kB
AnonPages:       1270608 kB
Mapped:           139300 kB
Shmem:               664 kB
Slab:              78568 kB
SReclaimable:      25008 kB
SUnreclaim:        53560 kB
KernelStack:       14976 kB
PageTables:        16120 kB
NFS_Unstable:          0 kB
Bounce:                0 kB
WritebackTmp:          0 kB
CommitLimit:     1450072 kB
Committed_AS:   22202492 kB
VmallocTotal:   251658176 kB
VmallocUsed:       94276 kB
VmallocChunk:   251482716 kB


[2024-11-20 04:34:18]
MemTotal:        1858332 kB
MemFree:           39912 kB
Buffers:             284 kB
Cached:           192764 kB
SwapCached:        17740 kB
Active:           993796 kB
Inactive:         365440 kB
Active(anon):     948140 kB
Inactive(anon):   317952 kB
Active(file):      45656 kB
Inactive(file):    47488 kB
Unevictable:       99496 kB
Mlocked:           94212 kB
SwapTotal:        520908 kB
SwapFree:         361132 kB
Dirty:                 0 kB
Writeback:             0 kB
AnonPages:       1264324 kB
Mapped:           138548 kB
Shmem:               664 kB
Slab:              78564 kB
SReclaimable:      25008 kB
SUnreclaim:        53556 kB
KernelStack:       14976 kB
PageTables:        16108 kB
NFS_Unstable:          0 kB
Bounce:                0 kB
WritebackTmp:          0 kB
CommitLimit:     1450072 kB
Committed_AS:   22202572 kB
VmallocTotal:   251658176 kB
VmallocUsed:       94276 kB
VmallocChunk:   251482716 kB


[2024-11-20 04:34:20]
MemTotal:        1858332 kB
MemFree:           36816 kB
Buffers:             284 kB
Cached:           195944 kB
SwapCached:        17740 kB
Active:           994520 kB
Inactive:         368628 kB
Active(anon):     948864 kB
Inactive(anon):   317960 kB
Active(file):      45656 kB
Inactive(file):    50668 kB
Unevictable:       99496 kB
Mlocked:           94212 kB
SwapTotal:        520908 kB
SwapFree:         361144 kB
Dirty:                 0 kB
Writeback:             0 kB
AnonPages:       1264960 kB
Mapped:           138720 kB
Shmem:               664 kB
Slab:              78508 kB
SReclaimable:      25008 kB
SUnreclaim:        53500 kB
KernelStack:       15008 kB
PageTables:        16132 kB
NFS_Unstable:          0 kB
Bounce:                0 kB
WritebackTmp:          0 kB
CommitLimit:     1450072 kB
Committed_AS:   22202452 kB
VmallocTotal:   251658176 kB
VmallocUsed:       94276 kB
VmallocChunk:   251482716 kB


[2024-11-20 04:34:23]
MemTotal:        1858332 kB
MemFree:           36620 kB
Buffers:             284 kB
Cached:           195944 kB
SwapCached:        17740 kB
Active:           994612 kB
Inactive:         368628 kB
Active(anon):     948956 kB
Inactive(anon):   317960 kB
Active(file):      45656 kB
Inactive(file):    50668 kB
Unevictable:       99496 kB
Mlocked:           94212 kB
SwapTotal:        520908 kB
SwapFree:         361144 kB
Dirty:                 0 kB
Writeback:             0 kB
AnonPages:       1265280 kB
Mapped:           138640 kB
Shmem:               664 kB
Slab:              78508 kB
SReclaimable:      25008 kB
SUnreclaim:        53500 kB
KernelStack:       14976 kB
PageTables:        16108 kB
NFS_Unstable:          0 kB
Bounce:                0 kB
WritebackTmp:          0 kB
CommitLimit:     1450072 kB
Committed_AS:   22202524 kB
VmallocTotal:   251658176 kB
VmallocUsed:       94276 kB
VmallocChunk:   251482716 kB


[2024-11-20 04:34:25]
MemTotal:        1858332 kB
MemFree:           35148 kB
Buffers:             284 kB
Cached:           195944 kB
SwapCached:        17740 kB
Active:           995584 kB
Inactive:         368628 kB
Active(anon):     949928 kB
Inactive(anon):   317960 kB
Active(file):      45656 kB
Inactive(file):    50668 kB
Unevictable:       99496 kB
Mlocked:           94212 kB
SwapTotal:        520908 kB
SwapFree:         361148 kB
Dirty:                 0 kB
Writeback:             0 kB
AnonPages:       1266360 kB
Mapped:           138792 kB
Shmem:               664 kB
Slab:              78508 kB
SReclaimable:      25008 kB
SUnreclaim:        53500 kB
KernelStack:       15008 kB
PageTables:        16504 kB
NFS_Unstable:          0 kB
Bounce:                0 kB
WritebackTmp:          0 kB
CommitLimit:     1450072 kB
Committed_AS:   24122088 kB
VmallocTotal:   251658176 kB
VmallocUsed:       94276 kB
VmallocChunk:   251482716 kB


[2024-11-20 04:34:28]
MemTotal:        1858332 kB
MemFree:           33044 kB
Buffers:             296 kB
Cached:           190672 kB
SwapCached:        17740 kB
Active:          1002720 kB
Inactive:         362860 kB
Active(anon):     956164 kB
Inactive(anon):   318352 kB
Active(file):      46556 kB
Inactive(file):    44508 kB
Unevictable:       99496 kB
Mlocked:           94212 kB
SwapTotal:        520908 kB
SwapFree:         361312 kB
Dirty:                28 kB
Writeback:             0 kB
AnonPages:       1266228 kB
Mapped:           138580 kB
Shmem:               664 kB
Slab:              78300 kB
SReclaimable:      24800 kB
SUnreclaim:        53500 kB
KernelStack:       15040 kB
PageTables:        16924 kB
NFS_Unstable:          0 kB
Bounce:                0 kB
WritebackTmp:          0 kB
CommitLimit:     1450072 kB
Committed_AS:   26043988 kB
VmallocTotal:   251658176 kB
VmallocUsed:       96316 kB
VmallocChunk:   251482716 kB


[2024-11-20 04:34:31]
MemTotal:        1858332 kB
MemFree:           38792 kB
Buffers:             304 kB
Cached:           194860 kB
SwapCached:        17740 kB
Active:           997568 kB
Inactive:         364652 kB
Active(anon):     949632 kB
Inactive(anon):   317456 kB
Active(file):      47936 kB
Inactive(file):    47196 kB
Unevictable:       99496 kB
Mlocked:           94212 kB
SwapTotal:        520908 kB
SwapFree:         361328 kB
Dirty:                28 kB
Writeback:             0 kB
AnonPages:       1265248 kB
Mapped:           137556 kB
Shmem:               664 kB
Slab:              78300 kB
SReclaimable:      24800 kB
SUnreclaim:        53500 kB
KernelStack:       14800 kB
PageTables:        15532 kB
NFS_Unstable:          0 kB
Bounce:                0 kB
WritebackTmp:          0 kB
CommitLimit:     1450072 kB
Committed_AS:   20282236 kB
VmallocTotal:   251658176 kB
VmallocUsed:       93256 kB
VmallocChunk:   251482716 kB


[2024-11-20 04:34:33]
MemTotal:        1858332 kB
MemFree:           38000 kB
Buffers:             312 kB
Cached:           194844 kB
SwapCached:        17740 kB
Active:           998188 kB
Inactive:         364772 kB
Active(anon):     950252 kB
Inactive(anon):   317456 kB
Active(file):      47936 kB
Inactive(file):    47316 kB
Unevictable:       99496 kB
Mlocked:           94212 kB
SwapTotal:        520908 kB
SwapFree:         361328 kB
Dirty:                28 kB
Writeback:             0 kB
AnonPages:       1265648 kB
Mapped:           137556 kB
Shmem:               664 kB
Slab:              78300 kB
SReclaimable:      24800 kB
SUnreclaim:        53500 kB
KernelStack:       14832 kB
PageTables:        15548 kB
NFS_Unstable:          0 kB
Bounce:                0 kB
WritebackTmp:          0 kB
CommitLimit:     1450072 kB
Committed_AS:   20282412 kB
VmallocTotal:   251658176 kB
VmallocUsed:       93256 kB
VmallocChunk:   251482716 kB


[2024-11-20 04:34:36]
MemTotal:        1858332 kB
MemFree:           37756 kB
Buffers:             312 kB
Cached:           194844 kB
SwapCached:        17740 kB
Active:           998488 kB
Inactive:         364772 kB
Active(anon):     950552 kB
Inactive(anon):   317456 kB
Active(file):      47936 kB
Inactive(file):    47316 kB
Unevictable:       99496 kB
Mlocked:           94212 kB
SwapTotal:        520908 kB
SwapFree:         361328 kB
Dirty:                28 kB
Writeback:             0 kB
AnonPages:       1266032 kB
Mapped:           137852 kB
Shmem:               664 kB
Slab:              78300 kB
SReclaimable:      24800 kB
SUnreclaim:        53500 kB
KernelStack:       14832 kB
PageTables:        15564 kB
NFS_Unstable:          0 kB
Bounce:                0 kB
WritebackTmp:          0 kB
CommitLimit:     1450072 kB
Committed_AS:   20282388 kB
VmallocTotal:   251658176 kB
VmallocUsed:       93256 kB
VmallocChunk:   251482716 kB


[2024-11-20 04:34:39]
MemTotal:        1858332 kB
MemFree:           41828 kB
Buffers:             312 kB
Cached:           194844 kB
SwapCached:        17740 kB
Active:           994536 kB
Inactive:         364712 kB
Active(anon):     946540 kB
Inactive(anon):   317456 kB
Active(file):      47996 kB
Inactive(file):    47256 kB
Unevictable:       99496 kB
Mlocked:           94212 kB
SwapTotal:        520908 kB
SwapFree:         361332 kB
Dirty:                 0 kB
Writeback:             0 kB
AnonPages:       1262192 kB
Mapped:           136992 kB
Shmem:               664 kB
Slab:              78300 kB
SReclaimable:      24800 kB
SUnreclaim:        53500 kB
KernelStack:       14800 kB
PageTables:        15520 kB
NFS_Unstable:          0 kB
Bounce:                0 kB
WritebackTmp:          0 kB
CommitLimit:     1450072 kB
Committed_AS:   20282352 kB
VmallocTotal:   251658176 kB
VmallocUsed:       93256 kB
VmallocChunk:   251482716 kB


[2024-11-20 04:34:41]
MemTotal:        1858332 kB
MemFree:           39240 kB
Buffers:             312 kB
Cached:           198064 kB
SwapCached:        17740 kB
Active:           994648 kB
Inactive:         367420 kB
Active(anon):     946644 kB
Inactive(anon):   316952 kB
Active(file):      48004 kB
Inactive(file):    50468 kB
Unevictable:       99496 kB
Mlocked:           94212 kB
SwapTotal:        520908 kB
SwapFree:         361332 kB
Dirty:                 0 kB
Writeback:             0 kB
AnonPages:       1261564 kB
Mapped:           136888 kB
Shmem:               664 kB
Slab:              78300 kB
SReclaimable:      24800 kB
SUnreclaim:        53500 kB
KernelStack:       14848 kB
PageTables:        15564 kB
NFS_Unstable:          0 kB
Bounce:                0 kB
WritebackTmp:          0 kB
CommitLimit:     1450072 kB
Committed_AS:   20290488 kB
VmallocTotal:   251658176 kB
VmallocUsed:       93256 kB
VmallocChunk:   251482716 kB


[2024-11-20 04:34:44]
MemTotal:        1858332 kB
MemFree:           38364 kB
Buffers:             312 kB
Cached:           198064 kB
SwapCached:        17740 kB
Active:           995760 kB
Inactive:         367388 kB
Active(anon):     947756 kB
Inactive(anon):   316920 kB
Active(file):      48004 kB
Inactive(file):    50468 kB
Unevictable:       99496 kB
Mlocked:           94212 kB
SwapTotal:        520908 kB
SwapFree:         361336 kB
Dirty:                 0 kB
Writeback:             0 kB
AnonPages:       1262692 kB
Mapped:           137168 kB
Shmem:               664 kB
Slab:              78300 kB
SReclaimable:      24800 kB
SUnreclaim:        53500 kB
KernelStack:       14816 kB
PageTables:        15528 kB
NFS_Unstable:          0 kB
Bounce:                0 kB
WritebackTmp:          0 kB
CommitLimit:     1450072 kB
Committed_AS:   20290436 kB
VmallocTotal:   251658176 kB
VmallocUsed:       93256 kB
VmallocChunk:   251482716 kB


[2024-11-20 04:34:46]
MemTotal:        1858332 kB
MemFree:           38516 kB
Buffers:             312 kB
Cached:           198064 kB
SwapCached:        17740 kB
Active:           995792 kB
Inactive:         367344 kB
Active(anon):     947788 kB
Inactive(anon):   316876 kB
Active(file):      48004 kB
Inactive(file):    50468 kB
Unevictable:       99496 kB
Mlocked:           94212 kB
SwapTotal:        520908 kB
SwapFree:         361336 kB
Dirty:                 0 kB
Writeback:             0 kB
AnonPages:       1262636 kB
Mapped:           137168 kB
Shmem:               664 kB
Slab:              78300 kB
SReclaimable:      24800 kB
SUnreclaim:        53500 kB
KernelStack:       14816 kB
PageTables:        15528 kB
NFS_Unstable:          0 kB
Bounce:                0 kB
WritebackTmp:          0 kB
CommitLimit:     1450072 kB
Committed_AS:   20290616 kB
VmallocTotal:   251658176 kB
VmallocUsed:       93256 kB
VmallocChunk:   251482716 kB


[2024-11-20 04:34:49]
MemTotal:        1858332 kB
MemFree:           37764 kB
Buffers:             312 kB
Cached:           198064 kB
SwapCached:        17740 kB
Active:           996212 kB
Inactive:         367344 kB
Active(anon):     948208 kB
Inactive(anon):   316876 kB
Active(file):      48004 kB
Inactive(file):    50468 kB
Unevictable:       99496 kB
Mlocked:           94212 kB
SwapTotal:        520908 kB
SwapFree:         361336 kB
Dirty:                 0 kB
Writeback:             0 kB
AnonPages:       1263096 kB
Mapped:           137124 kB
Shmem:               664 kB
Slab:              78300 kB
SReclaimable:      24800 kB
SUnreclaim:        53500 kB
KernelStack:       14848 kB
PageTables:        15568 kB
NFS_Unstable:          0 kB
Bounce:                0 kB
WritebackTmp:          0 kB
CommitLimit:     1450072 kB
Committed_AS:   20290516 kB
VmallocTotal:   251658176 kB
VmallocUsed:       93256 kB
VmallocChunk:   251482716 kB


[2024-11-20 04:34:52]
MemTotal:        1858332 kB
MemFree:           37508 kB
Buffers:             312 kB
Cached:           198064 kB
SwapCached:        17740 kB
Active:           996172 kB
Inactive:         367340 kB
Active(anon):     948168 kB
Inactive(anon):   316872 kB
Active(file):      48004 kB
Inactive(file):    50468 kB
Unevictable:       99496 kB
Mlocked:           94212 kB
SwapTotal:        520908 kB
SwapFree:         361336 kB
Dirty:                 0 kB
Writeback:             0 kB
AnonPages:       1263128 kB
Mapped:           136984 kB
Shmem:               664 kB
Slab:              78300 kB
SReclaimable:      24800 kB
SUnreclaim:        53500 kB
KernelStack:       14816 kB
PageTables:        15528 kB
NFS_Unstable:          0 kB
Bounce:                0 kB
WritebackTmp:          0 kB
CommitLimit:     1450072 kB
Committed_AS:   20290540 kB
VmallocTotal:   251658176 kB
VmallocUsed:       93256 kB
VmallocChunk:   251482716 kB


[2024-11-20 04:34:54]
MemTotal:        1858332 kB
MemFree:           36968 kB
Buffers:             312 kB
Cached:           198064 kB
SwapCached:        17740 kB
Active:           996352 kB
Inactive:         367340 kB
Active(anon):     948348 kB
Inactive(anon):   316872 kB
Active(file):      48004 kB
Inactive(file):    50468 kB
Unevictable:       99496 kB
Mlocked:           94212 kB
SwapTotal:        520908 kB
SwapFree:         361336 kB
Dirty:                 0 kB
Writeback:             0 kB
AnonPages:       1263268 kB
Mapped:           137100 kB
Shmem:               664 kB
Slab:              78300 kB
SReclaimable:      24800 kB
SUnreclaim:        53500 kB
KernelStack:       14848 kB
PageTables:        15556 kB
NFS_Unstable:          0 kB
Bounce:                0 kB
WritebackTmp:          0 kB
CommitLimit:     1450072 kB
Committed_AS:   20290372 kB
VmallocTotal:   251658176 kB
VmallocUsed:       93256 kB
VmallocChunk:   251482716 kB


[2024-11-20 04:34:57]
MemTotal:        1858332 kB
MemFree:           36068 kB
Buffers:             312 kB
Cached:           198064 kB
SwapCached:        17740 kB
Active:           997156 kB
Inactive:         367144 kB
Active(anon):     949152 kB
Inactive(anon):   316676 kB
Active(file):      48004 kB
Inactive(file):    50468 kB
Unevictable:       99496 kB
Mlocked:           94212 kB
SwapTotal:        520908 kB
SwapFree:         361340 kB
Dirty:                 0 kB
Writeback:             0 kB
AnonPages:       1264096 kB
Mapped:           136984 kB
Shmem:               664 kB
Slab:              78508 kB
SReclaimable:      25008 kB
SUnreclaim:        53500 kB
KernelStack:       14816 kB
PageTables:        15528 kB
NFS_Unstable:          0 kB
Bounce:                0 kB
WritebackTmp:          0 kB
CommitLimit:     1450072 kB
Committed_AS:   20290476 kB
VmallocTotal:   251658176 kB
VmallocUsed:       93256 kB
VmallocChunk:   251482716 kB


[2024-11-20 04:34:59]
MemTotal:        1858332 kB
MemFree:           36104 kB
Buffers:             312 kB
Cached:           198064 kB
SwapCached:        17740 kB
Active:           997440 kB
Inactive:         367144 kB
Active(anon):     949436 kB
Inactive(anon):   316676 kB
Active(file):      48004 kB
Inactive(file):    50468 kB
Unevictable:       99496 kB
Mlocked:           94212 kB
SwapTotal:        520908 kB
SwapFree:         361340 kB
Dirty:                 0 kB
Writeback:             0 kB
AnonPages:       1264060 kB
Mapped:           136892 kB
Shmem:               664 kB
Slab:              78524 kB
SReclaimable:      25024 kB
SUnreclaim:        53500 kB
KernelStack:       14848 kB
PageTables:        15552 kB
NFS_Unstable:          0 kB
Bounce:                0 kB
WritebackTmp:          0 kB
CommitLimit:     1450072 kB
Committed_AS:   20290556 kB
VmallocTotal:   251658176 kB
VmallocUsed:       93256 kB
VmallocChunk:   251482716 kB


[2024-11-20 04:35:02]
MemTotal:        1858332 kB
MemFree:           35504 kB
Buffers:             312 kB
Cached:           198064 kB
SwapCached:        17740 kB
Active:           997728 kB
Inactive:         367144 kB
Active(anon):     949724 kB
Inactive(anon):   316676 kB
Active(file):      48004 kB
Inactive(file):    50468 kB
Unevictable:       99496 kB
Mlocked:           94212 kB
SwapTotal:        520908 kB
SwapFree:         361340 kB
Dirty:                 0 kB
Writeback:             0 kB
AnonPages:       1264556 kB
Mapped:           136984 kB
Shmem:               664 kB
Slab:              78524 kB
SReclaimable:      25024 kB
SUnreclaim:        53500 kB
KernelStack:       14816 kB
PageTables:        15528 kB
NFS_Unstable:          0 kB
Bounce:                0 kB
WritebackTmp:          0 kB
CommitLimit:     1450072 kB
Committed_AS:   20290540 kB
VmallocTotal:   251658176 kB
VmallocUsed:       93256 kB
VmallocChunk:   251482716 kB


[2024-11-20 04:35:04]
MemTotal:        1858332 kB
MemFree:           35236 kB
Buffers:             312 kB
Cached:           198064 kB
SwapCached:        17740 kB
Active:           997656 kB
Inactive:         367144 kB
Active(anon):     949652 kB
Inactive(anon):   316676 kB
Active(file):      48004 kB
Inactive(file):    50468 kB
Unevictable:       99496 kB
Mlocked:           94212 kB
SwapTotal:        520908 kB
SwapFree:         361340 kB
Dirty:                 0 kB
Writeback:             0 kB
AnonPages:       1264260 kB
Mapped:           136888 kB
Shmem:               664 kB
Slab:              78524 kB
SReclaimable:      25024 kB
SUnreclaim:        53500 kB
KernelStack:       14848 kB
PageTables:        15548 kB
NFS_Unstable:          0 kB
Bounce:                0 kB
WritebackTmp:          0 kB
CommitLimit:     1450072 kB
Committed_AS:   20290468 kB
VmallocTotal:   251658176 kB
VmallocUsed:       93256 kB
VmallocChunk:   251482716 kB


[2024-11-20 04:35:07]
MemTotal:        1858332 kB
MemFree:           35084 kB
Buffers:             312 kB
Cached:           198064 kB
SwapCached:        17740 kB
Active:           998012 kB
Inactive:         367144 kB
Active(anon):     950008 kB
Inactive(anon):   316676 kB
Active(file):      48004 kB
Inactive(file):    50468 kB
Unevictable:       99496 kB
Mlocked:           94212 kB
SwapTotal:        520908 kB
SwapFree:         361340 kB
Dirty:                 0 kB
Writeback:             0 kB
AnonPages:       1264768 kB
Mapped:           136984 kB
Shmem:               664 kB
Slab:              78524 kB
SReclaimable:      25024 kB
SUnreclaim:        53500 kB
KernelStack:       14816 kB
PageTables:        15528 kB
NFS_Unstable:          0 kB
Bounce:                0 kB
WritebackTmp:          0 kB
CommitLimit:     1450072 kB
Committed_AS:   20290348 kB
VmallocTotal:   251658176 kB
VmallocUsed:       93256 kB
VmallocChunk:   251482716 kB


[2024-11-20 04:35:09]
MemTotal:        1858332 kB
MemFree:           33536 kB
Buffers:             352 kB
Cached:           199620 kB
SwapCached:        17960 kB
Active:          1000808 kB
Inactive:         366556 kB
Active(anon):     952748 kB
Inactive(anon):   314600 kB
Active(file):      48060 kB
Inactive(file):    51956 kB
Unevictable:       99496 kB
Mlocked:           94212 kB
SwapTotal:        520908 kB
SwapFree:         361576 kB
Dirty:                 0 kB
Writeback:             0 kB
AnonPages:       1265308 kB
Mapped:           137588 kB
Shmem:               716 kB
Slab:              78524 kB
SReclaimable:      25024 kB
SUnreclaim:        53500 kB
KernelStack:       14848 kB
PageTables:        15548 kB
NFS_Unstable:          0 kB
Bounce:                0 kB
WritebackTmp:          0 kB
CommitLimit:     1450072 kB
Committed_AS:   20290432 kB
VmallocTotal:   251658176 kB
VmallocUsed:       93256 kB
VmallocChunk:   251482716 kB


[2024-11-20 04:35:12]
MemTotal:        1858332 kB
MemFree:           34092 kB
Buffers:             352 kB
Cached:           191660 kB
SwapCached:        17960 kB
Active:          1002168 kB
Inactive:         364928 kB
Active(anon):     956244 kB
Inactive(anon):   318840 kB
Active(file):      45924 kB
Inactive(file):    46088 kB
Unevictable:       99496 kB
Mlocked:           94212 kB
SwapTotal:        520908 kB
SwapFree:         361568 kB
Dirty:                 0 kB
Writeback:             0 kB
AnonPages:       1272744 kB
Mapped:           137716 kB
Shmem:               716 kB
Slab:              78524 kB
SReclaimable:      25024 kB
SUnreclaim:        53500 kB
KernelStack:       14816 kB
PageTables:        15528 kB
NFS_Unstable:          0 kB
Bounce:                0 kB
WritebackTmp:          0 kB
CommitLimit:     1450072 kB
Committed_AS:   20290652 kB
VmallocTotal:   251658176 kB
VmallocUsed:       93256 kB
VmallocChunk:   251482716 kB


[2024-11-20 04:35:15]
MemTotal:        1858332 kB
MemFree:           34560 kB
Buffers:             352 kB
Cached:           191504 kB
SwapCached:        17960 kB
Active:          1001896 kB
Inactive:         364732 kB
Active(anon):     955972 kB
Inactive(anon):   318756 kB
Active(file):      45924 kB
Inactive(file):    45976 kB
Unevictable:       99496 kB
Mlocked:           94212 kB
SwapTotal:        520908 kB
SwapFree:         361568 kB
Dirty:                 0 kB
Writeback:             0 kB
AnonPages:       1272760 kB
Mapped:           137724 kB
Shmem:               716 kB
Slab:              78380 kB
SReclaimable:      24880 kB
SUnreclaim:        53500 kB
KernelStack:       14816 kB
PageTables:        15528 kB
NFS_Unstable:          0 kB
Bounce:                0 kB
WritebackTmp:          0 kB
CommitLimit:     1450072 kB
Committed_AS:   20290476 kB
VmallocTotal:   251658176 kB
VmallocUsed:       93256 kB
VmallocChunk:   251482716 kB


[2024-11-20 04:35:17]
MemTotal:        1858332 kB
MemFree:           34068 kB
Buffers:             352 kB
Cached:           191504 kB
SwapCached:        17960 kB
Active:          1002768 kB
Inactive:         364732 kB
Active(anon):     956844 kB
Inactive(anon):   318756 kB
Active(file):      45924 kB
Inactive(file):    45976 kB
Unevictable:       99496 kB
Mlocked:           94212 kB
SwapTotal:        520908 kB
SwapFree:         361568 kB
Dirty:                 0 kB
Writeback:             0 kB
AnonPages:       1273528 kB
Mapped:           137724 kB
Shmem:               716 kB
Slab:              78380 kB
SReclaimable:      24880 kB
SUnreclaim:        53500 kB
KernelStack:       14816 kB
PageTables:        15528 kB
NFS_Unstable:          0 kB
Bounce:                0 kB
WritebackTmp:          0 kB
CommitLimit:     1450072 kB
Committed_AS:   20290668 kB
VmallocTotal:   251658176 kB
VmallocUsed:       93256 kB
VmallocChunk:   251482716 kB


[2024-11-20 04:35:19]
MemTotal:        1858332 kB
MemFree:           32948 kB
Buffers:             352 kB
Cached:           192240 kB
SwapCached:        17960 kB
Active:          1003384 kB
Inactive:         365480 kB
Active(anon):     957460 kB
Inactive(anon):   318760 kB
Active(file):      45924 kB
Inactive(file):    46720 kB
Unevictable:       99496 kB
Mlocked:           94212 kB
SwapTotal:        520908 kB
SwapFree:         361572 kB
Dirty:                 0 kB
Writeback:             0 kB
AnonPages:       1274200 kB
Mapped:           137908 kB
Shmem:               716 kB
Slab:              78380 kB
SReclaimable:      24880 kB
SUnreclaim:        53500 kB
KernelStack:       14816 kB
PageTables:        15528 kB
NFS_Unstable:          0 kB
Bounce:                0 kB
WritebackTmp:          0 kB
CommitLimit:     1450072 kB
Committed_AS:   20290608 kB
VmallocTotal:   251658176 kB
VmallocUsed:       93256 kB
VmallocChunk:   251482716 kB


[2024-11-20 04:35:22]
MemTotal:        1858332 kB
MemFree:           32912 kB
Buffers:             352 kB
Cached:           192328 kB
SwapCached:        17960 kB
Active:          1004068 kB
Inactive:         365488 kB
Active(anon):     958144 kB
Inactive(anon):   318688 kB
Active(file):      45924 kB
Inactive(file):    46800 kB
Unevictable:       99496 kB
Mlocked:           94212 kB
SwapTotal:        520908 kB
SwapFree:         361572 kB
Dirty:                 0 kB
Writeback:             0 kB
AnonPages:       1274780 kB
Mapped:           137848 kB
Shmem:               716 kB
Slab:              78380 kB
SReclaimable:      24880 kB
SUnreclaim:        53500 kB
KernelStack:       14848 kB
PageTables:        15556 kB
NFS_Unstable:          0 kB
Bounce:                0 kB
WritebackTmp:          0 kB
CommitLimit:     1450072 kB
Committed_AS:   20290408 kB
VmallocTotal:   251658176 kB
VmallocUsed:       93256 kB
VmallocChunk:   251482716 kB


[2024-11-20 04:35:24]
MemTotal:        1858332 kB
MemFree:           32524 kB
Buffers:             352 kB
Cached:           192328 kB
SwapCached:        17960 kB
Active:          1004008 kB
Inactive:         365488 kB
Active(anon):     958084 kB
Inactive(anon):   318688 kB
Active(file):      45924 kB
Inactive(file):    46800 kB
Unevictable:       99496 kB
Mlocked:           94212 kB
SwapTotal:        520908 kB
SwapFree:         361572 kB
Dirty:                 0 kB
Writeback:             0 kB
AnonPages:       1274692 kB
Mapped:           137824 kB
Shmem:               716 kB
Slab:              78380 kB
SReclaimable:      24880 kB
SUnreclaim:        53500 kB
KernelStack:       14816 kB
PageTables:        15528 kB
NFS_Unstable:          0 kB
Bounce:                0 kB
WritebackTmp:          0 kB
CommitLimit:     1450072 kB
Committed_AS:   20290612 kB
VmallocTotal:   251658176 kB
VmallocUsed:       93256 kB
VmallocChunk:   251482716 kB


[2024-11-20 04:35:27]
MemTotal:        1858332 kB
MemFree:           32036 kB
Buffers:             352 kB
Cached:           192144 kB
SwapCached:        17960 kB
Active:          1003816 kB
Inactive:         366020 kB
Active(anon):     957892 kB
Inactive(anon):   319360 kB
Active(file):      45924 kB
Inactive(file):    46660 kB
Unevictable:       99496 kB
Mlocked:           94212 kB
SwapTotal:        520908 kB
SwapFree:         361572 kB
Dirty:                 0 kB
Writeback:             0 kB
AnonPages:       1275072 kB
Mapped:           137848 kB
Shmem:               716 kB
Slab:              78380 kB
SReclaimable:      24880 kB
SUnreclaim:        53500 kB
KernelStack:       14848 kB
PageTables:        15560 kB
NFS_Unstable:          0 kB
Bounce:                0 kB
WritebackTmp:          0 kB
CommitLimit:     1450072 kB
Committed_AS:   20290544 kB
VmallocTotal:   251658176 kB
VmallocUsed:       93256 kB
VmallocChunk:   251482716 kB


[2024-11-20 04:35:30]
MemTotal:        1858332 kB
MemFree:           34204 kB
Buffers:             352 kB
Cached:           189988 kB
SwapCached:        17960 kB
Active:          1003660 kB
Inactive:         364532 kB
Active(anon):     958544 kB
Inactive(anon):   319324 kB
Active(file):      45116 kB
Inactive(file):    45208 kB
Unevictable:       99496 kB
Mlocked:           94212 kB
SwapTotal:        520908 kB
SwapFree:         361572 kB
Dirty:                 0 kB
Writeback:             0 kB
AnonPages:       1275948 kB
Mapped:           137824 kB
Shmem:               716 kB
Slab:              78380 kB
SReclaimable:      24880 kB
SUnreclaim:        53500 kB
KernelStack:       14816 kB
PageTables:        15528 kB
NFS_Unstable:          0 kB
Bounce:                0 kB
WritebackTmp:          0 kB
CommitLimit:     1450072 kB
Committed_AS:   20290580 kB
VmallocTotal:   251658176 kB
VmallocUsed:       93256 kB
VmallocChunk:   251482716 kB


[2024-11-20 04:35:32]
MemTotal:        1858332 kB
MemFree:           40556 kB
Buffers:             352 kB
Cached:           190060 kB
SwapCached:        17960 kB
Active:           997196 kB
Inactive:         364408 kB
Active(anon):     952080 kB
Inactive(anon):   319068 kB
Active(file):      45116 kB
Inactive(file):    45340 kB
Unevictable:       99496 kB
Mlocked:           94212 kB
SwapTotal:        520908 kB
SwapFree:         361592 kB
Dirty:                 0 kB
Writeback:             0 kB
AnonPages:       1269144 kB
Mapped:           137848 kB
Shmem:               716 kB
Slab:              78380 kB
SReclaimable:      24880 kB
SUnreclaim:        53500 kB
KernelStack:       14848 kB
PageTables:        15560 kB
NFS_Unstable:          0 kB
Bounce:                0 kB
WritebackTmp:          0 kB
CommitLimit:     1450072 kB
Committed_AS:   20290488 kB
VmallocTotal:   251658176 kB
VmallocUsed:       93256 kB
VmallocChunk:   251482716 kB


[2024-11-20 04:35:35]
MemTotal:        1858332 kB
MemFree:           40356 kB
Buffers:             352 kB
Cached:           190060 kB
SwapCached:        17960 kB
Active:           997172 kB
Inactive:         364408 kB
Active(anon):     952056 kB
Inactive(anon):   319068 kB
Active(file):      45116 kB
Inactive(file):    45340 kB
Unevictable:       99496 kB
Mlocked:           94212 kB
SwapTotal:        520908 kB
SwapFree:         361592 kB
Dirty:                 0 kB
Writeback:             0 kB
AnonPages:       1269020 kB
Mapped:           137640 kB
Shmem:               716 kB
Slab:              78380 kB
SReclaimable:      24880 kB
SUnreclaim:        53500 kB
KernelStack:       14816 kB
PageTables:        15528 kB
NFS_Unstable:          0 kB
Bounce:                0 kB
WritebackTmp:          0 kB
CommitLimit:     1450072 kB
Committed_AS:   20290604 kB
VmallocTotal:   251658176 kB
VmallocUsed:       93256 kB
VmallocChunk:   251482716 kB


[2024-11-20 04:35:37]
MemTotal:        1858332 kB
MemFree:           40332 kB
Buffers:             352 kB
Cached:           190060 kB
SwapCached:        17960 kB
Active:           997088 kB
Inactive:         364408 kB
Active(anon):     951972 kB
Inactive(anon):   319068 kB
Active(file):      45116 kB
Inactive(file):    45340 kB
Unevictable:       99496 kB
Mlocked:           94212 kB
SwapTotal:        520908 kB
SwapFree:         361592 kB
Dirty:                 0 kB
Writeback:             0 kB
AnonPages:       1268980 kB
Mapped:           137844 kB
Shmem:               716 kB
Slab:              78380 kB
SReclaimable:      24880 kB
SUnreclaim:        53500 kB
KernelStack:       14848 kB
PageTables:        15564 kB
NFS_Unstable:          0 kB
Bounce:                0 kB
WritebackTmp:          0 kB
CommitLimit:     1450072 kB
Committed_AS:   20290552 kB
VmallocTotal:   251658176 kB
VmallocUsed:       93256 kB
VmallocChunk:   251482716 kB


[2024-11-20 04:35:40]
MemTotal:        1858332 kB
MemFree:           40692 kB
Buffers:             352 kB
Cached:           190060 kB
SwapCached:        17960 kB
Active:           997224 kB
Inactive:         364408 kB
Active(anon):     952108 kB
Inactive(anon):   319068 kB
Active(file):      45116 kB
Inactive(file):    45340 kB
Unevictable:       99496 kB
Mlocked:           94212 kB
SwapTotal:        520908 kB
SwapFree:         361592 kB
Dirty:                 0 kB
Writeback:             0 kB
AnonPages:       1269372 kB
Mapped:           137640 kB
Shmem:               716 kB
Slab:              78380 kB
SReclaimable:      24880 kB
SUnreclaim:        53500 kB
KernelStack:       14816 kB
PageTables:        15528 kB
NFS_Unstable:          0 kB
Bounce:                0 kB
WritebackTmp:          0 kB
CommitLimit:     1450072 kB
Committed_AS:   20290556 kB
VmallocTotal:   251658176 kB
VmallocUsed:       93256 kB
VmallocChunk:   251482716 kB


[2024-11-20 04:35:42]
MemTotal:        1858332 kB
MemFree:           39844 kB
Buffers:             352 kB
Cached:           190060 kB
SwapCached:        17960 kB
Active:           997592 kB
Inactive:         364408 kB
Active(anon):     952476 kB
Inactive(anon):   319068 kB
Active(file):      45116 kB
Inactive(file):    45340 kB
Unevictable:       99496 kB
Mlocked:           94212 kB
SwapTotal:        520908 kB
SwapFree:         361592 kB
Dirty:                 0 kB
Writeback:             0 kB
AnonPages:       1269676 kB
Mapped:           137844 kB
Shmem:               716 kB
Slab:              78380 kB
SReclaimable:      24880 kB
SUnreclaim:        53500 kB
KernelStack:       14848 kB
PageTables:        15560 kB
NFS_Unstable:          0 kB
Bounce:                0 kB
WritebackTmp:          0 kB
CommitLimit:     1450072 kB
Committed_AS:   20290532 kB
VmallocTotal:   251658176 kB
VmallocUsed:       93256 kB
VmallocChunk:   251482716 kB


[2024-11-20 04:35:45]
MemTotal:        1858332 kB
MemFree:           39976 kB
Buffers:             352 kB
Cached:           190060 kB
SwapCached:        17960 kB
Active:           997744 kB
Inactive:         364408 kB
Active(anon):     952628 kB
Inactive(anon):   319068 kB
Active(file):      45116 kB
Inactive(file):    45340 kB
Unevictable:       99496 kB
Mlocked:           94212 kB
SwapTotal:        520908 kB
SwapFree:         361592 kB
Dirty:                 0 kB
Writeback:             0 kB
AnonPages:       1269712 kB
Mapped:           137824 kB
Shmem:               716 kB
Slab:              78380 kB
SReclaimable:      24880 kB
SUnreclaim:        53500 kB
KernelStack:       14816 kB
PageTables:        15528 kB
NFS_Unstable:          0 kB
Bounce:                0 kB
WritebackTmp:          0 kB
CommitLimit:     1450072 kB
Committed_AS:   20290660 kB
VmallocTotal:   251658176 kB
VmallocUsed:       93256 kB
VmallocChunk:   251482716 kB


[2024-11-20 04:35:47]
MemTotal:        1858332 kB
MemFree:           39256 kB
Buffers:             352 kB
Cached:           190060 kB
SwapCached:        17960 kB
Active:           998296 kB
Inactive:         364412 kB
Active(anon):     953180 kB
Inactive(anon):   319072 kB
Active(file):      45116 kB
Inactive(file):    45340 kB
Unevictable:       99496 kB
Mlocked:           94212 kB
SwapTotal:        520908 kB
SwapFree:         361596 kB
Dirty:                 0 kB
Writeback:             0 kB
AnonPages:       1270288 kB
Mapped:           137824 kB
Shmem:               716 kB
Slab:              78380 kB
SReclaimable:      24880 kB
SUnreclaim:        53500 kB
KernelStack:       14848 kB
PageTables:        15568 kB
NFS_Unstable:          0 kB
Bounce:                0 kB
WritebackTmp:          0 kB
CommitLimit:     1450072 kB
Committed_AS:   20290524 kB
VmallocTotal:   251658176 kB
VmallocUsed:       93256 kB
VmallocChunk:   251482716 kB


[2024-11-20 04:35:50]
MemTotal:        1858332 kB
MemFree:           39008 kB
Buffers:             352 kB
Cached:           190060 kB
SwapCached:        17960 kB
Active:           998888 kB
Inactive:         364416 kB
Active(anon):     953772 kB
Inactive(anon):   319076 kB
Active(file):      45116 kB
Inactive(file):    45340 kB
Unevictable:       99496 kB
Mlocked:           94212 kB
SwapTotal:        520908 kB
SwapFree:         361604 kB
Dirty:                 0 kB
Writeback:             0 kB
AnonPages:       1270728 kB
Mapped:           137848 kB
Shmem:               716 kB
Slab:              78540 kB
SReclaimable:      25040 kB
SUnreclaim:        53500 kB
KernelStack:       14864 kB
PageTables:        15560 kB
NFS_Unstable:          0 kB
Bounce:                0 kB
WritebackTmp:          0 kB
CommitLimit:     1450072 kB
Committed_AS:   20290424 kB
VmallocTotal:   251658176 kB
VmallocUsed:       93256 kB
VmallocChunk:   251482716 kB


[2024-11-20 04:35:52]
MemTotal:        1858332 kB
MemFree:           38792 kB
Buffers:             352 kB
Cached:           190060 kB
SwapCached:        17960 kB
Active:           998732 kB
Inactive:         364416 kB
Active(anon):     953616 kB
Inactive(anon):   319076 kB
Active(file):      45116 kB
Inactive(file):    45340 kB
Unevictable:       99496 kB
Mlocked:           94212 kB
SwapTotal:        520908 kB
SwapFree:         361604 kB
Dirty:                 0 kB
Writeback:             0 kB
AnonPages:       1270584 kB
Mapped:           137824 kB
Shmem:               716 kB
Slab:              78540 kB
SReclaimable:      25040 kB
SUnreclaim:        53500 kB
KernelStack:       14816 kB
PageTables:        15528 kB
NFS_Unstable:          0 kB
Bounce:                0 kB
WritebackTmp:          0 kB
CommitLimit:     1450072 kB
Committed_AS:   20290532 kB
VmallocTotal:   251658176 kB
VmallocUsed:       93256 kB
VmallocChunk:   251482716 kB


[2024-11-20 04:35:55]
MemTotal:        1858332 kB
MemFree:           38408 kB
Buffers:             352 kB
Cached:           190060 kB
SwapCached:        17960 kB
Active:           999312 kB
Inactive:         364416 kB
Active(anon):     954196 kB
Inactive(anon):   319076 kB
Active(file):      45116 kB
Inactive(file):    45340 kB
Unevictable:       99496 kB
Mlocked:           94212 kB
SwapTotal:        520908 kB
SwapFree:         361604 kB
Dirty:                 0 kB
Writeback:             0 kB
AnonPages:       1271260 kB
Mapped:           137824 kB
Shmem:               716 kB
Slab:              78540 kB
SReclaimable:      25040 kB
SUnreclaim:        53500 kB
KernelStack:       14816 kB
PageTables:        15528 kB
NFS_Unstable:          0 kB
Bounce:                0 kB
WritebackTmp:          0 kB
CommitLimit:     1450072 kB
Committed_AS:   20290476 kB
VmallocTotal:   251658176 kB
VmallocUsed:       93256 kB
VmallocChunk:   251482716 kB


[2024-11-20 04:35:57]
MemTotal:        1858332 kB
MemFree:           38344 kB
Buffers:             352 kB
Cached:           190060 kB
SwapCached:        17960 kB
Active:           999340 kB
Inactive:         364416 kB
Active(anon):     954224 kB
Inactive(anon):   319076 kB
Active(file):      45116 kB
Inactive(file):    45340 kB
Unevictable:       99496 kB
Mlocked:           94212 kB
SwapTotal:        520908 kB
SwapFree:         361604 kB
Dirty:                 0 kB
Writeback:             0 kB
AnonPages:       1271240 kB
Mapped:           137876 kB
Shmem:               716 kB
Slab:              78540 kB
SReclaimable:      25040 kB
SUnreclaim:        53500 kB
KernelStack:       14848 kB
PageTables:        15560 kB
NFS_Unstable:          0 kB
Bounce:                0 kB
WritebackTmp:          0 kB
CommitLimit:     1450072 kB
Committed_AS:   20290452 kB
VmallocTotal:   251658176 kB
VmallocUsed:       93256 kB
VmallocChunk:   251482716 kB


[2024-11-20 04:36:00]
MemTotal:        1858332 kB
MemFree:           37660 kB
Buffers:             352 kB
Cached:           190060 kB
SwapCached:        17960 kB
Active:           999600 kB
Inactive:         364416 kB
Active(anon):     954484 kB
Inactive(anon):   319076 kB
Active(file):      45116 kB
Inactive(file):    45340 kB
Unevictable:       99496 kB
Mlocked:           94212 kB
SwapTotal:        520908 kB
SwapFree:         361604 kB
Dirty:                 0 kB
Writeback:             0 kB
AnonPages:       1271620 kB
Mapped:           137828 kB
Shmem:               716 kB
Slab:              78540 kB
SReclaimable:      25040 kB
SUnreclaim:        53500 kB
KernelStack:       14816 kB
PageTables:        15528 kB
NFS_Unstable:          0 kB
Bounce:                0 kB
WritebackTmp:          0 kB
CommitLimit:     1450072 kB
Committed_AS:   20290452 kB
VmallocTotal:   251658176 kB
VmallocUsed:       93256 kB
VmallocChunk:   251482716 kB


[2024-11-20 04:36:02]
MemTotal:        1858332 kB
MemFree:           38096 kB
Buffers:             352 kB
Cached:           190060 kB
SwapCached:        17960 kB
Active:           999572 kB
Inactive:         364412 kB
Active(anon):     954456 kB
Inactive(anon):   319072 kB
Active(file):      45116 kB
Inactive(file):    45340 kB
Unevictable:       99496 kB
Mlocked:           94212 kB
SwapTotal:        520908 kB
SwapFree:         361604 kB
Dirty:                 0 kB
Writeback:             0 kB
AnonPages:       1271640 kB
Mapped:           137828 kB
Shmem:               716 kB
Slab:              78540 kB
SReclaimable:      25040 kB
SUnreclaim:        53500 kB
KernelStack:       14816 kB
PageTables:        15528 kB
NFS_Unstable:          0 kB
Bounce:                0 kB
WritebackTmp:          0 kB
CommitLimit:     1450072 kB
Committed_AS:   20290480 kB
VmallocTotal:   251658176 kB
VmallocUsed:       93256 kB
VmallocChunk:   251482716 kB


[2024-11-20 04:36:05]
MemTotal:        1858332 kB
MemFree:           37800 kB
Buffers:             352 kB
Cached:           190060 kB
SwapCached:        17960 kB
Active:           999968 kB
Inactive:         364416 kB
Active(anon):     954852 kB
Inactive(anon):   319076 kB
Active(file):      45116 kB
Inactive(file):    45340 kB
Unevictable:       99496 kB
Mlocked:           94212 kB
SwapTotal:        520908 kB
SwapFree:         361608 kB
Dirty:                 0 kB
Writeback:             0 kB
AnonPages:       1271736 kB
Mapped:           137852 kB
Shmem:               716 kB
Slab:              78540 kB
SReclaimable:      25040 kB
SUnreclaim:        53500 kB
KernelStack:       14848 kB
PageTables:        15556 kB
NFS_Unstable:          0 kB
Bounce:                0 kB
WritebackTmp:          0 kB
CommitLimit:     1450072 kB
Committed_AS:   20290488 kB
VmallocTotal:   251658176 kB
VmallocUsed:       93256 kB
VmallocChunk:   251482716 kB


[2024-11-20 04:36:08]
MemTotal:        1858332 kB
MemFree:           37868 kB
Buffers:             352 kB
Cached:           190060 kB
SwapCached:        17960 kB
Active:           999832 kB
Inactive:         364424 kB
Active(anon):     954716 kB
Inactive(anon):   319084 kB
Active(file):      45116 kB
Inactive(file):    45340 kB
Unevictable:       99496 kB
Mlocked:           94212 kB
SwapTotal:        520908 kB
SwapFree:         361616 kB
Dirty:                 0 kB
Writeback:             0 kB
AnonPages:       1271796 kB
Mapped:           137828 kB
Shmem:               716 kB
Slab:              78540 kB
SReclaimable:      25040 kB
SUnreclaim:        53500 kB
KernelStack:       14816 kB
PageTables:        15528 kB
NFS_Unstable:          0 kB
Bounce:                0 kB
WritebackTmp:          0 kB
CommitLimit:     1450072 kB
Committed_AS:   20290488 kB
VmallocTotal:   251658176 kB
VmallocUsed:       93256 kB
VmallocChunk:   251482716 kB


[2024-11-20 04:36:10]
MemTotal:        1858332 kB
MemFree:           37516 kB
Buffers:             352 kB
Cached:           190060 kB
SwapCached:        17960 kB
Active:          1000232 kB
Inactive:         364424 kB
Active(anon):     955116 kB
Inactive(anon):   319084 kB
Active(file):      45116 kB
Inactive(file):    45340 kB
Unevictable:       99496 kB
Mlocked:           94212 kB
SwapTotal:        520908 kB
SwapFree:         361616 kB
Dirty:                 0 kB
Writeback:             0 kB
AnonPages:       1272316 kB
Mapped:           137832 kB
Shmem:               716 kB
Slab:              78540 kB
SReclaimable:      25040 kB
SUnreclaim:        53500 kB
KernelStack:       14832 kB
PageTables:        15544 kB
NFS_Unstable:          0 kB
Bounce:                0 kB
WritebackTmp:          0 kB
CommitLimit:     1450072 kB
Committed_AS:   20290336 kB
VmallocTotal:   251658176 kB
VmallocUsed:       93256 kB
VmallocChunk:   251482716 kB


[2024-11-20 04:36:13]
MemTotal:        1858332 kB
MemFree:           36888 kB
Buffers:             352 kB
Cached:           190060 kB
SwapCached:        17960 kB
Active:          1000692 kB
Inactive:         364424 kB
Active(anon):     955576 kB
Inactive(anon):   319084 kB
Active(file):      45116 kB
Inactive(file):    45340 kB
Unevictable:       99496 kB
Mlocked:           94212 kB
SwapTotal:        520908 kB
SwapFree:         361616 kB
Dirty:                 0 kB
Writeback:             0 kB
AnonPages:       1272504 kB
Mapped:           137644 kB
Shmem:               716 kB
Slab:              78540 kB
SReclaimable:      25040 kB
SUnreclaim:        53500 kB
KernelStack:       14784 kB
PageTables:        15528 kB
NFS_Unstable:          0 kB
Bounce:                0 kB
WritebackTmp:          0 kB
CommitLimit:     1450072 kB
Committed_AS:   20290564 kB
VmallocTotal:   251658176 kB
VmallocUsed:       93256 kB
VmallocChunk:   251482716 kB


[2024-11-20 04:36:15]
MemTotal:        1858332 kB
MemFree:           37036 kB
Buffers:             352 kB
Cached:           190060 kB
SwapCached:        17960 kB
Active:          1000788 kB
Inactive:         364424 kB
Active(anon):     955672 kB
Inactive(anon):   319084 kB
Active(file):      45116 kB
Inactive(file):    45340 kB
Unevictable:       99496 kB
Mlocked:           94212 kB
SwapTotal:        520908 kB
SwapFree:         361616 kB
Dirty:                 0 kB
Writeback:             0 kB
AnonPages:       1272692 kB
Mapped:           137720 kB
Shmem:               716 kB
Slab:              78540 kB
SReclaimable:      25040 kB
SUnreclaim:        53500 kB
KernelStack:       14816 kB
PageTables:        15564 kB
NFS_Unstable:          0 kB
Bounce:                0 kB
WritebackTmp:          0 kB
CommitLimit:     1450072 kB
Committed_AS:   20290408 kB
VmallocTotal:   251658176 kB
VmallocUsed:       93256 kB
VmallocChunk:   251482716 kB


[2024-11-20 04:36:17]
MemTotal:        1858332 kB
MemFree:           37340 kB
Buffers:             352 kB
Cached:           190060 kB
SwapCached:        17960 kB
Active:          1000644 kB
Inactive:         364424 kB
Active(anon):     955528 kB
Inactive(anon):   319084 kB
Active(file):      45116 kB
Inactive(file):    45340 kB
Unevictable:       99496 kB
Mlocked:           94212 kB
SwapTotal:        520908 kB
SwapFree:         361616 kB
Dirty:                 0 kB
Writeback:             0 kB
AnonPages:       1272612 kB
Mapped:           137828 kB
Shmem:               716 kB
Slab:              78540 kB
SReclaimable:      25040 kB
SUnreclaim:        53500 kB
KernelStack:       14784 kB
PageTables:        15528 kB
NFS_Unstable:          0 kB
Bounce:                0 kB
WritebackTmp:          0 kB
CommitLimit:     1450072 kB
Committed_AS:   20282252 kB
VmallocTotal:   251658176 kB
VmallocUsed:       93256 kB
VmallocChunk:   251482716 kB


[2024-11-20 04:36:20]
MemTotal:        1858332 kB
MemFree:           33736 kB
Buffers:             352 kB
Cached:           191396 kB
SwapCached:        17960 kB
Active:          1003096 kB
Inactive:         365296 kB
Active(anon):     957980 kB
Inactive(anon):   318620 kB
Active(file):      45116 kB
Inactive(file):    46676 kB
Unevictable:       99496 kB
Mlocked:           94212 kB
SwapTotal:        520908 kB
SwapFree:         361616 kB
Dirty:                 0 kB
Writeback:             0 kB
AnonPages:       1274396 kB
Mapped:           138084 kB
Shmem:               716 kB
Slab:              78540 kB
SReclaimable:      25040 kB
SUnreclaim:        53500 kB
KernelStack:       14816 kB
PageTables:        15568 kB
NFS_Unstable:          0 kB
Bounce:                0 kB
WritebackTmp:          0 kB
CommitLimit:     1450072 kB
Committed_AS:   20292084 kB
VmallocTotal:   251658176 kB
VmallocUsed:       93256 kB
VmallocChunk:   251482716 kB


[2024-11-20 04:36:22]
MemTotal:        1858332 kB
MemFree:           33704 kB
Buffers:             352 kB
Cached:           191396 kB
SwapCached:        17960 kB
Active:          1003000 kB
Inactive:         365292 kB
Active(anon):     957884 kB
Inactive(anon):   318616 kB
Active(file):      45116 kB
Inactive(file):    46676 kB
Unevictable:       99496 kB
Mlocked:           94212 kB
SwapTotal:        520908 kB
SwapFree:         361616 kB
Dirty:                 0 kB
Writeback:             0 kB
AnonPages:       1274540 kB
Mapped:           138060 kB
Shmem:               716 kB
Slab:              78540 kB
SReclaimable:      25040 kB
SUnreclaim:        53500 kB
KernelStack:       14784 kB
PageTables:        15536 kB
NFS_Unstable:          0 kB
Bounce:                0 kB
WritebackTmp:          0 kB
CommitLimit:     1450072 kB
Committed_AS:   20292032 kB
VmallocTotal:   251658176 kB
VmallocUsed:       93256 kB
VmallocChunk:   251482716 kB


[2024-11-20 04:36:25]
MemTotal:        1858332 kB
MemFree:           32688 kB
Buffers:             352 kB
Cached:           191756 kB
SwapCached:        17960 kB
Active:          1003236 kB
Inactive:         365652 kB
Active(anon):     958120 kB
Inactive(anon):   318616 kB
Active(file):      45116 kB
Inactive(file):    47036 kB
Unevictable:       99496 kB
Mlocked:           94212 kB
SwapTotal:        520908 kB
SwapFree:         361616 kB
Dirty:                 0 kB
Writeback:             0 kB
AnonPages:       1274688 kB
Mapped:           138116 kB
Shmem:               716 kB
Slab:              78540 kB
SReclaimable:      25040 kB
SUnreclaim:        53500 kB
KernelStack:       14832 kB
PageTables:        15568 kB
NFS_Unstable:          0 kB
Bounce:                0 kB
WritebackTmp:          0 kB
CommitLimit:     1450072 kB
Committed_AS:   20291936 kB
VmallocTotal:   251658176 kB
VmallocUsed:       93256 kB
VmallocChunk:   251482716 kB


[2024-11-20 04:36:28]
MemTotal:        1858332 kB
MemFree:           32588 kB
Buffers:             352 kB
Cached:           191756 kB
SwapCached:        17960 kB
Active:          1003260 kB
Inactive:         365652 kB
Active(anon):     958144 kB
Inactive(anon):   318616 kB
Active(file):      45116 kB
Inactive(file):    47036 kB
Unevictable:       99496 kB
Mlocked:           94212 kB
SwapTotal:        520908 kB
SwapFree:         361616 kB
Dirty:                 0 kB
Writeback:             0 kB
AnonPages:       1274984 kB
Mapped:           138068 kB
Shmem:               716 kB
Slab:              78540 kB
SReclaimable:      25040 kB
SUnreclaim:        53500 kB
KernelStack:       14800 kB
PageTables:        15536 kB
NFS_Unstable:          0 kB
Bounce:                0 kB
WritebackTmp:          0 kB
CommitLimit:     1450072 kB
Committed_AS:   20291936 kB
VmallocTotal:   251658176 kB
VmallocUsed:       93256 kB
VmallocChunk:   251482716 kB


[2024-11-20 04:36:30]
MemTotal:        1858332 kB
MemFree:           32192 kB
Buffers:             352 kB
Cached:           191756 kB
SwapCached:        17960 kB
Active:          1003796 kB
Inactive:         365652 kB
Active(anon):     958680 kB
Inactive(anon):   318616 kB
Active(file):      45116 kB
Inactive(file):    47036 kB
Unevictable:       99496 kB
Mlocked:           94212 kB
SwapTotal:        520908 kB
SwapFree:         361616 kB
Dirty:                 0 kB
Writeback:             0 kB
AnonPages:       1275048 kB
Mapped:           138088 kB
Shmem:               716 kB
Slab:              78540 kB
SReclaimable:      25040 kB
SUnreclaim:        53500 kB
KernelStack:       14832 kB
PageTables:        15572 kB
NFS_Unstable:          0 kB
Bounce:                0 kB
WritebackTmp:          0 kB
CommitLimit:     1450072 kB
Committed_AS:   20292088 kB
VmallocTotal:   251658176 kB
VmallocUsed:       93256 kB
VmallocChunk:   251482716 kB


[2024-11-20 04:36:33]
MemTotal:        1858332 kB
MemFree:           34696 kB
Buffers:             348 kB
Cached:           189244 kB
SwapCached:        17900 kB
Active:          1002736 kB
Inactive:         364192 kB
Active(anon):     957972 kB
Inactive(anon):   319308 kB
Active(file):      44764 kB
Inactive(file):    44884 kB
Unevictable:       99496 kB
Mlocked:           94212 kB
SwapTotal:        520908 kB
SwapFree:         361612 kB
Dirty:                 0 kB
Writeback:             0 kB
AnonPages:       1275332 kB
Mapped:           138072 kB
Shmem:               716 kB
Slab:              78540 kB
SReclaimable:      25040 kB
SUnreclaim:        53500 kB
KernelStack:       14816 kB
PageTables:        15536 kB
NFS_Unstable:          0 kB
Bounce:                0 kB
WritebackTmp:          0 kB
CommitLimit:     1450072 kB
Committed_AS:   20283916 kB
VmallocTotal:   251658176 kB
VmallocUsed:       93256 kB
VmallocChunk:   251482716 kB


[2024-11-20 04:36:36]
MemTotal:        1858332 kB
MemFree:           34692 kB
Buffers:             348 kB
Cached:           189212 kB
SwapCached:        17900 kB
Active:          1002956 kB
Inactive:         364096 kB
Active(anon):     958192 kB
