[2024-11-20 04:53:18]
MemTotal:        1858332 kB
MemFree:         1075756 kB
Buffers:             596 kB
Cached:           284364 kB
SwapCached:        16968 kB
Active:           110716 kB
Inactive:         196208 kB
Active(anon):      73928 kB
Inactive(anon):    47788 kB
Active(file):      36788 kB
Inactive(file):   148420 kB
Unevictable:       99496 kB
Mlocked:           94212 kB
SwapTotal:        520908 kB
SwapFree:         359648 kB
Dirty:                 0 kB
Writeback:             0 kB
AnonPages:        120360 kB
Mapped:           143228 kB
Shmem:               516 kB
Slab:              78576 kB
SReclaimable:      24888 kB
SUnreclaim:        53688 kB
KernelStack:       14864 kB
PageTables:        14316 kB
NFS_Unstable:          0 kB
Bounce:                0 kB
WritebackTmp:          0 kB
CommitLimit:     1450072 kB
Committed_AS:   22194528 kB
VmallocTotal:   251658176 kB
VmallocUsed:       96504 kB
VmallocChunk:   251482716 kB


[2024-11-20 04:53:18]
MemTotal:        1858332 kB
MemFree:         1075968 kB
Buffers:             596 kB
Cached:           284364 kB
SwapCached:        16968 kB
Active:           110768 kB
Inactive:         196212 kB
Active(anon):      73980 kB
Inactive(anon):    47792 kB
Active(file):      36788 kB
Inactive(file):   148420 kB
Unevictable:       99496 kB
Mlocked:           94212 kB
SwapTotal:        520908 kB
SwapFree:         359648 kB
Dirty:                 0 kB
Writeback:             0 kB
AnonPages:        120412 kB
Mapped:           143228 kB
Shmem:               516 kB
Slab:              78576 kB
SReclaimable:      24888 kB
SUnreclaim:        53688 kB
KernelStack:       14864 kB
PageTables:        14316 kB
NFS_Unstable:          0 kB
Bounce:                0 kB
WritebackTmp:          0 kB
CommitLimit:     1450072 kB
Committed_AS:   22194544 kB
VmallocTotal:   251658176 kB
VmallocUsed:       96504 kB
VmallocChunk:   251482716 kB


[2024-11-20 04:53:18]
MemTotal:        1858332 kB
MemFree:         1075820 kB
Buffers:             596 kB
Cached:           284432 kB
SwapCached:        16992 kB
Active:           110732 kB
Inactive:         196256 kB
Active(anon):      73944 kB
Inactive(anon):    47768 kB
Active(file):      36788 kB
Inactive(file):   148488 kB
Unevictable:       99496 kB
Mlocked:           94212 kB
SwapTotal:        520908 kB
SwapFree:         359648 kB
Dirty:                 0 kB
Writeback:             0 kB
AnonPages:        120364 kB
Mapped:           143248 kB
Shmem:               516 kB
Slab:              78576 kB
SReclaimable:      24888 kB
SUnreclaim:        53688 kB
KernelStack:       14880 kB
PageTables:        14356 kB
NFS_Unstable:          0 kB
Bounce:                0 kB
WritebackTmp:          0 kB
CommitLimit:     1450072 kB
Committed_AS:   22194640 kB
VmallocTotal:   251658176 kB
VmallocUsed:       96504 kB
VmallocChunk:   251482716 kB


[2024-11-20 04:53:18]
MemTotal:        1858332 kB
MemFree:         1075544 kB
Buffers:             596 kB
Cached:           284432 kB
SwapCached:        16992 kB
Active:           111084 kB
Inactive:         196204 kB
Active(anon):      74296 kB
Inactive(anon):    47716 kB
Active(file):      36788 kB
Inactive(file):   148488 kB
Unevictable:       99496 kB
Mlocked:           94212 kB
SwapTotal:        520908 kB
SwapFree:         359648 kB
Dirty:                 0 kB
Writeback:             0 kB
AnonPages:        120664 kB
Mapped:           143268 kB
Shmem:               516 kB
Slab:              78576 kB
SReclaimable:      24888 kB
SUnreclaim:        53688 kB
KernelStack:       14864 kB
PageTables:        14332 kB
NFS_Unstable:          0 kB
Bounce:                0 kB
WritebackTmp:          0 kB
CommitLimit:     1450072 kB
Committed_AS:   22194588 kB
VmallocTotal:   251658176 kB
VmallocUsed:       96504 kB
VmallocChunk:   251482716 kB


[2024-11-20 04:53:18]
MemTotal:        1858332 kB
MemFree:         1075708 kB
Buffers:             596 kB
Cached:           284432 kB
SwapCached:        16992 kB
Active:           110960 kB
Inactive:         196204 kB
Active(anon):      74172 kB
Inactive(anon):    47716 kB
Active(file):      36788 kB
Inactive(file):   148488 kB
Unevictable:       99496 kB
Mlocked:           94212 kB
SwapTotal:        520908 kB
SwapFree:         359648 kB
Dirty:                 0 kB
Writeback:             0 kB
AnonPages:        120436 kB
Mapped:           143260 kB
Shmem:               516 kB
Slab:              78576 kB
SReclaimable:      24888 kB
SUnreclaim:        53688 kB
KernelStack:       14832 kB
PageTables:        14316 kB
NFS_Unstable:          0 kB
Bounce:                0 kB
WritebackTmp:          0 kB
CommitLimit:     1450072 kB
Committed_AS:   22194432 kB
VmallocTotal:   251658176 kB
VmallocUsed:       96504 kB
VmallocChunk:   251482716 kB


[2024-11-20 04:53:18]
MemTotal:        1858332 kB
MemFree:         1071020 kB
Buffers:             596 kB
Cached:           288060 kB
SwapCached:        17000 kB
Active:           111564 kB
Inactive:         199912 kB
Active(anon):      74776 kB
Inactive(anon):    47772 kB
Active(file):      36788 kB
Inactive(file):   152140 kB
Unevictable:       99496 kB
Mlocked:           94212 kB
SwapTotal:        520908 kB
SwapFree:         359672 kB
Dirty:                 0 kB
Writeback:             0 kB
AnonPages:        121064 kB
Mapped:           143964 kB
Shmem:               516 kB
Slab:              78888 kB
SReclaimable:      25192 kB
SUnreclaim:        53696 kB
KernelStack:       14832 kB
PageTables:        14316 kB
NFS_Unstable:          0 kB
Bounce:                0 kB
WritebackTmp:          0 kB
CommitLimit:     1450072 kB
Committed_AS:   22194516 kB
VmallocTotal:   251658176 kB
VmallocUsed:       96504 kB
VmallocChunk:   251482716 kB


[2024-11-20 04:53:18]
MemTotal:        1858332 kB
MemFree:         1070924 kB
Buffers:             596 kB
Cached:           288060 kB
SwapCached:        17000 kB
Active:           111572 kB
Inactive:         199908 kB
Active(anon):      74784 kB
Inactive(anon):    47768 kB
Active(file):      36788 kB
Inactive(file):   152140 kB
Unevictable:       99496 kB
Mlocked:           94212 kB
SwapTotal:        520908 kB
SwapFree:         359672 kB
Dirty:                 0 kB
Writeback:             0 kB
AnonPages:        121200 kB
Mapped:           143964 kB
Shmem:               516 kB
Slab:              78888 kB
SReclaimable:      25192 kB
SUnreclaim:        53696 kB
KernelStack:       14848 kB
PageTables:        14284 kB
NFS_Unstable:          0 kB
Bounce:                0 kB
WritebackTmp:          0 kB
CommitLimit:     1450072 kB
Committed_AS:   22194516 kB
VmallocTotal:   251658176 kB
VmallocUsed:       96504 kB
VmallocChunk:   251482716 kB


[2024-11-20 04:53:18]
MemTotal:        1858332 kB
MemFree:         1071036 kB
Buffers:             596 kB
Cached:           288060 kB
SwapCached:        17000 kB
Active:           111500 kB
Inactive:         199908 kB
Active(anon):      74712 kB
Inactive(anon):    47768 kB
Active(file):      36788 kB
Inactive(file):   152140 kB
Unevictable:       99496 kB
Mlocked:           94212 kB
SwapTotal:        520908 kB
SwapFree:         359672 kB
Dirty:                 0 kB
Writeback:             0 kB
AnonPages:        121068 kB
Mapped:           143964 kB
Shmem:               516 kB
Slab:              78888 kB
SReclaimable:      25192 kB
SUnreclaim:        53696 kB
KernelStack:       14848 kB
PageTables:        14316 kB
NFS_Unstable:          0 kB
Bounce:                0 kB
WritebackTmp:          0 kB
CommitLimit:     1450072 kB
Committed_AS:   22194504 kB
VmallocTotal:   251658176 kB
VmallocUsed:       96504 kB
VmallocChunk:   251482716 kB


[2024-11-20 04:53:18]
MemTotal:        1858332 kB
MemFree:         1070624 kB
Buffers:             596 kB
Cached:           288060 kB
SwapCached:        17000 kB
Active:           111740 kB
Inactive:         199908 kB
Active(anon):      74952 kB
Inactive(anon):    47768 kB
Active(file):      36788 kB
Inactive(file):   152140 kB
Unevictable:       99496 kB
Mlocked:           94212 kB
SwapTotal:        520908 kB
SwapFree:         359672 kB
Dirty:                 0 kB
Writeback:             0 kB
AnonPages:        121376 kB
Mapped:           143964 kB
Shmem:               516 kB
Slab:              78888 kB
SReclaimable:      25192 kB
SUnreclaim:        53696 kB
KernelStack:       14848 kB
PageTables:        14352 kB
NFS_Unstable:          0 kB
Bounce:                0 kB
WritebackTmp:          0 kB
CommitLimit:     1450072 kB
Committed_AS:   22194392 kB
VmallocTotal:   251658176 kB
VmallocUsed:       96504 kB
VmallocChunk:   251482716 kB


[2024-11-20 04:53:18]
MemTotal:        1858332 kB
MemFree:         1067080 kB
Buffers:             636 kB
Cached:           290312 kB
SwapCached:        17000 kB
Active:           112352 kB
Inactive:         201964 kB
Active(anon):      75560 kB
Inactive(anon):    47788 kB
Active(file):      36792 kB
Inactive(file):   154176 kB
Unevictable:       99496 kB
Mlocked:           94212 kB
SwapTotal:        520908 kB
SwapFree:         359672 kB
Dirty:                 0 kB
Writeback:             0 kB
AnonPages:        121908 kB
Mapped:           144588 kB
Shmem:               516 kB
Slab:              78968 kB
SReclaimable:      25272 kB
SUnreclaim:        53696 kB
KernelStack:       14880 kB
PageTables:        14356 kB
NFS_Unstable:          0 kB
Bounce:                0 kB
WritebackTmp:          0 kB
CommitLimit:     1450072 kB
Committed_AS:   22196468 kB
VmallocTotal:   251658176 kB
VmallocUsed:       96504 kB
VmallocChunk:   251482716 kB


[2024-11-20 04:53:18]
MemTotal:        1858332 kB
MemFree:         1025336 kB
Buffers:             940 kB
Cached:           320384 kB
SwapCached:        17008 kB
Active:           131664 kB
Inactive:         224156 kB
Active(anon):      87124 kB
Inactive(anon):    47644 kB
Active(file):      44540 kB
Inactive(file):   176512 kB
Unevictable:       99496 kB
Mlocked:           94212 kB
SwapTotal:        520908 kB
SwapFree:         359676 kB
Dirty:                 0 kB
Writeback:             0 kB
AnonPages:        133464 kB
Mapped:           151872 kB
Shmem:               516 kB
Slab:              78984 kB
SReclaimable:      25288 kB
SUnreclaim:        53696 kB
KernelStack:       15040 kB
PageTables:        14592 kB
NFS_Unstable:          0 kB
Bounce:                0 kB
WritebackTmp:          0 kB
CommitLimit:     1450072 kB
Committed_AS:   22362872 kB
VmallocTotal:   251658176 kB
VmallocUsed:       96504 kB
VmallocChunk:   251482716 kB


[2024-11-20 04:53:20]
MemTotal:        1858332 kB
MemFree:          988248 kB
Buffers:             940 kB
Cached:           320680 kB
SwapCached:        17008 kB
Active:           168788 kB
Inactive:         224304 kB
Active(anon):     123936 kB
Inactive(anon):    47336 kB
Active(file):      44852 kB
Inactive(file):   176968 kB
Unevictable:       99496 kB
Mlocked:           94212 kB
SwapTotal:        520908 kB
SwapFree:         359676 kB
Dirty:                 0 kB
Writeback:             0 kB
AnonPages:        170188 kB
Mapped:           152060 kB
Shmem:               520 kB
Slab:              78984 kB
SReclaimable:      25288 kB
SUnreclaim:        53696 kB
KernelStack:       15168 kB
PageTables:        14752 kB
NFS_Unstable:          0 kB
Bounce:                0 kB
WritebackTmp:          0 kB
CommitLimit:     1450072 kB
Committed_AS:   22398728 kB
VmallocTotal:   251658176 kB
VmallocUsed:       96504 kB
VmallocChunk:   251482716 kB


[2024-11-20 04:53:22]
MemTotal:        1858332 kB
MemFree:          722816 kB
Buffers:             940 kB
Cached:           436320 kB
SwapCached:        17008 kB
Active:           318184 kB
Inactive:         339788 kB
Active(anon):     273332 kB
Inactive(anon):    47324 kB
Active(file):      44852 kB
Inactive(file):   292464 kB
Unevictable:       99496 kB
Mlocked:           94212 kB
SwapTotal:        520908 kB
SwapFree:         359676 kB
Dirty:                 0 kB
Writeback:             0 kB
AnonPages:        319196 kB
Mapped:           152228 kB
Shmem:               520 kB
Slab:              78984 kB
SReclaimable:      25288 kB
SUnreclaim:        53696 kB
KernelStack:       15168 kB
PageTables:        14960 kB
NFS_Unstable:          0 kB
Bounce:                0 kB
WritebackTmp:          0 kB
CommitLimit:     1450072 kB
Committed_AS:   23202052 kB
VmallocTotal:   251658176 kB
VmallocUsed:       96504 kB
VmallocChunk:   251482716 kB


[2024-11-20 04:53:24]
MemTotal:        1858332 kB
MemFree:           32520 kB
Buffers:             372 kB
Cached:           571244 kB
SwapCached:        16092 kB
Active:           940700 kB
Inactive:         410652 kB
Active(anon):     705436 kB
Inactive(anon):   174168 kB
Active(file):     235264 kB
Inactive(file):   236484 kB
Unevictable:       99496 kB
Mlocked:           94212 kB
SwapTotal:        520908 kB
SwapFree:         357820 kB
Dirty:                 0 kB
Writeback:             0 kB
AnonPages:        878060 kB
Mapped:           152252 kB
Shmem:               520 kB
Slab:              78556 kB
SReclaimable:      24860 kB
SUnreclaim:        53696 kB
KernelStack:       15168 kB
PageTables:        16196 kB
NFS_Unstable:          0 kB
Bounce:                0 kB
WritebackTmp:          0 kB
CommitLimit:     1450072 kB
Committed_AS:   23201976 kB
VmallocTotal:   251658176 kB
VmallocUsed:       96504 kB
VmallocChunk:   251482716 kB


[2024-11-20 04:53:27]
MemTotal:        1858332 kB
MemFree:           49772 kB
Buffers:              72 kB
Cached:           178316 kB
SwapCached:        16092 kB
Active:          1012828 kB
Inactive:         326580 kB
Active(anon):     973724 kB
Inactive(anon):   287268 kB
Active(file):      39104 kB
Inactive(file):    39312 kB
Unevictable:       99496 kB
Mlocked:           94212 kB
SwapTotal:        520908 kB
SwapFree:         357816 kB
Dirty:                 0 kB
Writeback:             0 kB
AnonPages:       1258984 kB
Mapped:           126448 kB
Shmem:               520 kB
Slab:              78512 kB
SReclaimable:      24860 kB
SUnreclaim:        53652 kB
KernelStack:       15024 kB
PageTables:        15516 kB
NFS_Unstable:          0 kB
Bounce:                0 kB
WritebackTmp:          0 kB
CommitLimit:     1450072 kB
Committed_AS:   22204708 kB
VmallocTotal:   251658176 kB
VmallocUsed:       95484 kB
VmallocChunk:   251482716 kB


[2024-11-20 04:53:29]
MemTotal:        1858332 kB
MemFree:           42532 kB
Buffers:             176 kB
Cached:           187704 kB
SwapCached:        16252 kB
Active:          1002368 kB
Inactive:         347832 kB
Active(anon):     962632 kB
Inactive(anon):   299636 kB
Active(file):      39736 kB
Inactive(file):    48196 kB
Unevictable:       99496 kB
Mlocked:           94212 kB
SwapTotal:        520908 kB
SwapFree:         360372 kB
Dirty:                 4 kB
Writeback:             0 kB
AnonPages:       1260696 kB
Mapped:           128852 kB
Shmem:               572 kB
Slab:              78592 kB
SReclaimable:      24860 kB
SUnreclaim:        53732 kB
KernelStack:       14784 kB
PageTables:        15512 kB
NFS_Unstable:          0 kB
Bounce:                0 kB
WritebackTmp:          0 kB
CommitLimit:     1450072 kB
Committed_AS:   20282276 kB
VmallocTotal:   251658176 kB
VmallocUsed:       92224 kB
VmallocChunk:   251482716 kB


[2024-11-20 04:53:31]
MemTotal:        1858332 kB
MemFree:           38640 kB
Buffers:             176 kB
Cached:           187688 kB
SwapCached:        16256 kB
Active:          1006808 kB
Inactive:         347940 kB
Active(anon):     967072 kB
Inactive(anon):   299624 kB
Active(file):      39736 kB
Inactive(file):    48316 kB
Unevictable:       99496 kB
Mlocked:           94212 kB
SwapTotal:        520908 kB
SwapFree:         360380 kB
Dirty:                 4 kB
Writeback:             0 kB
AnonPages:       1265088 kB
Mapped:           128852 kB
Shmem:               572 kB
Slab:              78588 kB
SReclaimable:      24860 kB
SUnreclaim:        53728 kB
KernelStack:       14752 kB
PageTables:        15448 kB
NFS_Unstable:          0 kB
Bounce:                0 kB
WritebackTmp:          0 kB
CommitLimit:     1450072 kB
Committed_AS:   20282360 kB
VmallocTotal:   251658176 kB
VmallocUsed:       93244 kB
VmallocChunk:   251482716 kB


[2024-11-20 04:53:34]
MemTotal:        1858332 kB
MemFree:           39968 kB
Buffers:             184 kB
Cached:           192920 kB
SwapCached:        16256 kB
Active:          1003268 kB
Inactive:         351760 kB
Active(anon):     963528 kB
Inactive(anon):   298464 kB
Active(file):      39740 kB
Inactive(file):    53296 kB
Unevictable:       99496 kB
Mlocked:           94212 kB
SwapTotal:        520908 kB
SwapFree:         360468 kB
Dirty:                16 kB
Writeback:             0 kB
AnonPages:       1260288 kB
Mapped:           130344 kB
Shmem:               572 kB
Slab:              78596 kB
SReclaimable:      24860 kB
SUnreclaim:        53736 kB
KernelStack:       14752 kB
PageTables:        15448 kB
NFS_Unstable:          0 kB
Bounce:                0 kB
WritebackTmp:          0 kB
CommitLimit:     1450072 kB
Committed_AS:   20282372 kB
VmallocTotal:   251658176 kB
VmallocUsed:       93244 kB
VmallocChunk:   251482716 kB


[2024-11-20 04:53:36]
MemTotal:        1858332 kB
MemFree:           41332 kB
Buffers:             184 kB
Cached:           191292 kB
SwapCached:        16256 kB
Active:          1001976 kB
Inactive:         352160 kB
Active(anon):     962228 kB
Inactive(anon):   300284 kB
Active(file):      39748 kB
Inactive(file):    51876 kB
Unevictable:       99496 kB
Mlocked:           94212 kB
SwapTotal:        520908 kB
SwapFree:         360472 kB
Dirty:                16 kB
Writeback:             0 kB
AnonPages:       1261064 kB
Mapped:           130352 kB
Shmem:               572 kB
Slab:              78596 kB
SReclaimable:      24860 kB
SUnreclaim:        53736 kB
KernelStack:       14784 kB
PageTables:        15468 kB
NFS_Unstable:          0 kB
Bounce:                0 kB
WritebackTmp:          0 kB
CommitLimit:     1450072 kB
Committed_AS:   20282372 kB
VmallocTotal:   251658176 kB
VmallocUsed:       93244 kB
VmallocChunk:   251482716 kB


[2024-11-20 04:53:38]
MemTotal:        1858332 kB
MemFree:           41704 kB
Buffers:             192 kB
Cached:           192136 kB
SwapCached:        16260 kB
Active:           998656 kB
Inactive:         356668 kB
Active(anon):     958908 kB
Inactive(anon):   303808 kB
Active(file):      39748 kB
Inactive(file):    52860 kB
Unevictable:       99496 kB
Mlocked:           94212 kB
SwapTotal:        520908 kB
SwapFree:         360556 kB
Dirty:                 0 kB
Writeback:             0 kB
AnonPages:       1261116 kB
Mapped:           130632 kB
Shmem:               572 kB
Slab:              78580 kB
SReclaimable:      24860 kB
SUnreclaim:        53720 kB
KernelStack:       14752 kB
PageTables:        15448 kB
NFS_Unstable:          0 kB
Bounce:                0 kB
WritebackTmp:          0 kB
CommitLimit:     1450072 kB
Committed_AS:   20282336 kB
VmallocTotal:   251658176 kB
VmallocUsed:       93244 kB
VmallocChunk:   251482716 kB


[2024-11-20 04:53:41]
MemTotal:        1858332 kB
MemFree:           42352 kB
Buffers:             192 kB
Cached:           192452 kB
SwapCached:        16260 kB
Active:           997372 kB
Inactive:         358928 kB
Active(anon):     957536 kB
Inactive(anon):   305960 kB
Active(file):      39836 kB
Inactive(file):    52968 kB
Unevictable:       99496 kB
Mlocked:           94212 kB
SwapTotal:        520908 kB
SwapFree:         360560 kB
Dirty:                 0 kB
Writeback:             0 kB
AnonPages:       1261588 kB
Mapped:           131376 kB
Shmem:               572 kB
Slab:              78564 kB
SReclaimable:      24860 kB
SUnreclaim:        53704 kB
KernelStack:       14752 kB
PageTables:        15448 kB
NFS_Unstable:          0 kB
Bounce:                0 kB
WritebackTmp:          0 kB
CommitLimit:     1450072 kB
Committed_AS:   20282548 kB
VmallocTotal:   251658176 kB
VmallocUsed:       93244 kB
VmallocChunk:   251482716 kB


[2024-11-20 04:53:43]
MemTotal:        1858332 kB
MemFree:           40672 kB
Buffers:             196 kB
Cached:           192448 kB
SwapCached:        16260 kB
Active:           998836 kB
Inactive:         358952 kB
Active(anon):     959000 kB
Inactive(anon):   305956 kB
Active(file):      39836 kB
Inactive(file):    52996 kB
Unevictable:       99496 kB
Mlocked:           94212 kB
SwapTotal:        520908 kB
SwapFree:         360608 kB
Dirty:                 0 kB
Writeback:             0 kB
AnonPages:       1263116 kB
Mapped:           132848 kB
Shmem:               572 kB
Slab:              78564 kB
SReclaimable:      24860 kB
SUnreclaim:        53704 kB
KernelStack:       14752 kB
PageTables:        16000 kB
NFS_Unstable:          0 kB
Bounce:                0 kB
WritebackTmp:          0 kB
CommitLimit:     1450072 kB
Committed_AS:   22202576 kB
VmallocTotal:   251658176 kB
VmallocUsed:       94264 kB
VmallocChunk:   251482716 kB


[2024-11-20 04:53:46]
MemTotal:        1858332 kB
MemFree:           39036 kB
Buffers:             268 kB
Cached:           205480 kB
SwapCached:        16260 kB
Active:           997292 kB
Inactive:         377276 kB
Active(anon):     951796 kB
Inactive(anon):   317260 kB
Active(file):      45496 kB
Inactive(file):    60016 kB
Unevictable:       99496 kB
Mlocked:           94212 kB
SwapTotal:        520908 kB
SwapFree:         358472 kB
Dirty:                24 kB
Writeback:             0 kB
AnonPages:       1267632 kB
Mapped:           146176 kB
Shmem:               572 kB
Slab:              78432 kB
SReclaimable:      24780 kB
SUnreclaim:        53652 kB
KernelStack:       15120 kB
PageTables:        16664 kB
NFS_Unstable:          0 kB
Bounce:                0 kB
WritebackTmp:          0 kB
CommitLimit:     1450072 kB
Committed_AS:   24124272 kB
VmallocTotal:   251658176 kB
VmallocUsed:       95284 kB
VmallocChunk:   251482716 kB


[2024-11-20 04:53:49]
MemTotal:        1858332 kB
MemFree:           36596 kB
Buffers:             404 kB
Cached:           203760 kB
SwapCached:        16248 kB
Active:          1007868 kB
Inactive:         371276 kB
Active(anon):     956168 kB
Inactive(anon):   318828 kB
Active(file):      51700 kB
Inactive(file):    52448 kB
Unevictable:       99496 kB
Mlocked:           94212 kB
SwapTotal:        520908 kB
SwapFree:         355036 kB
Dirty:                80 kB
Writeback:             4 kB
AnonPages:       1273460 kB
Mapped:           151244 kB
Shmem:               572 kB
Slab:              78400 kB
SReclaimable:      24780 kB
SUnreclaim:        53620 kB
KernelStack:       15232 kB
PageTables:        16812 kB
NFS_Unstable:          0 kB
Bounce:                0 kB
WritebackTmp:          0 kB
CommitLimit:     1450072 kB
Committed_AS:   24125532 kB
VmallocTotal:   251658176 kB
VmallocUsed:       95284 kB
VmallocChunk:   251482716 kB


[2024-11-20 04:53:51]
MemTotal:        1858332 kB
MemFree:           36536 kB
Buffers:             524 kB
Cached:           201696 kB
SwapCached:        16248 kB
Active:          1009484 kB
Inactive:         369748 kB
Active(anon):     958228 kB
Inactive(anon):   318596 kB
Active(file):      51256 kB
Inactive(file):    51152 kB
Unevictable:       99496 kB
Mlocked:           94212 kB
SwapTotal:        520908 kB
SwapFree:         354212 kB
Dirty:                36 kB
Writeback:             0 kB
AnonPages:       1275312 kB
Mapped:           151924 kB
Shmem:               572 kB
Slab:              78396 kB
SReclaimable:      24776 kB
SUnreclaim:        53620 kB
KernelStack:       15296 kB
PageTables:        16840 kB
NFS_Unstable:          0 kB
Bounce:                0 kB
WritebackTmp:          0 kB
CommitLimit:     1450072 kB
Committed_AS:   24125804 kB
VmallocTotal:   251658176 kB
VmallocUsed:       95284 kB
VmallocChunk:   251482716 kB


[2024-11-20 04:53:54]
MemTotal:        1858332 kB
MemFree:           54328 kB
Buffers:             500 kB
Cached:           185912 kB
SwapCached:        15288 kB
Active:           982808 kB
Inactive:         358500 kB
Active(anon):     937804 kB
Inactive(anon):   317064 kB
Active(file):      45004 kB
Inactive(file):    41436 kB
Unevictable:       99496 kB
Mlocked:           94212 kB
SwapTotal:        520908 kB
SwapFree:         351248 kB
Dirty:                40 kB
Writeback:             0 kB
AnonPages:       1253236 kB
Mapped:           139804 kB
Shmem:               572 kB
Slab:              78372 kB
SReclaimable:      24744 kB
SUnreclaim:        53628 kB
KernelStack:       14752 kB
PageTables:        15460 kB
NFS_Unstable:          0 kB
Bounce:                0 kB
WritebackTmp:          0 kB
CommitLimit:     1450072 kB
Committed_AS:   20282524 kB
VmallocTotal:   251658176 kB
VmallocUsed:       93244 kB
VmallocChunk:   251482716 kB


[2024-11-20 04:53:56]
MemTotal:        1858332 kB
MemFree:           47456 kB
Buffers:             508 kB
Cached:           193080 kB
SwapCached:        15288 kB
Active:           982780 kB
Inactive:         365836 kB
Active(anon):     937776 kB
Inactive(anon):   317064 kB
Active(file):      45004 kB
Inactive(file):    48772 kB
Unevictable:       99496 kB
Mlocked:           94212 kB
SwapTotal:        520908 kB
SwapFree:         351260 kB
Dirty:                20 kB
Writeback:             0 kB
AnonPages:       1253256 kB
Mapped:           140472 kB
Shmem:               572 kB
Slab:              78328 kB
SReclaimable:      24744 kB
SUnreclaim:        53584 kB
KernelStack:       14784 kB
PageTables:        15476 kB
NFS_Unstable:          0 kB
Bounce:                0 kB
WritebackTmp:          0 kB
CommitLimit:     1450072 kB
Committed_AS:   20282588 kB
VmallocTotal:   251658176 kB
VmallocUsed:       93244 kB
VmallocChunk:   251482716 kB


[2024-11-20 04:53:59]
MemTotal:        1858332 kB
MemFree:           47308 kB
Buffers:             508 kB
Cached:           193080 kB
SwapCached:        15288 kB
Active:           983100 kB
Inactive:         365824 kB
Active(anon):     938096 kB
Inactive(anon):   317052 kB
Active(file):      45004 kB
Inactive(file):    48772 kB
Unevictable:       99496 kB
Mlocked:           94212 kB
SwapTotal:        520908 kB
SwapFree:         351260 kB
Dirty:                20 kB
Writeback:             0 kB
AnonPages:       1253548 kB
Mapped:           140104 kB
Shmem:               572 kB
Slab:              78328 kB
SReclaimable:      24744 kB
SUnreclaim:        53584 kB
KernelStack:       14752 kB
PageTables:        15460 kB
NFS_Unstable:          0 kB
Bounce:                0 kB
WritebackTmp:          0 kB
CommitLimit:     1450072 kB
Committed_AS:   20282364 kB
VmallocTotal:   251658176 kB
VmallocUsed:       93244 kB
VmallocChunk:   251482716 kB


[2024-11-20 04:54:01]
MemTotal:        1858332 kB
MemFree:           46124 kB
Buffers:             508 kB
Cached:           194096 kB
SwapCached:        15288 kB
Active:           983776 kB
Inactive:         366424 kB
Active(anon):     938772 kB
Inactive(anon):   316660 kB
Active(file):      45004 kB
Inactive(file):    49764 kB
Unevictable:       99496 kB
Mlocked:           94212 kB
SwapTotal:        520908 kB
SwapFree:         351276 kB
Dirty:                 0 kB
Writeback:             0 kB
AnonPages:       1253772 kB
Mapped:           140416 kB
Shmem:               572 kB
Slab:              78328 kB
SReclaimable:      24744 kB
SUnreclaim:        53584 kB
KernelStack:       14752 kB
PageTables:        15460 kB
NFS_Unstable:          0 kB
Bounce:                0 kB
WritebackTmp:          0 kB
CommitLimit:     1450072 kB
Committed_AS:   20282564 kB
VmallocTotal:   251658176 kB
VmallocUsed:       93244 kB
VmallocChunk:   251482716 kB


[2024-11-20 04:54:04]
MemTotal:        1858332 kB
MemFree:           46248 kB
Buffers:             508 kB
Cached:           194096 kB
SwapCached:        15288 kB
Active:           983916 kB
Inactive:         366436 kB
Active(anon):     938912 kB
Inactive(anon):   316648 kB
Active(file):      45004 kB
Inactive(file):    49788 kB
Unevictable:       99496 kB
Mlocked:           94212 kB
SwapTotal:        520908 kB
SwapFree:         351276 kB
Dirty:                 0 kB
Writeback:             0 kB
AnonPages:       1253668 kB
Mapped:           140416 kB
Shmem:               572 kB
Slab:              78328 kB
SReclaimable:      24744 kB
SUnreclaim:        53584 kB
KernelStack:       14752 kB
PageTables:        15460 kB
NFS_Unstable:          0 kB
Bounce:                0 kB
WritebackTmp:          0 kB
CommitLimit:     1450072 kB
Committed_AS:   20282444 kB
VmallocTotal:   251658176 kB
VmallocUsed:       93244 kB
VmallocChunk:   251482716 kB


[2024-11-20 04:54:06]
MemTotal:        1858332 kB
MemFree:           45524 kB
Buffers:             496 kB
Cached:           197264 kB
SwapCached:        15072 kB
Active:           985472 kB
Inactive:         368180 kB
Active(anon):     940464 kB
Inactive(anon):   315240 kB
Active(file):      45008 kB
Inactive(file):    52940 kB
Unevictable:       99496 kB
Mlocked:           94212 kB
SwapTotal:        520908 kB
SwapFree:         350736 kB
Dirty:                 0 kB
Writeback:             0 kB
AnonPages:       1253872 kB
Mapped:           140552 kB
Shmem:               572 kB
Slab:              78472 kB
SReclaimable:      24920 kB
SUnreclaim:        53552 kB
KernelStack:       14784 kB
PageTables:        15488 kB
NFS_Unstable:          0 kB
Bounce:                0 kB
WritebackTmp:          0 kB
CommitLimit:     1450072 kB
Committed_AS:   20282488 kB
VmallocTotal:   251658176 kB
VmallocUsed:       93244 kB
VmallocChunk:   251482716 kB


[2024-11-20 04:54:09]
MemTotal:        1858332 kB
MemFree:           45752 kB
Buffers:             496 kB
Cached:           197480 kB
SwapCached:        15072 kB
Active:           985368 kB
Inactive:         368380 kB
Active(anon):     940360 kB
Inactive(anon):   315236 kB
Active(file):      45008 kB
Inactive(file):    53144 kB
Unevictable:       99496 kB
Mlocked:           94212 kB
SwapTotal:        520908 kB
SwapFree:         350736 kB
Dirty:                 0 kB
Writeback:             0 kB
AnonPages:       1253876 kB
Mapped:           140716 kB
Shmem:               572 kB
Slab:              78488 kB
SReclaimable:      24936 kB
SUnreclaim:        53552 kB
KernelStack:       14752 kB
PageTables:        15460 kB
NFS_Unstable:          0 kB
Bounce:                0 kB
WritebackTmp:          0 kB
CommitLimit:     1450072 kB
Committed_AS:   20282560 kB
VmallocTotal:   251658176 kB
VmallocUsed:       93244 kB
VmallocChunk:   251482716 kB


[2024-11-20 04:54:11]
MemTotal:        1858332 kB
MemFree:           45188 kB
Buffers:             496 kB
Cached:           197480 kB
SwapCached:        15072 kB
Active:           985600 kB
Inactive:         368392 kB
Active(anon):     940592 kB
Inactive(anon):   315236 kB
Active(file):      45008 kB
Inactive(file):    53156 kB
Unevictable:       99496 kB
Mlocked:           94212 kB
SwapTotal:        520908 kB
SwapFree:         350736 kB
Dirty:                 0 kB
Writeback:             0 kB
AnonPages:       1254112 kB
Mapped:           140656 kB
Shmem:               572 kB
Slab:              78488 kB
SReclaimable:      24936 kB
SUnreclaim:        53552 kB
KernelStack:       14784 kB
PageTables:        15484 kB
NFS_Unstable:          0 kB
Bounce:                0 kB
WritebackTmp:          0 kB
CommitLimit:     1450072 kB
Committed_AS:   20282500 kB
VmallocTotal:   251658176 kB
VmallocUsed:       93244 kB
VmallocChunk:   251482716 kB


[2024-11-20 04:54:14]
MemTotal:        1858332 kB
MemFree:           45068 kB
Buffers:             496 kB
Cached:           197480 kB
SwapCached:        15072 kB
Active:           985716 kB
Inactive:         368392 kB
Active(anon):     940708 kB
Inactive(anon):   315236 kB
Active(file):      45008 kB
Inactive(file):    53156 kB
Unevictable:       99496 kB
Mlocked:           94212 kB
SwapTotal:        520908 kB
SwapFree:         350736 kB
Dirty:                 0 kB
Writeback:             0 kB
AnonPages:       1254016 kB
Mapped:           140900 kB
Shmem:               572 kB
Slab:              78488 kB
SReclaimable:      24936 kB
SUnreclaim:        53552 kB
KernelStack:       14752 kB
PageTables:        15460 kB
NFS_Unstable:          0 kB
Bounce:                0 kB
WritebackTmp:          0 kB
CommitLimit:     1450072 kB
Committed_AS:   20282420 kB
VmallocTotal:   251658176 kB
VmallocUsed:       93244 kB
VmallocChunk:   251482716 kB


[2024-11-20 04:54:16]
MemTotal:        1858332 kB
MemFree:           44992 kB
Buffers:             496 kB
Cached:           197480 kB
SwapCached:        15072 kB
Active:           985912 kB
Inactive:         368384 kB
Active(anon):     940904 kB
Inactive(anon):   315228 kB
Active(file):      45008 kB
Inactive(file):    53156 kB
Unevictable:       99496 kB
Mlocked:           94212 kB
SwapTotal:        520908 kB
SwapFree:         350736 kB
Dirty:                 0 kB
Writeback:             0 kB
AnonPages:       1254416 kB
Mapped:           140656 kB
Shmem:               572 kB
Slab:              78488 kB
SReclaimable:      24936 kB
SUnreclaim:        53552 kB
KernelStack:       14784 kB
PageTables:        15484 kB
NFS_Unstable:          0 kB
Bounce:                0 kB
WritebackTmp:          0 kB
CommitLimit:     1450072 kB
Committed_AS:   20282584 kB
VmallocTotal:   251658176 kB
VmallocUsed:       93244 kB
VmallocChunk:   251482716 kB


[2024-11-20 04:54:19]
MemTotal:        1858332 kB
MemFree:           45024 kB
Buffers:             496 kB
Cached:           197480 kB
SwapCached:        15072 kB
Active:           985796 kB
Inactive:         368384 kB
Active(anon):     940788 kB
Inactive(anon):   315228 kB
Active(file):      45008 kB
Inactive(file):    53156 kB
Unevictable:       99496 kB
Mlocked:           94212 kB
SwapTotal:        520908 kB
SwapFree:         350736 kB
Dirty:                 0 kB
Writeback:             0 kB
AnonPages:       1254424 kB
Mapped:           140716 kB
Shmem:               572 kB
Slab:              78488 kB
SReclaimable:      24936 kB
SUnreclaim:        53552 kB
KernelStack:       14752 kB
PageTables:        15460 kB
NFS_Unstable:          0 kB
Bounce:                0 kB
WritebackTmp:          0 kB
CommitLimit:     1450072 kB
Committed_AS:   20282368 kB
VmallocTotal:   251658176 kB
VmallocUsed:       93244 kB
VmallocChunk:   251482716 kB


[2024-11-20 04:54:21]
MemTotal:        1858332 kB
MemFree:           44768 kB
Buffers:             496 kB
Cached:           197480 kB
SwapCached:        15072 kB
Active:           986016 kB
Inactive:         368384 kB
Active(anon):     941008 kB
Inactive(anon):   315228 kB
Active(file):      45008 kB
Inactive(file):    53156 kB
Unevictable:       99496 kB
Mlocked:           94212 kB
SwapTotal:        520908 kB
SwapFree:         350736 kB
Dirty:                 0 kB
Writeback:             0 kB
AnonPages:       1254540 kB
Mapped:           140768 kB
Shmem:               572 kB
Slab:              78488 kB
SReclaimable:      24936 kB
SUnreclaim:        53552 kB
KernelStack:       14784 kB
PageTables:        15484 kB
NFS_Unstable:          0 kB
Bounce:                0 kB
WritebackTmp:          0 kB
CommitLimit:     1450072 kB
Committed_AS:   20282452 kB
VmallocTotal:   251658176 kB
VmallocUsed:       93244 kB
VmallocChunk:   251482716 kB


[2024-11-20 04:54:24]
MemTotal:        1858332 kB
MemFree:           44420 kB
Buffers:             496 kB
Cached:           197480 kB
SwapCached:        15072 kB
Active:           986412 kB
Inactive:         368380 kB
Active(anon):     941404 kB
Inactive(anon):   315224 kB
Active(file):      45008 kB
Inactive(file):    53156 kB
Unevictable:       99496 kB
Mlocked:           94212 kB
SwapTotal:        520908 kB
SwapFree:         350736 kB
Dirty:                 0 kB
Writeback:             0 kB
AnonPages:       1255000 kB
Mapped:           140660 kB
Shmem:               572 kB
Slab:              78488 kB
SReclaimable:      24936 kB
SUnreclaim:        53552 kB
KernelStack:       14784 kB
PageTables:        15488 kB
NFS_Unstable:          0 kB
Bounce:                0 kB
WritebackTmp:          0 kB
CommitLimit:     1450072 kB
Committed_AS:   20282368 kB
VmallocTotal:   251658176 kB
VmallocUsed:       93244 kB
VmallocChunk:   251482716 kB


[2024-11-20 04:54:27]
MemTotal:        1858332 kB
MemFree:           43292 kB
Buffers:             496 kB
Cached:           198336 kB
SwapCached:        15072 kB
Active:           986900 kB
Inactive:         369212 kB
Active(anon):     941892 kB
Inactive(anon):   315220 kB
Active(file):      45008 kB
Inactive(file):    53992 kB
Unevictable:       99496 kB
Mlocked:           94212 kB
SwapTotal:        520908 kB
SwapFree:         350736 kB
Dirty:                 0 kB
Writeback:             0 kB
AnonPages:       1255568 kB
Mapped:           140856 kB
Shmem:               572 kB
Slab:              78488 kB
SReclaimable:      24936 kB
SUnreclaim:        53552 kB
KernelStack:       14752 kB
PageTables:        15460 kB
NFS_Unstable:          0 kB
Bounce:                0 kB
WritebackTmp:          0 kB
CommitLimit:     1450072 kB
Committed_AS:   20282512 kB
VmallocTotal:   251658176 kB
VmallocUsed:       93244 kB
VmallocChunk:   251482716 kB


[2024-11-20 04:54:29]
MemTotal:        1858332 kB
MemFree:           49224 kB
Buffers:             496 kB
Cached:           198336 kB
SwapCached:        15072 kB
Active:           980672 kB
Inactive:         368908 kB
Active(anon):     935664 kB
Inactive(anon):   314896 kB
Active(file):      45008 kB
Inactive(file):    54012 kB
Unevictable:       99496 kB
Mlocked:           94212 kB
SwapTotal:        520908 kB
SwapFree:         350736 kB
Dirty:                 0 kB
Writeback:             0 kB
AnonPages:       1248876 kB
Mapped:           140160 kB
Shmem:               572 kB
Slab:              78488 kB
SReclaimable:      24936 kB
SUnreclaim:        53552 kB
KernelStack:       14784 kB
PageTables:        15480 kB
NFS_Unstable:          0 kB
Bounce:                0 kB
WritebackTmp:          0 kB
CommitLimit:     1450072 kB
Committed_AS:   20282576 kB
VmallocTotal:   251658176 kB
VmallocUsed:       93244 kB
VmallocChunk:   251482716 kB


[2024-11-20 04:54:32]
MemTotal:        1858332 kB
MemFree:           49336 kB
Buffers:             496 kB
Cached:           198336 kB
SwapCached:        15072 kB
Active:           981080 kB
Inactive:         368908 kB
Active(anon):     936072 kB
Inactive(anon):   314896 kB
Active(file):      45008 kB
Inactive(file):    54012 kB
Unevictable:       99496 kB
Mlocked:           94212 kB
SwapTotal:        520908 kB
SwapFree:         350736 kB
Dirty:                 0 kB
Writeback:             0 kB
AnonPages:       1249280 kB
Mapped:           139920 kB
Shmem:               572 kB
Slab:              78488 kB
SReclaimable:      24936 kB
SUnreclaim:        53552 kB
KernelStack:       14752 kB
PageTables:        15448 kB
NFS_Unstable:          0 kB
Bounce:                0 kB
WritebackTmp:          0 kB
CommitLimit:     1450072 kB
Committed_AS:   20282324 kB
VmallocTotal:   251658176 kB
VmallocUsed:       93244 kB
VmallocChunk:   251482716 kB


[2024-11-20 04:54:34]
MemTotal:        1858332 kB
MemFree:           48784 kB
Buffers:             496 kB
Cached:           198580 kB
SwapCached:        15072 kB
Active:           981556 kB
Inactive:         369152 kB
Active(anon):     936548 kB
Inactive(anon):   314896 kB
Active(file):      45008 kB
Inactive(file):    54256 kB
Unevictable:       99496 kB
Mlocked:           94212 kB
SwapTotal:        520908 kB
SwapFree:         350736 kB
Dirty:                 0 kB
Writeback:             0 kB
AnonPages:       1249532 kB
Mapped:           140116 kB
Shmem:               572 kB
Slab:              78488 kB
SReclaimable:      24936 kB
SUnreclaim:        53552 kB
KernelStack:       14784 kB
PageTables:        15468 kB
NFS_Unstable:          0 kB
Bounce:                0 kB
WritebackTmp:          0 kB
CommitLimit:     1450072 kB
Committed_AS:   20282248 kB
VmallocTotal:   251658176 kB
VmallocUsed:       93244 kB
VmallocChunk:   251482716 kB


[2024-11-20 04:54:37]
MemTotal:        1858332 kB
MemFree:           48400 kB
Buffers:             496 kB
Cached:           198580 kB
SwapCached:        15072 kB
Active:           981904 kB
Inactive:         369160 kB
Active(anon):     936896 kB
Inactive(anon):   314904 kB
Active(file):      45008 kB
Inactive(file):    54256 kB
Unevictable:       99496 kB
Mlocked:           94212 kB
SwapTotal:        520908 kB
SwapFree:         350744 kB
Dirty:                 0 kB
Writeback:             0 kB
AnonPages:       1250192 kB
Mapped:           140140 kB
Shmem:               572 kB
Slab:              78488 kB
SReclaimable:      24936 kB
SUnreclaim:        53552 kB
KernelStack:       14784 kB
PageTables:        15476 kB
NFS_Unstable:          0 kB
Bounce:                0 kB
WritebackTmp:          0 kB
CommitLimit:     1450072 kB
Committed_AS:   20282500 kB
VmallocTotal:   251658176 kB
VmallocUsed:       93244 kB
VmallocChunk:   251482716 kB


[2024-11-20 04:54:40]
MemTotal:        1858332 kB
MemFree:           48316 kB
Buffers:             504 kB
Cached:           198612 kB
SwapCached:        15072 kB
Active:           982080 kB
Inactive:         369200 kB
Active(anon):     937072 kB
Inactive(anon):   314904 kB
Active(file):      45008 kB
Inactive(file):    54296 kB
Unevictable:       99496 kB
Mlocked:           94212 kB
SwapTotal:        520908 kB
SwapFree:         350744 kB
Dirty:                 0 kB
Writeback:             0 kB
AnonPages:       1250216 kB
Mapped:           139936 kB
Shmem:               572 kB
Slab:              78488 kB
SReclaimable:      24936 kB
SUnreclaim:        53552 kB
KernelStack:       14752 kB
PageTables:        15448 kB
NFS_Unstable:          0 kB
Bounce:                0 kB
WritebackTmp:          0 kB
CommitLimit:     1450072 kB
Committed_AS:   20282348 kB
VmallocTotal:   251658176 kB
VmallocUsed:       93244 kB
VmallocChunk:   251482716 kB


[2024-11-20 04:54:42]
MemTotal:        1858332 kB
MemFree:           48272 kB
Buffers:             504 kB
Cached:           198612 kB
SwapCached:        15072 kB
Active:           982260 kB
Inactive:         369200 kB
Active(anon):     937252 kB
Inactive(anon):   314904 kB
Active(file):      45008 kB
Inactive(file):    54296 kB
Unevictable:       99496 kB
Mlocked:           94212 kB
SwapTotal:        520908 kB
SwapFree:         350744 kB
Dirty:                 0 kB
Writeback:             0 kB
AnonPages:       1250476 kB
Mapped:           140128 kB
Shmem:               572 kB
Slab:              78488 kB
SReclaimable:      24936 kB
SUnreclaim:        53552 kB
KernelStack:       14784 kB
PageTables:        15468 kB
NFS_Unstable:          0 kB
Bounce:                0 kB
WritebackTmp:          0 kB
CommitLimit:     1450072 kB
Committed_AS:   20282500 kB
VmallocTotal:   251658176 kB
VmallocUsed:       93244 kB
VmallocChunk:   251482716 kB


[2024-11-20 04:54:45]
MemTotal:        1858332 kB
MemFree:           48172 kB
Buffers:             504 kB
Cached:           198612 kB
SwapCached:        15072 kB
Active:           982136 kB
Inactive:         369200 kB
Active(anon):     937128 kB
Inactive(anon):   314904 kB
Active(file):      45008 kB
Inactive(file):    54296 kB
Unevictable:       99496 kB
Mlocked:           94212 kB
SwapTotal:        520908 kB
SwapFree:         350744 kB
Dirty:                 0 kB
Writeback:             0 kB
AnonPages:       1250320 kB
Mapped:           140120 kB
Shmem:               572 kB
Slab:              78488 kB
SReclaimable:      24936 kB
SUnreclaim:        53552 kB
KernelStack:       14752 kB
PageTables:        15448 kB
NFS_Unstable:          0 kB
Bounce:                0 kB
WritebackTmp:          0 kB
CommitLimit:     1450072 kB
Committed_AS:   20282424 kB
VmallocTotal:   251658176 kB
VmallocUsed:       93244 kB
VmallocChunk:   251482716 kB


[2024-11-20 04:54:47]
MemTotal:        1858332 kB
MemFree:           47532 kB
Buffers:             504 kB
Cached:           198716 kB
SwapCached:        15072 kB
Active:           982644 kB
Inactive:         369304 kB
Active(anon):     937636 kB
Inactive(anon):   314904 kB
Active(file):      45008 kB
Inactive(file):    54400 kB
Unevictable:       99496 kB
Mlocked:           94212 kB
SwapTotal:        520908 kB
SwapFree:         350744 kB
Dirty:                 0 kB
Writeback:             0 kB
AnonPages:       1250844 kB
Mapped:           140136 kB
Shmem:               572 kB
Slab:              78488 kB
SReclaimable:      24936 kB
SUnreclaim:        53552 kB
KernelStack:       14784 kB
PageTables:        15468 kB
NFS_Unstable:          0 kB
Bounce:                0 kB
WritebackTmp:          0 kB
CommitLimit:     1450072 kB
Committed_AS:   20282540 kB
VmallocTotal:   251658176 kB
VmallocUsed:       93244 kB
VmallocChunk:   251482716 kB


[2024-11-20 04:54:50]
MemTotal:        1858332 kB
MemFree:           47424 kB
Buffers:             504 kB
Cached:           198812 kB
SwapCached:        15072 kB
Active:           982536 kB
Inactive:         369400 kB
Active(anon):     937528 kB
Inactive(anon):   314904 kB
Active(file):      45008 kB
Inactive(file):    54496 kB
Unevictable:       99496 kB
Mlocked:           94212 kB
SwapTotal:        520908 kB
SwapFree:         350744 kB
Dirty:                 0 kB
Writeback:             0 kB
AnonPages:       1250636 kB
Mapped:           140140 kB
Shmem:               572 kB
Slab:              78488 kB
SReclaimable:      24936 kB
SUnreclaim:        53552 kB
KernelStack:       14752 kB
PageTables:        15448 kB
NFS_Unstable:          0 kB
Bounce:                0 kB
WritebackTmp:          0 kB
CommitLimit:     1450072 kB
Committed_AS:   20282572 kB
VmallocTotal:   251658176 kB
VmallocUsed:       93244 kB
VmallocChunk:   251482716 kB


[2024-11-20 04:54:52]
MemTotal:        1858332 kB
MemFree:           47292 kB
Buffers:             504 kB
Cached:           198812 kB
SwapCached:        15072 kB
Active:           983056 kB
Inactive:         369400 kB
Active(anon):     938048 kB
Inactive(anon):   314904 kB
Active(file):      45008 kB
Inactive(file):    54496 kB
Unevictable:       99496 kB
Mlocked:           94212 kB
SwapTotal:        520908 kB
SwapFree:         350744 kB
Dirty:                 0 kB
Writeback:             0 kB
AnonPages:       1251348 kB
Mapped:           140324 kB
Shmem:               572 kB
Slab:              78488 kB
SReclaimable:      24936 kB
SUnreclaim:        53552 kB
KernelStack:       14752 kB
PageTables:        15448 kB
NFS_Unstable:          0 kB
Bounce:                0 kB
WritebackTmp:          0 kB
CommitLimit:     1450072 kB
Committed_AS:   20282492 kB
VmallocTotal:   251658176 kB
VmallocUsed:       93244 kB
VmallocChunk:   251482716 kB


[2024-11-20 04:54:55]
MemTotal:        1858332 kB
MemFree:           46908 kB
Buffers:             504 kB
Cached:           198812 kB
SwapCached:        15072 kB
Active:           983260 kB
Inactive:         369396 kB
Active(anon):     938252 kB
Inactive(anon):   314900 kB
Active(file):      45008 kB
Inactive(file):    54496 kB
Unevictable:       99496 kB
Mlocked:           94212 kB
SwapTotal:        520908 kB
SwapFree:         350744 kB
Dirty:                 0 kB
Writeback:             0 kB
AnonPages:       1251416 kB
Mapped:           140148 kB
Shmem:               572 kB
Slab:              78488 kB
SReclaimable:      24936 kB
SUnreclaim:        53552 kB
KernelStack:       14768 kB
PageTables:        15488 kB
NFS_Unstable:          0 kB
Bounce:                0 kB
WritebackTmp:          0 kB
CommitLimit:     1450072 kB
Committed_AS:   20282272 kB
VmallocTotal:   251658176 kB
VmallocUsed:       93244 kB
VmallocChunk:   251482716 kB


[2024-11-20 04:54:57]
MemTotal:        1858332 kB
MemFree:           45828 kB
Buffers:             528 kB
Cached:           197896 kB
SwapCached:        15068 kB
Active:           986248 kB
Inactive:         368012 kB
Active(anon):     941232 kB
Inactive(anon):   314448 kB
Active(file):      45016 kB
Inactive(file):    53564 kB
Unevictable:       99496 kB
Mlocked:           94212 kB
SwapTotal:        520908 kB
SwapFree:         350660 kB
Dirty:                 0 kB
Writeback:             0 kB
AnonPages:       1254308 kB
Mapped:           143104 kB
Shmem:               572 kB
Slab:              78488 kB
SReclaimable:      24936 kB
SUnreclaim:        53552 kB
KernelStack:       14912 kB
PageTables:        16020 kB
NFS_Unstable:          0 kB
Bounce:                0 kB
WritebackTmp:          0 kB
CommitLimit:     1450072 kB
Committed_AS:   22203792 kB
VmallocTotal:   251658176 kB
VmallocUsed:       94264 kB
VmallocChunk:   251482716 kB


[2024-11-20 04:55:00]
MemTotal:        1858332 kB
MemFree:           42676 kB
Buffers:             548 kB
Cached:           198960 kB
SwapCached:        14984 kB
Active:           990328 kB
Inactive:         369492 kB
Active(anon):     945296 kB
Inactive(anon):   314984 kB
Active(file):      45032 kB
Inactive(file):    54508 kB
Unevictable:       99496 kB
Mlocked:           94212 kB
SwapTotal:        520908 kB
SwapFree:         350204 kB
Dirty:                24 kB
Writeback:             0 kB
AnonPages:       1258856 kB
Mapped:           146592 kB
Shmem:               572 kB
Slab:              78184 kB
SReclaimable:      24600 kB
SUnreclaim:        53584 kB
KernelStack:       15184 kB
PageTables:        16712 kB
NFS_Unstable:          0 kB
Bounce:                0 kB
WritebackTmp:          0 kB
CommitLimit:     1450072 kB
Committed_AS:   24124404 kB
VmallocTotal:   251658176 kB
VmallocUsed:       95284 kB
VmallocChunk:   251482716 kB


[2024-11-20 04:55:03]
MemTotal:        1858332 kB
MemFree:           38040 kB
Buffers:             356 kB
Cached:           196512 kB
SwapCached:        14628 kB
Active:          1000016 kB
Inactive:         365504 kB
Active(anon):     951500 kB
Inactive(anon):   317052 kB
Active(file):      48516 kB
Inactive(file):    48452 kB
Unevictable:       99496 kB
Mlocked:           94212 kB
SwapTotal:        520908 kB
SwapFree:         349432 kB
Dirty:                76 kB
Writeback:             0 kB
AnonPages:       1267300 kB
Mapped:           146152 kB
Shmem:               564 kB
Slab:              78120 kB
SReclaimable:      24536 kB
SUnreclaim:        53584 kB
KernelStack:       15200 kB
PageTables:        16840 kB
NFS_Unstable:          0 kB
Bounce:                0 kB
WritebackTmp:          0 kB
CommitLimit:     1450072 kB
Committed_AS:   24125536 kB
VmallocTotal:   251658176 kB
VmallocUsed:       95284 kB
VmallocChunk:   251482716 kB


[2024-11-20 04:55:06]
MemTotal:        1858332 kB
MemFree:           60760 kB
Buffers:             432 kB
Cached:           181100 kB
SwapCached:        13316 kB
Active:           981332 kB
Inactive:         350720 kB
Active(anon):     937652 kB
Inactive(anon):   312812 kB
Active(file):      43680 kB
Inactive(file):    37908 kB
Unevictable:       99496 kB
Mlocked:           94212 kB
SwapTotal:        520908 kB
SwapFree:         348440 kB
Dirty:                72 kB
Writeback:             0 kB
AnonPages:       1249664 kB
Mapped:           135472 kB
Shmem:               576 kB
Slab:              78056 kB
SReclaimable:      24520 kB
SUnreclaim:        53536 kB
KernelStack:       15056 kB
PageTables:        15380 kB
NFS_Unstable:          0 kB
Bounce:                0 kB
WritebackTmp:          0 kB
CommitLimit:     1450072 kB
Committed_AS:   20282428 kB
VmallocTotal:   251658176 kB
VmallocUsed:      101608 kB
VmallocChunk:   251474348 kB


[2024-11-20 04:55:08]
MemTotal:        1858332 kB
MemFree:           49176 kB
Buffers:             432 kB
Cached:           193604 kB
SwapCached:        13316 kB
Active:           980060 kB
Inactive:         364528 kB
Active(anon):     937588 kB
Inactive(anon):   312816 kB
Active(file):      42472 kB
Inactive(file):    51712 kB
Unevictable:       99496 kB
Mlocked:           94212 kB
SwapTotal:        520908 kB
SwapFree:         348456 kB
Dirty:                76 kB
Writeback:             0 kB
AnonPages:       1249676 kB
Mapped:           136480 kB
Shmem:               572 kB
Slab:              78072 kB
SReclaimable:      24520 kB
SUnreclaim:        53552 kB
KernelStack:       14784 kB
PageTables:        15484 kB
NFS_Unstable:          0 kB
Bounce:                0 kB
WritebackTmp:          0 kB
CommitLimit:     1450072 kB
Committed_AS:   20282396 kB
VmallocTotal:   251658176 kB
VmallocUsed:       93244 kB
VmallocChunk:   251482716 kB


[2024-11-20 04:55:11]
MemTotal:        1858332 kB
MemFree:           48668 kB
Buffers:             440 kB
Cached:           193600 kB
SwapCached:        13316 kB
Active:           980960 kB
Inactive:         364052 kB
Active(anon):     937972 kB
Inactive(anon):   312816 kB
Active(file):      42988 kB
Inactive(file):    51236 kB
Unevictable:       99496 kB
Mlocked:           94212 kB
SwapTotal:        520908 kB
SwapFree:         348456 kB
Dirty:                 0 kB
Writeback:             0 kB
AnonPages:       1250448 kB
Mapped:           136428 kB
Shmem:               572 kB
Slab:              78072 kB
SReclaimable:      24520 kB
SUnreclaim:        53552 kB
KernelStack:       14752 kB
PageTables:        15460 kB
NFS_Unstable:          0 kB
Bounce:                0 kB
WritebackTmp:          0 kB
CommitLimit:     1450072 kB
Committed_AS:   20282464 kB
VmallocTotal:   251658176 kB
VmallocUsed:       93244 kB
VmallocChunk:   251482716 kB


[2024-11-20 04:55:13]
MemTotal:        1858332 kB
MemFree:           48156 kB
Buffers:             440 kB
Cached:           193604 kB
SwapCached:        13316 kB
Active:           982056 kB
Inactive:         364060 kB
Active(anon):     939068 kB
Inactive(anon):   312816 kB
Active(file):      42988 kB
Inactive(file):    51244 kB
Unevictable:       99496 kB
Mlocked:           94212 kB
SwapTotal:        520908 kB
SwapFree:         348456 kB
Dirty:                20 kB
Writeback:             0 kB
AnonPages:       1251324 kB
Mapped:           136432 kB
Shmem:               572 kB
Slab:              78072 kB
SReclaimable:      24520 kB
SUnreclaim:        53552 kB
KernelStack:       14784 kB
PageTables:        15480 kB
NFS_Unstable:          0 kB
Bounce:                0 kB
WritebackTmp:          0 kB
CommitLimit:     1450072 kB
Committed_AS:   20282584 kB
VmallocTotal:   251658176 kB
VmallocUsed:       93244 kB
VmallocChunk:   251482716 kB


[2024-11-20 04:55:16]
MemTotal:        1858332 kB
MemFree:           52040 kB
Buffers:             440 kB
Cached:           193604 kB
SwapCached:        13316 kB
Active:           977384 kB
Inactive:         364060 kB
Active(anon):     934396 kB
Inactive(anon):   312816 kB
Active(file):      42988 kB
Inactive(file):    51244 kB
Unevictable:       99496 kB
Mlocked:           94212 kB
SwapTotal:        520908 kB
SwapFree:         348600 kB
Dirty:                20 kB
Writeback:             0 kB
AnonPages:       1246560 kB
Mapped:           135492 kB
Shmem:               572 kB
Slab:              78072 kB
SReclaimable:      24520 kB
SUnreclaim:        53552 kB
KernelStack:       14752 kB
PageTables:        15448 kB
NFS_Unstable:          0 kB
Bounce:                0 kB
WritebackTmp:          0 kB
CommitLimit:     1450072 kB
Committed_AS:   20282400 kB
VmallocTotal:   251658176 kB
VmallocUsed:       93244 kB
VmallocChunk:   251482716 kB


[2024-11-20 04:55:18]
MemTotal:        1858332 kB
MemFree:           47672 kB
Buffers:             440 kB
Cached:           198748 kB
SwapCached:        13316 kB
Active:           977256 kB
Inactive:         368700 kB
Active(anon):     934268 kB
Inactive(anon):   312316 kB
Active(file):      42988 kB
Inactive(file):    56384 kB
Unevictable:       99496 kB
Mlocked:           94212 kB
SwapTotal:        520908 kB
SwapFree:         348860 kB
Dirty:                 0 kB
Writeback:             0 kB
AnonPages:       1245864 kB
Mapped:           136212 kB
Shmem:               572 kB
Slab:              78264 kB
SReclaimable:      24760 kB
SUnreclaim:        53504 kB
KernelStack:       14784 kB
PageTables:        15480 kB
NFS_Unstable:          0 kB
Bounce:                0 kB
WritebackTmp:          0 kB
CommitLimit:     1450072 kB
Committed_AS:   20298848 kB
VmallocTotal:   251658176 kB
VmallocUsed:       93244 kB
VmallocChunk:   251482716 kB


[2024-11-20 04:55:21]
MemTotal:        1858332 kB
MemFree:           47276 kB
Buffers:             440 kB
Cached:           198744 kB
SwapCached:        13316 kB
Active:           977960 kB
Inactive:         368648 kB
Active(anon):     934972 kB
Inactive(anon):   312264 kB
Active(file):      42988 kB
Inactive(file):    56384 kB
Unevictable:       99496 kB
Mlocked:           94212 kB
SwapTotal:        520908 kB
SwapFree:         348860 kB
Dirty:                 0 kB
Writeback:             0 kB
AnonPages:       1246612 kB
Mapped:           136004 kB
Shmem:               572 kB
Slab:              78280 kB
SReclaimable:      24776 kB
SUnreclaim:        53504 kB
KernelStack:       14800 kB
PageTables:        15492 kB
NFS_Unstable:          0 kB
Bounce:                0 kB
WritebackTmp:          0 kB
CommitLimit:     1450072 kB
Committed_AS:   20298816 kB
VmallocTotal:   251658176 kB
VmallocUsed:       93244 kB
VmallocChunk:   251482716 kB


[2024-11-20 04:55:24]
MemTotal:        1858332 kB
MemFree:           48684 kB
Buffers:             432 kB
Cached:           198740 kB
SwapCached:        13320 kB
Active:           978568 kB
Inactive:         367996 kB
Active(anon):     935580 kB
Inactive(anon):   311624 kB
Active(file):      42988 kB
Inactive(file):    56372 kB
Unevictable:       99496 kB
Mlocked:           94212 kB
SwapTotal:        520908 kB
SwapFree:         348852 kB
Dirty:                 0 kB
Writeback:             0 kB
AnonPages:       1246592 kB
Mapped:           136064 kB
Shmem:               572 kB
Slab:              78280 kB
SReclaimable:      24776 kB
SUnreclaim:        53504 kB
KernelStack:       14768 kB
PageTables:        15464 kB
NFS_Unstable:          0 kB
Bounce:                0 kB
WritebackTmp:          0 kB
CommitLimit:     1450072 kB
Committed_AS:   20298784 kB
VmallocTotal:   251658176 kB
VmallocUsed:       93244 kB
VmallocChunk:   251482716 kB


[2024-11-20 04:55:26]
MemTotal:        1858332 kB
MemFree:           48604 kB
Buffers:             432 kB
Cached:           198740 kB
SwapCached:        13320 kB
Active:           978608 kB
Inactive:         367996 kB
Active(anon):     935620 kB
Inactive(anon):   311624 kB
Active(file):      42988 kB
Inactive(file):    56372 kB
Unevictable:       99496 kB
Mlocked:           94212 kB
SwapTotal:        520908 kB
SwapFree:         348852 kB
Dirty:                 0 kB
Writeback:             0 kB
AnonPages:       1246620 kB
Mapped:           136104 kB
Shmem:               572 kB
Slab:              78280 kB
SReclaimable:      24776 kB
SUnreclaim:        53504 kB
KernelStack:       14800 kB
PageTables:        15492 kB
NFS_Unstable:          0 kB
Bounce:                0 kB
WritebackTmp:          0 kB
CommitLimit:     1450072 kB
Committed_AS:   20298988 kB
VmallocTotal:   251658176 kB
VmallocUsed:       93244 kB
VmallocChunk:   251482716 kB


[2024-11-20 04:55:28]
MemTotal:        1858332 kB
MemFree:           48404 kB
Buffers:             432 kB
Cached:           198740 kB
SwapCached:        13320 kB
Active:           978816 kB
Inactive:         367992 kB
Active(anon):     935828 kB
Inactive(anon):   311620 kB
Active(file):      42988 kB
Inactive(file):    56372 kB
Unevictable:       99496 kB
Mlocked:           94212 kB
SwapTotal:        520908 kB
SwapFree:         348852 kB
Dirty:                 0 kB
Writeback:             0 kB
AnonPages:       1246948 kB
Mapped:           136064 kB
Shmem:               572 kB
Slab:              78280 kB
SReclaimable:      24776 kB
SUnreclaim:        53504 kB
KernelStack:       14768 kB
PageTables:        15464 kB
NFS_Unstable:          0 kB
Bounce:                0 kB
WritebackTmp:          0 kB
CommitLimit:     1450072 kB
Committed_AS:   20298940 kB
VmallocTotal:   251658176 kB
VmallocUsed:       93244 kB
VmallocChunk:   251482716 kB


[2024-11-20 04:55:31]
MemTotal:        1858332 kB
MemFree:           48484 kB
Buffers:             432 kB
Cached:           198740 kB
SwapCached:        13320 kB
Active:           978720 kB
Inactive:         367992 kB
Active(anon):     935732 kB
Inactive(anon):   311620 kB
Active(file):      42988 kB
Inactive(file):    56372 kB
Unevictable:       99496 kB
Mlocked:           94212 kB
SwapTotal:        520908 kB
SwapFree:         348852 kB
Dirty:                 0 kB
Writeback:             0 kB
AnonPages:       1246808 kB
Mapped:           136064 kB
Shmem:               572 kB
Slab:              78280 kB
SReclaimable:      24776 kB
SUnreclaim:        53504 kB
KernelStack:       14768 kB
PageTables:        15464 kB
NFS_Unstable:          0 kB
Bounce:                0 kB
WritebackTmp:          0 kB
CommitLimit:     1450072 kB
Committed_AS:   20298840 kB
VmallocTotal:   251658176 kB
VmallocUsed:       93244 kB
VmallocChunk:   251482716 kB


[2024-11-20 04:55:33]
MemTotal:        1858332 kB
MemFree:           48736 kB
Buffers:             432 kB
Cached:           198740 kB
SwapCached:        13320 kB
Active:           978884 kB
Inactive:         367940 kB
Active(anon):     935896 kB
Inactive(anon):   311568 kB
Active(file):      42988 kB
Inactive(file):    56372 kB
Unevictable:       99496 kB
Mlocked:           94212 kB
SwapTotal:        520908 kB
SwapFree:         348856 kB
Dirty:                 0 kB
Writeback:             0 kB
AnonPages:       1246900 kB
Mapped:           136076 kB
Shmem:               572 kB
Slab:              78280 kB
SReclaimable:      24776 kB
SUnreclaim:        53504 kB
KernelStack:       14800 kB
PageTables:        15484 kB
NFS_Unstable:          0 kB
Bounce:                0 kB
WritebackTmp:          0 kB
CommitLimit:     1450072 kB
Committed_AS:   20298864 kB
VmallocTotal:   251658176 kB
VmallocUsed:       93244 kB
VmallocChunk:   251482716 kB


[2024-11-20 04:55:36]
MemTotal:        1858332 kB
MemFree:           48292 kB
Buffers:             432 kB
Cached:           198740 kB
SwapCached:        13320 kB
Active:           979040 kB
Inactive:         367928 kB
Active(anon):     936052 kB
Inactive(anon):   311556 kB
Active(file):      42988 kB
Inactive(file):    56372 kB
Unevictable:       99496 kB
Mlocked:           94212 kB
SwapTotal:        520908 kB
SwapFree:         348892 kB
Dirty:                 0 kB
Writeback:             0 kB
AnonPages:       1247200 kB
Mapped:           135912 kB
Shmem:               572 kB
Slab:              78280 kB
SReclaimable:      24776 kB
SUnreclaim:        53504 kB
KernelStack:       14784 kB
PageTables:        15444 kB
NFS_Unstable:          0 kB
Bounce:                0 kB
WritebackTmp:          0 kB
CommitLimit:     1450072 kB
Committed_AS:   20298960 kB
VmallocTotal:   251658176 kB
VmallocUsed:       93244 kB
VmallocChunk:   251482716 kB


[2024-11-20 04:55:38]
MemTotal:        1858332 kB
MemFree:           47916 kB
Buffers:             440 kB
Cached:           198772 kB
SwapCached:        13320 kB
Active:           979544 kB
Inactive:         367928 kB
Active(anon):     936556 kB
Inactive(anon):   311556 kB
Active(file):      42988 kB
Inactive(file):    56372 kB
Unevictable:       99496 kB
Mlocked:           94212 kB
SwapTotal:        520908 kB
SwapFree:         348892 kB
Dirty:                 0 kB
Writeback:             0 kB
AnonPages:       1247536 kB
Mapped:           136064 kB
Shmem:               572 kB
Slab:              78280 kB
SReclaimable:      24776 kB
SUnreclaim:        53504 kB
KernelStack:       14768 kB
PageTables:        15464 kB
NFS_Unstable:          0 kB
Bounce:                0 kB
WritebackTmp:          0 kB
CommitLimit:     1450072 kB
Committed_AS:   20298868 kB
VmallocTotal:   251658176 kB
VmallocUsed:       93244 kB
VmallocChunk:   251482716 kB


[2024-11-20 04:55:41]
MemTotal:        1858332 kB
MemFree:           48032 kB
Buffers:             440 kB
Cached:           198772 kB
SwapCached:        13320 kB
Active:           979680 kB
Inactive:         367968 kB
Active(anon):     936692 kB
Inactive(anon):   311556 kB
Active(file):      42988 kB
Inactive(file):    56412 kB
Unevictable:       99496 kB
Mlocked:           94212 kB
SwapTotal:        520908 kB
SwapFree:         348892 kB
Dirty:                 0 kB
Writeback:             0 kB
AnonPages:       1247560 kB
Mapped:           135980 kB
Shmem:               572 kB
Slab:              78280 kB
SReclaimable:      24776 kB
SUnreclaim:        53504 kB
KernelStack:       14784 kB
PageTables:        15464 kB
NFS_Unstable:          0 kB
Bounce:                0 kB
WritebackTmp:          0 kB
CommitLimit:     1450072 kB
Committed_AS:   20298940 kB
VmallocTotal:   251658176 kB
VmallocUsed:       93244 kB
VmallocChunk:   251482716 kB


[2024-11-20 04:55:44]
MemTotal:        1858332 kB
MemFree:           47528 kB
Buffers:             440 kB
Cached:           198880 kB
SwapCached:        13320 kB
Active:           979644 kB
Inactive:         368076 kB
Active(anon):     936656 kB
Inactive(anon):   311556 kB
Active(file):      42988 kB
Inactive(file):    56520 kB
Unevictable:       99496 kB
Mlocked:           94212 kB
SwapTotal:        520908 kB
SwapFree:         348892 kB
Dirty:                 0 kB
Writeback:             0 kB
AnonPages:       1247484 kB
Mapped:           136068 kB
Shmem:               572 kB
Slab:              78280 kB
SReclaimable:      24776 kB
SUnreclaim:        53504 kB
KernelStack:       14768 kB
PageTables:        15464 kB
NFS_Unstable:          0 kB
Bounce:                0 kB
WritebackTmp:          0 kB
CommitLimit:     1450072 kB
Committed_AS:   20298732 kB
VmallocTotal:   251658176 kB
VmallocUsed:       93244 kB
VmallocChunk:   251482716 kB


[2024-11-20 04:55:46]
MemTotal:        1858332 kB
MemFree:           47248 kB
Buffers:             440 kB
Cached:           198880 kB
SwapCached:        13320 kB
Active:           979748 kB
Inactive:         368076 kB
Active(anon):     936760 kB
Inactive(anon):   311556 kB
Active(file):      42988 kB
Inactive(file):    56520 kB
Unevictable:       99496 kB
Mlocked:           94212 kB
SwapTotal:        520908 kB
SwapFree:         348892 kB
Dirty:                 0 kB
Writeback:             0 kB
AnonPages:       1247820 kB
Mapped:           136084 kB
Shmem:               572 kB
Slab:              78280 kB
SReclaimable:      24776 kB
SUnreclaim:        53504 kB
KernelStack:       14800 kB
PageTables:        15504 kB
NFS_Unstable:          0 kB
Bounce:                0 kB
WritebackTmp:          0 kB
CommitLimit:     1450072 kB
Committed_AS:   20298748 kB
VmallocTotal:   251658176 kB
VmallocUsed:       93244 kB
VmallocChunk:   251482716 kB


[2024-11-20 04:55:49]
MemTotal:        1858332 kB
MemFree:           46928 kB
Buffers:             440 kB
Cached:           198880 kB
SwapCached:        13320 kB
Active:           980072 kB
Inactive:         368076 kB
Active(anon):     937084 kB
Inactive(anon):   311556 kB
Active(file):      42988 kB
Inactive(file):    56520 kB
Unevictable:       99496 kB
Mlocked:           94212 kB
SwapTotal:        520908 kB
SwapFree:         348892 kB
Dirty:                 0 kB
Writeback:             0 kB
AnonPages:       1248104 kB
Mapped:           135884 kB
Shmem:               572 kB
Slab:              78280 kB
SReclaimable:      24776 kB
SUnreclaim:        53504 kB
KernelStack:       14768 kB
PageTables:        15464 kB
NFS_Unstable:          0 kB
Bounce:                0 kB
WritebackTmp:          0 kB
CommitLimit:     1450072 kB
Committed_AS:   20298864 kB
VmallocTotal:   251658176 kB
VmallocUsed:       93244 kB
VmallocChunk:   251482716 kB


[2024-11-20 04:55:51]
MemTotal:        1858332 kB
MemFree:           46876 kB
Buffers:             440 kB
Cached:           198880 kB
SwapCached:        13320 kB
Active:           980080 kB
Inactive:         368076 kB
Active(anon):     937092 kB
Inactive(anon):   311556 kB
Active(file):      42988 kB
Inactive(file):    56520 kB
Unevictable:       99496 kB
Mlocked:           94212 kB
SwapTotal:        520908 kB
SwapFree:         348892 kB
Dirty:                 0 kB
Writeback:             0 kB
AnonPages:       1248204 kB
Mapped:           136088 kB
Shmem:               572 kB
Slab:              78280 kB
SReclaimable:      24776 kB
SUnreclaim:        53504 kB
KernelStack:       14800 kB
PageTables:        15488 kB
NFS_Unstable:          0 kB
Bounce:                0 kB
WritebackTmp:          0 kB
CommitLimit:     1450072 kB
Committed_AS:   20298688 kB
VmallocTotal:   251658176 kB
VmallocUsed:       93244 kB
VmallocChunk:   251482716 kB


[2024-11-20 04:55:54]
MemTotal:        1858332 kB
MemFree:           46516 kB
Buffers:             440 kB
Cached:           198880 kB
SwapCached:        13320 kB
Active:           980604 kB
Inactive:         368080 kB
Active(anon):     937616 kB
Inactive(anon):   311560 kB
Active(file):      42988 kB
Inactive(file):    56520 kB
Unevictable:       99496 kB
Mlocked:           94212 kB
SwapTotal:        520908 kB
SwapFree:         348900 kB
Dirty:                 0 kB
Writeback:             0 kB
AnonPages:       1248452 kB
Mapped:           135884 kB
Shmem:               572 kB
Slab:              78280 kB
SReclaimable:      24776 kB
SUnreclaim:        53504 kB
KernelStack:       14768 kB
PageTables:        15464 kB
NFS_Unstable:          0 kB
Bounce:                0 kB
WritebackTmp:          0 kB
CommitLimit:     1450072 kB
Committed_AS:   20298780 kB
VmallocTotal:   251658176 kB
VmallocUsed:       93244 kB
VmallocChunk:   251482716 kB


[2024-11-20 04:55:56]
MemTotal:        1858332 kB
MemFree:           48512 kB
Buffers:             424 kB
Cached:           198224 kB
SwapCached:        13312 kB
Active:           980492 kB
Inactive:         368072 kB
Active(anon):     937504 kB
Inactive(anon):   312340 kB
Active(file):      42988 kB
Inactive(file):    55732 kB
Unevictable:       99496 kB
Mlocked:           94212 kB
SwapTotal:        520908 kB
SwapFree:         348928 kB
Dirty:                 0 kB
Writeback:             0 kB
AnonPages:       1249408 kB
Mapped:           136096 kB
Shmem:               572 kB
Slab:              78136 kB
SReclaimable:      24632 kB
SUnreclaim:        53504 kB
KernelStack:       14784 kB
PageTables:        15496 kB
NFS_Unstable:          0 kB
Bounce:                0 kB
WritebackTmp:          0 kB
CommitLimit:     1450072 kB
Committed_AS:   20298720 kB
VmallocTotal:   251658176 kB
VmallocUsed:       93244 kB
VmallocChunk:   251482716 kB


[2024-11-20 04:55:59]
MemTotal:        1858332 kB
MemFree:           48300 kB
Buffers:             424 kB
Cached:           198264 kB
SwapCached:        13312 kB
Active:           980836 kB
Inactive:         368272 kB
Active(anon):     937848 kB
Inactive(anon):   312384 kB
Active(file):      42988 kB
Inactive(file):    55888 kB
Unevictable:       99496 kB
Mlocked:           94212 kB
SwapTotal:        520908 kB
SwapFree:         348928 kB
Dirty:                 0 kB
Writeback:             0 kB
AnonPages:       1249640 kB
Mapped:           136208 kB
Shmem:               572 kB
Slab:              78136 kB
SReclaimable:      24632 kB
SUnreclaim:        53504 kB
KernelStack:       14800 kB
PageTables:        15492 kB
NFS_Unstable:          0 kB
Bounce:                0 kB
WritebackTmp:          0 kB
CommitLimit:     1450072 kB
Committed_AS:   20298728 kB
VmallocTotal:   251658176 kB
VmallocUsed:       93244 kB
VmallocChunk:   251482716 kB


[2024-11-20 04:56:01]
MemTotal:        1858332 kB
MemFree:           47472 kB
Buffers:             424 kB
Cached:           198264 kB
SwapCached:        13312 kB
Active:           981188 kB
Inactive:         368272 kB
Active(anon):     938200 kB
Inactive(anon):   312384 kB
Active(file):      42988 kB
Inactive(file):    55888 kB
Unevictable:       99496 kB
Mlocked:           94212 kB
SwapTotal:        520908 kB
SwapFree:         348928 kB
Dirty:                 0 kB
Writeback:             0 kB
AnonPages:       1249876 kB
Mapped:           136184 kB
Shmem:               572 kB
Slab:              78136 kB
SReclaimable:      24632 kB
SUnreclaim:        53504 kB
KernelStack:       14768 kB
PageTables:        15464 kB
NFS_Unstable:          0 kB
Bounce:                0 kB
WritebackTmp:          0 kB
CommitLimit:     1450072 kB
Committed_AS:   20298708 kB
VmallocTotal:   251658176 kB
VmallocUsed:       93244 kB
VmallocChunk:   251482716 kB


[2024-11-20 04:56:04]
MemTotal:        1858332 kB
MemFree:           47288 kB
Buffers:             424 kB
Cached:           198264 kB
SwapCached:        13312 kB
Active:           981416 kB
Inactive:         368272 kB
Active(anon):     938428 kB
Inactive(anon):   312384 kB
Active(file):      42988 kB
Inactive(file):    55888 kB
Unevictable:       99496 kB
Mlocked:           94212 kB
SwapTotal:        520908 kB
SwapFree:         348928 kB
Dirty:                 0 kB
Writeback:             0 kB
AnonPages:       1250140 kB
Mapped:           136184 kB
Shmem:               572 kB
Slab:              78136 kB
SReclaimable:      24632 kB
SUnreclaim:        53504 kB
KernelStack:       14768 kB
PageTables:        15464 kB
NFS_Unstable:          0 kB
Bounce:                0 kB
WritebackTmp:          0 kB
CommitLimit:     1450072 kB
Committed_AS:   20298908 kB
VmallocTotal:   251658176 kB
VmallocUsed:       93244 kB
VmallocChunk:   251482716 kB


[2024-11-20 04:56:07]
MemTotal:        1858332 kB
MemFree:           46496 kB
Buffers:             424 kB
Cached:           198264 kB
SwapCached:        13312 kB
Active:           981800 kB
Inactive:         368272 kB
Active(anon):     938812 kB
Inactive(anon):   312384 kB
Active(file):      42988 kB
Inactive(file):    55888 kB
Unevictable:       99496 kB
Mlocked:           94212 kB
SwapTotal:        520908 kB
SwapFree:         348928 kB
Dirty:                 0 kB
Writeback:             0 kB
AnonPages:       1250504 kB
Mapped:           136188 kB
Shmem:               572 kB
Slab:              78136 kB
SReclaimable:      24632 kB
SUnreclaim:        53504 kB
KernelStack:       14768 kB
PageTables:        15464 kB
NFS_Unstable:          0 kB
Bounce:                0 kB
WritebackTmp:          0 kB
CommitLimit:     1450072 kB
Committed_AS:   20298804 kB
VmallocTotal:   251658176 kB
VmallocUsed:       93244 kB
VmallocChunk:   251482716 kB


[2024-11-20 04:56:09]
MemTotal:        1858332 kB
MemFree:           39888 kB
Buffers:             424 kB
Cached:           198368 kB
SwapCached:        13312 kB
Active:           988712 kB
Inactive:         368364 kB
Active(anon):     945724 kB
Inactive(anon):   312372 kB
Active(file):      42988 kB
Inactive(file):    55992 kB
Unevictable:       99496 kB
Mlocked:           94212 kB
SwapTotal:        520908 kB
SwapFree:         348928 kB
Dirty:                 0 kB
Writeback:             0 kB
AnonPages:       1257740 kB
Mapped:           136240 kB
Shmem:               572 kB
Slab:              78136 kB
SReclaimable:      24632 kB
SUnreclaim:        53504 kB
KernelStack:       14800 kB
PageTables:        15496 kB
NFS_Unstable:          0 kB
Bounce:                0 kB
WritebackTmp:          0 kB
CommitLimit:     1450072 kB
Committed_AS:   20298736 kB
VmallocTotal:   251658176 kB
VmallocUsed:       93244 kB
VmallocChunk:   251482716 kB


[2024-11-20 04:56:12]
MemTotal:        1858332 kB
MemFree:           39804 kB
Buffers:             424 kB
Cached:           198368 kB
SwapCached:        13312 kB
Active:           988780 kB
Inactive:         368364 kB
Active(anon):     945792 kB
Inactive(anon):   312372 kB
Active(file):      42988 kB
Inactive(file):    55992 kB
Unevictable:       99496 kB
Mlocked:           94212 kB
SwapTotal:        520908 kB
SwapFree:         348928 kB
Dirty:                 0 kB
Writeback:             0 kB
AnonPages:       1257620 kB
Mapped:           136196 kB
Shmem:               572 kB
Slab:              78136 kB
SReclaimable:      24632 kB
SUnreclaim:        53504 kB
KernelStack:       14768 kB
PageTables:        15468 kB
NFS_Unstable:          0 kB
Bounce:                0 kB
WritebackTmp:          0 kB
CommitLimit:     1450072 kB
Committed_AS:   20298792 kB
VmallocTotal:   251658176 kB
VmallocUsed:       93244 kB
VmallocChunk:   251482716 kB


[2024-11-20 04:56:14]
MemTotal:        1858332 kB
MemFree:           42872 kB
Buffers:             392 kB
Cached:           196912 kB
SwapCached:        13312 kB
Active:           987400 kB
Inactive:         369052 kB
Active(anon):     944396 kB
Inactive(anon):   314564 kB
Active(file):      43004 kB
Inactive(file):    54488 kB
Unevictable:       99496 kB
Mlocked:           94212 kB
SwapTotal:        520908 kB
SwapFree:         348920 kB
Dirty:                 0 kB
Writeback:             0 kB
AnonPages:       1258076 kB
Mapped:           136228 kB
Shmem:               572 kB
Slab:              78136 kB
SReclaimable:      24632 kB
SUnreclaim:        53504 kB
KernelStack:       14800 kB
PageTables:        15496 kB
NFS_Unstable:          0 kB
Bounce:                0 kB
WritebackTmp:          0 kB
CommitLimit:     1450072 kB
Committed_AS:   20298752 kB
VmallocTotal:   251658176 kB
VmallocUsed:       93244 kB
VmallocChunk:   251482716 kB


[2024-11-20 04:56:17]
MemTotal:        1858332 kB
MemFree:           42708 kB
Buffers:             392 kB
Cached:           196908 kB
SwapCached:        13316 kB
Active:           988016 kB
Inactive:         369052 kB
Active(anon):     945012 kB
Inactive(anon):   314564 kB
Active(file):      43004 kB
Inactive(file):    54488 kB
Unevictable:       99496 kB
Mlocked:           94212 kB
SwapTotal:        520908 kB
SwapFree:         348924 kB
Dirty:                 0 kB
Writeback:             0 kB
AnonPages:       1259052 kB
Mapped:           136024 kB
Shmem:               572 kB
Slab:              78136 kB
SReclaimable:      24632 kB
SUnreclaim:        53504 kB
KernelStack:       14768 kB
PageTables:        15468 kB
NFS_Unstable:          0 kB
Bounce:                0 kB
WritebackTmp:          0 kB
CommitLimit:     1450072 kB
Committed_AS:   20298848 kB
VmallocTotal:   251658176 kB
VmallocUsed:       93244 kB
VmallocChunk:   251482716 kB


[2024-11-20 04:56:20]
MemTotal:        1858332 kB
MemFree:           39592 kB
Buffers:             392 kB
Cached:           199508 kB
SwapCached:        13316 kB
Active:           988868 kB
Inactive:         372116 kB
Active(anon):     945864 kB
Inactive(anon):   315120 kB
Active(file):      43004 kB
Inactive(file):    56996 kB
Unevictable:       99496 kB
Mlocked:           94212 kB
SwapTotal:        520908 kB
SwapFree:         348932 kB
Dirty:                 0 kB
Writeback:             0 kB
AnonPages:       1260596 kB
Mapped:           136272 kB
Shmem:               572 kB
Slab:              78136 kB
SReclaimable:      24632 kB
SUnreclaim:        53504 kB
KernelStack:       14784 kB
PageTables:        15504 kB
NFS_Unstable:          0 kB
Bounce:                0 kB
WritebackTmp:          0 kB
CommitLimit:     1450072 kB
Committed_AS:   20298740 kB
VmallocTotal:   251658176 kB
VmallocUsed:       93244 kB
VmallocChunk:   251482716 kB


[2024-11-20 04:56:22]
MemTotal:        1858332 kB
MemFree:           46996 kB
Buffers:             392 kB
Cached:           199508 kB
SwapCached:        13316 kB
Active:           981916 kB
Inactive:         372200 kB
Active(anon):     938912 kB
Inactive(anon):   315116 kB
Active(file):      43004 kB
Inactive(file):    57084 kB
Unevictable:       99496 kB
Mlocked:           94212 kB
SwapTotal:        520908 kB
SwapFree:         348932 kB
Dirty:                 0 kB
Writeback:             0 kB
AnonPages:       1253332 kB
Mapped:           136216 kB
Shmem:               572 kB
Slab:              78136 kB
SReclaimable:      24632 kB
SUnreclaim:        53504 kB
KernelStack:       14800 kB
PageTables:        15500 kB
NFS_Unstable:          0 kB
Bounce:                0 kB
WritebackTmp:          0 kB
CommitLimit:     1450072 kB
Committed_AS:   20298780 kB
VmallocTotal:   251658176 kB
VmallocUsed:       93244 kB
VmallocChunk:   251482716 kB


[2024-11-20 04:56:24]
MemTotal:        1858332 kB
MemFree:           43952 kB
Buffers:             392 kB
Cached:           201868 kB
SwapCached:        13428 kB
Active:           982172 kB
Inactive:         374816 kB
Active(anon):     939168 kB
Inactive(anon):   315372 kB
Active(file):      43004 kB
Inactive(file):    59444 kB
Unevictable:       99496 kB
Mlocked:           94212 kB
SwapTotal:        520908 kB
SwapFree:         349140 kB
Dirty:                 0 kB
Writeback:             0 kB
AnonPages:       1253732 kB
Mapped:           136416 kB
Shmem:               572 kB
Slab:              78200 kB
SReclaimable:      24632 kB
SUnreclaim:        53568 kB
KernelStack:       14768 kB
PageTables:        15468 kB
NFS_Unstable:          0 kB
Bounce:                0 kB
WritebackTmp:          0 kB
CommitLimit:     1450072 kB
Committed_AS:   20298844 kB
VmallocTotal:   251658176 kB
VmallocUsed:       93244 kB
VmallocChunk:   251482716 kB


[2024-11-20 04:56:27]
MemTotal:        1858332 kB
MemFree:           43676 kB
Buffers:             392 kB
Cached:           201868 kB
SwapCached:        13428 kB
Active:           982648 kB
Inactive:         374816 kB
Active(anon):     939644 kB
Inactive(anon):   315372 kB
Active(file):      43004 kB
Inactive(file):    59444 kB
Unevictable:       99496 kB
Mlocked:           94212 kB
SwapTotal:        520908 kB
SwapFree:         349140 kB
Dirty:                 0 kB
Writeback:             0 kB
AnonPages:       1254368 kB
Mapped:           136440 kB
Shmem:               572 kB
Slab:              78200 kB
SReclaimable:      24632 kB
SUnreclaim:        53568 kB
KernelStack:       14800 kB
PageTables:        15496 kB
NFS_Unstable:          0 kB
Bounce:                0 kB
WritebackTmp:          0 kB
CommitLimit:     1450072 kB
Committed_AS:   20298796 kB
VmallocTotal:   251658176 kB
VmallocUsed:       93244 kB
VmallocChunk:   251482716 kB


[2024-11-20 04:56:30]
MemTotal:        1858332 kB
MemFree:           43456 kB
Buffers:             392 kB
Cached:           201868 kB
SwapCached:        13428 kB
Active:           982428 kB
Inactive:         374816 kB
Active(anon):     939424 kB
Inactive(anon):   315372 kB
Active(file):      43004 kB
Inactive(file):    59444 kB
Unevictable:       99496 kB
Mlocked:           94212 kB
SwapTotal:        520908 kB
SwapFree:         349140 kB
Dirty:                 0 kB
Writeback:             0 kB
AnonPages:       1254392 kB
Mapped:           136416 kB
Shmem:               572 kB
Slab:              78200 kB
SReclaimable:      24632 kB
SUnreclaim:        53568 kB
KernelStack:       14768 kB
PageTables:        15468 kB
NFS_Unstable:          0 kB
Bounce:                0 kB
WritebackTmp:          0 kB
CommitLimit:     1450072 kB
Committed_AS:   20298812 kB
VmallocTotal:   251658176 kB
VmallocUsed:       93244 kB
VmallocChunk:   251482716 kB


[2024-11-20 04:56:32]
MemTotal:        1858332 kB
MemFree:           43116 kB
Buffers:             392 kB
Cached:           201868 kB
SwapCached:        13428 kB
Active:           982712 kB
Inactive:         374816 kB
Active(anon):     939708 kB
Inactive(anon):   315372 kB
Active(file):      43004 kB
Inactive(file):    59444 kB
Unevictable:       99496 kB
Mlocked:           94212 kB
SwapTotal:        520908 kB
SwapFree:         349140 kB
Dirty:                 0 kB
Writeback:             0 kB
AnonPages:       1254548 kB
Mapped:           136360 kB
Shmem:               572 kB
Slab:              78200 kB
SReclaimable:      24632 kB
SUnreclaim:        53568 kB
KernelStack:       14800 kB
PageTables:        15496 kB
NFS_Unstable:          0 kB
Bounce:                0 kB
WritebackTmp:          0 kB
CommitLimit:     1450072 kB
Committed_AS:   20298856 kB
VmallocTotal:   251658176 kB
VmallocUsed:       93244 kB
VmallocChunk:   251482716 kB


[2024-11-20 04:56:35]
MemTotal:        1858332 kB
MemFree:           42896 kB
Buffers:             392 kB
Cached:           201868 kB
SwapCached:        13428 kB
Active:           983180 kB
Inactive:         374816 kB
Active(anon):     940176 kB
Inactive(anon):   315372 kB
Active(file):      43004 kB
Inactive(file):    59444 kB
Unevictable:       99496 kB
Mlocked:           94212 kB
SwapTotal:        520908 kB
SwapFree:         349140 kB
Dirty:                 0 kB
Writeback:             0 kB
AnonPages:       1255064 kB
Mapped:           136416 kB
Shmem:               572 kB
Slab:              78200 kB
SReclaimable:      24632 kB
SUnreclaim:        53568 kB
KernelStack:       14768 kB
PageTables:        15468 kB
NFS_Unstable:          0 kB
Bounce:                0 kB
WritebackTmp:          0 kB
CommitLimit:     1450072 kB
Committed_AS:   20298712 kB
VmallocTotal:   251658176 kB
VmallocUsed:       93244 kB
VmallocChunk:   251482716 kB


[2024-11-20 04:56:37]
MemTotal:        1858332 kB
MemFree:           42788 kB
Buffers:             392 kB
Cached:           201868 kB
SwapCached:        13428 kB
Active:           983196 kB
Inactive:         374816 kB
Active(anon):     940192 kB
Inactive(anon):   315372 kB
Active(file):      43004 kB
Inactive(file):    59444 kB
Unevictable:       99496 kB
Mlocked:           94212 kB
SwapTotal:        520908 kB
SwapFree:         349140 kB
Dirty:                 0 kB
Writeback:             0 kB
AnonPages:       1254752 kB
Mapped:           136328 kB
Shmem:               572 kB
Slab:              78200 kB
SReclaimable:      24632 kB
SUnreclaim:        53568 kB
KernelStack:       14800 kB
PageTables:        15488 kB
NFS_Unstable:          0 kB
Bounce:                0 kB
WritebackTmp:          0 kB
CommitLimit:     1450072 kB
Committed_AS:   20298956 kB
VmallocTotal:   251658176 kB
VmallocUsed:       93244 kB
VmallocChunk:   251482716 kB


[2024-11-20 04:56:40]
MemTotal:        1858332 kB
MemFree:           42504 kB
Buffers:             392 kB
Cached:           201868 kB
SwapCached:        13428 kB
Active:           983936 kB
Inactive:         374808 kB
Active(anon):     940924 kB
Inactive(anon):   315372 kB
Active(file):      43012 kB
Inactive(file):    59436 kB
Unevictable:       99496 kB
Mlocked:           94212 kB
SwapTotal:        520908 kB
SwapFree:         349140 kB
Dirty:                 0 kB
Writeback:             0 kB
AnonPages:       1255376 kB
Mapped:           136420 kB
Shmem:               572 kB
Slab:              78200 kB
SReclaimable:      24632 kB
SUnreclaim:        53568 kB
KernelStack:       14768 kB
PageTables:        15468 kB
NFS_Unstable:          0 kB
Bounce:                0 kB
WritebackTmp:          0 kB
CommitLimit:     1450072 kB
Committed_AS:   20298960 kB
VmallocTotal:   251658176 kB
VmallocUsed:       93244 kB
VmallocChunk:   251482716 kB


[2024-11-20 04:56:42]
MemTotal:        1858332 kB
MemFree:           42176 kB
Buffers:             392 kB
Cached:           201868 kB
SwapCached:        13428 kB
Active:           983744 kB
Inactive:         374808 kB
Active(anon):     940732 kB
Inactive(anon):   315372 kB
Active(file):      43012 kB
Inactive(file):    59436 kB
Unevictable:       99496 kB
Mlocked:           94212 kB
SwapTotal:        520908 kB
SwapFree:         349140 kB
Dirty:                 0 kB
Writeback:             0 kB
AnonPages:       1255628 kB
Mapped:           136256 kB
Shmem:               572 kB
Slab:              78200 kB
SReclaimable:      24632 kB
SUnreclaim:        53568 kB
KernelStack:       14800 kB
PageTables:        15500 kB
NFS_Unstable:          0 kB
Bounce:                0 kB
WritebackTmp:          0 kB
CommitLimit:     1450072 kB
Committed_AS:   20298764 kB
VmallocTotal:   251658176 kB
VmallocUsed:       93244 kB
VmallocChunk:   251482716 kB


[2024-11-20 04:56:45]
MemTotal:        1858332 kB
MemFree:           41756 kB
Buffers:             392 kB
Cached:           201868 kB
SwapCached:        13428 kB
Active:           984140 kB
Inactive:         374808 kB
Active(anon):     941128 kB
Inactive(anon):   315372 kB
Active(file):      43012 kB
Inactive(file):    59436 kB
Unevictable:       99496 kB
Mlocked:           94212 kB
SwapTotal:        520908 kB
SwapFree:         349140 kB
Dirty:                 0 kB
Writeback:             0 kB
AnonPages:       1255804 kB
Mapped:           136420 kB
Shmem:               572 kB
Slab:              78200 kB
SReclaimable:      24632 kB
SUnreclaim:        53568 kB
KernelStack:       14768 kB
PageTables:        15468 kB
NFS_Unstable:          0 kB
Bounce:                0 kB
WritebackTmp:          0 kB
CommitLimit:     1450072 kB
Committed_AS:   20298868 kB
VmallocTotal:   251658176 kB
VmallocUsed:       93244 kB
VmallocChunk:   251482716 kB


[2024-11-20 04:56:47]
MemTotal:        1858332 kB
MemFree:           41516 kB
Buffers:             392 kB
Cached:           201868 kB
SwapCached:        13432 kB
Active:           984544 kB
Inactive:         374812 kB
Active(anon):     941532 kB
Inactive(anon):   315376 kB
Active(file):      43012 kB
Inactive(file):    59436 kB
Unevictable:       99496 kB
Mlocked:           94212 kB
SwapTotal:        520908 kB
SwapFree:         349168 kB
Dirty:                 0 kB
Writeback:             0 kB
AnonPages:       1256216 kB
Mapped:           136420 kB
Shmem:               572 kB
Slab:              78200 kB
SReclaimable:      24632 kB
SUnreclaim:        53568 kB
KernelStack:       14768 kB
PageTables:        15468 kB
NFS_Unstable:          0 kB
Bounce:                0 kB
WritebackTmp:          0 kB
CommitLimit:     1450072 kB
Committed_AS:   20298848 kB
VmallocTotal:   251658176 kB
VmallocUsed:       93244 kB
VmallocChunk:   251482716 kB


[2024-11-20 04:56:50]
MemTotal:        1858332 kB
MemFree:           41328 kB
Buffers:             392 kB
Cached:           204724 kB
SwapCached:        13444 kB
Active:           985352 kB
Inactive:         376832 kB
Active(anon):     942264 kB
Inactive(anon):   314800 kB
Active(file):      43088 kB
Inactive(file):    62032 kB
Unevictable:       99496 kB
Mlocked:           94212 kB
SwapTotal:        520908 kB
SwapFree:         349208 kB
Dirty:                 0 kB
Writeback:             0 kB
AnonPages:       1256500 kB
Mapped:           136932 kB
Shmem:               572 kB
Slab:              78208 kB
SReclaimable:      24632 kB
SUnreclaim:        53576 kB
KernelStack:       14832 kB
PageTables:        15484 kB
NFS_Unstable:          0 kB
Bounce:                0 kB
WritebackTmp:          0 kB
CommitLimit:     1450072 kB
Committed_AS:   20298692 kB
VmallocTotal:   251658176 kB
VmallocUsed:       93244 kB
VmallocChunk:   251482716 kB


[2024-11-20 04:56:53]
MemTotal:        1858332 kB
MemFree:           41280 kB
Buffers:             392 kB
Cached:           204648 kB
SwapCached:        13444 kB
Active:           985580 kB
Inactive:         376920 kB
Active(anon):     942492 kB
Inactive(anon):   314780 kB
Active(file):      43088 kB
Inactive(file):    62140 kB
Unevictable:       99496 kB
Mlocked:           94212 kB
SwapTotal:        520908 kB
SwapFree:         349208 kB
Dirty:                 0 kB
Writeback:             0 kB
AnonPages:       1256872 kB
Mapped:           136924 kB
Shmem:               572 kB
Slab:              78216 kB
SReclaimable:      24632 kB
SUnreclaim:        53584 kB
KernelStack:       14768 kB
PageTables:        15468 kB
NFS_Unstable:          0 kB
Bounce:                0 kB
WritebackTmp:          0 kB
CommitLimit:     1450072 kB
Committed_AS:   20298772 kB
VmallocTotal:   251658176 kB
VmallocUsed:       93244 kB
VmallocChunk:   251482716 kB


[2024-11-20 04:56:55]
MemTotal:        1858332 kB
MemFree:           41108 kB
Buffers:             392 kB
Cached:           204648 kB
SwapCached:        13444 kB
Active:           985812 kB
Inactive:         376920 kB
Active(anon):     942724 kB
Inactive(anon):   314780 kB
Active(file):      43088 kB
Inactive(file):    62140 kB
Unevictable:       99496 kB
Mlocked:           94212 kB
SwapTotal:        520908 kB
SwapFree:         349216 kB
Dirty:                 0 kB
Writeback:             0 kB
AnonPages:       1256856 kB
Mapped:           136944 kB
Shmem:               572 kB
Slab:              78216 kB
SReclaimable:      24632 kB
SUnreclaim:        53584 kB
KernelStack:       14800 kB
PageTables:        15504 kB
NFS_Unstable:          0 kB
Bounce:                0 kB
WritebackTmp:          0 kB
CommitLimit:     1450072 kB
Committed_AS:   20298832 kB
VmallocTotal:   251658176 kB
VmallocUsed:       93244 kB
VmallocChunk:   251482716 kB


[2024-11-20 04:56:58]
MemTotal:        1858332 kB
MemFree:           40864 kB
Buffers:             392 kB
Cached:           204648 kB
SwapCached:        13444 kB
Active:           985972 kB
Inactive:         376912 kB
Active(anon):     942884 kB
Inactive(anon):   314772 kB
Active(file):      43088 kB
Inactive(file):    62140 kB
Unevictable:       99496 kB
Mlocked:           94212 kB
SwapTotal:        520908 kB
SwapFree:         349364 kB
Dirty:                 0 kB
Writeback:             0 kB
AnonPages:       1257084 kB
Mapped:           136924 kB
Shmem:               572 kB
Slab:              78216 kB
SReclaimable:      24632 kB
SUnreclaim:        53584 kB
KernelStack:       14768 kB
PageTables:        15468 kB
NFS_Unstable:          0 kB
Bounce:                0 kB
WritebackTmp:          0 kB
CommitLimit:     1450072 kB
Committed_AS:   20298876 kB
VmallocTotal:   251658176 kB
VmallocUsed:       93244 kB
VmallocChunk:   251482716 kB


[2024-11-20 04:57:00]
MemTotal:        1858332 kB
MemFree:           40204 kB
Buffers:             392 kB
Cached:           204704 kB
SwapCached:        13444 kB
Active:           986492 kB
Inactive:         376996 kB
Active(anon):     943404 kB
Inactive(anon):   314800 kB
Active(file):      43088 kB
Inactive(file):    62196 kB
Unevictable:       99496 kB
Mlocked:           94212 kB
SwapTotal:        520908 kB
SwapFree:         349368 kB
Dirty:                 0 kB
Writeback:             0 kB
AnonPages:       1257640 kB
Mapped:           136796 kB
Shmem:               572 kB
Slab:              78216 kB
SReclaimable:      24632 kB
SUnreclaim:        53584 kB
KernelStack:       14800 kB
PageTables:        15496 kB
NFS_Unstable:          0 kB
Bounce:                0 kB
WritebackTmp:          0 kB
CommitLimit:     1450072 kB
Committed_AS:   20298872 kB
VmallocTotal:   251658176 kB
VmallocUsed:       93244 kB
VmallocChunk:   251482716 kB


[2024-11-20 04:57:03]
MemTotal:        1858332 kB
MemFree:           40048 kB
Buffers:             392 kB
Cached:           204704 kB
SwapCached:        13444 kB
Active:           986408 kB
Inactive:         376996 kB
Active(anon):     943320 kB
Inactive(anon):   314800 kB
Active(file):      43088 kB
Inactive(file):    62196 kB
Unevictable:       99496 kB
Mlocked:           94212 kB
SwapTotal:        520908 kB
SwapFree:         349368 kB
Dirty:                 0 kB
Writeback:             0 kB
AnonPages:       1257420 kB
Mapped:           137112 kB
Shmem:               572 kB
Slab:              78216 kB
SReclaimable:      24632 kB
SUnreclaim:        53584 kB
KernelStack:       14768 kB
PageTables:        15468 kB
NFS_Unstable:          0 kB
Bounce:                0 kB
WritebackTmp:          0 kB
CommitLimit:     1450072 kB
Committed_AS:   20298764 kB
VmallocTotal:   251658176 kB
VmallocUsed:       93244 kB
VmallocChunk:   251482716 kB


[2024-11-20 04:57:05]
MemTotal:        1858332 kB
MemFree:           39668 kB
Buffers:             392 kB
Cached:           204704 kB
SwapCached:        13444 kB
Active:           986744 kB
Inactive:         376996 kB
Active(anon):     943656 kB
Inactive(anon):   314800 kB
Active(file):      43088 kB
Inactive(file):    62196 kB
Unevictable:       99496 kB
Mlocked:           94212 kB
SwapTotal:        520908 kB
SwapFree:         349368 kB
Dirty:                 0 kB
Writeback:             0 kB
AnonPages:       1257852 kB
Mapped:           136980 kB
Shmem:               572 kB
Slab:              78216 kB
SReclaimable:      24632 kB
SUnreclaim:        53584 kB
KernelStack:       14784 kB
PageTables:        15492 kB
NFS_Unstable:          0 kB
Bounce:                0 kB
WritebackTmp:          0 kB
CommitLimit:     1450072 kB
Committed_AS:   20298828 kB
VmallocTotal:   251658176 kB
VmallocUsed:       93244 kB
VmallocChunk:   251482716 kB


[2024-11-20 04:57:08]
MemTotal:        1858332 kB
MemFree:           39932 kB
Buffers:             392 kB
Cached:           204704 kB
SwapCached:        13444 kB
Active:           986504 kB
Inactive:         377004 kB
Active(anon):     943416 kB
Inactive(anon):   314808 kB
Active(file):      43088 kB
Inactive(file):    62196 kB
Unevictable:       99496 kB
Mlocked:           94212 kB
SwapTotal:        520908 kB
SwapFree:         349376 kB
Dirty:                 0 kB
Writeback:             0 kB
AnonPages:       1257908 kB
Mapped:           136744 kB
Shmem:               572 kB
Slab:              78216 kB
SReclaimable:      24632 kB
SUnreclaim:        53584 kB
KernelStack:       14752 kB
PageTables:        15468 kB
NFS_Unstable:          0 kB
Bounce:                0 kB
WritebackTmp:          0 kB
CommitLimit:     1450072 kB
Committed_AS:   20298956 kB
VmallocTotal:   251658176 kB
VmallocUsed:       93244 kB
VmallocChunk:   251482716 kB


[2024-11-20 04:57:10]
MemTotal:        1858332 kB
MemFree:           39748 kB
Buffers:             392 kB
Cached:           204704 kB
SwapCached:        13444 kB
Active:           987192 kB
Inactive:         377004 kB
Active(anon):     944104 kB
Inactive(anon):   314808 kB
Active(file):      43088 kB
Inactive(file):    62196 kB
Unevictable:       99496 kB
Mlocked:           94212 kB
SwapTotal:        520908 kB
SwapFree:         349544 kB
Dirty:                 0 kB
Writeback:             0 kB
AnonPages:       1258168 kB
Mapped:           136956 kB
Shmem:               572 kB
Slab:              78216 kB
SReclaimable:      24632 kB
SUnreclaim:        53584 kB
KernelStack:       14800 kB
PageTables:        15488 kB
NFS_Unstable:          0 kB
Bounce:                0 kB
WritebackTmp:          0 kB
CommitLimit:     1450072 kB
Committed_AS:   20298884 kB
VmallocTotal:   251658176 kB
VmallocUsed:       93244 kB
VmallocChunk:   251482716 kB


[2024-11-20 04:57:13]
MemTotal:        1858332 kB
MemFree:           39368 kB
Buffers:             392 kB
Cached:           204704 kB
SwapCached:        13444 kB
Active:           987260 kB
Inactive:         377004 kB
Active(anon):     944172 kB
Inactive(anon):   314808 kB
Active(file):      43088 kB
Inactive(file):    62196 kB
Unevictable:       99496 kB
Mlocked:           94212 kB
SwapTotal:        520908 kB
SwapFree:         349544 kB
Dirty:                 0 kB
Writeback:             0 kB
AnonPages:       1258452 kB
Mapped:           136928 kB
Shmem:               572 kB
Slab:              78216 kB
SReclaimable:      24632 kB
SUnreclaim:        53584 kB
KernelStack:       14768 kB
PageTables:        15468 kB
NFS_Unstable:          0 kB
Bounce:                0 kB
WritebackTmp:          0 kB
CommitLimit:     1450072 kB
Committed_AS:   20298820 kB
VmallocTotal:   251658176 kB
VmallocUsed:       93244 kB
VmallocChunk:   251482716 kB


[2024-11-20 04:57:15]
MemTotal:        1858332 kB
MemFree:           40684 kB
Buffers:             384 kB
Cached:           202712 kB
SwapCached:        13444 kB
Active:           989100 kB
Inactive:         375260 kB
Active(anon):     945992 kB
Inactive(anon):   315168 kB
Active(file):      43108 kB
Inactive(file):    60092 kB
Unevictable:       99496 kB
Mlocked:           94212 kB
SwapTotal:        520908 kB
SwapFree:         349548 kB
Dirty:                 0 kB
Writeback:             0 kB
AnonPages:       1260472 kB
Mapped:           137116 kB
Shmem:               572 kB
Slab:              78216 kB
SReclaimable:      24632 kB
SUnreclaim:        53584 kB
KernelStack:       14768 kB
PageTables:        15472 kB
NFS_Unstable:          0 kB
Bounce:                0 kB
WritebackTmp:          0 kB
CommitLimit:     1450072 kB
Committed_AS:   20300232 kB
VmallocTotal:   251658176 kB
VmallocUsed:       93244 kB
VmallocChunk:   251482716 kB


[2024-11-20 04:57:18]
MemTotal:        1858332 kB
MemFree:           40716 kB
Buffers:             384 kB
Cached:           202712 kB
SwapCached:        13444 kB
Active:           989184 kB
Inactive:         375276 kB
Active(anon):     946076 kB
